# cmd: /usr/bin/time -o /tmp/mcfcg_mem_z0bqxfg1.txt -f %M build/mcfcg_cli data/intermodal/BUS-18424-0.txt.gz --solver copt --copt-gpu-mode 0 --formulation path --max-iters 10000 --strategy pricer-heavy --time-limit 7200.0
# outcome: ok
# returncode: 0
# peak_rss_kb: 902264
# peak_rss_source: measured
# === STDERR (CG iteration log + preamble) ===
Instance: 151455 vertices, 1338522 arcs, 18388 commodities, 18388 sources
Solver: copt (gpu-mode 0), formulation: path
Pricing threads: 32 (auto)
Slack mode: CommodityRows (struct=18388, capped_arcs=1151624)
[lp-config] backend=copt version=8.0.1 method=barrier exec=CPU presolve=off crossover=off tol=0.0001 threads=auto(32)
   It           UB           LB       LP_obj   #col   #row  #slk   +col   -col   +cut   -cut    t_LP    t_PR    t_SP   t_Tot     t_acc
    1          inf         -inf   4.7151e+05  36776  18454  1078      0      0     66      0   0.057   0.000   0.091   0.149     0.149
    2          inf         -inf   4.7582e+05  37652  18454  1435    876      0      0      0   0.020   0.146   0.089   0.256     0.405
    3          inf         -inf   4.8678e+05  37652  18496   136      0      0     42      0   0.024   0.000   0.089   0.114     0.519
    4          inf         -inf   4.8820e+05  37652  18498   237      0      0      2      0   0.032   0.000   0.089   0.121     0.640
    5          inf         -inf   4.8824e+05  37736  18498   240     84      0      0      0   0.031   0.042   0.088   0.162     0.801
    6          inf         -inf   5.0368e+05  37736  18505   224      0      0      7      0   0.031   0.000   0.091   0.123     0.925
    7          inf         -inf   5.0369e+05  37840  18482   226    104      0      0     23   0.031   0.046   0.087   0.164     1.089
    8          inf         -inf   5.3728e+05  37840  18483   179      0      0      1      0   0.028   0.000   0.089   0.117     1.206
    9          inf         -inf   5.3728e+05  37872  18453   181     32      0      0     30   0.028   0.043   0.088   0.160     1.366
   10          inf         -inf   5.6714e+05  37872  18456   196      0      0      3      0   0.027   0.000   0.088   0.116     1.482
   11          inf         -inf   5.6714e+05  37901  18454   197     29      0      0      2   0.026   0.038   0.088   0.153     1.634
   12          inf         -inf   6.8040e+05  37901  18457   176      0      0      3      0   0.028   0.000   0.088   0.117     1.752
   13          inf         -inf   6.8040e+05  37933  18449   176     32      0      0      8   0.029   0.039   0.087   0.156     1.908
   14          inf         -inf   9.2552e+05  37933  18450   161      0      0      1      0   0.027   0.000   0.088   0.116     2.023
   15          inf         -inf   9.2552e+05  37934  18449   161      1      0      0      1   0.027   0.050   0.087   0.165     2.189
   16          inf         -inf   1.1033e+06  37934  18451   187      0      0      2      0   0.027   0.000   0.087   0.115     2.303
   17          inf         -inf   1.1033e+06  38020  18447   187     86      0      0      4   0.027   0.055   0.087   0.170     2.474
   18          inf         -inf   1.4818e+06  38020  18448   151      0      0      1      0   0.028   0.000   0.089   0.118     2.592
   19          inf  -5.4575e+06   1.4818e+06  39009  18445   151    989      0      0      3   0.027   0.754   0.088   0.871     3.463
   20          inf  -5.4575e+06   4.8490e+05  39009  18485     0      0      0     40      0   0.029   0.000   0.088   0.118     3.581
   21          inf  -5.4575e+06   4.8519e+05  39009  18491    11      0      0      6      0   0.044   0.000   0.088   0.132     3.713
   22          inf  -5.4575e+06   4.8522e+05  39009  18495    11      0      0      4      0   0.044   0.000   0.088   0.133     3.846
   23          inf  -5.4575e+06   4.8522e+05  39012  18494    14      3      0      0      1   0.044   0.041   0.088   0.174     4.020
   24          inf  -5.4575e+06   4.8529e+05  39012  18495     2      0      0      1      0   0.042   0.000   0.089   0.131     4.151
   25          inf  -5.4575e+06   4.8529e+05  39015  18484     2      3      0      0     11   0.042   0.038   0.088   0.168     4.320
   26          inf  -5.4575e+06   4.8529e+05  39015  18488     0      0      0      4      0   0.040   0.000   0.088   0.128     4.448
   27   4.8529e+05  -5.4575e+06   4.8529e+05  39016  18449     0      1      0      0     39   0.040   0.043   0.088   0.171     4.619
   28   4.8529e+05  -5.4575e+06   4.8529e+05  39016  18455     0      0      0      6      0   0.033   0.000   0.088   0.122     4.741
   29   4.8529e+05  -5.4575e+06   4.8529e+05  39025  18448     0      9      0      0      7   0.034   0.045   0.088   0.168     4.909
   30   4.8529e+05  -5.4575e+06   4.8527e+05  39025  18450     1      0      0      2      0   0.035   0.000   0.088   0.124     5.033
   31   4.8529e+05   4.8346e+05   4.8527e+05  39482  18449     1    457      0      0      1   0.035   0.765   0.089   0.891     5.923
   32   4.8529e+05   4.8346e+05   4.8503e+05  39482  18469     0      0      0     20      0   0.034   0.000   0.088   0.123     6.046
   33   4.8529e+05   4.8346e+05   4.8505e+05  39482  18470     0      0      0      1      0   0.036   0.000   0.089   0.126     6.172
   34   4.8505e+05   4.8346e+05   4.8505e+05  39484  18464     0      2      0      0      6   0.036   0.045   0.088   0.169     6.341
   35   4.8505e+05   4.8346e+05   4.8505e+05  39484  18466     0      0      0      2      0   0.035   0.000   0.087   0.123     6.464
   36   4.8505e+05   4.8346e+05   4.8505e+05  39485  18465     0      1      0      0      1   0.036   0.043   0.088   0.168     6.632
   37   4.8505e+05   4.8489e+05   4.8505e+05  39615  18458     0    130      0      0      7   0.036   0.715   0.087   0.839     7.471
   38   4.8505e+05   4.8489e+05   4.8503e+05  39615  18461     0      0      0      3      0   0.039   0.000   0.090   0.130     7.602
   39   4.8505e+05   4.8489e+05   4.8503e+05  39615  18462     0      0      0      1      0   0.037   0.000   0.088   0.125     7.727
   40   4.8503e+05   4.8499e+05   4.8503e+05  39615  18462     0    *21      0      0      0   0.037   0.752   0.087   0.876     8.603
CG optimal after 40 iterations. UB=485027.500005 LB=484987.118280 gap=4.038e+01 tol=4.850e+01  t_LP=1.341  t_PR=4.439  t_SP=3.526  t_Tot=9.343
[bounded-pricing] enabled=0 fired=0 priced=94191 rate=0.0%

# === STDOUT (result CSV) ===
Setting parameter 'LpMethod' to 2
Setting parameter 'GPUMode' to 0
Setting parameter 'Presolve' to 0
Setting parameter 'Crossover' to 0
instance,formulation,iterations,columns,objective,lower_bound,optimal,time,time_lp,time_pricing,time_separation
data/intermodal/BUS-18424-0.txt.gz,path,40,21227,485027.500005,484987.118280,1,9.683,1.341,4.439,3.526
