# cmd: /usr/bin/time -o /tmp/mcfcg_mem_e1ddky5s.txt -f %M build/mcfcg_cli data/intermodal/SBT-6255-0.txt.gz --solver copt --copt-gpu-mode 0 --formulation path --max-iters 10000 --strategy pricer-heavy --time-limit 7200.0
# outcome: ok
# returncode: 0
# peak_rss_kb: 671236
# peak_rss_source: measured
# === STDERR (CG iteration log + preamble) ===
Instance: 163487 vertices, 809375 arcs, 6251 commodities, 6251 sources
Solver: copt (gpu-mode 0), formulation: path
Pricing threads: 32 (auto)
Slack mode: CommodityRows (struct=6251, capped_arcs=562355)
[lp-config] backend=copt version=8.0.1 method=barrier exec=CPU presolve=off crossover=off tol=0.0001 threads=auto(32)
   It           UB           LB       LP_obj   #col   #row  #slk   +col   -col   +cut   -cut    t_LP    t_PR    t_SP   t_Tot     t_acc
    1          inf         -inf   1.5957e+05  12502   6351   120      0      0    100      0   0.022   0.000   0.057   0.079     0.079
    2          inf         -inf   1.6193e+05  12845   6351   241    343      0      0      0   0.009   0.055   0.056   0.121     0.200
    3          inf         -inf   1.6084e+05  12845   6369     7      0      0     18      0   0.010   0.000   0.055   0.065     0.265
    4          inf         -inf   1.6089e+05  12845   6370    14      0      0      1      0   0.009   0.000   0.056   0.065     0.331
    5          inf         -inf   1.6089e+05  12852   6370    14      7      0      0      0   0.009   0.025   0.056   0.091     0.422
    6          inf   1.5447e+05   1.6290e+05  13009   6370    13    157      0      0      0   0.010   0.384   0.056   0.450     0.871
    7          inf   1.5447e+05   1.6061e+05  13009   6376     0      0      0      6      0   0.010   0.000   0.055   0.066     0.937
    8   1.6061e+05   1.6058e+05   1.6061e+05  13017   6328     0      8      0      0     48   0.009   0.406   0.056   0.472     1.409
    9   1.6061e+05   1.6058e+05   1.6061e+05  13017   6338     0      0      0     10      0   0.010   0.000   0.057   0.067     1.476
   10   1.6061e+05   1.6059e+05   1.6061e+05  13017   6338     0     *0      0      0      0   0.010   0.409   0.056   0.475     1.951
CG optimal after 10 iterations. UB=160606.000000 LB=160594.247700 gap=1.175e+01 tol=1.606e+01  t_LP=0.108  t_PR=1.701  t_SP=0.560  t_Tot=2.373
[bounded-pricing] enabled=0 fired=0 priced=25437 rate=0.0%

# === STDOUT (result CSV) ===
Setting parameter 'LpMethod' to 2
Setting parameter 'GPUMode' to 0
Setting parameter 'Presolve' to 0
Setting parameter 'Crossover' to 0
instance,formulation,iterations,columns,objective,lower_bound,optimal,time,time_lp,time_pricing,time_separation
data/intermodal/SBT-6255-0.txt.gz,path,10,6766,160606.000000,160594.247700,1,2.604,0.108,1.701,0.560
