# cmd: /usr/bin/time -o /tmp/mcfcg_mem_y5a6xstr.txt -f %M build/mcfcg_cli data/intermodal/SBT-56295-0.txt.gz --solver copt --copt-gpu-mode 0 --formulation path --max-iters 10000 --strategy pricer-heavy --time-limit 7200.0
# outcome: ok
# returncode: 0
# peak_rss_kb: 2201744
# peak_rss_source: measured
# === STDERR (CG iteration log + preamble) ===
Instance: 263559 vertices, 4725174 arcs, 56269 commodities, 56269 sources
Solver: copt (gpu-mode 0), formulation: path
Pricing threads: 32 (auto)
Slack mode: CommodityRows (struct=56269, capped_arcs=4478154)
[lp-config] backend=copt version=8.0.1 method=barrier exec=CPU presolve=off crossover=off tol=0.0001 threads=auto(32)
   It           UB           LB       LP_obj   #col   #row  #slk   +col   -col   +cut   -cut    t_LP    t_PR    t_SP   t_Tot     t_acc
    1          inf         -inf   1.4398e+06 112538  56332   974      0      0     63      0   0.190   0.000   0.336   0.527     0.527
    2          inf         -inf   1.4541e+06 114364  56332  1658   1826      0      0      0   0.036   0.854   0.325   1.219     1.746
    3          inf         -inf   1.4482e+06 114364  56349     7      0      0     17      0   0.042   0.000   0.327   0.372     2.118
    4          inf         -inf   1.4484e+06 114364  56351    42      0      0      2      0   0.048   0.000   0.326   0.377     2.494
    5          inf         -inf   1.4484e+06 114416  56351    42     52      0      0      0   0.048   0.152   0.324   0.526     3.020
    6          inf   1.4445e+06   1.4488e+06 114987  56351    45    571      0      0      0   0.048  14.543   0.325  14.918    17.938
    7          inf   1.4445e+06   1.4479e+06 114987  56352     0      0      0      1      0   0.051   0.000   0.326   0.379    18.317
    8   1.4479e+06   1.4445e+06   1.4479e+06 115020  56311     0     33      0      0     41   0.050   0.149   0.326   0.527    18.844
    9   1.4479e+06   1.4445e+06   1.4479e+06 115020  56317     0      0      0      6      0   0.046   0.000   0.328   0.376    19.220
   10   1.4479e+06   1.4477e+06   1.4479e+06 115020  56317     0    *30      0      0      0   0.046  14.603   0.326  14.975    34.195
CG optimal after 10 iterations. UB=1447869.000000 LB=1447747.227038 gap=1.218e+02 tol=1.448e+02  t_LP=0.604  t_PR=44.790  t_SP=3.269  t_Tot=48.687
[bounded-pricing] enabled=0 fired=0 priced=171157 rate=0.0%

# === STDOUT (result CSV) ===
Setting parameter 'LpMethod' to 2
Setting parameter 'GPUMode' to 0
Setting parameter 'Presolve' to 0
Setting parameter 'Crossover' to 0
instance,formulation,iterations,columns,objective,lower_bound,optimal,time,time_lp,time_pricing,time_separation
data/intermodal/SBT-56295-0.txt.gz,path,10,58751,1447869.000000,1447747.227038,1,49.743,0.604,44.790,3.269
