# cmd: /usr/bin/time -o /tmp/mcfcg_mem_i86dra3g.txt -f %M build/mcfcg_cli data/intermodal/BUS-23688-0.txt.gz --solver copt --copt-gpu-mode 0 --formulation path --max-iters 10000 --strategy pricer-heavy --time-limit 7200.0
# outcome: ok
# returncode: 0
# peak_rss_kb: 1032264
# peak_rss_source: measured
# === STDERR (CG iteration log + preamble) ===
Instance: 161993 vertices, 1653437 arcs, 23643 commodities, 23643 sources
Solver: copt (gpu-mode 0), formulation: path
Pricing threads: 32 (auto)
Slack mode: CommodityRows (struct=23643, capped_arcs=1466539)
[lp-config] backend=copt version=8.0.1 method=barrier exec=CPU presolve=off crossover=off tol=0.0001 threads=auto(32)
   It           UB           LB       LP_obj   #col   #row  #slk   +col   -col   +cut   -cut    t_LP    t_PR    t_SP   t_Tot     t_acc
    1          inf         -inf   6.0693e+05  47286  23709  1421      0      0     66      0   0.074   0.000   0.114   0.189     0.189
    2          inf         -inf   6.1290e+05  48452  23709  1888   1166      0      0      0   0.024   0.235   0.114   0.375     0.564
    3          inf         -inf   6.2761e+05  48452  23756   198      0      0     47      0   0.033   0.000   0.113   0.147     0.711
    4          inf         -inf   6.2939e+05  48452  23758   346      0      0      2      0   0.042   0.000   0.112   0.155     0.866
    5          inf         -inf   6.2940e+05  48557  23758   348    105      0      0      0   0.041   0.055   0.111   0.208     1.074
    6          inf         -inf   6.5941e+05  48557  23759   343      0      0      1      0   0.042   0.000   0.111   0.154     1.227
    7          inf         -inf   6.5941e+05  48592  23737   346     35      0      0     22   0.041   0.055   0.113   0.209     1.437
    8          inf         -inf   7.2767e+05  48592  23738   303      0      0      1      0   0.038   0.000   0.110   0.149     1.586
    9          inf         -inf   7.2768e+05  48634  23705   303     42      0      0     33   0.037   0.049   0.111   0.198     1.784
   10          inf         -inf   7.5832e+05  48634  23716   316      0      0     11      0   0.035   0.000   0.112   0.147     1.931
   11          inf         -inf   7.6106e+05  48838  23712   327    204      0      0      4   0.034   0.070   0.115   0.222     2.153
   12          inf         -inf   9.3726e+05  48838  23717   260      0      0      5      0   0.034   0.000   0.113   0.148     2.301
   13          inf         -inf   9.3728e+05  48930  23714   263     92      0      0      3   0.041   0.068   0.111   0.222     2.522
   14          inf  -1.1404e+06   1.2491e+06  50397  23714   244   1467      0      0      0   0.042   1.201   0.113   1.359     3.881
   15          inf  -1.1404e+06   6.2475e+05  50397  23756     0      0      0     42      0   0.041   0.000   0.118   0.160     4.041
   16          inf  -1.1404e+06   6.2516e+05  50397  23769    19      0      0     13      0   0.062   0.000   0.113   0.176     4.217
   17          inf  -1.1404e+06   6.2528e+05  50397  23774    23      0      0      5      0   0.068   0.000   0.110   0.179     4.396
   18          inf  -1.1404e+06   6.2531e+05  50454  23768    26     57      0      0      6   0.068   0.056   0.111   0.237     4.633
   19          inf  -1.1404e+06   6.2544e+05  50454  23771     9      0      0      3      0   0.066   0.000   0.112   0.180     4.813
   20          inf  -1.1404e+06   6.2544e+05  50484  23753    12     30      0      0     18   0.067   0.059   0.112   0.240     5.053
   21          inf  -1.1404e+06   6.2538e+05  50484  23756     4      0      0      3      0   0.053   0.000   0.111   0.164     5.218
   22          inf   6.1761e+05   6.2538e+05  51282  23717     4    798      0      0     39   0.055   1.241   0.111   1.410     6.627
   23          inf   6.1761e+05   6.2489e+05  51282  23732     0      0      0     15      0   0.051   0.000   0.112   0.164     6.792
   24          inf   6.1761e+05   6.2491e+05  51282  23733     0      0      0      1      0   0.054   0.000   0.110   0.165     6.956
   25   6.2491e+05   6.1761e+05   6.2491e+05  51308  23729     0     26      0      0      4   0.054   0.057   0.113   0.225     7.182
   26   6.2491e+05   6.1761e+05   6.2490e+05  51308  23730     0      0      0      1      0   0.063   0.000   0.122   0.185     7.367
   27   6.2490e+05   6.2475e+05   6.2490e+05  51464  23728     0    156      0      0      2   0.057   1.220   0.111   1.389     8.756
   28   6.2490e+05   6.2475e+05   6.2488e+05  51464  23732     0      0      0      4      0   0.054   0.000   0.112   0.168     8.924
   29   6.2488e+05   6.2484e+05   6.2488e+05  51464  23732     0    *12      0      0      0   0.054   1.243   0.111   1.408    10.332
CG optimal after 29 iterations. UB=624881.500288 LB=624839.827708 gap=4.167e+01 tol=6.249e+01  t_LP=1.426  t_PR=6.776  t_SP=3.263  t_Tot=11.501
[bounded-pricing] enabled=0 cut=0 priced=121126 rate=0.0%

# === STDOUT (result CSV) ===
Setting parameter 'LpMethod' to 2
Setting parameter 'GPUMode' to 0
Setting parameter 'Presolve' to 0
Setting parameter 'Crossover' to 0
instance,formulation,iterations,columns,objective,lower_bound,optimal,time,time_lp,time_pricing,time_separation
data/intermodal/BUS-23688-0.txt.gz,path,29,27821,624881.500288,624839.827708,1,11.919,1.426,6.776,3.263
