# cmd: /usr/bin/time -o /tmp/mcfcg_mem_oiauzuep.txt -f %M build/mcfcg_cli data/intermodal/BUS-18424-0.txt.gz --solver copt --copt-gpu-mode 0 --formulation tree --max-iters 10000 --strategy pricer-heavy --time-limit 7200.0
# outcome: ok
# returncode: 0
# peak_rss_kb: 918836
# peak_rss_source: measured
# === STDERR (CG iteration log + preamble) ===
Instance: 151455 vertices, 1338522 arcs, 18388 commodities, 18388 sources
Solver: copt (gpu-mode 0), formulation: tree
Pricing threads: 32 (auto)
Slack mode: CommodityRows (struct=18388, capped_arcs=1151624)
[lp-config] backend=copt version=8.0.1 method=barrier exec=CPU presolve=off crossover=off tol=0.0001 threads=auto(32)
   It           UB           LB       LP_obj   #col   #row  #slk   +col   -col   +cut   -cut    t_LP    t_PR    t_SP   t_Tot     t_acc
    1          inf         -inf   4.7151e+05  36776  18454  1078      0      0     66      0   0.064   0.000   0.095   0.160     0.160
    2          inf         -inf   4.7582e+05  37652  18454  1435    876      0      0      0   0.020   0.154   0.096   0.272     0.432
    3          inf         -inf   4.8678e+05  37652  18496   136      0      0     42      0   0.023   0.000   0.097   0.121     0.553
    4          inf         -inf   4.8820e+05  37652  18498   237      0      0      2      0   0.028   0.000   0.097   0.125     0.678
    5          inf         -inf   4.8824e+05  37736  18498   240     84      0      0      0   0.028   0.049   0.098   0.175     0.854
    6          inf         -inf   5.0368e+05  37736  18505   224      0      0      7      0   0.028   0.000   0.094   0.122     0.976
    7          inf         -inf   5.0369e+05  37840  18482   226    104      0      0     23   0.030   0.047   0.095   0.173     1.149
    8          inf         -inf   5.3728e+05  37840  18483   179      0      0      1      0   0.027   0.000   0.094   0.122     1.271
    9          inf         -inf   5.3729e+05  37872  18454   181     32      0      0     29   0.027   0.044   0.093   0.166     1.437
   10          inf         -inf   5.6715e+05  37872  18457   196      0      0      3      0   0.027   0.000   0.103   0.132     1.568
   11          inf         -inf   5.6715e+05  37901  18455   197     29      0      0      2   0.027   0.039   0.094   0.161     1.730
   12          inf         -inf   6.8040e+05  37901  18458   176      0      0      3      0   0.028   0.000   0.095   0.124     1.853
   13          inf         -inf   6.8040e+05  37933  18450   176     32      0      0      8   0.027   0.040   0.095   0.162     2.016
   14          inf         -inf   9.2553e+05  37933  18451   161      0      0      1      0   0.024   0.000   0.095   0.120     2.135
   15          inf         -inf   9.2553e+05  37934  18450   161      1      0      0      1   0.026   0.053   0.095   0.174     2.310
   16          inf         -inf   1.1033e+06  37934  18452   187      0      0      2      0   0.025   0.000   0.094   0.120     2.430
   17          inf         -inf   1.1033e+06  38020  18448   187     86      0      0      4   0.024   0.057   0.094   0.176     2.606
   18          inf         -inf   1.4818e+06  38020  18449   151      0      0      1      0   0.026   0.000   0.096   0.123     2.729
   19          inf  -5.3980e+06   1.4818e+06  39026  18446   151   1006      0      0      3   0.026   0.800   0.096   0.924     3.653
   20          inf  -5.3980e+06   4.8490e+05  39026  18486     0      0      0     40      0   0.025   0.000   0.095   0.121     3.774
   21          inf  -5.3980e+06   4.8518e+05  39026  18492    11      0      0      6      0   0.036   0.000   0.094   0.130     3.905
   22          inf  -5.3980e+06   4.8521e+05  39026  18496    11      0      0      4      0   0.037   0.000   0.097   0.135     4.039
   23          inf  -5.3980e+06   4.8521e+05  39029  18495    14      3      0      0      1   0.037   0.041   0.094   0.173     4.212
   24          inf   4.8391e+05   4.8527e+05  39422  18495     2    393      0      0      0   0.037   0.761   0.095   0.894     5.106
   25          inf   4.8391e+05   4.8504e+05  39422  18499     0      0      0      4      0   0.041   0.000   0.095   0.137     5.243
   26          inf   4.8391e+05   4.8504e+05  39422  18500     0      0      0      1      0   0.041   0.000   0.094   0.136     5.379
   27   4.8504e+05   4.8391e+05   4.8504e+05  39423  18460     0      1      0      0     40   0.041   0.046   0.094   0.182     5.561
   28   4.8504e+05   4.8391e+05   4.8504e+05  39423  18467     0      0      0      7      0   0.034   0.000   0.094   0.129     5.690
   29   4.8504e+05   4.8391e+05   4.8504e+05  39426  18464     0      3      0      0      3   0.035   0.057   0.094   0.187     5.877
   30   4.8504e+05   4.8391e+05   4.8504e+05  39426  18466     0      0      0      2      0   0.033   0.000   0.093   0.127     6.004
   31   4.8504e+05   4.8391e+05   4.8504e+05  39428  18453     0      2      0      0     13   0.034   0.046   0.094   0.175     6.178
   32   4.8504e+05   4.8391e+05   4.8504e+05  39428  18456     0      0      0      3      0   0.034   0.000   0.094   0.129     6.307
   33   4.8504e+05   4.8391e+05   4.8504e+05  39433  18455     0      5      0      0      1   0.034   0.056   0.094   0.185     6.492
   34   4.8504e+05   4.8391e+05   4.8504e+05  39433  18461     0      0      0      6      0   0.032   0.000   0.095   0.128     6.620
   35   4.8504e+05   4.8391e+05   4.8504e+05  39437  18454     0      4      0      0      7   0.034   0.053   0.095   0.183     6.803
   36   4.8504e+05   4.8391e+05   4.8504e+05  39437  18459     0      0      0      5      0   0.035   0.000   0.094   0.129     6.932
   37   4.8504e+05   4.8391e+05   4.8504e+05  39440  18457     0      3      0      0      2   0.034   0.061   0.093   0.190     7.122
   38   4.8504e+05   4.8391e+05   4.8504e+05  39440  18458     0      0      0      1      0   0.034   0.000   0.097   0.131     7.253
   39   4.8504e+05   4.8489e+05   4.8504e+05  39534  18455     0     94      0      0      3   0.034   0.813   0.093   0.941     8.194
   40   4.8504e+05   4.8489e+05   4.8503e+05  39534  18458     0      0      0      3      0   0.034   0.000   0.094   0.128     8.323
   41   4.8504e+05   4.8489e+05   4.8503e+05  39534  18459     0      0      0      1      0   0.034   0.000   0.094   0.129     8.452
   42   4.8503e+05   4.8499e+05   4.8503e+05  39534  18459     0    *10      0      0      0   0.034   0.807   0.094   0.935     9.387
CG optimal after 42 iterations. UB=485027.000001 LB=484990.000799 gap=3.700e+01 tol=4.850e+01  t_LP=1.339  t_PR=4.808  t_SP=3.985  t_Tot=10.172
[bounded-pricing] enabled=0 cut=0 priced=94553 rate=0.0%

# === STDOUT (result CSV) ===
Setting parameter 'LpMethod' to 2
Setting parameter 'GPUMode' to 0
Setting parameter 'Presolve' to 0
Setting parameter 'Crossover' to 0
instance,formulation,iterations,columns,objective,lower_bound,optimal,time,time_lp,time_pricing,time_separation
data/intermodal/BUS-18424-0.txt.gz,tree,42,21146,485027.000001,484990.000799,1,10.536,1.339,4.808,3.985
