# cmd: /usr/bin/time -o /tmp/mcfcg_mem_e1yfonpq.txt -f %M build/mcfcg_cli data/intermodal/SBT-43785-0.txt.gz --solver copt --copt-gpu-mode 0 --formulation path --max-iters 10000 --strategy pricer-heavy --time-limit 7200.0
# outcome: ok
# returncode: 0
# peak_rss_kb: 1868264
# peak_rss_source: measured
# === STDERR (CG iteration log + preamble) ===
Instance: 238529 vertices, 3741246 arcs, 43757 commodities, 43757 sources
Solver: copt (gpu-mode 0), formulation: path
Pricing threads: 32 (auto)
Slack mode: CommodityRows (struct=43757, capped_arcs=3494226)
[lp-config] backend=copt version=8.0.1 method=barrier exec=CPU presolve=off crossover=off tol=0.0001 threads=auto(32)
   It           UB           LB       LP_obj   #col   #row  #slk   +col   -col   +cut   -cut    t_LP    t_PR    t_SP   t_Tot     t_acc
    1          inf         -inf   1.1175e+06  87514  43829   745      0      0     72      0   0.140   0.000   0.287   0.429     0.429
    2          inf         -inf   1.1284e+06  89103  43829  1264   1589      0      0      0   0.035   0.667   0.277   0.982     1.410
    3          inf         -inf   1.1237e+06  89103  43840     0      0      0     11      0   0.039   0.000   0.283   0.324     1.735
    4          inf         -inf   1.1238e+06  89259  43840    23    156      0      0      0   0.042   0.255   0.277   0.576     2.310
    5   1.1237e+06   1.1234e+06   1.1237e+06  89500  43840     0    241      0      0      0   0.041   9.795   0.275  10.113    12.423
    6   1.1236e+06   1.1235e+06   1.1236e+06  89500  43840     0     *1      0      0      0   0.042   9.785   0.275  10.103    22.525
CG optimal after 6 iterations. UB=1123600.009692 LB=1123516.997796 gap=8.301e+01 tol=1.124e+02  t_LP=0.339  t_PR=30.393  t_SP=1.674  t_Tot=32.416
[bounded-pricing] enabled=0 cut=0 priced=133286 rate=0.0%

# === STDOUT (result CSV) ===
Setting parameter 'LpMethod' to 2
Setting parameter 'GPUMode' to 0
Setting parameter 'Presolve' to 0
Setting parameter 'Crossover' to 0
instance,formulation,iterations,columns,objective,lower_bound,optimal,time,time_lp,time_pricing,time_separation
data/intermodal/SBT-43785-0.txt.gz,path,6,45743,1123600.009692,1123516.997796,1,33.327,0.339,30.393,1.674
