# cmd: /usr/bin/time -o /tmp/mcfcg_mem_f0h5y0lr.txt -f %M build/mcfcg_cli data/intermodal/BUS-13160-0.txt.gz --solver copt --copt-gpu-mode 0 --formulation path --max-iters 10000 --strategy pricer-heavy --time-limit 7200.0
# outcome: ok
# returncode: 0
# peak_rss_kb: 763272
# peak_rss_source: measured
# === STDERR (CG iteration log + preamble) ===
Instance: 140925 vertices, 1023858 arcs, 13135 commodities, 13135 sources
Solver: copt (gpu-mode 0), formulation: path
Pricing threads: 32 (auto)
Slack mode: CommodityRows (struct=13135, capped_arcs=836960)
[lp-config] backend=copt version=8.0.1 method=barrier exec=CPU presolve=off crossover=off tol=0.0001 threads=auto(32)
   It           UB           LB       LP_obj   #col   #row  #slk   +col   -col   +cut   -cut    t_LP    t_PR    t_SP   t_Tot     t_acc
    1          inf         -inf   3.3868e+05  26270  13208   783      0      0     73      0   0.043   0.000   0.070   0.114     0.114
    2          inf         -inf   3.4174e+05  26944  13208  1041    674      0      0      0   0.017   0.103   0.071   0.193     0.306
    3          inf         -inf   3.4963e+05  26944  13256   102      0      0     48      0   0.020   0.000   0.072   0.093     0.399
    4          inf         -inf   3.5073e+05  26944  13258   167      0      0      2      0   0.023   0.000   0.069   0.093     0.493
    5          inf         -inf   3.5073e+05  26990  13258   168     46      0      0      0   0.023   0.033   0.070   0.126     0.619
    6          inf         -inf   3.6154e+05  26990  13259   185      0      0      1      0   0.024   0.000   0.071   0.096     0.714
    7          inf         -inf   3.6155e+05  27024  13229   186     34      0      0     30   0.022   0.031   0.070   0.125     0.839
    8          inf   1.8846e+05   3.9558e+05  27795  13219   132    771      0      0     10   0.022   0.467   0.070   0.561     1.400
    9          inf   1.8846e+05   3.4902e+05  27795  13267     8      0      0     48      0   0.026   0.000   0.071   0.097     1.498
   10          inf   1.8846e+05   3.4918e+05  28035  13252    17    240      0      0     15   0.031   0.088   0.069   0.190     1.688
   11          inf   1.8846e+05   3.5092e+05  28035  13255     7      0      0      3      0   0.029   0.000   0.069   0.099     1.787
   12          inf   1.8846e+05   3.5093e+05  28074  13253     9     39      0      0      2   0.034   0.041   0.070   0.146     1.933
   13          inf   3.3491e+05   3.5096e+05  28206  13251     5    132      0      0      2   0.029   0.464   0.069   0.563     2.496
   14   3.4837e+05   3.4834e+05   3.4837e+05  28206  13251     0     *7      0      0      0   0.033   0.455   0.069   0.557     3.054
CG optimal after 14 iterations. UB=348367.000000 LB=348337.868750 gap=2.913e+01 tol=3.484e+01  t_LP=0.376  t_PR=2.152  t_SP=0.983  t_Tot=3.523
[bounded-pricing] enabled=0 cut=0 priced=54453 rate=0.0%

# === STDOUT (result CSV) ===
Setting parameter 'LpMethod' to 2
Setting parameter 'GPUMode' to 0
Setting parameter 'Presolve' to 0
Setting parameter 'Crossover' to 0
instance,formulation,iterations,columns,objective,lower_bound,optimal,time,time_lp,time_pricing,time_separation
data/intermodal/BUS-13160-0.txt.gz,path,14,15071,348367.000000,348337.868750,1,3.802,0.376,2.152,0.983
