# cmd: /usr/bin/time -o /tmp/mcfcg_mem_433kfp75.txt -f %M build/mcfcg_cli data/intermodal/SBT-18765-0.txt.gz --solver copt --copt-gpu-mode 0 --formulation path --max-iters 10000 --strategy pricer-heavy --time-limit 7200.0
# outcome: ok
# returncode: 0
# peak_rss_kb: 1061404
# peak_rss_source: measured
# === STDERR (CG iteration log + preamble) ===
Instance: 188487 vertices, 1782614 arcs, 18745 commodities, 18745 sources
Solver: copt (gpu-mode 0), formulation: path
Pricing threads: 32 (auto)
Slack mode: CommodityRows (struct=18745, capped_arcs=1535594)
[lp-config] backend=copt version=8.0.1 method=barrier exec=CPU presolve=off crossover=off tol=0.0001 threads=auto(32)
   It           UB           LB       LP_obj   #col   #row  #slk   +col   -col   +cut   -cut    t_LP    t_PR    t_SP   t_Tot     t_acc
    1          inf         -inf   4.7848e+05  37490  18814   327      0      0     69      0   0.062   0.000   0.128   0.191     0.191
    2          inf         -inf   4.8278e+05  38151  18814   549    661      0      0      0   0.015   0.173   0.125   0.315     0.506
    3          inf         -inf   4.8145e+05  38151  18831    12      0      0     17      0   0.018   0.000   0.122   0.140     0.647
    4          inf         -inf   4.8156e+05  38151  18832    25      0      0      1      0   0.019   0.000   0.122   0.141     0.788
    5          inf         -inf   4.8165e+05  38172  18832    30     21      0      0      0   0.018   0.052   0.120   0.191     0.979
    6          inf   4.7013e+05   4.8629e+05  38421  18832    27    249      0      0      0   0.019   2.090   0.123   2.233     3.212
    7   4.8111e+05   4.8106e+05   4.8111e+05  38432  18815     0     11      0      0     17   0.019   2.066   0.120   2.207     5.419
    8   4.8111e+05   4.8106e+05   4.8111e+05  38432  18816     0      0      0      1      0   0.019   0.000   0.120   0.140     5.559
    9   4.8111e+05   4.8107e+05   4.8111e+05  38432  18816     0     *7      0      0      0   0.018   2.114   0.122   2.254     7.813
CG optimal after 9 iterations. UB=481107.500187 LB=481069.624949 gap=3.788e+01 tol=4.811e+01  t_LP=0.207  t_PR=8.736  t_SP=1.103  t_Tot=10.054
[bounded-pricing] enabled=0 cut=0 priced=75755 rate=0.0%

# === STDOUT (result CSV) ===
Setting parameter 'LpMethod' to 2
Setting parameter 'GPUMode' to 0
Setting parameter 'Presolve' to 0
Setting parameter 'Crossover' to 0
instance,formulation,iterations,columns,objective,lower_bound,optimal,time,time_lp,time_pricing,time_separation
data/intermodal/SBT-18765-0.txt.gz,path,9,19687,481107.500187,481069.624949,1,10.515,0.207,8.736,1.103
