# cmd: /usr/bin/time -o /tmp/mcfcg_mem_knijqmt6.txt -f %M build/mcfcg_cli data/intermodal/BUS-2632-0.txt.gz --solver copt --copt-gpu-mode 0 --formulation path --max-iters 10000 --strategy pricer-heavy --time-limit 7200.0
# outcome: ok
# returncode: 0
# peak_rss_kb: 492908
# peak_rss_source: measured
# === STDERR (CG iteration log + preamble) ===
Instance: 119865 vertices, 397362 arcs, 2628 commodities, 2628 sources
Solver: copt (gpu-mode 0), formulation: path
Pricing threads: 32 (auto)
Slack mode: CommodityRows (struct=2628, capped_arcs=210464)
[lp-config] backend=copt version=8.0.1 method=barrier exec=CPU presolve=off crossover=off tol=0.0001 threads=auto(32)
   It           UB           LB       LP_obj   #col   #row  #slk   +col   -col   +cut   -cut    t_LP    t_PR    t_SP   t_Tot     t_acc
    1          inf         -inf   6.8907e+04   5256   2722   161      0      0     94      0   0.013   0.000   0.029   0.042     0.042
    2          inf         -inf   6.9679e+04   5426   2722   229    170      0      0      0   0.007   0.021   0.029   0.057     0.099
    3          inf         -inf   7.1144e+04   5426   2793    14      0      0     71      0   0.008   0.000   0.028   0.036     0.135
    4          inf         -inf   7.2241e+04   5566   2793    46    140      0      0      0   0.008   0.022   0.028   0.059     0.194
    5          inf         -inf   7.2671e+04   5566   2817    13      0      0     24      0   0.009   0.000   0.028   0.038     0.232
    6          inf         -inf   7.2842e+04   5566   2821    19      0      0      4      0   0.009   0.000   0.028   0.037     0.269
    7          inf         -inf   7.2859e+04   5589   2803    20     23      0      0     18   0.010   0.013   0.028   0.051     0.320
    8          inf         -inf   7.4669e+04   5589   2807    14      0      0      4      0   0.009   0.000   0.027   0.037     0.358
    9          inf         -inf   7.4679e+04   5599   2786    15     10      0      0     21   0.010   0.013   0.028   0.051     0.408
   10          inf         -inf   7.6257e+04   5599   2791    14      0      0      5      0   0.009   0.000   0.028   0.037     0.445
   11          inf         -inf   7.6257e+04   5608   2754    14      9      0      0     37   0.010   0.013   0.028   0.050     0.496
   12          inf         -inf   7.5871e+04   5608   2758    14      0      0      4      0   0.009   0.000   0.028   0.036     0.532
   13          inf         -inf   7.5877e+04   5618   2750    15     10      0      0      8   0.009   0.013   0.029   0.051     0.583
   14          inf         -inf   8.0486e+04   5618   2755    11      0      0      5      0   0.009   0.000   0.027   0.037     0.619
   15          inf         -inf   8.0516e+04   5629   2752    13     11      0      0      3   0.009   0.012   0.027   0.048     0.668
   16          inf         -inf   8.0495e+04   5629   2761    10      0      0      9      0   0.009   0.000   0.027   0.036     0.703
   17          inf         -inf   8.0512e+04   5637   2755    11      8      0      0      6   0.009   0.013   0.029   0.051     0.755
   18          inf         -inf   9.0864e+04   5637   2758    11      0      0      3      0   0.009   0.000   0.027   0.036     0.791
   19          inf         -inf   9.0865e+04   5640   2756    11      3      0      0      2   0.009   0.013   0.028   0.050     0.841
   20          inf         -inf   9.1392e+04   5640   2757     9      0      0      1      0   0.009   0.000   0.027   0.036     0.877
   21          inf         -inf   9.1392e+04   5640   2758     9      0      0      1      0   0.009   0.000   0.028   0.037     0.914
   22          inf         -inf   9.1392e+04   5643   2756     9      3      0      0      2   0.009   0.012   0.027   0.048     0.962
   23          inf         -inf   9.6550e+04   5643   2759     9      0      0      3      0   0.009   0.000   0.027   0.036     0.998
   24          inf         -inf   9.6550e+04   5646   2758     9      3      0      0      1   0.009   0.013   0.027   0.049     1.047
   25          inf         -inf   1.0005e+05   5646   2764     6      0      0      6      0   0.009   0.000   0.027   0.036     1.084
   26          inf         -inf   1.0005e+05   5664   2758     6     18      0      0      6   0.010   0.013   0.027   0.051     1.134
   27          inf         -inf   2.0352e+05   5664   2759     6      0      0      1      0   0.009   0.000   0.028   0.037     1.171
   28          inf  -3.7726e+05   2.0352e+05   5813   2758     6    149      0      0      1   0.009   0.080   0.028   0.118     1.289
   29          inf  -3.7726e+05   7.1030e+04   5813   2779     0      0      0     21      0   0.010   0.000   0.027   0.037     1.326
   30   7.1041e+04  -3.7726e+05   7.1041e+04   5827   2775     0     14      0      0      4   0.010   0.015   0.027   0.053     1.379
   31   7.1039e+04   7.0976e+04   7.1039e+04   5853   2774     0     26      0      0      1   0.011   0.057   0.027   0.096     1.475
   32   7.1039e+04   7.0976e+04   7.1030e+04   5853   2779     0      0      0      5      0   0.010   0.000   0.028   0.039     1.513
   33   7.1031e+04   7.0976e+04   7.1031e+04   5868   2777     0     15      0      0      2   0.011   0.014   0.027   0.052     1.565
   34   7.1031e+04   7.1018e+04   7.1031e+04   5877   2758     0      9      0      0     19   0.011   0.057   0.027   0.095     1.660
   35   7.1031e+04   7.1018e+04   7.1027e+04   5877   2764     0      0      0      6      0   0.010   0.000   0.027   0.037     1.697
   36   7.1027e+04   7.1018e+04   7.1027e+04   5879   2750     0      2      0      0     14   0.010   0.014   0.028   0.052     1.750
   37   7.1027e+04   7.1018e+04   7.1027e+04   5879   2753     0      0      0      3      0   0.010   0.000   0.027   0.037     1.786
   38   7.1027e+04   7.1021e+04   7.1027e+04   5879   2753     0     *1      0      0      0   0.010   0.068   0.027   0.105     1.891
CG optimal after 38 iterations. UB=71026.500000 LB=71020.577477 gap=5.923e+00 tol=7.103e+00  t_LP=0.358  t_PR=0.551  t_SP=1.046  t_Tot=1.967
[bounded-pricing] enabled=0 fired=0 priced=13834 rate=0.0%

# === STDOUT (result CSV) ===
Setting parameter 'LpMethod' to 2
Setting parameter 'GPUMode' to 0
Setting parameter 'Presolve' to 0
Setting parameter 'Crossover' to 0
instance,formulation,iterations,columns,objective,lower_bound,optimal,time,time_lp,time_pricing,time_separation
data/intermodal/BUS-2632-0.txt.gz,path,38,3251,71026.500000,71020.577477,1,2.097,0.358,0.551,1.046
