# cmd: /usr/bin/time -o /tmp/mcfcg_mem_o1t8yyzf.txt -f %M build/mcfcg_cli data/intermodal/BUS-18424-0.txt.gz --solver copt --copt-gpu-mode 0 --formulation tree --max-iters 10000 --strategy pricer-heavy --time-limit 1800.0
# outcome: ok
# returncode: 0
# peak_rss_kb: 692980
# peak_rss_source: measured
# === STDERR (CG iteration log + preamble) ===
Instance: 151455 vertices, 1338522 arcs, 18388 commodities, 18388 sources
Solver: copt (gpu-mode 0), formulation: tree
Pricing threads: 32 (auto)
Slack mode: CommodityRows (struct=18388, capped_arcs=1151624)
[lp-config] backend=copt version=8.0.1 method=barrier exec=CPU presolve=off crossover=off tol=0.0001 threads=auto(32)
   It           UB           LB       LP_obj   #col   #row  #slk   +col   -col   +cut   -cut    t_LP    t_PR    t_SP   t_Tot     t_acc
    1          inf         -inf   4.7151e+05  36776  18454  1078      0      0     66      0   0.059   0.000   0.091   0.151     0.151
    2          inf         -inf   4.7582e+05  37652  18454  1435    876      0      0      0   0.018   0.146   0.091   0.257     0.408
    3          inf         -inf   4.8678e+05  37652  18496   136      0      0     42      0   0.020   0.000   0.095   0.116     0.523
    4          inf         -inf   4.8820e+05  37652  18498   237      0      0      2      0   0.025   0.000   0.093   0.119     0.642
    5          inf         -inf   4.8824e+05  37736  18498   240     84      0      0      0   0.026   0.045   0.093   0.165     0.807
    6          inf         -inf   5.0368e+05  37736  18505   224      0      0      7      0   0.028   0.000   0.091   0.120     0.927
    7          inf         -inf   5.0369e+05  37840  18482   226    104      0      0     23   0.028   0.046   0.090   0.165     1.092
    8          inf         -inf   5.3728e+05  37840  18483   179      0      0      1      0   0.025   0.000   0.091   0.117     1.209
    9          inf         -inf   5.3729e+05  37872  18454   181     32      0      0     29   0.026   0.044   0.091   0.162     1.370
   10          inf         -inf   5.6715e+05  37872  18457   196      0      0      3      0   0.024   0.000   0.090   0.114     1.485
   11          inf         -inf   5.6715e+05  37901  18455   197     29      0      0      2   0.025   0.038   0.090   0.153     1.638
   12          inf         -inf   6.8040e+05  37901  18458   176      0      0      3      0   0.025   0.000   0.091   0.116     1.754
   13          inf         -inf   6.8040e+05  37901  18459   176      0      0      1      0   0.025   0.000   0.091   0.116     1.870
   14          inf         -inf   6.8040e+05  37923  18451   176     22      0      0      8   0.025   0.040   0.090   0.156     2.027
   15          inf         -inf   9.2510e+05  37923  18452   162      0      0      1      0   0.025   0.000   0.090   0.116     2.142
   16          inf         -inf   9.2510e+05  37924  18449   162      1      0      0      3   0.024   0.041   0.090   0.156     2.298
   17          inf         -inf   1.1038e+06  37924  18452   191      0      0      3      0   0.025   0.000   0.090   0.116     2.414
   18          inf         -inf   1.1038e+06  38010  18449   191     86      0      0      3   0.024   0.060   0.093   0.179     2.592
   19          inf  -5.2904e+06   1.4808e+06  38996  18448   154    986      0      0      1   0.026   0.721   0.091   0.840     3.432
   20          inf  -5.2904e+06   4.8491e+05  38996  18487     0      0      0     39      0   0.025   0.000   0.091   0.117     3.549
   21          inf  -5.2904e+06   4.8513e+05  38996  18495    11      0      0      8      0   0.036   0.000   0.091   0.127     3.676
   22          inf  -5.2904e+06   4.8517e+05  38996  18500    13      0      0      5      0   0.036   0.000   0.090   0.127     3.803
   23          inf  -5.2904e+06   4.8517e+05  38999  18500    15      3      0      0      0   0.037   0.040   0.091   0.168     3.971
   24          inf   4.8376e+05   4.8523e+05  39417  18499     2    418      0      0      1   0.036   0.732   0.091   0.861     4.832
   25          inf   4.8376e+05   4.8504e+05  39417  18504     0      0      0      5      0   0.039   0.000   0.090   0.130     4.961
   26   4.8504e+05   4.8376e+05   4.8504e+05  39467  18464     0     50      0      0     40   0.041   0.054   0.091   0.187     5.149
   27   4.8504e+05   4.8376e+05   4.8504e+05  39467  18470     0      0      0      6      0   0.033   0.000   0.091   0.125     5.273
   28   4.8504e+05   4.8376e+05   4.8504e+05  39468  18461     0      1      0      0      9   0.033   0.054   0.090   0.178     5.451
   29   4.8504e+05   4.8497e+05   4.8504e+05  39519  18458     0     51      0      0      3   0.032   0.718   0.090   0.842     6.293
   30   4.8504e+05   4.8497e+05   4.8503e+05  39519  18460     0      0      0      2      0   0.032   0.000   0.091   0.123     6.417
   31   4.8503e+05   4.8497e+05   4.8503e+05  39532  18452     0     13      0      0      8   0.031   0.046   0.090   0.168     6.584
   32   4.8503e+05   4.8497e+05   4.8503e+05  39532  18454     0      0      0      2      0   0.032   0.000   0.090   0.123     6.707
   33   4.8503e+05   4.8499e+05   4.8503e+05  39532  18454     0     *1      0      0      0   0.031   0.777   0.091   0.899     7.606
CG optimal after 33 iterations. UB=485025.500001 LB=484993.076081 gap=3.242e+01 tol=4.850e+01  t_LP=0.975  t_PR=4.369  t_SP=3.001  t_Tot=8.376
[pricing-cutoff] enabled=0 cut=0 priced=94277 rate=0.0%

# === STDOUT (result CSV) ===
Setting parameter 'LpMethod' to 2
Setting parameter 'GPUMode' to 0
Setting parameter 'Presolve' to 0
Setting parameter 'Crossover' to 0
instance,formulation,iterations,columns,objective,lower_bound,optimal,time,time_lp,time_pricing,time_separation
data/intermodal/BUS-18424-0.txt.gz,tree,33,21144,485025.500001,484993.076081,1,8.688,0.975,4.369,3.001
