# cmd: /usr/bin/time -o /tmp/mcfcg_mem_ncmk1far.txt -f %M build/mcfcg_cli data/commalab/grid/grid10 --solver copt --copt-gpu-mode 2 --formulation tree --max-iters 10000 --pricing-cutoff --time-limit 1800.0
# outcome: ok
# returncode: 0
# peak_rss_kb: 553128
# peak_rss_source: measured
# === STDERR (CG iteration log + preamble) ===
Instance: 625 vertices, 2400 arcs, 2000 commodities, 593 sources
Solver: copt (gpu-mode 2), formulation: tree
Pricing threads: 32 (auto)
Slack mode: CommodityRows (struct=593, capped_arcs=2400)
[lp-config] backend=copt version=8.0.1 method=barrier exec=GPU presolve=off crossover=off tol=0.0001 threads=n/a(GPU)
   It           UB           LB       LP_obj   #col   #row  #slk   +col   -col   +cut   -cut    t_LP    t_PR    t_SP   t_Tot     t_acc
    1          inf   9.3978e+06   5.9300e+04   1186    593   593      0      0      0      0   0.351   0.000   0.000   0.351     0.351
    2          inf   9.3980e+06   5.9300e+05   1186    593   593      0      0      0      0   0.158   0.000   0.000   0.158     0.510
    3          inf   1.0510e+07   5.9216e+06   1186    593   590      0      0      0      0   0.151   0.000   0.000   0.152     0.661
    4          inf   5.6755e+07   5.5288e+07   1186    593   495      0      0      0      0   0.154   0.001   0.000   0.156     0.817
    5          inf   1.6218e+08   1.6218e+08   1186    910     1      0      0    317      0   0.151   0.005   0.000   0.156     0.974
    6          inf   1.6218e+08   2.8039e+08   1706    910   271    520      0      0      0   0.203   0.002   0.000   0.207     1.180
    7          inf   1.6218e+08   7.6387e+08   2250    913   299    544      0      3      0   0.219   0.002   0.000   0.223     1.403
    8          inf   1.6218e+08   1.3705e+09   2798    924   201    548      0     11      0   0.226   0.003   0.000   0.231     1.634
    9          inf   1.6218e+08   1.3036e+09   3359    965   158    561      0     41      0   0.235   0.003   0.000   0.239     1.873
   10          inf   1.6218e+08   9.8212e+08   3923   1010   105    564      0     45      0   0.253   0.002   0.000   0.256     2.129
   11          inf   1.6218e+08   1.6511e+08   4393    986     0    557     87     60     84   0.367   0.002   0.000   0.372     2.501
   12          inf   1.6285e+08   1.6463e+08   4669   1016     0    539    263     32      2   0.306   0.002   0.000   0.311     2.812
   13          inf   1.6336e+08   1.6449e+08   4922   1033     0    529    276     18      1   0.317   0.002   0.000   0.322     3.135
   14          inf   1.6357e+08   1.6439e+08   5136   1044     0    525    311     11      0   0.321   0.002   0.001   0.326     3.461
   15          inf   1.6376e+08   1.6431e+08   5275   1047     0    522    383     12      9   0.332   0.002   0.001   0.337     3.798
   16          inf   1.6382e+08   1.6426e+08   5322   1049     0    503    456     11      9   0.332   0.002   0.001   0.337     4.136
   17          inf   1.6391e+08   1.6421e+08   5124   1035     0    489    687      9     23   0.318   0.002   0.001   0.324     4.459
   18          inf   1.6396e+08   1.6418e+08   5050   1033     0    485    559     12     14   0.312   0.002   0.001   0.318     4.777
   19          inf   1.6399e+08   1.6416e+08   4973   1031     0    469    546      6      8   0.313   0.002   0.001   0.319     5.096
   20          inf   1.6403e+08   1.6414e+08   4902   1032     0    427    498      6      5   0.325   0.002   0.001   0.331     5.427
   21          inf   1.6406e+08   1.6413e+08   4824   1035     0    426    504      5      2   0.360   0.002   0.001   0.366     5.793
   22   1.6412e+08   1.6407e+08   1.6412e+08   4772   1026     0    409    461      0      9   0.343   0.002   0.001   0.349     6.142
   23   1.6412e+08   1.6408e+08   1.6412e+08   4692   1022     0    381    461      2      6   0.334   0.002   0.001   0.340     6.482
   24   1.6412e+08   1.6409e+08   1.6411e+08   4587   1019     0    346    451      2      5   0.365   0.002   0.000   0.371     6.853
   25   1.6412e+08   1.6410e+08   1.6411e+08   4512   1020     0    341    416      6      5   0.332   0.002   0.001   0.337     7.190
   26   1.6412e+08   1.6411e+08   1.6411e+08   4512   1021     0   *301      0      1      0   0.340   0.002   0.001   0.343     7.533
CG optimal after 26 iterations. UB=164124053.983121 LB=164107675.384384 gap=1.638e+04 tol=1.641e+04  t_LP=7.418  t_PR=0.060  t_SP=0.011  t_Tot=7.541
[pricing-cutoff] enabled=1 cut=8394 priced=18976 rate=44.2%

# === STDOUT (result CSV) ===
Setting parameter 'LpMethod' to 2
Setting parameter 'GPUMode' to 2
Setting parameter 'Presolve' to 0
Setting parameter 'Crossover' to 0
instance,formulation,iterations,columns,objective,lower_bound,optimal,time,time_lp,time_pricing,time_separation
data/commalab/grid/grid10,tree,26,3919,164124053.983121,164107675.384384,1,7.562,7.418,0.060,0.011
