# cmd: /usr/bin/time -o /tmp/mcfcg_mem_mde_1tvd.txt -f %M build/mcfcg_cli data/commalab/grid/grid6 --solver copt --copt-gpu-mode 2 --formulation path --max-iters 10000 --pricing-cutoff --time-limit 1800.0
# outcome: ok
# returncode: 0
# peak_rss_kb: 482328
# peak_rss_source: measured
# === STDERR (CG iteration log + preamble) ===
Instance: 225 vertices, 840 arcs, 200 commodities, 135 sources
Solver: copt (gpu-mode 2), formulation: path
Pricing threads: 32 (auto)
Slack mode: CommodityRows (struct=200, capped_arcs=840)
[lp-config] backend=copt version=8.0.1 method=barrier exec=GPU presolve=off crossover=off tol=0.0001 threads=n/a(GPU)
   It           UB           LB       LP_obj   #col   #row  #slk   +col   -col   +cut   -cut    t_LP    t_PR    t_SP   t_Tot     t_acc
    1          inf   1.8616e+06   1.1258e+06    400    200   198      0      0      0      0   0.352   0.000   0.000   0.352     0.352
    2          inf   8.8143e+06   8.7504e+06    400    213    82      0      0     13      0   0.154   0.001   0.000   0.155     0.507
    3          inf   8.8143e+06   1.7843e+07    481    270    56     81      0     57      0   0.159   0.000   0.000   0.159     0.666
    4          inf   8.8143e+06   2.8483e+07    611    289    72    130      0     19      0   0.170   0.000   0.000   0.171     0.837
    5          inf   8.8143e+06   2.1995e+07    740    314    40    129      0     25      0   0.170   0.000   0.000   0.170     1.007
    6          inf   8.8143e+06   1.1928e+07    870    335     8    134      4     21      0   0.190   0.000   0.000   0.191     1.198
    7          inf   1.0301e+07   1.0423e+07    983    353     0    113      0     18      0   0.198   0.000   0.000   0.198     1.396
    8          inf   1.0369e+07   1.0413e+07   1066    354     0     91      8      1      0   0.204   0.000   0.000   0.205     1.601
    9          inf   1.0391e+07   1.0405e+07   1105    354     0     60     21      6      6   0.190   0.000   0.000   0.191     1.792
   10          inf   1.0395e+07   1.0403e+07   1111    356     0     42     36      3      1   0.192   0.001   0.000   0.194     1.986
   11          inf   1.0398e+07   1.0402e+07   1064    350     0     25     72      1      7   0.192   0.001   0.000   0.193     2.179
   12          inf   1.0401e+07   1.0402e+07    962    343     0     13    115      1      8   0.197   0.000   0.000   0.198     2.377
   13   1.0402e+07   1.0402e+07   1.0402e+07    962    343     0     *2      0      0      0   0.196   0.000   0.000   0.196     2.573
CG optimal after 13 iterations. UB=10401730.149661 LB=10401670.728041 gap=5.942e+01 tol=1.040e+03  t_LP=2.563  t_PR=0.006  t_SP=0.002  t_Tot=2.575
[pricing-cutoff] enabled=1 cut=1405 priced=2160 rate=65.0%

# === STDOUT (result CSV) ===
Setting parameter 'LpMethod' to 2
Setting parameter 'GPUMode' to 2
Setting parameter 'Presolve' to 0
Setting parameter 'Crossover' to 0
instance,formulation,iterations,columns,objective,lower_bound,optimal,time,time_lp,time_pricing,time_separation
data/commalab/grid/grid6,path,13,762,10401730.149661,10401670.728041,1,2.593,2.563,0.006,0.002
