# cmd: /usr/bin/time -o /tmp/mcfcg_mem_h1knonci.txt -f %M build/mcfcg_cli data/commalab/grid/grid11 --solver copt --copt-gpu-mode 2 --formulation path --max-iters 10000 --pricing-cutoff --time-limit 1800.0
# outcome: ok
# returncode: 0
# peak_rss_kb: 593768
# peak_rss_source: measured
# === STDERR (CG iteration log + preamble) ===
Instance: 625 vertices, 2400 arcs, 4000 commodities, 625 sources
Solver: copt (gpu-mode 2), formulation: path
Pricing threads: 32 (auto)
Slack mode: EdgeRows (struct=4000, capped_arcs=2400)
[lp-config] backend=copt version=8.0.1 method=barrier exec=GPU presolve=off crossover=off tol=0.0001 threads=n/a(GPU)
   It           UB           LB       LP_obj   #col   #row  #slk   +col   -col   +cut   -cut    t_LP    t_PR    t_SP   t_Tot     t_acc
    1          inf   3.2684e+08   3.2684e+08   4241   4241     0      0      0    241      0   0.341   0.006   0.001   0.348     0.348
    2          inf   3.2684e+08   3.9001e+08   7583   4241   241   3342      0      0      0   0.219   0.003   0.000   0.224     0.572
    3          inf   3.2704e+08   3.3040e+08   9985   4365     0   2278      0    124      0   0.234   0.003   0.001   0.240     0.812
    4          inf   3.2704e+08   3.3108e+08  12798   4383     7   2795      0     18      0   0.324   0.003   0.001   0.330     1.142
    5          inf   3.2825e+08   3.2984e+08  15087   4403     0   2269      0     20      0   0.345   0.003   0.001   0.351     1.493
    6          inf   3.2870e+08   3.2952e+08  17060   4421     0   1955      0     18      0   0.342   0.003   0.001   0.349     1.841
    7          inf   3.2899e+08   3.2939e+08  18621   4430     0   1552      0      9      0   0.382   0.002   0.002   0.387     2.228
    8          inf   3.2916e+08   3.2931e+08  18028   4361     0   1105   1629      4     73   0.414   0.003   0.002   0.426     2.655
    9          inf   3.2921e+08   3.2927e+08  17037   4318     0    747   1695      7     50   0.378   0.002   0.002   0.388     3.043
   10          inf   3.2924e+08   3.2926e+08  14522   4308     0    499   3004      4     14   0.341   0.003   0.001   0.350     3.393
   11          inf   3.2925e+08   3.2926e+08  12661   4298     0    360   2211      3     13   0.316   0.002   0.001   0.325     3.718
   12          inf   3.2926e+08   3.2926e+08  11187   4292     0    149   1617      1      7   0.328   0.003   0.001   0.336     4.054
   13          inf   3.2926e+08   3.2926e+08  10115   4282     0     60   1122      1     11   0.307   0.003   0.001   0.314     4.368
   14          inf   3.2926e+08   3.2926e+08   9507   4274     0      6    606      2     10   0.303   0.003   0.001   0.310     4.678
   15          inf   3.2926e+08   3.2926e+08   9508   4275     0      0      0      1      0   0.301   0.005   0.001   0.306     4.985
   16   3.2926e+08   3.2926e+08   3.2926e+08   9508   4275     0     *0      0      0      0   0.353   0.006   0.000   0.359     5.344
CG optimal after 16 iterations. UB=329258288.241195 LB=329258004.742835 gap=2.835e+02 tol=3.293e+04  t_LP=5.228  t_PR=0.058  t_SP=0.017  t_Tot=5.351
[pricing-cutoff] enabled=1 cut=7422 priced=12500 rate=59.4%

# === STDOUT (result CSV) ===
Setting parameter 'LpMethod' to 2
Setting parameter 'GPUMode' to 2
Setting parameter 'Presolve' to 0
Setting parameter 'Crossover' to 0
instance,formulation,iterations,columns,objective,lower_bound,optimal,time,time_lp,time_pricing,time_separation
data/commalab/grid/grid11,path,16,9233,329258288.241195,329258004.742835,1,5.375,5.228,0.058,0.017
