# cmd: /usr/bin/time -o /tmp/mcfcg_mem_clo3p51x.txt -f %M build/mcfcg_cli data/commalab/grid/grid13 --solver copt --copt-gpu-mode 2 --formulation tree --max-iters 10000 --pricing-cutoff --time-limit 1800.0
# outcome: ok
# returncode: 0
# peak_rss_kb: 633652
# peak_rss_source: measured
# === STDERR (CG iteration log + preamble) ===
Instance: 900 vertices, 3480 arcs, 12000 commodities, 900 sources
Solver: copt (gpu-mode 2), formulation: tree
Pricing threads: 32 (auto)
Slack mode: CommodityRows (struct=900, capped_arcs=3480)
[lp-config] backend=copt version=8.0.1 method=barrier exec=GPU presolve=off crossover=off tol=0.0001 threads=n/a(GPU)
   It           UB           LB       LP_obj   #col   #row  #slk   +col   -col   +cut   -cut    t_LP    t_PR    t_SP   t_Tot     t_acc
    1          inf   5.5802e+07   9.0000e+04   1800    900   900      0      0      0      0   0.348   0.000   0.000   0.348     0.348
    2          inf   5.5802e+07   9.0000e+05   1800    900   900      0      0      0      0   0.161   0.000   0.000   0.162     0.510
    3          inf   5.5802e+07   9.0000e+06   1800    900   900      0      0      0      0   0.150   0.000   0.000   0.151     0.661
    4          inf   1.1066e+08   9.0000e+07   1800    900   900      0      0      0      0   0.145   0.000   0.000   0.146     0.807
    5          inf   8.4093e+08   8.3935e+08   1800    900   628      0      0      0      0   0.152   0.008   0.000   0.161     0.968
    6          inf   1.1535e+09   1.1535e+09   1800   1187     0      0      0    287      0   0.164   0.014   0.001   0.179     1.147
    7          inf   1.1535e+09   3.4211e+09   2693   1187   535    893      0      0      0   0.245   0.007   0.000   0.256     1.402
    8          inf   1.1535e+09   5.8399e+09   3590   1191   480    897      0      4      0   0.300   0.007   0.000   0.312     1.714
    9          inf   1.1535e+09   1.3450e+10   4490   1204   280    900      0     13      0   0.320   0.007   0.001   0.331     2.045
   10          inf   1.1535e+09   1.2688e+10   5390   1237   127    900      0     33      0   0.365   0.006   0.001   0.376     2.421
   11          inf   1.1535e+09   5.5738e+09   6290   1282    54    900      0     45      0   0.450   0.007   0.001   0.462     2.883
   12          inf   1.1535e+09   1.1630e+09   6929   1196     0    900    261     22    108   0.570   0.007   0.001   0.588     3.471
   13          inf   1.1554e+09   1.1620e+09   7399   1207     0    900    430     12      1   0.433   0.007   0.001   0.451     3.922
   14          inf   1.1571e+09   1.1613e+09   7841   1220     0    900    458     15      2   0.467   0.007   0.002   0.486     4.408
   15          inf   1.1571e+09   1.1607e+09   8185   1225     0    900    556      7      2   0.415   0.007   0.002   0.434     4.843
   16          inf   1.1579e+09   1.1604e+09   8389   1228     0    899    695      9      6   0.465   0.006   0.002   0.485     5.328
   17          inf   1.1584e+09   1.1600e+09   8226   1218     0    900   1063      3     13   0.458   0.007   0.002   0.478     5.806
   18          inf   1.1586e+09   1.1598e+09   7979   1206     0    898   1145      9     21   0.457   0.007   0.002   0.478     6.284
   19          inf   1.1588e+09   1.1596e+09   7954   1204     0    896    921      7      9   0.459   0.005   0.002   0.478     6.762
   20          inf   1.1590e+09   1.1595e+09   8008   1201     0    896    842      2      5   0.468   0.007   0.002   0.490     7.252
   21          inf   1.1590e+09   1.1594e+09   7979   1200     0    894    923      1      2   0.448   0.005   0.002   0.467     7.719
   22          inf   1.1591e+09   1.1594e+09   7986   1197     0    890    883      3      6   0.486   0.006   0.002   0.507     8.226
   23          inf   1.1592e+09   1.1594e+09   8008   1193     0    884    862      2      6   0.463   0.005   0.002   0.483     8.709
   24          inf   1.1593e+09   1.1593e+09   7987   1190     0    872    893      4      7   0.464   0.005   0.002   0.484     9.193
   25          inf   1.1593e+09   1.1593e+09   7919   1190     0    857    925      2      2   0.477   0.006   0.002   0.496     9.690
   26          inf   1.1593e+09   1.1593e+09   7948   1190     0    854    825      3      3   0.476   0.006   0.002   0.495    10.185
   27   1.1593e+09   1.1593e+09   1.1593e+09   7948   1190     0   *829      0      0      0   0.489   0.007   0.002   0.497    10.682
CG optimal after 27 iterations. UB=1159321653.364029 LB=1159314096.430797 gap=7.557e+03 tol=1.159e+05  t_LP=10.295  t_PR=0.172  t_SP=0.032  t_Tot=10.700
[pricing-cutoff] enabled=1 cut=11041 priced=30600 rate=36.1%

# === STDOUT (result CSV) ===
Setting parameter 'LpMethod' to 2
Setting parameter 'GPUMode' to 2
Setting parameter 'Presolve' to 0
Setting parameter 'Crossover' to 0
instance,formulation,iterations,columns,objective,lower_bound,optimal,time,time_lp,time_pricing,time_separation
data/commalab/grid/grid13,tree,27,7048,1159321653.364029,1159314096.430797,1,10.730,10.295,0.172,0.032
