# cmd: /usr/bin/time -o /tmp/mcfcg_mem_px5bm4pf.txt -f %M build/mcfcg_cli data/commalab/grid/grid9 --solver copt --copt-gpu-mode 2 --formulation tree --max-iters 10000 --pricing-cutoff --time-limit 1800.0
# outcome: ok
# returncode: 0
# peak_rss_kb: 532092
# peak_rss_source: measured
# === STDERR (CG iteration log + preamble) ===
Instance: 625 vertices, 2400 arcs, 1000 commodities, 495 sources
Solver: copt (gpu-mode 2), formulation: tree
Pricing threads: 32 (auto)
Slack mode: CommodityRows (struct=495, capped_arcs=2400)
[lp-config] backend=copt version=8.0.1 method=barrier exec=GPU presolve=off crossover=off tol=0.0001 threads=n/a(GPU)
   It           UB           LB       LP_obj   #col   #row  #slk   +col   -col   +cut   -cut    t_LP    t_PR    t_SP   t_Tot     t_acc
    1          inf   4.7986e+06   4.9500e+04    990    495   495      0      0      0      0   0.346   0.000   0.000   0.346     0.346
    2          inf   4.7987e+06   4.9500e+05    990    495   495      0      0      0      0   0.152   0.000   0.000   0.153     0.499
    3          inf   6.7889e+06   4.9481e+06    990    495   493      0      0      0      0   0.150   0.000   0.000   0.151     0.649
    4          inf   4.2278e+07   4.1744e+07    990    495   314      0      0      0      0   0.150   0.002   0.000   0.152     0.802
    5          inf   8.1702e+07   8.1702e+07    990    822     0      0      0    327      0   0.151   0.003   0.000   0.155     0.956
    6          inf   8.1702e+07   1.7605e+08   1392    822   253    402      0      0      0   0.199   0.002   0.000   0.202     1.158
    7          inf   8.1702e+07   5.2113e+08   1810    826   224    418      0      4      0   0.221   0.002   0.000   0.224     1.383
    8          inf   8.1702e+07   6.8576e+08   2243    881   143    433      0     55      0   0.227   0.002   0.000   0.230     1.613
    9          inf   8.1702e+07   6.2611e+08   2683    918   109    440      0     37      0   0.243   0.002   0.000   0.246     1.859
   10          inf   8.1702e+07   1.4245e+08   3114    984    26    431      0     66      0   0.274   0.002   0.000   0.277     2.136
   11          inf   8.1702e+07   8.2942e+07   3457    921     0    430     87     24     87   0.341   0.002   0.000   0.345     2.481
   12          inf   8.2258e+07   8.2834e+07   3713    950     0    403    147     29      0   0.294   0.002   0.000   0.297     2.778
   13          inf   8.2328e+07   8.2789e+07   3959    955     0    389    143      9      4   0.311   0.002   0.000   0.315     3.092
   14          inf   8.2452e+07   8.2747e+07   4130    962     0    378    207     17     10   0.322   0.002   0.000   0.326     3.418
   15          inf   8.2516e+07   8.2718e+07   4188    966     0    350    292     13      9   0.295   0.002   0.000   0.299     3.717
   16          inf   8.2538e+07   8.2696e+07   4007    955     0    330    511     15     26   0.321   0.002   0.000   0.325     4.042
   17          inf   8.2574e+07   8.2684e+07   3860    950     0    319    466      6     11   0.315   0.002   0.000   0.320     4.362
   18          inf   8.2608e+07   8.2672e+07   3790    945     0    287    357      7     12   0.303   0.002   0.000   0.307     4.669
   19          inf   8.2621e+07   8.2664e+07   3658    937     0    253    385      2     10   0.318   0.002   0.000   0.322     4.991
   20          inf   8.2629e+07   8.2660e+07   3570    944     0    246    334     11      4   0.290   0.002   0.000   0.294     5.285
   21          inf   8.2636e+07   8.2657e+07   3478    942     0    230    322      3      5   0.293   0.002   0.000   0.297     5.582
   22   8.2655e+07   8.2642e+07   8.2655e+07   3359    931     0    189    308      0     11   0.318   0.001   0.001   0.322     5.904
   23   8.2655e+07   8.2649e+07   8.2654e+07   3359    932     0   *156      0      1      0   0.292   0.002   0.000   0.294     6.198
CG optimal after 23 iterations. UB=82654704.456470 LB=82648691.325962 gap=6.013e+03 tol=8.265e+03  t_LP=6.126  t_PR=0.044  t_SP=0.008  t_Tot=6.205
[pricing-cutoff] enabled=1 cut=7775 priced=14355 rate=54.2%

# === STDOUT (result CSV) ===
Setting parameter 'LpMethod' to 2
Setting parameter 'GPUMode' to 2
Setting parameter 'Presolve' to 0
Setting parameter 'Crossover' to 0
instance,formulation,iterations,columns,objective,lower_bound,optimal,time,time_lp,time_pricing,time_separation
data/commalab/grid/grid9,tree,23,2864,82654704.456470,82648691.325962,1,6.227,6.126,0.044,0.008
