# cmd: /usr/bin/time -o /tmp/mcfcg_mem_s0_d0ozn.txt -f %M build/mcfcg_cli data/commalab/grid/grid11 --solver copt --copt-gpu-mode 2 --formulation tree --max-iters 10000 --pricing-cutoff --time-limit 1800.0
# outcome: ok
# returncode: 0
# peak_rss_kb: 550452
# peak_rss_source: measured
# === STDERR (CG iteration log + preamble) ===
Instance: 625 vertices, 2400 arcs, 4000 commodities, 625 sources
Solver: copt (gpu-mode 2), formulation: tree
Pricing threads: 32 (auto)
Slack mode: CommodityRows (struct=625, capped_arcs=2400)
[lp-config] backend=copt version=8.0.1 method=barrier exec=GPU presolve=off crossover=off tol=0.0001 threads=n/a(GPU)
   It           UB           LB       LP_obj   #col   #row  #slk   +col   -col   +cut   -cut    t_LP    t_PR    t_SP   t_Tot     t_acc
    1          inf   1.8834e+07   6.2500e+04   1250    625   625      0      0      0      0   0.343   0.000   0.000   0.344     0.344
    2          inf   1.8834e+07   6.2500e+05   1250    625   625      0      0      0      0   0.158   0.000   0.000   0.158     0.502
    3          inf   1.8965e+07   6.2500e+06   1250    625   625      0      0      0      0   0.148   0.000   0.000   0.149     0.651
    4          inf   6.6412e+07   6.2161e+07   1250    625   613      0      0      0      0   0.150   0.001   0.000   0.151     0.802
    5          inf   3.2197e+08   3.2192e+08   1250    817    31      0      0    192      0   0.150   0.006   0.000   0.156     0.958
    6          inf   3.2197e+08   4.3436e+08   1849    817   305    599      0      0      0   0.193   0.003   0.000   0.197     1.155
    7          inf   3.2197e+08   1.1206e+09   2453    819   310    604      0      2      0   0.206   0.003   0.000   0.210     1.365
    8          inf   3.2197e+08   1.3957e+09   3069    841   167    616      0     22      0   0.220   0.003   0.000   0.224     1.590
    9          inf   3.2197e+08   1.0416e+09   3689    863   103    620      0     22      0   0.233   0.003   0.000   0.238     1.828
   10          inf   3.2197e+08   4.0967e+08   4309    921    12    620      0     58      0   0.262   0.003   0.001   0.268     2.096
   11          inf   3.2197e+08   3.3056e+08   4840    889     0    620     89     11     43   0.334   0.002   0.001   0.340     2.436
   12          inf   3.2802e+08   3.3010e+08   5088    907     0    610    362     19      1   0.278   0.003   0.001   0.285     2.721
   13          inf   3.2844e+08   3.2985e+08   5426    915     0    604    266      9      1   0.278   0.003   0.001   0.285     3.007
   14          inf   3.2867e+08   3.2967e+08   5659    924     0    600    367     12      3   0.276   0.003   0.001   0.283     3.290
   15          inf   3.2872e+08   3.2953e+08   5783    928     0    595    471      8      4   0.304   0.003   0.001   0.313     3.603
   16          inf   3.2893e+08   3.2944e+08   5621    917     0    593    755     10     21   0.334   0.004   0.001   0.343     3.946
   17          inf   3.2901e+08   3.2937e+08   5423    913     0    580    778      8     12   0.293   0.003   0.001   0.301     4.247
   18          inf   3.2911e+08   3.2934e+08   5397    914     0    565    591      7      6   0.302   0.003   0.001   0.311     4.558
   19          inf   3.2915e+08   3.2930e+08   5360    915     0    554    591      6      5   0.299   0.003   0.001   0.307     4.865
   20          inf   3.2919e+08   3.2928e+08   5336    913     0    532    556      4      6   0.294   0.003   0.001   0.302     5.167
   21          inf   3.2922e+08   3.2927e+08   5248    910     0    508    596      2      5   0.327   0.003   0.001   0.335     5.501
   22          inf   3.2923e+08   3.2926e+08   5160    906     0    489    577      3      7   0.331   0.003   0.001   0.338     5.840
   23          inf   3.2925e+08   3.2926e+08   5098    910     0    439    501      4      0   0.320   0.003   0.001   0.328     6.168
   24   3.2926e+08   3.2926e+08   3.2926e+08   5098    910     0   *427      0      0      0   0.322   0.004   0.001   0.327     6.494
CG optimal after 24 iterations. UB=329258799.491108 LB=329255110.949455 gap=3.689e+03 tol=3.293e+04  t_LP=6.354  t_PR=0.074  t_SP=0.014  t_Tot=6.503
[pricing-cutoff] enabled=1 cut=7349 priced=18750 rate=39.2%

# === STDOUT (result CSV) ===
Setting parameter 'LpMethod' to 2
Setting parameter 'GPUMode' to 2
Setting parameter 'Presolve' to 0
Setting parameter 'Crossover' to 0
instance,formulation,iterations,columns,objective,lower_bound,optimal,time,time_lp,time_pricing,time_separation
data/commalab/grid/grid11,tree,24,4473,329258799.491108,329255110.949455,1,6.528,6.354,0.074,0.014
