# cmd: /usr/bin/time -o /tmp/mcfcg_mem_py5ln2vt.txt -f %M build/mcfcg_cli data/commalab/grid/grid15 --solver copt --copt-gpu-mode 2 --formulation tree --max-iters 10000 --pricing-cutoff --time-limit 1800.0
# outcome: ok
# returncode: 0
# peak_rss_kb: 751180
# peak_rss_source: measured
# === STDERR (CG iteration log + preamble) ===
Instance: 1225 vertices, 4760 arcs, 32000 commodities, 1225 sources
Solver: copt (gpu-mode 2), formulation: tree
Pricing threads: 32 (auto)
Slack mode: CommodityRows (struct=1225, capped_arcs=4760)
[lp-config] backend=copt version=8.0.1 method=barrier exec=GPU presolve=off crossover=off tol=0.0001 threads=n/a(GPU)
   It           UB           LB       LP_obj   #col   #row  #slk   +col   -col   +cut   -cut    t_LP    t_PR    t_SP   t_Tot     t_acc
    1          inf   1.4824e+08   1.2250e+05   2450   1225  1225      0      0      0      0   0.353   0.001   0.001   0.355     0.355
    2          inf   1.4824e+08   1.2250e+06   2450   1225  1225      0      0      0      0   0.163   0.001   0.001   0.165     0.520
    3          inf   1.4824e+08   1.2250e+07   2450   1225  1225      0      0      0      0   0.152   0.001   0.001   0.153     0.673
    4          inf   1.5769e+08   1.2250e+08   2450   1225  1225      0      0      0      0   0.153   0.001   0.001   0.154     0.827
    5          inf   1.2379e+09   1.2248e+09   2450   1225  1223      0      0      0      0   0.156   0.004   0.001   0.160     0.987
    6          inf   3.5815e+09   3.5815e+09   2450   1483     0      0      0    258      0   0.155   0.024   0.001   0.180     1.167
    7          inf   3.5815e+09   7.2061e+09   3675   1483   561   1225      0      0      0   0.306   0.012   0.001   0.323     1.491
    8          inf   3.5815e+09   1.0864e+10   4900   1484   606   1225      0      1      0   0.389   0.015   0.001   0.412     1.903
    9          inf   3.5815e+09   2.2924e+10   6125   1496   294   1225      0     12      0   0.413   0.014   0.002   0.436     2.339
   10          inf   3.5815e+09   2.1194e+10   7350   1509   189   1225      0     13      0   0.503   0.016   0.001   0.529     2.868
   11          inf   3.5815e+09   8.4827e+09   8575   1528    52   1225      0     19      0   0.589   0.013   0.001   0.613     3.482
   12          inf   3.5815e+09   3.6020e+09   9585   1429     0   1225    215     21    120   0.774   0.015   0.003   0.811     4.293
   13          inf   3.5853e+09   3.5994e+09  10229   1440     0   1225    581     14      3   0.501   0.015   0.003   0.539     4.832
   14          inf   3.5884e+09   3.5977e+09  10706   1456     0   1225    748     17      1   0.542   0.015   0.003   0.582     5.414
   15          inf   3.5884e+09   3.5969e+09  11080   1459     0   1225    851      7      4   0.513   0.015   0.003   0.554     5.967
   16          inf   3.5905e+09   3.5961e+09  11306   1458     0   1225    999      3      4   0.549   0.012   0.003   0.587     6.554
   17          inf   3.5915e+09   3.5954e+09  11028   1453     0   1225   1503      3      8   0.584   0.015   0.004   0.626     7.181
   18          inf   3.5918e+09   3.5949e+09  10688   1446     0   1225   1565      5     12   0.518   0.013   0.003   0.556     7.737
   19          inf   3.5918e+09   3.5944e+09  10697   1436     0   1224   1215      2     12   0.545   0.014   0.003   0.584     8.321
   20          inf   3.5922e+09   3.5941e+09  10755   1437     0   1222   1164      5      4   0.538   0.013   0.003   0.576     8.897
   21          inf   3.5926e+09   3.5939e+09  10656   1436     0   1221   1320      3      4   0.528   0.015   0.003   0.570     9.466
   22          inf   3.5931e+09   3.5938e+09  10656   1436     0   1220   1220      4      4   0.546   0.015   0.004   0.587    10.053
   23   3.5937e+09   3.5932e+09   3.5937e+09  10693   1433     0   1215   1178      0      3   0.518   0.015   0.003   0.556    10.609
   24   3.5937e+09   3.5933e+09   3.5936e+09  10730   1433     0   1217   1180      2      2   0.546   0.014   0.003   0.585    11.194
   25   3.5937e+09   3.5934e+09   3.5936e+09  10730   1437     0  *1203      0      4      0   0.549   0.015   0.004   0.567    11.761
CG optimal after 25 iterations. UB=3593666713.987998 LB=3593381574.282011 gap=2.851e+05 tol=3.594e+05  t_LP=11.083  t_PR=0.333  t_SP=0.058  t_Tot=11.791
[pricing-cutoff] enabled=1 cut=14753 priced=39200 rate=37.6%

# === STDOUT (result CSV) ===
Setting parameter 'LpMethod' to 2
Setting parameter 'GPUMode' to 2
Setting parameter 'Presolve' to 0
Setting parameter 'Crossover' to 0
instance,formulation,iterations,columns,objective,lower_bound,optimal,time,time_lp,time_pricing,time_separation
data/commalab/grid/grid15,tree,25,9505,3593666713.987998,3593381574.282011,1,11.834,11.083,0.333,0.058
