# cmd: /usr/bin/time -o /tmp/mcfcg_mem_os8ri79g.txt -f %M build/mcfcg_cli data/commalab/grid/grid14 --solver copt --copt-gpu-mode 2 --formulation tree --max-iters 10000 --pricing-cutoff --time-limit 1800.0
# outcome: ok
# returncode: 0
# peak_rss_kb: 653752
# peak_rss_source: measured
# === STDERR (CG iteration log + preamble) ===
Instance: 1225 vertices, 4760 arcs, 16000 commodities, 1225 sources
Solver: copt (gpu-mode 2), formulation: tree
Pricing threads: 32 (auto)
Slack mode: CommodityRows (struct=1225, capped_arcs=4760)
[lp-config] backend=copt version=8.0.1 method=barrier exec=GPU presolve=off crossover=off tol=0.0001 threads=n/a(GPU)
   It           UB           LB       LP_obj   #col   #row  #slk   +col   -col   +cut   -cut    t_LP    t_PR    t_SP   t_Tot     t_acc
    1          inf   7.4250e+07   1.2250e+05   2450   1225  1225      0      0      0      0   0.357   0.001   0.001   0.359     0.359
    2          inf   7.4250e+07   1.2250e+06   2450   1225  1225      0      0      0      0   0.165   0.001   0.001   0.167     0.526
    3          inf   7.4250e+07   1.2250e+07   2450   1225  1225      0      0      0      0   0.159   0.001   0.001   0.160     0.686
    4          inf   1.5029e+08   1.2250e+08   2450   1225  1225      0      0      0      0   0.152   0.001   0.001   0.154     0.840
    5          inf   1.1734e+09   1.1712e+09   2450   1225   967      0      0      0      0   0.162   0.014   0.001   0.177     1.017
    6          inf   1.7977e+09   1.7977e+09   2450   1442     0      0      0    217      0   0.163   0.024   0.001   0.187     1.204
    7          inf   1.7977e+09   4.6145e+09   3670   1442   606   1220      0      0      0   0.249   0.012   0.001   0.266     1.471
    8          inf   1.7977e+09   5.6097e+09   4892   1442   449   1222      0      0      0   0.327   0.015   0.002   0.349     1.820
    9          inf   1.7977e+09   6.4545e+09   6116   1456   315   1224      0     14      0   0.340   0.013   0.001   0.360     2.180
   10          inf   1.7977e+09   3.7732e+09   7341   1476    83   1225      0     20      0   0.366   0.013   0.001   0.386     2.566
   11          inf   1.7977e+09   1.8059e+09   8564   1498     0   1223      0     22      0   0.471   0.011   0.002   0.490     3.057
   12          inf   1.7997e+09   1.8047e+09   9585   1410     0   1224    203     10     98   0.522   0.013   0.002   0.551     3.607
   13          inf   1.8012e+09   1.8040e+09  10258   1423     0   1221    548     13      0   0.383   0.012   0.003   0.409     4.017
   14          inf   1.8014e+09   1.8035e+09  10823   1425     0   1216    651      5      3   0.410   0.012   0.003   0.439     4.455
   15          inf   1.8020e+09   1.8032e+09  11110   1427     0   1205    918      8      6   0.433   0.013   0.003   0.463     4.919
   16          inf   1.8022e+09   1.8030e+09  10793   1423     0   1190   1507      1      5   0.441   0.010   0.002   0.468     5.387
   17          inf   1.8024e+09   1.8029e+09  10416   1415     0   1170   1547      3     11   0.427   0.012   0.003   0.458     5.845
   18          inf   1.8025e+09   1.8028e+09  10243   1409     0   1137   1310      1      7   0.442   0.011   0.003   0.472     6.317
   19          inf   1.8025e+09   1.8027e+09  10157   1402     0   1084   1170      1      8   0.422   0.012   0.002   0.450     6.767
   20          inf   1.8026e+09   1.8027e+09  10053   1401     0   1085   1189      4      5   0.418   0.013   0.003   0.447     7.215
   21          inf   1.8026e+09   1.8027e+09   9774   1399     0    930   1209      3      5   0.403   0.012   0.003   0.430     7.645
   22          inf   1.8027e+09   1.8027e+09   9670   1400     0    969   1073      4      3   0.404   0.012   0.002   0.432     8.076
   23          inf   1.8027e+09   1.8027e+09   9430   1398     0    665    905      2      4   0.432   0.012   0.003   0.458     8.534
   24   1.8027e+09   1.8027e+09   1.8027e+09   9430   1398     0   *156      0      0      0   0.376   0.012   0.002   0.390     8.925
CG optimal after 24 iterations. UB=1802672991.333449 LB=1802671090.739045 gap=1.901e+03 tol=1.803e+05  t_LP=8.426  t_PR=0.285  t_SP=0.045  t_Tot=8.948
[pricing-cutoff] enabled=1 cut=17268 priced=37975 rate=45.5%

# === STDOUT (result CSV) ===
Setting parameter 'LpMethod' to 2
Setting parameter 'GPUMode' to 2
Setting parameter 'Presolve' to 0
Setting parameter 'Crossover' to 0
instance,formulation,iterations,columns,objective,lower_bound,optimal,time,time_lp,time_pricing,time_separation
data/commalab/grid/grid14,tree,24,8205,1802672991.333449,1802671090.739045,1,8.982,8.426,0.285,0.045
