# cmd: /usr/bin/time -o /tmp/mcfcg_mem_4rxzh2ln.txt -f %M build/mcfcg_cli data/commalab/grid/grid12 --solver copt --copt-gpu-mode 2 --formulation tree --max-iters 10000 --pricing-cutoff --time-limit 1800.0
# outcome: ok
# returncode: 0
# peak_rss_kb: 571096
# peak_rss_source: measured
# === STDERR (CG iteration log + preamble) ===
Instance: 900 vertices, 3480 arcs, 6000 commodities, 899 sources
Solver: copt (gpu-mode 2), formulation: tree
Pricing threads: 32 (auto)
Slack mode: CommodityRows (struct=899, capped_arcs=3480)
[lp-config] backend=copt version=8.0.1 method=barrier exec=GPU presolve=off crossover=off tol=0.0001 threads=n/a(GPU)
   It           UB           LB       LP_obj   #col   #row  #slk   +col   -col   +cut   -cut    t_LP    t_PR    t_SP   t_Tot     t_acc
    1          inf   2.7699e+07   8.9900e+04   1798    899   899      0      0      0      0   0.347   0.000   0.000   0.347     0.347
    2          inf   2.7699e+07   8.9900e+05   1798    899   899      0      0      0      0   0.157   0.000   0.000   0.158     0.505
    3          inf   2.7852e+07   8.9900e+06   1798    899   899      0      0      0      0   0.149   0.000   0.000   0.150     0.655
    4          inf   9.6109e+07   8.9531e+07   1798    899   884      0      0      0      0   0.148   0.001   0.000   0.149     0.804
    5          inf   5.4946e+08   5.4926e+08   1798   1027   122      0      0    128      0   0.152   0.013   0.001   0.166     0.970
    6          inf   5.4946e+08   8.0124e+08   2630   1027   486    838      6      0      0   0.198   0.007   0.000   0.207     1.177
    7          inf   5.4946e+08   1.5191e+09   3495   1039   343    865      0     12      0   0.205   0.006   0.000   0.213     1.390
    8          inf   5.4946e+08   1.2550e+09   4369   1100   110    874      0     61      0   0.211   0.006   0.001   0.220     1.610
    9          inf   5.4946e+08   1.0960e+09   5256   1130    81    887      0     30      0   0.274   0.006   0.000   0.283     1.893
   10          inf   5.7136e+08   5.7839e+08   6142   1159     0    886      0     29      0   0.346   0.006   0.001   0.355     2.248
   11          inf   5.7591e+08   5.7803e+08   6876   1142     0    881    147     15     32   0.300   0.006   0.001   0.312     2.560
   12          inf   5.7652e+08   5.7775e+08   7433   1151     0    865    308     10      1   0.311   0.006   0.001   0.324     2.883
   13          inf   5.7673e+08   5.7753e+08   7855   1160     0    853    431     11      2   0.314   0.006   0.001   0.326     3.210
   14          inf   5.7695e+08   5.7739e+08   8028   1153     0    831    658      4     11   0.336   0.006   0.001   0.349     3.559
   15          inf   5.7699e+08   5.7729e+08   7803   1150     0    792   1017      6      9   0.314   0.006   0.001   0.328     3.887
   16          inf   5.7709e+08   5.7724e+08   7478   1142     0    761   1086      7     15   0.327   0.006   0.001   0.341     4.228
   17          inf   5.7712e+08   5.7721e+08   7276   1139     0    727    929      4      7   0.300   0.007   0.001   0.314     4.542
   18          inf   5.7716e+08   5.7720e+08   7019   1132     0    638    895      1      8   0.319   0.006   0.001   0.332     4.874
   19          inf   5.7717e+08   5.7719e+08   6723   1131     0    516    812      6      7   0.321   0.007   0.001   0.334     5.209
   20          inf   5.7718e+08   5.7719e+08   6330   1130     0    357    750      3      4   0.322   0.006   0.001   0.334     5.543
   21   5.7719e+08   5.7719e+08   5.7719e+08   6330   1130     0   *159      0      0      0   0.320   0.006   0.001   0.327     5.870
CG optimal after 21 iterations. UB=577186652.978752 LB=577185549.836801 gap=1.103e+03 tol=5.772e+04  t_LP=5.670  t_PR=0.122  t_SP=0.015  t_Tot=5.880
[pricing-cutoff] enabled=1 cut=11612 priced=24273 rate=47.8%

# === STDOUT (result CSV) ===
Setting parameter 'LpMethod' to 2
Setting parameter 'GPUMode' to 2
Setting parameter 'Presolve' to 0
Setting parameter 'Crossover' to 0
instance,formulation,iterations,columns,objective,lower_bound,optimal,time,time_lp,time_pricing,time_separation
data/commalab/grid/grid12,tree,21,5431,577186652.978752,577185549.836801,1,5.906,5.670,0.122,0.015
