# cmd: /usr/bin/time -o /tmp/mcfcg_mem__y3ddtde.txt -f %M build/mcfcg_cli data/commalab/grid/grid8 --solver copt --copt-gpu-mode 2 --formulation path --max-iters 10000 --pricing-cutoff --time-limit 1800.0
# outcome: ok
# returncode: 0
# peak_rss_kb: 500500
# peak_rss_source: measured
# === STDERR (CG iteration log + preamble) ===
Instance: 625 vertices, 2400 arcs, 500 commodities, 343 sources
Solver: copt (gpu-mode 2), formulation: path
Pricing threads: 32 (auto)
Slack mode: CommodityRows (struct=500, capped_arcs=2400)
[lp-config] backend=copt version=8.0.1 method=barrier exec=GPU presolve=off crossover=off tol=0.0001 threads=n/a(GPU)
   It           UB           LB       LP_obj   #col   #row  #slk   +col   -col   +cut   -cut    t_LP    t_PR    t_SP   t_Tot     t_acc
    1          inf   4.5016e+06   2.7778e+06   1000    500   499      0      0      0      0   0.346   0.001   0.000   0.347     0.347
    2          inf   2.5344e+07   2.5136e+07   1000    500   349      0      0      0      0   0.158   0.001   0.000   0.159     0.507
    3          inf   4.1328e+07   4.1328e+07   1000    776     0      0      0    276      0   0.143   0.002   0.000   0.146     0.652
    4          inf   4.1328e+07   1.0076e+08   1369    776   208    369      0      0      0   0.193   0.001   0.000   0.195     0.848
    5          inf   4.1328e+07   2.3437e+08   1721    799   176    352      0     23      0   0.207   0.001   0.000   0.209     1.057
    6          inf   4.1328e+07   1.6668e+08   2092    847    92    371      0     48      0   0.217   0.001   0.000   0.219     1.276
    7          inf   4.1328e+07   5.5419e+07   2460    908    23    368      0     61      0   0.248   0.001   0.000   0.250     1.526
    8          inf   4.1384e+07   4.1799e+07   2791    932     0    331      0     24      0   0.268   0.001   0.000   0.270     1.796
    9          inf   4.1620e+07   4.1763e+07   3016    858     0    268     43      9     83   0.280   0.001   0.000   0.282     2.078
   10          inf   4.1640e+07   4.1740e+07   3160    876     0    249    105     18      0   0.269   0.001   0.000   0.271     2.349
   11          inf   4.1662e+07   4.1728e+07   3267    880     0    217    110      8      4   0.256   0.002   0.000   0.259     2.609
   12          inf   4.1681e+07   4.1720e+07   3206    873     0    182    243      2      9   0.264   0.001   0.001   0.267     2.876
   13          inf   4.1694e+07   4.1715e+07   2955    852     0    145    396      4     25   0.259   0.001   0.000   0.262     3.138
   14          inf   4.1705e+07   4.1713e+07   2722    840     0     94    327      3     15   0.256   0.001   0.000   0.258     3.396
   15          inf   4.1706e+07   4.1712e+07   2570    833     0     77    229      3     10   0.249   0.001   0.000   0.252     3.648
   16          inf   4.1709e+07   4.1711e+07   2395    818     0     37    212      2     17   0.250   0.001   0.000   0.253     3.901
   17          inf   4.1711e+07   4.1711e+07   2249    814     0     24    170      3      7   0.256   0.001   0.000   0.258     4.159
   18          inf   4.1711e+07   4.1711e+07   2154    812     0     15    110      2      4   0.242   0.001   0.000   0.244     4.403
   19          inf   4.1711e+07   4.1711e+07   2052    806     0      3    105      1      7   0.247   0.001   0.000   0.250     4.653
   20   4.1711e+07   4.1711e+07   4.1711e+07   2052    806     0     *5      0      0      0   0.259   0.001   0.000   0.261     4.913
CG optimal after 20 iterations. UB=41711151.022759 LB=41711128.533252 gap=2.249e+01 tol=4.171e+03  t_LP=4.868  t_PR=0.031  t_SP=0.007  t_Tot=4.919
[pricing-cutoff] enabled=1 cut=5487 priced=8232 rate=66.7%

# === STDOUT (result CSV) ===
Setting parameter 'LpMethod' to 2
Setting parameter 'GPUMode' to 2
Setting parameter 'Presolve' to 0
Setting parameter 'Crossover' to 0
instance,formulation,iterations,columns,objective,lower_bound,optimal,time,time_lp,time_pricing,time_separation
data/commalab/grid/grid8,path,20,1552,41711151.022759,41711128.533252,1,4.939,4.868,0.031,0.007
