# cmd: /usr/bin/time -o /tmp/mcfcg_mem_5kxg77yg.txt -f %M build/mcfcg_cli data/commalab/grid/grid6 --solver copt --copt-gpu-mode 2 --formulation tree --max-iters 10000 --pricing-cutoff --time-limit 1800.0
# outcome: ok
# returncode: 0
# peak_rss_kb: 482544
# peak_rss_source: measured
# === STDERR (CG iteration log + preamble) ===
Instance: 225 vertices, 840 arcs, 200 commodities, 135 sources
Solver: copt (gpu-mode 2), formulation: tree
Pricing threads: 32 (auto)
Slack mode: CommodityRows (struct=135, capped_arcs=840)
[lp-config] backend=copt version=8.0.1 method=barrier exec=GPU presolve=off crossover=off tol=0.0001 threads=n/a(GPU)
   It           UB           LB       LP_obj   #col   #row  #slk   +col   -col   +cut   -cut    t_LP    t_PR    t_SP   t_Tot     t_acc
    1          inf   1.0031e+06   1.3500e+04    270    135   135      0      0      0      0   0.348   0.000   0.000   0.348     0.348
    2          inf   1.0031e+06   1.3500e+05    270    135   135      0      0      0      0   0.158   0.000   0.000   0.158     0.506
    3          inf   1.7184e+06   1.3338e+06    270    135   130      0      0      0      0   0.147   0.000   0.000   0.147     0.654
    4          inf   8.3296e+06   8.2519e+06    270    158    35      0      0     23      0   0.151   0.000   0.000   0.151     0.805
    5          inf   8.3296e+06   1.6194e+07    352    202    62     82      0     44      0   0.156   0.000   0.000   0.157     0.962
    6          inf   8.3296e+06   4.6956e+07    451    213    60    100      1     11      0   0.165   0.000   0.000   0.165     1.127
    7          inf   8.3296e+06   5.7345e+07    550    227    31     99      0     14      0   0.175   0.000   0.000   0.176     1.303
    8          inf   8.3296e+06   1.4221e+07    640    246     6     90      0     19      0   0.179   0.000   0.000   0.179     1.483
    9          inf   8.3296e+06   1.2122e+07    725    254     1     85      0      8      0   0.194   0.000   0.000   0.194     1.677
   10          inf   1.0337e+07   1.0417e+07    792    262     0     80     13      8      0   0.181   0.000   0.000   0.182     1.859
   11          inf   1.0368e+07   1.0411e+07    846    265     0     72     18      8      5   0.182   0.000   0.000   0.183     2.042
   12          inf   1.0381e+07   1.0407e+07    871    265     0     59     34      2      2   0.186   0.000   0.000   0.187     2.229
   13          inf   1.0393e+07   1.0404e+07    870    269     0     47     48      5      1   0.181   0.000   0.000   0.182     2.410
   14   1.0403e+07   1.0393e+07   1.0403e+07    840    265     0     45     75      0      4   0.181   0.000   0.000   0.182     2.592
   15   1.0403e+07   1.0398e+07   1.0402e+07    789    262     0     28     79      1      4   0.189   0.000   0.000   0.189     2.782
   16   1.0401e+07   1.0398e+07   1.0401e+07    751    259     0     34     72      0      3   0.187   0.000   0.000   0.188     2.970
   17   1.0401e+07   1.0400e+07   1.0401e+07    751    261     0    *13      0      2      0   0.190   0.000   0.000   0.190     3.160
CG optimal after 17 iterations. UB=10401356.492440 LB=10400366.782299 gap=9.897e+02 tol=1.040e+03  t_LP=3.149  t_PR=0.006  t_SP=0.002  t_Tot=3.162
[pricing-cutoff] enabled=1 cut=2001 priced=2970 rate=67.4%

# === STDOUT (result CSV) ===
Setting parameter 'LpMethod' to 2
Setting parameter 'GPUMode' to 2
Setting parameter 'Presolve' to 0
Setting parameter 'Crossover' to 0
instance,formulation,iterations,columns,objective,lower_bound,optimal,time,time_lp,time_pricing,time_separation
data/commalab/grid/grid6,tree,17,616,10401356.492440,10400366.782299,1,3.181,3.149,0.006,0.002
