# cmd: /usr/bin/time -o /tmp/mcfcg_mem_0m4fxl12.txt -f %M build/mcfcg_cli data/commalab/planar/planar100 --solver copt --copt-gpu-mode 2 --formulation path --max-iters 10000 --pricing-cutoff --time-limit 1800.0
# outcome: ok
# returncode: 0
# peak_rss_kb: 492908
# peak_rss_source: measured
# === STDERR (CG iteration log + preamble) ===
Instance: 100 vertices, 532 arcs, 1085 commodities, 100 sources
Solver: copt (gpu-mode 2), formulation: path
Pricing threads: 32 (auto)
Slack mode: EdgeRows (struct=1085, capped_arcs=532)
[lp-config] backend=copt version=8.0.1 method=barrier exec=GPU presolve=off crossover=off tol=0.0001 threads=n/a(GPU)
   It           UB           LB       LP_obj   #col   #row  #slk   +col   -col   +cut   -cut    t_LP    t_PR    t_SP   t_Tot     t_acc
    1          inf   2.1492e+08   2.1492e+08   1170   1170     0      0      0     85      0   0.344   0.000   0.000   0.344     0.344
    2          inf   2.1492e+08   6.4779e+08   2139   1170    85    969      0      0      0   0.189   0.000   0.000   0.189     0.534
    3          inf   2.1783e+08   2.3831e+08   2854   1199     0    686      0     29      0   0.185   0.000   0.000   0.186     0.720
    4          inf   2.1783e+08   2.4915e+08   3671   1208     8    808      0      9      0   0.196   0.000   0.000   0.197     0.917
    5          inf   2.2588e+08   2.3322e+08   4257   1210     0    584      0      2      0   0.213   0.000   0.000   0.214     1.131
    6          inf   2.3008e+08   2.3194e+08   4600   1216     0    337      0      6      0   0.201   0.000   0.000   0.202     1.333
    7          inf   2.3099e+08   2.3158e+08   4738   1221     0    133      0      5      0   0.202   0.000   0.001   0.203     1.536
    8   2.3139e+08   2.3124e+08   2.3139e+08   4262   1197     0     71    523      0     24   0.200   0.000   0.000   0.202     1.738
    9   2.3134e+08   2.3134e+08   2.3134e+08   4262   1197     0     *5      0      0      0   0.197   0.000   0.000   0.197     1.935
CG optimal after 9 iterations. UB=231340800.000047 LB=231336170.067052 gap=4.630e+03 tol=2.313e+04  t_LP=1.926  t_PR=0.004  t_SP=0.003  t_Tot=1.937
[pricing-cutoff] enabled=1 cut=518 priced=1100 rate=47.1%

# === STDOUT (result CSV) ===
Setting parameter 'LpMethod' to 2
Setting parameter 'GPUMode' to 2
Setting parameter 'Presolve' to 0
Setting parameter 'Crossover' to 0
instance,formulation,iterations,columns,objective,lower_bound,optimal,time,time_lp,time_pricing,time_separation
data/commalab/planar/planar100,path,9,4150,231340800.000047,231336170.067052,1,1.953,1.926,0.004,0.003
