# cmd: /usr/bin/time -o /tmp/mcfcg_mem_ek7jta25.txt -f %M build/mcfcg_cli data/commalab/planar/planar80 --solver copt --copt-gpu-mode 2 --formulation path --max-iters 10000 --pricing-cutoff --time-limit 1800.0
# outcome: ok
# returncode: 0
# peak_rss_kb: 485836
# peak_rss_source: measured
# === STDERR (CG iteration log + preamble) ===
Instance: 80 vertices, 440 arcs, 543 commodities, 80 sources
Solver: copt (gpu-mode 2), formulation: path
Pricing threads: 32 (auto)
Slack mode: EdgeRows (struct=543, capped_arcs=440)
[lp-config] backend=copt version=8.0.1 method=barrier exec=GPU presolve=off crossover=off tol=0.0001 threads=n/a(GPU)
   It           UB           LB       LP_obj   #col   #row  #slk   +col   -col   +cut   -cut    t_LP    t_PR    t_SP   t_Tot     t_acc
    1          inf   1.6746e+08   1.6746e+08    634    634     0      0      0     91      0   0.348   0.000   0.000   0.349     0.349
    2          inf   1.6746e+08   2.5924e+09   1155    634    91    521      0      0      0   0.205   0.000   0.000   0.206     0.555
    3          inf   1.6746e+08   1.8987e+08   1610    676     0    413      0     42      0   0.182   0.000   0.000   0.183     0.737
    4          inf   1.6746e+08   2.8676e+08   2045    686    16    425      0     10      0   0.184   0.000   0.000   0.185     0.922
    5          inf   1.6746e+08   2.7527e+08   2389    694     6    336      0      8      0   0.194   0.000   0.000   0.194     1.116
    6          inf   1.7893e+08   1.8337e+08   2692    695     0    302      0      1      0   0.197   0.000   0.000   0.197     1.314
    7          inf   1.8110e+08   1.8270e+08   2862    697     0    168      0      2      0   0.199   0.000   0.000   0.200     1.514
    8   1.8248e+08   1.8232e+08   1.8248e+08   2753    683     0    111    206      0     14   0.202   0.000   0.000   0.203     1.717
    9   1.8248e+08   1.8244e+08   1.8244e+08   2754    684     0      0      0      1      0   0.198   0.000   0.000   0.198     1.915
   10   1.8244e+08   1.8244e+08   1.8244e+08   2754    684     0     *0      0      0      0   0.209   0.000   0.000   0.210     2.125
CG optimal after 10 iterations. UB=182438134.000000 LB=182438132.414779 gap=1.585e+00 tol=1.824e+04  t_LP=2.117  t_PR=0.004  t_SP=0.002  t_Tot=2.126
[pricing-cutoff] enabled=1 cut=621 priced=1120 rate=55.4%

# === STDOUT (result CSV) ===
Setting parameter 'LpMethod' to 2
Setting parameter 'GPUMode' to 2
Setting parameter 'Presolve' to 0
Setting parameter 'Crossover' to 0
instance,formulation,iterations,columns,objective,lower_bound,optimal,time,time_lp,time_pricing,time_separation
data/commalab/planar/planar80,path,10,2613,182438134.000000,182438132.414779,1,2.145,2.117,0.004,0.002
