# cmd: /usr/bin/time -o /tmp/mcfcg_mem_0d5cmlij.txt -f %M build/mcfcg_cli data/commalab/planar/planar500 --solver copt --copt-gpu-mode 2 --formulation tree --max-iters 10000 --pricing-cutoff --time-limit 1800.0
# outcome: ok
# returncode: 0
# peak_rss_kb: 506664
# peak_rss_source: measured
# === STDERR (CG iteration log + preamble) ===
Instance: 500 vertices, 2842 arcs, 3525 commodities, 500 sources
Solver: copt (gpu-mode 2), formulation: tree
Pricing threads: 32 (auto)
Slack mode: CommodityRows (struct=500, capped_arcs=2842)
[lp-config] backend=copt version=8.0.1 method=barrier exec=GPU presolve=off crossover=off tol=0.0001 threads=n/a(GPU)
   It           UB           LB       LP_obj   #col   #row  #slk   +col   -col   +cut   -cut    t_LP    t_PR    t_SP   t_Tot     t_acc
    1          inf   1.4294e+08   1.4003e+08   1000    500   486      0      0      0      0   0.356   0.001   0.000   0.357     0.357
    2          inf   4.7568e+08   4.7568e+08   1000    604     1      0      0    104      0   0.168   0.004   0.000   0.172     0.529
    3          inf   4.7568e+08   6.6299e+08   1457    604   142    457      0      0      0   0.175   0.003   0.000   0.180     0.709
    4          inf   4.7568e+08   7.4618e+08   1926    604   151    469      0      0      0   0.194   0.003   0.000   0.198     0.907
    5          inf   4.7568e+08   9.6792e+08   2405    604   114    479      0      0      0   0.215   0.003   0.000   0.219     1.126
    6          inf   4.7568e+08   6.2765e+08   2890    606    36    485      0      2      0   0.233   0.002   0.000   0.237     1.363
    7          inf   4.7856e+08   4.8357e+08   3347    607     0    457      0      1      0   0.218   0.003   0.001   0.222     1.584
    8          inf   4.8078e+08   4.8278e+08   3744    561     0    428     31      1     47   0.220   0.003   0.000   0.225     1.810
    9          inf   4.8082e+08   4.8236e+08   3855    562     0    392    281      1      0   0.203   0.002   0.001   0.208     2.017
   10          inf   4.8149e+08   4.8209e+08   3896    566     0    357    316      4      0   0.200   0.002   0.001   0.205     2.223
   11   4.8201e+08   4.8183e+08   4.8201e+08   3779    565     0    278    395      0      1   0.213   0.002   0.001   0.217     2.440
   12   4.8199e+08   4.8196e+08   4.8199e+08   3779    565     0   *195      0      0      0   0.215   0.002   0.001   0.218     2.658
CG optimal after 12 iterations. UB=481987530.045638 LB=481956422.461370 gap=3.111e+04 tol=4.820e+04  t_LP=2.610  t_PR=0.035  t_SP=0.005  t_Tot=2.663
[pricing-cutoff] enabled=1 cut=3003 priced=7500 rate=40.0%

# === STDOUT (result CSV) ===
Setting parameter 'LpMethod' to 2
Setting parameter 'GPUMode' to 2
Setting parameter 'Presolve' to 0
Setting parameter 'Crossover' to 0
instance,formulation,iterations,columns,objective,lower_bound,optimal,time,time_lp,time_pricing,time_separation
data/commalab/planar/planar500,tree,12,3279,481987530.045638,481956422.461370,1,2.681,2.610,0.035,0.005
