# cmd: /usr/bin/time -o /tmp/mcfcg_mem_drct9i_m.txt -f %M build/mcfcg_cli data/commalab/planar/planar1000 --solver copt --copt-gpu-mode 2 --formulation tree --max-iters 10000 --pricing-cutoff --time-limit 1800.0
# outcome: ok
# returncode: 0
# peak_rss_kb: 817532
# peak_rss_source: measured
# === STDERR (CG iteration log + preamble) ===
Instance: 1000 vertices, 5200 arcs, 20026 commodities, 1000 sources
Solver: copt (gpu-mode 2), formulation: tree
Pricing threads: 32 (auto)
Slack mode: CommodityRows (struct=1000, capped_arcs=5200)
[lp-config] backend=copt version=8.0.1 method=barrier exec=GPU presolve=off crossover=off tol=0.0001 threads=n/a(GPU)
   It           UB           LB       LP_obj   #col   #row  #slk   +col   -col   +cut   -cut    t_LP    t_PR    t_SP   t_Tot     t_acc
    1          inf   5.7179e+07   8.7300e+06   2000   1000  1000      0      0      0      0   0.353   0.002   0.001   0.356     0.356
    2          inf   1.2829e+08   8.7300e+07   2000   1000  1000      0      0      0      0   0.161   0.001   0.001   0.163     0.519
    3          inf   8.8430e+08   8.7275e+08   2000   1000   998      0      0      0      0   0.158   0.002   0.001   0.161     0.680
    4          inf   3.1896e+09   3.1896e+09   2000   1538     0      0      0    538      0   0.156   0.022   0.002   0.179     0.860
    5          inf   3.1896e+09   6.1730e+09   2999   1538   602    999      0      0      0   0.448   0.012   0.001   0.466     1.326
    6          inf   3.1896e+09   2.5922e+10   3999   1538   647   1000      0      0      0   0.600   0.010   0.001   0.616     1.942
    7          inf   3.1896e+09   7.5058e+10   4998   1539   650    999      0      1      0   0.677   0.012   0.001   0.698     2.640
    8          inf   3.1896e+09   2.9327e+11   5998   1542   459   1000      0      3      0   0.843   0.012   0.001   0.865     3.505
    9          inf   3.1896e+09   3.0901e+11   6998   1555   345   1000      0     13      0   0.899   0.012   0.001   0.921     4.426
   10          inf   3.1896e+09   2.5421e+11   7628   1267   279   1000    370      9    297   0.969   0.013   0.001   1.005     5.431
   11          inf   3.1896e+09   1.7791e+11   7901   1360   187   1000    727     93      0   0.496   0.012   0.002   0.524     5.955
   12          inf   3.1896e+09   1.6188e+11   8168   1393   176   1000    733     33      0   0.597   0.012   0.003   0.625     6.580
   13          inf   3.1896e+09   1.0362e+11   8327   1447   116   1000    841     56      2   0.628   0.011   0.001   0.660     7.240
   14          inf   3.1896e+09   7.7369e+10   8504   1505    85   1000    823     59      1   0.673   0.011   0.001   0.706     7.946
   15          inf   3.1896e+09   4.9073e+10   8741   1544    54   1000    763     49     10   0.738   0.013   0.001   0.775     8.721
   16          inf   3.1896e+09   1.5044e+10   9008   1606    16   1000    733     67      5   0.835   0.013   0.001   0.874     9.596
   17          inf   3.1896e+09   6.4702e+09   9124   1629     3   1000    884     27      4   1.013   0.012   0.003   1.057    10.652
   18          inf   3.1896e+09   3.5636e+09   9292   1601     0   1000    832      7     35   1.011   0.012   0.003   1.050    11.703
   19          inf   3.2522e+09   3.5459e+09   9407   1595     0   1000    885      6     12   0.920   0.011   0.003   0.959    12.661
   20          inf   3.2548e+09   3.5323e+09   9526   1584     0   1000    881     11     22   0.885   0.011   0.003   0.924    13.586
   21          inf   3.2959e+09   3.5191e+09   9606   1588     0   1000    920     15     11   0.897   0.011   0.002   0.940    14.526
   22          inf   3.2959e+09   3.5082e+09   9527   1580     0   1000   1079     10     18   0.924   0.012   0.003   0.963    15.489
   23          inf   3.3188e+09   3.4983e+09   9207   1570     0   1000   1320     12     22   0.901   0.012   0.003   0.941    16.430
   24          inf   3.3439e+09   3.4905e+09   9155   1553     0   1000   1052     13     30   0.919   0.010   0.003   0.959    17.389
   25          inf   3.3612e+09   3.4832e+09   9242   1531     0   1000    913      5     27   0.857   0.011   0.003   0.896    18.285
   26          inf   3.3867e+09   3.4772e+09   9269   1508     0   1000    973      6     29   0.860   0.012   0.003   0.899    19.184
   27          inf   3.3867e+09   3.4718e+09   9314   1499     0   1000    955     14     23   0.811   0.012   0.002   0.850    20.034
   28          inf   3.3867e+09   3.4683e+09   9336   1498     0   1000    978      8      9   0.794   0.012   0.003   0.833    20.867
   29          inf   3.4036e+09   3.4652e+09   9338   1506     0   1000    998     15      7   0.798   0.011   0.003   0.836    21.703
   30          inf   3.4052e+09   3.4625e+09   9318   1501     0   1000   1020      8     13   0.791   0.012   0.003   0.831    22.533
   31          inf   3.4128e+09   3.4607e+09   9309   1503     0   1000   1009     11      9   0.834   0.010   0.003   0.871    23.404
   32          inf   3.4185e+09   3.4587e+09   9356   1504     0   1000    953      7      6   0.811   0.013   0.005   0.852    24.256
   33          inf   3.4266e+09   3.4573e+09   9390   1505     0   1000    966      7      6   0.828   0.011   0.002   0.865    25.121
   34          inf   3.4266e+09   3.4559e+09   9365   1498     0   1000   1025      5     12   0.850   0.011   0.003   0.888    26.009
   35          inf   3.4305e+09   3.4545e+09   9378   1499     0   1000    987      6      5   0.859   0.012   0.003   0.900    26.909
   36          inf   3.4321e+09   3.4534e+09   9378   1507     0   1000   1000     10      2   0.859   0.011   0.003   0.898    27.807
   37          inf   3.4352e+09   3.4525e+09   9382   1502     0   1000    996      7     12   0.880   0.011   0.003   0.919    28.726
   38          inf   3.4372e+09   3.4517e+09   9390   1505     0   1000    992      7      4   0.843   0.012   0.003   0.884    29.610
   39          inf   3.4395e+09   3.4512e+09   9452   1504     0   1000    938      8      9   0.846   0.011   0.003   0.886    30.496
   40          inf   3.4410e+09   3.4509e+09   9432   1504     0   1000   1020      4      4   0.862   0.012   0.003   0.902    31.398
   41          inf   3.4439e+09   3.4506e+09   9455   1505     0   1000    977      4      3   0.894   0.009   0.003   0.931    32.329
   42          inf   3.4449e+09   3.4503e+09   9475   1493     0   1000    980      3     15   0.859   0.010   0.003   0.898    33.227
   43          inf   3.4457e+09   3.4501e+09   9420   1489     0   1000   1055      3      7   0.861   0.011   0.003   0.901    34.128
   44          inf   3.4467e+09   3.4500e+09   9410   1488     0   1000   1010      3      4   0.850   0.009   0.003   0.886    35.014
   45          inf   3.4471e+09   3.4499e+09   9420   1488     0   1000    990      3      3   0.866   0.012   0.003   0.906    35.919
   46          inf   3.4477e+09   3.4498e+09   9408   1489     0   1000   1012      4      3   0.864   0.012   0.003   0.903    36.822
   47          inf   3.4483e+09   3.4497e+09   9481   1490     0   1000    927      3      2   0.868   0.012   0.003   0.910    37.732
   48          inf   3.4487e+09   3.4497e+09   9486   1489     0   1000    995      1      2   0.928   0.011   0.003   0.966    38.698
   49          inf   3.4491e+09   3.4496e+09   9516   1487     0   1000    970      1      3   0.870   0.011   0.003   0.908    39.606
   50          inf   3.4493e+09   3.4496e+09   9584   1486     0   1000    932      4      5   0.926   0.011   0.003   0.965    40.571
   51          inf   3.4494e+09   3.4496e+09   9636   1486     0   1000    948      1      1   0.922   0.010   0.003   0.960    41.531
   52          inf   3.4495e+09   3.4496e+09   9709   1488     0   1000    927      2      0   0.937   0.010   0.003   0.968    42.499
   53   3.4496e+09   3.4496e+09   3.4496e+09   9709   1488     0  *1000      0      0      0   0.947   0.011   0.003   0.962    43.461
CG optimal after 53 iterations. UB=3449610936.676550 LB=3449610400.985126 gap=5.357e+02 tol=3.450e+05  t_LP=41.676  t_PR=0.606  t_SP=0.123  t_Tot=43.482
[pricing-cutoff] enabled=1 cut=8002 priced=58000 rate=13.8%

# === STDOUT (result CSV) ===
Setting parameter 'LpMethod' to 2
Setting parameter 'GPUMode' to 2
Setting parameter 'Presolve' to 0
Setting parameter 'Crossover' to 0
instance,formulation,iterations,columns,objective,lower_bound,optimal,time,time_lp,time_pricing,time_separation
data/commalab/planar/planar1000,tree,53,8709,3449610936.676550,3449610400.985126,1,43.525,41.676,0.606,0.123
