# cmd: /usr/bin/time -o /tmp/mcfcg_mem_wdnnbcqj.txt -f %M build/mcfcg_cli data/intermodal/BUS-2632-0.txt.gz --solver copt --copt-gpu-mode 2 --formulation tree --max-iters 10000 --strategy pricer-heavy --time-limit 1800.0
# outcome: ok
# returncode: 0
# peak_rss_kb: 705500
# peak_rss_source: measured
# === STDERR (CG iteration log + preamble) ===
Instance: 119865 vertices, 397362 arcs, 2628 commodities, 2628 sources
Solver: copt (gpu-mode 2), formulation: tree
Pricing threads: 32 (auto)
Slack mode: CommodityRows (struct=2628, capped_arcs=210464)
[lp-config] backend=copt version=8.0.1 method=barrier exec=GPU presolve=off crossover=off tol=0.0001 threads=n/a(GPU)
   It           UB           LB       LP_obj   #col   #row  #slk   +col   -col   +cut   -cut    t_LP    t_PR    t_SP   t_Tot     t_acc
    1          inf         -inf   6.8906e+04   5256   2722   161      0      0     94      0   0.365   0.000   0.035   0.401     0.401
    2          inf         -inf   6.9679e+04   5424   2722   229    168      0      0      0   0.169   0.029   0.036   0.234     0.635
    3          inf         -inf   7.1144e+04   5424   2793    14      0      0     71      0   0.163   0.000   0.037   0.200     0.835
    4          inf         -inf   7.2231e+04   5561   2793    45    137      0      0      0   0.175   0.026   0.034   0.237     1.072
    5          inf         -inf   7.2672e+04   5561   2818    13      0      0     25      0   0.170   0.000   0.032   0.202     1.275
    6          inf         -inf   7.2837e+04   5561   2823    19      0      0      5      0   0.176   0.000   0.035   0.212     1.486
    7          inf         -inf   7.2865e+04   5585   2805    21     24      0      0     18   0.177   0.019   0.037   0.233     1.720
    8          inf         -inf   7.4673e+04   5585   2807    13      0      0      2      0   0.171   0.000   0.036   0.208     1.928
    9          inf         -inf   7.4683e+04   5590   2787    14      5      0      0     20   0.174   0.016   0.035   0.225     2.153
   10          inf         -inf   7.6790e+04   5590   2792    15      0      0      5      0   0.171   0.000   0.036   0.207     2.360
   11          inf         -inf   7.6790e+04   5599   2757    15      9      0      0     35   0.169   0.019   0.036   0.225     2.584
   12          inf         -inf   7.6464e+04   5599   2760    17      0      0      3      0   0.169   0.000   0.036   0.205     2.789
   13          inf         -inf   7.6469e+04   5605   2751    18      6      0      0      9   0.177   0.019   0.036   0.233     3.022
   14          inf         -inf   8.6678e+04   5605   2757    13      0      0      6      0   0.171   0.000   0.036   0.207     3.229
   15          inf         -inf   8.6679e+04   5612   2757    13      7      0      0      0   0.170   0.019   0.037   0.226     3.455
   16          inf         -inf   9.1383e+04   5612   2758    11      0      0      1      0   0.168   0.000   0.036   0.204     3.659
   17          inf         -inf   9.1383e+04   5620   2751    12      8      0      0      7   0.169   0.019   0.037   0.226     3.885
   18          inf         -inf   9.0318e+04   5620   2762    10      0      0     11      0   0.166   0.000   0.036   0.202     4.087
   19          inf         -inf   9.0338e+04   5620   2763    11      0      0      1      0   0.166   0.000   0.036   0.203     4.290
   20          inf  -2.2490e+04   9.0338e+04   5795   2758    11    175      0      0      5   0.167   0.095   0.037   0.300     4.590
   21          inf  -2.2490e+04   7.1036e+04   5795   2773     0      0      0     15      0   0.169   0.000   0.029   0.198     4.788
   22          inf  -2.2490e+04   7.1050e+04   5795   2776     0      0      0      3      0   0.171   0.000   0.035   0.207     4.995
   23   7.1050e+04  -2.2490e+04   7.1050e+04   5797   2774     0      2      0      0      2   0.174   0.017   0.037   0.228     5.223
   24   7.1050e+04   7.0927e+04   7.1050e+04   5847   2774     0     50      0      0      0   0.173   0.071   0.036   0.281     5.504
   25   7.1050e+04   7.0927e+04   7.1028e+04   5847   2777     0      0      0      3      0   0.180   0.000   0.032   0.212     5.716
   26   7.1033e+04   7.0927e+04   7.1033e+04   5849   2759     0      2      0      0     18   0.177   0.016   0.036   0.230     5.946
   27   7.1033e+04   7.1010e+04   7.1033e+04   5860   2752     0     11      0      0      7   0.172   0.064   0.034   0.271     6.217
   28   7.1033e+04   7.1010e+04   7.1027e+04   5860   2760     0      0      0      8      0   0.171   0.000   0.031   0.201     6.418
   29   7.1027e+04   7.1010e+04   7.1027e+04   5867   2758     0      7      0      0      2   0.169   0.020   0.035   0.224     6.642
   30   7.1027e+04   7.1019e+04   7.1027e+04   5871   2747     0      4      0      0     11   0.178   0.066   0.036   0.281     6.923
   31   7.1027e+04   7.1019e+04   7.1027e+04   5871   2749     0      0      0      2      0   0.174   0.000   0.031   0.205     7.128
   32   7.1027e+04   7.1022e+04   7.1027e+04   5871   2749     0     *0      0      0      0   0.173   0.084   0.035   0.292     7.421
CG optimal after 32 iterations. UB=71026.500000 LB=71021.867600 gap=4.632e+00 tol=7.103e+00  t_LP=5.684  t_PR=0.672  t_SP=1.124  t_Tot=7.494
[bounded-pricing] enabled=0 cut=0 priced=16342 rate=0.0%

# === STDOUT (result CSV) ===
Setting parameter 'LpMethod' to 2
Setting parameter 'GPUMode' to 2
Setting parameter 'Presolve' to 0
Setting parameter 'Crossover' to 0
instance,formulation,iterations,columns,objective,lower_bound,optimal,time,time_lp,time_pricing,time_separation
data/intermodal/BUS-2632-0.txt.gz,tree,32,3243,71026.500000,71021.867600,1,7.637,5.684,0.672,1.124
