# cmd: /usr/bin/time -o /tmp/mcfcg_mem_tuypft5y.txt -f %M build/mcfcg_cli data/intermodal/BUS-7896-0.txt.gz --solver copt --copt-gpu-mode 2 --formulation tree --max-iters 10000 --strategy pricer-heavy --time-limit 1800.0
# outcome: ok
# returncode: 0
# peak_rss_kb: 839932
# peak_rss_source: measured
# === STDERR (CG iteration log + preamble) ===
Instance: 130395 vertices, 710935 arcs, 7883 commodities, 7883 sources
Solver: copt (gpu-mode 2), formulation: tree
Pricing threads: 32 (auto)
Slack mode: CommodityRows (struct=7883, capped_arcs=524037)
[lp-config] backend=copt version=8.0.1 method=barrier exec=GPU presolve=off crossover=off tol=0.0001 threads=n/a(GPU)
   It           UB           LB       LP_obj   #col   #row  #slk   +col   -col   +cut   -cut    t_LP    t_PR    t_SP   t_Tot     t_acc
    1          inf         -inf   2.0473e+05  15766   7960   475      0      0     77      0   0.363   0.000   0.051   0.414     0.414
    2          inf         -inf   2.0647e+05  16206   7960   631    440      0      0      0   0.156   0.055   0.054   0.267     0.681
    3          inf         -inf   2.1121e+05  16206   8031    48      0      0     71      0   0.169   0.000   0.051   0.220     0.902
    4          inf         -inf   2.1215e+05  16206   8035   112      0      0      4      0   0.172   0.000   0.058   0.231     1.132
    5          inf         -inf   2.1217e+05  16264   8035   112     58      0      0      0   0.175   0.030   0.063   0.268     1.401
    6          inf   1.5296e+05   2.2155e+05  16789   8035   111    525      0      0      0   0.174   0.230   0.058   0.464     1.865
    7          inf   1.5296e+05   2.1073e+05  16789   8054     2      0      0     19      0   0.185   0.000   0.050   0.236     2.101
    8          inf   1.5296e+05   2.1082e+05  16789   8055     4      0      0      1      0   0.185   0.000   0.054   0.240     2.341
    9          inf   1.5296e+05   2.1082e+05  16791   8004     4      2      0      0     51   0.189   0.025   0.059   0.275     2.616
   10          inf   1.5296e+05   2.1130e+05  16791   8005     4      0      0      1      0   0.188   0.000   0.053   0.241     2.857
   11          inf   2.0043e+05   2.1130e+05  16987   7995     4    196      0      0     10   0.183   0.251   0.058   0.493     3.350
   12          inf   2.0043e+05   2.1061e+05  16987   7999     0      0      0      4      0   0.184   0.000   0.050   0.235     3.585
   13   2.1061e+05   2.0043e+05   2.1061e+05  17008   7970     0     21      0      0     29   0.189   0.025   0.053   0.268     3.852
   14   2.1061e+05   2.0043e+05   2.1060e+05  17008   7971     0      0      0      1      0   0.184   0.000   0.051   0.235     4.087
   15   2.1060e+05   2.1056e+05   2.1060e+05  17051   7971     0     43      0      0      0   0.183   0.241   0.059   0.484     4.571
   16   2.1059e+05   2.1058e+05   2.1059e+05  17051   7971     0     *8      0      0      0   0.185   0.212   0.051   0.448     5.019
CG optimal after 16 iterations. UB=210593.501491 LB=210575.695613 gap=1.781e+01 tol=2.106e+01  t_LP=3.064  t_PR=1.310  t_SP=0.875  t_Tot=5.260
[bounded-pricing] enabled=0 cut=0 priced=40322 rate=0.0%

# === STDOUT (result CSV) ===
Setting parameter 'LpMethod' to 2
Setting parameter 'GPUMode' to 2
Setting parameter 'Presolve' to 0
Setting parameter 'Crossover' to 0
instance,formulation,iterations,columns,objective,lower_bound,optimal,time,time_lp,time_pricing,time_separation
data/intermodal/BUS-7896-0.txt.gz,tree,16,9168,210593.501491,210575.695613,1,5.468,3.064,1.310,0.875
