# cmd: /usr/bin/time -o /tmp/mcfcg_mem_od_drux0.txt -f %M build/mcfcg_cli data/intermodal/BUS-18424-0.txt.gz --solver copt --copt-gpu-mode 2 --formulation tree --max-iters 10000 --strategy pricer-heavy --time-limit 1800.0
# outcome: ok
# returncode: 0
# peak_rss_kb: 1080240
# peak_rss_source: measured
# === STDERR (CG iteration log + preamble) ===
Instance: 151455 vertices, 1338522 arcs, 18388 commodities, 18388 sources
Solver: copt (gpu-mode 2), formulation: tree
Pricing threads: 32 (auto)
Slack mode: CommodityRows (struct=18388, capped_arcs=1151624)
[lp-config] backend=copt version=8.0.1 method=barrier exec=GPU presolve=off crossover=off tol=0.0001 threads=n/a(GPU)
   It           UB           LB       LP_obj   #col   #row  #slk   +col   -col   +cut   -cut    t_LP    t_PR    t_SP   t_Tot     t_acc
    1          inf         -inf   4.7151e+05  36776  18454  1078      0      0     66      0   0.385   0.000   0.094   0.479     0.479
    2          inf         -inf   4.7582e+05  37652  18454  1435    876      0      0      0   0.048   0.143   0.093   0.285     0.765
    3          inf         -inf   4.8678e+05  37652  18496   136      0      0     42      0   0.054   0.000   0.091   0.146     0.911
    4          inf         -inf   4.8820e+05  37652  18498   237      0      0      2      0   0.062   0.000   0.091   0.154     1.065
    5          inf         -inf   4.8824e+05  37736  18498   240     84      0      0      0   0.065   0.042   0.090   0.197     1.262
    6          inf         -inf   5.0368e+05  37736  18505   224      0      0      7      0   0.060   0.000   0.091   0.152     1.414
    7          inf         -inf   5.0369e+05  37840  18482   226    104      0      0     23   0.068   0.046   0.090   0.205     1.619
    8          inf         -inf   5.3728e+05  37840  18483   179      0      0      1      0   0.066   0.000   0.091   0.158     1.776
    9          inf         -inf   5.3729e+05  37872  18454   181     32      0      0     29   0.062   0.044   0.090   0.197     1.973
   10          inf         -inf   5.6715e+05  37872  18457   196      0      0      3      0   0.062   0.000   0.092   0.155     2.128
   11          inf         -inf   5.6715e+05  37901  18455   197     29      0      0      2   0.067   0.038   0.090   0.196     2.324
   12          inf         -inf   6.8040e+05  37901  18458   176      0      0      3      0   0.066   0.000   0.091   0.157     2.481
   13          inf         -inf   6.8040e+05  37901  18459   176      0      0      1      0   0.063   0.000   0.091   0.154     2.636
   14          inf         -inf   6.8040e+05  37923  18451   176     22      0      0      8   0.066   0.040   0.091   0.198     2.834
   15          inf         -inf   9.2510e+05  37923  18452   162      0      0      1      0   0.061   0.000   0.094   0.156     2.989
   16          inf         -inf   9.2510e+05  37924  18449   162      1      0      0      3   0.065   0.041   0.092   0.199     3.188
   17          inf         -inf   1.1038e+06  37924  18452   191      0      0      3      0   0.066   0.000   0.092   0.158     3.346
   18          inf         -inf   1.1038e+06  38010  18449   191     86      0      0      3   0.065   0.056   0.090   0.213     3.559
   19          inf  -5.2904e+06   1.4808e+06  38996  18448   154    986      0      0      1   0.070   0.716   0.090   0.879     4.439
   20          inf  -5.2904e+06   4.8491e+05  38996  18487     0      0      0     39      0   0.058   0.000   0.091   0.150     4.588
   21          inf  -5.2904e+06   4.8513e+05  38996  18495    11      0      0      8      0   0.074   0.000   0.091   0.166     4.754
   22          inf  -5.2904e+06   4.8517e+05  38996  18500    13      0      0      5      0   0.079   0.000   0.091   0.171     4.925
   23          inf  -5.2904e+06   4.8517e+05  38999  18500    15      3      0      0      0   0.074   0.041   0.092   0.207     5.133
   24          inf   4.8375e+05   4.8523e+05  39417  18499     2    418      0      0      1   0.077   0.721   0.091   0.891     6.023
   25          inf   4.8375e+05   4.8504e+05  39417  18504     0      0      0      5      0   0.079   0.000   0.090   0.170     6.193
   26   4.8504e+05   4.8375e+05   4.8504e+05  39467  18464     0     50      0      0     40   0.081   0.054   0.090   0.225     6.419
   27   4.8504e+05   4.8375e+05   4.8504e+05  39467  18470     0      0      0      6      0   0.072   0.000   0.092   0.165     6.583
   28   4.8504e+05   4.8375e+05   4.8504e+05  39468  18461     0      1      0      0      9   0.075   0.054   0.090   0.220     6.803
   29   4.8504e+05   4.8497e+05   4.8504e+05  39519  18458     0     51      0      0      3   0.078   0.713   0.090   0.882     7.684
   30   4.8504e+05   4.8497e+05   4.8503e+05  39519  18460     0      0      0      2      0   0.074   0.000   0.091   0.166     7.850
   31   4.8503e+05   4.8497e+05   4.8503e+05  39532  18452     0     13      0      0      8   0.069   0.047   0.090   0.208     8.058
   32   4.8503e+05   4.8497e+05   4.8503e+05  39532  18454     0      0      0      2      0   0.075   0.000   0.091   0.166     8.224
   33   4.8503e+05   4.8499e+05   4.8503e+05  39532  18454     0     *1      0      0      0   0.073   0.760   0.090   0.923     9.147
CG optimal after 33 iterations. UB=485025.500001 LB=484993.074018 gap=3.243e+01 tol=4.850e+01  t_LP=2.558  t_PR=4.266  t_SP=3.006  t_Tot=9.861
[bounded-pricing] enabled=0 fired=0 priced=94273 rate=0.0%

# === STDOUT (result CSV) ===
Setting parameter 'LpMethod' to 2
Setting parameter 'GPUMode' to 2
Setting parameter 'Presolve' to 0
Setting parameter 'Crossover' to 0
instance,formulation,iterations,columns,objective,lower_bound,optimal,time,time_lp,time_pricing,time_separation
data/intermodal/BUS-18424-0.txt.gz,tree,33,21144,485025.500001,484993.074018,1,10.202,2.558,4.266,3.006
