# cmd: /usr/bin/time -o /tmp/mcfcg_mem_5nnf9jwa.txt -f %M build/mcfcg_cli data/intermodal/SBT-31275-0.txt.gz --solver copt --copt-gpu-mode 2 --formulation tree --max-iters 10000 --strategy pricer-heavy --time-limit 1800.0
# outcome: ok
# returncode: 0
# peak_rss_kb: 1635520
# peak_rss_source: measured
# === STDERR (CG iteration log + preamble) ===
Instance: 213509 vertices, 2760366 arcs, 31252 commodities, 31252 sources
Solver: copt (gpu-mode 2), formulation: tree
Pricing threads: 32 (auto)
Slack mode: CommodityRows (struct=31252, capped_arcs=2513346)
[lp-config] backend=copt version=8.0.1 method=barrier exec=GPU presolve=off crossover=off tol=0.0001 threads=n/a(GPU)
   It           UB           LB       LP_obj   #col   #row  #slk   +col   -col   +cut   -cut    t_LP    t_PR    t_SP   t_Tot     t_acc
    1          inf         -inf   7.9697e+05  62504  31318   523      0      0     66      0   0.414   0.000   0.193   0.609     0.609
    2          inf         -inf   8.0461e+05  63528  31318   892   1024      0      0      0   0.047   0.294   0.192   0.535     1.144
    3          inf         -inf   8.0139e+05  63528  31331     0      0      0     13      0   0.051   0.000   0.188   0.240     1.384
    4          inf         -inf   8.0149e+05  63669  31331    20    141      0      0      0   0.056   0.164   0.187   0.408     1.792
    5   8.0138e+05   8.0079e+05   8.0138e+05  63790  31331     0    121      0      0      0   0.051   4.813   0.190   5.055     6.847
    6   8.0132e+05   8.0126e+05   8.0132e+05  63790  31331     0     *0      0      0      0   0.054   9.650   0.187   9.891    16.739
CG optimal after 6 iterations. UB=801323.000000 LB=801264.507100 gap=5.849e+01 tol=8.013e+01  t_LP=0.673  t_PR=19.762  t_SP=1.138  t_Tot=21.580
[bounded-pricing] enabled=0 fired=0 priced=126342 rate=0.0%

# === STDOUT (result CSV) ===
Setting parameter 'LpMethod' to 2
Setting parameter 'GPUMode' to 2
Setting parameter 'Presolve' to 0
Setting parameter 'Crossover' to 0
instance,formulation,iterations,columns,objective,lower_bound,optimal,time,time_lp,time_pricing,time_separation
data/intermodal/SBT-31275-0.txt.gz,tree,6,32538,801323.000000,801264.507100,1,22.215,0.673,19.762,1.138
