# cmd: /home/simon/code/my/mcfcg/build/mcfcg_cli /home/simon/code/my/mcfcg/data/transportation/BerlinCenter_net.tntp.gz --solver mosek --formulation path --max-iters 10000
# outcome: ok
# returncode: 0
# === STDERR (CG iteration log + preamble) ===
TNTP: net=/home/simon/code/my/mcfcg/data/transportation/BerlinCenter_net.tntp.gz trips=/home/simon/code/my/mcfcg/data/transportation/BerlinCenter_trips.tntp.gz coef=0.5
Instance: 12981 vertices, 28376 arcs, 49688 commodities, 865 sources
Pricing threads: 32 (auto)
Slack mode: EdgeRows (struct=49688, capped_arcs=28376)
   It           UB           LB       LP_obj   #col   #row  #slk   +col   -col   +cut   -cut    t_LP    t_PR    t_SP   t_Tot
    1          inf         -inf   2.6118e+07  50223  50223     0      0      0    535      0   0.062   0.065   0.019   0.146
    2          inf         -inf   1.2022e+08  83150  50223   535  32927      0      0      0   2.451   0.043   0.003   2.535
    3          inf         -inf   2.7704e+07  95822  50405     0  12490      0    182      0   1.198   0.040   0.013   1.277
    4          inf         -inf   3.2737e+07 110019  50422    58  14180      0     17      0   3.607   0.042   0.014   3.694
    5          inf         -inf   2.8075e+07 115952  50450     2   5905      0     28      0   2.645   0.041   0.017   2.714
    6          inf         -inf   2.8158e+07 119794  50456     7   3836      0      6      0   2.627   0.044   0.018   2.698
    7          inf         -inf   2.7567e+07 121550  50458     0   1754      0      2      0   2.136   0.043   0.020   2.203
    8   2.7546e+07   2.7497e+07   2.7546e+07 102427  50323     0    928  19916      0    135   2.346   0.046   0.005   2.425
    9   2.7546e+07   2.7497e+07   2.7530e+07  94051  50256     0    611   8920      2     69   1.787   0.045   0.015   1.870
   10   2.7529e+07   2.7526e+07   2.7529e+07  82603  50210     0    543  11945      0     46   1.458   0.043   0.005   1.527
   11   2.7529e+07   2.7526e+07   2.7529e+07  77601  50189     0    123   5104      1     22   1.208   0.046   0.012   1.282
   12   2.7529e+07   2.7526e+07   2.7529e+07  74668  50171     0   1110   4025      1     19   1.320   0.046   0.011   1.393
   13   2.7529e+07   2.7526e+07   2.7529e+07  73302  50171     0    220   1586      0      0   1.246   0.043   0.004   1.304
   14   2.7529e+07   2.7526e+07   2.7529e+07  73062  50169     0   1146   1384      0      2   1.253   0.044   0.004   1.316
   15   2.7529e+07   2.7526e+07   2.7529e+07  73063  50170     0      0      0      1      0   1.118   0.078   0.009   1.206
   16   2.7529e+07   2.7528e+07   2.7529e+07  73063  50170     0     *0      0      0      0   1.078   0.073   0.004   1.155
CG optimal after 16 iterations. UB=27529155.118338 LB=27528414.104310 gap=7.410e+02 tol=2.753e+03  t_LP=27.541  t_PR=0.864  t_SP=0.170  t_Tot=28.826

# === STDOUT (result CSV) ===
instance,formulation,iterations,columns,objective,lower_bound,optimal,time,time_lp,time_pricing,time_separation
/home/simon/code/my/mcfcg/data/transportation/BerlinCenter_net.tntp.gz,path,16,72581,27529155.118338,27528414.104310,1,28.861,27.541,0.864,0.170
