# cmd: /home/simon/code/my/mcfcg/build/mcfcg_cli /home/simon/code/my/mcfcg/data/transportation/ChicagoRegional_net.tntp.gz --solver mosek --formulation path --max-iters 10000
# outcome: ok
# returncode: 0
# === STDERR (CG iteration log + preamble) ===
TNTP: net=/home/simon/code/my/mcfcg/data/transportation/ChicagoRegional_net.tntp.gz trips=/home/simon/code/my/mcfcg/data/transportation/ChicagoRegional_trips.tntp.gz coef=4.1
Instance: 12982 vertices, 39018 arcs, 2297945 commodities, 1771 sources
Pricing threads: 32 (auto)
Slack mode: EdgeRows (struct=2297945, capped_arcs=39018)
   It           UB           LB       LP_obj   #col   #row  #slk   +col   -col   +cut   -cut    t_LP    t_PR    t_SP   t_Tot
    1          inf         -inf   5.4994e+06 2298237 2298237     0      0      0    292      0   3.884   0.387   0.726   5.016
    2          inf         -inf   6.4563e+06 2348237 2298237   292  50000      0      0      0 196.949   0.410   0.032 197.478
    3          inf         -inf   1.1705e+07 2398249 2298249   239  50000      0     12      0 259.426   0.372   0.267 260.191
    4          inf         -inf   4.4172e+07 2448267 2298267   208  50000      0     18      0 277.578   0.372   0.284 278.352
    5          inf         -inf   2.4768e+08 2498270 2298270   167  50000      0      3      0 225.827   0.359   0.319 226.611
    6          inf         -inf   1.4777e+09 2548275 2298275   165  50000      0      5      0 263.790   0.353   0.325 264.574
    7          inf         -inf   5.8306e+09 2598294 2298294   146  50000      0     19      0 336.696   0.344   0.357 337.510
    8          inf         -inf   2.5117e+09 2632031 2298296    74  50000  16265      2      0 376.585   0.329   0.354 377.705
    9          inf         -inf   8.8625e+08 2676624 2298298    53  50000   5409      2      0 347.528   0.325   0.322 348.614
   10          inf         -inf   2.4522e+08 2723193 2298298    47  50000   3431      0      0 327.531   0.296   0.043 328.318
   11          inf         -inf   6.4171e+06 2772574 2298299     4  50000    620      1      0 198.621   0.313   0.334 199.732
   12   5.5263e+06   5.4761e+06   5.5263e+06 2822022 2298299     0  50000    552      0      0 152.719   0.303   0.045 153.534
   13   5.5263e+06   5.4761e+06   5.5211e+06 2868460 2298296     0  50000   3559      1      4 153.579   0.297   0.377 154.899
   14   5.5263e+06   5.4761e+06   5.5180e+06 2918315 2298297     0  50000    146      2      1 164.120   0.283   0.385 165.450
   15   5.5263e+06   5.4761e+06   5.5166e+06 2963353 2298300     0  50000   4965      3      0 158.104   0.264   0.385 159.261
   16   5.5160e+06   5.5071e+06   5.5160e+06 2743232 2298166     0  50000 269987      0    134 153.288   0.248   0.046 154.309
   17   5.5160e+06   5.5071e+06   5.5151e+06 2739440 2298164     0  50000  53790      2      4 160.635   0.251   0.265 161.749
   18   5.5160e+06   5.5071e+06   5.5145e+06 2722880 2298166     0  50000  66562      3      1 159.849   0.244   0.266 160.988
   19   5.5160e+06   5.5071e+06   5.5139e+06 2730440 2298172     0  50000  42446      9      3 152.741   0.218   0.271 153.828
   20   5.5160e+06   5.5071e+06   5.5135e+06 2721631 2298177     0  50000  58814      6      1 155.221   0.212   0.279 156.330
   21   5.5160e+06   5.5071e+06   5.5132e+06 2734861 2298180     0  35206  21979      4      1 147.308   0.194   0.277 148.357
   22   5.5160e+06   5.5071e+06   5.5132e+06 2716780 2298181     0   5751  23833      2      1 142.350   0.194   0.284 143.398
   23   5.5132e+06   5.5123e+06   5.5132e+06 2698176 2298181     0    728  19332      0      0 149.292   0.191   0.051 149.935
   24   5.5131e+06   5.5124e+06   5.5131e+06 2662890 2298180     0     34  35319      0      1 153.497   0.186   0.050 154.268
   25   5.5131e+06   5.5124e+06   5.5132e+06 2662890 2298180     0      0      0      0      0 148.123   0.384   0.051 148.581
CG optimal after 25 iterations. UB=5513157.928061 LB=5512364.972854 gap=7.930e+02 tol=5.513e+02  t_LP=4965.239  t_PR=10.662  t_SP=6.396  t_Tot=4992.320

# === STDOUT (result CSV) ===
instance,formulation,iterations,columns,objective,lower_bound,optimal,time,time_lp,time_pricing,time_separation
/home/simon/code/my/mcfcg/data/transportation/ChicagoRegional_net.tntp.gz,path,25,2662655,5513157.928061,5512364.972854,1,4993.214,4965.239,10.662,6.396
