# cmd: /usr/bin/time -o /tmp/mcfcg_mem_4dfseama.txt -f %M build/mcfcg_cli data/transportation/ChicagoRegional_net.tntp.gz --solver copt --copt-gpu-mode 2 --formulation tree --max-iters 10000 --pricing-cutoff --time-limit 1800.0
# outcome: ok
# returncode: 0
# peak_rss_kb: 5809416
# peak_rss_source: measured
# === STDERR (CG iteration log + preamble) ===
TNTP: net=data/transportation/ChicagoRegional_net.tntp.gz trips=data/transportation/ChicagoRegional_trips.tntp.gz coef=4.1
Instance: 12982 vertices, 39018 arcs, 2297945 commodities, 1771 sources
Solver: copt (gpu-mode 2), formulation: tree
Pricing threads: 32 (auto)
Slack mode: CommodityRows (struct=1771, capped_arcs=39018)
[lp-config] backend=copt version=8.0.1 method=barrier exec=GPU presolve=off crossover=off tol=0.0001 threads=n/a(GPU)
   It           UB           LB       LP_obj   #col   #row  #slk   +col   -col   +cut   -cut    t_LP    t_PR    t_SP   t_Tot     t_acc
    1          inf   3.7829e+05   2.1129e+04   3542   1771  1757      0      0      0      0   0.338   0.010   0.003   0.351     0.351
    2          inf   4.5599e+05   2.0846e+05   3542   1771  1717      0      0      0      0   0.163   0.023   0.003   0.189     0.541
    3          inf   1.8763e+06   1.8320e+06   3542   1771  1324      0      0      0      0   0.152   0.133   0.005   0.291     0.831
    4          inf   5.3742e+06   5.3728e+06   3542   2014    24      0      0    243      0   0.151   0.478   0.010   0.639     1.470
    5          inf   5.3742e+06   7.6699e+06   5301   2025   567   1759      0     11      0   0.399   0.246   0.008   0.895     2.365
    6          inf   5.3742e+06   1.5972e+07   7060   2028   585   1759      0      3      0   0.568   0.241   0.013   1.068     3.433
    7          inf   5.3742e+06   2.7241e+07   8819   2033   513   1759      0      5      0   0.688   0.238   0.019   1.176     4.610
    8          inf   5.3742e+06   3.8959e+07  10579   2053   325   1760      0     20      0   0.702   0.228   0.026   1.183     5.792
    9          inf   5.3742e+06   5.0896e+07  12344   2062   313   1765      0      9      0   0.842   0.236   0.030   1.373     7.165
   10          inf   5.3742e+06   3.9714e+07  14021   2011   166   1762     85     28     79   0.988   0.222   0.041   1.602     8.767
   11          inf   5.3742e+06   6.7789e+06  14951   2055     2   1763    833     48      4   0.972   0.232   0.047   1.588    10.355
   12          inf   5.3742e+06   8.0070e+06  15593   2078    11   1761   1119     25      2   1.039   0.231   0.030   1.641    11.996
   13          inf   5.4522e+06   5.5328e+06  15878   2086     0   1761   1476     10      2   0.968   0.231   0.048   1.595    13.592
   14          inf   5.4782e+06   5.5272e+06  16307   2083     0   1756   1327      3      6   0.993   0.236   0.050   1.633    15.225
   15          inf   5.4957e+06   5.5231e+06  16758   2085     0   1756   1305      7      5   1.014   0.225   0.051   1.649    16.874
   16          inf   5.5006e+06   5.5204e+06  16884   2078     0   1756   1630      4     11   1.009   0.225   0.052   1.648    18.522
   17          inf   5.5042e+06   5.5188e+06  16555   2066     0   1756   2085      4     16   1.091   0.225   0.052   1.731    20.253
   18          inf   5.5042e+06   5.5175e+06  15534   2036     0   1753   2774      3     33   1.081   0.225   0.051   1.705    21.958
   19          inf   5.5082e+06   5.5163e+06  15266   2023     0   1750   2018      3     16   0.962   0.231   0.050   1.598    23.556
   20          inf   5.5095e+06   5.5156e+06  15301   2023     0   1748   1713      3      3   0.928   0.227   0.049   1.560    25.116
   21          inf   5.5095e+06   5.5151e+06  15447   2018     0   1747   1601      1      6   0.967   0.227   0.047   1.591    26.708
   22          inf   5.5098e+06   5.5145e+06  15760   2014     0   1744   1431      1      5   0.990   0.227   0.048   1.609    28.316
   23          inf   5.5106e+06   5.5142e+06  15941   2015     0   1737   1556      4      3   0.989   0.240   0.049   1.632    29.948
   24   5.5140e+06   5.5108e+06   5.5140e+06  16235   2011     0   1739   1445      0      4   0.989   0.239   0.049   1.620    31.568
   25   5.5140e+06   5.5113e+06   5.5138e+06  16247   2007     0   1729   1717      1      5   1.037   0.250   0.052   1.706    33.274
   26   5.5140e+06   5.5117e+06   5.5137e+06  15991   2006     0   1725   1981      2      3   1.045   0.247   0.050   1.714    34.988
   27   5.5140e+06   5.5117e+06   5.5135e+06  16005   2011     0   1725   1711      6      1   1.036   0.246   0.051   1.691    36.680
   28   5.5140e+06   5.5117e+06   5.5134e+06  16082   2012     0   1708   1631      2      1   1.071   0.247   0.049   1.711    38.391
   29   5.5134e+06   5.5119e+06   5.5134e+06  16345   2010     0   1706   1443      0      2   1.045   0.244   0.051   1.684    40.074
   30   5.5134e+06   5.5120e+06   5.5133e+06  16573   2011     0   1696   1468      2      1   1.090   0.245   0.050   1.736    41.811
   31   5.5133e+06   5.5121e+06   5.5133e+06  16465   2010     0   1687   1795      0      1   1.082   0.245   0.050   1.724    43.535
   32   5.5132e+06   5.5122e+06   5.5132e+06  16748   2008     0   1659   1376      0      2   1.081   0.254   0.051   1.736    45.271
   33   5.5132e+06   5.5122e+06   5.5132e+06  16939   2008     0   1664   1473      0      0   1.033   0.250   0.052   1.668    46.939
   34   5.5132e+06   5.5122e+06   5.5132e+06  17093   2006     0   1632   1478      0      2   1.078   0.251   0.051   1.726    48.665
   35   5.5132e+06   5.5123e+06   5.5132e+06  17508   2006     0   1625   1210      0      0   1.072   0.251   0.052   1.712    50.377
   36   5.5132e+06   5.5123e+06   5.5132e+06  18215   2005     0   1615    908      1      2   1.099   0.244   0.054   1.750    52.127
   37   5.5132e+06   5.5123e+06   5.5132e+06  18769   2005     0   1555   1001      0      0   1.103   0.235   0.056   1.738    53.865
   38   5.5132e+06   5.5123e+06   5.5132e+06  19605   2004     0   1514    678      0      1   1.179   0.242   0.059   1.866    55.731
   39   5.5132e+06   5.5123e+06   5.5132e+06  20262   2004     0   1471    814      0      0   1.199   0.237   0.059   1.878    57.609
   40   5.5132e+06   5.5124e+06   5.5132e+06  21118   2004     0   1393    537      0      0   1.250   0.237   0.064   1.927    59.535
   41   5.5132e+06   5.5124e+06   5.5132e+06  21879   2004     0   1321    560      0      0   1.321   0.236   0.064   1.989    61.524
   42   5.5132e+06   5.5124e+06   5.5132e+06  22487   2004     0   1098    490      2      2   1.395   0.236   0.067   2.074    63.598
   43   5.5132e+06   5.5124e+06   5.5132e+06  22964   2004     0    973    496      0      0   1.480   0.232   0.069   2.111    65.709
   44   5.5132e+06   5.5124e+06   5.5132e+06  23349   2004     0    574    189      0      0   1.490   0.237   0.071   2.084    67.792
   45   5.5132e+06   5.5124e+06   5.5132e+06  23420   2002     0    374    303      0      2   1.469   0.227   0.077   2.048    69.841
   46   5.5132e+06   5.5124e+06   5.5132e+06  23606   2002     0    256     70      0      0   1.403   0.229   0.073   1.951    71.792
   47   5.5132e+06   5.5124e+06   5.5132e+06  23592   2002     0    297    311      0      0   1.440   0.235   0.071   1.993    73.784
   48   5.5132e+06   5.5124e+06   5.5132e+06  23699   2001     0    139     32      0      1   1.436   0.235   0.074   1.993    75.777
   49   5.5132e+06   5.5124e+06   5.5132e+06  23682   2001     0      3     20      0      0   1.494   0.235   0.067   2.021    77.799
   50   5.5132e+06   5.5124e+06   5.5132e+06  23671   2001     0      1     12      0      0   1.444   0.242   0.060   1.962    79.761
   51   5.5132e+06   5.5124e+06   5.5132e+06  23656   2001     0      2     17      0      0   1.437   0.237   0.057   1.945    81.706
   52   5.5132e+06   5.5124e+06   5.5132e+06  23656   2001     0      0      0      0      0   1.496   0.484   0.058   2.038    83.744
CG optimal after 52 iterations. UB=5513156.276687 LB=5512373.512678 gap=7.828e+02 tol=5.513e+02  t_LP=53.789  t_PR=12.795  t_SP=2.488  t_Tot=84.277
[pricing-cutoff] enabled=1 cut=24500 priced=102718 rate=23.9%

# === STDOUT (result CSV) ===
Setting parameter 'LpMethod' to 2
Setting parameter 'GPUMode' to 2
Setting parameter 'Presolve' to 0
Setting parameter 'Crossover' to 0
instance,formulation,iterations,columns,objective,lower_bound,optimal,time,time_lp,time_pricing,time_separation
data/transportation/ChicagoRegional_net.tntp.gz,tree,52,21885,5513156.276687,5512373.512678,1,84.797,53.789,12.795,2.488
