# cmd: /usr/bin/time -o /tmp/mcfcg_mem_yysw6yxh.txt -f %M build/mcfcg_cli data/transportation/ChicagoSketch_net.tntp.gz --solver copt --copt-gpu-mode 2 --formulation tree --max-iters 10000 --pricing-cutoff --time-limit 1800.0
# outcome: ok
# returncode: 0
# peak_rss_kb: 569552
# peak_rss_source: measured
# === STDERR (CG iteration log + preamble) ===
TNTP: net=data/transportation/ChicagoSketch_net.tntp.gz trips=data/transportation/ChicagoSketch_trips.tntp.gz coef=2.4
Instance: 933 vertices, 2950 arcs, 93513 commodities, 386 sources
Solver: copt (gpu-mode 2), formulation: tree
Pricing threads: 32 (auto)
Slack mode: CommodityRows (struct=386, capped_arcs=2950)
[lp-config] backend=copt version=8.0.1 method=barrier exec=GPU presolve=off crossover=off tol=0.0001 threads=n/a(GPU)
   It           UB           LB       LP_obj   #col   #row  #slk   +col   -col   +cut   -cut    t_LP    t_PR    t_SP   t_Tot     t_acc
    1          inf   1.7040e+06   9.6191e+03    772    386   386      0      0      0      0   0.328   0.001   0.000   0.328     0.328
    2          inf   1.7059e+06   9.6191e+04    772    386   386      0      0      0      0   0.149   0.000   0.000   0.150     0.478
    3          inf   1.9538e+06   9.1394e+05    772    386   339      0      0      0      0   0.145   0.001   0.000   0.147     0.625
    4          inf   5.2474e+06   5.1857e+06    772    396    99      0      0     10      0   0.143   0.007   0.000   0.150     0.776
    5          inf   5.2474e+06   1.1395e+07   1119    408   109    347      0     12      0   0.152   0.005   0.000   0.160     0.936
    6          inf   5.2474e+06   7.7027e+06   1446    425    25    339     12     17      0   0.166   0.005   0.001   0.175     1.111
    7          inf   5.2474e+06   8.2942e+06   1826    428    37    380      0      3      0   0.179   0.005   0.001   0.188     1.300
    8          inf   5.2474e+06   8.0027e+06   2204    433     6    378      0      5      0   0.182   0.005   0.001   0.191     1.491
    9          inf   6.6683e+06   6.7167e+06   2581    434     0    377      0      1      0   0.190   0.004   0.001   0.199     1.690
   10          inf   6.6977e+06   6.7108e+06   2903    434     0    374     52      1      1   0.191   0.005   0.001   0.204     1.893
   11   6.7073e+06   6.7035e+06   6.7073e+06   3113    433     0    359    149      0      1   0.194   0.006   0.002   0.208     2.101
   12   6.7065e+06   6.7047e+06   6.7065e+06   3158    431     0    326    281      0      2   0.194   0.005   0.001   0.207     2.308
   13   6.7065e+06   6.7054e+06   6.7061e+06   3090    429     0    309    377      1      3   0.189   0.005   0.001   0.201     2.509
   14   6.7059e+06   6.7054e+06   6.7059e+06   3090    429     0   *223      0      0      0   0.192   0.005   0.001   0.198     2.707
CG optimal after 14 iterations. UB=6705940.395608 LB=6705421.917069 gap=5.185e+02 tol=6.706e+02  t_LP=2.596  t_PR=0.071  t_SP=0.011  t_Tot=2.722
[pricing-cutoff] enabled=1 cut=3475 priced=7334 rate=47.4%

# === STDOUT (result CSV) ===
Setting parameter 'LpMethod' to 2
Setting parameter 'GPUMode' to 2
Setting parameter 'Presolve' to 0
Setting parameter 'Crossover' to 0
instance,formulation,iterations,columns,objective,lower_bound,optimal,time,time_lp,time_pricing,time_separation
data/transportation/ChicagoSketch_net.tntp.gz,tree,14,2704,6705940.395608,6705421.917069,1,2.747,2.596,0.071,0.011
