# cmd: /usr/bin/time -o /tmp/mcfcg_mem_192i74nh.txt -f %M build/mcfcg_cli data/transportation/BerlinCenter_net.tntp.gz --solver copt --copt-gpu-mode 2 --formulation tree --max-iters 10000 --pricing-cutoff --time-limit 1800.0
# outcome: ok
# returncode: 0
# peak_rss_kb: 752692
# peak_rss_source: measured
# === STDERR (CG iteration log + preamble) ===
TNTP: net=data/transportation/BerlinCenter_net.tntp.gz trips=data/transportation/BerlinCenter_trips.tntp.gz coef=0.5
Instance: 12981 vertices, 28376 arcs, 49688 commodities, 865 sources
Solver: copt (gpu-mode 2), formulation: tree
Pricing threads: 32 (auto)
Slack mode: CommodityRows (struct=865, capped_arcs=28376)
[lp-config] backend=copt version=8.0.1 method=barrier exec=GPU presolve=off crossover=off tol=0.0001 threads=n/a(GPU)
   It           UB           LB       LP_obj   #col   #row  #slk   +col   -col   +cut   -cut    t_LP    t_PR    t_SP   t_Tot     t_acc
    1          inf   2.7321e+06   2.6017e+05   1730    865   853      0      0      0      0   0.336   0.003   0.002   0.341     0.341
    2          inf   4.3185e+06   2.4448e+06   1730    865   754      0      0      0      0   0.159   0.006   0.003   0.167     0.509
    3          inf   1.5994e+07   1.5789e+07   1730    891   303      0      0     26      0   0.155   0.039   0.003   0.197     0.706
    4          inf   1.5994e+07   4.0348e+07   2184   1138   237    454      0    247      0   0.161   0.037   0.003   0.206     0.912
    5          inf   1.5994e+07   1.0208e+08   2896   1185   376    712      0     47      0   0.227   0.043   0.003   0.280     1.192
    6          inf   1.5994e+07   3.1195e+08   3608   1251   303    746     34     66      0   0.251   0.045   0.003   0.310     1.502
    7          inf   1.5994e+07   7.6867e+08   4349   1299   254    741      0     48      0   0.284   0.048   0.003   0.343     1.845
    8          inf   1.5994e+07   1.4776e+09   5090   1362   193    741      0     63      0   0.316   0.045   0.004   0.372     2.217
    9          inf   1.5994e+07   2.1270e+09   5780   1397   158    745     55     35      0   0.395   0.041   0.004   0.453     2.671
   10          inf   1.5994e+07   1.6545e+09   6246   1384    94    744    278     29     42   0.454   0.045   0.004   0.520     3.191
   11          inf   1.5994e+07   1.5604e+09   6586   1416    53    723    383     38      6   0.416   0.051   0.005   0.488     3.679
   12          inf   1.5994e+07   8.6224e+08   6829   1495    12    721    478     91     12   0.438   0.053   0.006   0.514     4.193
   13          inf   1.5994e+07   1.4153e+09   7053   1495    14    707    483     13     13   0.499   0.047   0.005   0.568     4.761
   14          inf   1.5994e+07   9.9413e+07   7145   1504     1    690    598     24     15   0.508   0.046   0.004   0.576     5.337
   15          inf   2.6043e+07   2.8246e+07   7163   1495     0    669    651     14     23   0.502   0.051   0.005   0.577     5.914
   16          inf   2.6992e+07   2.7985e+07   7136   1489     0    688    715      3      9   0.458   0.049   0.006   0.530     6.444
   17          inf   2.7070e+07   2.7843e+07   7157   1479     0    655    634      6     16   0.509   0.048   0.006   0.581     7.025
   18   2.7749e+07   2.7110e+07   2.7749e+07   7067   1428     0    653    743      0     51   0.499   0.046   0.006   0.568     7.593
   19   2.7749e+07   2.7197e+07   2.7678e+07   6851   1411     0    610    826      6     23   0.473   0.048   0.006   0.545     8.138
   20   2.7749e+07   2.7366e+07   2.7633e+07   6555   1371     0    555    851      1     41   0.475   0.048   0.005   0.545     8.683
   21   2.7603e+07   2.7400e+07   2.7603e+07   6416   1343     0    531    670      0     28   0.408   0.051   0.005   0.480     9.163
   22   2.7579e+07   2.7449e+07   2.7579e+07   6303   1328     0    475    588      0     15   0.393   0.045   0.005   0.458     9.621
   23   2.7579e+07   2.7468e+07   2.7562e+07   6244   1328     0    468    527     11     11   0.397   0.048   0.005   0.464    10.086
   24   2.7579e+07   2.7468e+07   2.7552e+07   6168   1332     0    453    529     11      7   0.383   0.046   0.005   0.449    10.535
   25   2.7579e+07   2.7477e+07   2.7543e+07   6094   1327     0    431    505      1      6   0.405   0.045   0.005   0.469    11.004
   26   2.7579e+07   2.7505e+07   2.7539e+07   6075   1326     0    408    427      1      2   0.389   0.050   0.005   0.459    11.463
   27   2.7579e+07   2.7510e+07   2.7535e+07   6049   1318     0    404    430      4     12   0.409   0.049   0.005   0.477    11.939
   28   2.7579e+07   2.7516e+07   2.7533e+07   6126   1320     0    464    387      2      0   0.404   0.049   0.005   0.471    12.410
   29   2.7579e+07   2.7520e+07   2.7531e+07   6137   1323     0    373    362      4      1   0.393   0.050   0.005   0.462    12.872
   30   2.7579e+07   2.7523e+07   2.7530e+07   6173   1324     0    393    357      1      0   0.371   0.051   0.005   0.441    13.313
   31   2.7530e+07   2.7526e+07   2.7530e+07   6165   1321     0    325    333      0      3   0.389   0.047   0.005   0.454    13.767
   32   2.7529e+07   2.7527e+07   2.7529e+07   6165   1321     0   *317      0      0      0   0.393   0.047   0.005   0.446    14.213
CG optimal after 32 iterations. UB=27529426.807252 LB=27527328.765213 gap=2.098e+03 tol=2.753e+03  t_LP=12.249  t_PR=1.463  t_SP=0.146  t_Tot=14.259
[pricing-cutoff] enabled=1 cut=9336 priced=31140 rate=30.0%

# === STDOUT (result CSV) ===
Setting parameter 'LpMethod' to 2
Setting parameter 'GPUMode' to 2
Setting parameter 'Presolve' to 0
Setting parameter 'Crossover' to 0
instance,formulation,iterations,columns,objective,lower_bound,optimal,time,time_lp,time_pricing,time_separation
data/transportation/BerlinCenter_net.tntp.gz,tree,32,5300,27529426.807252,27527328.765213,1,14.311,12.249,1.463,0.146
