# cmd: /usr/bin/time -o /tmp/mcfcg_mem_d97_tix9.txt -f %M build/mcfcg_cli data/transportation/Barcelona_net.tntp.gz --solver copt --copt-gpu-mode 2 --formulation tree --max-iters 10000 --pricing-cutoff --time-limit 1800.0
# outcome: ok
# returncode: 0
# peak_rss_kb: 506968
# peak_rss_source: measured
# === STDERR (CG iteration log + preamble) ===
TNTP: net=data/transportation/Barcelona_net.tntp.gz trips=data/transportation/Barcelona_trips.tntp.gz coef=5050.0
Instance: 1020 vertices, 2522 arcs, 7922 commodities, 97 sources
Solver: copt (gpu-mode 2), formulation: tree
Pricing threads: 32 (auto)
Slack mode: CommodityRows (struct=97, capped_arcs=2522)
[lp-config] backend=copt version=8.0.1 method=barrier exec=GPU presolve=off crossover=off tol=0.0001 threads=n/a(GPU)
   It           UB           LB       LP_obj   #col   #row  #slk   +col   -col   +cut   -cut    t_LP    t_PR    t_SP   t_Tot     t_acc
    1          inf   2.3745e+02   2.3756e+02    194    227     0      0      0    130      0   0.327   0.002   0.000   0.330     0.330
    2          inf   2.3745e+02   1.4151e+03    290    227    26     96      0      0      0   0.171   0.001   0.000   0.173     0.503
    3          inf   2.3745e+02   3.8452e+03    385    230    37     95      0      3      0   0.169   0.001   0.000   0.171     0.674
    4          inf   2.3745e+02   8.5308e+03    480    235    40     95      0      5      0   0.178   0.001   0.000   0.180     0.854
    5          inf   2.3745e+02   2.7493e+03    576    273    11     96      0     38      0   0.184   0.001   0.000   0.186     1.040
    6          inf   2.3745e+02   7.7570e+03    671    278    11     95      0      5      0   0.188   0.001   0.000   0.190     1.230
    7          inf   2.3745e+02   3.7874e+03    758    213     4     94      7      7     72   0.204   0.001   0.000   0.207     1.437
    8          inf   2.3745e+02   2.4832e+02    811    226     0     95     42     14      1   0.192   0.001   0.000   0.195     1.632
    9          inf   2.3854e+02   2.4684e+02    857    229     0     94     48      3      0   0.186   0.001   0.000   0.188     1.821
   10          inf   2.4061e+02   2.4619e+02    906    227     0     88     39      4      6   0.187   0.001   0.000   0.190     2.010
   11          inf   2.4163e+02   2.4525e+02    908    215     0     85     83      8     20   0.182   0.001   0.000   0.185     2.196
   12          inf   2.4163e+02   2.4471e+02    902    215     0     80     86      3      3   0.187   0.001   0.000   0.190     2.386
   13   2.4441e+02   2.4186e+02   2.4441e+02    864    205     0     76    114      0     10   0.196   0.001   0.000   0.199     2.585
   14   2.4441e+02   2.4212e+02   2.4413e+02    831    195     0     83    116      3     13   0.184   0.001   0.000   0.187     2.771
   15   2.4441e+02   2.4280e+02   2.4401e+02    804    194     0     65     92      2      3   0.188   0.001   0.000   0.191     2.962
   16   2.4441e+02   2.4297e+02   2.4392e+02    786    187     0     75     93      1      8   0.184   0.001   0.000   0.187     3.149
   17   2.4441e+02   2.4306e+02   2.4381e+02    762    184     0     62     86      2      5   0.181   0.001   0.000   0.184     3.333
   18   2.4373e+02   2.4309e+02   2.4373e+02    743    180     0     61     80      0      4   0.183   0.001   0.000   0.186     3.519
   19   2.4373e+02   2.4324e+02   2.4368e+02    720    180     0     50     73      1      1   0.182   0.002   0.000   0.185     3.704
   20   2.4365e+02   2.4324e+02   2.4365e+02    691    177     0     48     77      0      3   0.186   0.001   0.000   0.189     3.893
   21   2.4365e+02   2.4324e+02   2.4360e+02    670    181     0     41     62      5      1   0.186   0.001   0.000   0.189     4.082
   22   2.4365e+02   2.4324e+02   2.4357e+02    636    182     0     45     79      1      0   0.187   0.001   0.000   0.190     4.271
   23   2.4365e+02   2.4324e+02   2.4356e+02    609    181     0     32     59      1      2   0.185   0.001   0.000   0.188     4.459
   24   2.4355e+02   2.4334e+02   2.4355e+02    572    181     0     20     57      0      0   0.189   0.002   0.000   0.192     4.651
   25   2.4355e+02   2.4334e+02   2.4354e+02    556    182     0     37     53      1      0   0.187   0.001   0.000   0.189     4.840
   26   2.4353e+02   2.4338e+02   2.4353e+02    525    182     0     18     49      0      0   0.190   0.001   0.000   0.193     5.033
   27   2.4353e+02   2.4338e+02   2.4353e+02    506    180     0     21     40      0      2   0.187   0.001   0.000   0.189     5.222
   28   2.4353e+02   2.4339e+02   2.4353e+02    484    177     0     16     38      0      3   0.184   0.001   0.000   0.186     5.408
   29   2.4352e+02   2.4339e+02   2.4352e+02    468    177     0     23     39      0      0   0.184   0.001   0.000   0.186     5.594
   30   2.4352e+02   2.4341e+02   2.4352e+02    452    180     0      3     19      4      1   0.181   0.001   0.000   0.183     5.777
   31   2.4352e+02   2.4341e+02   2.4352e+02    413    179     0      5     44      0      1   0.187   0.001   0.000   0.189     5.966
   32   2.4352e+02   2.4341e+02   2.4352e+02    400    179     0      2     15      0      0   0.193   0.001   0.000   0.195     6.161
   33   2.4352e+02   2.4341e+02   2.4352e+02    400    179     0      0      0      0      0   0.191   0.002   0.000   0.194     6.355
CG optimal after 33 iterations. UB=243.518086 LB=243.412480 gap=1.056e-01 tol=2.435e-02  t_LP=6.267  t_PR=0.045  t_SP=0.011  t_Tot=6.359
[pricing-cutoff] enabled=1 cut=1599 priced=3492 rate=45.8%

# === STDOUT (result CSV) ===
Setting parameter 'LpMethod' to 2
Setting parameter 'GPUMode' to 2
Setting parameter 'Presolve' to 0
Setting parameter 'Crossover' to 0
instance,formulation,iterations,columns,objective,lower_bound,optimal,time,time_lp,time_pricing,time_separation
data/transportation/Barcelona_net.tntp.gz,tree,33,303,243.518086,243.412480,1,6.379,6.267,0.045,0.011
