# cmd: /usr/bin/time -o /tmp/mcfcg_mem_835inq67.txt -f %M build/mcfcg_cli data/intermodal/BUS-18424-0.txt.gz --solver copt --copt-gpu-mode 0 --formulation tree --max-iters 10000 --strategy pricer-heavy --time-limit 1800.0
# outcome: ok
# returncode: 0
# peak_rss_kb: 682580
# peak_rss_source: measured
# === STDERR (CG iteration log + preamble) ===
Instance: 151455 vertices, 1338522 arcs, 18388 commodities, 18388 sources
Solver: copt (gpu-mode 0), formulation: tree
Pricing threads: 32 (auto)
Slack mode: CommodityRows (struct=18388, capped_arcs=1151624)
[lp-config] backend=copt version=8.0.1 method=barrier exec=CPU presolve=off crossover=off tol=0.0001 threads=auto(32)
   It           UB           LB       LP_obj   #col   #row  #slk   +col   -col   +cut   -cut    t_LP    t_PR    t_SP   t_Tot     t_acc
    1          inf         -inf   4.7151e+05  36776  18454  1078      0      0     66      0   0.063   0.000   0.097   0.161     0.161
    2          inf         -inf   4.7582e+05  37652  18454  1435    876      0      0      0   0.018   0.148   0.096   0.264     0.425
    3          inf         -inf   4.8678e+05  37652  18496   136      0      0     42      0   0.021   0.000   0.099   0.120     0.545
    4          inf         -inf   4.8820e+05  37652  18498   237      0      0      2      0   0.027   0.000   0.095   0.123     0.668
    5          inf         -inf   4.8824e+05  37736  18498   240     84      0      0      0   0.026   0.043   0.095   0.165     0.833
    6          inf         -inf   5.0368e+05  37736  18505   224      0      0      7      0   0.028   0.000   0.099   0.128     0.961
    7          inf         -inf   5.0369e+05  37840  18482   226    104      0      0     23   0.030   0.048   0.099   0.178     1.139
    8          inf         -inf   5.3728e+05  37840  18483   179      0      0      1      0   0.026   0.000   0.095   0.122     1.261
    9          inf         -inf   5.3729e+05  37872  18454   181     32      0      0     29   0.027   0.045   0.094   0.167     1.428
   10          inf         -inf   5.6715e+05  37872  18457   196      0      0      3      0   0.026   0.000   0.095   0.121     1.549
   11          inf         -inf   5.6715e+05  37901  18455   197     29      0      0      2   0.026   0.039   0.096   0.162     1.711
   12          inf         -inf   6.8040e+05  37901  18458   176      0      0      3      0   0.026   0.000   0.094   0.120     1.831
   13          inf         -inf   6.8040e+05  37901  18459   176      0      0      1      0   0.025   0.000   0.096   0.122     1.953
   14          inf         -inf   6.8040e+05  37923  18451   176     22      0      0      8   0.025   0.040   0.093   0.159     2.113
   15          inf         -inf   9.2510e+05  37923  18452   162      0      0      1      0   0.025   0.000   0.096   0.121     2.234
   16          inf         -inf   9.2510e+05  37924  18449   162      1      0      0      3   0.026   0.041   0.096   0.164     2.398
   17          inf         -inf   1.1038e+06  37924  18452   191      0      0      3      0   0.026   0.000   0.093   0.119     2.517
   18          inf         -inf   1.1038e+06  38010  18449   191     86      0      0      3   0.025   0.057   0.095   0.178     2.695
   19          inf  -5.2904e+06   1.4808e+06  38996  18448   154    986      0      0      1   0.026   0.755   0.094   0.878     3.573
   20          inf  -5.2904e+06   4.8491e+05  38996  18487     0      0      0     39      0   0.025   0.000   0.096   0.122     3.695
   21          inf  -5.2904e+06   4.8513e+05  38996  18495    11      0      0      8      0   0.036   0.000   0.096   0.133     3.828
   22          inf  -5.2904e+06   4.8517e+05  38996  18500    13      0      0      5      0   0.035   0.000   0.093   0.130     3.958
   23          inf  -5.2904e+06   4.8517e+05  38999  18500    15      3      0      0      0   0.035   0.041   0.094   0.171     4.128
   24          inf   4.8376e+05   4.8523e+05  39417  18499     2    418      0      0      1   0.035   0.755   0.096   0.887     5.016
   25          inf   4.8376e+05   4.8504e+05  39417  18504     0      0      0      5      0   0.040   0.000   0.096   0.137     5.152
   26   4.8504e+05   4.8376e+05   4.8504e+05  39467  18464     0     50      0      0     40   0.044   0.055   0.093   0.193     5.345
   27   4.8504e+05   4.8376e+05   4.8504e+05  39467  18470     0      0      0      6      0   0.034   0.000   0.093   0.127     5.472
   28   4.8504e+05   4.8376e+05   4.8504e+05  39468  18461     0      1      0      0      9   0.033   0.056   0.092   0.182     5.655
   29   4.8504e+05   4.8497e+05   4.8504e+05  39519  18458     0     51      0      0      3   0.032   0.740   0.096   0.869     6.523
   30   4.8504e+05   4.8497e+05   4.8503e+05  39519  18460     0      0      0      2      0   0.034   0.000   0.095   0.130     6.653
   31   4.8503e+05   4.8497e+05   4.8503e+05  39532  18452     0     13      0      0      8   0.032   0.047   0.094   0.174     6.827
   32   4.8503e+05   4.8497e+05   4.8503e+05  39532  18454     0      0      0      2      0   0.032   0.000   0.093   0.126     6.954
   33   4.8503e+05   4.8499e+05   4.8503e+05  39532  18454     0     *1      0      0      0   0.031   0.787   0.092   0.910     7.864
CG optimal after 33 iterations. UB=485025.500001 LB=484993.072961 gap=3.243e+01 tol=4.850e+01  t_LP=1.001  t_PR=4.446  t_SP=3.135  t_Tot=8.615
[bounded-pricing] enabled=0 cut=0 priced=94272 rate=0.0%

# === STDOUT (result CSV) ===
Setting parameter 'LpMethod' to 2
Setting parameter 'GPUMode' to 0
Setting parameter 'Presolve' to 0
Setting parameter 'Crossover' to 0
instance,formulation,iterations,columns,objective,lower_bound,optimal,time,time_lp,time_pricing,time_separation
data/intermodal/BUS-18424-0.txt.gz,tree,33,21144,485025.500001,484993.072961,1,8.953,1.001,4.446,3.135
