# cmd: /usr/bin/time -o /tmp/mcfcg_mem_l58d4ucx.txt -f %M build/mcfcg_cli data/intermodal/BUS-23688-0.txt.gz --solver copt --copt-gpu-mode 0 --formulation tree --max-iters 10000 --strategy pricer-heavy --time-limit 1800.0
# outcome: ok
# returncode: 0
# peak_rss_kb: 811444
# peak_rss_source: measured
# === STDERR (CG iteration log + preamble) ===
Instance: 161993 vertices, 1653437 arcs, 23643 commodities, 23643 sources
Solver: copt (gpu-mode 0), formulation: tree
Pricing threads: 32 (auto)
Slack mode: CommodityRows (struct=23643, capped_arcs=1466539)
[lp-config] backend=copt version=8.0.1 method=barrier exec=CPU presolve=off crossover=off tol=0.0001 threads=auto(32)
   It           UB           LB       LP_obj   #col   #row  #slk   +col   -col   +cut   -cut    t_LP    t_PR    t_SP   t_Tot     t_acc
    1          inf         -inf   6.0693e+05  47286  23709  1421      0      0     66      0   0.080   0.000   0.119   0.200     0.200
    2          inf         -inf   6.1290e+05  48445  23709  1888   1159      0      0      0   0.022   0.230   0.116   0.369     0.570
    3          inf         -inf   6.2762e+05  48445  23756   198      0      0     47      0   0.026   0.000   0.114   0.142     0.711
    4          inf         -inf   6.2951e+05  48445  23758   352      0      0      2      0   0.035   0.000   0.117   0.153     0.864
    5          inf         -inf   6.2953e+05  48551  23758   356    106      0      0      0   0.032   0.055   0.113   0.202     1.066
    6          inf   4.6895e+05   6.5964e+05  50161  23758   348   1610      0      0      0   0.034   1.176   0.116   1.330     2.396
    7          inf   4.6895e+05   6.2479e+05  50161  23801     3      0      0     43      0   0.041   0.000   0.117   0.158     2.555
    8          inf   4.6895e+05   6.2516e+05  50161  23808    22      0      0      7      0   0.053   0.000   0.115   0.168     2.723
    9          inf   4.6895e+05   6.2520e+05  50413  23765    25    252      0      0     43   0.054   0.085   0.114   0.254     2.977
   10          inf   4.6895e+05   6.2523e+05  50413  23768     7      0      0      3      0   0.048   0.000   0.117   0.166     3.143
   11          inf   6.2278e+05   6.2523e+05  50975  23765     8    562      0      0      3   0.050   1.248   0.113   1.413     4.555
   12          inf   6.2278e+05   6.2489e+05  50975  23767     0      0      0      2      0   0.050   0.000   0.115   0.166     4.721
   13   6.2489e+05   6.2483e+05   6.2489e+05  50975  23767     0    *24      0      0      0   0.047   1.251   0.116   1.414     6.136
CG optimal after 13 iterations. UB=624891.002052 LB=624830.561680 gap=6.044e+01 tol=6.249e+01  t_LP=0.572  t_PR=5.225  t_SP=1.502  t_Tot=7.316
[bounded-pricing] enabled=0 cut=0 priced=97029 rate=0.0%

# === STDOUT (result CSV) ===
Setting parameter 'LpMethod' to 2
Setting parameter 'GPUMode' to 0
Setting parameter 'Presolve' to 0
Setting parameter 'Crossover' to 0
instance,formulation,iterations,columns,objective,lower_bound,optimal,time,time_lp,time_pricing,time_separation
data/intermodal/BUS-23688-0.txt.gz,tree,13,27332,624891.002052,624830.561680,1,7.724,0.572,5.225,1.502
