[grid] grid1 :: tree/mosek ... PASS obj=827319.000 t=0.0s
[grid] grid2 :: tree/mosek ... PASS obj=1705375.000 t=0.0s
[grid] grid3 :: tree/mosek ... PASS obj=1524730.000 t=0.0s
[grid] grid4 :: tree/mosek ... PASS obj=3031695.000 t=0.0s
[grid] grid5 :: tree/mosek ... PASS obj=5049691.500 t=0.0s
[grid] grid6 :: tree/mosek ... PASS obj=10400806.721 t=0.2s
[grid] grid7 :: tree/mosek ... PASS obj=25863845.916 t=0.3s
[grid] grid8 :: tree/mosek ... PASS obj=41711126.712 t=1.5s
[grid] grid9 :: tree/mosek ... PASS obj=82652989.690 t=3.6s
[grid] grid10 :: tree/mosek ... PASS obj=164112291.803 t=4.3s
[grid] grid11 :: tree/mosek ... PASS obj=329272678.568 t=3.3s
[grid] grid12 :: tree/mosek ... PASS obj=577186507.051 t=3.5s
[grid] grid13 :: tree/mosek ... PASS obj=1159320948.073 t=10.2s
[grid] grid14 :: tree/mosek ... PASS obj=1802768569.055 t=4.7s
[grid] grid15 :: tree/mosek ... PASS obj=3593533648.567 t=10.3s
[planar] planar30 :: tree/mosek ... PASS obj=44350800.837 t=0.0s
[planar] planar50 :: tree/mosek ... PASS obj=122200605.088 t=0.1s
[planar] planar80 :: tree/mosek ... PASS obj=182438134.007 t=0.3s
[planar] planar100 :: tree/mosek ... PASS obj=231345214.523 t=0.3s
[planar] planar150 :: tree/mosek ... PASS obj=548087638.397 t=3.6s
[planar] planar300 :: tree/mosek ... PASS obj=689984314.905 t=1.3s
[planar] planar500 :: tree/mosek ... PASS obj=481987765.132 t=0.5s
[planar] planar800 :: tree/mosek ... PASS obj=1167374621.646 t=4.8s
[planar] planar1000 :: tree/mosek ... PASS obj=3449610973.933 t=55.9s
[planar] planar2500 :: tree/mosek ... PASS obj=12662373689.708 t=1607.8s
[transportation] Austin :: tree/mosek ... FAIL rel=1.08e-03 obj=5438762.767 t=722.1s
[transportation] Barcelona :: tree/mosek ... PASS obj=243.518 t=0.7s
[transportation] BerlinCenter :: tree/mosek ... PASS obj=27529369.123 t=12.7s
[transportation] Birmingham :: tree/mosek ... PASS obj=215644.855 t=321.5s
[transportation] ChicagoRegional :: tree/mosek ... PASS obj=5513156.265 t=97.3s
[transportation] ChicagoSketch :: tree/mosek ... PASS obj=6705940.383 t=0.4s
[transportation] Philadelphia :: tree/mosek ... PASS obj=25577477.723 t=809.9s
[transportation] Sydney :: tree/mosek ... PASS obj=4968208.864 t=72.0s
[transportation] Winnipeg :: tree/mosek ... PASS obj=420.168 t=1.2s

Wrote 34 rows to bench-mosek-rest-tree.csv

solver    pass  fail  error  noref
mosek       33     1      0      0

Non-pass runs:
  mosek  tree  transportation Austin           ok       rel=1.08e-03
[intermodal] BUS-13160-0 :: path/mosek ... PASS obj=348361.500 t=7.5s
[intermodal] BUS-18424-0 :: path/mosek ... PASS obj=485026.001 t=9.9s
[intermodal] BUS-23688-0 :: path/mosek ... PASS obj=624881.500 t=11.4s
[intermodal] BUS-2632-0 :: path/mosek ... PASS obj=71026.500 t=1.7s
[intermodal] BUS-7896-0 :: path/mosek ... PASS obj=210592.000 t=2.1s
[intermodal] SBT-18765-0 :: path/mosek ... PASS obj=481112.001 t=7.7s
[intermodal] SBT-31275-0 :: path/mosek ... PASS obj=801323.000 t=22.0s
[intermodal] SBT-43785-0 :: path/mosek ... PASS obj=1123599.996 t=31.3s
[intermodal] SBT-56295-0 :: path/mosek ... PASS obj=1447868.997 t=52.4s
[intermodal] SBT-6255-0 :: path/mosek ... PASS obj=160606.001 t=2.1s
[intermodal] SUBWAY-132-0 :: path/mosek ... NOREF obj=3451.000 t=0.0s
[intermodal] SUBWAY-308-0 :: path/mosek ... PASS obj=8835.000 t=0.0s
[intermodal] SUBWAY-486-0 :: path/mosek ... PASS obj=13543.000 t=0.2s
[intermodal] SUBWAY-662-0 :: path/mosek ... NOREF obj=18621.000 t=0.1s

Wrote 14 rows to bench-mosek-rest-intermodal-path.csv

solver    pass  fail  error  noref
mosek       12     0      0      2

Non-pass runs:
  mosek  path  intermodal     SUBWAY-132-0     ok       no reference in optimal.csv
  mosek  path  intermodal     SUBWAY-662-0     ok       no reference in optimal.csv
