[grid] grid1 :: copt ... PASS obj=827319.000 t=0.8s
[grid] grid1 :: cuopt ... PASS obj=827319.057 t=0.6s
[grid] grid2 :: copt ... PASS obj=1705378.000 t=0.7s
[grid] grid2 :: cuopt ... PASS obj=1705378.014 t=0.6s
[grid] grid3 :: copt ... PASS obj=1524642.001 t=0.7s
[grid] grid3 :: cuopt ... PASS obj=1524642.152 t=0.6s
[grid] grid4 :: copt ... PASS obj=3031695.002 t=0.7s
[grid] grid4 :: cuopt ... PASS obj=3031695.185 t=0.7s
[grid] grid5 :: copt ... PASS obj=5049697.000 t=0.9s
[grid] grid5 :: cuopt ... PASS obj=5049688.789 t=0.7s
[grid] grid6 :: copt ... PASS obj=10401792.448 t=1.2s
[grid] grid6 :: cuopt ... PASS obj=10401707.807 t=1.2s
[grid] grid7 :: copt ... PASS obj=25863941.334 t=1.3s
[grid] grid7 :: cuopt ... PASS obj=25864048.842 t=1.5s
[grid] grid8 :: copt ... PASS obj=41711168.924 t=2.6s
[grid] grid8 :: cuopt ... PASS obj=41711317.839 t=2.5s
[grid] grid9 :: copt ... PASS obj=82653006.213 t=3.7s
[grid] grid9 :: cuopt ... PASS obj=82654133.390 t=2.9s
[grid] grid10 :: copt ... PASS obj=164110899.206 t=4.2s
[grid] grid10 :: cuopt ... PASS obj=164111361.112 t=3.7s
[grid] grid11 :: copt ... PASS obj=329258288.882 t=4.0s
[grid] grid11 :: cuopt ... PASS obj=329258376.302 t=3.1s
[grid] grid12 :: copt ... PASS obj=577186506.664 t=3.4s
[grid] grid12 :: cuopt ... PASS obj=577190665.924 t=2.8s
[grid] grid13 :: copt ... PASS obj=1159320977.892 t=6.5s
[grid] grid13 :: cuopt ... PASS obj=1159327561.678 t=5.2s
[grid] grid14 :: copt ... PASS obj=1802673131.435 t=5.0s
[grid] grid14 :: cuopt ... PASS obj=1802674817.133 t=4.7s
[grid] grid15 :: copt ... PASS obj=3593521815.953 t=10.8s
[grid] grid15 :: cuopt ... PASS obj=3593521956.901 t=10.9s
[planar] planar30 :: copt ... PASS obj=44350624.009 t=0.7s
[planar] planar30 :: cuopt ... PASS obj=44350631.190 t=0.7s
[planar] planar50 :: copt ... PASS obj=122199689.000 t=0.9s
[planar] planar50 :: cuopt ... PASS obj=122200079.466 t=0.9s
[planar] planar80 :: copt ... PASS obj=182438134.007 t=1.2s
[planar] planar80 :: cuopt ... PASS obj=182438137.624 t=1.3s
[planar] planar100 :: copt ... PASS obj=231340800.000 t=1.1s
[planar] planar100 :: cuopt ... PASS obj=231340014.608 t=1.5s
[planar] planar150 :: copt ... PASS obj=548087695.003 t=3.3s
[planar] planar150 :: cuopt ... PASS obj=548087605.889 t=3.8s
[planar] planar300 :: copt ... PASS obj=689979980.667 t=2.0s
[planar] planar300 :: cuopt ... PASS obj=689979158.835 t=2.3s
[planar] planar500 :: copt ... PASS obj=481985162.109 t=1.4s
[planar] planar500 :: cuopt ... PASS obj=481982718.460 t=1.5s
[planar] planar800 :: copt ... PASS obj=1167385798.522 t=5.3s
[planar] planar800 :: cuopt ... PASS obj=1167402891.650 t=5.1s
[planar] planar1000 :: copt ... PASS obj=3449619689.708 t=23.7s
[planar] planar1000 :: cuopt ... PASS obj=3449612606.220 t=24.3s
[planar] planar2500 :: copt ... PASS obj=12662328178.836 t=739.4s
[planar] planar2500 :: cuopt ... FAIL rel=1.68e+02 obj=2144518937650.043 t=112.4s

Wrote 50 rows to bench-grid-planar.csv

solver    pass  fail  timeout  error  noref
copt        25     0        0      0      0
cuopt       24     1        0      0      0

Non-pass runs:
  cuopt  planar         planar2500       ok       rel=1.68e+02
