[grid] grid1 :: path/mosek ... PASS obj=827319.000 t=0.0s
[grid] grid2 :: path/mosek ... PASS obj=1705377.959 t=0.0s
[grid] grid3 :: path/mosek ... PASS obj=1524641.998 t=0.0s
[grid] grid4 :: path/mosek ... PASS obj=3031707.000 t=0.0s
[grid] grid5 :: path/mosek ... PASS obj=5049695.601 t=0.0s
[grid] grid6 :: path/mosek ... PASS obj=10401835.106 t=0.2s
[grid] grid7 :: path/mosek ... PASS obj=25864236.428 t=0.3s
[grid] grid8 :: path/mosek ... PASS obj=41711208.983 t=1.3s
[grid] grid9 :: path/mosek ... PASS obj=82653006.003 t=2.6s
[grid] grid10 :: path/mosek ... PASS obj=164111024.083 t=4.4s
[grid] grid11 :: path/mosek ... PASS obj=329258084.984 t=4.6s
[grid] grid12 :: path/mosek ... PASS obj=577183550.915 t=3.7s
[grid] grid13 :: path/mosek ... PASS obj=1159316502.162 t=10.3s
[grid] grid14 :: path/mosek ... PASS obj=1802672387.616 t=8.2s
[grid] grid15 :: path/mosek ... PASS obj=3593518448.750 t=21.0s
[planar] planar30 :: path/mosek ... PASS obj=44350622.693 t=0.0s
[planar] planar50 :: path/mosek ... PASS obj=122200074.916 t=0.1s
[planar] planar80 :: path/mosek ... PASS obj=182438205.996 t=0.3s
[planar] planar100 :: path/mosek ... PASS obj=231339570.682 t=0.4s
[planar] planar150 :: path/mosek ... PASS obj=548088737.736 t=4.1s
[planar] planar300 :: path/mosek ... PASS obj=689979041.489 t=1.7s
[planar] planar500 :: path/mosek ... PASS obj=481985161.692 t=0.9s
[planar] planar800 :: path/mosek ... PASS obj=1167388672.180 t=8.5s
[planar] planar1000 :: path/mosek ... PASS obj=3449621479.734 t=46.0s
[planar] planar2500 :: path/mosek ... PASS obj=12662329672.450 t=765.1s

Wrote 25 rows to bench-mosek-path.csv

solver    pass  fail  timeout  error  noref
mosek       25     0        0      0      0
