[grid] grid1 :: path/mosek ... PASS obj=827319.000 t=0.0s
[grid] grid2 :: path/mosek ... PASS obj=1705377.959 t=0.0s
[grid] grid3 :: path/mosek ... PASS obj=1524641.998 t=0.0s
[grid] grid4 :: path/mosek ... PASS obj=3031707.000 t=0.0s
[grid] grid5 :: path/mosek ... PASS obj=5049696.000 t=0.0s
[grid] grid6 :: path/mosek ... PASS obj=10401638.495 t=0.2s
[grid] grid7 :: path/mosek ... PASS obj=25864345.194 t=0.2s
[grid] grid8 :: path/mosek ... PASS obj=41711151.572 t=1.4s
[grid] grid9 :: path/mosek ... PASS obj=82652982.545 t=3.1s
[grid] grid10 :: path/mosek ... PASS obj=164110883.132 t=5.3s
[grid] grid11 :: path/mosek ... PASS obj=329258244.224 t=4.3s
[grid] grid12 :: path/mosek ... PASS obj=577186045.009 t=4.2s
[grid] grid13 :: path/mosek ... PASS obj=1159320901.495 t=10.0s
[grid] grid14 :: path/mosek ... PASS obj=1802672794.306 t=8.7s
[grid] grid15 :: path/mosek ... PASS obj=3593521688.791 t=22.7s
[planar] planar30 :: path/mosek ... PASS obj=44350623.999 t=0.0s
[planar] planar50 :: path/mosek ... PASS obj=122200074.810 t=0.1s
[planar] planar80 :: path/mosek ... PASS obj=182438189.820 t=0.3s
[planar] planar100 :: path/mosek ... PASS obj=231339851.979 t=0.3s
[planar] planar150 :: path/mosek ... PASS obj=548089812.544 t=3.9s
[planar] planar300 :: path/mosek ... PASS obj=690010179.959 t=1.5s
[planar] planar500 :: path/mosek ... PASS obj=481985161.990 t=0.9s
[planar] planar800 :: path/mosek ... PASS obj=1167389393.037 t=8.0s
[planar] planar1000 :: path/mosek ... PASS obj=3449613388.925 t=50.5s
[planar] planar2500 :: path/mosek ... PASS obj=12662328093.558 t=890.6s
[transportation] Austin :: path/mosek ... FAIL rel=2.80e+02 obj=1528645409.381 t=8074.7s
[transportation] Barcelona :: path/mosek ... PASS obj=243.506 t=3.9s
[transportation] BerlinCenter :: path/mosek ... PASS obj=27529186.918 t=23.3s
[transportation] Birmingham :: path/mosek ... PASS obj=215647.501 t=1757.9s
[transportation] ChicagoRegional :: path/mosek ... PASS obj=5513156.998 t=5946.1s
[transportation] ChicagoSketch :: path/mosek ... PASS obj=6705856.165 t=6.3s
[transportation] Philadelphia :: path/mosek ... PASS obj=25577466.258 t=6436.3s
[transportation] Sydney :: path/mosek ... PASS obj=4968193.233 t=7314.8s
[transportation] Winnipeg :: path/mosek ... PASS obj=420.162 t=2.4s
[intermodal] BUS-13160-0 :: tree/mosek ... PASS obj=348364.500 t=7.0s
[intermodal] BUS-18424-0 :: tree/mosek ... PASS obj=485026.500 t=9.8s
[intermodal] BUS-23688-0 :: tree/mosek ... PASS obj=624882.000 t=9.3s
[intermodal] BUS-2632-0 :: tree/mosek ... PASS obj=71026.500 t=1.8s
[intermodal] BUS-7896-0 :: tree/mosek ... PASS obj=210593.000 t=2.5s
[intermodal] SBT-18765-0 :: tree/mosek ... PASS obj=481112.000 t=8.0s
[intermodal] SBT-31275-0 :: tree/mosek ... PASS obj=801324.999 t=18.0s
[intermodal] SBT-43785-0 :: tree/mosek ... PASS obj=1123599.985 t=31.6s
[intermodal] SBT-56295-0 :: tree/mosek ... PASS obj=1447868.984 t=53.4s
[intermodal] SBT-6255-0 :: tree/mosek ... PASS obj=160606.000 t=2.2s
[intermodal] SUBWAY-132-0 :: tree/mosek ... NOREF obj=3451.005 t=0.0s
[intermodal] SUBWAY-308-0 :: tree/mosek ... PASS obj=8835.013 t=0.0s
[intermodal] SUBWAY-486-0 :: tree/mosek ... PASS obj=13543.019 t=0.1s
[intermodal] SUBWAY-662-0 :: tree/mosek ... NOREF obj=18621.026 t=0.1s

Wrote 48 rows to bench-mosek-all.csv

solver    pass  fail  error  noref
mosek       45     1      0      2

Non-pass runs:
  mosek  path  transportation Austin           ok       rel=2.80e+02
  mosek  tree  intermodal     SUBWAY-132-0     ok       no reference in optimal.csv
  mosek  tree  intermodal     SUBWAY-662-0     ok       no reference in optimal.csv
