# cmd: /usr/bin/time -o /tmp/mcfcg_mem_57js01yz.txt -f %M build/mcfcg_cli data/transportation/BerlinCenter_net.tntp.gz --solver copt --copt-gpu-mode 2 --formulation tree --max-iters 10000 --bounded-pricing --time-limit 1800.0
# outcome: ok
# returncode: 0
# peak_rss_kb: 740412
# peak_rss_source: measured
# === STDERR (CG iteration log + preamble) ===
TNTP: net=data/transportation/BerlinCenter_net.tntp.gz trips=data/transportation/BerlinCenter_trips.tntp.gz coef=0.5
Instance: 12981 vertices, 28376 arcs, 49688 commodities, 865 sources
Solver: copt (gpu-mode 2), formulation: tree
Pricing threads: 32 (auto)
Slack mode: CommodityRows (struct=865, capped_arcs=28376)
[lp-config] backend=copt version=8.0.1 method=barrier exec=GPU presolve=off crossover=off tol=0.0001 threads=n/a(GPU)
   It           UB           LB       LP_obj   #col   #row  #slk   +col   -col   +cut   -cut    t_LP    t_PR    t_SP   t_Tot     t_acc
    1          inf   2.7321e+06   2.6017e+05   1730    865   853      0      0      0      0   0.359   0.003   0.002   0.365     0.365
    2          inf   4.3185e+06   2.4448e+06   1730    865   754      0      0      0      0   0.169   0.007   0.003   0.179     0.543
    3          inf   1.5994e+07   1.5789e+07   1730    891   303      0      0     26      0   0.159   0.045   0.003   0.207     0.750
    4          inf   1.5994e+07   4.0348e+07   2184   1138   237    454      0    247      0   0.169   0.046   0.004   0.223     0.974
    5          inf   1.5994e+07   1.0208e+08   2896   1185   376    712      0     47      0   0.253   0.043   0.003   0.306     1.280
    6          inf   1.5994e+07   3.1195e+08   3608   1251   303    746     34     66      0   0.268   0.041   0.003   0.322     1.602
    7          inf   1.5994e+07   7.6867e+08   4349   1299   254    741      0     48      0   0.305   0.047   0.003   0.363     1.964
    8          inf   1.5994e+07   1.4776e+09   5090   1365   193    741      0     66      0   0.313   0.043   0.004   0.368     2.333
    9          inf   1.5994e+07   2.1270e+09   5778   1402   158    745     57     37      0   0.430   0.047   0.004   0.496     2.828
   10          inf   1.5994e+07   1.7070e+09   6246   1381    94    743    275     23     44   0.464   0.045   0.004   0.529     3.357
   11          inf   1.5994e+07   1.4185e+09   6587   1414    47    719    378     37      4   0.467   0.057   0.004   0.544     3.902
   12          inf   1.5994e+07   5.3299e+08   6824   1449     6    715    478     51     16   0.499   0.054   0.004   0.574     4.476
   13          inf   1.5994e+07   1.1055e+09   7041   1477    16    726    509     41     13   0.534   0.050   0.005   0.608     5.083
   14          inf   1.5994e+07   3.6826e+08   7112   1482     1    691    620     28     23   0.534   0.044   0.005   0.601     5.685
   15          inf   2.6553e+07   2.8305e+07   7135   1485     0    676    653     20     17   0.538   0.044   0.005   0.607     6.292
   16          inf   2.6632e+07   2.8019e+07   7108   1495     0    675    702     18      8   0.522   0.049   0.005   0.595     6.887
   17          inf   2.7081e+07   2.7868e+07   7219   1493     0    663    552     11     13   0.533   0.049   0.006   0.607     7.494
   18          inf   2.7190e+07   2.7761e+07   7149   1474     0    643    713      5     24   0.548   0.046   0.006   0.618     8.112
   19          inf   2.7291e+07   2.7680e+07   6886   1439     0    610    873      4     39   0.543   0.048   0.005   0.615     8.726
   20          inf   2.7323e+07   2.7630e+07   6552   1389     0    559    893      1     51   0.523   0.049   0.006   0.595     9.321
   21          inf   2.7428e+07   2.7593e+07   6487   1381     0    592    657      6     14   0.476   0.048   0.005   0.545     9.867
   22   2.7572e+07   2.7428e+07   2.7572e+07   6421   1361     0    532    598      0     20   0.465   0.049   0.005   0.535    10.401
   23   2.7572e+07   2.7468e+07   2.7557e+07   6316   1346     0    456    561      4     19   0.423   0.051   0.005   0.495    10.896
   24   2.7572e+07   2.7486e+07   2.7548e+07   6283   1346     0    493    526      2      2   0.428   0.053   0.005   0.502    11.398
   25   2.7572e+07   2.7502e+07   2.7540e+07   6254   1336     0    461    490      3     13   0.426   0.048   0.005   0.494    11.892
   26   2.7535e+07   2.7509e+07   2.7535e+07   6217   1329     0    431    468      0      7   0.398   0.050   0.005   0.468    12.360
   27   2.7535e+07   2.7517e+07   2.7533e+07   6176   1329     0    376    417      2      2   0.434   0.052   0.005   0.505    12.864
   28   2.7531e+07   2.7518e+07   2.7531e+07   6146   1325     0    368    398      0      4   0.432   0.050   0.005   0.500    13.364
   29   2.7530e+07   2.7524e+07   2.7530e+07   6093   1319     0    347    400      0      6   0.419   0.048   0.005   0.486    13.850
   30   2.7530e+07   2.7525e+07   2.7530e+07   6003   1318     0    343    433      0      1   0.441   0.048   0.005   0.507    14.357
   31   2.7530e+07   2.7525e+07   2.7529e+07   6067   1318     0    385    321      1      1   0.407   0.050   0.005   0.476    14.833
   32   2.7529e+07   2.7528e+07   2.7529e+07   6067   1318     0   *302      0      0      0   0.414   0.051   0.005   0.470    15.303
CG optimal after 32 iterations. UB=27529280.112649 LB=27527859.294555 gap=1.421e+03 tol=2.753e+03  t_LP=13.289  t_PR=1.505  t_SP=0.146  t_Tot=15.355
[bounded-pricing] enabled=1 cut=9275 priced=31140 rate=29.8%

# === STDOUT (result CSV) ===
Setting parameter 'LpMethod' to 2
Setting parameter 'GPUMode' to 2
Setting parameter 'Presolve' to 0
Setting parameter 'Crossover' to 0
instance,formulation,iterations,columns,objective,lower_bound,optimal,time,time_lp,time_pricing,time_separation
data/transportation/BerlinCenter_net.tntp.gz,tree,32,5202,27529280.112649,27527859.294555,1,15.409,13.289,1.505,0.146
