# cmd: /usr/bin/time -o /tmp/mcfcg_mem_4hshfoi1.txt -f %M build/mcfcg_cli data/transportation/ChicagoSketch_net.tntp.gz --solver copt --copt-gpu-mode 2 --formulation tree --max-iters 10000 --bounded-pricing --time-limit 1800.0
# outcome: ok
# returncode: 0
# peak_rss_kb: 561168
# peak_rss_source: measured
# === STDERR (CG iteration log + preamble) ===
TNTP: net=data/transportation/ChicagoSketch_net.tntp.gz trips=data/transportation/ChicagoSketch_trips.tntp.gz coef=2.4
Instance: 933 vertices, 2950 arcs, 93513 commodities, 386 sources
Solver: copt (gpu-mode 2), formulation: tree
Pricing threads: 32 (auto)
Slack mode: CommodityRows (struct=386, capped_arcs=2950)
[lp-config] backend=copt version=8.0.1 method=barrier exec=GPU presolve=off crossover=off tol=0.0001 threads=n/a(GPU)
   It           UB           LB       LP_obj   #col   #row  #slk   +col   -col   +cut   -cut    t_LP    t_PR    t_SP   t_Tot     t_acc
    1          inf   1.7040e+06   9.6191e+03    772    386   386      0      0      0      0   0.345   0.000   0.000   0.346     0.346
    2          inf   1.7059e+06   9.6191e+04    772    386   386      0      0      0      0   0.160   0.000   0.000   0.161     0.506
    3          inf   1.9538e+06   9.1394e+05    772    386   339      0      0      0      0   0.152   0.002   0.000   0.154     0.660
    4          inf   5.2474e+06   5.1857e+06    772    396    99      0      0     10      0   0.151   0.007   0.000   0.158     0.819
    5          inf   5.2474e+06   1.1395e+07   1119    408   109    347      0     12      0   0.165   0.005   0.000   0.173     0.992
    6          inf   5.2474e+06   7.7027e+06   1446    425    25    339     12     17      0   0.179   0.005   0.001   0.188     1.180
    7          inf   5.2474e+06   8.2942e+06   1826    429    37    380      0      4      0   0.194   0.005   0.001   0.203     1.382
    8          inf   5.2474e+06   8.0027e+06   2204    434     6    378      0      5      0   0.202   0.005   0.001   0.212     1.594
    9          inf   6.6683e+06   6.7167e+06   2581    435     0    377      0      1      0   0.207   0.005   0.001   0.216     1.810
   10          inf   6.6977e+06   6.7108e+06   2903    435     0    374     52      1      1   0.202   0.005   0.001   0.215     2.026
   11   6.7073e+06   6.7035e+06   6.7073e+06   3113    434     0    359    149      0      1   0.206   0.005   0.001   0.218     2.244
   12   6.7065e+06   6.7047e+06   6.7065e+06   3169    432     0    326    270      0      2   0.212   0.006   0.002   0.226     2.470
   13   6.7065e+06   6.7054e+06   6.7061e+06   3108    429     0    309    370      1      4   0.213   0.005   0.002   0.226     2.697
   14   6.7059e+06   6.7054e+06   6.7059e+06   3108    429     0   *225      0      0      0   0.210   0.004   0.001   0.216     2.913
CG optimal after 14 iterations. UB=6705940.401858 LB=6705422.025662 gap=5.184e+02 tol=6.706e+02  t_LP=2.799  t_PR=0.074  t_SP=0.011  t_Tot=2.929
[bounded-pricing] enabled=1 cut=3477 priced=7334 rate=47.4%

# === STDOUT (result CSV) ===
Setting parameter 'LpMethod' to 2
Setting parameter 'GPUMode' to 2
Setting parameter 'Presolve' to 0
Setting parameter 'Crossover' to 0
instance,formulation,iterations,columns,objective,lower_bound,optimal,time,time_lp,time_pricing,time_separation
data/transportation/ChicagoSketch_net.tntp.gz,tree,14,2722,6705940.401858,6705422.025662,1,2.956,2.799,0.074,0.011
