# cmd: /usr/bin/time -o /tmp/mcfcg_mem_yrk_7hu0.txt -f %M build/mcfcg_cli data/transportation/Winnipeg_net.tntp.gz --solver copt --copt-gpu-mode 2 --formulation tree --max-iters 10000 --bounded-pricing --time-limit 1800.0
# outcome: ok
# returncode: 0
# peak_rss_kb: 485576
# peak_rss_source: measured
# === STDERR (CG iteration log + preamble) ===
TNTP: net=data/transportation/Winnipeg_net.tntp.gz trips=data/transportation/Winnipeg_trips.tntp.gz coef=2000.0
Instance: 1052 vertices, 2836 arcs, 4345 commodities, 135 sources
Solver: copt (gpu-mode 2), formulation: tree
Pricing threads: 32 (auto)
Slack mode: CommodityRows (struct=135, capped_arcs=2836)
[lp-config] backend=copt version=8.0.1 method=barrier exec=GPU presolve=off crossover=off tol=0.0001 threads=n/a(GPU)
   It           UB           LB       LP_obj   #col   #row  #slk   +col   -col   +cut   -cut    t_LP    t_PR    t_SP   t_Tot     t_acc
    1          inf   3.7412e+02   3.7371e+02    270    270     6      0      0    135      0   0.243   0.003   0.000   0.246     0.246
    2          inf   3.7412e+02   6.0255e+02    386    278    42    116      0      8      0   0.054   0.001   0.000   0.056     0.302
    3          inf   3.7412e+02   1.5701e+03    507    280    49    121      0      2      0   0.051   0.001   0.000   0.053     0.355
    4          inf   3.7412e+02   1.5336e+03    627    325    32    120      0     45      0   0.064   0.001   0.000   0.066     0.421
    5          inf   3.7412e+02   2.7161e+03    751    331    29    124      0      6      0   0.066   0.001   0.000   0.068     0.490
    6          inf   3.7412e+02   1.5587e+03    875    360    16    124      0     29      0   0.077   0.001   0.000   0.079     0.569
    7          inf   3.7412e+02   3.1884e+03    999    301    20    132      8      8     67   0.091   0.001   0.000   0.094     0.663
    8          inf   3.7412e+02   6.3601e+02   1079    331     2    126     46     41     11   0.095   0.001   0.000   0.099     0.762
    9          inf   3.7412e+02   1.8570e+03   1133    340     3    128     74     10      1   0.092   0.001   0.000   0.095     0.857
   10          inf   3.7412e+02   4.5033e+02   1182    323     0    121     72     10     27   0.112   0.001   0.000   0.116     0.973
   11          inf   3.8688e+02   4.4395e+02   1220    321     0    123     85      6      8   0.106   0.001   0.000   0.109     1.082
   12   4.3695e+02   4.0349e+02   4.3695e+02   1242    306     0    122    100      0     15   0.108   0.001   0.000   0.111     1.194
   13   4.3695e+02   4.0757e+02   4.3211e+02   1273    308     0    119     88      4      2   0.094   0.001   0.000   0.097     1.290
   14   4.3695e+02   4.0852e+02   4.2802e+02   1243    286     0    118    148     10     32   0.084   0.001   0.000   0.088     1.378
   15   4.3695e+02   4.0852e+02   4.2544e+02   1172    275     0    119    190      4     15   0.095   0.001   0.000   0.098     1.476
   16   4.3695e+02   4.0852e+02   4.2536e+02   1139    267     0    113    146      4     12   0.078   0.001   0.000   0.082     1.558
   17   4.2450e+02   4.1587e+02   4.2450e+02   1124    251     0    107    122      0     16   0.081   0.001   0.000   0.085     1.643
   18   4.2450e+02   4.1614e+02   4.2282e+02   1108    249     0    108    124      3      5   0.072   0.001   0.000   0.075     1.718
   19   4.2238e+02   4.1614e+02   4.2238e+02   1105    245     0    119    122      0      4   0.077   0.001   0.000   0.080     1.798
   20   4.2238e+02   4.1816e+02   4.2174e+02   1099    241     0     91     97      2      6   0.074   0.001   0.000   0.078     1.875
   21   4.2238e+02   4.1903e+02   4.2121e+02   1065    241     0     83    117      2      2   0.078   0.001   0.000   0.081     1.957
   22   4.2238e+02   4.1903e+02   4.2075e+02   1046    240     0     91    110      1      2   0.077   0.001   0.000   0.080     2.037
   23   4.2058e+02   4.1925e+02   4.2058e+02   1016    238     0     74    104      0      2   0.071   0.001   0.000   0.074     2.111
   24   4.2058e+02   4.1931e+02   4.2045e+02    981    241     0     68    103      3      0   0.073   0.001   0.000   0.076     2.187
   25   4.2058e+02   4.1973e+02   4.2037e+02    921    240     0     71    131      1      2   0.076   0.001   0.000   0.079     2.266
   26   4.2029e+02   4.1988e+02   4.2029e+02    887    240     0     50     84      0      0   0.074   0.001   0.000   0.077     2.343
   27   4.2022e+02   4.1988e+02   4.2022e+02    851    238     0     49     85      0      2   0.071   0.001   0.000   0.074     2.417
   28   4.2020e+02   4.1997e+02   4.2020e+02    793    238     0     29     87      0      0   0.076   0.001   0.000   0.079     2.495
   29   4.2018e+02   4.1997e+02   4.2018e+02    746    238     0     27     74      0      0   0.074   0.001   0.000   0.077     2.572
   30   4.2018e+02   4.2000e+02   4.2018e+02    687    236     0     11     70      0      2   0.075   0.001   0.000   0.078     2.650
   31   4.2017e+02   4.2001e+02   4.2017e+02    619    235     0      3     71      0      1   0.074   0.001   0.000   0.076     2.727
   32   4.2017e+02   4.2001e+02   4.2017e+02    577    235     0      4     46      0      0   0.067   0.001   0.000   0.069     2.796
   33   4.2017e+02   4.2001e+02   4.2017e+02    533    233     0      1     45      0      2   0.067   0.001   0.000   0.069     2.865
   34   4.2017e+02   4.2001e+02   4.2017e+02    496    232     0      1     38      0      1   0.071   0.001   0.000   0.074     2.939
   35   4.2017e+02   4.2001e+02   4.2017e+02    466    232     0      2     32      0      0   0.070   0.001   0.000   0.072     3.011
   36   4.2017e+02   4.2001e+02   4.2017e+02    492    231     0     41     15      0      1   0.071   0.001   0.000   0.074     3.085
   37   4.2017e+02   4.2001e+02   4.2017e+02    492    231     0      0      0      0      0   0.067   0.003   0.000   0.071     3.155
CG optimal after 37 iterations. UB=420.168243 LB=420.013877 gap=1.544e-01 tol=4.202e-02  t_LP=3.045  t_PR=0.055  t_SP=0.013  t_Tot=3.160
[bounded-pricing] enabled=1 fired=2409 priced=5400 rate=44.6%

# === STDOUT (result CSV) ===
Setting parameter 'LpMethod' to 2
Setting parameter 'GPUMode' to 2
Setting parameter 'Presolve' to 0
Setting parameter 'Crossover' to 0
instance,formulation,iterations,columns,objective,lower_bound,optimal,time,time_lp,time_pricing,time_separation
data/transportation/Winnipeg_net.tntp.gz,tree,37,357,420.168243,420.013877,1,3.174,3.045,0.055,0.013
