# cmd: /usr/bin/time -o /tmp/mcfcg_mem_t4pl1osv.txt -f %M build/mcfcg_cli data/transportation/Barcelona_net.tntp.gz --solver copt --copt-gpu-mode 2 --formulation tree --max-iters 10000 --bounded-pricing --time-limit 1800.0
# outcome: ok
# returncode: 0
# peak_rss_kb: 496860
# peak_rss_source: measured
# === STDERR (CG iteration log + preamble) ===
TNTP: net=data/transportation/Barcelona_net.tntp.gz trips=data/transportation/Barcelona_trips.tntp.gz coef=5050.0
Instance: 1020 vertices, 2522 arcs, 7922 commodities, 97 sources
Solver: copt (gpu-mode 2), formulation: tree
Pricing threads: 32 (auto)
Slack mode: CommodityRows (struct=97, capped_arcs=2522)
[lp-config] backend=copt version=8.0.1 method=barrier exec=GPU presolve=off crossover=off tol=0.0001 threads=n/a(GPU)
   It           UB           LB       LP_obj   #col   #row  #slk   +col   -col   +cut   -cut    t_LP    t_PR    t_SP   t_Tot     t_acc
    1          inf   2.3745e+02   2.3756e+02    194    227     0      0      0    130      0   0.343   0.003   0.000   0.346     0.346
    2          inf   2.3745e+02   1.4151e+03    290    227    26     96      0      0      0   0.190   0.001   0.000   0.192     0.537
    3          inf   2.3745e+02   3.8452e+03    385    230    37     95      0      3      0   0.182   0.001   0.000   0.185     0.722
    4          inf   2.3745e+02   8.5308e+03    480    235    40     95      0      5      0   0.192   0.001   0.000   0.194     0.916
    5          inf   2.3745e+02   2.7493e+03    576    273    11     96      0     38      0   0.199   0.001   0.000   0.201     1.117
    6          inf   2.3745e+02   7.7570e+03    671    278    11     95      0      5      0   0.208   0.001   0.000   0.211     1.328
    7          inf   2.3745e+02   3.7874e+03    758    213     4     94      7      7     72   0.219   0.001   0.001   0.222     1.550
    8          inf   2.3745e+02   2.4832e+02    811    226     0     95     42     14      1   0.209   0.001   0.000   0.212     1.761
    9          inf   2.3854e+02   2.4684e+02    857    229     0     94     48      3      0   0.203   0.001   0.000   0.206     1.967
   10          inf   2.4061e+02   2.4619e+02    906    229     0     88     39      6      6   0.204   0.001   0.000   0.207     2.174
   11          inf   2.4163e+02   2.4525e+02    908    217     0     85     83      8     20   0.202   0.001   0.000   0.205     2.379
   12          inf   2.4163e+02   2.4474e+02    904    217     0     81     85      3      3   0.204   0.001   0.000   0.207     2.586
   13   2.4433e+02   2.4213e+02   2.4433e+02    867    206     0     78    115      0     11   0.210   0.001   0.000   0.213     2.800
   14   2.4433e+02   2.4262e+02   2.4415e+02    824    196     0     73    116      2     12   0.204   0.001   0.000   0.207     3.007
   15   2.4433e+02   2.4277e+02   2.4398e+02    799    196     0     67     92      3      3   0.202   0.001   0.000   0.205     3.212
   16   2.4433e+02   2.4281e+02   2.4387e+02    784    190     0     75     90      3      9   0.205   0.001   0.000   0.208     3.420
   17   2.4378e+02   2.4294e+02   2.4378e+02    771    186     0     71     84      0      4   0.200   0.001   0.001   0.203     3.623
   18   2.4378e+02   2.4311e+02   2.4371e+02    741    186     0     54     84      4      4   0.199   0.001   0.000   0.202     3.825
   19   2.4368e+02   2.4323e+02   2.4368e+02    720    184     0     56     77      0      2   0.203   0.001   0.000   0.206     4.031
   20   2.4368e+02   2.4323e+02   2.4363e+02    716    182     0     57     61      2      4   0.202   0.001   0.000   0.205     4.236
   21   2.4368e+02   2.4325e+02   2.4360e+02    693    185     0     45     68      4      1   0.202   0.001   0.000   0.204     4.440
   22   2.4368e+02   2.4331e+02   2.4359e+02    657    184     0     37     73      1      2   0.206   0.001   0.000   0.209     4.649
   23   2.4357e+02   2.4333e+02   2.4357e+02    606    184     0     24     75      0      0   0.208   0.001   0.000   0.210     4.859
   24   2.4357e+02   2.4333e+02   2.4355e+02    595    184     0     28     39      1      1   0.204   0.001   0.000   0.206     5.066
   25   2.4355e+02   2.4334e+02   2.4355e+02    559    183     0     17     53      0      1   0.211   0.001   0.000   0.214     5.280
   26   2.4354e+02   2.4336e+02   2.4354e+02    522    181     0     24     61      0      2   0.201   0.001   0.000   0.203     5.483
   27   2.4354e+02   2.4336e+02   2.4353e+02    500    180     0     23     45      1      2   0.207   0.001   0.000   0.210     5.693
   28   2.4353e+02   2.4338e+02   2.4353e+02    468    178     0     13     45      0      2   0.198   0.001   0.000   0.200     5.893
   29   2.4352e+02   2.4340e+02   2.4352e+02    443    176     0      5     30      0      2   0.206   0.001   0.000   0.208     6.101
   30   2.4352e+02   2.4341e+02   2.4352e+02    412    176     0      3     34      0      0   0.197   0.001   0.000   0.200     6.301
   31   2.4352e+02   2.4341e+02   2.4352e+02    391    176     0      1     22      0      0   0.200   0.001   0.000   0.202     6.503
   32   2.4352e+02   2.4341e+02   2.4352e+02    368    176     0      2     25      0      0   0.202   0.001   0.000   0.204     6.707
   33   2.4352e+02   2.4341e+02   2.4352e+02    336    176     0      2     34      0      0   0.195   0.001   0.000   0.197     6.904
   34   2.4352e+02   2.4341e+02   2.4352e+02    316    174     0      3     23      0      2   0.195   0.001   0.000   0.197     7.101
   35   2.4352e+02   2.4341e+02   2.4352e+02    315    174     0      7      8      0      0   0.191   0.001   0.000   0.193     7.294
   36   2.4352e+02   2.4341e+02   2.4352e+02    315    174     0      0      0      0      0   0.191   0.002   0.000   0.194     7.488
CG optimal after 36 iterations. UB=243.520077 LB=243.412038 gap=1.080e-01 tol=2.435e-02  t_LP=7.393  t_PR=0.047  t_SP=0.012  t_Tot=7.492
[bounded-pricing] enabled=1 cut=1907 priced=3783 rate=50.4%

# === STDOUT (result CSV) ===
Setting parameter 'LpMethod' to 2
Setting parameter 'GPUMode' to 2
Setting parameter 'Presolve' to 0
Setting parameter 'Crossover' to 0
instance,formulation,iterations,columns,objective,lower_bound,optimal,time,time_lp,time_pricing,time_separation
data/transportation/Barcelona_net.tntp.gz,tree,36,218,243.520077,243.412038,1,7.513,7.393,0.047,0.012
