# cmd: /usr/bin/time -o /tmp/mcfcg_mem_vcfuun6z.txt -f %M build/mcfcg_cli data/intermodal/SBT-43785-0.txt.gz --solver copt --copt-gpu-mode 2 --formulation path --max-iters 10000 --strategy pricer-heavy --bounded-pricing --time-limit 7200.0
# outcome: ok
# returncode: 0
# peak_rss_kb: 2022960
# peak_rss_source: measured
# === STDERR (CG iteration log + preamble) ===
Instance: 238529 vertices, 3741246 arcs, 43757 commodities, 43757 sources
Solver: copt (gpu-mode 2), formulation: path
Pricing threads: 32 (auto)
Slack mode: CommodityRows (struct=43757, capped_arcs=3494226)
[lp-config] backend=copt version=8.0.1 method=barrier exec=GPU presolve=off crossover=off tol=0.0001 threads=n/a(GPU)
   It           UB           LB       LP_obj   #col   #row  #slk   +col   -col   +cut   -cut    t_LP    t_PR    t_SP   t_Tot     t_acc
    1          inf         -inf   1.1175e+06  87514  43829   745      0      0     72      0   0.464   0.000   0.272   0.737     0.737
    2          inf         -inf   1.1284e+06  89103  43829  1264   1589      0      0      0   0.065   0.635   0.272   0.975     1.712
    3          inf         -inf   1.1237e+06  89103  43840     0      0      0     11      0   0.080   0.000   0.263   0.345     2.057
    4          inf         -inf   1.1238e+06  89259  43840    23    156      0      0      0   0.082   0.249   0.263   0.595     2.652
    5   1.1237e+06   1.1235e+06   1.1237e+06  89500  43840     0    241      0      0      0   0.081   9.089   0.266   9.438    12.090
    6   1.1236e+06   1.1236e+06   1.1236e+06  89500  43840     0     *1      0      0      0   0.086   9.038   0.264   9.388    21.477
CG optimal after 6 iterations. UB=1123600.009692 LB=1123593.795036 gap=6.215e+00 tol=1.124e+02  t_LP=0.857  t_PR=28.525  t_SP=1.600  t_Tot=30.992
[bounded-pricing] enabled=1 cut=87542 priced=133286 rate=65.7%

# === STDOUT (result CSV) ===
Setting parameter 'LpMethod' to 2
Setting parameter 'GPUMode' to 2
Setting parameter 'Presolve' to 0
Setting parameter 'Crossover' to 0
instance,formulation,iterations,columns,objective,lower_bound,optimal,time,time_lp,time_pricing,time_separation
data/intermodal/SBT-43785-0.txt.gz,path,6,45743,1123600.009692,1123593.795036,1,31.877,0.857,28.525,1.600
