# cmd: /usr/bin/time -o /tmp/mcfcg_mem_pk583yoc.txt -f %M build/mcfcg_cli data/intermodal/BUS-7896-0.txt.gz --solver copt --copt-gpu-mode 2 --formulation tree --max-iters 10000 --strategy pricer-heavy --bounded-pricing --time-limit 7200.0
# outcome: ok
# returncode: 0
# peak_rss_kb: 807460
# peak_rss_source: measured
# === STDERR (CG iteration log + preamble) ===
Instance: 130395 vertices, 710935 arcs, 7883 commodities, 7883 sources
Solver: copt (gpu-mode 2), formulation: tree
Pricing threads: 32 (auto)
Slack mode: CommodityRows (struct=7883, capped_arcs=524037)
[lp-config] backend=copt version=8.0.1 method=barrier exec=GPU presolve=off crossover=off tol=0.0001 threads=n/a(GPU)
   It           UB           LB       LP_obj   #col   #row  #slk   +col   -col   +cut   -cut    t_LP    t_PR    t_SP   t_Tot     t_acc
    1          inf         -inf   2.0473e+05  15766   7960   475      0      0     77      0   0.270   0.000   0.051   0.322     0.322
    2          inf         -inf   2.0647e+05  16206   7960   631    440      0      0      0   0.040   0.048   0.052   0.141     0.463
    3          inf         -inf   2.1121e+05  16206   8031    48      0      0     71      0   0.044   0.000   0.049   0.094     0.557
    4          inf         -inf   2.1215e+05  16206   8035   112      0      0      4      0   0.050   0.000   0.054   0.104     0.661
    5          inf         -inf   2.1217e+05  16255   8035   112     49      0      0      0   0.051   0.023   0.050   0.125     0.785
    6          inf         -inf   2.2155e+05  16255   8036   111      0      0      1      0   0.049   0.000   0.052   0.101     0.886
    7          inf         -inf   2.2155e+05  16275   8011   111     20      0      0     25   0.049   0.024   0.050   0.124     1.010
    8          inf         -inf   2.4088e+05  16275   8013    82      0      0      2      0   0.055   0.000   0.051   0.106     1.117
    9          inf         -inf   2.4093e+05  16294   7967    86     19      0      0     46   0.055   0.027   0.054   0.137     1.253
   10          inf   1.3301e+04   2.5544e+05  16796   7967    80    502      0      0      0   0.055   0.224   0.053   0.334     1.587
   11          inf   1.3301e+04   2.1053e+05  16796   8008     0      0      0     41      0   0.051   0.000   0.051   0.103     1.690
   12          inf   1.3301e+04   2.1075e+05  16796   8019     3      0      0     11      0   0.060   0.000   0.052   0.113     1.803
   13          inf   1.3301e+04   2.1082e+05  16796   8020     5      0      0      1      0   0.056   0.000   0.051   0.108     1.911
   14          inf   1.3301e+04   2.1083e+05  16798   8006     6      2      0      0     14   0.058   0.025   0.057   0.141     2.052
   15          inf   1.9844e+05   2.1135e+05  17080   8005     5    282      0      0      1   0.060   0.229   0.054   0.344     2.396
   16          inf   1.9844e+05   2.1060e+05  17080   8013     0      0      0      8      0   0.056   0.000   0.051   0.108     2.504
   17   2.1060e+05   1.9844e+05   2.1060e+05  17085   7977     0      5      0      0     36   0.059   0.024   0.051   0.134     2.638
   18   2.1060e+05   1.9844e+05   2.1060e+05  17085   7980     0      0      0      3      0   0.054   0.000   0.051   0.105     2.743
   19   2.1060e+05   2.1051e+05   2.1060e+05  17154   7974     0     69      0      0      6   0.053   0.245   0.052   0.352     3.094
   20   2.1060e+05   2.1059e+05   2.1060e+05  17154   7974     0    *24      0      0      0   0.053   0.207   0.050   0.311     3.405
CG optimal after 20 iterations. UB=210595.000061 LB=210590.316884 gap=4.683e+00 tol=2.106e+01  t_LP=1.280  t_PR=1.325  t_SP=1.037  t_Tot=3.660
[bounded-pricing] enabled=1 cut=30979 priced=40274 rate=76.9%

# === STDOUT (result CSV) ===
Setting parameter 'LpMethod' to 2
Setting parameter 'GPUMode' to 2
Setting parameter 'Presolve' to 0
Setting parameter 'Crossover' to 0
instance,formulation,iterations,columns,objective,lower_bound,optimal,time,time_lp,time_pricing,time_separation
data/intermodal/BUS-7896-0.txt.gz,tree,20,9271,210595.000061,210590.316884,1,3.859,1.280,1.325,1.037
