# cmd: /usr/bin/time -o /tmp/mcfcg_mem_s7haqe04.txt -f %M build/mcfcg_cli data/intermodal/SBT-43785-0.txt.gz --solver copt --copt-gpu-mode 2 --formulation tree --max-iters 10000 --strategy pricer-heavy --bounded-pricing --time-limit 7200.0
# outcome: ok
# returncode: 0
# peak_rss_kb: 2033888
# peak_rss_source: measured
# === STDERR (CG iteration log + preamble) ===
Instance: 238529 vertices, 3741246 arcs, 43757 commodities, 43757 sources
Solver: copt (gpu-mode 2), formulation: tree
Pricing threads: 32 (auto)
Slack mode: CommodityRows (struct=43757, capped_arcs=3494226)
[lp-config] backend=copt version=8.0.1 method=barrier exec=GPU presolve=off crossover=off tol=0.0001 threads=n/a(GPU)
   It           UB           LB       LP_obj   #col   #row  #slk   +col   -col   +cut   -cut    t_LP    t_PR    t_SP   t_Tot     t_acc
    1          inf         -inf   1.1175e+06  87514  43829   745      0      0     72      0   0.478   0.000   0.283   0.763     0.763
    2          inf         -inf   1.1284e+06  89098  43829  1264   1584      0      0      0   0.058   0.582   0.281   0.924     1.687
    3          inf         -inf   1.1237e+06  89098  43840     0      0      0     11      0   0.060   0.000   0.275   0.337     2.023
    4          inf         -inf   1.1238e+06  89246  43840    23    148      0      0      0   0.066   0.231   0.271   0.569     2.592
    5   1.1237e+06   1.1235e+06   1.1237e+06  89487  43840     0    241      0      0      0   0.063   8.609   0.270   8.942    11.534
    6   1.1236e+06   1.1236e+06   1.1236e+06  89487  43840     0     *1      0      0      0   0.065   8.580   0.270   8.915    20.450
CG optimal after 6 iterations. UB=1123600.000001 LB=1123593.830630 gap=6.169e+00 tol=1.124e+02  t_LP=0.789  t_PR=26.990  t_SP=1.649  t_Tot=29.437
[bounded-pricing] enabled=1 fired=87555 priced=133286 rate=65.7%

# === STDOUT (result CSV) ===
Setting parameter 'LpMethod' to 2
Setting parameter 'GPUMode' to 2
Setting parameter 'Presolve' to 0
Setting parameter 'Crossover' to 0
instance,formulation,iterations,columns,objective,lower_bound,optimal,time,time_lp,time_pricing,time_separation
data/intermodal/SBT-43785-0.txt.gz,tree,6,45730,1123600.000001,1123593.830630,1,30.286,0.789,26.990,1.649
