# cmd: /usr/bin/time -o /tmp/mcfcg_mem_fygg_j1v.txt -f %M build/mcfcg_cli data/intermodal/BUS-2632-0.txt.gz --solver copt --copt-gpu-mode 2 --formulation path --max-iters 10000 --strategy pricer-heavy --bounded-pricing --time-limit 7200.0
# outcome: ok
# returncode: 0
# peak_rss_kb: 673852
# peak_rss_source: measured
# === STDERR (CG iteration log + preamble) ===
Instance: 119865 vertices, 397362 arcs, 2628 commodities, 2628 sources
Solver: copt (gpu-mode 2), formulation: path
Pricing threads: 32 (auto)
Slack mode: CommodityRows (struct=2628, capped_arcs=210464)
[lp-config] backend=copt version=8.0.1 method=barrier exec=GPU presolve=off crossover=off tol=0.0001 threads=n/a(GPU)
   It           UB           LB       LP_obj   #col   #row  #slk   +col   -col   +cut   -cut    t_LP    t_PR    t_SP   t_Tot     t_acc
    1          inf         -inf   6.8907e+04   5256   2722   161      0      0     94      0   0.246   0.000   0.031   0.277     0.277
    2          inf         -inf   6.9679e+04   5426   2722   229    170      0      0      0   0.029   0.024   0.034   0.088     0.365
    3          inf         -inf   7.1144e+04   5426   2793    14      0      0     71      0   0.035   0.000   0.030   0.066     0.430
    4          inf         -inf   7.2241e+04   5556   2793    46    130      0      0      0   0.038   0.028   0.033   0.100     0.530
    5          inf         -inf   7.4177e+04   5556   2813    15      0      0     20      0   0.038   0.000   0.032   0.070     0.600
    6          inf         -inf   7.4280e+04   5556   2815    20      0      0      2      0   0.046   0.000   0.035   0.081     0.681
    7          inf         -inf   7.4288e+04   5562   2797    22      6      0      0     18   0.046   0.018   0.035   0.099     0.780
    8          inf         -inf   7.6359e+04   5562   2798    18      0      0      1      0   0.042   0.000   0.034   0.076     0.856
    9          inf         -inf   7.6359e+04   5570   2779    19      8      0      0     19   0.042   0.017   0.034   0.093     0.950
   10          inf         -inf   7.7467e+04   5570   2790    18      0      0     11      0   0.040   0.000   0.033   0.072     1.022
   11          inf         -inf   7.7499e+04   5588   2754    20     18      0      0     36   0.040   0.017   0.034   0.092     1.114
   12          inf         -inf   9.7606e+04   5588   2757    18      0      0      3      0   0.043   0.000   0.033   0.077     1.191
   13          inf         -inf   9.7611e+04   5598   2757    19     10      0      0      0   0.044   0.019   0.035   0.098     1.288
   14          inf         -inf   1.0385e+05   5598   2761    17      0      0      4      0   0.044   0.000   0.035   0.078     1.367
   15          inf         -inf   1.0386e+05   5601   2758    18      3      0      0      3   0.043   0.017   0.035   0.094     1.461
   16          inf         -inf   1.0955e+05   5601   2761    16      0      0      3      0   0.043   0.000   0.034   0.077     1.538
   17          inf         -inf   1.0955e+05   5605   2759    16      4      0      0      2   0.042   0.018   0.034   0.094     1.632
   18          inf         -inf   1.6595e+05   5605   2762    14      0      0      3      0   0.041   0.000   0.034   0.075     1.707
   19          inf         -inf   1.6595e+05   5609   2759    14      4      0      0      3   0.041   0.018   0.034   0.093     1.800
   20          inf         -inf   3.1487e+05   5609   2764    11      0      0      5      0   0.043   0.000   0.032   0.075     1.875
   21          inf         -inf   3.1488e+05   5609   2765    11      0      0      1      0   0.049   0.000   0.035   0.084     1.959
   22          inf  -5.1478e+05   3.1488e+05   5792   2760    11    183      0      0      5   0.049   0.090   0.035   0.176     2.135
   23          inf  -5.1478e+05   7.1051e+04   5792   2776     0      0      0     16      0   0.049   0.000   0.029   0.079     2.214
   24          inf  -5.1478e+05   7.1058e+04   5792   2779     0      0      0      3      0   0.046   0.000   0.034   0.080     2.294
   25   7.1058e+04  -5.1478e+05   7.1058e+04   5796   2773     0      4      0      0      6   0.048   0.019   0.036   0.103     2.398
   26   7.1058e+04  -5.1478e+05   7.1056e+04   5796   2776     0      0      0      3      0   0.046   0.000   0.036   0.082     2.479
   27   7.1056e+04   7.0764e+04   7.1056e+04   5864   2774     0     68      0      0      2   0.046   0.084   0.035   0.165     2.645
   28   7.1056e+04   7.0764e+04   7.1029e+04   5864   2788     0      0      0     14      0   0.050   0.000   0.031   0.081     2.726
   29   7.1032e+04   7.0764e+04   7.1032e+04   5872   2763     0      8      0      0     25   0.050   0.021   0.035   0.107     2.833
   30   7.1032e+04   7.0764e+04   7.1032e+04   5872   2765     0      0      0      2      0   0.050   0.000   0.035   0.085     2.918
   31   7.1032e+04   7.1021e+04   7.1032e+04   5878   2761     0      6      0      0      4   0.050   0.077   0.034   0.161     3.079
   32   7.1032e+04   7.1021e+04   7.1027e+04   5878   2766     0      0      0      5      0   0.050   0.000   0.028   0.078     3.157
   33   7.1027e+04   7.1021e+04   7.1027e+04   5878   2766     0     *2      0      0      0   0.046   0.019   0.034   0.099     3.256
CG optimal after 33 iterations. UB=71027.000002 LB=71021.151596 gap=5.848e+00 tol=7.103e+00  t_LP=1.655  t_PR=0.566  t_SP=1.107  t_Tot=3.339
[bounded-pricing] enabled=1 fired=7823 priced=11075 rate=70.6%

# === STDOUT (result CSV) ===
Setting parameter 'LpMethod' to 2
Setting parameter 'GPUMode' to 2
Setting parameter 'Presolve' to 0
Setting parameter 'Crossover' to 0
instance,formulation,iterations,columns,objective,lower_bound,optimal,time,time_lp,time_pricing,time_separation
data/intermodal/BUS-2632-0.txt.gz,path,33,3250,71027.000002,71021.151596,1,3.469,1.655,0.566,1.107
