# cmd: /usr/bin/time -o /tmp/mcfcg_mem_7tli5n0j.txt -f %M build/mcfcg_cli data/intermodal/BUS-13160-0.txt.gz --solver copt --copt-gpu-mode 2 --formulation tree --max-iters 10000 --strategy pricer-heavy --bounded-pricing --time-limit 7200.0
# outcome: ok
# returncode: 0
# peak_rss_kb: 944016
# peak_rss_source: measured
# === STDERR (CG iteration log + preamble) ===
Instance: 140925 vertices, 1023858 arcs, 13135 commodities, 13135 sources
Solver: copt (gpu-mode 2), formulation: tree
Pricing threads: 32 (auto)
Slack mode: CommodityRows (struct=13135, capped_arcs=836960)
[lp-config] backend=copt version=8.0.1 method=barrier exec=GPU presolve=off crossover=off tol=0.0001 threads=n/a(GPU)
   It           UB           LB       LP_obj   #col   #row  #slk   +col   -col   +cut   -cut    t_LP    t_PR    t_SP   t_Tot     t_acc
    1          inf         -inf   3.3868e+05  26270  13208   783      0      0     73      0   0.315   0.000   0.074   0.389     0.389
    2          inf         -inf   3.4174e+05  26924  13208  1041    654      0      0      0   0.047   0.087   0.071   0.207     0.596
    3          inf         -inf   3.4913e+05  26924  13259    71      0      0     51      0   0.053   0.000   0.073   0.127     0.723
    4          inf         -inf   3.5030e+05  27288  13259   146    364      0      0      0   0.057   0.068   0.071   0.197     0.920
    5          inf         -inf   3.5357e+05  27288  13268    90      0      0      9      0   0.056   0.000   0.072   0.128     1.048
    6          inf         -inf   3.5362e+05  27404  13268    92    116      0      0      0   0.061   0.048   0.070   0.180     1.228
    7          inf         -inf   3.6396e+05  27404  13272    56      0      0      4      0   0.064   0.000   0.071   0.136     1.364
    8          inf         -inf   3.6397e+05  27511  13233    58    107      0      0     39   0.059   0.041   0.071   0.173     1.536
    9          inf         -inf   3.7153e+05  27511  13239    73      0      0      6      0   0.059   0.000   0.073   0.133     1.669
   10          inf         -inf   3.7158e+05  27604  13209    74     93      0      0     30   0.059   0.045   0.071   0.176     1.845
   11          inf         -inf   3.5741e+05  27604  13218    28      0      0      9      0   0.068   0.000   0.072   0.140     1.986
   12          inf         -inf   3.5742e+05  27686  13208    32     82      0      0     10   0.069   0.043   0.072   0.185     2.170
   13          inf         -inf   3.5354e+05  27686  13219    23      0      0     11      0   0.062   0.000   0.071   0.134     2.304
   14          inf         -inf   3.5355e+05  27749  13211    26     63      0      0      8   0.065   0.047   0.072   0.186     2.490
   15          inf   2.8844e+05   3.5453e+05  28063  13208    16    314      0      0      3   0.065   0.471   0.074   0.611     3.100
   16          inf   2.8844e+05   3.4838e+05  28063  13232     0      0      0     24      0   0.059   0.000   0.073   0.133     3.233
   17   3.4843e+05   2.8844e+05   3.4843e+05  28101  13228     0     38      0      0      4   0.066   0.052   0.072   0.191     3.424
   18   3.4843e+05   2.8844e+05   3.4840e+05  28101  13229     0      0      0      1      0   0.066   0.000   0.072   0.139     3.563
   19   3.4840e+05   3.4835e+05   3.4840e+05  28143  13222     0     42      0      0      7   0.069   0.477   0.073   0.620     4.182
   20   3.4840e+05   3.4835e+05   3.4836e+05  28143  13224     0      0      0      2      0   0.063   0.000   0.071   0.135     4.317
   21   3.4836e+05   3.4836e+05   3.4836e+05  28143  13224     0     *4      0      0      0   0.062   0.479   0.071   0.612     4.929
CG optimal after 21 iterations. UB=348361.500000 LB=348359.961517 gap=1.538e+00 tol=3.484e+01  t_LP=1.543  t_PR=2.354  t_SP=1.512  t_Tot=5.427
[bounded-pricing] enabled=1 cut=40199 priced=55211 rate=72.8%

# === STDOUT (result CSV) ===
Setting parameter 'LpMethod' to 2
Setting parameter 'GPUMode' to 2
Setting parameter 'Presolve' to 0
Setting parameter 'Crossover' to 0
instance,formulation,iterations,columns,objective,lower_bound,optimal,time,time_lp,time_pricing,time_separation
data/intermodal/BUS-13160-0.txt.gz,tree,21,15008,348361.500000,348359.961517,1,5.708,1.543,2.354,1.512
