# cmd: /usr/bin/time -o /tmp/mcfcg_mem_5fay2j2y.txt -f %M build/mcfcg_cli data/intermodal/SBT-18765-0.txt.gz --solver copt --copt-gpu-mode 2 --formulation path --max-iters 10000 --strategy pricer-heavy --bounded-pricing --time-limit 7200.0
# outcome: ok
# returncode: 0
# peak_rss_kb: 1234300
# peak_rss_source: measured
# === STDERR (CG iteration log + preamble) ===
Instance: 188487 vertices, 1782614 arcs, 18745 commodities, 18745 sources
Solver: copt (gpu-mode 2), formulation: path
Pricing threads: 32 (auto)
Slack mode: CommodityRows (struct=18745, capped_arcs=1535594)
[lp-config] backend=copt version=8.0.1 method=barrier exec=GPU presolve=off crossover=off tol=0.0001 threads=n/a(GPU)
   It           UB           LB       LP_obj   #col   #row  #slk   +col   -col   +cut   -cut    t_LP    t_PR    t_SP   t_Tot     t_acc
    1          inf         -inf   4.7848e+05  37490  18814   327      0      0     69      0   0.332   0.000   0.131   0.465     0.465
    2          inf         -inf   4.8278e+05  38151  18814   549    661      0      0      0   0.047   0.163   0.118   0.329     0.793
    3          inf         -inf   4.8145e+05  38151  18831    12      0      0     17      0   0.051   0.000   0.118   0.170     0.963
    4          inf         -inf   4.8156e+05  38151  18832    25      0      0      1      0   0.056   0.000   0.124   0.182     1.145
    5          inf         -inf   4.8165e+05  38172  18832    30     21      0      0      0   0.052   0.048   0.117   0.218     1.363
    6          inf   4.7016e+05   4.8629e+05  38421  18832    27    249      0      0      0   0.053   1.997   0.117   2.167     3.530
    7   4.8111e+05   4.8110e+05   4.8111e+05  38421  18832     0    *11      0      0      0   0.054   2.009   0.118   2.181     5.711
CG optimal after 7 iterations. UB=481113.000947 LB=481097.593713 gap=1.541e+01 tol=4.811e+01  t_LP=0.645  t_PR=6.389  t_SP=0.844  t_Tot=7.884
[bounded-pricing] enabled=1 cut=37311 priced=56998 rate=65.5%

# === STDOUT (result CSV) ===
Setting parameter 'LpMethod' to 2
Setting parameter 'GPUMode' to 2
Setting parameter 'Presolve' to 0
Setting parameter 'Crossover' to 0
instance,formulation,iterations,columns,objective,lower_bound,optimal,time,time_lp,time_pricing,time_separation
data/intermodal/SBT-18765-0.txt.gz,path,7,19676,481113.000947,481097.593713,1,8.323,0.645,6.389,0.844
