# cmd: /usr/bin/time -o /tmp/mcfcg_mem_2xvi859a.txt -f %M build/mcfcg_cli data/intermodal/SBT-18765-0.txt.gz --solver copt --copt-gpu-mode 2 --formulation tree --max-iters 10000 --strategy pricer-heavy --bounded-pricing --time-limit 7200.0
# outcome: ok
# returncode: 0
# peak_rss_kb: 1241328
# peak_rss_source: measured
# === STDERR (CG iteration log + preamble) ===
Instance: 188487 vertices, 1782614 arcs, 18745 commodities, 18745 sources
Solver: copt (gpu-mode 2), formulation: tree
Pricing threads: 32 (auto)
Slack mode: CommodityRows (struct=18745, capped_arcs=1535594)
[lp-config] backend=copt version=8.0.1 method=barrier exec=GPU presolve=off crossover=off tol=0.0001 threads=n/a(GPU)
   It           UB           LB       LP_obj   #col   #row  #slk   +col   -col   +cut   -cut    t_LP    t_PR    t_SP   t_Tot     t_acc
    1          inf         -inf   4.7848e+05  37490  18814   327      0      0     69      0   0.404   0.000   0.124   0.528     0.528
    2          inf         -inf   4.8278e+05  38150  18814   549    660      0      0      0   0.041   0.161   0.123   0.327     0.855
    3          inf         -inf   4.8145e+05  38150  18833    12      0      0     19      0   0.041   0.000   0.123   0.164     1.020
    4          inf         -inf   4.8156e+05  38150  18834    25      0      0      1      0   0.044   0.000   0.120   0.164     1.184
    5          inf         -inf   4.8165e+05  38171  18834    30     21      0      0      0   0.042   0.048   0.120   0.210     1.394
    6          inf   4.7026e+05   4.8629e+05  38420  18834    27    249      0      0      0   0.042   1.896   0.120   2.059     3.453
    7   4.8111e+05   4.8110e+05   4.8111e+05  38420  18834     0    *11      0      0      0   0.044   1.897   0.120   2.061     5.514
CG optimal after 7 iterations. UB=481113.000002 LB=481098.244188 gap=1.476e+01 tol=4.811e+01  t_LP=0.658  t_PR=6.039  t_SP=0.850  t_Tot=7.553
[bounded-pricing] enabled=1 fired=37312 priced=56998 rate=65.5%

# === STDOUT (result CSV) ===
Setting parameter 'LpMethod' to 2
Setting parameter 'GPUMode' to 2
Setting parameter 'Presolve' to 0
Setting parameter 'Crossover' to 0
instance,formulation,iterations,columns,objective,lower_bound,optimal,time,time_lp,time_pricing,time_separation
data/intermodal/SBT-18765-0.txt.gz,tree,7,19675,481113.000002,481098.244188,1,7.995,0.658,6.039,0.850
