# cmd: /usr/bin/time -o /tmp/mcfcg_mem_wamxzv4x.txt -f %M build/mcfcg_cli data/intermodal/SBT-31275-0.txt.gz --solver copt --copt-gpu-mode 2 --formulation path --max-iters 10000 --strategy pricer-heavy --bounded-pricing --time-limit 7200.0
# outcome: ok
# returncode: 0
# peak_rss_kb: 1621872
# peak_rss_source: measured
# === STDERR (CG iteration log + preamble) ===
Instance: 213509 vertices, 2760366 arcs, 31252 commodities, 31252 sources
Solver: copt (gpu-mode 2), formulation: path
Pricing threads: 32 (auto)
Slack mode: CommodityRows (struct=31252, capped_arcs=2513346)
[lp-config] backend=copt version=8.0.1 method=barrier exec=GPU presolve=off crossover=off tol=0.0001 threads=n/a(GPU)
   It           UB           LB       LP_obj   #col   #row  #slk   +col   -col   +cut   -cut    t_LP    t_PR    t_SP   t_Tot     t_acc
    1          inf         -inf   7.9697e+05  62504  31318   523      0      0     66      0   0.362   0.000   0.190   0.553     0.553
    2          inf         -inf   8.0461e+05  63530  31318   892   1026      0      0      0   0.052   0.295   0.182   0.532     1.085
    3          inf         -inf   8.0139e+05  63530  31331     0      0      0     13      0   0.070   0.000   0.184   0.256     1.341
    4          inf         -inf   8.0149e+05  63674  31331    20    144      0      0      0   0.075   0.168   0.183   0.426     1.768
    5   8.0138e+05   8.0072e+05   8.0138e+05  63794  31331     0    120      0      0      0   0.072   4.810   0.180   5.063     6.830
    6   8.0132e+05   8.0132e+05   8.0132e+05  63794  31331     0    *10      0      0      0   0.068   4.841   0.192   5.101    11.932
CG optimal after 6 iterations. UB=801323.000001 LB=801315.982392 gap=7.018e+00 tol=8.013e+01  t_LP=0.698  t_PR=15.236  t_SP=1.112  t_Tot=17.053
[bounded-pricing] enabled=1 cut=62538 priced=95090 rate=65.8%

# === STDOUT (result CSV) ===
Setting parameter 'LpMethod' to 2
Setting parameter 'GPUMode' to 2
Setting parameter 'Presolve' to 0
Setting parameter 'Crossover' to 0
instance,formulation,iterations,columns,objective,lower_bound,optimal,time,time_lp,time_pricing,time_separation
data/intermodal/SBT-31275-0.txt.gz,path,6,32542,801323.000001,801315.982392,1,17.715,0.698,15.236,1.112
