# cmd: /usr/bin/time -o /tmp/mcfcg_mem_nv24jec_.txt -f %M build/mcfcg_cli data/intermodal/BUS-13160-0.txt.gz --solver copt --copt-gpu-mode 2 --formulation path --max-iters 10000 --strategy pricer-heavy --bounded-pricing --time-limit 7200.0
# outcome: ok
# returncode: 0
# peak_rss_kb: 940836
# peak_rss_source: measured
# === STDERR (CG iteration log + preamble) ===
Instance: 140925 vertices, 1023858 arcs, 13135 commodities, 13135 sources
Solver: copt (gpu-mode 2), formulation: path
Pricing threads: 32 (auto)
Slack mode: CommodityRows (struct=13135, capped_arcs=836960)
[lp-config] backend=copt version=8.0.1 method=barrier exec=GPU presolve=off crossover=off tol=0.0001 threads=n/a(GPU)
   It           UB           LB       LP_obj   #col   #row  #slk   +col   -col   +cut   -cut    t_LP    t_PR    t_SP   t_Tot     t_acc
    1          inf         -inf   3.3868e+05  26270  13208   783      0      0     73      0   0.349   0.000   0.068   0.417     0.417
    2          inf         -inf   3.4174e+05  26944  13208  1041    674      0      0      0   0.050   0.083   0.066   0.201     0.618
    3          inf         -inf   3.4963e+05  26944  13256   102      0      0     48      0   0.058   0.000   0.070   0.129     0.747
    4          inf         -inf   3.5073e+05  26944  13258   167      0      0      2      0   0.062   0.000   0.069   0.131     0.878
    5          inf         -inf   3.5073e+05  26985  13258   168     41      0      0      0   0.062   0.031   0.067   0.159     1.037
    6          inf         -inf   3.6154e+05  26985  13259   185      0      0      1      0   0.062   0.000   0.067   0.129     1.167
    7          inf         -inf   3.6155e+05  27024  13229   186     39      0      0     30   0.062   0.031   0.067   0.161     1.328
    8          inf   1.8838e+05   3.9556e+05  27793  13219   132    769      0      0     10   0.057   0.414   0.067   0.541     1.869
    9          inf   1.8838e+05   3.4902e+05  27793  13267     8      0      0     48      0   0.067   0.000   0.067   0.135     2.003
   10          inf   1.8838e+05   3.4918e+05  28028  13252    17    235      0      0     15   0.077   0.077   0.067   0.223     2.226
   11          inf   1.8838e+05   3.5093e+05  28028  13255     7      0      0      3      0   0.079   0.000   0.067   0.146     2.373
   12          inf   1.8838e+05   3.5093e+05  28068  13253     9     40      0      0      2   0.079   0.037   0.068   0.184     2.557
   13          inf   3.3493e+05   3.5096e+05  28179  13251     5    111      0      0      2   0.079   0.418   0.067   0.566     3.123
   14          inf   3.3493e+05   3.4836e+05  28179  13252     0      0      0      1      0   0.075   0.000   0.067   0.143     3.265
   15   3.4836e+05   3.4836e+05   3.4836e+05  28179  13252     0     *9      0      0      0   0.077   0.440   0.068   0.585     3.850
CG optimal after 15 iterations. UB=348364.500000 LB=348357.289808 gap=7.210e+00 tol=3.484e+01  t_LP=1.294  t_PR=1.973  t_SP=1.012  t_Tot=4.291
[bounded-pricing] enabled=1 fired=39340 priced=54393 rate=72.3%

# === STDOUT (result CSV) ===
Setting parameter 'LpMethod' to 2
Setting parameter 'GPUMode' to 2
Setting parameter 'Presolve' to 0
Setting parameter 'Crossover' to 0
instance,formulation,iterations,columns,objective,lower_bound,optimal,time,time_lp,time_pricing,time_separation
data/intermodal/BUS-13160-0.txt.gz,path,15,15044,348364.500000,348357.289808,1,4.549,1.294,1.973,1.012
