# cmd: /usr/bin/time -o /tmp/mcfcg_mem_fgwj8pfo.txt -f %M build/mcfcg_cli data/intermodal/BUS-18424-0.txt.gz --solver copt --copt-gpu-mode 2 --formulation path --max-iters 10000 --strategy pricer-heavy --bounded-pricing --time-limit 7200.0
# outcome: ok
# returncode: 0
# peak_rss_kb: 1074392
# peak_rss_source: measured
# === STDERR (CG iteration log + preamble) ===
Instance: 151455 vertices, 1338522 arcs, 18388 commodities, 18388 sources
Solver: copt (gpu-mode 2), formulation: path
Pricing threads: 32 (auto)
Slack mode: CommodityRows (struct=18388, capped_arcs=1151624)
[lp-config] backend=copt version=8.0.1 method=barrier exec=GPU presolve=off crossover=off tol=0.0001 threads=n/a(GPU)
   It           UB           LB       LP_obj   #col   #row  #slk   +col   -col   +cut   -cut    t_LP    t_PR    t_SP   t_Tot     t_acc
    1          inf         -inf   4.7151e+05  36776  18454  1078      0      0     66      0   0.315   0.000   0.091   0.407     0.407
    2          inf         -inf   4.7582e+05  37652  18454  1435    876      0      0      0   0.053   0.126   0.087   0.267     0.674
    3          inf         -inf   4.8678e+05  37652  18496   136      0      0     42      0   0.069   0.000   0.091   0.161     0.835
    4          inf         -inf   4.8820e+05  37652  18498   237      0      0      2      0   0.076   0.000   0.088   0.165     1.000
    5          inf         -inf   4.8824e+05  37727  18498   240     75      0      0      0   0.074   0.041   0.087   0.202     1.202
    6          inf         -inf   5.0369e+05  37727  18505   225      0      0      7      0   0.072   0.000   0.088   0.160     1.362
    7          inf         -inf   5.0370e+05  37823  18482   227     96      0      0     23   0.072   0.046   0.088   0.207     1.569
    8          inf         -inf   5.4388e+05  37823  18483   194      0      0      1      0   0.067   0.000   0.087   0.155     1.724
    9          inf         -inf   5.4388e+05  37855  18453   195     32      0      0     30   0.067   0.043   0.087   0.198     1.921
   10          inf         -inf   5.7440e+05  37855  18456   210      0      0      3      0   0.069   0.000   0.090   0.159     2.081
   11          inf         -inf   5.7440e+05  37900  18454   211     45      0      0      2   0.067   0.041   0.087   0.195     2.276
   12          inf         -inf   6.8765e+05  37900  18462   178      0      0      8      0   0.069   0.000   0.088   0.157     2.433
   13          inf         -inf   6.8765e+05  38046  18456   178    146      0      0      6   0.071   0.069   0.088   0.229     2.663
   14          inf         -inf   8.0287e+05  38046  18467   116      0      0     11      0   0.075   0.000   0.087   0.163     2.826
   15          inf         -inf   8.0292e+05  38131  18466   124     85      0      0      1   0.076   0.060   0.088   0.225     3.051
   16          inf         -inf   7.7682e+05  38131  18470   129      0      0      4      0   0.078   0.000   0.090   0.169     3.220
   17          inf         -inf   7.7686e+05  38247  18466   132    116      0      0      4   0.073   0.052   0.087   0.214     3.434
   18          inf         -inf   1.2151e+06  38247  18467    95      0      0      1      0   0.078   0.000   0.089   0.167     3.601
   19          inf         -inf   1.2151e+06  38294  18453    96     47      0      0     14   0.078   0.043   0.089   0.210     3.812
   20          inf         -inf   1.9710e+06  38294  18466    95      0      0     13      0   0.077   0.000   0.087   0.164     3.976
   21          inf         -inf   1.9710e+06  38364  18460    95     70      0      0      6   0.080   0.057   0.087   0.224     4.200
   22          inf         -inf   1.9202e+06  38364  18462    73      0      0      2      0   0.078   0.000   0.087   0.165     4.366
   23          inf  -2.9707e+06   1.9202e+06  39026  18457    73    662      0      0      5   0.076   0.742   0.087   0.908     5.273
   24          inf  -2.9707e+06   4.8509e+05  39026  18477     0      0      0     20      0   0.087   0.000   0.088   0.176     5.449
   25          inf  -2.9707e+06   4.8517e+05  39026  18478     1      0      0      1      0   0.085   0.000   0.086   0.172     5.621
   26          inf  -2.9707e+06   4.8517e+05  39040  18475     1     14      0      0      3   0.091   0.043   0.087   0.221     5.842
   27          inf   4.8447e+05   4.8517e+05  39266  18472     1    226      0      0      3   0.089   0.704   0.088   0.883     6.725
   28          inf   4.8447e+05   4.8503e+05  39266  18474     0      0      0      2      0   0.093   0.000   0.089   0.183     6.908
   29          inf   4.8447e+05   4.8503e+05  39266  18475     0      0      0      1      0   0.090   0.000   0.087   0.178     7.086
   30   4.8503e+05   4.8501e+05   4.8503e+05  39266  18475     0    *16      0      0      0   0.088   0.736   0.087   0.912     7.998
CG optimal after 30 iterations. UB=485029.000001 LB=485014.610873 gap=1.439e+01 tol=4.850e+01  t_LP=2.533  t_PR=3.551  t_SP=2.636  t_Tot=8.749
[bounded-pricing] enabled=1 fired=55122 priced=76016 rate=72.5%

# === STDOUT (result CSV) ===
Setting parameter 'LpMethod' to 2
Setting parameter 'GPUMode' to 2
Setting parameter 'Presolve' to 0
Setting parameter 'Crossover' to 0
instance,formulation,iterations,columns,objective,lower_bound,optimal,time,time_lp,time_pricing,time_separation
data/intermodal/BUS-18424-0.txt.gz,path,30,20878,485029.000001,485014.610873,1,9.079,2.533,3.551,2.636
