# cmd: /usr/bin/time -o /tmp/mcfcg_mem__u9xqs6g.txt -f %M build/mcfcg_cli data/intermodal/SBT-56295-0.txt.gz --solver copt --copt-gpu-mode 2 --formulation path --max-iters 10000 --strategy pricer-heavy --bounded-pricing --time-limit 7200.0
# outcome: ok
# returncode: 0
# peak_rss_kb: 2400588
# peak_rss_source: measured
# === STDERR (CG iteration log + preamble) ===
Instance: 263559 vertices, 4725174 arcs, 56269 commodities, 56269 sources
Solver: copt (gpu-mode 2), formulation: path
Pricing threads: 32 (auto)
Slack mode: CommodityRows (struct=56269, capped_arcs=4478154)
[lp-config] backend=copt version=8.0.1 method=barrier exec=GPU presolve=off crossover=off tol=0.0001 threads=n/a(GPU)
   It           UB           LB       LP_obj   #col   #row  #slk   +col   -col   +cut   -cut    t_LP    t_PR    t_SP   t_Tot     t_acc
    1          inf         -inf   1.4398e+06 112538  56332   974      0      0     63      0   0.493   0.000   0.333   0.828     0.828
    2          inf         -inf   1.4541e+06 114364  56332  1658   1826      0      0      0   0.071   0.841   0.333   1.249     2.077
    3          inf         -inf   1.4482e+06 114364  56349     7      0      0     17      0   0.072   0.000   0.326   0.400     2.477
    4          inf         -inf   1.4484e+06 114364  56351    42      0      0      2      0   0.083   0.000   0.327   0.412     2.889
    5          inf         -inf   1.4484e+06 114416  56351    42     52      0      0      0   0.086   0.151   0.326   0.564     3.453
    6          inf   1.4444e+06   1.4488e+06 114987  56351    45    571      0      0      0   0.085  14.222   0.326  14.635    18.088
    7          inf   1.4444e+06   1.4479e+06 114987  56352     0      0      0      1      0   0.084   0.000   0.329   0.415    18.504
    8   1.4479e+06   1.4444e+06   1.4479e+06 115020  56311     0     33      0      0     41   0.083   0.149   0.325   0.559    19.063
    9   1.4479e+06   1.4444e+06   1.4479e+06 115020  56317     0      0      0      6      0   0.076   0.000   0.325   0.404    19.466
   10   1.4479e+06   1.4478e+06   1.4479e+06 115020  56317     0    *30      0      0      0   0.083  14.332   0.325  14.741    34.208
CG optimal after 10 iterations. UB=1447869.000000 LB=1447845.522018 gap=2.348e+01 tol=1.448e+02  t_LP=1.216  t_PR=44.267  t_SP=3.276  t_Tot=48.782
[bounded-pricing] enabled=1 fired=112285 priced=171066 rate=65.6%

# === STDOUT (result CSV) ===
Setting parameter 'LpMethod' to 2
Setting parameter 'GPUMode' to 2
Setting parameter 'Presolve' to 0
Setting parameter 'Crossover' to 0
instance,formulation,iterations,columns,objective,lower_bound,optimal,time,time_lp,time_pricing,time_separation
data/intermodal/SBT-56295-0.txt.gz,path,10,58751,1447869.000000,1447845.522018,1,49.861,1.216,44.267,3.276
