# cmd: /usr/bin/time -o /tmp/mcfcg_mem_54i1867c.txt -f %M build/mcfcg_cli data/intermodal/BUS-18424-0.txt.gz --solver copt --copt-gpu-mode 2 --formulation tree --max-iters 10000 --strategy pricer-heavy --bounded-pricing --time-limit 7200.0
# outcome: ok
# returncode: 0
# peak_rss_kb: 1077812
# peak_rss_source: measured
# === STDERR (CG iteration log + preamble) ===
Instance: 151455 vertices, 1338522 arcs, 18388 commodities, 18388 sources
Solver: copt (gpu-mode 2), formulation: tree
Pricing threads: 32 (auto)
Slack mode: CommodityRows (struct=18388, capped_arcs=1151624)
[lp-config] backend=copt version=8.0.1 method=barrier exec=GPU presolve=off crossover=off tol=0.0001 threads=n/a(GPU)
   It           UB           LB       LP_obj   #col   #row  #slk   +col   -col   +cut   -cut    t_LP    t_PR    t_SP   t_Tot     t_acc
    1          inf         -inf   4.7151e+05  36776  18454  1078      0      0     66      0   0.339   0.000   0.101   0.441     0.441
    2          inf         -inf   4.7582e+05  37652  18454  1435    876      0      0      0   0.051   0.134   0.095   0.283     0.723
    3          inf         -inf   4.8678e+05  37652  18496   136      0      0     42      0   0.058   0.000   0.094   0.153     0.876
    4          inf         -inf   4.8820e+05  37652  18498   237      0      0      2      0   0.068   0.000   0.093   0.162     1.038
    5          inf         -inf   4.8824e+05  37727  18498   240     75      0      0      0   0.068   0.043   0.093   0.204     1.242
    6          inf         -inf   5.0369e+05  37727  18505   225      0      0      7      0   0.069   0.000   0.092   0.162     1.404
    7          inf         -inf   5.0370e+05  37823  18482   227     96      0      0     23   0.071   0.046   0.096   0.214     1.618
    8          inf         -inf   5.4388e+05  37823  18483   194      0      0      1      0   0.072   0.000   0.095   0.167     1.786
    9          inf         -inf   5.4388e+05  37855  18453   195     32      0      0     30   0.069   0.044   0.095   0.209     1.994
   10          inf         -inf   5.7440e+05  37855  18456   210      0      0      3      0   0.068   0.000   0.092   0.161     2.155
   11          inf         -inf   5.7440e+05  37900  18454   211     45      0      0      2   0.070   0.042   0.098   0.210     2.365
   12          inf         -inf   6.8765e+05  37900  18462   178      0      0      8      0   0.069   0.000   0.095   0.166     2.531
   13          inf         -inf   6.8765e+05  38046  18456   178    146      0      0      6   0.072   0.069   0.094   0.237     2.768
   14          inf         -inf   8.0287e+05  38046  18467   116      0      0     11      0   0.064   0.000   0.093   0.158     2.926
   15          inf         -inf   8.0292e+05  38131  18466   124     85      0      0      1   0.068   0.061   0.094   0.225     3.151
   16          inf         -inf   7.7682e+05  38131  18470   129      0      0      4      0   0.076   0.000   0.094   0.171     3.322
   17          inf         -inf   7.7686e+05  38247  18465   132    116      0      0      5   0.073   0.058   0.097   0.230     3.552
   18          inf         -inf   1.2151e+06  38247  18467    95      0      0      2      0   0.074   0.000   0.092   0.167     3.719
   19          inf         -inf   1.2151e+06  38294  18453    96     47      0      0     14   0.071   0.042   0.097   0.211     3.930
   20          inf         -inf   1.9710e+06  38294  18466    95      0      0     13      0   0.066   0.000   0.094   0.161     4.091
   21          inf         -inf   1.9710e+06  38363  18460    95     69      0      0      6   0.070   0.057   0.093   0.221     4.312
   22          inf         -inf   1.9202e+06  38363  18462    73      0      0      2      0   0.070   0.000   0.092   0.162     4.475
   23          inf  -2.9708e+06   1.9202e+06  39028  18457    73    665      0      0      5   0.072   0.793   0.096   0.963     5.438
   24          inf  -2.9708e+06   4.8509e+05  39028  18477     0      0      0     20      0   0.078   0.000   0.095   0.174     5.612
   25          inf  -2.9708e+06   4.8517e+05  39028  18478     2      0      0      1      0   0.078   0.000   0.093   0.172     5.783
   26          inf  -2.9708e+06   4.8517e+05  39042  18475     2     14      0      0      3   0.081   0.041   0.093   0.216     6.000
   27   4.8517e+05   4.8448e+05   4.8517e+05  39293  18472     0    251      0      0      3   0.081   0.715   0.092   0.890     6.890
   28   4.8517e+05   4.8448e+05   4.8503e+05  39293  18474     0      0      0      2      0   0.080   0.000   0.093   0.173     7.063
   29   4.8517e+05   4.8448e+05   4.8503e+05  39293  18475     0      0      0      1      0   0.080   0.000   0.093   0.173     7.236
   30   4.8503e+05   4.8448e+05   4.8503e+05  39294  18456     0      1      0      0     19   0.082   0.041   0.095   0.218     7.454
   31   4.8503e+05   4.8448e+05   4.8503e+05  39294  18459     0      0      0      3      0   0.079   0.000   0.094   0.174     7.628
   32   4.8503e+05   4.8501e+05   4.8503e+05  39294  18459     0    *25      0      0      0   0.077   0.764   0.094   0.935     8.564
CG optimal after 32 iterations. UB=485032.000103 LB=485007.944257 gap=2.406e+01 tol=4.850e+01  t_LP=2.563  t_PR=3.712  t_SP=3.017  t_Tot=9.325
[bounded-pricing] enabled=1 cut=55124 priced=76055 rate=72.5%

# === STDOUT (result CSV) ===
Setting parameter 'LpMethod' to 2
Setting parameter 'GPUMode' to 2
Setting parameter 'Presolve' to 0
Setting parameter 'Crossover' to 0
instance,formulation,iterations,columns,objective,lower_bound,optimal,time,time_lp,time_pricing,time_separation
data/intermodal/BUS-18424-0.txt.gz,tree,32,20906,485032.000103,485007.944257,1,9.670,2.563,3.712,3.017
