# cmd: /usr/bin/time -o /tmp/mcfcg_mem_k9he5y_s.txt -f %M build/mcfcg_cli data/intermodal/BUS-13160-0.txt.gz --solver copt --copt-gpu-mode 0 --formulation tree --max-iters 10000 --strategy pricer-heavy --time-limit 1800.0
# outcome: ok
# returncode: 0
# peak_rss_kb: 554280
# peak_rss_source: measured
# === STDERR (CG iteration log + preamble) ===
Instance: 140925 vertices, 1023858 arcs, 13135 commodities, 13135 sources
Solver: copt (gpu-mode 0), formulation: tree
Pricing threads: 32 (auto)
Slack mode: CommodityRows (struct=13135, capped_arcs=836960)
[lp-config] backend=copt version=8.0.1 method=barrier exec=CPU presolve=off crossover=off tol=0.0001 threads=auto(32)
   It           UB           LB       LP_obj   #col   #row  #slk   +col   -col   +cut   -cut    t_LP    t_PR    t_SP   t_Tot     t_acc
    1          inf         -inf   3.3868e+05  26270  13208   783      0      0     73      0   0.044   0.000   0.071   0.116     0.116
    2          inf         -inf   3.4174e+05  26924  13208  1041    654      0      0      0   0.015   0.105   0.072   0.193     0.309
    3          inf         -inf   3.4913e+05  26924  13259    71      0      0     51      0   0.016   0.000   0.071   0.088     0.397
    4          inf         -inf   3.5030e+05  27323  13259   146    399      0      0      0   0.019   0.070   0.068   0.158     0.555
    5          inf         -inf   3.5341e+05  27323  13269    81      0      0     10      0   0.021   0.000   0.070   0.091     0.647
    6          inf         -inf   3.5346e+05  27504  13269    82    181      0      0      0   0.022   0.055   0.069   0.147     0.794
    7          inf         -inf   3.6270e+05  27504  13271    45      0      0      2      0   0.026   0.000   0.069   0.096     0.890
    8          inf         -inf   3.6273e+05  27504  13273    47      0      0      2      0   0.026   0.000   0.069   0.096     0.986
    9          inf         -inf   3.6273e+05  27537  13212    50     33      0      0     61   0.027   0.036   0.069   0.134     1.119
   10          inf         -inf   3.6850e+05  27537  13220    65      0      0      8      0   0.020   0.000   0.070   0.091     1.210
   11          inf         -inf   3.6856e+05  27636  13205    68     99      0      0     15   0.020   0.043   0.069   0.133     1.343
   12          inf         -inf   3.5382e+05  27636  13213    26      0      0      8      0   0.020   0.000   0.069   0.090     1.433
   13          inf         -inf   3.5382e+05  27712  13210    29     76      0      0      3   0.021   0.041   0.070   0.133     1.566
   14          inf         -inf   3.5152e+05  27712  13218    20      0      0      8      0   0.022   0.000   0.070   0.092     1.659
   15          inf         -inf   3.5154e+05  27801  13209    24     89      0      0      9   0.021   0.042   0.072   0.136     1.794
   16          inf         -inf   3.5198e+05  27801  13211    12      0      0      2      0   0.021   0.000   0.070   0.091     1.886
   17          inf         -inf   3.5198e+05  27847  13202    12     46      0      0      9   0.021   0.037   0.071   0.130     2.016
   18          inf         -inf   3.5153e+05  27847  13211    10      0      0      9      0   0.020   0.000   0.070   0.092     2.107
   19          inf         -inf   3.5153e+05  27866  13202    10     19      0      0      9   0.021   0.035   0.069   0.126     2.233
   20          inf         -inf   3.5252e+05  27866  13204     9      0      0      2      0   0.020   0.000   0.070   0.091     2.324
   21          inf   3.0461e+05   3.5252e+05  28154  13200     9    288      0      0      4   0.020   0.464   0.069   0.555     2.878
   22          inf   3.0461e+05   3.4834e+05  28154  13225     0      0      0     25      0   0.021   0.000   0.070   0.092     2.970
   23          inf   3.0461e+05   3.4839e+05  28194  13223     1     40      0      0      2   0.023   0.054   0.070   0.147     3.117
   24   3.4837e+05   3.4833e+05   3.4837e+05  28224  13222     0     30      0      0      1   0.022   0.414   0.069   0.506     3.624
   25   3.4837e+05   3.4833e+05   3.4836e+05  28224  13224     0      0      0      2      0   0.023   0.000   0.070   0.093     3.717
   26   3.4836e+05   3.4834e+05   3.4836e+05  28224  13224     0     *2      0      0      0   0.022   0.465   0.070   0.558     4.275
CG optimal after 26 iterations. UB=348361.500163 LB=348336.740538 gap=2.476e+01 tol=3.484e+01  t_LP=0.577  t_PR=2.315  t_SP=1.819  t_Tot=4.731
[pricing-cutoff] enabled=0 cut=0 priced=55542 rate=0.0%

# === STDOUT (result CSV) ===
Setting parameter 'LpMethod' to 2
Setting parameter 'GPUMode' to 0
Setting parameter 'Presolve' to 0
Setting parameter 'Crossover' to 0
instance,formulation,iterations,columns,objective,lower_bound,optimal,time,time_lp,time_pricing,time_separation
data/intermodal/BUS-13160-0.txt.gz,tree,26,15089,348361.500163,348336.740538,1,4.984,0.577,2.315,1.819
