# cmd: /usr/bin/time -o /tmp/mcfcg_mem_ctwx3_m2.txt -f %M build/mcfcg_cli data/intermodal/BUS-2632-0.txt.gz --solver copt --copt-gpu-mode 0 --formulation tree --max-iters 10000 --strategy pricer-heavy --time-limit 1800.0
# outcome: ok
# returncode: 0
# peak_rss_kb: 280300
# peak_rss_source: measured
# === STDERR (CG iteration log + preamble) ===
Instance: 119865 vertices, 397362 arcs, 2628 commodities, 2628 sources
Solver: copt (gpu-mode 0), formulation: tree
Pricing threads: 32 (auto)
Slack mode: CommodityRows (struct=2628, capped_arcs=210464)
[lp-config] backend=copt version=8.0.1 method=barrier exec=CPU presolve=off crossover=off tol=0.0001 threads=auto(32)
   It           UB           LB       LP_obj   #col   #row  #slk   +col   -col   +cut   -cut    t_LP    t_PR    t_SP   t_Tot     t_acc
    1          inf         -inf   6.8906e+04   5256   2722   161      0      0     94      0   0.012   0.000   0.032   0.044     0.044
    2          inf         -inf   6.9679e+04   5424   2722   229    168      0      0      0   0.006   0.021   0.029   0.057     0.101
    3          inf         -inf   7.1144e+04   5424   2793    14      0      0     71      0   0.006   0.000   0.028   0.034     0.135
    4          inf         -inf   7.2231e+04   5561   2793    45    137      0      0      0   0.007   0.022   0.028   0.057     0.192
    5          inf         -inf   7.2672e+04   5561   2818    13      0      0     25      0   0.007   0.000   0.028   0.035     0.227
    6          inf         -inf   7.2837e+04   5561   2823    19      0      0      5      0   0.008   0.000   0.029   0.037     0.264
    7          inf         -inf   7.2865e+04   5585   2805    21     24      0      0     18   0.008   0.013   0.029   0.050     0.314
    8          inf         -inf   7.4673e+04   5585   2807    13      0      0      2      0   0.008   0.000   0.028   0.036     0.350
    9          inf         -inf   7.4683e+04   5590   2787    14      5      0      0     20   0.008   0.012   0.028   0.049     0.399
   10          inf         -inf   7.6790e+04   5590   2792    15      0      0      5      0   0.008   0.000   0.027   0.035     0.434
   11          inf         -inf   7.6790e+04   5599   2757    15      9      0      0     35   0.008   0.012   0.027   0.048     0.482
   12          inf         -inf   7.6464e+04   5599   2760    17      0      0      3      0   0.007   0.000   0.027   0.035     0.516
   13          inf         -inf   7.6469e+04   5605   2751    18      6      0      0      9   0.007   0.013   0.028   0.048     0.564
   14          inf         -inf   8.6678e+04   5605   2757    13      0      0      6      0   0.007   0.000   0.028   0.035     0.599
   15          inf         -inf   8.6679e+04   5612   2757    13      7      0      0      0   0.007   0.014   0.028   0.050     0.649
   16          inf         -inf   9.1383e+04   5612   2758    11      0      0      1      0   0.007   0.000   0.027   0.035     0.684
   17          inf         -inf   9.1383e+04   5620   2751    12      8      0      0      7   0.007   0.012   0.027   0.047     0.731
   18          inf         -inf   9.0318e+04   5620   2762    10      0      0     11      0   0.007   0.000   0.027   0.035     0.766
   19          inf         -inf   9.0338e+04   5620   2763    11      0      0      1      0   0.007   0.000   0.027   0.035     0.800
   20          inf  -2.2490e+04   9.0338e+04   5795   2758    11    175      0      0      5   0.007   0.081   0.028   0.117     0.917
   21          inf  -2.2490e+04   7.1036e+04   5795   2773     0      0      0     15      0   0.007   0.000   0.028   0.035     0.953
   22          inf  -2.2490e+04   7.1050e+04   5795   2776     0      0      0      3      0   0.008   0.000   0.028   0.036     0.989
   23   7.1050e+04  -2.2490e+04   7.1050e+04   5797   2774     0      2      0      0      2   0.008   0.012   0.028   0.048     1.037
   24   7.1050e+04   7.0927e+04   7.1050e+04   5847   2774     0     50      0      0      0   0.008   0.056   0.028   0.092     1.129
   25   7.1050e+04   7.0927e+04   7.1028e+04   5847   2777     0      0      0      3      0   0.009   0.000   0.028   0.036     1.166
   26   7.1033e+04   7.0927e+04   7.1033e+04   5849   2759     0      2      0      0     18   0.008   0.012   0.028   0.049     1.214
   27   7.1033e+04   7.1010e+04   7.1033e+04   5860   2752     0     11      0      0      7   0.008   0.058   0.027   0.094     1.308
   28   7.1033e+04   7.1010e+04   7.1027e+04   5860   2760     0      0      0      8      0   0.008   0.000   0.028   0.036     1.343
   29   7.1027e+04   7.1010e+04   7.1027e+04   5867   2758     0      7      0      0      2   0.008   0.013   0.028   0.049     1.393
   30   7.1027e+04   7.1019e+04   7.1027e+04   5871   2747     0      4      0      0     11   0.008   0.057   0.027   0.093     1.485
   31   7.1027e+04   7.1019e+04   7.1027e+04   5871   2749     0      0      0      2      0   0.008   0.000   0.029   0.037     1.523
   32   7.1027e+04   7.1022e+04   7.1027e+04   5871   2749     0     *0      0      0      0   0.008   0.073   0.029   0.109     1.632
CG optimal after 32 iterations. UB=71026.500000 LB=71021.868600 gap=4.631e+00 tol=7.103e+00  t_LP=0.246  t_PR=0.565  t_SP=0.897  t_Tot=1.718
[pricing-cutoff] enabled=0 cut=0 priced=16342 rate=0.0%

# === STDOUT (result CSV) ===
Setting parameter 'LpMethod' to 2
Setting parameter 'GPUMode' to 0
Setting parameter 'Presolve' to 0
Setting parameter 'Crossover' to 0
instance,formulation,iterations,columns,objective,lower_bound,optimal,time,time_lp,time_pricing,time_separation
data/intermodal/BUS-2632-0.txt.gz,tree,32,3243,71026.500000,71021.868600,1,1.839,0.246,0.565,0.897
