# cmd: /usr/bin/time -o /tmp/mcfcg_mem_yothzije.txt -f %M build/mcfcg_cli data/intermodal/BUS-23688-0.txt.gz --solver copt --copt-gpu-mode 0 --formulation tree --max-iters 10000 --strategy pricer-heavy --time-limit 1800.0
# outcome: ok
# returncode: 0
# peak_rss_kb: 821852
# peak_rss_source: measured
# === STDERR (CG iteration log + preamble) ===
Instance: 161993 vertices, 1653437 arcs, 23643 commodities, 23643 sources
Solver: copt (gpu-mode 0), formulation: tree
Pricing threads: 32 (auto)
Slack mode: CommodityRows (struct=23643, capped_arcs=1466539)
[lp-config] backend=copt version=8.0.1 method=barrier exec=CPU presolve=off crossover=off tol=0.0001 threads=auto(32)
   It           UB           LB       LP_obj   #col   #row  #slk   +col   -col   +cut   -cut    t_LP    t_PR    t_SP   t_Tot     t_acc
    1          inf         -inf   6.0693e+05  47286  23709  1421      0      0     66      0   0.078   0.000   0.119   0.198     0.198
    2          inf         -inf   6.1290e+05  48445  23709  1888   1159      0      0      0   0.021   0.217   0.114   0.353     0.552
    3          inf         -inf   6.2762e+05  48445  23756   198      0      0     47      0   0.025   0.000   0.112   0.138     0.690
    4          inf         -inf   6.2951e+05  48445  23758   352      0      0      2      0   0.034   0.000   0.113   0.147     0.837
    5          inf         -inf   6.2953e+05  48551  23758   356    106      0      0      0   0.032   0.053   0.111   0.197     1.034
    6          inf   4.6895e+05   6.5964e+05  50161  23758   348   1610      0      0      0   0.034   1.102   0.113   1.252     2.286
    7          inf   4.6895e+05   6.2479e+05  50161  23801     3      0      0     43      0   0.043   0.000   0.112   0.155     2.442
    8          inf   4.6895e+05   6.2516e+05  50161  23808    22      0      0      7      0   0.051   0.000   0.112   0.164     2.606
    9          inf   4.6895e+05   6.2520e+05  50413  23765    25    252      0      0     43   0.052   0.078   0.113   0.246     2.852
   10          inf   4.6895e+05   6.2523e+05  50413  23768     7      0      0      3      0   0.047   0.000   0.111   0.159     3.011
   11          inf   6.2278e+05   6.2523e+05  50974  23765     8    561      0      0      3   0.049   1.172   0.114   1.337     4.348
   12          inf   6.2278e+05   6.2489e+05  50974  23767     0      0      0      2      0   0.046   0.000   0.112   0.160     4.507
   13   6.2489e+05   6.2483e+05   6.2489e+05  50974  23767     0    *24      0      0      0   0.049   1.170   0.118   1.337     5.845
CG optimal after 13 iterations. UB=624891.000000 LB=624830.559131 gap=6.044e+01 tol=6.249e+01  t_LP=0.561  t_PR=4.899  t_SP=1.474  t_Tot=6.951
[pricing-cutoff] enabled=0 cut=0 priced=97042 rate=0.0%

# === STDOUT (result CSV) ===
Setting parameter 'LpMethod' to 2
Setting parameter 'GPUMode' to 0
Setting parameter 'Presolve' to 0
Setting parameter 'Crossover' to 0
instance,formulation,iterations,columns,objective,lower_bound,optimal,time,time_lp,time_pricing,time_separation
data/intermodal/BUS-23688-0.txt.gz,tree,13,27331,624891.000000,624830.559131,1,7.330,0.561,4.899,1.474
