# cmd: /usr/bin/time -o /tmp/mcfcg_mem_c0udia8c.txt -f %M build/mcfcg_cli data/commalab/grid/grid13 --solver copt --copt-gpu-mode 2 --formulation tree --max-iters 10000 --time-limit 1800.0
# outcome: ok
# returncode: 0
# peak_rss_kb: 574080
# peak_rss_source: measured
# === STDERR (CG iteration log + preamble) ===
Instance: 900 vertices, 3480 arcs, 12000 commodities, 900 sources
Solver: copt (gpu-mode 2), formulation: tree
Pricing threads: 32 (auto)
Slack mode: CommodityRows (struct=900, capped_arcs=3480)
[lp-config] backend=copt version=8.0.1 method=barrier exec=GPU presolve=off crossover=off tol=0.0001 threads=n/a(GPU)
   It           UB           LB       LP_obj   #col   #row  #slk   +col   -col   +cut   -cut    t_LP    t_PR    t_SP   t_Tot     t_acc
    1          inf   1.1535e+09   9.0000e+04   1800    900   900      0      0      0      0   0.252   0.012   0.000   0.264     0.264
    2          inf   1.1535e+09   9.0000e+05   1800    900   900      0      0      0      0   0.031   0.013   0.000   0.044     0.309
    3          inf   1.1535e+09   9.0000e+06   1800    900   900      0      0      0      0   0.029   0.013   0.000   0.043     0.351
    4          inf   1.1535e+09   9.0000e+07   1800    900   900      0      0      0      0   0.027   0.013   0.000   0.040     0.391
    5          inf   1.1535e+09   8.3935e+08   1800    900   628      0      0      0      0   0.033   0.013   0.000   0.046     0.437
    6          inf   1.1535e+09   1.1535e+09   1800   1187     0      0      0    287      0   0.037   0.012   0.001   0.050     0.487
    7          inf   1.1535e+09   3.4211e+09   2693   1187   535    893      0      0      0   0.137   0.007   0.000   0.147     0.634
    8          inf   1.1535e+09   5.8399e+09   3590   1191   480    897      0      4      0   0.186   0.006   0.000   0.196     0.830
    9          inf   1.1535e+09   1.3450e+10   4490   1204   280    900      0     13      0   0.198   0.006   0.000   0.208     1.038
   10          inf   1.1535e+09   1.2688e+10   5390   1237   127    900      0     33      0   0.241   0.006   0.001   0.254     1.292
   11          inf   1.1535e+09   5.5738e+09   6290   1282    54    900      0     45      0   0.327   0.006   0.001   0.338     1.630
   12          inf   1.1535e+09   1.1630e+09   6929   1196     0    900    261     22    108   0.456   0.006   0.001   0.473     2.104
   13          inf   1.1554e+09   1.1620e+09   7399   1207     0    900    430     12      1   0.305   0.006   0.001   0.322     2.425
   14          inf   1.1571e+09   1.1613e+09   7841   1220     0    900    458     15      2   0.325   0.006   0.002   0.343     2.769
   15          inf   1.1571e+09   1.1607e+09   8185   1225     0    900    556      7      2   0.299   0.006   0.002   0.318     3.086
   16          inf   1.1579e+09   1.1604e+09   8389   1228     0    899    695      9      6   0.350   0.006   0.002   0.369     3.456
   17          inf   1.1584e+09   1.1600e+09   8226   1218     0    900   1063      3     13   0.342   0.006   0.002   0.361     3.816
   18          inf   1.1586e+09   1.1598e+09   7979   1205     0    898   1145      8     21   0.347   0.006   0.002   0.367     4.184
   19          inf   1.1588e+09   1.1596e+09   7954   1204     0    896    921      8      9   0.351   0.006   0.002   0.371     4.554
   20          inf   1.1590e+09   1.1595e+09   8008   1201     0    896    842      2      5   0.348   0.006   0.002   0.367     4.922
   21          inf   1.1590e+09   1.1594e+09   7978   1200     0    894    924      1      2   0.339   0.006   0.002   0.358     5.280
   22          inf   1.1591e+09   1.1594e+09   7984   1197     0    890    884      3      6   0.354   0.006   0.002   0.374     5.654
   23          inf   1.1592e+09   1.1594e+09   8002   1194     0    883    865      3      6   0.346   0.006   0.002   0.366     6.020
   24          inf   1.1593e+09   1.1593e+09   7971   1191     0    868    899      4      7   0.339   0.006   0.002   0.359     6.379
   25          inf   1.1593e+09   1.1593e+09   7917   1190     0    860    914      2      3   0.346   0.006   0.002   0.366     6.745
   26          inf   1.1593e+09   1.1593e+09   7952   1191     0    863    828      4      3   0.313   0.006   0.002   0.332     7.077
   27          inf   1.1593e+09   1.1593e+09   7971   1189     0    820    801      2      4   0.350   0.006   0.002   0.370     7.446
   28          inf   1.1593e+09   1.1593e+09   7778   1187     0    602    795      1      3   0.376   0.006   0.002   0.396     7.842
   29   1.1593e+09   1.1593e+09   1.1593e+09   7778   1187     0   *349      0      0      0   0.351   0.006   0.002   0.358     8.200
CG optimal after 29 iterations. UB=1159320954.553163 LB=1159319606.876762 gap=1.348e+03 tol=1.159e+05  t_LP=7.734  t_PR=0.225  t_SP=0.035  t_Tot=8.211
[bounded-pricing] enabled=0 fired=0 priced=32400 rate=0.0%

# === STDOUT (result CSV) ===
Setting parameter 'LpMethod' to 2
Setting parameter 'GPUMode' to 2
Setting parameter 'Presolve' to 0
Setting parameter 'Crossover' to 0
instance,formulation,iterations,columns,objective,lower_bound,optimal,time,time_lp,time_pricing,time_separation
data/commalab/grid/grid13,tree,29,6878,1159320954.553163,1159319606.876762,1,8.235,7.734,0.225,0.035
