# cmd: /usr/bin/time -o /tmp/mcfcg_mem_mc3rcedp.txt -f %M build/mcfcg_cli data/commalab/grid/grid8 --solver copt --copt-gpu-mode 2 --formulation tree --max-iters 10000 --time-limit 1800.0
# outcome: ok
# returncode: 0
# peak_rss_kb: 493468
# peak_rss_source: measured
# === STDERR (CG iteration log + preamble) ===
Instance: 625 vertices, 2400 arcs, 500 commodities, 343 sources
Solver: copt (gpu-mode 2), formulation: tree
Pricing threads: 32 (auto)
Slack mode: CommodityRows (struct=343, capped_arcs=2400)
[lp-config] backend=copt version=8.0.1 method=barrier exec=GPU presolve=off crossover=off tol=0.0001 threads=n/a(GPU)
   It           UB           LB       LP_obj   #col   #row  #slk   +col   -col   +cut   -cut    t_LP    t_PR    t_SP   t_Tot     t_acc
    1          inf   4.1328e+07   3.4300e+04    686    343   343      0      0      0      0   0.349   0.002   0.000   0.352     0.352
    2          inf   4.1328e+07   3.4300e+05    686    343   343      0      0      0      0   0.159   0.002   0.000   0.162     0.514
    3          inf   4.1328e+07   3.4172e+06    686    343   338      0      0      0      0   0.154   0.003   0.000   0.157     0.671
    4          inf   4.1328e+07   2.6022e+07    686    344   167      0      0      1      0   0.158   0.002   0.000   0.161     0.832
    5          inf   4.1328e+07   4.6211e+07    709    593    16     23      0    249      0   0.157   0.001   0.000   0.159     0.991
    6          inf   4.1328e+07   1.0110e+08    981    596   174    274      2      3      0   0.177   0.001   0.000   0.179     1.170
    7          inf   4.1328e+07   2.1948e+08   1240    614   130    259      0     18      0   0.198   0.001   0.000   0.200     1.370
    8          inf   4.1328e+07   2.0637e+08   1520    644    68    280      0     30      0   0.206   0.001   0.000   0.208     1.579
    9          inf   4.1328e+07   7.5660e+07   1794    694    26    274      0     50      0   0.213   0.001   0.000   0.215     1.794
   10          inf   4.1328e+07   4.1975e+07   2056    728     0    263      1     34      0   0.291   0.001   0.000   0.293     2.087
   11          inf   4.1374e+07   4.1804e+07   2264    663     0    254     46      7     72   0.256   0.001   0.000   0.259     2.346
   12          inf   4.1590e+07   4.1768e+07   2425    676     0    223     62     13      0   0.249   0.002   0.000   0.252     2.598
   13          inf   4.1624e+07   4.1748e+07   2552    680     0    216     89      7      3   0.249   0.001   0.000   0.252     2.850
   14          inf   4.1647e+07   4.1736e+07   2609    679     0    186    129      5      6   0.243   0.001   0.000   0.246     3.096
   15          inf   4.1654e+07   4.1726e+07   2563    669     0    178    224      6     16   0.246   0.001   0.000   0.249     3.344
   16          inf   4.1675e+07   4.1719e+07   2398    662     0    171    336      7     14   0.250   0.001   0.001   0.253     3.597
   17          inf   4.1693e+07   4.1716e+07   2291    657     1    140    247      4      9   0.239   0.001   0.000   0.242     3.839
   18          inf   4.1698e+07   4.1714e+07   2231    656     0    138    198      3      4   0.246   0.001   0.000   0.249     4.088
   19          inf   4.1703e+07   4.1712e+07   2139    649     0    104    196      2      9   0.242   0.001   0.000   0.244     4.332
   20          inf   4.1703e+07   4.1712e+07   2078    652     0    104    165      7      4   0.243   0.001   0.000   0.246     4.578
   21          inf   4.1706e+07   4.1711e+07   2008    645     0     88    158      1      8   0.252   0.001   0.000   0.254     4.832
   22          inf   4.1709e+07   4.1711e+07   1951    642     0     83    140      1      4   0.245   0.001   0.000   0.248     5.080
   23          inf   4.1710e+07   4.1711e+07   1882    638     0     45    114      2      6   0.243   0.001   0.000   0.246     5.326
   24   4.1711e+07   4.1711e+07   4.1711e+07   1882    638     0    *29      0      0      0   0.249   0.001   0.000   0.251     5.576
CG optimal after 24 iterations. UB=41710644.262102 LB=41710508.202035 gap=1.361e+02 tol=4.171e+03  t_LP=5.518  t_PR=0.039  t_SP=0.008  t_Tot=5.582
[bounded-pricing] enabled=0 cut=0 priced=9947 rate=0.0%

# === STDOUT (result CSV) ===
Setting parameter 'LpMethod' to 2
Setting parameter 'GPUMode' to 2
Setting parameter 'Presolve' to 0
Setting parameter 'Crossover' to 0
instance,formulation,iterations,columns,objective,lower_bound,optimal,time,time_lp,time_pricing,time_separation
data/commalab/grid/grid8,tree,24,1539,41710644.262102,41710508.202035,1,5.601,5.518,0.039,0.008
