# cmd: /usr/bin/time -o /tmp/mcfcg_mem_2dskdhgt.txt -f %M build/mcfcg_cli data/commalab/grid/grid9 --solver copt --copt-gpu-mode 2 --formulation path --max-iters 10000 --time-limit 1800.0
# outcome: ok
# returncode: 0
# peak_rss_kb: 513448
# peak_rss_source: measured
# === STDERR (CG iteration log + preamble) ===
Instance: 625 vertices, 2400 arcs, 1000 commodities, 495 sources
Solver: copt (gpu-mode 2), formulation: path
Pricing threads: 32 (auto)
Slack mode: CommodityRows (struct=1000, capped_arcs=2400)
[lp-config] backend=copt version=8.0.1 method=barrier exec=GPU presolve=off crossover=off tol=0.0001 threads=n/a(GPU)
   It           UB           LB       LP_obj   #col   #row  #slk   +col   -col   +cut   -cut    t_LP    t_PR    t_SP   t_Tot     t_acc
    1          inf   8.1702e+07   5.6336e+06   2000   1000   997      0      0      0      0   0.346   0.007   0.000   0.353     0.353
    2          inf   8.1702e+07   5.0596e+07   2000   1000   710      0      0      0      0   0.162   0.003   0.001   0.165     0.519
    3          inf   8.1702e+07   8.1702e+07   2000   1327     0      0      0    327      0   0.146   0.003   0.000   0.150     0.669
    4          inf   8.1702e+07   2.0615e+08   2742   1327   393    742      0      0      0   0.210   0.002   0.000   0.213     0.882
    5          inf   8.1702e+07   5.0315e+08   3504   1354   313    762      0     27      0   0.233   0.002   0.000   0.236     1.117
    6          inf   8.1702e+07   4.4585e+08   4262   1406   199    758      0     52      0   0.250   0.002   0.000   0.253     1.371
    7          inf   8.1702e+07   1.1838e+08   5018   1473    54    756      0     67      0   0.292   0.002   0.000   0.295     1.666
    8          inf   8.1723e+07   8.2884e+07   5740   1519     1    722      0     46      0   0.370   0.002   0.000   0.373     2.039
    9          inf   8.2350e+07   8.2784e+07   6257   1469     0    621    104     22     72   0.341   0.002   0.000   0.345     2.385
   10          inf   8.2502e+07   8.2725e+07   6585   1488     0    551    223     20      1   0.310   0.002   0.000   0.314     2.699
   11          inf   8.2550e+07   8.2690e+07   6716   1503     0    489    358     21      6   0.321   0.002   0.000   0.326     3.024
   12          inf   8.2595e+07   8.2675e+07   6669   1499     0    416    463      8     12   0.319   0.002   0.000   0.323     3.347
   13          inf   8.2621e+07   8.2662e+07   6153   1485     0    309    825      6     20   0.334   0.002   0.000   0.339     3.686
   14          inf   8.2636e+07   8.2657e+07   5662   1467     0    260    751      2     20   0.329   0.002   0.000   0.333     4.019
   15          inf   8.2643e+07   8.2655e+07   5287   1455     0    181    556      4     16   0.331   0.002   0.000   0.335     4.354
   16          inf   8.2649e+07   8.2653e+07   4944   1452     0    116    459      4      7   0.326   0.002   0.000   0.330     4.684
   17          inf   8.2651e+07   8.2653e+07   4684   1441     0     93    353      2     13   0.321   0.002   0.000   0.325     5.009
   18          inf   8.2653e+07   8.2653e+07   4380   1435     0     43    347      1      7   0.318   0.002   0.000   0.321     5.330
   19   8.2653e+07   8.2653e+07   8.2653e+07   4380   1435     0     *4      0      0      0   0.316   0.003   0.000   0.320     5.650
CG optimal after 19 iterations. UB=82652970.804001 LB=82652868.298084 gap=1.025e+02 tol=8.265e+03  t_LP=5.575  t_PR=0.054  t_SP=0.006  t_Tot=5.660
[bounded-pricing] enabled=0 cut=0 priced=11385 rate=0.0%

# === STDOUT (result CSV) ===
Setting parameter 'LpMethod' to 2
Setting parameter 'GPUMode' to 2
Setting parameter 'Presolve' to 0
Setting parameter 'Crossover' to 0
instance,formulation,iterations,columns,objective,lower_bound,optimal,time,time_lp,time_pricing,time_separation
data/commalab/grid/grid9,path,19,3380,82652970.804001,82652868.298084,1,5.680,5.575,0.054,0.006
