# cmd: /usr/bin/time -o /tmp/mcfcg_mem_cr60g1l4.txt -f %M build/mcfcg_cli data/commalab/grid/grid15 --solver copt --copt-gpu-mode 2 --formulation tree --max-iters 10000 --time-limit 1800.0
# outcome: ok
# returncode: 0
# peak_rss_kb: 666464
# peak_rss_source: measured
# === STDERR (CG iteration log + preamble) ===
Instance: 1225 vertices, 4760 arcs, 32000 commodities, 1225 sources
Solver: copt (gpu-mode 2), formulation: tree
Pricing threads: 32 (auto)
Slack mode: CommodityRows (struct=1225, capped_arcs=4760)
[lp-config] backend=copt version=8.0.1 method=barrier exec=GPU presolve=off crossover=off tol=0.0001 threads=n/a(GPU)
   It           UB           LB       LP_obj   #col   #row  #slk   +col   -col   +cut   -cut    t_LP    t_PR    t_SP   t_Tot     t_acc
    1          inf   3.5815e+09   1.2250e+05   2450   1225  1225      0      0      0      0   0.253   0.025   0.001   0.278     0.278
    2          inf   3.5815e+09   1.2250e+06   2450   1225  1225      0      0      0      0   0.034   0.024   0.001   0.058     0.337
    3          inf   3.5815e+09   1.2250e+07   2450   1225  1225      0      0      0      0   0.030   0.022   0.001   0.052     0.389
    4          inf   3.5815e+09   1.2250e+08   2450   1225  1225      0      0      0      0   0.029   0.021   0.001   0.051     0.440
    5          inf   3.5815e+09   1.2248e+09   2450   1225  1223      0      0      0      0   0.034   0.022   0.001   0.057     0.497
    6          inf   3.5815e+09   3.5815e+09   2450   1483     0      0      0    258      0   0.033   0.022   0.002   0.057     0.554
    7          inf   3.5815e+09   7.2061e+09   3675   1483   561   1225      0      0      0   0.179   0.015   0.001   0.201     0.755
    8          inf   3.5815e+09   1.0864e+10   4900   1484   606   1225      0      1      0   0.230   0.012   0.001   0.249     1.004
    9          inf   3.5815e+09   2.2924e+10   6125   1496   294   1225      0     12      0   0.316   0.013   0.002   0.338     1.342
   10          inf   3.5815e+09   2.1194e+10   7350   1509   189   1225      0     13      0   0.378   0.012   0.001   0.399     1.741
   11          inf   3.5815e+09   8.4827e+09   8575   1528    52   1225      0     19      0   0.436   0.014   0.001   0.460     2.201
   12          inf   3.5815e+09   3.6020e+09   9585   1429     0   1225    215     21    120   0.623   0.012   0.004   0.661     2.862
   13          inf   3.5853e+09   3.5994e+09  10229   1440     0   1225    581     14      3   0.381   0.013   0.004   0.416     3.278
   14          inf   3.5884e+09   3.5977e+09  10706   1456     0   1225    748     17      1   0.399   0.012   0.003   0.434     3.712
   15          inf   3.5884e+09   3.5969e+09  11080   1459     0   1225    851      7      4   0.406   0.012   0.004   0.444     4.157
   16          inf   3.5905e+09   3.5961e+09  11306   1458     0   1225    999      3      4   0.433   0.012   0.004   0.471     4.628
   17          inf   3.5915e+09   3.5954e+09  11028   1453     0   1225   1503      3      8   0.454   0.011   0.004   0.492     5.120
   18          inf   3.5918e+09   3.5949e+09  10688   1447     0   1225   1565      6     12   0.436   0.012   0.003   0.474     5.594
   19          inf   3.5918e+09   3.5944e+09  10697   1438     0   1224   1215      3     12   0.415   0.012   0.003   0.454     6.048
   20          inf   3.5922e+09   3.5941e+09  10753   1438     0   1221   1165      4      4   0.394   0.012   0.004   0.432     6.481
   21          inf   3.5927e+09   3.5939e+09  10654   1436     0   1224   1323      2      4   0.390   0.014   0.004   0.430     6.911
   22          inf   3.5931e+09   3.5938e+09  10653   1435     0   1221   1222      3      4   0.411   0.011   0.004   0.449     7.360
   23   3.5937e+09   3.5932e+09   3.5937e+09  10699   1432     0   1213   1167      0      3   0.414   0.012   0.003   0.449     7.809
   24   3.5937e+09   3.5932e+09   3.5936e+09  10760   1433     0   1214   1153      3      2   0.416   0.011   0.003   0.452     8.261
   25   3.5937e+09   3.5933e+09   3.5936e+09  10760   1435     0  *1203      0      2      0   0.420   0.012   0.004   0.436     8.697
CG optimal after 25 iterations. UB=3593685526.129823 LB=3593334594.802070 gap=3.509e+05 tol=3.594e+05  t_LP=7.942  t_PR=0.391  t_SP=0.062  t_Tot=8.719
[bounded-pricing] enabled=0 fired=0 priced=39200 rate=0.0%

# === STDOUT (result CSV) ===
Setting parameter 'LpMethod' to 2
Setting parameter 'GPUMode' to 2
Setting parameter 'Presolve' to 0
Setting parameter 'Crossover' to 0
instance,formulation,iterations,columns,objective,lower_bound,optimal,time,time_lp,time_pricing,time_separation
data/commalab/grid/grid15,tree,25,9535,3593685526.129823,3593334594.802070,1,8.751,7.942,0.391,0.062
