# cmd: /usr/bin/time -o /tmp/mcfcg_mem_k3_pfswg.txt -f %M build/mcfcg_cli data/commalab/grid/grid6 --solver copt --copt-gpu-mode 2 --formulation tree --max-iters 10000 --time-limit 1800.0
# outcome: ok
# returncode: 0
# peak_rss_kb: 474392
# peak_rss_source: measured
# === STDERR (CG iteration log + preamble) ===
Instance: 225 vertices, 840 arcs, 200 commodities, 135 sources
Solver: copt (gpu-mode 2), formulation: tree
Pricing threads: 32 (auto)
Slack mode: CommodityRows (struct=135, capped_arcs=840)
[lp-config] backend=copt version=8.0.1 method=barrier exec=GPU presolve=off crossover=off tol=0.0001 threads=n/a(GPU)
   It           UB           LB       LP_obj   #col   #row  #slk   +col   -col   +cut   -cut    t_LP    t_PR    t_SP   t_Tot     t_acc
    1          inf   1.0284e+07   1.3500e+04    270    135   135      0      0      0      0   0.245   0.000   0.000   0.245     0.245
    2          inf   1.0284e+07   1.3500e+05    270    135   135      0      0      0      0   0.026   0.000   0.000   0.026     0.271
    3          inf   1.0284e+07   1.3338e+06    270    135   130      0      0      0      0   0.025   0.000   0.000   0.025     0.296
    4          inf   1.0284e+07   8.2519e+06    270    158    35      0      0     23      0   0.026   0.000   0.000   0.027     0.323
    5          inf   1.0284e+07   1.6194e+07    352    202    62     82      0     44      0   0.028   0.000   0.000   0.029     0.352
    6          inf   1.0284e+07   4.6956e+07    451    213    60    100      1     11      0   0.036   0.000   0.000   0.036     0.388
    7          inf   1.0284e+07   5.7345e+07    550    229    31     99      0     16      0   0.043   0.000   0.000   0.043     0.431
    8          inf   1.0284e+07   1.4715e+07    643    251     7     93      0     22      0   0.049   0.000   0.000   0.050     0.481
    9          inf   1.0284e+07   1.2133e+07    737    258     1     94      0      7      0   0.059   0.000   0.000   0.060     0.541
   10          inf   1.0365e+07   1.0417e+07    803    266     0     80     14      8      0   0.065   0.000   0.000   0.065     0.606
   11          inf   1.0378e+07   1.0411e+07    846    270     0     61     18     10      6   0.064   0.000   0.000   0.065     0.671
   12          inf   1.0389e+07   1.0407e+07    883    272     0     68     31      3      1   0.060   0.000   0.000   0.060     0.731
   13          inf   1.0393e+07   1.0404e+07    895    271     0     52     40      2      3   0.065   0.000   0.000   0.066     0.797
   14          inf   1.0396e+07   1.0403e+07    865    271     0     43     73      1      1   0.065   0.000   0.000   0.066     0.863
   15          inf   1.0398e+07   1.0402e+07    795    268     0     29     99      1      4   0.064   0.000   0.000   0.064     0.927
   16          inf   1.0400e+07   1.0402e+07    729    264     0     13     79      2      6   0.062   0.000   0.000   0.063     0.990
   17          inf   1.0400e+07   1.0401e+07    693    260     0     24     60      1      5   0.060   0.000   0.000   0.060     1.050
   18   1.0401e+07   1.0401e+07   1.0401e+07    693    260     0     *9      0      0      0   0.055   0.000   0.000   0.055     1.106
CG optimal after 18 iterations. UB=10401329.989832 LB=10400927.757053 gap=4.022e+02 tol=1.040e+03  t_LP=1.095  t_PR=0.007  t_SP=0.002  t_Tot=1.109
[bounded-pricing] enabled=0 fired=0 priced=3105 rate=0.0%

# === STDOUT (result CSV) ===
Setting parameter 'LpMethod' to 2
Setting parameter 'GPUMode' to 2
Setting parameter 'Presolve' to 0
Setting parameter 'Crossover' to 0
instance,formulation,iterations,columns,objective,lower_bound,optimal,time,time_lp,time_pricing,time_separation
data/commalab/grid/grid6,tree,18,558,10401329.989832,10400927.757053,1,1.119,1.095,0.007,0.002
