# cmd: /usr/bin/time -o /tmp/mcfcg_mem_f9ruynjx.txt -f %M build/mcfcg_cli data/commalab/grid/grid10 --solver copt --copt-gpu-mode 2 --formulation tree --max-iters 10000 --time-limit 1800.0
# outcome: ok
# returncode: 0
# peak_rss_kb: 543000
# peak_rss_source: measured
# === STDERR (CG iteration log + preamble) ===
Instance: 625 vertices, 2400 arcs, 2000 commodities, 593 sources
Solver: copt (gpu-mode 2), formulation: tree
Pricing threads: 32 (auto)
Slack mode: CommodityRows (struct=593, capped_arcs=2400)
[lp-config] backend=copt version=8.0.1 method=barrier exec=GPU presolve=off crossover=off tol=0.0001 threads=n/a(GPU)
   It           UB           LB       LP_obj   #col   #row  #slk   +col   -col   +cut   -cut    t_LP    t_PR    t_SP   t_Tot     t_acc
    1          inf   1.6221e+08   5.9300e+04   1186    593   593      0      0      0      0   0.347   0.005   0.000   0.352     0.352
    2          inf   1.6221e+08   5.9300e+05   1186    593   593      0      0      0      0   0.168   0.005   0.000   0.172     0.525
    3          inf   1.6221e+08   5.9216e+06   1186    593   590      0      0      0      0   0.154   0.005   0.000   0.159     0.684
    4          inf   1.6221e+08   5.5288e+07   1186    593   495      0      0      0      0   0.151   0.005   0.000   0.156     0.840
    5          inf   1.6221e+08   1.6218e+08   1186    910     1      0      0    317      0   0.156   0.005   0.000   0.162     1.001
    6          inf   1.6221e+08   2.8039e+08   1706    910   271    520      0      0      0   0.204   0.002   0.001   0.208     1.209
    7          inf   1.6221e+08   7.6387e+08   2250    913   299    544      0      3      0   0.217   0.002   0.000   0.221     1.430
    8          inf   1.6221e+08   1.3705e+09   2798    924   201    548      0     11      0   0.222   0.002   0.000   0.226     1.656
    9          inf   1.6221e+08   1.3036e+09   3359    965   158    561      0     41      0   0.241   0.002   0.000   0.245     1.901
   10          inf   1.6221e+08   9.8212e+08   3923   1010   105    564      0     45      0   0.259   0.002   0.000   0.263     2.163
   11          inf   1.6221e+08   1.6511e+08   4393    986     0    557     87     60     84   0.380   0.002   0.000   0.385     2.549
   12          inf   1.6285e+08   1.6463e+08   4669   1016     0    539    263     32      2   0.305   0.002   0.001   0.311     2.859
   13          inf   1.6335e+08   1.6449e+08   4925   1031     0    532    276     16      1   0.315   0.003   0.000   0.322     3.181
   14          inf   1.6357e+08   1.6439e+08   5141   1044     0    526    310     13      0   0.330   0.002   0.000   0.335     3.516
   15          inf   1.6373e+08   1.6431e+08   5270   1041     0    512    383      6      9   0.341   0.002   0.001   0.347     3.863
   16          inf   1.6382e+08   1.6426e+08   5314   1044     0    502    458     11      8   0.352   0.002   0.000   0.358     4.221
   17          inf   1.6388e+08   1.6421e+08   5134   1034     0    492    672     10     20   0.328   0.002   0.001   0.334     4.555
   18          inf   1.6394e+08   1.6419e+08   5032   1023     0    473    575      6     17   0.336   0.002   0.001   0.342     4.897
   19          inf   1.6399e+08   1.6416e+08   4967   1020     0    463    528      8     11   0.336   0.002   0.000   0.342     5.239
   20          inf   1.6401e+08   1.6414e+08   4923   1023     0    452    496      7      4   0.344   0.002   0.001   0.350     5.589
   21          inf   1.6405e+08   1.6413e+08   4862   1024     0    438    499      6      5   0.326   0.002   0.001   0.332     5.921
   22          inf   1.6407e+08   1.6412e+08   4826   1025     0    437    473      3      2   0.321   0.002   0.001   0.327     6.248
   23          inf   1.6408e+08   1.6412e+08   4746   1021     0    385    465      3      7   0.363   0.002   0.001   0.370     6.617
   24          inf   1.6410e+08   1.6411e+08   4683   1019     0    364    427      3      5   0.354   0.002   0.001   0.360     6.977
   25          inf   1.6410e+08   1.6411e+08   4613   1018     0    331    401      1      2   0.362   0.002   0.001   0.368     7.345
   26          inf   1.6411e+08   1.6411e+08   4516   1018     0    327    424      3      3   0.360   0.002   0.001   0.366     7.712
   27          inf   1.6411e+08   1.6411e+08   4361   1018     0    235    390      3      3   0.372   0.002   0.001   0.378     8.090
   28          inf   1.6411e+08   1.6411e+08   4186   1014     0    137    312      1      5   0.352   0.002   0.001   0.358     8.448
   29          inf   1.6411e+08   1.6411e+08   4007   1011     0     26    205      1      4   0.335   0.002   0.001   0.341     8.788
   30   1.6411e+08   1.6411e+08   1.6411e+08   4007   1011     0    *32      0      0      0   0.323   0.002   0.000   0.326     9.114
CG optimal after 30 iterations. UB=164110891.417165 LB=164110685.665998 gap=2.058e+02 tol=1.641e+04  t_LP=8.957  t_PR=0.086  t_SP=0.014  t_Tot=9.121
[bounded-pricing] enabled=0 cut=0 priced=21348 rate=0.0%

# === STDOUT (result CSV) ===
Setting parameter 'LpMethod' to 2
Setting parameter 'GPUMode' to 2
Setting parameter 'Presolve' to 0
Setting parameter 'Crossover' to 0
instance,formulation,iterations,columns,objective,lower_bound,optimal,time,time_lp,time_pricing,time_separation
data/commalab/grid/grid10,tree,30,3414,164110891.417165,164110685.665998,1,9.144,8.957,0.086,0.014
