# cmd: /usr/bin/time -o /tmp/mcfcg_mem_a0oabf_9.txt -f %M build/mcfcg_cli data/commalab/grid/grid4 --solver copt --copt-gpu-mode 2 --formulation tree --max-iters 10000 --time-limit 1800.0
# outcome: ok
# returncode: 0
# peak_rss_kb: 466788
# peak_rss_source: measured
# === STDERR (CG iteration log + preamble) ===
Instance: 100 vertices, 360 arcs, 100 commodities, 63 sources
Solver: copt (gpu-mode 2), formulation: tree
Pricing threads: 32 (auto)
Slack mode: CommodityRows (struct=63, capped_arcs=360)
[lp-config] backend=copt version=8.0.1 method=barrier exec=GPU presolve=off crossover=off tol=0.0001 threads=n/a(GPU)
   It           UB           LB       LP_obj   #col   #row  #slk   +col   -col   +cut   -cut    t_LP    t_PR    t_SP   t_Tot     t_acc
    1          inf   3.0156e+06   6.3000e+03    126     63    63      0      0      0      0   0.356   0.000   0.000   0.356     0.356
    2          inf   3.0156e+06   6.3000e+04    126     63    63      0      0      0      0   0.156   0.000   0.000   0.156     0.513
    3          inf   3.0156e+06   6.1060e+05    126     63    57      0      0      0      0   0.151   0.000   0.000   0.151     0.664
    4          inf   3.0156e+06   2.8543e+06    126     79     5      0      0     16      0   0.150   0.000   0.000   0.150     0.814
    5          inf   3.0156e+06   3.3182e+06    160     88    12     34      0      9      0   0.150   0.000   0.000   0.151     0.964
    6          inf   3.0156e+06   4.7878e+06    197     90    13     37      0      2      0   0.156   0.000   0.000   0.156     1.120
    7          inf   3.0156e+06   3.7997e+06    223     95     6     26      0      5      0   0.164   0.000   0.000   0.164     1.284
    8          inf   3.0156e+06   3.0828e+06    250    101     1     27      0      6      0   0.167   0.003   0.000   0.171     1.455
    9          inf   3.0257e+06   3.0332e+06    269    103     0     19      0      2      0   0.164   0.000   0.000   0.164     1.619
   10   3.0326e+06   3.0301e+06   3.0326e+06    275    102     0      7      1      0      1   0.165   0.000   0.000   0.166     1.785
   11   3.0323e+06   3.0304e+06   3.0323e+06    283    102     0     11      3      0      0   0.164   0.000   0.000   0.164     1.949
   12   3.0317e+06   3.0317e+06   3.0317e+06    283    102     0     *1      0      0      0   0.165   0.000   0.000   0.165     2.114
CG optimal after 12 iterations. UB=3031712.000015 LB=3031657.510091 gap=5.449e+01 tol=3.032e+02  t_LP=2.107  t_PR=0.007  t_SP=0.000  t_Tot=2.116
[bounded-pricing] enabled=0 cut=0 priced=1071 rate=0.0%

# === STDOUT (result CSV) ===
Setting parameter 'LpMethod' to 2
Setting parameter 'GPUMode' to 2
Setting parameter 'Presolve' to 0
Setting parameter 'Crossover' to 0
instance,formulation,iterations,columns,objective,lower_bound,optimal,time,time_lp,time_pricing,time_separation
data/commalab/grid/grid4,tree,12,220,3031712.000015,3031657.510091,1,2.131,2.107,0.007,0.000
