# cmd: /usr/bin/time -o /tmp/mcfcg_mem_fgf2con0.txt -f %M build/mcfcg_cli data/commalab/grid/grid15 --solver copt --copt-gpu-mode 2 --formulation path --max-iters 10000 --time-limit 1800.0
# outcome: ok
# returncode: 0
# peak_rss_kb: 927724
# peak_rss_source: measured
# === STDERR (CG iteration log + preamble) ===
Instance: 1225 vertices, 4760 arcs, 32000 commodities, 1225 sources
Solver: copt (gpu-mode 2), formulation: path
Pricing threads: 32 (auto)
Slack mode: EdgeRows (struct=32000, capped_arcs=4760)
[lp-config] backend=copt version=8.0.1 method=barrier exec=GPU presolve=off crossover=off tol=0.0001 threads=n/a(GPU)
   It           UB           LB       LP_obj   #col   #row  #slk   +col   -col   +cut   -cut    t_LP    t_PR    t_SP   t_Tot     t_acc
    1          inf   3.5815e+09   3.5815e+09  32258  32258     0      0      0    258      0   0.280   0.023   0.008   0.311     0.311
    2          inf   3.5815e+09   4.0496e+09  56579  32258   258  24321      0      0      0   0.458   0.015   0.001   0.485     0.797
    3          inf   3.5815e+09   3.6015e+09  72007  32353     0  15333      0     95      0   0.503   0.012   0.008   0.538     1.335
    4          inf   3.5815e+09   3.6011e+09  91043  32371     5  19018      0     18      0   0.979   0.012   0.008   1.017     2.352
    5          inf   3.5892e+09   3.5959e+09 104980  32378     0  13930      0      7      0   0.976   0.010   0.010   1.011     3.363
    6          inf   3.5920e+09   3.5943e+09 114814  32387     0   9825      0      9      0   0.995   0.012   0.012   1.030     4.392
    7          inf   3.5929e+09   3.5938e+09 122465  32390     0   7648      0      3      0   1.309   0.012   0.015   1.347     5.739
    8          inf   3.5934e+09   3.5936e+09 111540  32283     0   3453  14271      2    109   1.350   0.013   0.017   1.468     7.207
    9          inf   3.5935e+09   3.5935e+09 101254  32235     0    597  10835      1     49   1.156   0.012   0.012   1.247     8.454
   10          inf   3.5935e+09   3.5935e+09  82098  32224     0    663  19808      1     12   0.845   0.011   0.010   0.918     9.372
   11   3.5935e+09   3.5935e+09   3.5935e+09  82098  32224     0     *5      0      0      0   0.630   0.011   0.002   0.643    10.015
CG optimal after 11 iterations. UB=3593521818.095523 LB=3593517602.921717 gap=4.215e+03 tol=3.594e+05  t_LP=9.480  t_PR=0.181  t_SP=0.103  t_Tot=10.054
[bounded-pricing] enabled=0 fired=0 priced=15925 rate=0.0%

# === STDOUT (result CSV) ===
Setting parameter 'LpMethod' to 2
Setting parameter 'GPUMode' to 2
Setting parameter 'Presolve' to 0
Setting parameter 'Crossover' to 0
instance,formulation,iterations,columns,objective,lower_bound,optimal,time,time_lp,time_pricing,time_separation
data/commalab/grid/grid15,path,11,81874,3593521818.095523,3593517602.921717,1,10.116,9.480,0.181,0.103
