# cmd: /usr/bin/time -o /tmp/mcfcg_mem_yw9j9__t.txt -f %M build/mcfcg_cli data/commalab/grid/grid8 --solver copt --copt-gpu-mode 2 --formulation path --max-iters 10000 --time-limit 1800.0
# outcome: ok
# returncode: 0
# peak_rss_kb: 486156
# peak_rss_source: measured
# === STDERR (CG iteration log + preamble) ===
Instance: 625 vertices, 2400 arcs, 500 commodities, 343 sources
Solver: copt (gpu-mode 2), formulation: path
Pricing threads: 32 (auto)
Slack mode: CommodityRows (struct=500, capped_arcs=2400)
[lp-config] backend=copt version=8.0.1 method=barrier exec=GPU presolve=off crossover=off tol=0.0001 threads=n/a(GPU)
   It           UB           LB       LP_obj   #col   #row  #slk   +col   -col   +cut   -cut    t_LP    t_PR    t_SP   t_Tot     t_acc
    1          inf   4.1328e+07   2.7778e+06   1000    500   499      0      0      0      0   0.239   0.002   0.000   0.242     0.242
    2          inf   4.1328e+07   2.5136e+07   1000    500   349      0      0      0      0   0.023   0.002   0.000   0.025     0.267
    3          inf   4.1328e+07   4.1328e+07   1000    776     0      0      0    276      0   0.021   0.002   0.000   0.023     0.290
    4          inf   4.1328e+07   1.0076e+08   1369    776   208    369      0      0      0   0.070   0.001   0.000   0.072     0.363
    5          inf   4.1328e+07   2.3437e+08   1721    799   176    352      0     23      0   0.070   0.001   0.000   0.072     0.435
    6          inf   4.1328e+07   1.6668e+08   2092    847    92    371      0     48      0   0.082   0.001   0.000   0.084     0.519
    7          inf   4.1328e+07   5.5419e+07   2460    908    23    368      0     61      0   0.122   0.001   0.000   0.124     0.643
    8          inf   4.1384e+07   4.1799e+07   2791    932     0    331      0     24      0   0.145   0.001   0.000   0.147     0.790
    9          inf   4.1620e+07   4.1763e+07   3016    858     0    268     43      9     83   0.140   0.001   0.000   0.143     0.933
   10          inf   4.1640e+07   4.1740e+07   3160    876     0    249    105     18      0   0.131   0.001   0.000   0.134     1.067
   11          inf   4.1662e+07   4.1728e+07   3267    880     0    217    110      8      4   0.120   0.001   0.000   0.123     1.189
   12          inf   4.1681e+07   4.1720e+07   3206    873     0    182    243      2      9   0.127   0.001   0.000   0.129     1.319
   13          inf   4.1694e+07   4.1715e+07   2955    852     0    145    396      4     25   0.126   0.001   0.000   0.128     1.447
   14          inf   4.1705e+07   4.1713e+07   2722    840     0     94    327      3     15   0.125   0.001   0.000   0.128     1.574
   15          inf   4.1706e+07   4.1712e+07   2570    833     0     77    229      3     10   0.116   0.001   0.000   0.119     1.693
   16          inf   4.1709e+07   4.1711e+07   2395    817     0     37    212      1     17   0.115   0.001   0.000   0.118     1.810
   17          inf   4.1711e+07   4.1711e+07   2237    812     0     15    173      2      7   0.125   0.001   0.000   0.127     1.937
   18   4.1711e+07   4.1711e+07   4.1711e+07   2237    812     0    *15      0      0      0   0.119   0.001   0.000   0.121     2.058
CG optimal after 18 iterations. UB=41711153.654880 LB=41710891.880092 gap=2.618e+02 tol=4.171e+03  t_LP=2.018  t_PR=0.028  t_SP=0.005  t_Tot=2.063
[bounded-pricing] enabled=0 fired=0 priced=7546 rate=0.0%

# === STDOUT (result CSV) ===
Setting parameter 'LpMethod' to 2
Setting parameter 'GPUMode' to 2
Setting parameter 'Presolve' to 0
Setting parameter 'Crossover' to 0
instance,formulation,iterations,columns,objective,lower_bound,optimal,time,time_lp,time_pricing,time_separation
data/commalab/grid/grid8,path,18,1737,41711153.654880,41710891.880092,1,2.075,2.018,0.028,0.005
