# cmd: /usr/bin/time -o /tmp/mcfcg_mem_qysh0wzr.txt -f %M build/mcfcg_cli data/commalab/grid/grid10 --solver copt --copt-gpu-mode 2 --formulation path --max-iters 10000 --time-limit 1800.0
# outcome: ok
# returncode: 0
# peak_rss_kb: 503852
# peak_rss_source: measured
# === STDERR (CG iteration log + preamble) ===
Instance: 625 vertices, 2400 arcs, 2000 commodities, 593 sources
Solver: copt (gpu-mode 2), formulation: path
Pricing threads: 32 (auto)
Slack mode: CommodityRows (struct=2000, capped_arcs=2400)
[lp-config] backend=copt version=8.0.1 method=barrier exec=GPU presolve=off crossover=off tol=0.0001 threads=n/a(GPU)
   It           UB           LB       LP_obj   #col   #row  #slk   +col   -col   +cut   -cut    t_LP    t_PR    t_SP   t_Tot     t_acc
    1          inf   1.6221e+08   1.1189e+07   4000   2000  1987      0      0      0      0   0.249   0.004   0.000   0.253     0.253
    2          inf   1.6221e+08   9.9736e+07   4000   2000  1410      0      0      0      0   0.030   0.004   0.000   0.034     0.287
    3          inf   1.6221e+08   1.6221e+08   4000   2320     0      0      0    320      0   0.026   0.004   0.001   0.030     0.317
    4          inf   1.6221e+08   3.9375e+08   5453   2320   742   1453      0      0      0   0.112   0.002   0.000   0.116     0.432
    5          inf   1.6221e+08   8.1998e+08   6926   2339   606   1473      0     19      0   0.146   0.002   0.000   0.149     0.582
    6          inf   1.6221e+08   6.3927e+08   8440   2406   340   1514      0     67      0   0.144   0.002   0.000   0.148     0.730
    7          inf   1.6221e+08   2.6916e+08   9965   2458   163   1525      0     52      0   0.199   0.002   0.000   0.203     0.932
    8          inf   1.6292e+08   1.6450e+08  11325   2499     0   1360      0     41      0   0.283   0.002   0.000   0.287     1.220
    9          inf   1.6375e+08   1.6432e+08  12244   2451     0   1144    225     24     72   0.283   0.002   0.000   0.289     1.509
   10          inf   1.6390e+08   1.6422e+08  12750   2471     0   1001    495     20      0   0.272   0.002   0.000   0.278     1.787
   11          inf   1.6399e+08   1.6416e+08  12882   2479     0    901    769     13      5   0.255   0.002   0.000   0.262     2.048
   12          inf   1.6405e+08   1.6414e+08  12468   2475     0    695   1109      6     10   0.256   0.002   0.000   0.262     2.311
   13          inf   1.6407e+08   1.6412e+08  11324   2462     0    537   1681      9     22   0.244   0.002   0.000   0.250     2.561
   14          inf   1.6409e+08   1.6411e+08  10244   2450     0    422   1502      3     15   0.231   0.002   0.000   0.237     2.797
   15          inf   1.6410e+08   1.6411e+08   9544   2444     0    291    991      5     11   0.245   0.002   0.000   0.250     3.048
   16          inf   1.6411e+08   1.6411e+08   8836   2436     0    125    833      4     12   0.269   0.002   0.000   0.274     3.321
   17   1.6411e+08   1.6411e+08   1.6411e+08   8836   2436     0    *15      0      0      0   0.238   0.002   0.000   0.241     3.562
CG optimal after 17 iterations. UB=164110898.273275 LB=164110582.822430 gap=3.155e+02 tol=1.641e+04  t_LP=3.480  t_PR=0.047  t_SP=0.006  t_Tot=3.567
[bounded-pricing] enabled=0 fired=0 priced=12453 rate=0.0%

# === STDOUT (result CSV) ===
Setting parameter 'LpMethod' to 2
Setting parameter 'GPUMode' to 2
Setting parameter 'Presolve' to 0
Setting parameter 'Crossover' to 0
instance,formulation,iterations,columns,objective,lower_bound,optimal,time,time_lp,time_pricing,time_separation
data/commalab/grid/grid10,path,17,6836,164110898.273275,164110582.822430,1,3.583,3.480,0.047,0.006
