# cmd: /usr/bin/time -o /tmp/mcfcg_mem_gp_a7ino.txt -f %M build/mcfcg_cli data/commalab/grid/grid12 --solver copt --copt-gpu-mode 2 --formulation path --max-iters 10000 --time-limit 1800.0
# outcome: ok
# returncode: 0
# peak_rss_kb: 549556
# peak_rss_source: measured
# === STDERR (CG iteration log + preamble) ===
Instance: 900 vertices, 3480 arcs, 6000 commodities, 899 sources
Solver: copt (gpu-mode 2), formulation: path
Pricing threads: 32 (auto)
Slack mode: EdgeRows (struct=6000, capped_arcs=3480)
[lp-config] backend=copt version=8.0.1 method=barrier exec=GPU presolve=off crossover=off tol=0.0001 threads=n/a(GPU)
   It           UB           LB       LP_obj   #col   #row  #slk   +col   -col   +cut   -cut    t_LP    t_PR    t_SP   t_Tot     t_acc
    1          inf   5.7494e+08   5.7494e+08   6230   6230     0      0      0    230      0   0.243   0.010   0.002   0.255     0.255
    2          inf   5.7494e+08   6.6575e+08  11043   6230   230   4813      0      0      0   0.120   0.005   0.000   0.128     0.383
    3          inf   5.7526e+08   5.7846e+08  14199   6350     0   3036      0    120      0   0.152   0.005   0.001   0.161     0.544
    4          inf   5.7526e+08   5.7876e+08  18183   6359     1   3975      0      9      0   0.258   0.005   0.001   0.267     0.811
    5          inf   5.7626e+08   5.7764e+08  21027   6376     0   2827      0     17      0   0.252   0.005   0.002   0.261     1.073
    6          inf   5.7690e+08   5.7735e+08  23197   6398     0   2148      0     22      0   0.275   0.006   0.002   0.285     1.358
    7          inf   5.7703e+08   5.7725e+08  24662   6401     0   1462      0      3      0   0.283   0.006   0.002   0.293     1.651
    8          inf   5.7715e+08   5.7721e+08  22763   6313     0    871   2682      2     90   0.352   0.005   0.002   0.368     2.019
    9          inf   5.7717e+08   5.7719e+08  20904   6259     0    297   2102      4     58   0.287   0.005   0.002   0.302     2.321
   10          inf   5.7718e+08   5.7719e+08  16857   6249     0    182   4219      1     11   0.242   0.005   0.002   0.255     2.577
   11          inf   5.7719e+08   5.7719e+08  14420   6241     0     48   2477      2     10   0.227   0.005   0.001   0.240     2.816
   12   5.7719e+08   5.7719e+08   5.7719e+08  14420   6241     0     *7      0      0      0   0.223   0.005   0.000   0.229     3.045
CG optimal after 12 iterations. UB=577186506.663569 LB=577185806.237510 gap=7.004e+02 tol=5.772e+04  t_LP=2.915  t_PR=0.077  t_SP=0.017  t_Tot=3.055
[bounded-pricing] enabled=0 fired=0 priced=12586 rate=0.0%

# === STDOUT (result CSV) ===
Setting parameter 'LpMethod' to 2
Setting parameter 'GPUMode' to 2
Setting parameter 'Presolve' to 0
Setting parameter 'Crossover' to 0
instance,formulation,iterations,columns,objective,lower_bound,optimal,time,time_lp,time_pricing,time_separation
data/commalab/grid/grid12,path,12,14179,577186506.663569,577185806.237510,1,3.077,2.915,0.077,0.017
