# cmd: /usr/bin/time -o /tmp/mcfcg_mem_s5o5kipw.txt -f %M build/mcfcg_cli data/commalab/grid/grid14 --solver copt --copt-gpu-mode 2 --formulation tree --max-iters 10000 --time-limit 1800.0
# outcome: ok
# returncode: 0
# peak_rss_kb: 645032
# peak_rss_source: measured
# === STDERR (CG iteration log + preamble) ===
Instance: 1225 vertices, 4760 arcs, 16000 commodities, 1225 sources
Solver: copt (gpu-mode 2), formulation: tree
Pricing threads: 32 (auto)
Slack mode: CommodityRows (struct=1225, capped_arcs=4760)
[lp-config] backend=copt version=8.0.1 method=barrier exec=GPU presolve=off crossover=off tol=0.0001 threads=n/a(GPU)
   It           UB           LB       LP_obj   #col   #row  #slk   +col   -col   +cut   -cut    t_LP    t_PR    t_SP   t_Tot     t_acc
    1          inf   1.7977e+09   1.2250e+05   2450   1225  1225      0      0      0      0   0.354   0.024   0.001   0.379     0.379
    2          inf   1.7977e+09   1.2250e+06   2450   1225  1225      0      0      0      0   0.170   0.024   0.001   0.194     0.573
    3          inf   1.7977e+09   1.2250e+07   2450   1225  1225      0      0      0      0   0.162   0.025   0.001   0.187     0.760
    4          inf   1.7977e+09   1.2250e+08   2450   1225  1225      0      0      0      0   0.158   0.025   0.001   0.184     0.944
    5          inf   1.7977e+09   1.1712e+09   2450   1225   967      0      0      0      0   0.163   0.020   0.001   0.184     1.128
    6          inf   1.7977e+09   1.7977e+09   2450   1442     0      0      0    217      0   0.174   0.024   0.001   0.200     1.327
    7          inf   1.7977e+09   4.6145e+09   3670   1442   606   1220      0      0      0   0.281   0.011   0.001   0.298     1.625
    8          inf   1.7977e+09   5.6097e+09   4892   1442   449   1222      0      0      0   0.316   0.011   0.001   0.333     1.958
    9          inf   1.7977e+09   6.4545e+09   6116   1456   315   1224      0     14      0   0.332   0.011   0.001   0.350     2.308
   10          inf   1.7977e+09   3.7732e+09   7341   1476    83   1225      0     20      0   0.374   0.010   0.001   0.391     2.700
   11          inf   1.7977e+09   1.8059e+09   8564   1498     0   1223      0     22      0   0.483   0.011   0.002   0.502     3.202
   12          inf   1.7997e+09   1.8047e+09   9585   1410     0   1224    203     10     98   0.505   0.011   0.002   0.531     3.733
   13          inf   1.8012e+09   1.8040e+09  10258   1423     0   1221    548     13      0   0.394   0.010   0.002   0.418     4.151
   14          inf   1.8014e+09   1.8035e+09  10823   1425     0   1216    651      5      3   0.422   0.011   0.003   0.451     4.602
   15          inf   1.8020e+09   1.8032e+09  11110   1426     0   1205    918      7      6   0.409   0.011   0.002   0.438     5.040
   16          inf   1.8022e+09   1.8030e+09  10793   1422     0   1190   1507      1      5   0.441   0.011   0.003   0.470     5.510
   17          inf   1.8023e+09   1.8029e+09  10415   1415     0   1169   1547      4     11   0.421   0.010   0.003   0.449     5.958
   18          inf   1.8025e+09   1.8028e+09  10256   1409     0   1152   1311      1      7   0.433   0.011   0.002   0.460     6.419
   19          inf   1.8025e+09   1.8027e+09  10169   1402     0   1082   1169      1      8   0.389   0.010   0.002   0.416     6.835
   20          inf   1.8026e+09   1.8027e+09  10048   1401     0   1070   1191      4      5   0.421   0.011   0.002   0.448     7.283
   21          inf   1.8026e+09   1.8027e+09   9794   1402     0    963   1217      5      4   0.453   0.011   0.002   0.480     7.762
   22          inf   1.8027e+09   1.8027e+09   9536   1403     0    819   1077      3      2   0.465   0.010   0.002   0.490     8.252
   23   1.8027e+09   1.8027e+09   1.8027e+09   9536   1403     0   *518      0      0      0   0.448   0.012   0.003   0.462     8.715
CG optimal after 23 iterations. UB=1802673077.955803 LB=1802670537.090065 gap=2.541e+03 tol=1.803e+05  t_LP=8.169  t_PR=0.346  t_SP=0.041  t_Tot=8.734
[bounded-pricing] enabled=0 cut=0 priced=36750 rate=0.0%

# === STDOUT (result CSV) ===
Setting parameter 'LpMethod' to 2
Setting parameter 'GPUMode' to 2
Setting parameter 'Presolve' to 0
Setting parameter 'Crossover' to 0
instance,formulation,iterations,columns,objective,lower_bound,optimal,time,time_lp,time_pricing,time_separation
data/commalab/grid/grid14,tree,23,8311,1802673077.955803,1802670537.090065,1,8.770,8.169,0.346,0.041
