# cmd: /usr/bin/time -o /tmp/mcfcg_mem_m46ul_7_.txt -f %M build/mcfcg_cli data/commalab/grid/grid6 --solver copt --copt-gpu-mode 2 --formulation path --max-iters 10000 --time-limit 1800.0
# outcome: ok
# returncode: 0
# peak_rss_kb: 471428
# peak_rss_source: measured
# === STDERR (CG iteration log + preamble) ===
Instance: 225 vertices, 840 arcs, 200 commodities, 135 sources
Solver: copt (gpu-mode 2), formulation: path
Pricing threads: 32 (auto)
Slack mode: CommodityRows (struct=200, capped_arcs=840)
[lp-config] backend=copt version=8.0.1 method=barrier exec=GPU presolve=off crossover=off tol=0.0001 threads=n/a(GPU)
   It           UB           LB       LP_obj   #col   #row  #slk   +col   -col   +cut   -cut    t_LP    t_PR    t_SP   t_Tot     t_acc
    1          inf   1.0284e+07   1.1258e+06    400    200   198      0      0      0      0   0.352   0.000   0.000   0.353     0.353
    2          inf   1.0284e+07   8.7504e+06    400    213    82      0      0     13      0   0.160   0.000   0.000   0.160     0.513
    3          inf   1.0284e+07   1.7843e+07    481    270    56     81      0     57      0   0.159   0.000   0.000   0.159     0.673
    4          inf   1.0284e+07   2.8483e+07    611    289    72    130      0     19      0   0.173   0.000   0.000   0.173     0.846
    5          inf   1.0284e+07   2.1995e+07    740    314    40    129      0     25      0   0.177   0.000   0.000   0.178     1.024
    6          inf   1.0284e+07   1.1928e+07    870    335     8    134      4     21      0   0.188   0.000   0.000   0.189     1.213
    7          inf   1.0301e+07   1.0423e+07    983    355     0    113      0     20      0   0.199   0.000   0.000   0.200     1.413
    8   1.0413e+07   1.0368e+07   1.0413e+07   1069    355     0     94      8      0      0   0.211   0.000   0.000   0.212     1.624
    9   1.0413e+07   1.0390e+07   1.0406e+07   1114    359     0     66     21     10      6   0.210   0.000   0.000   0.211     1.835
   10   1.0413e+07   1.0394e+07   1.0403e+07   1123    362     0     47     38      4      1   0.207   0.000   0.000   0.208     2.043
   11   1.0413e+07   1.0399e+07   1.0402e+07   1084    357     0     33     72      2      7   0.208   0.000   0.000   0.209     2.252
   12   1.0402e+07   1.0400e+07   1.0402e+07    993    349     0     25    116      0      8   0.205   0.000   0.000   0.206     2.458
   13   1.0402e+07   1.0402e+07   1.0402e+07    993    349     0     *3      0      0      0   0.206   0.000   0.000   0.206     2.664
CG optimal after 13 iterations. UB=10401757.083375 LB=10401585.191102 gap=1.719e+02 tol=1.040e+03  t_LP=2.655  t_PR=0.005  t_SP=0.002  t_Tot=2.666
[bounded-pricing] enabled=0 cut=0 priced=2160 rate=0.0%

# === STDOUT (result CSV) ===
Setting parameter 'LpMethod' to 2
Setting parameter 'GPUMode' to 2
Setting parameter 'Presolve' to 0
Setting parameter 'Crossover' to 0
instance,formulation,iterations,columns,objective,lower_bound,optimal,time,time_lp,time_pricing,time_separation
data/commalab/grid/grid6,path,13,793,10401757.083375,10401585.191102,1,2.682,2.655,0.005,0.002
