# cmd: /usr/bin/time -o /tmp/mcfcg_mem_lde6ei_9.txt -f %M build/mcfcg_cli data/commalab/grid/grid11 --solver copt --copt-gpu-mode 2 --formulation tree --max-iters 10000 --time-limit 1800.0
# outcome: ok
# returncode: 0
# peak_rss_kb: 541820
# peak_rss_source: measured
# === STDERR (CG iteration log + preamble) ===
Instance: 625 vertices, 2400 arcs, 4000 commodities, 625 sources
Solver: copt (gpu-mode 2), formulation: tree
Pricing threads: 32 (auto)
Slack mode: CommodityRows (struct=625, capped_arcs=2400)
[lp-config] backend=copt version=8.0.1 method=barrier exec=GPU presolve=off crossover=off tol=0.0001 threads=n/a(GPU)
   It           UB           LB       LP_obj   #col   #row  #slk   +col   -col   +cut   -cut    t_LP    t_PR    t_SP   t_Tot     t_acc
    1          inf   3.2684e+08   6.2500e+04   1250    625   625      0      0      0      0   0.351   0.005   0.000   0.357     0.357
    2          inf   3.2684e+08   6.2500e+05   1250    625   625      0      0      0      0   0.166   0.005   0.000   0.172     0.528
    3          inf   3.2684e+08   6.2500e+06   1250    625   625      0      0      0      0   0.155   0.006   0.000   0.161     0.689
    4          inf   3.2684e+08   6.2161e+07   1250    625   613      0      0      0      0   0.157   0.005   0.000   0.163     0.852
    5          inf   3.2684e+08   3.2192e+08   1250    817    31      0      0    192      0   0.160   0.005   0.000   0.165     1.018
    6          inf   3.2684e+08   4.3436e+08   1849    817   305    599      0      0      0   0.200   0.003   0.000   0.205     1.222
    7          inf   3.2684e+08   1.1206e+09   2453    819   310    604      0      2      0   0.210   0.003   0.000   0.214     1.437
    8          inf   3.2684e+08   1.3957e+09   3069    841   167    616      0     22      0   0.228   0.003   0.000   0.232     1.669
    9          inf   3.2684e+08   1.0416e+09   3689    863   103    620      0     22      0   0.242   0.003   0.000   0.247     1.916
   10          inf   3.2684e+08   4.0967e+08   4309    921    12    620      0     58      0   0.278   0.003   0.001   0.283     2.199
   11          inf   3.2684e+08   3.3056e+08   4840    889     0    620     89     11     43   0.335   0.003   0.001   0.342     2.541
   12          inf   3.2802e+08   3.3010e+08   5088    907     0    610    362     19      1   0.279   0.003   0.001   0.286     2.827
   13          inf   3.2844e+08   3.2985e+08   5426    916     0    604    266     10      1   0.283   0.003   0.001   0.290     3.117
   14          inf   3.2867e+08   3.2967e+08   5659    924     0    596    363     11      3   0.309   0.003   0.001   0.316     3.432
   15          inf   3.2875e+08   3.2953e+08   5783    926     0    597    473      7      5   0.300   0.003   0.001   0.308     3.740
   16          inf   3.2894e+08   3.2944e+08   5610    917     0    582    755     11     20   0.316   0.003   0.001   0.324     4.064
   17          inf   3.2904e+08   3.2939e+08   5413    914     0    578    775      8     11   0.312   0.003   0.001   0.320     4.384
   18          inf   3.2910e+08   3.2933e+08   5394    914     0    566    585      6      6   0.300   0.003   0.001   0.308     4.692
   19          inf   3.2916e+08   3.2930e+08   5339    912     0    551    606      3      5   0.319   0.003   0.001   0.326     5.018
   20          inf   3.2919e+08   3.2928e+08   5321    915     0    543    561      8      5   0.309   0.003   0.001   0.316     5.334
   21          inf   3.2922e+08   3.2927e+08   5230    917     0    521    612      4      2   0.327   0.003   0.001   0.335     5.669
   22   3.2926e+08   3.2924e+08   3.2926e+08   5230    917     0   *470      0      0      0   0.342   0.003   0.001   0.345     6.014
CG optimal after 22 iterations. UB=329263392.676244 LB=329239256.104968 gap=2.414e+04 tol=3.293e+04  t_LP=5.879  t_PR=0.080  t_SP=0.012  t_Tot=6.023
[bounded-pricing] enabled=0 cut=0 priced=17500 rate=0.0%

# === STDOUT (result CSV) ===
Setting parameter 'LpMethod' to 2
Setting parameter 'GPUMode' to 2
Setting parameter 'Presolve' to 0
Setting parameter 'Crossover' to 0
instance,formulation,iterations,columns,objective,lower_bound,optimal,time,time_lp,time_pricing,time_separation
data/commalab/grid/grid11,tree,22,4605,329263392.676244,329239256.104968,1,6.048,5.879,0.080,0.012
