# cmd: /usr/bin/time -o /tmp/mcfcg_mem_s6mhwscm.txt -f %M build/mcfcg_cli data/commalab/grid/grid11 --solver copt --copt-gpu-mode 2 --formulation path --max-iters 10000 --time-limit 1800.0
# outcome: ok
# returncode: 0
# peak_rss_kb: 525756
# peak_rss_source: measured
# === STDERR (CG iteration log + preamble) ===
Instance: 625 vertices, 2400 arcs, 4000 commodities, 625 sources
Solver: copt (gpu-mode 2), formulation: path
Pricing threads: 32 (auto)
Slack mode: EdgeRows (struct=4000, capped_arcs=2400)
[lp-config] backend=copt version=8.0.1 method=barrier exec=GPU presolve=off crossover=off tol=0.0001 threads=n/a(GPU)
   It           UB           LB       LP_obj   #col   #row  #slk   +col   -col   +cut   -cut    t_LP    t_PR    t_SP   t_Tot     t_acc
    1          inf   3.2684e+08   3.2684e+08   4241   4241     0      0      0    241      0   0.244   0.005   0.001   0.251     0.251
    2          inf   3.2684e+08   3.9001e+08   7583   4241   241   3342      0      0      0   0.085   0.003   0.000   0.089     0.340
    3          inf   3.2704e+08   3.3040e+08   9985   4365     0   2278      0    124      0   0.114   0.003   0.001   0.120     0.460
    4          inf   3.2704e+08   3.3108e+08  12798   4383     7   2795      0     18      0   0.224   0.003   0.001   0.230     0.690
    5          inf   3.2825e+08   3.2984e+08  15087   4403     0   2269      0     20      0   0.231   0.003   0.001   0.236     0.926
    6          inf   3.2870e+08   3.2952e+08  17060   4421     0   1955      0     18      0   0.238   0.003   0.002   0.244     1.170
    7          inf   3.2899e+08   3.2939e+08  18621   4430     0   1552      0      9      0   0.258   0.002   0.001   0.263     1.433
    8          inf   3.2916e+08   3.2931e+08  18028   4361     0   1105   1629      4     73   0.281   0.003   0.002   0.292     1.725
    9          inf   3.2921e+08   3.2927e+08  17037   4318     0    747   1695      7     50   0.233   0.003   0.002   0.243     1.968
   10          inf   3.2924e+08   3.2926e+08  14522   4308     0    499   3004      4     14   0.233   0.003   0.001   0.243     2.211
   11          inf   3.2925e+08   3.2926e+08  12661   4298     0    360   2211      3     13   0.192   0.003   0.001   0.201     2.411
   12          inf   3.2926e+08   3.2926e+08  11187   4292     0    149   1617      1      7   0.201   0.002   0.001   0.209     2.620
   13          inf   3.2926e+08   3.2926e+08  10115   4282     0     60   1122      1     11   0.188   0.003   0.001   0.195     2.816
   14          inf   3.2926e+08   3.2926e+08   9507   4274     0      6    606      2     10   0.174   0.003   0.001   0.181     2.997
   15   3.2926e+08   3.2926e+08   3.2926e+08   9507   4274     0     *0      0      0      0   0.169   0.005   0.000   0.174     3.171
CG optimal after 15 iterations. UB=329258288.843930 LB=329257909.260056 gap=3.796e+02 tol=3.293e+04  t_LP=3.066  t_PR=0.054  t_SP=0.016  t_Tot=3.181
[bounded-pricing] enabled=0 fired=0 priced=11250 rate=0.0%

# === STDOUT (result CSV) ===
Setting parameter 'LpMethod' to 2
Setting parameter 'GPUMode' to 2
Setting parameter 'Presolve' to 0
Setting parameter 'Crossover' to 0
instance,formulation,iterations,columns,objective,lower_bound,optimal,time,time_lp,time_pricing,time_separation
data/commalab/grid/grid11,path,15,9233,329258288.843930,329257909.260056,1,3.200,3.066,0.054,0.016
