# cmd: /usr/bin/time -o /tmp/mcfcg_mem_onth_2q0.txt -f %M build/mcfcg_cli data/commalab/grid/grid12 --solver copt --copt-gpu-mode 2 --formulation tree --max-iters 10000 --time-limit 1800.0
# outcome: ok
# returncode: 0
# peak_rss_kb: 555620
# peak_rss_source: measured
# === STDERR (CG iteration log + preamble) ===
Instance: 900 vertices, 3480 arcs, 6000 commodities, 899 sources
Solver: copt (gpu-mode 2), formulation: tree
Pricing threads: 32 (auto)
Slack mode: CommodityRows (struct=899, capped_arcs=3480)
[lp-config] backend=copt version=8.0.1 method=barrier exec=GPU presolve=off crossover=off tol=0.0001 threads=n/a(GPU)
   It           UB           LB       LP_obj   #col   #row  #slk   +col   -col   +cut   -cut    t_LP    t_PR    t_SP   t_Tot     t_acc
    1          inf   5.7494e+08   8.9900e+04   1798    899   899      0      0      0      0   0.355   0.016   0.000   0.372     0.372
    2          inf   5.7494e+08   8.9900e+05   1798    899   899      0      0      0      0   0.164   0.012   0.000   0.176     0.548
    3          inf   5.7494e+08   8.9900e+06   1798    899   899      0      0      0      0   0.150   0.014   0.000   0.164     0.712
    4          inf   5.7494e+08   8.9531e+07   1798    899   884      0      0      0      0   0.152   0.011   0.000   0.163     0.875
    5          inf   5.7494e+08   5.4926e+08   1798   1027   122      0      0    128      0   0.158   0.011   0.001   0.169     1.044
    6          inf   5.7494e+08   8.0124e+08   2630   1027   486    838      6      0      0   0.198   0.006   0.000   0.206     1.250
    7          inf   5.7494e+08   1.5191e+09   3495   1038   343    865      0     11      0   0.204   0.005   0.000   0.211     1.461
    8          inf   5.7494e+08   1.2550e+09   4369   1090   110    874      0     52      0   0.225   0.006   0.001   0.233     1.695
    9          inf   5.7494e+08   1.0511e+09   5257   1116    72    888      0     26      0   0.287   0.006   0.001   0.295     1.990
   10          inf   5.7494e+08   5.7838e+08   6141   1138     0    884      0     22      0   0.337   0.005   0.001   0.346     2.337
   11          inf   5.7555e+08   5.7801e+08   6864   1120     0    875    152     14     32   0.310   0.006   0.001   0.322     2.658
   12          inf   5.7642e+08   5.7768e+08   7438   1130     0    871    297     11      1   0.316   0.005   0.001   0.328     2.986
   13          inf   5.7681e+08   5.7751e+08   7851   1136     0    845    432      8      2   0.305   0.006   0.001   0.318     3.304
   14          inf   5.7696e+08   5.7736e+08   8036   1130     0    830    645      8     14   0.290   0.005   0.001   0.303     3.607
   15          inf   5.7698e+08   5.7728e+08   7806   1128     0    808   1038      6      8   0.320   0.005   0.001   0.333     3.940
   16          inf   5.7709e+08   5.7723e+08   7506   1127     0    772   1072      7      8   0.318   0.005   0.001   0.331     4.271
   17          inf   5.7712e+08   5.7721e+08   7262   1128     0    692    936      6      5   0.314   0.006   0.002   0.327     4.598
   18          inf   5.7716e+08   5.7719e+08   7044   1129     0    677    895      6      5   0.317   0.006   0.001   0.329     4.928
   19          inf   5.7718e+08   5.7719e+08   6786   1124     0    514    772      1      6   0.323   0.005   0.001   0.335     5.263
   20          inf   5.7718e+08   5.7719e+08   6281   1122     0    246    751      1      3   0.325   0.005   0.001   0.336     5.599
   21          inf   5.7719e+08   5.7719e+08   5668   1123     0    131    744      3      2   0.304   0.005   0.001   0.314     5.913
   22   5.7719e+08   5.7719e+08   5.7719e+08   5668   1123     0    *14      0      0      0   0.309   0.006   0.001   0.315     6.228
CG optimal after 22 iterations. UB=577186352.714508 LB=577185683.286898 gap=6.694e+02 tol=5.772e+04  t_LP=5.979  t_PR=0.179  t_SP=0.017  t_Tot=6.250
[bounded-pricing] enabled=0 cut=0 priced=25172 rate=0.0%

# === STDOUT (result CSV) ===
Setting parameter 'LpMethod' to 2
Setting parameter 'GPUMode' to 2
Setting parameter 'Presolve' to 0
Setting parameter 'Crossover' to 0
instance,formulation,iterations,columns,objective,lower_bound,optimal,time,time_lp,time_pricing,time_separation
data/commalab/grid/grid12,tree,22,4769,577186352.714508,577185683.286898,1,6.275,5.979,0.179,0.017
