# cmd: /usr/bin/time -o /tmp/mcfcg_mem_oeq99ec3.txt -f %M build/mcfcg_cli data/commalab/grid/grid5 --solver copt --copt-gpu-mode 2 --formulation tree --max-iters 10000 --time-limit 1800.0
# outcome: ok
# returncode: 0
# peak_rss_kb: 468444
# peak_rss_source: measured
# === STDERR (CG iteration log + preamble) ===
Instance: 225 vertices, 840 arcs, 100 commodities, 83 sources
Solver: copt (gpu-mode 2), formulation: tree
Pricing threads: 32 (auto)
Slack mode: CommodityRows (struct=83, capped_arcs=840)
[lp-config] backend=copt version=8.0.1 method=barrier exec=GPU presolve=off crossover=off tol=0.0001 threads=n/a(GPU)
   It           UB           LB       LP_obj   #col   #row  #slk   +col   -col   +cut   -cut    t_LP    t_PR    t_SP   t_Tot     t_acc
    1          inf   5.0295e+06   8.3000e+03    166     83    83      0      0      0      0   0.345   0.000   0.000   0.346     0.346
    2          inf   5.0295e+06   8.3000e+04    166     83    83      0      0      0      0   0.154   0.000   0.000   0.155     0.501
    3          inf   5.0295e+06   8.1754e+05    166     83    77      0      0      0      0   0.152   0.000   0.000   0.152     0.653
    4          inf   5.0295e+06   4.4509e+06    166    103    17      0      0     20      0   0.151   0.001   0.000   0.152     0.805
    5          inf   5.0295e+06   7.4634e+06    206    107    24     40      0      4      0   0.149   0.000   0.000   0.149     0.954
    6          inf   5.0295e+06   8.2403e+06    240    128    11     34      0     21      0   0.154   0.000   0.000   0.154     1.108
    7          inf   5.0295e+06   5.7248e+06    287    135    12     47      0      7      0   0.159   0.000   0.000   0.160     1.268
    8          inf   5.0295e+06   5.0574e+06    320    140     0     33      0      5      0   0.164   0.000   0.000   0.165     1.433
    9          inf   5.0419e+06   5.0510e+06    340    142     0     20      0      2      0   0.167   0.000   0.000   0.167     1.600
   10   5.0501e+06   5.0489e+06   5.0501e+06    348    141     0     10      2      0      1   0.171   0.000   0.000   0.171     1.771
   11   5.0498e+06   5.0492e+06   5.0498e+06    351    141     0      9      6      0      0   0.168   0.000   0.000   0.169     1.940
   12   5.0497e+06   5.0492e+06   5.0497e+06    343    138     0      6     14      0      3   0.168   0.000   0.000   0.169     2.109
   13   5.0496e+06   5.0496e+06   5.0496e+06    343    138     0     *1      0      0      0   0.168   0.000   0.000   0.168     2.277
CG optimal after 13 iterations. UB=5049647.023455 LB=5049641.170888 gap=5.853e+00 tol=5.050e+02  t_LP=2.270  t_PR=0.005  t_SP=0.001  t_Tot=2.278
[bounded-pricing] enabled=0 cut=0 priced=1494 rate=0.0%

# === STDOUT (result CSV) ===
Setting parameter 'LpMethod' to 2
Setting parameter 'GPUMode' to 2
Setting parameter 'Presolve' to 0
Setting parameter 'Crossover' to 0
instance,formulation,iterations,columns,objective,lower_bound,optimal,time,time_lp,time_pricing,time_separation
data/commalab/grid/grid5,tree,13,260,5049647.023455,5049641.170888,1,2.297,2.270,0.005,0.001
