# cmd: /usr/bin/time -o /tmp/mcfcg_mem_c23q37d9.txt -f %M build/mcfcg_cli data/commalab/grid/grid9 --solver copt --copt-gpu-mode 2 --formulation tree --max-iters 10000 --time-limit 1800.0
# outcome: ok
# returncode: 0
# peak_rss_kb: 522352
# peak_rss_source: measured
# === STDERR (CG iteration log + preamble) ===
Instance: 625 vertices, 2400 arcs, 1000 commodities, 495 sources
Solver: copt (gpu-mode 2), formulation: tree
Pricing threads: 32 (auto)
Slack mode: CommodityRows (struct=495, capped_arcs=2400)
[lp-config] backend=copt version=8.0.1 method=barrier exec=GPU presolve=off crossover=off tol=0.0001 threads=n/a(GPU)
   It           UB           LB       LP_obj   #col   #row  #slk   +col   -col   +cut   -cut    t_LP    t_PR    t_SP   t_Tot     t_acc
    1          inf   8.1702e+07   4.9500e+04    990    495   495      0      0      0      0   0.348   0.003   0.000   0.351     0.351
    2          inf   8.1702e+07   4.9500e+05    990    495   495      0      0      0      0   0.159   0.003   0.000   0.162     0.514
    3          inf   8.1702e+07   4.9481e+06    990    495   493      0      0      0      0   0.154   0.003   0.000   0.158     0.672
    4          inf   8.1702e+07   4.1744e+07    990    495   314      0      0      0      0   0.153   0.003   0.000   0.157     0.829
    5          inf   8.1702e+07   8.1702e+07    990    822     0      0      0    327      0   0.156   0.003   0.000   0.160     0.988
    6          inf   8.1702e+07   1.7605e+08   1392    822   253    402      0      0      0   0.200   0.002   0.000   0.203     1.191
    7          inf   8.1702e+07   5.2113e+08   1810    826   224    418      0      4      0   0.217   0.002   0.000   0.220     1.411
    8          inf   8.1702e+07   6.8576e+08   2243    881   143    433      0     55      0   0.221   0.002   0.000   0.224     1.635
    9          inf   8.1702e+07   6.2611e+08   2683    918   109    440      0     37      0   0.236   0.002   0.000   0.238     1.873
   10          inf   8.1702e+07   1.4245e+08   3114    984    26    431      0     66      0   0.283   0.002   0.001   0.286     2.159
   11          inf   8.1702e+07   8.2942e+07   3457    921     0    430     87     24     87   0.351   0.002   0.001   0.356     2.515
   12          inf   8.2258e+07   8.2834e+07   3713    950     0    403    147     29      0   0.295   0.002   0.000   0.298     2.813
   13          inf   8.2328e+07   8.2789e+07   3959    954     0    389    143      8      4   0.290   0.002   0.000   0.294     3.107
   14          inf   8.2453e+07   8.2747e+07   4125    964     0    374    208     19      9   0.290   0.002   0.001   0.294     3.401
   15          inf   8.2517e+07   8.2717e+07   4175    971     0    343    293     16      9   0.303   0.002   0.000   0.307     3.708
   16          inf   8.2546e+07   8.2697e+07   4008    954     0    345    512      8     25   0.307   0.002   0.000   0.311     4.019
   17          inf   8.2578e+07   8.2680e+07   3867    951     0    317    458      9     12   0.302   0.001   0.000   0.306     4.325
   18          inf   8.2611e+07   8.2671e+07   3777    944     0    271    361      4     11   0.312   0.002   0.000   0.316     4.641
   19          inf   8.2615e+07   8.2663e+07   3657    946     0    268    388      9      7   0.302   0.002   0.000   0.307     4.948
   20          inf   8.2630e+07   8.2659e+07   3552    946     0    238    343      3      3   0.311   0.001   0.000   0.315     5.263
   21          inf   8.2638e+07   8.2656e+07   3456    942     0    214    310      1      5   0.306   0.001   0.000   0.309     5.572
   22          inf   8.2644e+07   8.2655e+07   3338    940     0    217    335      2      4   0.304   0.002   0.000   0.308     5.880
   23          inf   8.2648e+07   8.2654e+07   3246    933     0    180    272      1      8   0.315   0.001   0.000   0.318     6.198
   24          inf   8.2651e+07   8.2653e+07   3123    927     0     95    218      1      7   0.318   0.001   0.000   0.321     6.520
   25   8.2653e+07   8.2652e+07   8.2653e+07   3123    927     0    *78      0      0      0   0.314   0.001   0.000   0.316     6.835
CG optimal after 25 iterations. UB=82653040.017216 LB=82652304.512248 gap=7.355e+02 tol=8.265e+03  t_LP=6.747  t_PR=0.055  t_SP=0.010  t_Tot=6.841
[bounded-pricing] enabled=0 cut=0 priced=15345 rate=0.0%

# === STDOUT (result CSV) ===
Setting parameter 'LpMethod' to 2
Setting parameter 'GPUMode' to 2
Setting parameter 'Presolve' to 0
Setting parameter 'Crossover' to 0
instance,formulation,iterations,columns,objective,lower_bound,optimal,time,time_lp,time_pricing,time_separation
data/commalab/grid/grid9,tree,25,2628,82653040.017216,82652304.512248,1,6.863,6.747,0.055,0.010
