# cmd: /usr/bin/time -o /tmp/mcfcg_mem_ct0bhmht.txt -f %M build/mcfcg_cli data/commalab/grid/grid5 --solver copt --copt-gpu-mode 2 --formulation path --max-iters 10000 --time-limit 1800.0
# outcome: ok
# returncode: 0
# peak_rss_kb: 467376
# peak_rss_source: measured
# === STDERR (CG iteration log + preamble) ===
Instance: 225 vertices, 840 arcs, 100 commodities, 83 sources
Solver: copt (gpu-mode 2), formulation: path
Pricing threads: 32 (auto)
Slack mode: CommodityRows (struct=100, capped_arcs=840)
[lp-config] backend=copt version=8.0.1 method=barrier exec=GPU presolve=off crossover=off tol=0.0001 threads=n/a(GPU)
   It           UB           LB       LP_obj   #col   #row  #slk   +col   -col   +cut   -cut    t_LP    t_PR    t_SP   t_Tot     t_acc
    1          inf   5.0295e+06   5.5950e+05    200    100   100      0      0      0      0   0.355   0.000   0.000   0.355     0.355
    2          inf   5.0295e+06   4.3345e+06    200    107    35      0      0      7      0   0.151   0.000   0.000   0.151     0.506
    3          inf   5.0295e+06   7.3488e+06    225    123    19     25      0     16      0   0.159   0.000   0.000   0.159     0.665
    4          inf   5.0295e+06   9.2773e+06    267    133    22     42      0     10      0   0.160   0.000   0.000   0.161     0.826
    5          inf   5.0295e+06   6.4630e+06    305    147     8     38      0     14      0   0.168   0.000   0.000   0.168     0.994
    6          inf   5.0295e+06   5.0550e+06    340    152     2     36      1      5      0   0.171   0.000   0.000   0.172     1.166
    7          inf   5.0439e+06   5.0505e+06    361    154     0     21      0      2      0   0.167   0.000   0.000   0.167     1.333
    8          inf   5.0488e+06   5.0499e+06    372    155     0     14      3      1      0   0.170   0.000   0.000   0.171     1.504
    9          inf   5.0496e+06   5.0497e+06    370    156     0      1      3      1      0   0.172   0.000   0.000   0.173     1.676
   10   5.0497e+06   5.0496e+06   5.0497e+06    370    156     0     *3      0      0      0   0.174   0.000   0.000   0.174     1.850
CG optimal after 10 iterations. UB=5049697.250000 LB=5049593.177137 gap=1.041e+02 tol=5.050e+02  t_LP=1.846  t_PR=0.004  t_SP=0.001  t_Tot=1.852
[bounded-pricing] enabled=0 cut=0 priced=1079 rate=0.0%

# === STDOUT (result CSV) ===
Setting parameter 'LpMethod' to 2
Setting parameter 'GPUMode' to 2
Setting parameter 'Presolve' to 0
Setting parameter 'Crossover' to 0
instance,formulation,iterations,columns,objective,lower_bound,optimal,time,time_lp,time_pricing,time_separation
data/commalab/grid/grid5,path,10,270,5049697.250000,5049593.177137,1,1.870,1.846,0.004,0.001
