# cmd: /usr/bin/time -o /tmp/mcfcg_mem_2rjti_sa.txt -f %M build/mcfcg_cli data/commalab/planar/planar500 --solver copt --copt-gpu-mode 2 --formulation tree --max-iters 10000 --time-limit 1800.0
# outcome: ok
# returncode: 0
# peak_rss_kb: 480532
# peak_rss_source: measured
# === STDERR (CG iteration log + preamble) ===
Instance: 500 vertices, 2842 arcs, 3525 commodities, 500 sources
Solver: copt (gpu-mode 2), formulation: tree
Pricing threads: 32 (auto)
Slack mode: CommodityRows (struct=500, capped_arcs=2842)
[lp-config] backend=copt version=8.0.1 method=barrier exec=GPU presolve=off crossover=off tol=0.0001 threads=n/a(GPU)
   It           UB           LB       LP_obj   #col   #row  #slk   +col   -col   +cut   -cut    t_LP    t_PR    t_SP   t_Tot     t_acc
    1          inf   4.7613e+08   1.4003e+08   1000    500   486      0      0      0      0   0.250   0.005   0.000   0.255     0.255
    2          inf   4.7613e+08   4.7568e+08   1000    604     1      0      0    104      0   0.034   0.005   0.000   0.039     0.294
    3          inf   4.7613e+08   6.6299e+08   1457    604   142    457      0      0      0   0.057   0.003   0.000   0.061     0.354
    4          inf   4.7613e+08   7.4618e+08   1926    604   151    469      0      0      0   0.065   0.003   0.000   0.069     0.424
    5          inf   4.7613e+08   9.6792e+08   2405    604   114    479      0      0      0   0.086   0.002   0.000   0.090     0.514
    6          inf   4.7613e+08   6.2765e+08   2890    606    36    485      0      2      0   0.096   0.003   0.000   0.100     0.613
    7          inf   4.7856e+08   4.8357e+08   3347    607     0    457      0      1      0   0.086   0.002   0.001   0.090     0.704
    8          inf   4.8078e+08   4.8278e+08   3744    561     0    428     31      1     47   0.092   0.002   0.000   0.097     0.800
    9          inf   4.8082e+08   4.8236e+08   3855    563     0    392    281      2      0   0.069   0.002   0.001   0.074     0.874
   10          inf   4.8147e+08   4.8209e+08   3892    567     0    353    316      4      0   0.079   0.003   0.000   0.083     0.957
   11   4.8201e+08   4.8192e+08   4.8201e+08   3731    566     0    236    397      0      1   0.083   0.002   0.000   0.088     1.045
   12   4.8199e+08   4.8196e+08   4.8199e+08   3731    566     0   *124      0      0      0   0.082   0.002   0.000   0.084     1.129
CG optimal after 12 iterations. UB=481987799.542624 LB=481955482.287434 gap=3.232e+04 tol=4.820e+04  t_LP=1.078  t_PR=0.038  t_SP=0.005  t_Tot=1.134
[bounded-pricing] enabled=0 fired=0 priced=7500 rate=0.0%

# === STDOUT (result CSV) ===
Setting parameter 'LpMethod' to 2
Setting parameter 'GPUMode' to 2
Setting parameter 'Presolve' to 0
Setting parameter 'Crossover' to 0
instance,formulation,iterations,columns,objective,lower_bound,optimal,time,time_lp,time_pricing,time_separation
data/commalab/planar/planar500,tree,12,3231,481987799.542624,481955482.287434,1,1.148,1.078,0.038,0.005
