# cmd: /usr/bin/time -o /tmp/mcfcg_mem_5ismjjb_.txt -f %M build/mcfcg_cli data/commalab/planar/planar1000 --solver copt --copt-gpu-mode 2 --formulation tree --max-iters 10000 --time-limit 1800.0
# outcome: ok
# returncode: 0
# peak_rss_kb: 701504
# peak_rss_source: measured
# === STDERR (CG iteration log + preamble) ===
Instance: 1000 vertices, 5200 arcs, 20026 commodities, 1000 sources
Solver: copt (gpu-mode 2), formulation: tree
Pricing threads: 32 (auto)
Slack mode: CommodityRows (struct=1000, capped_arcs=5200)
[lp-config] backend=copt version=8.0.1 method=barrier exec=GPU presolve=off crossover=off tol=0.0001 threads=n/a(GPU)
   It           UB           LB       LP_obj   #col   #row  #slk   +col   -col   +cut   -cut    t_LP    t_PR    t_SP   t_Tot     t_acc
    1          inf   3.1896e+09   8.7300e+06   2000   1000  1000      0      0      0      0   0.248   0.022   0.001   0.271     0.271
    2          inf   3.1896e+09   8.7300e+07   2000   1000  1000      0      0      0      0   0.032   0.021   0.001   0.054     0.324
    3          inf   3.1896e+09   8.7275e+08   2000   1000   998      0      0      0      0   0.033   0.022   0.001   0.056     0.381
    4          inf   3.1896e+09   3.1896e+09   2000   1538     0      0      0    538      0   0.033   0.022   0.003   0.058     0.439
    5          inf   3.1896e+09   6.1730e+09   2999   1538   602    999      0      0      0   0.312   0.011   0.001   0.330     0.769
    6          inf   3.1896e+09   2.5922e+10   3999   1538   647   1000      0      0      0   0.417   0.011   0.002   0.436     1.205
    7          inf   3.1896e+09   7.5058e+10   4998   1539   650    999      0      1      0   0.569   0.011   0.001   0.590     1.795
    8          inf   3.1896e+09   2.9327e+11   5998   1542   459   1000      0      3      0   0.676   0.010   0.001   0.696     2.491
    9          inf   3.1896e+09   3.0901e+11   6998   1555   345   1000      0     13      0   0.728   0.011   0.001   0.749     3.240
   10          inf   3.1896e+09   2.5421e+11   7628   1267   279   1000    370      9    297   0.801   0.011   0.001   0.834     4.074
   11          inf   3.1896e+09   1.7791e+11   7901   1360   187   1000    727     93      0   0.340   0.011   0.001   0.366     4.439
   12          inf   3.1896e+09   1.6188e+11   8168   1393   176   1000    733     33      0   0.467   0.010   0.002   0.494     4.933
   13          inf   3.1896e+09   1.0362e+11   8327   1447   116   1000    841     56      2   0.496   0.011   0.001   0.528     5.461
   14          inf   3.1896e+09   7.7369e+10   8504   1505    85   1000    823     59      1   0.590   0.011   0.002   0.630     6.092
   15          inf   3.1896e+09   4.9073e+10   8741   1544    54   1000    763     49     10   0.606   0.010   0.001   0.641     6.732
   16          inf   3.1896e+09   1.5044e+10   9008   1606    16   1000    733     67      5   0.675   0.010   0.001   0.713     7.445
   17          inf   3.1896e+09   6.4702e+09   9124   1629     3   1000    884     27      4   0.854   0.010   0.003   0.893     8.338
   18          inf   3.1896e+09   3.5636e+09   9292   1601     0   1000    832      7     35   0.854   0.010   0.002   0.891     9.229
   19          inf   3.2522e+09   3.5459e+09   9407   1595     0   1000    885      6     12   0.775   0.009   0.003   0.811    10.040
   20          inf   3.2548e+09   3.5323e+09   9526   1586     0   1000    881     13     22   0.718   0.010   0.003   0.755    10.795
   21          inf   3.2908e+09   3.5193e+09   9600   1593     0   1000    926     18     11   0.780   0.009   0.003   0.817    11.612
   22          inf   3.2979e+09   3.5085e+09   9530   1581     0   1000   1070      5     17   0.764   0.010   0.003   0.802    12.414
   23          inf   3.3372e+09   3.4975e+09   9212   1570     0   1000   1318      9     20   0.763   0.010   0.003   0.800    13.215
   24          inf   3.3407e+09   3.4890e+09   9146   1547     0   1000   1066     11     34   0.722   0.010   0.003   0.760    13.974
   25          inf   3.3662e+09   3.4829e+09   9234   1523     0   1000    912      9     33   0.705   0.010   0.003   0.744    14.718
   26          inf   3.3802e+09   3.4765e+09   9253   1499     0   1000    981      7     31   0.721   0.010   0.003   0.757    15.475
   27          inf   3.3802e+09   3.4721e+09   9316   1492     0   1000    937     12     19   0.642   0.010   0.003   0.680    16.155
   28          inf   3.3917e+09   3.4686e+09   9279   1495     0   1000   1037     13     10   0.670   0.010   0.003   0.706    16.861
   29          inf   3.3970e+09   3.4653e+09   9325   1505     0   1000    954     22     12   0.650   0.010   0.003   0.685    17.546
   30          inf   3.4125e+09   3.4629e+09   9290   1505     0   1000   1035     11     11   0.683   0.009   0.003   0.718    18.264
   31          inf   3.4125e+09   3.4603e+09   9368   1504     0   1000    922     11     12   0.681   0.010   0.003   0.718    18.982
   32          inf   3.4173e+09   3.4582e+09   9424   1507     0   1000    944     12      9   0.683   0.010   0.003   0.723    19.705
   33          inf   3.4222e+09   3.4566e+09   9425   1508     0   1000    999      6      5   0.687   0.009   0.003   0.723    20.428
   34          inf   3.4222e+09   3.4555e+09   9407   1504     0   1000   1018      4      8   0.677   0.010   0.003   0.714    21.142
   35          inf   3.4336e+09   3.4544e+09   9384   1501     0   1000   1023      4      7   0.677   0.009   0.003   0.713    21.856
   36          inf   3.4336e+09   3.4533e+09   9408   1494     0   1000    976      4     11   0.696   0.010   0.002   0.732    22.588
   37          inf   3.4336e+09   3.4526e+09   9403   1489     0   1000   1005      4      9   0.670   0.009   0.003   0.706    23.294
   38          inf   3.4359e+09   3.4519e+09   9399   1498     0   1000   1004     11      2   0.663   0.010   0.003   0.700    23.994
   39          inf   3.4397e+09   3.4514e+09   9409   1491     0   1000    990      3     10   0.662   0.009   0.003   0.699    24.693
   40          inf   3.4415e+09   3.4509e+09   9380   1493     0   1000   1029      6      4   0.663   0.010   0.003   0.701    25.394
   41          inf   3.4434e+09   3.4506e+09   9440   1490     0   1000    940      4      7   0.646   0.010   0.003   0.682    26.076
   42          inf   3.4434e+09   3.4503e+09   9455   1486     0   1000    985      3      7   0.668   0.011   0.003   0.706    26.782
   43   3.4501e+09   3.4454e+09   3.4501e+09   9443   1483     0   1000   1012      0      3   0.702   0.010   0.003   0.734    27.516
   44   3.4501e+09   3.4461e+09   3.4500e+09   9407   1485     0   1000   1036      4      2   0.677   0.010   0.003   0.714    28.230
   45   3.4501e+09   3.4473e+09   3.4498e+09   9437   1486     0   1000    970      3      2   0.719   0.010   0.004   0.757    28.987
   46   3.4501e+09   3.4481e+09   3.4497e+09   9431   1482     0   1000   1006      3      7   0.682   0.010   0.003   0.719    29.706
   47   3.4501e+09   3.4486e+09   3.4497e+09   9496   1480     0   1000    935      4      6   0.685   0.010   0.003   0.721    30.427
   48   3.4501e+09   3.4489e+09   3.4496e+09   9525   1481     0   1000    971      2      1   0.677   0.010   0.003   0.715    31.142
   49   3.4501e+09   3.4492e+09   3.4496e+09   9586   1483     0   1000    939      3      1   0.727   0.010   0.003   0.765    31.907
   50   3.4501e+09   3.4493e+09   3.4496e+09   9617   1486     0   1000    969      4      1   0.736   0.010   0.003   0.775    32.682
   51   3.4501e+09   3.4495e+09   3.4496e+09   9640   1485     0   1000    977      1      2   0.767   0.010   0.003   0.805    33.487
   52   3.4496e+09   3.4496e+09   3.4496e+09   9640   1485     0  *1000      0      0      0   0.805   0.009   0.003   0.817    34.304
CG optimal after 52 iterations. UB=3449610949.023033 LB=3449604704.412707 gap=6.245e+03 tol=3.450e+05  t_LP=32.574  t_PR=0.584  t_SP=0.124  t_Tot=34.321
[bounded-pricing] enabled=0 fired=0 priced=57000 rate=0.0%

# === STDOUT (result CSV) ===
Setting parameter 'LpMethod' to 2
Setting parameter 'GPUMode' to 2
Setting parameter 'Presolve' to 0
Setting parameter 'Crossover' to 0
instance,formulation,iterations,columns,objective,lower_bound,optimal,time,time_lp,time_pricing,time_separation
data/commalab/planar/planar1000,tree,52,8640,3449610949.023033,3449604704.412707,1,34.357,32.574,0.584,0.124
