# cmd: /usr/bin/time -o /tmp/mcfcg_mem__n7f6dod.txt -f %M build/mcfcg_cli data/commalab/planar/planar150 --solver copt --copt-gpu-mode 2 --formulation tree --max-iters 10000 --time-limit 1800.0
# outcome: ok
# returncode: 0
# peak_rss_kb: 513288
# peak_rss_source: measured
# === STDERR (CG iteration log + preamble) ===
Instance: 150 vertices, 850 arcs, 2239 commodities, 150 sources
Solver: copt (gpu-mode 2), formulation: tree
Pricing threads: 32 (auto)
Slack mode: CommodityRows (struct=150, capped_arcs=850)
[lp-config] backend=copt version=8.0.1 method=barrier exec=GPU presolve=off crossover=off tol=0.0001 threads=n/a(GPU)
   It           UB           LB       LP_obj   #col   #row  #slk   +col   -col   +cut   -cut    t_LP    t_PR    t_SP   t_Tot     t_acc
    1          inf   4.6091e+08   2.8355e+07    300    150   150      0      0      0      0   0.356   0.001   0.000   0.357     0.357
    2          inf   4.6091e+08   2.7752e+08    300    150   137      0      0      0      0   0.171   0.001   0.000   0.172     0.529
    3          inf   4.6091e+08   4.6091e+08    300    366     0      0      0    216      0   0.171   0.001   0.000   0.172     0.701
    4          inf   4.6091e+08   1.9672e+09    447    366   120    147      0      0      0   0.199   0.001   0.000   0.201     0.901
    5          inf   4.6091e+08   1.1631e+10    597    366   109    150      0      0      0   0.212   0.000   0.000   0.213     1.115
    6          inf   4.6091e+08   3.5622e+10    747    370   103    150      0      4      0   0.208   0.000   0.000   0.209     1.324
    7          inf   4.6091e+08   6.3698e+10    897    372    88    150      0      2      0   0.204   0.000   0.000   0.205     1.529
    8          inf   4.6091e+08   5.5124e+10   1047    379    69    150      0      7      0   0.207   0.000   0.001   0.209     1.738
    9          inf   4.6091e+08   4.2550e+10   1131    394    55    150     66     15      0   0.218   0.000   0.000   0.220     1.957
   10          inf   4.6091e+08   3.5557e+10   1212    411    48    150     69     17      0   0.220   0.000   0.000   0.222     2.179
   11          inf   4.6091e+08   2.8457e+10   1255    420    35    150    107      9      0   0.221   0.000   0.000   0.223     2.402
   12          inf   4.6091e+08   2.0911e+10   1309    445    36    150     96     25      0   0.227   0.000   0.000   0.229     2.631
   13          inf   4.6091e+08   1.9028e+10   1358    454    29    150    101      9      0   0.240   0.000   0.000   0.242     2.872
   14          inf   4.6091e+08   1.3152e+10   1412    455    23    150     96     13     12   0.235   0.000   0.000   0.237     3.110
   15          inf   4.6091e+08   8.9930e+09   1458    469    19    150    104     14      0   0.252   0.001   0.000   0.254     3.364
   16          inf   4.6091e+08   3.0131e+09   1514    490     3    150     94     21      0   0.268   0.000   0.000   0.269     3.633
   17          inf   4.6091e+08   6.0626e+08   1525    481     0    150    139     10     19   0.272   0.000   0.000   0.274     3.907
   18          inf   4.6091e+08   5.9264e+08   1574    482     0    150    101      3      2   0.279   0.000   0.000   0.281     4.188
   19   5.8682e+08   4.6091e+08   5.8682e+08   1601    480     0    150    123      0      2   0.271   0.000   0.000   0.273     4.461
   20   5.8682e+08   4.7733e+08   5.8077e+08   1640    484     0    150    111      7      3   0.258   0.000   0.000   0.260     4.720
   21   5.8682e+08   4.9425e+08   5.7643e+08   1656    473     0    150    134      1     12   0.270   0.000   0.001   0.272     4.993
   22   5.8682e+08   5.0263e+08   5.7251e+08   1630    469     0    150    176      5      9   0.277   0.000   0.000   0.279     5.271
   23   5.8682e+08   5.0263e+08   5.6901e+08   1583    445     0    150    197      4     28   0.272   0.000   0.000   0.274     5.546
   24   5.8682e+08   5.0694e+08   5.6489e+08   1572    443     0    150    161      4      6   0.248   0.000   0.000   0.250     5.796
   25   5.8682e+08   5.1934e+08   5.6168e+08   1576    432     0    150    146      5     16   0.261   0.000   0.000   0.263     6.059
   26   5.8682e+08   5.2607e+08   5.5908e+08   1578    435     0    150    148      4      1   0.260   0.000   0.000   0.262     6.321
   27   5.8682e+08   5.2607e+08   5.5727e+08   1590    435     0    150    138      3      3   0.249   0.000   0.001   0.252     6.573
   28   5.8682e+08   5.3090e+08   5.5539e+08   1602    440     0    150    138      5      0   0.252   0.000   0.000   0.253     6.826
   29   5.8682e+08   5.3267e+08   5.5382e+08   1594    442     0    150    158      2      0   0.257   0.000   0.000   0.259     7.085
   30   5.8682e+08   5.3554e+08   5.5278e+08   1592    446     0    150    152      4      0   0.254   0.000   0.000   0.256     7.340
   31   5.8682e+08   5.3807e+08   5.5197e+08   1596    447     0    150    146      1      0   0.250   0.000   0.000   0.251     7.592
   32   5.8682e+08   5.3990e+08   5.5117e+08   1613    439     0    150    133      2     10   0.247   0.000   0.000   0.249     7.840
   33   5.8682e+08   5.4031e+08   5.5047e+08   1613    440     0    150    150      2      1   0.254   0.000   0.000   0.257     8.097
   34   5.8682e+08   5.4069e+08   5.5006e+08   1607    440     0    150    156      1      1   0.264   0.000   0.000   0.266     8.363
   35   5.8682e+08   5.4344e+08   5.4973e+08   1599    438     0    150    158      1      3   0.256   0.000   0.000   0.258     8.621
   36   5.4935e+08   5.4344e+08   5.4935e+08   1600    438     0    150    149      0      0   0.244   0.000   0.000   0.246     8.867
   37   5.4935e+08   5.4374e+08   5.4905e+08   1603    435     0    150    147      1      4   0.251   0.000   0.000   0.253     9.120
   38   5.4935e+08   5.4438e+08   5.4880e+08   1600    419     0    150    153      3     19   0.245   0.000   0.000   0.247     9.367
   39   5.4935e+08   5.4569e+08   5.4863e+08   1600    420     0    150    150      1      0   0.241   0.000   0.000   0.243     9.610
   40   5.4851e+08   5.4592e+08   5.4851e+08   1593    420     0    149    156      0      0   0.247   0.000   0.001   0.249     9.859
   41   5.4839e+08   5.4637e+08   5.4839e+08   1615    420     0    149    127      0      0   0.242   0.000   0.000   0.244    10.103
   42   5.4831e+08   5.4665e+08   5.4831e+08   1616    407     0    150    149      0     13   0.244   0.000   0.000   0.246    10.349
   43   5.4824e+08   5.4713e+08   5.4824e+08   1604    405     0    150    162      0      2   0.247   0.000   0.000   0.249    10.598
   44   5.4824e+08   5.4733e+08   5.4818e+08   1604    406     0    150    150      1      0   0.240   0.000   0.000   0.241    10.839
   45   5.4824e+08   5.4755e+08   5.4814e+08   1613    407     0    150    141      1      0   0.250   0.000   0.000   0.252    11.091
   46   5.4811e+08   5.4770e+08   5.4811e+08   1625    407     0    149    137      0      0   0.247   0.000   0.000   0.249    11.340
   47   5.4810e+08   5.4789e+08   5.4810e+08   1627    407     0    148    146      0      0   0.257   0.000   0.000   0.258    11.598
   48   5.4809e+08   5.4803e+08   5.4809e+08   1644    407     0    149    132      0      0   0.249   0.000   0.000   0.251    11.849
   49   5.4809e+08   5.4804e+08   5.4809e+08   1644    407     0   *149      0      0      0   0.256   0.000   0.001   0.257    12.106
CG optimal after 49 iterations. UB=548089587.757501 LB=548043797.643806 gap=4.579e+04 tol=5.481e+04  t_LP=12.023  t_PR=0.020  t_SP=0.015  t_Tot=12.111
[bounded-pricing] enabled=0 cut=0 priced=7950 rate=0.0%

# === STDOUT (result CSV) ===
Setting parameter 'LpMethod' to 2
Setting parameter 'GPUMode' to 2
Setting parameter 'Presolve' to 0
Setting parameter 'Crossover' to 0
instance,formulation,iterations,columns,objective,lower_bound,optimal,time,time_lp,time_pricing,time_separation
data/commalab/planar/planar150,tree,49,1494,548089587.757501,548043797.643806,1,12.131,12.023,0.020,0.015
