# cmd: /usr/bin/time -o /tmp/mcfcg_mem_9l34yw1w.txt -f %M build/mcfcg_cli data/commalab/planar/planar150 --solver copt --copt-gpu-mode 2 --formulation path --max-iters 10000 --time-limit 1800.0
# outcome: ok
# returncode: 0
# peak_rss_kb: 547052
# peak_rss_source: measured
# === STDERR (CG iteration log + preamble) ===
Instance: 150 vertices, 850 arcs, 2239 commodities, 150 sources
Solver: copt (gpu-mode 2), formulation: path
Pricing threads: 32 (auto)
Slack mode: EdgeRows (struct=2239, capped_arcs=850)
[lp-config] backend=copt version=8.0.1 method=barrier exec=GPU presolve=off crossover=off tol=0.0001 threads=n/a(GPU)
   It           UB           LB       LP_obj   #col   #row  #slk   +col   -col   +cut   -cut    t_LP    t_PR    t_SP   t_Tot     t_acc
    1          inf   4.6091e+08   4.6091e+08   2455   2455     0      0      0    216      0   0.356   0.001   0.001   0.358     0.358
    2          inf   4.6091e+08   1.4441e+10   4637   2455   216   2182      0      0      0   0.310   0.000   0.000   0.311     0.669
    3          inf   4.6115e+08   5.7102e+08   6530   2571     0   1777      0    116      0   0.246   0.000   0.001   0.249     0.918
    4          inf   4.6115e+08   3.4057e+09   8589   2587    76   2043      0     16      0   0.296   0.000   0.000   0.298     1.217
    5          inf   4.6115e+08   2.9852e+09  10598   2628    30   1968      0     41      0   0.385   0.000   0.001   0.389     1.605
    6          inf   4.6115e+08   7.4043e+08  12541   2642     4   1929      0     14      0   0.362   0.001   0.002   0.366     1.971
    7          inf   4.6115e+08   5.9364e+08  14239   2646     1   1694      0      4      0   0.387   0.001   0.001   0.390     2.361
    8          inf   5.1526e+08   5.6296e+08  14721   2612     0   1542   1026      8     42   0.380   0.000   0.001   0.386     2.747
    9          inf   5.3416e+08   5.5445e+08  14908   2604     0   1376   1181      3     11   0.391   0.000   0.001   0.397     3.144
   10          inf   5.4013e+08   5.5072e+08  14505   2585     0   1038   1422      3     22   0.343   0.000   0.001   0.350     3.494
   11          inf   5.4591e+08   5.4888e+08  13543   2558     0    855   1790      6     33   0.315   0.000   0.001   0.320     3.814
   12          inf   5.4723e+08   5.4841e+08  11621   2537     0    262   2163      2     23   0.321   0.001   0.001   0.327     4.140
   13          inf   5.4766e+08   5.4810e+08  10067   2530     0    186   1733      5     12   0.312   0.001   0.001   0.316     4.456
   14   5.4809e+08   5.4806e+08   5.4809e+08  10067   2530     0    *44      0      0      0   0.281   0.000   0.000   0.282     4.738
CG optimal after 14 iterations. UB=548091372.107578 LB=548058236.021500 gap=3.314e+04 tol=5.481e+04  t_LP=4.685  t_PR=0.010  t_SP=0.012  t_Tot=4.741
[bounded-pricing] enabled=0 cut=0 priced=2400 rate=0.0%

# === STDOUT (result CSV) ===
Setting parameter 'LpMethod' to 2
Setting parameter 'GPUMode' to 2
Setting parameter 'Presolve' to 0
Setting parameter 'Crossover' to 0
instance,formulation,iterations,columns,objective,lower_bound,optimal,time,time_lp,time_pricing,time_separation
data/commalab/planar/planar150,path,14,9776,548091372.107578,548058236.021500,1,4.764,4.685,0.010,0.012
