# cmd: /usr/bin/time -o /tmp/mcfcg_mem_jhdqo5m2.txt -f %M build/mcfcg_cli data/commalab/planar/planar500 --solver copt --copt-gpu-mode 2 --formulation path --max-iters 10000 --time-limit 1800.0
# outcome: ok
# returncode: 0
# peak_rss_kb: 506776
# peak_rss_source: measured
# === STDERR (CG iteration log + preamble) ===
Instance: 500 vertices, 2842 arcs, 3525 commodities, 500 sources
Solver: copt (gpu-mode 2), formulation: path
Pricing threads: 32 (auto)
Slack mode: EdgeRows (struct=3525, capped_arcs=2842)
[lp-config] backend=copt version=8.0.1 method=barrier exec=GPU presolve=off crossover=off tol=0.0001 threads=n/a(GPU)
   It           UB           LB       LP_obj   #col   #row  #slk   +col   -col   +cut   -cut    t_LP    t_PR    t_SP   t_Tot     t_acc
    1          inf   4.7613e+08   4.7613e+08   3629   3629     0      0      0    104      0   0.380   0.004   0.001   0.385     0.385
    2          inf   4.7613e+08   1.2011e+10   6020   3629   104   2391      0      0      0   0.336   0.002   0.000   0.340     0.725
    3          inf   4.7613e+08   4.8874e+08   7652   3636     0   1625      0      7      0   0.227   0.002   0.001   0.231     0.956
    4          inf   4.7613e+08   4.8458e+08   9442   3637     0   1789      0      1      0   0.255   0.002   0.001   0.259     1.215
    5   4.8313e+08   4.7771e+08   4.8313e+08  10423   3637     0    981      0      0      0   0.260   0.002   0.001   0.264     1.479
    6   4.8249e+08   4.8105e+08   4.8249e+08  11150   3637     0    727      0      0      0   0.233   0.002   0.000   0.237     1.716
    7   4.8202e+08   4.8192e+08   4.8202e+08  11391   3637     0    241      0      0      0   0.254   0.002   0.000   0.256     1.972
    8   4.8199e+08   4.8195e+08   4.8199e+08  11391   3637     0   *106      0      0      0   0.236   0.002   0.000   0.239     2.211
CG optimal after 8 iterations. UB=481985162.109308 LB=481947756.306238 gap=3.741e+04 tol=4.820e+04  t_LP=2.182  t_PR=0.027  t_SP=0.004  t_Tot=2.220
[bounded-pricing] enabled=0 cut=0 priced=5000 rate=0.0%

# === STDOUT (result CSV) ===
Setting parameter 'LpMethod' to 2
Setting parameter 'GPUMode' to 2
Setting parameter 'Presolve' to 0
Setting parameter 'Crossover' to 0
instance,formulation,iterations,columns,objective,lower_bound,optimal,time,time_lp,time_pricing,time_separation
data/commalab/planar/planar500,path,8,11279,481985162.109308,481947756.306238,1,2.244,2.182,0.027,0.004
