# cmd: /usr/bin/time -o /tmp/mcfcg_mem_sutgbqbe.txt -f %M build/mcfcg_cli data/intermodal/SBT-56295-0.txt.gz --solver copt --copt-gpu-mode 2 --formulation tree --max-iters 10000 --strategy pricer-heavy --time-limit 1800.0
# outcome: ok
# returncode: 0
# peak_rss_kb: 2453348
# peak_rss_source: measured
# === STDERR (CG iteration log + preamble) ===
Instance: 263559 vertices, 4725174 arcs, 56269 commodities, 56269 sources
Solver: copt (gpu-mode 2), formulation: tree
Pricing threads: 32 (auto)
Slack mode: CommodityRows (struct=56269, capped_arcs=4478154)
[lp-config] backend=copt version=8.0.1 method=barrier exec=GPU presolve=off crossover=off tol=0.0001 threads=n/a(GPU)
   It           UB           LB       LP_obj   #col   #row  #slk   +col   -col   +cut   -cut    t_LP    t_PR    t_SP   t_Tot     t_acc
    1          inf         -inf   1.4398e+06 112538  56332   974      0      0     63      0   0.595   0.000   0.333   0.930     0.930
    2          inf         -inf   1.4541e+06 114364  56332  1658   1826      0      0      0   0.179   0.866   0.335   1.383     2.313
    3          inf         -inf   1.4482e+06 114364  56350     7      0      0     18      0   0.179   0.000   0.343   0.525     2.838
    4          inf         -inf   1.4484e+06 114364  56352    42      0      0      2      0   0.180   0.000   0.334   0.516     3.354
    5          inf         -inf   1.4484e+06 114416  56352    42     52      0      0      0   0.186   0.156   0.337   0.680     4.033
    6          inf   1.4445e+06   1.4488e+06 114986  56352    45    570      0      0      0   0.191  14.633   0.334  15.159    19.193
    7          inf   1.4445e+06   1.4479e+06 114986  56353     0      0      0      1      0   0.186   0.000   0.336   0.524    19.716
    8   1.4479e+06   1.4445e+06   1.4479e+06 115019  56312     0     33      0      0     41   0.185   0.159   0.342   0.689    20.406
    9   1.4479e+06   1.4445e+06   1.4479e+06 115019  56320     0      0      0      8      0   0.183   0.000   0.336   0.521    20.927
   10   1.4479e+06   1.4477e+06   1.4479e+06 115019  56320     0    *30      0      0      0   0.187  14.803   0.335  15.325    36.252
CG optimal after 10 iterations. UB=1447869.000000 LB=1447747.204200 gap=1.218e+02 tol=1.448e+02  t_LP=2.251  t_PR=45.322  t_SP=3.364  t_Tot=50.961
[pricing-cutoff] enabled=0 cut=0 priced=171350 rate=0.0%

# === STDOUT (result CSV) ===
Setting parameter 'LpMethod' to 2
Setting parameter 'GPUMode' to 2
Setting parameter 'Presolve' to 0
Setting parameter 'Crossover' to 0
instance,formulation,iterations,columns,objective,lower_bound,optimal,time,time_lp,time_pricing,time_separation
data/intermodal/SBT-56295-0.txt.gz,tree,10,58750,1447869.000000,1447747.204200,1,51.999,2.251,45.322,3.364
