# cmd: /usr/bin/time -o /tmp/mcfcg_mem_bd2qtf3p.txt -f %M build/mcfcg_cli data/intermodal/BUS-13160-0.txt.gz --solver copt --copt-gpu-mode 2 --formulation tree --max-iters 10000 --strategy pricer-heavy --time-limit 1800.0
# outcome: ok
# returncode: 0
# peak_rss_kb: 991184
# peak_rss_source: measured
# === STDERR (CG iteration log + preamble) ===
Instance: 140925 vertices, 1023858 arcs, 13135 commodities, 13135 sources
Solver: copt (gpu-mode 2), formulation: tree
Pricing threads: 32 (auto)
Slack mode: CommodityRows (struct=13135, capped_arcs=836960)
[lp-config] backend=copt version=8.0.1 method=barrier exec=GPU presolve=off crossover=off tol=0.0001 threads=n/a(GPU)
   It           UB           LB       LP_obj   #col   #row  #slk   +col   -col   +cut   -cut    t_LP    t_PR    t_SP   t_Tot     t_acc
    1          inf         -inf   3.3868e+05  26270  13208   783      0      0     73      0   0.449   0.000   0.072   0.521     0.521
    2          inf         -inf   3.4174e+05  26924  13208  1041    654      0      0      0   0.156   0.096   0.071   0.325     0.846
    3          inf         -inf   3.4913e+05  26924  13259    71      0      0     51      0   0.166   0.000   0.069   0.236     1.083
    4          inf         -inf   3.5030e+05  27323  13259   146    399      0      0      0   0.171   0.070   0.070   0.312     1.395
    5          inf         -inf   3.5341e+05  27323  13269    81      0      0     10      0   0.171   0.000   0.069   0.241     1.636
    6          inf         -inf   3.5346e+05  27504  13269    82    181      0      0      0   0.178   0.058   0.076   0.312     1.948
    7          inf         -inf   3.6270e+05  27504  13271    45      0      0      2      0   0.176   0.000   0.069   0.246     2.194
    8          inf         -inf   3.6273e+05  27504  13273    47      0      0      2      0   0.179   0.000   0.074   0.253     2.448
    9          inf         -inf   3.6273e+05  27537  13212    50     33      0      0     61   0.184   0.036   0.070   0.290     2.738
   10          inf         -inf   3.6850e+05  27537  13220    65      0      0      8      0   0.171   0.000   0.071   0.243     2.981
   11          inf         -inf   3.6856e+05  27636  13205    68     99      0      0     15   0.177   0.045   0.075   0.298     3.279
   12          inf         -inf   3.5382e+05  27636  13213    26      0      0      8      0   0.174   0.000   0.070   0.244     3.523
   13          inf         -inf   3.5382e+05  27712  13210    29     76      0      0      3   0.179   0.042   0.073   0.295     3.817
   14          inf         -inf   3.5152e+05  27712  13218    20      0      0      8      0   0.169   0.000   0.069   0.239     4.056
   15          inf         -inf   3.5154e+05  27801  13209    24     89      0      0      9   0.177   0.044   0.073   0.296     4.352
   16          inf         -inf   3.5198e+05  27801  13211    12      0      0      2      0   0.174   0.000   0.070   0.244     4.596
   17          inf         -inf   3.5198e+05  27847  13202    12     46      0      0      9   0.172   0.038   0.071   0.281     4.877
   18          inf         -inf   3.5153e+05  27847  13211    10      0      0      9      0   0.175   0.000   0.069   0.245     5.122
   19          inf         -inf   3.5153e+05  27866  13202    10     19      0      0      9   0.173   0.035   0.073   0.282     5.404
   20          inf         -inf   3.5252e+05  27866  13204     9      0      0      2      0   0.171   0.000   0.069   0.241     5.645
   21          inf   3.0461e+05   3.5252e+05  28154  13200     9    288      0      0      4   0.171   0.475   0.079   0.726     6.372
   22          inf   3.0461e+05   3.4834e+05  28154  13225     0      0      0     25      0   0.173   0.000   0.069   0.243     6.615
   23          inf   3.0461e+05   3.4839e+05  28194  13223     1     40      0      0      2   0.173   0.054   0.070   0.298     6.913
   24   3.4837e+05   3.4833e+05   3.4837e+05  28224  13222     0     30      0      0      1   0.170   0.443   0.070   0.683     7.596
   25   3.4837e+05   3.4833e+05   3.4836e+05  28224  13224     0      0      0      2      0   0.175   0.000   0.068   0.244     7.840
   26   3.4836e+05   3.4834e+05   3.4836e+05  28224  13224     0     *2      0      0      0   0.173   0.463   0.072   0.709     8.548
CG optimal after 26 iterations. UB=348361.500163 LB=348336.740538 gap=2.476e+01 tol=3.484e+01  t_LP=4.777  t_PR=2.355  t_SP=1.852  t_Tot=9.005
[pricing-cutoff] enabled=0 cut=0 priced=55542 rate=0.0%

# === STDOUT (result CSV) ===
Setting parameter 'LpMethod' to 2
Setting parameter 'GPUMode' to 2
Setting parameter 'Presolve' to 0
Setting parameter 'Crossover' to 0
instance,formulation,iterations,columns,objective,lower_bound,optimal,time,time_lp,time_pricing,time_separation
data/intermodal/BUS-13160-0.txt.gz,tree,26,15089,348361.500163,348336.740538,1,9.268,4.777,2.355,1.852
