# cmd: /usr/bin/time -o /tmp/mcfcg_mem_m42yuh9p.txt -f %M build/mcfcg_cli data/intermodal/SBT-43785-0.txt.gz --solver copt --copt-gpu-mode 2 --formulation tree --max-iters 10000 --strategy pricer-heavy --time-limit 1800.0
# outcome: ok
# returncode: 0
# peak_rss_kb: 2065640
# peak_rss_source: measured
# === STDERR (CG iteration log + preamble) ===
Instance: 238529 vertices, 3741246 arcs, 43757 commodities, 43757 sources
Solver: copt (gpu-mode 2), formulation: tree
Pricing threads: 32 (auto)
Slack mode: CommodityRows (struct=43757, capped_arcs=3494226)
[lp-config] backend=copt version=8.0.1 method=barrier exec=GPU presolve=off crossover=off tol=0.0001 threads=n/a(GPU)
   It           UB           LB       LP_obj   #col   #row  #slk   +col   -col   +cut   -cut    t_LP    t_PR    t_SP   t_Tot     t_acc
    1          inf         -inf   1.1175e+06  87514  43829   745      0      0     72      0   0.516   0.000   0.276   0.793     0.793
    2          inf         -inf   1.1284e+06  89098  43829  1264   1584      0      0      0   0.165   0.580   0.279   1.027     1.821
    3          inf         -inf   1.1237e+06  89098  43840     0      0      0     11      0   0.172   0.000   0.270   0.444     2.265
    4          inf         -inf   1.1238e+06  89246  43840    23    148      0      0      0   0.175   0.242   0.274   0.692     2.957
    5   1.1237e+06   1.1234e+06   1.1237e+06  89487  43840     0    241      0      0      0   0.176   8.691   0.275   9.142    12.099
    6   1.1236e+06   1.1235e+06   1.1236e+06  89487  43840     0     *1      0      0      0   0.176   8.728   0.269   9.174    21.273
CG optimal after 6 iterations. UB=1123600.000001 LB=1123517.013469 gap=8.299e+01 tol=1.124e+02  t_LP=1.380  t_PR=27.123  t_SP=1.643  t_Tot=30.156
[pricing-cutoff] enabled=0 cut=0 priced=133286 rate=0.0%

# === STDOUT (result CSV) ===
Setting parameter 'LpMethod' to 2
Setting parameter 'GPUMode' to 2
Setting parameter 'Presolve' to 0
Setting parameter 'Crossover' to 0
instance,formulation,iterations,columns,objective,lower_bound,optimal,time,time_lp,time_pricing,time_separation
data/intermodal/SBT-43785-0.txt.gz,tree,6,45730,1123600.000001,1123517.013469,1,31.000,1.380,27.123,1.643
