# cmd: /usr/bin/time -o /tmp/mcfcg_mem_d3v3q418.txt -f %M build/mcfcg_cli data/intermodal/BUS-2632-0.txt.gz --solver copt --copt-gpu-mode 2 --formulation tree --max-iters 10000 --strategy pricer-heavy --time-limit 1800.0
# outcome: ok
# returncode: 0
# peak_rss_kb: 715720
# peak_rss_source: measured
# === STDERR (CG iteration log + preamble) ===
Instance: 119865 vertices, 397362 arcs, 2628 commodities, 2628 sources
Solver: copt (gpu-mode 2), formulation: tree
Pricing threads: 32 (auto)
Slack mode: CommodityRows (struct=2628, capped_arcs=210464)
[lp-config] backend=copt version=8.0.1 method=barrier exec=GPU presolve=off crossover=off tol=0.0001 threads=n/a(GPU)
   It           UB           LB       LP_obj   #col   #row  #slk   +col   -col   +cut   -cut    t_LP    t_PR    t_SP   t_Tot     t_acc
    1          inf         -inf   6.8906e+04   5256   2722   161      0      0     94      0   0.323   0.000   0.035   0.357     0.357
    2          inf         -inf   6.9679e+04   5424   2722   229    168      0      0      0   0.149   0.030   0.035   0.216     0.573
    3          inf         -inf   7.1144e+04   5424   2793    14      0      0     71      0   0.147   0.000   0.034   0.181     0.754
    4          inf         -inf   7.2231e+04   5561   2793    45    137      0      0      0   0.146   0.032   0.035   0.214     0.967
    5          inf         -inf   7.2672e+04   5561   2818    13      0      0     25      0   0.149   0.000   0.030   0.180     1.147
    6          inf         -inf   7.2837e+04   5561   2823    19      0      0      5      0   0.155   0.000   0.035   0.191     1.338
    7          inf         -inf   7.2865e+04   5585   2805    21     24      0      0     18   0.155   0.020   0.036   0.211     1.549
    8          inf         -inf   7.4673e+04   5585   2807    13      0      0      2      0   0.152   0.000   0.036   0.188     1.737
    9          inf         -inf   7.4683e+04   5590   2787    14      5      0      0     20   0.153   0.019   0.036   0.208     1.946
   10          inf         -inf   7.6790e+04   5590   2792    15      0      0      5      0   0.154   0.000   0.035   0.190     2.135
   11          inf         -inf   7.6790e+04   5599   2757    15      9      0      0     35   0.155   0.019   0.035   0.208     2.344
   12          inf         -inf   7.6464e+04   5599   2760    17      0      0      3      0   0.153   0.000   0.033   0.186     2.529
   13          inf         -inf   7.6469e+04   5605   2751    18      6      0      0      9   0.158   0.020   0.037   0.214     2.744
   14          inf         -inf   8.6678e+04   5605   2757    13      0      0      6      0   0.171   0.000   0.034   0.206     2.950
   15          inf         -inf   8.6679e+04   5612   2757    13      7      0      0      0   0.157   0.017   0.032   0.206     3.156
   16          inf         -inf   9.1383e+04   5612   2758    11      0      0      1      0   0.160   0.000   0.035   0.196     3.351
   17          inf         -inf   9.1383e+04   5620   2751    12      8      0      0      7   0.156   0.019   0.036   0.211     3.563
   18          inf         -inf   9.0318e+04   5620   2762    10      0      0     11      0   0.154   0.000   0.036   0.190     3.753
   19          inf         -inf   9.0338e+04   5620   2763    11      0      0      1      0   0.154   0.000   0.036   0.191     3.943
   20          inf  -2.2490e+04   9.0338e+04   5795   2758    11    175      0      0      5   0.154   0.096   0.036   0.287     4.231
   21          inf  -2.2490e+04   7.1036e+04   5795   2773     0      0      0     15      0   0.151   0.000   0.033   0.185     4.416
   22          inf  -2.2490e+04   7.1050e+04   5795   2776     0      0      0      3      0   0.155   0.000   0.036   0.191     4.607
   23   7.1050e+04  -2.2490e+04   7.1050e+04   5797   2774     0      2      0      0      2   0.155   0.018   0.035   0.208     4.815
   24   7.1050e+04   7.0927e+04   7.1050e+04   5847   2774     0     50      0      0      0   0.157   0.069   0.035   0.262     5.077
   25   7.1050e+04   7.0927e+04   7.1028e+04   5847   2777     0      0      0      3      0   0.165   0.000   0.033   0.199     5.276
   26   7.1033e+04   7.0927e+04   7.1033e+04   5849   2759     0      2      0      0     18   0.163   0.018   0.035   0.217     5.493
   27   7.1033e+04   7.1010e+04   7.1033e+04   5860   2752     0     11      0      0      7   0.160   0.069   0.035   0.264     5.757
   28   7.1033e+04   7.1010e+04   7.1027e+04   5860   2760     0      0      0      8      0   0.158   0.000   0.034   0.192     5.949
   29   7.1027e+04   7.1010e+04   7.1027e+04   5867   2758     0      7      0      0      2   0.157   0.020   0.034   0.212     6.162
   30   7.1027e+04   7.1019e+04   7.1027e+04   5871   2747     0      4      0      0     11   0.156   0.065   0.035   0.257     6.418
   31   7.1027e+04   7.1019e+04   7.1027e+04   5871   2749     0      0      0      2      0   0.156   0.000   0.032   0.188     6.607
   32   7.1027e+04   7.1022e+04   7.1027e+04   5871   2749     0     *0      0      0      0   0.158   0.082   0.035   0.275     6.882
CG optimal after 32 iterations. UB=71026.500000 LB=71021.867600 gap=4.632e+00 tol=7.103e+00  t_LP=5.147  t_PR=0.698  t_SP=1.110  t_Tot=6.967
[pricing-cutoff] enabled=0 cut=0 priced=16342 rate=0.0%

# === STDOUT (result CSV) ===
Setting parameter 'LpMethod' to 2
Setting parameter 'GPUMode' to 2
Setting parameter 'Presolve' to 0
Setting parameter 'Crossover' to 0
instance,formulation,iterations,columns,objective,lower_bound,optimal,time,time_lp,time_pricing,time_separation
data/intermodal/BUS-2632-0.txt.gz,tree,32,3243,71026.500000,71021.867600,1,7.100,5.147,0.698,1.110
