# cmd: /usr/bin/time -o /tmp/mcfcg_mem_acbae502.txt -f %M build/mcfcg_cli data/intermodal/BUS-18424-0.txt.gz --solver copt --copt-gpu-mode 2 --formulation tree --max-iters 10000 --strategy pricer-heavy --time-limit 1800.0
# outcome: ok
# returncode: 0
# peak_rss_kb: 1129964
# peak_rss_source: measured
# === STDERR (CG iteration log + preamble) ===
Instance: 151455 vertices, 1338522 arcs, 18388 commodities, 18388 sources
Solver: copt (gpu-mode 2), formulation: tree
Pricing threads: 32 (auto)
Slack mode: CommodityRows (struct=18388, capped_arcs=1151624)
[lp-config] backend=copt version=8.0.1 method=barrier exec=GPU presolve=off crossover=off tol=0.0001 threads=n/a(GPU)
   It           UB           LB       LP_obj   #col   #row  #slk   +col   -col   +cut   -cut    t_LP    t_PR    t_SP   t_Tot     t_acc
    1          inf         -inf   4.7151e+05  36776  18454  1078      0      0     66      0   0.363   0.000   0.093   0.456     0.456
    2          inf         -inf   4.7582e+05  37652  18454  1435    876      0      0      0   0.168   0.144   0.090   0.404     0.860
    3          inf         -inf   4.8678e+05  37652  18496   136      0      0     42      0   0.170   0.000   0.090   0.261     1.121
    4          inf         -inf   4.8820e+05  37652  18498   237      0      0      2      0   0.179   0.000   0.089   0.269     1.390
    5          inf         -inf   4.8824e+05  37736  18498   240     84      0      0      0   0.181   0.043   0.094   0.318     1.708
    6          inf         -inf   5.0368e+05  37736  18505   224      0      0      7      0   0.176   0.000   0.091   0.267     1.976
    7          inf         -inf   5.0369e+05  37840  18482   226    104      0      0     23   0.183   0.046   0.091   0.321     2.296
    8          inf         -inf   5.3728e+05  37840  18483   179      0      0      1      0   0.176   0.000   0.090   0.267     2.563
    9          inf         -inf   5.3729e+05  37872  18454   181     32      0      0     29   0.181   0.043   0.091   0.316     2.879
   10          inf         -inf   5.6715e+05  37872  18457   196      0      0      3      0   0.176   0.000   0.090   0.267     3.146
   11          inf         -inf   5.6715e+05  37901  18455   197     29      0      0      2   0.179   0.038   0.089   0.307     3.453
   12          inf         -inf   6.8040e+05  37901  18458   176      0      0      3      0   0.187   0.000   0.090   0.278     3.731
   13          inf         -inf   6.8040e+05  37901  18459   176      0      0      1      0   0.179   0.000   0.089   0.268     4.000
   14          inf         -inf   6.8040e+05  37923  18451   176     22      0      0      8   0.186   0.040   0.089   0.317     4.316
   15          inf         -inf   9.2510e+05  37923  18452   162      0      0      1      0   0.180   0.000   0.090   0.270     4.586
   16          inf         -inf   9.2510e+05  37924  18449   162      1      0      0      3   0.185   0.040   0.089   0.315     4.901
   17          inf         -inf   1.1038e+06  37924  18452   191      0      0      3      0   0.181   0.000   0.090   0.271     5.172
   18          inf         -inf   1.1038e+06  38010  18449   191     86      0      0      3   0.184   0.055   0.089   0.329     5.501
   19          inf  -5.2904e+06   1.4808e+06  38996  18448   154    986      0      0      1   0.182   0.734   0.090   1.009     6.510
   20          inf  -5.2904e+06   4.8491e+05  38996  18487     0      0      0     39      0   0.175   0.000   0.091   0.267     6.777
   21          inf  -5.2904e+06   4.8513e+05  38996  18495    11      0      0      8      0   0.199   0.000   0.094   0.294     7.070
   22          inf  -5.2904e+06   4.8517e+05  38996  18500    13      0      0      5      0   0.197   0.000   0.089   0.286     7.357
   23          inf  -5.2904e+06   4.8517e+05  38999  18500    15      3      0      0      0   0.197   0.041   0.089   0.328     7.685
   24          inf   4.8375e+05   4.8523e+05  39417  18499     2    418      0      0      1   0.193   0.730   0.090   1.015     8.700
   25          inf   4.8375e+05   4.8504e+05  39417  18504     0      0      0      5      0   0.194   0.000   0.090   0.285     8.985
   26   4.8504e+05   4.8375e+05   4.8504e+05  39467  18464     0     50      0      0     40   0.198   0.053   0.089   0.342     9.327
   27   4.8504e+05   4.8375e+05   4.8504e+05  39467  18470     0      0      0      6      0   0.190   0.000   0.093   0.283     9.610
   28   4.8504e+05   4.8375e+05   4.8504e+05  39468  18461     0      1      0      0      9   0.197   0.053   0.089   0.340     9.950
   29   4.8504e+05   4.8497e+05   4.8504e+05  39519  18458     0     51      0      0      3   0.194   0.706   0.090   0.991    10.941
   30   4.8504e+05   4.8497e+05   4.8503e+05  39519  18460     0      0      0      2      0   0.191   0.000   0.090   0.282    11.223
   31   4.8503e+05   4.8497e+05   4.8503e+05  39532  18452     0     13      0      0      8   0.191   0.046   0.089   0.327    11.550
   32   4.8503e+05   4.8497e+05   4.8503e+05  39532  18454     0      0      0      2      0   0.195   0.000   0.094   0.290    11.839
   33   4.8503e+05   4.8499e+05   4.8503e+05  39532  18454     0     *1      0      0      0   0.193   0.775   0.090   1.058    12.897
CG optimal after 33 iterations. UB=485025.500001 LB=484993.074018 gap=3.243e+01 tol=4.850e+01  t_LP=6.300  t_PR=4.334  t_SP=2.979  t_Tot=13.646
[pricing-cutoff] enabled=0 cut=0 priced=94273 rate=0.0%

# === STDOUT (result CSV) ===
Setting parameter 'LpMethod' to 2
Setting parameter 'GPUMode' to 2
Setting parameter 'Presolve' to 0
Setting parameter 'Crossover' to 0
instance,formulation,iterations,columns,objective,lower_bound,optimal,time,time_lp,time_pricing,time_separation
data/intermodal/BUS-18424-0.txt.gz,tree,33,21144,485025.500001,484993.074018,1,13.976,6.300,4.334,2.979
