# cmd: /usr/bin/time -o /tmp/mcfcg_mem_nukqjxi_.txt -f %M build/mcfcg_cli data/intermodal/SBT-6255-0.txt.gz --solver copt --copt-gpu-mode 2 --formulation tree --max-iters 10000 --strategy pricer-heavy --time-limit 1800.0
# outcome: ok
# returncode: 0
# peak_rss_kb: 882736
# peak_rss_source: measured
# === STDERR (CG iteration log + preamble) ===
Instance: 163487 vertices, 809375 arcs, 6251 commodities, 6251 sources
Solver: copt (gpu-mode 2), formulation: tree
Pricing threads: 32 (auto)
Slack mode: CommodityRows (struct=6251, capped_arcs=562355)
[lp-config] backend=copt version=8.0.1 method=barrier exec=GPU presolve=off crossover=off tol=0.0001 threads=n/a(GPU)
   It           UB           LB       LP_obj   #col   #row  #slk   +col   -col   +cut   -cut    t_LP    t_PR    t_SP   t_Tot     t_acc
    1          inf         -inf   1.5957e+05  12502   6351   120      0      0    100      0   0.386   0.000   0.058   0.444     0.444
    2          inf         -inf   1.6193e+05  12845   6351   241    343      0      0      0   0.151   0.060   0.065   0.277     0.721
    3          inf         -inf   1.6080e+05  12845   6369     6      0      0     18      0   0.163   0.000   0.059   0.222     0.943
    4          inf         -inf   1.6086e+05  12845   6370    13      0      0      1      0   0.154   0.000   0.063   0.217     1.160
    5          inf         -inf   1.6086e+05  12852   6370    13      7      0      0      0   0.153   0.028   0.066   0.247     1.407
    6          inf   1.5653e+05   1.6287e+05  12998   6370    12    146      0      0      0   0.156   0.397   0.063   0.617     2.024
    7          inf   1.5653e+05   1.6061e+05  12998   6377     0      0      0      7      0   0.158   0.000   0.058   0.216     2.240
    8   1.6061e+05   1.6059e+05   1.6061e+05  12998   6377     0     *1      0      0      0   0.156   0.423   0.060   0.638     2.878
CG optimal after 8 iterations. UB=160606.000003 LB=160593.921669 gap=1.208e+01 tol=1.606e+01  t_LP=1.476  t_PR=1.339  t_SP=0.492  t_Tot=3.311
[bounded-pricing] enabled=0 cut=0 priced=19164 rate=0.0%

# === STDOUT (result CSV) ===
Setting parameter 'LpMethod' to 2
Setting parameter 'GPUMode' to 2
Setting parameter 'Presolve' to 0
Setting parameter 'Crossover' to 0
instance,formulation,iterations,columns,objective,lower_bound,optimal,time,time_lp,time_pricing,time_separation
data/intermodal/SBT-6255-0.txt.gz,tree,8,6747,160606.000003,160593.921669,1,3.553,1.476,1.339,0.492
