# cmd: /usr/bin/time -o /tmp/mcfcg_mem_dur0iza4.txt -f %M build/mcfcg_cli data/intermodal/BUS-18424-0.txt.gz --solver copt --copt-gpu-mode 2 --formulation tree --max-iters 10000 --strategy pricer-heavy --time-limit 1800.0
# outcome: ok
# returncode: 0
# peak_rss_kb: 1122512
# peak_rss_source: measured
# === STDERR (CG iteration log + preamble) ===
Instance: 151455 vertices, 1338522 arcs, 18388 commodities, 18388 sources
Solver: copt (gpu-mode 2), formulation: tree
Pricing threads: 32 (auto)
Slack mode: CommodityRows (struct=18388, capped_arcs=1151624)
[lp-config] backend=copt version=8.0.1 method=barrier exec=GPU presolve=off crossover=off tol=0.0001 threads=n/a(GPU)
   It           UB           LB       LP_obj   #col   #row  #slk   +col   -col   +cut   -cut    t_LP    t_PR    t_SP   t_Tot     t_acc
    1          inf         -inf   4.7151e+05  36776  18454  1078      0      0     66      0   0.422   0.000   0.096   0.518     0.518
    2          inf         -inf   4.7582e+05  37652  18454  1435    876      0      0      0   0.180   0.152   0.093   0.426     0.945
    3          inf         -inf   4.8678e+05  37652  18496   136      0      0     42      0   0.184   0.000   0.095   0.280     1.225
    4          inf         -inf   4.8820e+05  37652  18498   237      0      0      2      0   0.193   0.000   0.093   0.286     1.512
    5          inf         -inf   4.8824e+05  37736  18498   240     84      0      0      0   0.192   0.042   0.094   0.330     1.841
    6          inf         -inf   5.0368e+05  37736  18505   224      0      0      7      0   0.192   0.000   0.092   0.285     2.126
    7          inf         -inf   5.0369e+05  37840  18482   226    104      0      0     23   0.200   0.048   0.092   0.341     2.467
    8          inf         -inf   5.3728e+05  37840  18483   179      0      0      1      0   0.195   0.000   0.094   0.290     2.757
    9          inf         -inf   5.3729e+05  37872  18454   181     32      0      0     29   0.197   0.044   0.096   0.338     3.095
   10          inf         -inf   5.6715e+05  37872  18457   196      0      0      3      0   0.192   0.000   0.094   0.286     3.381
   11          inf         -inf   5.6715e+05  37901  18455   197     29      0      0      2   0.192   0.039   0.096   0.328     3.709
   12          inf         -inf   6.8040e+05  37901  18458   176      0      0      3      0   0.192   0.000   0.093   0.286     3.995
   13          inf         -inf   6.8040e+05  37933  18450   176     32      0      0      8   0.196   0.043   0.095   0.335     4.330
   14          inf         -inf   9.2553e+05  37933  18451   161      0      0      1      0   0.190   0.000   0.093   0.284     4.614
   15          inf         -inf   9.2553e+05  37934  18450   161      1      0      0      1   0.188   0.052   0.094   0.334     4.948
   16          inf         -inf   1.1033e+06  37934  18452   187      0      0      2      0   0.191   0.000   0.093   0.284     5.233
   17          inf         -inf   1.1033e+06  38020  18448   187     86      0      0      4   0.192   0.057   0.094   0.345     5.577
   18          inf         -inf   1.4818e+06  38020  18449   151      0      0      1      0   0.194   0.000   0.095   0.289     5.867
   19          inf  -5.3980e+06   1.4818e+06  39026  18446   151   1006      0      0      3   0.197   0.807   0.097   1.104     6.971
   20          inf  -5.3980e+06   4.8490e+05  39026  18486     0      0      0     40      0   0.194   0.000   0.093   0.288     7.259
   21          inf  -5.3980e+06   4.8518e+05  39026  18492    11      0      0      6      0   0.214   0.000   0.095   0.310     7.569
   22          inf  -5.3980e+06   4.8521e+05  39026  18496    11      0      0      4      0   0.208   0.000   0.092   0.301     7.871
   23          inf  -5.3980e+06   4.8521e+05  39029  18495    14      3      0      0      1   0.209   0.042   0.097   0.349     8.220
   24          inf   4.8391e+05   4.8527e+05  39422  18495     2    393      0      0      0   0.209   0.775   0.094   1.079     9.299
   25          inf   4.8391e+05   4.8504e+05  39422  18499     0      0      0      4      0   0.208   0.000   0.095   0.304     9.603
   26          inf   4.8391e+05   4.8504e+05  39422  18500     0      0      0      1      0   0.209   0.000   0.093   0.303     9.906
   27   4.8504e+05   4.8391e+05   4.8504e+05  39423  18460     0      1      0      0     40   0.210   0.045   0.096   0.352    10.259
   28   4.8504e+05   4.8391e+05   4.8504e+05  39423  18467     0      0      0      7      0   0.207   0.000   0.093   0.301    10.560
   29   4.8504e+05   4.8391e+05   4.8504e+05  39426  18464     0      3      0      0      3   0.206   0.058   0.094   0.359    10.919
   30   4.8504e+05   4.8391e+05   4.8504e+05  39426  18466     0      0      0      2      0   0.205   0.000   0.095   0.301    11.220
   31   4.8504e+05   4.8391e+05   4.8504e+05  39428  18453     0      2      0      0     13   0.208   0.044   0.095   0.348    11.568
   32   4.8504e+05   4.8391e+05   4.8504e+05  39428  18456     0      0      0      3      0   0.215   0.000   0.095   0.311    11.879
   33   4.8504e+05   4.8391e+05   4.8504e+05  39433  18455     0      5      0      0      1   0.208   0.056   0.096   0.362    12.241
   34   4.8504e+05   4.8391e+05   4.8504e+05  39433  18461     0      0      0      6      0   0.203   0.000   0.092   0.295    12.536
   35   4.8504e+05   4.8391e+05   4.8504e+05  39437  18454     0      4      0      0      7   0.213   0.053   0.095   0.362    12.898
   36   4.8504e+05   4.8391e+05   4.8504e+05  39437  18459     0      0      0      5      0   0.206   0.000   0.094   0.301    13.199
   37   4.8504e+05   4.8391e+05   4.8504e+05  39440  18457     0      3      0      0      2   0.205   0.057   0.095   0.358    13.557
   38   4.8504e+05   4.8391e+05   4.8504e+05  39440  18458     0      0      0      1      0   0.203   0.000   0.092   0.296    13.853
   39   4.8504e+05   4.8489e+05   4.8504e+05  39534  18455     0     94      0      0      3   0.207   0.799   0.094   1.101    14.954
   40   4.8504e+05   4.8489e+05   4.8503e+05  39534  18458     0      0      0      3      0   0.212   0.000   0.092   0.305    15.259
   41   4.8504e+05   4.8489e+05   4.8503e+05  39534  18459     0      0      0      1      0   0.206   0.000   0.093   0.300    15.558
   42   4.8503e+05   4.8499e+05   4.8503e+05  39534  18459     0    *10      0      0      0   0.208   0.778   0.091   1.077    16.636
CG optimal after 42 iterations. UB=485027.000001 LB=484990.001099 gap=3.700e+01 tol=4.850e+01  t_LP=8.653  t_PR=4.743  t_SP=3.953  t_Tot=17.391
[bounded-pricing] enabled=0 cut=0 priced=94559 rate=0.0%

# === STDOUT (result CSV) ===
Setting parameter 'LpMethod' to 2
Setting parameter 'GPUMode' to 2
Setting parameter 'Presolve' to 0
Setting parameter 'Crossover' to 0
instance,formulation,iterations,columns,objective,lower_bound,optimal,time,time_lp,time_pricing,time_separation
data/intermodal/BUS-18424-0.txt.gz,tree,42,21146,485027.000001,484990.001099,1,17.748,8.653,4.743,3.953
