# cmd: /home/simon/code/my/mcfcg/build/mcfcg_cli /home/simon/code/my/mcfcg/data/commalab/grid/grid6 --solver mosek --formulation path --max-iters 10000 --time-limit 7200.0
# outcome: ok
# returncode: 0
# === STDERR (CG iteration log + preamble) ===
Instance: 225 vertices, 840 arcs, 200 commodities, 135 sources
Pricing threads: 32 (auto)
Slack mode: CommodityRows (struct=200, capped_arcs=840)
   It           UB           LB       LP_obj   #col   #row  #slk   +col   -col   +cut   -cut    t_LP    t_PR    t_SP   t_Tot     t_acc
    1          inf   1.0284e+07   1.1258e+06    400    200   198      0      0      0      0   0.011   0.001   0.000   0.011     0.011
    2          inf   1.0284e+07   8.7504e+06    400    213    82      0      0     13      0   0.000   0.001   0.000   0.001     0.012
    3          inf   1.0284e+07   1.7843e+07    481    270    56     81      0     57      0   0.002   0.000   0.000   0.003     0.015
    4          inf   1.0284e+07   2.8483e+07    611    289    72    130      0     19      0   0.005   0.000   0.000   0.006     0.020
    5          inf   1.0284e+07   2.2225e+07    737    310    40    126      0     21      0   0.005   0.000   0.000   0.006     0.026
    6          inf   1.0284e+07   1.2733e+07    870    332    11    139      6     22      0   0.008   0.000   0.000   0.009     0.035
    7          inf   1.0284e+07   1.0427e+07    983    342     0    113      0     10      0   0.011   0.000   0.000   0.011     0.046
    8          inf   1.0377e+07   1.0411e+07   1067    351     0     91      7      9      0   0.017   0.000   0.000   0.018     0.064
    9          inf   1.0377e+07   1.0409e+07   1135    345     0     81     13      1      7   0.020   0.000   0.000   0.021     0.086
   10          inf   1.0396e+07   1.0404e+07   1148    347     0     41     28      3      1   0.020   0.000   0.000   0.020     0.106
   11          inf   1.0399e+07   1.0402e+07   1110    348     0     35     73      4      3   0.019   0.000   0.000   0.020     0.126
   12   1.0402e+07   1.0399e+07   1.0402e+07   1020    338     0     23    113      0     10   0.020   0.000   0.000   0.020     0.146
   13   1.0402e+07   1.0401e+07   1.0402e+07   1020    338     0     *4      0      0      0   0.017   0.000   0.000   0.017     0.163
CG optimal after 13 iterations. UB=10401638.495178 LB=10401277.607089 gap=3.609e+02 tol=1.040e+03  t_LP=0.155  t_PR=0.005  t_SP=0.002  t_Tot=0.165

# === STDOUT (result CSV) ===
instance,formulation,iterations,columns,objective,lower_bound,optimal,time,time_lp,time_pricing,time_separation
/home/simon/code/my/mcfcg/data/commalab/grid/grid6,path,13,820,10401638.495178,10401277.607089,1,0.169,0.155,0.005,0.002
