# cmd: /home/simon/code/my/mcfcg/build/mcfcg_cli /home/simon/code/my/mcfcg/data/commalab/grid/grid10 --solver mosek --formulation path --max-iters 10000 --time-limit 7200.0
# outcome: ok
# returncode: 0
# === STDERR (CG iteration log + preamble) ===
Instance: 625 vertices, 2400 arcs, 2000 commodities, 593 sources
Pricing threads: 32 (auto)
Slack mode: CommodityRows (struct=2000, capped_arcs=2400)
   It           UB           LB       LP_obj   #col   #row  #slk   +col   -col   +cut   -cut    t_LP    t_PR    t_SP   t_Tot     t_acc
    1          inf   1.6221e+08   1.1189e+07   4000   2000  1987      0      0      0      0   0.013   0.005   0.000   0.018     0.018
    2          inf   1.6221e+08   9.9736e+07   4000   2000  1410      0      0      0      0   0.002   0.004   0.000   0.006     0.024
    3          inf   1.6221e+08   1.6221e+08   4000   2320     0      0      0    320      0   0.001   0.003   0.001   0.006     0.030
    4          inf   1.6221e+08   3.9375e+08   5453   2320   742   1453      0      0      0   0.139   0.002   0.000   0.144     0.174
    5          inf   1.6221e+08   8.2806e+08   6939   2336   609   1486      0     16      0   0.200   0.002   0.001   0.205     0.379
    6          inf   1.6221e+08   6.1945e+08   8458   2397   335   1519      0     61      0   0.198   0.002   0.001   0.204     0.582
    7          inf   1.6221e+08   2.5257e+08   9986   2462   142   1528      0     65      0   0.272   0.003   0.001   0.279     0.861
    8          inf   1.6277e+08   1.6456e+08  11341   2497     0   1355      0     35      0   0.381   0.002   0.001   0.387     1.248
    9          inf   1.6370e+08   1.6433e+08  12280   2457     0   1153    214     29     69   0.441   0.002   0.001   0.448     1.696
   10          inf   1.6390e+08   1.6423e+08  12767   2476     0    993    506     19      0   0.372   0.002   0.001   0.378     2.074
   11          inf   1.6396e+08   1.6417e+08  12925   2484     0    885    727     13      5   0.373   0.002   0.001   0.380     2.454
   12          inf   1.6405e+08   1.6414e+08  12425   2487     0    655   1155      9      6   0.472   0.002   0.001   0.479     2.933
   13          inf   1.6407e+08   1.6412e+08  11333   2469     0    612   1704      6     24   0.427   0.002   0.001   0.434     3.367
   14          inf   1.6409e+08   1.6412e+08  10316   2459     0    394   1411      3     13   0.366   0.002   0.001   0.372     3.739
   15          inf   1.6410e+08   1.6411e+08   9564   2448     0    253   1005      2     13   0.327   0.002   0.001   0.333     4.072
   16          inf   1.6411e+08   1.6411e+08   8948   2440     0     81    697      3     11   0.345   0.002   0.001   0.350     4.422
   17          inf   1.6411e+08   1.6411e+08   8433   2432     0     43    558      1      9   0.293   0.002   0.001   0.298     4.720
   18          inf   1.6411e+08   1.6411e+08   7980   2427     0      1    454      1      6   0.301   0.002   0.001   0.306     5.026
   19   1.6411e+08   1.6411e+08   1.6411e+08   7980   2427     0     *0      0      0      0   0.273   0.004   0.000   0.277     5.304
CG optimal after 19 iterations. UB=164110883.131855 LB=164110694.331974 gap=1.888e+02 tol=1.641e+04  t_LP=5.196  t_PR=0.057  t_SP=0.017  t_Tot=5.312

# === STDOUT (result CSV) ===
instance,formulation,iterations,columns,objective,lower_bound,optimal,time,time_lp,time_pricing,time_separation
/home/simon/code/my/mcfcg/data/commalab/grid/grid10,path,19,5980,164110883.131855,164110694.331974,1,5.319,5.196,0.057,0.017
