# cmd: /home/simon/code/my/mcfcg/build/mcfcg_cli /home/simon/code/my/mcfcg/data/commalab/grid/grid13 --solver mosek --formulation path --max-iters 10000 --time-limit 7200.0
# outcome: ok
# returncode: 0
# === STDERR (CG iteration log + preamble) ===
Instance: 900 vertices, 3480 arcs, 12000 commodities, 900 sources
Pricing threads: 32 (auto)
Slack mode: EdgeRows (struct=12000, capped_arcs=3480)
   It           UB           LB       LP_obj   #col   #row  #slk   +col   -col   +cut   -cut    t_LP    t_PR    t_SP   t_Tot     t_acc
    1          inf   1.1535e+09   1.1535e+09  12287  12287     0      0      0    287      0   0.021   0.011   0.007   0.039     0.039
    2          inf   1.1535e+09   1.3653e+09  22346  12287   287  10059      0      0      0   0.353   0.005   0.000   0.367     0.405
    3          inf   1.1543e+09   1.1624e+09  29093  12436     0   6598      0    149      0   0.353   0.006   0.006   0.378     0.784
    4          inf   1.1543e+09   1.1658e+09  37596  12467    19   8472      0     31      0   0.935   0.005   0.008   0.957     1.741
    5          inf   1.1562e+09   1.1610e+09  44454  12481     0   6844      0     14      0   1.085   0.006   0.009   1.109     2.850
    6          inf   1.1580e+09   1.1600e+09  50009  12490     0   5546      0      9      0   1.052   0.006   0.011   1.078     3.928
    7          inf   1.1589e+09   1.1596e+09  54160  12500     0   4141      0     10      0   1.165   0.006   0.012   1.197     5.125
    8          inf   1.1592e+09   1.1594e+09  51713  12395     0   2839   5181      1    106   1.252   0.006   0.015   1.285     6.411
    9          inf   1.1593e+09   1.1593e+09  48535  12338     0   1411   4532      7     64   1.006   0.006   0.012   1.035     7.446
   10          inf   1.1593e+09   1.1593e+09  39668  12316     0    489   9334      1     23   0.915   0.006   0.011   0.942     8.388
   11          inf   1.1593e+09   1.1593e+09  34490  12306     0     93   5261      1     11   0.756   0.006   0.009   0.778     9.166
   12   1.1593e+09   1.1593e+09   1.1593e+09  34490  12306     0   *112      0      0      0   0.753   0.006   0.001   0.759     9.926
CG optimal after 12 iterations. UB=1159320901.495035 LB=1159319375.559033 gap=1.526e+03 tol=1.159e+05  t_LP=9.645  t_PR=0.095  t_SP=0.101  t_Tot=9.945

# === STDOUT (result CSV) ===
instance,formulation,iterations,columns,objective,lower_bound,optimal,time,time_lp,time_pricing,time_separation
/home/simon/code/my/mcfcg/data/commalab/grid/grid13,path,12,34184,1159320901.495035,1159319375.559033,1,9.959,9.645,0.095,0.101
