# cmd: /home/simon/code/my/mcfcg/build/mcfcg_cli /home/simon/code/my/mcfcg/data/commalab/grid/grid12 --solver mosek --formulation tree --max-iters 10000 --time-limit 7200.0
# outcome: ok
# returncode: 0
# === STDERR (CG iteration log + preamble) ===
Instance: 900 vertices, 3480 arcs, 6000 commodities, 899 sources
Pricing threads: 32 (auto)
Slack mode: CommodityRows (struct=899, capped_arcs=3480)
   It           UB           LB       LP_obj   #col   #row  #slk   +col   -col   +cut   -cut    t_LP    t_PR    t_SP   t_Tot     t_acc
    1          inf   5.7494e+08   8.9900e+04   1798    899   899      0      0      0      0   0.007   0.009   0.000   0.017     0.017
    2          inf   5.7494e+08   8.9900e+05   1798    899   899      0      0      0      0   0.000   0.008   0.000   0.009     0.025
    3          inf   5.7494e+08   8.9900e+06   1798    899   899      0      0      0      0   0.000   0.008   0.000   0.008     0.034
    4          inf   5.7494e+08   8.9531e+07   1798    899   884      0      0      0      0   0.000   0.008   0.000   0.008     0.042
    5          inf   5.7494e+08   5.4926e+08   1798   1027   122      0      0    128      0   0.000   0.007   0.001   0.009     0.051
    6          inf   5.7494e+08   8.0124e+08   2630   1027   486    838      6      0      0   0.082   0.004   0.001   0.091     0.142
    7          inf   5.7494e+08   1.5191e+09   3495   1039   343    865      0     12      0   0.068   0.004   0.001   0.075     0.217
    8          inf   5.7494e+08   1.2532e+09   4367   1097   111    872      0     58      0   0.089   0.004   0.002   0.099     0.316
    9          inf   5.7494e+08   1.0838e+09   5257   1128    78    890      0     31      0   0.140   0.005   0.001   0.149     0.465
   10          inf   5.7494e+08   5.7837e+08   6142   1152     0    885      0     24      0   0.219   0.005   0.002   0.229     0.695
   11          inf   5.7613e+08   5.7800e+08   6879   1131     0    874    137      9     30   0.208   0.005   0.002   0.221     0.916
   12          inf   5.7647e+08   5.7767e+08   7452   1145     0    871    298     15      1   0.194   0.005   0.002   0.208     1.124
   13          inf   5.7681e+08   5.7749e+08   7860   1153     0    842    434     11      3   0.223   0.005   0.002   0.236     1.360
   14          inf   5.7696e+08   5.7737e+08   8034   1148     0    835    661      7     12   0.253   0.005   0.003   0.267     1.628
   15          inf   5.7702e+08   5.7729e+08   7796   1144     0    783   1021      6     10   0.250   0.005   0.003   0.264     1.892
   16          inf   5.7709e+08   5.7724e+08   7482   1137     0    770   1084      6     13   0.214   0.006   0.003   0.228     2.120
   17          inf   5.7714e+08   5.7721e+08   7251   1136     0    709    940      3      4   0.285   0.005   0.003   0.298     2.418
   18          inf   5.7717e+08   5.7719e+08   7086   1131     0    674    839      3      8   0.239   0.004   0.003   0.251     2.669
   19          inf   5.7718e+08   5.7719e+08   6866   1133     0    557    777      3      1   0.236   0.005   0.003   0.249     2.918
   20          inf   5.7718e+08   5.7719e+08   6432   1129     0    304    738      3      7   0.204   0.006   0.002   0.216     3.134
   21          inf   5.7719e+08   5.7719e+08   5797   1127     0     84    719      1      3   0.184   0.006   0.002   0.196     3.331
   22   5.7719e+08   5.7719e+08   5.7719e+08   5797   1127     0    *31      0      0      0   0.166   0.006   0.001   0.173     3.503
CG optimal after 22 iterations. UB=577186507.050972 LB=577185827.199140 gap=6.799e+02 tol=5.772e+04  t_LP=3.265  t_PR=0.133  t_SP=0.034  t_Tot=3.513

# === STDOUT (result CSV) ===
instance,formulation,iterations,columns,objective,lower_bound,optimal,time,time_lp,time_pricing,time_separation
/home/simon/code/my/mcfcg/data/commalab/grid/grid12,tree,22,4898,577186507.050972,577185827.199140,1,3.521,3.265,0.133,0.034
