# cmd: /home/simon/code/my/mcfcg/build/mcfcg_cli /home/simon/code/my/mcfcg/data/commalab/grid/grid6 --solver mosek --formulation tree --max-iters 10000 --time-limit 7200.0
# outcome: ok
# returncode: 0
# === STDERR (CG iteration log + preamble) ===
Instance: 225 vertices, 840 arcs, 200 commodities, 135 sources
Pricing threads: 32 (auto)
Slack mode: CommodityRows (struct=135, capped_arcs=840)
   It           UB           LB       LP_obj   #col   #row  #slk   +col   -col   +cut   -cut    t_LP    t_PR    t_SP   t_Tot     t_acc
    1          inf   1.0284e+07   1.3500e+04    270    135   135      0      0      0      0   0.007   0.000   0.000   0.007     0.007
    2          inf   1.0284e+07   1.3500e+05    270    135   135      0      0      0      0   0.000   0.000   0.000   0.001     0.008
    3          inf   1.0284e+07   1.3338e+06    270    135   130      0      0      0      0   0.000   0.000   0.000   0.001     0.008
    4          inf   1.0284e+07   8.2519e+06    270    159    35      0      0     24      0   0.000   0.000   0.000   0.001     0.009
    5          inf   1.0284e+07   1.6279e+07    352    202    63     82      0     43      0   0.002   0.000   0.000   0.002     0.011
    6          inf   1.0284e+07   4.6168e+07    448    214    59     97      1     12      0   0.005   0.000   0.000   0.005     0.017
    7          inf   1.0284e+07   5.8400e+07    548    231    35    100      0     17      0   0.005   0.000   0.000   0.005     0.022
    8          inf   1.0284e+07   1.4069e+07    644    244     8     96      0     13      0   0.008   0.000   0.000   0.008     0.030
    9          inf   1.0284e+07   1.2127e+07    727    253     1     83      0      9      0   0.008   0.000   0.000   0.009     0.039
   10          inf   1.0345e+07   1.0417e+07    789    261     0     77     15      8      0   0.009   0.000   0.000   0.010     0.048
   11          inf   1.0362e+07   1.0414e+07    847    263     0     77     19      8      6   0.012   0.000   0.000   0.012     0.061
   12          inf   1.0374e+07   1.0408e+07    879    267     0     65     33      5      1   0.017   0.000   0.000   0.018     0.078
   13          inf   1.0389e+07   1.0405e+07    883    267     0     48     44      2      2   0.017   0.000   0.000   0.017     0.096
   14          inf   1.0392e+07   1.0403e+07    846    266     0     46     83      3      4   0.014   0.000   0.000   0.014     0.110
   15          inf   1.0395e+07   1.0402e+07    801    264     0     34     79      1      3   0.016   0.000   0.000   0.017     0.127
   16          inf   1.0399e+07   1.0401e+07    777    262     0     29     53      1      3   0.015   0.000   0.000   0.015     0.142
   17          inf   1.0400e+07   1.0401e+07    716    258     0     21     82      1      5   0.017   0.000   0.000   0.018     0.160
   18   1.0401e+07   1.0400e+07   1.0401e+07    716    258     0     *6      0      0      0   0.012   0.000   0.000   0.013     0.173
CG optimal after 18 iterations. UB=10400806.720582 LB=10400441.654849 gap=3.651e+02 tol=1.040e+03  t_LP=0.162  t_PR=0.006  t_SP=0.002  t_Tot=0.175

# === STDOUT (result CSV) ===
instance,formulation,iterations,columns,objective,lower_bound,optimal,time,time_lp,time_pricing,time_separation
/home/simon/code/my/mcfcg/data/commalab/grid/grid6,tree,18,581,10400806.720582,10400441.654849,1,0.179,0.162,0.006,0.002
