# cmd: /home/simon/code/my/mcfcg/build/mcfcg_cli /home/simon/code/my/mcfcg/data/commalab/grid/grid8 --solver mosek --formulation path --max-iters 10000 --time-limit 7200.0
# outcome: ok
# returncode: 0
# === STDERR (CG iteration log + preamble) ===
Instance: 625 vertices, 2400 arcs, 500 commodities, 343 sources
Pricing threads: 32 (auto)
Slack mode: CommodityRows (struct=500, capped_arcs=2400)
   It           UB           LB       LP_obj   #col   #row  #slk   +col   -col   +cut   -cut    t_LP    t_PR    t_SP   t_Tot     t_acc
    1          inf   4.1328e+07   2.7778e+06   1000    500   499      0      0      0      0   0.010   0.002   0.000   0.013     0.013
    2          inf   4.1328e+07   2.5136e+07   1000    500   349      0      0      0      0   0.000   0.002   0.000   0.002     0.015
    3          inf   4.1328e+07   4.1328e+07   1000    776     0      0      0    276      0   0.001   0.002   0.000   0.003     0.017
    4          inf   4.1328e+07   1.0076e+08   1369    776   208    369      0      0      0   0.037   0.001   0.000   0.039     0.056
    5          inf   4.1328e+07   2.3597e+08   1728    798   173    359      0     22      0   0.044   0.001   0.000   0.046     0.102
    6          inf   4.1328e+07   1.8250e+08   2100    847    90    372      0     49      0   0.057   0.001   0.000   0.059     0.161
    7          inf   4.1328e+07   4.9588e+07   2485    900    27    385      0     53      0   0.086   0.001   0.000   0.088     0.249
    8          inf   4.1437e+07   4.1806e+07   2820    925     0    335      0     25      0   0.115   0.001   0.001   0.118     0.367
    9          inf   4.1596e+07   4.1764e+07   3057    861     0    280     43     15     79   0.123   0.001   0.000   0.126     0.493
   10          inf   4.1653e+07   4.1743e+07   3197    872     0    235     95     11      0   0.097   0.001   0.001   0.099     0.592
   11          inf   4.1659e+07   4.1727e+07   3299    879     0    211    109     10      3   0.095   0.001   0.001   0.098     0.690
   12          inf   4.1689e+07   4.1721e+07   3237    868     0    169    231      5     16   0.100   0.001   0.000   0.103     0.793
   13          inf   4.1695e+07   4.1715e+07   2989    854     0    156    404      4     18   0.110   0.001   0.001   0.113     0.905
   14          inf   4.1701e+07   4.1713e+07   2804    838     0    122    307      1     17   0.100   0.001   0.000   0.102     1.007
   15          inf   4.1707e+07   4.1712e+07   2611    829     0     75    268      2     11   0.086   0.001   0.000   0.088     1.096
   16          inf   4.1710e+07   4.1711e+07   2459    820     0     56    208      2     11   0.094   0.001   0.000   0.097     1.192
   17          inf   4.1711e+07   4.1711e+07   2327    810     0     10    142      1     11   0.087   0.001   0.000   0.089     1.281
   18          inf   4.1711e+07   4.1711e+07   2169    805     0      4    162      2      7   0.071   0.001   0.001   0.073     1.355
   19   4.1711e+07   4.1711e+07   4.1711e+07   2169    805     0    *16      0      0      0   0.084   0.001   0.000   0.086     1.441
CG optimal after 19 iterations. UB=41711151.571588 LB=41711027.259018 gap=1.243e+02 tol=4.171e+03  t_LP=1.396  t_PR=0.027  t_SP=0.008  t_Tot=1.444

# === STDOUT (result CSV) ===
instance,formulation,iterations,columns,objective,lower_bound,optimal,time,time_lp,time_pricing,time_separation
/home/simon/code/my/mcfcg/data/commalab/grid/grid8,path,19,1669,41711151.571588,41711027.259018,1,1.449,1.396,0.027,0.008
