# cmd: /home/simon/code/my/mcfcg/build/mcfcg_cli /home/simon/code/my/mcfcg/data/commalab/grid/grid8 --solver mosek --formulation tree --max-iters 10000 --time-limit 7200.0
# outcome: ok
# returncode: 0
# === STDERR (CG iteration log + preamble) ===
Instance: 625 vertices, 2400 arcs, 500 commodities, 343 sources
Pricing threads: 32 (auto)
Slack mode: CommodityRows (struct=343, capped_arcs=2400)
   It           UB           LB       LP_obj   #col   #row  #slk   +col   -col   +cut   -cut    t_LP    t_PR    t_SP   t_Tot     t_acc
    1          inf   4.1328e+07   3.4300e+04    686    343   343      0      0      0      0   0.007   0.002   0.000   0.009     0.009
    2          inf   4.1328e+07   3.4300e+05    686    343   343      0      0      0      0   0.000   0.002   0.000   0.003     0.012
    3          inf   4.1328e+07   3.4172e+06    686    343   338      0      0      0      0   0.000   0.002   0.000   0.002     0.014
    4          inf   4.1328e+07   2.6022e+07    686    344   167      0      0      1      0   0.000   0.002   0.000   0.002     0.017
    5          inf   4.1328e+07   4.6211e+07    709    593    16     23      0    249      0   0.001   0.001   0.000   0.003     0.019
    6          inf   4.1328e+07   1.0110e+08    981    596   174    274      2      3      0   0.037   0.001   0.000   0.039     0.058
    7          inf   4.1328e+07   2.2008e+08   1239    621   133    258      0     25      0   0.047   0.001   0.000   0.049     0.107
    8          inf   4.1328e+07   2.0500e+08   1513    673    71    274      0     52      0   0.054   0.001   0.000   0.056     0.163
    9          inf   4.1328e+07   1.0498e+08   1795    715    43    282      0     42      0   0.077   0.001   0.000   0.079     0.242
   10          inf   4.1328e+07   4.1902e+07   2067    745     0    273      1     30      0   0.119   0.001   0.001   0.122     0.364
   11          inf   4.1516e+07   4.1798e+07   2263    681     0    243     47      9     73   0.117   0.001   0.000   0.120     0.484
   12          inf   4.1604e+07   4.1764e+07   2424    693     0    217     56     13      1   0.082   0.001   0.000   0.084     0.568
   13          inf   4.1630e+07   4.1742e+07   2546    696     0    208     86      7      4   0.099   0.001   0.001   0.102     0.670
   14          inf   4.1647e+07   4.1730e+07   2579    689     0    195    162      4     11   0.083   0.001   0.001   0.086     0.756
   15          inf   4.1672e+07   4.1724e+07   2521    679     0    172    230      3     13   0.090   0.001   0.000   0.093     0.848
   16          inf   4.1680e+07   4.1718e+07   2331    665     0    161    351      5     19   0.088   0.001   0.000   0.091     0.939
   17          inf   4.1692e+07   4.1716e+07   2245    657     0    142    228      5     13   0.085   0.001   0.000   0.088     1.027
   18          inf   4.1694e+07   4.1714e+07   2179    656     0    122    188      6      7   0.077   0.001   0.000   0.080     1.107
   19          inf   4.1704e+07   4.1712e+07   2095    652     0    107    191      4      8   0.084   0.001   0.001   0.087     1.194
   20          inf   4.1704e+07   4.1712e+07   2030    649     0    103    168      3      6   0.071   0.001   0.000   0.073     1.267
   21          inf   4.1708e+07   4.1711e+07   1960    650     0     85    155      2      1   0.072   0.001   0.000   0.075     1.342
   22          inf   4.1710e+07   4.1711e+07   1870    651     0     27    117      1      0   0.078   0.001   0.000   0.080     1.422
   23   4.1711e+07   4.1710e+07   4.1711e+07   1870    651     0    *52      0      0      0   0.066   0.001   0.000   0.067     1.489
CG optimal after 23 iterations. UB=41711126.712106 LB=41710385.539051 gap=7.412e+02 tol=4.171e+03  t_LP=1.435  t_PR=0.034  t_SP=0.009  t_Tot=1.493

# === STDOUT (result CSV) ===
instance,formulation,iterations,columns,objective,lower_bound,optimal,time,time_lp,time_pricing,time_separation
/home/simon/code/my/mcfcg/data/commalab/grid/grid8,tree,23,1527,41711126.712106,41710385.539051,1,1.498,1.435,0.034,0.009
