# cmd: /home/simon/code/my/mcfcg/build/mcfcg_cli /home/simon/code/my/mcfcg/data/commalab/grid/grid10 --solver mosek --formulation tree --max-iters 10000 --time-limit 7200.0
# outcome: ok
# returncode: 0
# === STDERR (CG iteration log + preamble) ===
Instance: 625 vertices, 2400 arcs, 2000 commodities, 593 sources
Pricing threads: 32 (auto)
Slack mode: CommodityRows (struct=593, capped_arcs=2400)
   It           UB           LB       LP_obj   #col   #row  #slk   +col   -col   +cut   -cut    t_LP    t_PR    t_SP   t_Tot     t_acc
    1          inf   1.6221e+08   5.9300e+04   1186    593   593      0      0      0      0   0.008   0.004   0.000   0.011     0.011
    2          inf   1.6221e+08   5.9300e+05   1186    593   593      0      0      0      0   0.000   0.003   0.000   0.004     0.015
    3          inf   1.6221e+08   5.9216e+06   1186    593   590      0      0      0      0   0.000   0.003   0.000   0.004     0.019
    4          inf   1.6221e+08   5.5288e+07   1186    593   495      0      0      0      0   0.000   0.003   0.000   0.003     0.022
    5          inf   1.6221e+08   1.6218e+08   1186    911     1      0      0    318      0   0.000   0.003   0.001   0.004     0.026
    6          inf   1.6221e+08   2.8039e+08   1706    911   271    520      0      0      0   0.107   0.002   0.000   0.110     0.137
    7          inf   1.6221e+08   7.6444e+08   2249    914   298    543      0      3      0   0.116   0.002   0.000   0.121     0.257
    8          inf   1.6221e+08   1.3568e+09   2801    929   209    552      0     15      0   0.129   0.002   0.001   0.133     0.390
    9          inf   1.6221e+08   1.4291e+09   3362    962   165    561      0     33      0   0.145   0.002   0.001   0.150     0.540
   10          inf   1.6221e+08   1.0131e+09   3921   1011   104    559      0     49      0   0.180   0.002   0.001   0.185     0.725
   11          inf   1.6221e+08   1.6542e+08   4398   1073     0    559     82     62      0   0.260   0.002   0.001   0.265     0.991
   12          inf   1.6244e+08   1.6469e+08   4653   1107     0    543    288     34      0   0.235   0.003   0.001   0.241     1.232
   13          inf   1.6329e+08   1.6452e+08   4917   1120     0    537    273     13      0   0.252   0.002   0.002   0.259     1.491
   14          inf   1.6368e+08   1.6441e+08   5128   1129     0    519    308      9      0   0.264   0.002   0.001   0.270     1.760
   15          inf   1.6376e+08   1.6431e+08   5295   1066     0    509    342      8     71   0.248   0.002   0.001   0.254     2.015
   16          inf   1.6378e+08   1.6425e+08   5335   1062     0    514    474      9     13   0.236   0.002   0.001   0.242     2.257
   17          inf   1.6392e+08   1.6421e+08   5130   1048     0    492    697     12     26   0.215   0.002   0.001   0.221     2.478
   18          inf   1.6394e+08   1.6418e+08   5039   1033     0    469    560      6     21   0.194   0.002   0.001   0.201     2.679
   19          inf   1.6400e+08   1.6416e+08   4981   1023     0    470    528      3     13   0.211   0.002   0.001   0.218     2.897
   20          inf   1.6403e+08   1.6414e+08   4940   1017     0    444    485      5     11   0.206   0.002   0.001   0.212     3.108
   21          inf   1.6406e+08   1.6413e+08   4924   1018     0    444    460      7      6   0.232   0.002   0.001   0.238     3.347
   22          inf   1.6408e+08   1.6412e+08   4830   1019     0    409    503      3      2   0.240   0.002   0.001   0.246     3.592
   23          inf   1.6409e+08   1.6412e+08   4767   1023     0    373    436      5      1   0.222   0.002   0.001   0.228     3.821
   24          inf   1.6410e+08   1.6411e+08   4675   1025     0    365    457      3      1   0.259   0.002   0.001   0.265     4.086
   25   1.6411e+08   1.6410e+08   1.6411e+08   4675   1025     0   *314      0      0      0   0.243   0.002   0.001   0.246     4.332
CG optimal after 25 iterations. UB=164112291.802644 LB=164103601.902382 gap=8.690e+03 tol=1.641e+04  t_LP=4.204  t_PR=0.066  t_SP=0.023  t_Tot=4.338

# === STDOUT (result CSV) ===
instance,formulation,iterations,columns,objective,lower_bound,optimal,time,time_lp,time_pricing,time_separation
/home/simon/code/my/mcfcg/data/commalab/grid/grid10,tree,25,4082,164112291.802644,164103601.902382,1,4.344,4.204,0.066,0.023
