# cmd: /home/simon/code/my/mcfcg/build/mcfcg_cli /home/simon/code/my/mcfcg/data/commalab/grid/grid14 --solver mosek --formulation tree --max-iters 10000 --time-limit 7200.0
# outcome: ok
# returncode: 0
# === STDERR (CG iteration log + preamble) ===
Instance: 1225 vertices, 4760 arcs, 16000 commodities, 1225 sources
Pricing threads: 32 (auto)
Slack mode: CommodityRows (struct=1225, capped_arcs=4760)
   It           UB           LB       LP_obj   #col   #row  #slk   +col   -col   +cut   -cut    t_LP    t_PR    t_SP   t_Tot     t_acc
    1          inf   1.7977e+09   1.2250e+05   2450   1225  1225      0      0      0      0   0.008   0.020   0.001   0.028     0.028
    2          inf   1.7977e+09   1.2250e+06   2450   1225  1225      0      0      0      0   0.001   0.017   0.001   0.018     0.046
    3          inf   1.7977e+09   1.2250e+07   2450   1225  1225      0      0      0      0   0.000   0.015   0.001   0.017     0.063
    4          inf   1.7977e+09   1.2250e+08   2450   1225  1225      0      0      0      0   0.000   0.016   0.001   0.017     0.080
    5          inf   1.7977e+09   1.1712e+09   2450   1225   967      0      0      0      0   0.001   0.015   0.001   0.016     0.096
    6          inf   1.7977e+09   1.7977e+09   2450   1442     0      0      0    217      0   0.000   0.015   0.003   0.019     0.115
    7          inf   1.7977e+09   4.6145e+09   3670   1442   606   1220      0      0      0   0.244   0.009   0.001   0.260     0.375
    8          inf   1.7977e+09   5.6036e+09   4892   1442   447   1222      0      0      0   0.157   0.012   0.001   0.179     0.553
    9          inf   1.7977e+09   6.4047e+09   6116   1456   312   1224      0     14      0   0.186   0.012   0.002   0.208     0.761
   10          inf   1.7977e+09   3.8556e+09   7340   1478    83   1224      0     22      0   0.250   0.012   0.003   0.274     1.036
   11          inf   1.7977e+09   1.8057e+09   8565   1499     0   1225      0     21      0   0.459   0.012   0.003   0.482     1.518
   12          inf   1.7996e+09   1.8046e+09   9586   1407     0   1222    201      8    100   0.418   0.012   0.004   0.447     1.965
   13          inf   1.8012e+09   1.8040e+09  10280   1413     0   1222    528      6      0   0.233   0.012   0.005   0.261     2.226
   14          inf   1.8017e+09   1.8035e+09  10814   1423     0   1218    684     11      1   0.265   0.012   0.004   0.292     2.518
   15          inf   1.8018e+09   1.8032e+09  11138   1420     0   1212    888      3      6   0.340   0.012   0.005   0.370     2.888
   16          inf   1.8021e+09   1.8030e+09  10806   1416     0   1194   1526      1      5   0.323   0.012   0.005   0.353     3.241
   17          inf   1.8024e+09   1.8029e+09  10462   1408     0   1162   1506      2     10   0.337   0.011   0.005   0.366     3.606
   18   1.8028e+09   1.8024e+09   1.8028e+09  10338   1401     0   1153   1277      0      7   0.314   0.012   0.003   0.339     3.945
   19   1.8028e+09   1.8026e+09   1.8027e+09  10239   1398     0   1093   1192      2      5   0.328   0.012   0.005   0.356     4.301
   20   1.8028e+09   1.8026e+09   1.8027e+09  10239   1403     0  *1071      0      5      0   0.332   0.011   0.004   0.348     4.650
CG optimal after 20 iterations. UB=1802768569.054612 LB=1802633460.304760 gap=1.351e+05 tol=1.803e+05  t_LP=4.196  t_PR=0.284  t_SP=0.057  t_Tot=4.674

# === STDOUT (result CSV) ===
instance,formulation,iterations,columns,objective,lower_bound,optimal,time,time_lp,time_pricing,time_separation
/home/simon/code/my/mcfcg/data/commalab/grid/grid14,tree,20,9014,1802768569.054612,1802633460.304760,1,4.687,4.196,0.284,0.057
