# cmd: /home/simon/code/my/mcfcg/build/mcfcg_cli /home/simon/code/my/mcfcg/data/commalab/grid/grid9 --solver mosek --formulation path --max-iters 10000 --time-limit 7200.0
# outcome: ok
# returncode: 0
# === STDERR (CG iteration log + preamble) ===
Instance: 625 vertices, 2400 arcs, 1000 commodities, 495 sources
Pricing threads: 32 (auto)
Slack mode: CommodityRows (struct=1000, capped_arcs=2400)
   It           UB           LB       LP_obj   #col   #row  #slk   +col   -col   +cut   -cut    t_LP    t_PR    t_SP   t_Tot     t_acc
    1          inf   8.1702e+07   5.6336e+06   2000   1000   997      0      0      0      0   0.011   0.003   0.000   0.015     0.015
    2          inf   8.1702e+07   5.0596e+07   2000   1000   710      0      0      0      0   0.001   0.003   0.000   0.004     0.019
    3          inf   8.1702e+07   8.1702e+07   2000   1327     0      0      0    327      0   0.001   0.003   0.001   0.004     0.023
    4          inf   8.1702e+07   2.0615e+08   2742   1327   393    742      0      0      0   0.086   0.002   0.000   0.089     0.113
    5          inf   8.1702e+07   5.0336e+08   3502   1355   313    760      0     28      0   0.108   0.002   0.000   0.111     0.224
    6          inf   8.1702e+07   4.3352e+08   4264   1406   192    762      0     51      0   0.121   0.002   0.001   0.125     0.349
    7          inf   8.1702e+07   1.3492e+08   5014   1468    55    750      0     62      0   0.133   0.001   0.001   0.136     0.485
    8          inf   8.1852e+07   8.2876e+07   5700   1514     1    686      0     46      0   0.229   0.002   0.001   0.233     0.718
    9          inf   8.2341e+07   8.2771e+07   6249   1462     0    655    106     25     77   0.236   0.002   0.001   0.241     0.958
   10          inf   8.2488e+07   8.2727e+07   6577   1487     0    545    217     26      1   0.225   0.001   0.001   0.229     1.187
   11          inf   8.2555e+07   8.2696e+07   6723   1488     0    488    342      6      5   0.201   0.001   0.001   0.205     1.392
   12          inf   8.2594e+07   8.2676e+07   6663   1484     0    392    452      8     12   0.241   0.002   0.001   0.246     1.637
   13          inf   8.2621e+07   8.2662e+07   6214   1479     0    333    782      7     12   0.246   0.002   0.001   0.250     1.887
   14          inf   8.2638e+07   8.2658e+07   5792   1467     0    255    677      3     15   0.207   0.002   0.001   0.211     2.098
   15          inf   8.2644e+07   8.2655e+07   5480   1457     0    199    511      3     13   0.199   0.002   0.001   0.203     2.301
   16          inf   8.2650e+07   8.2653e+07   5146   1449     0    146    480      2     10   0.212   0.002   0.001   0.216     2.517
   17          inf   8.2652e+07   8.2653e+07   4867   1439     0     54    333      1     11   0.187   0.002   0.001   0.191     2.708
   18          inf   8.2653e+07   8.2653e+07   4633   1433     0     27    261      2      8   0.187   0.002   0.001   0.191     2.899
   19   8.2653e+07   8.2653e+07   8.2653e+07   4633   1433     0     *4      0      0      0   0.178   0.001   0.000   0.180     3.078
CG optimal after 19 iterations. UB=82652982.544573 LB=82652873.554006 gap=1.090e+02 tol=8.265e+03  t_LP=3.010  t_PR=0.038  t_SP=0.011  t_Tot=3.084

# === STDOUT (result CSV) ===
instance,formulation,iterations,columns,objective,lower_bound,optimal,time,time_lp,time_pricing,time_separation
/home/simon/code/my/mcfcg/data/commalab/grid/grid9,path,19,3633,82652982.544573,82652873.554006,1,3.089,3.010,0.038,0.011
