# cmd: /home/simon/code/my/mcfcg/build/mcfcg_cli /home/simon/code/my/mcfcg/data/commalab/grid/grid11 --solver mosek --formulation tree --max-iters 10000 --time-limit 7200.0
# outcome: ok
# returncode: 0
# === STDERR (CG iteration log + preamble) ===
Instance: 625 vertices, 2400 arcs, 4000 commodities, 625 sources
Pricing threads: 32 (auto)
Slack mode: CommodityRows (struct=625, capped_arcs=2400)
   It           UB           LB       LP_obj   #col   #row  #slk   +col   -col   +cut   -cut    t_LP    t_PR    t_SP   t_Tot     t_acc
    1          inf   3.2684e+08   6.2500e+04   1250    625   625      0      0      0      0   0.011   0.004   0.000   0.015     0.015
    2          inf   3.2684e+08   6.2500e+05   1250    625   625      0      0      0      0   0.000   0.004   0.000   0.005     0.020
    3          inf   3.2684e+08   6.2500e+06   1250    625   625      0      0      0      0   0.000   0.004   0.000   0.004     0.024
    4          inf   3.2684e+08   6.2161e+07   1250    625   613      0      0      0      0   0.000   0.003   0.000   0.004     0.028
    5          inf   3.2684e+08   3.2192e+08   1250    817    31      0      0    192      0   0.000   0.004   0.001   0.005     0.033
    6          inf   3.2684e+08   4.3436e+08   1849    817   305    599      0      0      0   0.078   0.003   0.000   0.083     0.116
    7          inf   3.2684e+08   1.1131e+09   2449    819   312    600      0      2      0   0.091   0.003   0.001   0.096     0.213
    8          inf   3.2684e+08   1.4155e+09   3067    837   169    618      0     18      0   0.087   0.003   0.001   0.092     0.305
    9          inf   3.2684e+08   8.9110e+08   3683    874    75    616      0     37      0   0.088   0.003   0.001   0.094     0.399
   10          inf   3.2684e+08   4.1847e+08   4304    917    19    621      0     43      0   0.119   0.003   0.001   0.125     0.524
   11          inf   3.2684e+08   3.3038e+08   4825    885     0    614     93     14     46   0.219   0.003   0.003   0.227     0.751
   12          inf   3.2832e+08   3.3004e+08   5119    898     0    613    319     14      1   0.190   0.003   0.001   0.197     0.948
   13          inf   3.2845e+08   3.2977e+08   5444    916     0    608    283     19      1   0.231   0.003   0.001   0.238     1.186
   14          inf   3.2865e+08   3.2962e+08   5706    924     0    600    338     12      4   0.181   0.003   0.002   0.189     1.376
   15          inf   3.2883e+08   3.2953e+08   5787    921     0    594    513      3      6   0.217   0.003   0.002   0.225     1.601
   16          inf   3.2898e+08   3.2944e+08   5596    917     0    589    780      7     11   0.242   0.003   0.002   0.251     1.852
   17          inf   3.2903e+08   3.2938e+08   5451    910     0    574    719      1      8   0.214   0.003   0.002   0.222     2.074
   18          inf   3.2911e+08   3.2933e+08   5424    912     0    565    592      7      5   0.189   0.002   0.002   0.197     2.271
   19          inf   3.2912e+08   3.2931e+08   5400    910     0    557    581      9     11   0.199   0.003   0.002   0.207     2.478
   20          inf   3.2919e+08   3.2929e+08   5347    911     0    528    581      5      4   0.204   0.003   0.001   0.211     2.689
   21   3.2927e+08   3.2920e+08   3.2927e+08   5303    908     0    521    565      0      3   0.200   0.003   0.001   0.207     2.896
   22   3.2927e+08   3.2923e+08   3.2927e+08   5244    903     0    492    551      1      6   0.180   0.003   0.001   0.187     3.083
   23   3.2927e+08   3.2925e+08   3.2926e+08   5244    908     0   *441      0      5      0   0.189   0.003   0.002   0.193     3.276
CG optimal after 23 iterations. UB=329272678.567906 LB=329245268.326724 gap=2.741e+04 tol=3.293e+04  t_LP=3.129  t_PR=0.075  t_SP=0.025  t_Tot=3.284

# === STDOUT (result CSV) ===
instance,formulation,iterations,columns,objective,lower_bound,optimal,time,time_lp,time_pricing,time_separation
/home/simon/code/my/mcfcg/data/commalab/grid/grid11,tree,23,4619,329272678.567906,329245268.326724,1,3.290,3.129,0.075,0.025
