# cmd: /home/simon/code/my/mcfcg/build/mcfcg_cli /home/simon/code/my/mcfcg/data/commalab/grid/grid12 --solver mosek --formulation path --max-iters 10000 --time-limit 7200.0
# outcome: ok
# returncode: 0
# === STDERR (CG iteration log + preamble) ===
Instance: 900 vertices, 3480 arcs, 6000 commodities, 899 sources
Pricing threads: 32 (auto)
Slack mode: EdgeRows (struct=6000, capped_arcs=3480)
   It           UB           LB       LP_obj   #col   #row  #slk   +col   -col   +cut   -cut    t_LP    t_PR    t_SP   t_Tot     t_acc
    1          inf   5.7494e+08   5.7494e+08   6230   6230     0      0      0    230      0   0.016   0.008   0.003   0.027     0.027
    2          inf   5.7494e+08   6.6575e+08  11043   6230   230   4813      0      0      0   0.141   0.006   0.000   0.151     0.178
    3          inf   5.7526e+08   5.7846e+08  14216   6351     0   3052      0    121      0   0.161   0.004   0.003   0.173     0.351
    4          inf   5.7526e+08   5.7874e+08  18171   6358     1   3948      0      7      0   0.487   0.005   0.002   0.501     0.852
    5          inf   5.7630e+08   5.7762e+08  21017   6370     0   2834      0     12      0   0.405   0.006   0.004   0.418     1.271
    6          inf   5.7693e+08   5.7734e+08  22935   6390     0   1898      0     20      0   0.510   0.003   0.005   0.521     1.792
    7          inf   5.7707e+08   5.7725e+08  24495   6394     0   1556      0      4      0   0.587   0.005   0.006   0.601     2.393
    8          inf   5.7715e+08   5.7720e+08  22459   6309     0    770   2721      2     87   0.612   0.006   0.005   0.628     3.021
    9          inf   5.7718e+08   5.7719e+08  20570   6257     0    287   2124      3     55   0.443   0.005   0.006   0.458     3.479
   10          inf   5.7719e+08   5.7719e+08  16561   6244     0     59   4055      1     14   0.366   0.004   0.006   0.381     3.859
   11   5.7719e+08   5.7719e+08   5.7719e+08  16561   6244     0     *0      0      0      0   0.317   0.010   0.001   0.327     4.187
CG optimal after 11 iterations. UB=577186045.008914 LB=577185834.598606 gap=2.104e+02 tol=5.772e+04  t_LP=4.044  t_PR=0.072  t_SP=0.042  t_Tot=4.198

# === STDOUT (result CSV) ===
instance,formulation,iterations,columns,objective,lower_bound,optimal,time,time_lp,time_pricing,time_separation
/home/simon/code/my/mcfcg/data/commalab/grid/grid12,path,11,16317,577186045.008914,577185834.598606,1,4.208,4.044,0.072,0.042
