# cmd: /home/simon/code/my/mcfcg/build/mcfcg_cli /home/simon/code/my/mcfcg/data/commalab/grid/grid7 --solver mosek --formulation path --max-iters 10000 --time-limit 7200.0
# outcome: ok
# returncode: 0
# === STDERR (CG iteration log + preamble) ===
Instance: 400 vertices, 1520 arcs, 400 commodities, 247 sources
Pricing threads: 32 (auto)
Slack mode: CommodityRows (struct=400, capped_arcs=1520)
   It           UB           LB       LP_obj   #col   #row  #slk   +col   -col   +cut   -cut    t_LP    t_PR    t_SP   t_Tot     t_acc
    1          inf   2.5727e+07   2.2330e+06    800    400   394      0      0      0      0   0.011   0.001   0.000   0.012     0.012
    2          inf   2.5727e+07   1.8829e+07    800    400   239      0      0      0      0   0.000   0.001   0.000   0.002     0.013
    3          inf   2.5727e+07   2.5727e+07    800    523     0      0      0    123      0   0.000   0.001   0.000   0.002     0.015
    4          inf   2.5727e+07   5.9583e+07   1048    523   132    248      0      0      0   0.008   0.000   0.000   0.009     0.025
    5          inf   2.5727e+07   6.0352e+07   1280    530    74    232      0      7      0   0.010   0.001   0.000   0.011     0.036
    6          inf   2.5727e+07   4.2468e+07   1473    562     9    193      0     32      0   0.015   0.001   0.000   0.016     0.052
    7          inf   2.5727e+07   2.5917e+07   1692    586     0    219      0     24      0   0.037   0.001   0.000   0.038     0.090
    8          inf   2.5839e+07   2.5881e+07   1832    596     0    140      0     10      0   0.032   0.001   0.000   0.033     0.123
    9          inf   2.5851e+07   2.5869e+07   1886    566     0     76     22      7     37   0.038   0.001   0.000   0.039     0.162
   10          inf   2.5852e+07   2.5865e+07   1919    567     0     96     63      1      0   0.033   0.001   0.000   0.035     0.197
   11   2.5864e+07   2.5862e+07   2.5864e+07   1919    567     0    *34      0      0      0   0.033   0.001   0.000   0.034     0.231
CG optimal after 11 iterations. UB=25864345.193652 LB=25862339.218808 gap=2.006e+03 tol=2.586e+03  t_LP=0.218  t_PR=0.010  t_SP=0.003  t_Tot=0.234

# === STDOUT (result CSV) ===
instance,formulation,iterations,columns,objective,lower_bound,optimal,time,time_lp,time_pricing,time_separation
/home/simon/code/my/mcfcg/data/commalab/grid/grid7,path,11,1519,25864345.193652,25862339.218808,1,0.238,0.218,0.010,0.003
