# cmd: /home/simon/code/my/mcfcg/build/mcfcg_cli /home/simon/code/my/mcfcg/data/commalab/grid/grid3 --solver mosek --formulation path --max-iters 10000 --time-limit 7200.0
# outcome: ok
# returncode: 0
# === STDERR (CG iteration log + preamble) ===
Instance: 100 vertices, 360 arcs, 50 commodities, 40 sources
Pricing threads: 32 (auto)
Slack mode: CommodityRows (struct=50, capped_arcs=360)
   It           UB           LB       LP_obj   #col   #row  #slk   +col   -col   +cut   -cut    t_LP    t_PR    t_SP   t_Tot     t_acc
    1          inf   1.5205e+06   2.8416e+05    100     50    48      0      0      0      0   0.009   0.001   0.000   0.010     0.010
    2          inf   1.5205e+06   1.5065e+06    100     59     4      0      0      9      0   0.000   0.000   0.000   0.000     0.010
    3          inf   1.5205e+06   1.6534e+06    117     65     9     17      0      6      0   0.001   0.000   0.000   0.001     0.011
    4          inf   1.5205e+06   1.7193e+06    130     67     4     13      0      2      0   0.001   0.000   0.000   0.001     0.012
    5          inf   1.5226e+06   1.5250e+06    138     68     0      8      0      1      0   0.001   0.000   0.000   0.001     0.014
    6          inf   1.5243e+06   1.5243e+06    138     69     0      0      0      1      0   0.001   0.000   0.000   0.001     0.015
    7   1.5247e+06   1.5246e+06   1.5247e+06    140     69     0      2      0      0      0   0.001   0.000   0.000   0.001     0.016
    8   1.5246e+06   1.5246e+06   1.5246e+06    140     69     0     *0      0      0      0   0.001   0.000   0.000   0.001     0.017
CG optimal after 8 iterations. UB=1524641.997611 LB=1524640.240339 gap=1.757e+00 tol=1.525e+02  t_LP=0.015  t_PR=0.002  t_SP=0.000  t_Tot=0.018

# === STDOUT (result CSV) ===
instance,formulation,iterations,columns,objective,lower_bound,optimal,time,time_lp,time_pricing,time_separation
/home/simon/code/my/mcfcg/data/commalab/grid/grid3,path,8,90,1524641.997611,1524640.240339,1,0.022,0.015,0.002,0.000
