# cmd: /home/simon/code/my/mcfcg/build/mcfcg_cli /home/simon/code/my/mcfcg/data/commalab/grid/grid2 --solver mosek --formulation tree --max-iters 10000 --time-limit 7200.0
# outcome: ok
# returncode: 0
# === STDERR (CG iteration log + preamble) ===
Instance: 25 vertices, 80 arcs, 100 commodities, 25 sources
Pricing threads: 32 (auto)
Slack mode: CommodityRows (struct=25, capped_arcs=80)
   It           UB           LB       LP_obj   #col   #row  #slk   +col   -col   +cut   -cut    t_LP    t_PR    t_SP   t_Tot     t_acc
    1          inf   1.6769e+06   2.5000e+03     50     25    25      0      0      0      0   0.006   0.000   0.000   0.007     0.007
    2          inf   1.6769e+06   2.5000e+04     50     25    25      0      0      0      0   0.000   0.000   0.000   0.000     0.007
    3          inf   1.6769e+06   2.4682e+05     50     25    24      0      0      0      0   0.000   0.000   0.000   0.000     0.007
    4          inf   1.6769e+06   1.5673e+06     50     32     6      0      0      7      0   0.000   0.000   0.000   0.000     0.008
    5          inf   1.6769e+06   3.0013e+06     66     35    12     16      0      3      0   0.001   0.000   0.000   0.001     0.009
    6          inf   1.6769e+06   4.0893e+06     89     39    10     23      0      4      0   0.001   0.000   0.000   0.001     0.009
    7          inf   1.6769e+06   9.2755e+06    110     42     6     21      0      3      0   0.001   0.000   0.000   0.001     0.010
    8          inf   1.6769e+06   1.7523e+06    130     51     1     20      0      9      0   0.001   0.000   0.000   0.001     0.012
    9          inf   1.6769e+06   1.7588e+06    152     54     0     22      0      3      0   0.001   0.000   0.000   0.002     0.013
   10          inf   1.6769e+06   1.7172e+06    167     56     0     17      2      2      0   0.002   0.000   0.000   0.002     0.015
   11          inf   1.7029e+06   1.7074e+06    179     56     0     14      2      1      1   0.002   0.000   0.000   0.002     0.017
   12   1.7061e+06   1.7041e+06   1.7061e+06    173     54     0      8     14      0      2   0.002   0.000   0.000   0.002     0.019
   13   1.7061e+06   1.7041e+06   1.7055e+06    175     55     0     10      8      2      1   0.002   0.000   0.000   0.002     0.021
   14   1.7054e+06   1.7054e+06   1.7054e+06    175     55     0     *0      0      0      0   0.002   0.000   0.000   0.002     0.023
CG optimal after 14 iterations. UB=1705375.000004 LB=1705373.105297 gap=1.895e+00 tol=1.705e+02  t_LP=0.020  t_PR=0.002  t_SP=0.000  t_Tot=0.024

# === STDOUT (result CSV) ===
instance,formulation,iterations,columns,objective,lower_bound,optimal,time,time_lp,time_pricing,time_separation
/home/simon/code/my/mcfcg/data/commalab/grid/grid2,tree,14,150,1705375.000004,1705373.105297,1,0.028,0.020,0.002,0.000
