# cmd: /home/simon/code/my/mcfcg/build/mcfcg_cli /home/simon/code/my/mcfcg/data/intermodal/SBT-6255-0.txt.gz --solver mosek --formulation path --max-iters 10000 --strategy pricer-heavy --time-limit 7200.0
# outcome: ok
# returncode: 0
# === STDERR (CG iteration log + preamble) ===
Instance: 163487 vertices, 809375 arcs, 6251 commodities, 6251 sources
Pricing threads: 32 (auto)
Slack mode: CommodityRows (struct=6251, capped_arcs=562355)
   It           UB           LB       LP_obj   #col   #row  #slk   +col   -col   +cut   -cut    t_LP    t_PR    t_SP   t_Tot     t_acc
    1          inf         -inf   1.5957e+05  12502   6351   120      0      0    100      0   0.015   0.000   0.059   0.074     0.074
    2          inf         -inf   1.6193e+05  12842   6351   241    340      0      0      0   0.010   0.054   0.057   0.124     0.198
    3          inf         -inf   1.6080e+05  12842   6369     6      0      0     18      0   0.014   0.000   0.061   0.075     0.273
    4          inf         -inf   1.6086e+05  12842   6370    13      0      0      1      0   0.014   0.000   0.064   0.078     0.351
    5          inf         -inf   1.6086e+05  12849   6370    13      7      0      0      0   0.014   0.026   0.060   0.100     0.451
    6          inf   1.5648e+05   1.6287e+05  12999   6370    12    150      0      0      0   0.013   0.371   0.058   0.444     0.895
    7          inf   1.5648e+05   1.6061e+05  12999   6371     0      0      0      1      0   0.016   0.000   0.057   0.073     0.968
    8   1.6061e+05   1.6059e+05   1.6061e+05  12999   6371     0     *1      0      0      0   0.015   0.394   0.058   0.468     1.435
CG optimal after 8 iterations. UB=160606.000647 LB=160593.744465 gap=1.226e+01 tol=1.606e+01  t_LP=0.110  t_PR=1.282  t_SP=0.475  t_Tot=1.872

# === STDOUT (result CSV) ===
instance,formulation,iterations,columns,objective,lower_bound,optimal,time,time_lp,time_pricing,time_separation
/home/simon/code/my/mcfcg/data/intermodal/SBT-6255-0.txt.gz,path,8,6748,160606.000647,160593.744465,1,2.054,0.110,1.282,0.475
