# cmd: /home/simon/code/my/mcfcg/build/mcfcg_cli /home/simon/code/my/mcfcg/data/intermodal/SBT-6255-0.txt.gz --solver mosek --formulation tree --max-iters 10000 --strategy pricer-heavy --time-limit 7200.0
# outcome: ok
# returncode: 0
# === STDERR (CG iteration log + preamble) ===
Instance: 163487 vertices, 809375 arcs, 6251 commodities, 6251 sources
Pricing threads: 32 (auto)
Slack mode: CommodityRows (struct=6251, capped_arcs=562355)
   It           UB           LB       LP_obj   #col   #row  #slk   +col   -col   +cut   -cut    t_LP    t_PR    t_SP   t_Tot     t_acc
    1          inf         -inf   1.5957e+05  12502   6351   120      0      0    100      0   0.011   0.000   0.059   0.070     0.070
    2          inf         -inf   1.6193e+05  12845   6351   241    343      0      0      0   0.008   0.056   0.059   0.126     0.196
    3          inf         -inf   1.6080e+05  12845   6368     6      0      0     17      0   0.013   0.000   0.063   0.076     0.273
    4          inf         -inf   1.6086e+05  12845   6369    13      0      0      1      0   0.010   0.000   0.062   0.072     0.345
    5          inf         -inf   1.6086e+05  12852   6369    13      7      0      0      0   0.010   0.027   0.059   0.097     0.442
    6          inf   1.5652e+05   1.6287e+05  12990   6369    12    138      0      0      0   0.010   0.381   0.061   0.453     0.895
    7          inf   1.5652e+05   1.6061e+05  12990   6371     0      0      0      2      0   0.012   0.000   0.058   0.070     0.965
    8   1.6061e+05   1.5652e+05   1.6061e+05  12994   6320     0      4      0      0     51   0.012   0.025   0.060   0.098     1.063
    9   1.6061e+05   1.5652e+05   1.6061e+05  12994   6346     0      0      0     26      0   0.011   0.000   0.059   0.071     1.134
   10   1.6061e+05   1.6059e+05   1.6061e+05  12994   6346     0     *1      0      0      0   0.012   0.419   0.060   0.490     1.625
CG optimal after 10 iterations. UB=160606.000001 LB=160593.961812 gap=1.204e+01 tol=1.606e+01  t_LP=0.109  t_PR=1.346  t_SP=0.600  t_Tot=2.062

# === STDOUT (result CSV) ===
instance,formulation,iterations,columns,objective,lower_bound,optimal,time,time_lp,time_pricing,time_separation
/home/simon/code/my/mcfcg/data/intermodal/SBT-6255-0.txt.gz,tree,10,6743,160606.000001,160593.961812,1,2.249,0.109,1.346,0.600
