# cmd: /home/simon/code/my/mcfcg/build/mcfcg_cli /home/simon/code/my/mcfcg/data/intermodal/BUS-23688-0.txt.gz --solver mosek --formulation path --max-iters 10000 --strategy pricer-heavy --time-limit 7200.0
# outcome: ok
# returncode: 0
# === STDERR (CG iteration log + preamble) ===
Instance: 161993 vertices, 1653437 arcs, 23643 commodities, 23643 sources
Pricing threads: 32 (auto)
Slack mode: CommodityRows (struct=23643, capped_arcs=1466539)
   It           UB           LB       LP_obj   #col   #row  #slk   +col   -col   +cut   -cut    t_LP    t_PR    t_SP   t_Tot     t_acc
    1          inf         -inf   6.0693e+05  47286  23709  1421      0      0     66      0   0.035   0.000   0.117   0.153     0.153
    2          inf         -inf   6.1290e+05  48446  23709  1888   1160      0      0      0   0.065   0.222   0.111   0.402     0.555
    3          inf         -inf   6.2623e+05  48446  23763   111      0      0     54      0   0.108   0.000   0.113   0.222     0.778
    4          inf         -inf   6.2856e+05  49443  23763   308    997      0      0      0   0.136   0.219   0.113   0.470     1.248
    5          inf         -inf   6.2726e+05  49443  23777    82      0      0     14      0   0.143   0.000   0.112   0.257     1.505
    6          inf         -inf   6.2733e+05  49443  23783    94      0      0      6      0   0.160   0.000   0.113   0.273     1.778
    7          inf         -inf   6.2737e+05  49516  23758    98     73      0      0     25   0.168   0.063   0.112   0.344     2.122
    8          inf   5.3674e+05   6.3742e+05  50771  23749    81   1255      0      0      9   0.169   1.154   0.122   1.448     3.570
    9          inf   5.3674e+05   6.2487e+05  50771  23766     4      0      0     17      0   0.165   0.000   0.121   0.287     3.857
   10          inf   5.3674e+05   6.2496e+05  50812  23735     4     41      0      0     31   0.196   0.103   0.113   0.413     4.270
   11          inf   5.3674e+05   6.2494e+05  50812  23737     1      0      0      2      0   0.180   0.000   0.112   0.293     4.564
   12          inf   6.2449e+05   6.2494e+05  51024  23730     1    212      0      0      7   0.189   1.172   0.117   1.479     6.043
   13          inf   6.2449e+05   6.2488e+05  51024  23731     0      0      0      1      0   0.193   0.000   0.113   0.307     6.350
   14   6.2488e+05   6.2479e+05   6.2488e+05  51079  23714     0     55      0      0     17   0.198   1.149   0.113   1.462     7.812
   15   6.2488e+05   6.2479e+05   6.2488e+05  51079  23721     0      0      0      7      0   0.182   0.000   0.112   0.295     8.107
   16   6.2488e+05   6.2479e+05   6.2488e+05  51079  23722     0      0      0      1      0   0.195   0.000   0.112   0.308     8.415
   17   6.2488e+05   6.2484e+05   6.2488e+05  51079  23722     0     *0      0      0      0   0.183   1.182   0.114   1.479     9.894
CG optimal after 17 iterations. UB=624881.500001 LB=624840.228797 gap=4.127e+01 tol=6.249e+01  t_LP=2.663  t_PR=6.426  t_SP=1.941  t_Tot=11.057

# === STDOUT (result CSV) ===
instance,formulation,iterations,columns,objective,lower_bound,optimal,time,time_lp,time_pricing,time_separation
/home/simon/code/my/mcfcg/data/intermodal/BUS-23688-0.txt.gz,path,17,27436,624881.500001,624840.228797,1,11.416,2.663,6.426,1.941
