# cmd: /home/simon/code/my/mcfcg/build/mcfcg_cli /home/simon/code/my/mcfcg/data/intermodal/SBT-56295-0.txt.gz --solver mosek --formulation path --max-iters 10000 --strategy pricer-heavy --time-limit 7200.0
# outcome: ok
# returncode: 0
# === STDERR (CG iteration log + preamble) ===
Instance: 263559 vertices, 4725174 arcs, 56269 commodities, 56269 sources
Pricing threads: 32 (auto)
Slack mode: CommodityRows (struct=56269, capped_arcs=4478154)
   It           UB           LB       LP_obj   #col   #row  #slk   +col   -col   +cut   -cut    t_LP    t_PR    t_SP   t_Tot     t_acc
    1          inf         -inf   1.4398e+06 112538  56332   974      0      0     63      0   0.066   0.000   0.364   0.432     0.432
    2          inf         -inf   1.4541e+06 114364  56332  1658   1826      0      0      0   0.161   0.850   0.363   1.388     1.820
    3          inf         -inf   1.4482e+06 114364  56349     7      0      0     17      0   0.177   0.000   0.362   0.542     2.362
    4          inf         -inf   1.4484e+06 114364  56351    42      0      0      2      0   0.186   0.000   0.367   0.556     2.918
    5          inf         -inf   1.4484e+06 114416  56351    42     52      0      0      0   0.204   0.155   0.359   0.719     3.637
    6          inf   1.4445e+06   1.4488e+06 114986  56351    45    570      0      0      0   0.193  14.906   0.359  15.460    19.097
    7          inf   1.4445e+06   1.4479e+06 114986  56352     0      0      0      1      0   0.182   0.000   0.367   0.551    19.648
    8   1.4479e+06   1.4445e+06   1.4479e+06 115017  56311     0     31      0      0     41   0.184   0.150   0.363   0.699    20.347
    9   1.4479e+06   1.4445e+06   1.4479e+06 115017  56329     0      0      0     18      0   0.160   0.000   0.362   0.525    20.872
   10   1.4479e+06   1.4477e+06   1.4479e+06 115017  56329     0    *30      0      0      0   0.169  15.041   0.361  15.572    36.444
CG optimal after 10 iterations. UB=1447868.996935 LB=1447747.227286 gap=1.218e+02 tol=1.448e+02  t_LP=1.683  t_PR=45.881  t_SP=3.627  t_Tot=51.227

# === STDOUT (result CSV) ===
instance,formulation,iterations,columns,objective,lower_bound,optimal,time,time_lp,time_pricing,time_separation
/home/simon/code/my/mcfcg/data/intermodal/SBT-56295-0.txt.gz,path,10,58748,1447868.996935,1447747.227286,1,52.359,1.683,45.881,3.627
