# cmd: /home/simon/code/my/mcfcg/build/mcfcg_cli /home/simon/code/my/mcfcg/data/intermodal/BUS-23688-0.txt.gz --solver mosek --formulation tree --max-iters 10000 --strategy pricer-heavy --time-limit 7200.0
# outcome: ok
# returncode: 0
# === STDERR (CG iteration log + preamble) ===
Instance: 161993 vertices, 1653437 arcs, 23643 commodities, 23643 sources
Pricing threads: 32 (auto)
Slack mode: CommodityRows (struct=23643, capped_arcs=1466539)
   It           UB           LB       LP_obj   #col   #row  #slk   +col   -col   +cut   -cut    t_LP    t_PR    t_SP   t_Tot     t_acc
    1          inf         -inf   6.0693e+05  47286  23709  1421      0      0     66      0   0.024   0.000   0.117   0.142     0.142
    2          inf         -inf   6.1290e+05  48448  23709  1888   1162      0      0      0   0.052   0.229   0.116   0.403     0.545
    3          inf         -inf   6.2623e+05  48448  23763   111      0      0     54      0   0.078   0.000   0.120   0.201     0.746
    4          inf         -inf   6.2856e+05  49458  23763   308   1010      0      0      0   0.122   0.257   0.133   0.514     1.260
    5          inf         -inf   6.2724e+05  49458  23780    79      0      0     17      0   0.123   0.000   0.145   0.269     1.529
    6          inf         -inf   6.2733e+05  49458  23786    93      0      0      6      0   0.145   0.000   0.132   0.278     1.807
    7          inf         -inf   6.2738e+05  49530  23762   100     72      0      0     24   0.150   0.075   0.127   0.354     2.161
    8          inf   5.3716e+05   6.3742e+05  50771  23753    82   1241      0      0      9   0.134   1.296   0.124   1.558     3.718
    9          inf   5.3716e+05   6.2486e+05  50771  23769     4      0      0     16      0   0.144   0.000   0.120   0.265     3.983
   10          inf   5.3716e+05   6.2496e+05  50819  23738     4     48      0      0     31   0.160   0.111   0.115   0.387     4.371
   11          inf   5.3716e+05   6.2494e+05  50819  23741     1      0      0      3      0   0.164   0.000   0.131   0.296     4.667
   12          inf   6.2450e+05   6.2494e+05  51010  23731     1    191      0      0     10   0.168   1.228   0.119   1.516     6.184
   13   6.2488e+05   6.2484e+05   6.2488e+05  51010  23731     0    *12      0      0      0   0.163   1.235   0.117   1.515     7.699
CG optimal after 13 iterations. UB=624882.000006 LB=624835.078801 gap=4.692e+01 tol=6.249e+01  t_LP=1.626  t_PR=5.624  t_SP=1.617  t_Tot=8.893

# === STDOUT (result CSV) ===
instance,formulation,iterations,columns,objective,lower_bound,optimal,time,time_lp,time_pricing,time_separation
/home/simon/code/my/mcfcg/data/intermodal/BUS-23688-0.txt.gz,tree,13,27367,624882.000006,624835.078801,1,9.251,1.626,5.624,1.617
