# cmd: /home/simon/code/my/mcfcg/build/mcfcg_cli /home/simon/code/my/mcfcg/data/commalab/planar/planar80 --solver mosek --formulation path --max-iters 10000 --time-limit 7200.0
# outcome: ok
# returncode: 0
# === STDERR (CG iteration log + preamble) ===
Instance: 80 vertices, 440 arcs, 543 commodities, 80 sources
Pricing threads: 32 (auto)
Slack mode: EdgeRows (struct=543, capped_arcs=440)
   It           UB           LB       LP_obj   #col   #row  #slk   +col   -col   +cut   -cut    t_LP    t_PR    t_SP   t_Tot     t_acc
    1          inf   1.6746e+08   1.6746e+08    634    634     0      0      0     91      0   0.010   0.000   0.000   0.011     0.011
    2          inf   1.6746e+08   2.5924e+09   1155    634    91    521      0      0      0   0.014   0.000   0.000   0.015     0.026
    3          inf   1.6746e+08   1.8987e+08   1610    676     0    413      0     42      0   0.012   0.000   0.000   0.013     0.039
    4          inf   1.6746e+08   2.8676e+08   2045    686    16    425      0     10      0   0.033   0.002   0.000   0.036     0.075
    5          inf   1.6746e+08   2.7527e+08   2380    694     6    327      0      8      0   0.047   0.000   0.002   0.050     0.125
    6          inf   1.7903e+08   1.8336e+08   2685    695     0    304      0      1      0   0.039   0.000   0.000   0.040     0.165
    7          inf   1.8135e+08   1.8265e+08   2850    697     0    163      0      2      0   0.052   0.000   0.000   0.052     0.217
    8   1.8247e+08   1.8232e+08   1.8247e+08   2670    684     0     41    208      0     13   0.041   0.000   0.000   0.042     0.259
    9   1.8244e+08   1.8244e+08   1.8244e+08   2670    684     0    *28      0      0      0   0.041   0.000   0.000   0.041     0.300
CG optimal after 9 iterations. UB=182438189.819759 LB=182436842.916833 gap=1.347e+03 tol=1.824e+04  t_LP=0.290  t_PR=0.005  t_SP=0.004  t_Tot=0.302

# === STDOUT (result CSV) ===
instance,formulation,iterations,columns,objective,lower_bound,optimal,time,time_lp,time_pricing,time_separation
/home/simon/code/my/mcfcg/data/commalab/planar/planar80,path,9,2529,182438189.819759,182436842.916833,1,0.307,0.290,0.005,0.004
