# cmd: /home/simon/code/my/mcfcg/build/mcfcg_cli /home/simon/code/my/mcfcg/data/commalab/planar/planar1000 --solver mosek --formulation path --max-iters 10000 --time-limit 7200.0
# outcome: ok
# returncode: 0
# === STDERR (CG iteration log + preamble) ===
Instance: 1000 vertices, 5200 arcs, 20026 commodities, 1000 sources
Pricing threads: 32 (auto)
Slack mode: EdgeRows (struct=20026, capped_arcs=5200)
   It           UB           LB       LP_obj   #col   #row  #slk   +col   -col   +cut   -cut    t_LP    t_PR    t_SP   t_Tot     t_acc
    1          inf   3.1896e+09   3.1896e+09  20564  20564     0      0      0    538      0   0.034   0.020   0.021   0.076     0.076
    2          inf   3.1896e+09   1.4963e+10  39380  20564   538  18816      0      0      0   1.440   0.010   0.001   1.466     1.542
    3          inf   3.1896e+09   3.5498e+09  55481  20895     0  15770      0    331      0   1.130   0.011   0.020   1.196     2.737
    4          inf   3.1896e+09   4.8226e+09  73819  20950   162  18283      0     55      0   3.052   0.011   0.024   3.109     5.847
    5          inf   3.1896e+09   4.1499e+09  91601  20996    53  17736      0     46      0   3.768   0.010   0.032   3.840     9.687
    6          inf   3.1896e+09   3.5335e+09 108865  20999     0  17261      0      3      0   3.115   0.010   0.038   3.185    12.872
    7          inf   3.3174e+09   3.5000e+09 124831  21005     0  15960      0      6      0   3.709   0.010   0.047   3.801    16.673
    8          inf   3.3606e+09   3.4779e+09 131242  20803     0  15256   8643      7    209   4.239   0.010   0.058   4.348    21.020
    9          inf   3.3956e+09   3.4633e+09 134050  20735     0  14335  11459     17     85   3.648   0.008   0.053   3.751    24.771
   10          inf   3.4109e+09   3.4569e+09 132049  20638     0  13203  15107      6    103   3.359   0.010   0.046   3.454    28.225
   11          inf   3.4376e+09   3.4530e+09 122136  20591     0  10313  20179     11     58   3.461   0.007   0.045   3.549    31.774
   12          inf   3.4422e+09   3.4511e+09 113817  20573     0   8545  16846      9     27   3.109   0.008   0.037   3.184    34.958
   13          inf   3.4462e+09   3.4503e+09 106889  20555     0   6638  13548      6     24   3.308   0.010   0.033   3.378    38.337
   14          inf   3.4475e+09   3.4499e+09 100572  20545     0   4793  11100      3     13   2.795   0.010   0.031   2.860    41.197
   15          inf   3.4490e+09   3.4497e+09  92991  20529     0   2164   9729      2     18   2.712   0.012   0.027   2.771    43.968
   16          inf   3.4493e+09   3.4496e+09  86422  20524     0    890   7454      2      7   2.212   0.009   0.025   2.263    46.231
   17          inf   3.4496e+09   3.4496e+09  82388  20520     0     49   4079      2      6   2.095   0.010   0.022   2.141    48.372
   18   3.4496e+09   3.4496e+09   3.4496e+09  82388  20520     0   *391      0      0      0   2.037   0.010   0.002   2.049    50.421
CG optimal after 18 iterations. UB=3449613388.925245 LB=3449593778.730250 gap=1.961e+04 tol=3.450e+05  t_LP=49.222  t_PR=0.216  t_SP=0.562  t_Tot=50.452

# === STDOUT (result CSV) ===
instance,formulation,iterations,columns,objective,lower_bound,optimal,time,time_lp,time_pricing,time_separation
/home/simon/code/my/mcfcg/data/commalab/planar/planar1000,path,18,81894,3449613388.925245,3449593778.730250,1,50.486,49.222,0.216,0.562
