# cmd: /home/simon/code/my/mcfcg/build/mcfcg_cli /home/simon/code/my/mcfcg/data/commalab/planar/planar500 --solver mosek --formulation tree --max-iters 10000 --time-limit 7200.0
# outcome: ok
# returncode: 0
# === STDERR (CG iteration log + preamble) ===
Instance: 500 vertices, 2842 arcs, 3525 commodities, 500 sources
Pricing threads: 32 (auto)
Slack mode: CommodityRows (struct=500, capped_arcs=2842)
   It           UB           LB       LP_obj   #col   #row  #slk   +col   -col   +cut   -cut    t_LP    t_PR    t_SP   t_Tot     t_acc
    1          inf   4.7613e+08   1.4003e+08   1000    500   486      0      0      0      0   0.007   0.005   0.000   0.012     0.012
    2          inf   4.7613e+08   4.7568e+08   1000    604     1      0      0    104      0   0.000   0.004   0.001   0.005     0.017
    3          inf   4.7613e+08   6.6299e+08   1457    604   142    457      0      0      0   0.024   0.002   0.000   0.028     0.045
    4          inf   4.7613e+08   7.4618e+08   1926    604   151    469      0      0      0   0.035   0.003   0.000   0.039     0.084
    5          inf   4.7613e+08   9.6792e+08   2405    604   114    479      0      0      0   0.043   0.003   0.000   0.047     0.131
    6          inf   4.7613e+08   6.2765e+08   2890    606    36    485      0      2      0   0.045   0.002   0.001   0.050     0.181
    7          inf   4.7856e+08   4.8357e+08   3347    607     0    457      0      1      0   0.047   0.002   0.001   0.052     0.234
    8          inf   4.8078e+08   4.8278e+08   3749    563     0    431     29      1     45   0.059   0.002   0.001   0.064     0.298
    9          inf   4.8082e+08   4.8236e+08   3879    566     0    398    268      3      0   0.040   0.002   0.001   0.045     0.343
   10          inf   4.8148e+08   4.8209e+08   3924    569     0    354    309      3      0   0.043   0.002   0.001   0.048     0.391
   11   4.8201e+08   4.8189e+08   4.8201e+08   3799    568     0    274    399      0      1   0.047   0.002   0.000   0.052     0.443
   12   4.8199e+08   4.8197e+08   4.8199e+08   3799    568     0   *171      0      0      0   0.045   0.002   0.000   0.048     0.491
CG optimal after 12 iterations. UB=481987765.131508 LB=481968661.635125 gap=1.910e+04 tol=4.820e+04  t_LP=0.437  t_PR=0.039  t_SP=0.006  t_Tot=0.497

# === STDOUT (result CSV) ===
instance,formulation,iterations,columns,objective,lower_bound,optimal,time,time_lp,time_pricing,time_separation
/home/simon/code/my/mcfcg/data/commalab/planar/planar500,tree,12,3299,481987765.131508,481968661.635125,1,0.503,0.437,0.039,0.006
