# cmd: /home/simon/code/my/mcfcg/build/mcfcg_cli /home/simon/code/my/mcfcg/data/commalab/planar/planar80 --solver mosek --formulation tree --max-iters 10000 --time-limit 7200.0
# outcome: ok
# returncode: 0
# === STDERR (CG iteration log + preamble) ===
Instance: 80 vertices, 440 arcs, 543 commodities, 80 sources
Pricing threads: 32 (auto)
Slack mode: CommodityRows (struct=80, capped_arcs=440)
   It           UB           LB       LP_obj   #col   #row  #slk   +col   -col   +cut   -cut    t_LP    t_PR    t_SP   t_Tot     t_acc
    1          inf   1.6746e+08   1.7178e+07    160     80    80      0      0      0      0   0.006   0.000   0.000   0.007     0.007
    2          inf   1.6746e+08   1.3972e+08    160    126    30      0      0     46      0   0.000   0.000   0.000   0.000     0.007
    3          inf   1.6746e+08   4.0133e+08    235    130    64     75      0      4      0   0.003   0.000   0.000   0.004     0.011
    4          inf   1.6746e+08   1.9983e+09    311    133    61     76      0      3      0   0.004   0.000   0.000   0.004     0.015
    5          inf   1.6746e+08   7.9506e+09    391    141    46     80      0      8      0   0.004   0.000   0.000   0.004     0.019
    6          inf   1.6746e+08   1.4360e+10    466    155    36     78      3     14      0   0.004   0.000   0.000   0.005     0.024
    7          inf   1.6746e+08   1.2852e+10    546    171    29     80      0     16      0   0.007   0.000   0.000   0.008     0.032
    8          inf   1.6746e+08   1.1286e+10    595    188    20     80     31     17      0   0.007   0.000   0.000   0.008     0.040
    9          inf   1.6746e+08   5.8733e+09    642    197    11     80     33      9      0   0.008   0.000   0.000   0.009     0.049
   10          inf   1.6746e+08   1.5591e+09    690    209     5     80     32     12      0   0.009   0.000   0.000   0.010     0.059
   11          inf   1.6746e+08   3.3827e+08    719    222     1     80     51     13      0   0.018   0.000   0.000   0.018     0.077
   12          inf   1.7062e+08   1.8837e+08    749    223     0     80     50      1      0   0.018   0.000   0.000   0.018     0.096
   13          inf   1.7569e+08   1.8610e+08    787    225     0     80     42      2      0   0.016   0.000   0.000   0.017     0.113
   14          inf   1.7604e+08   1.8501e+08    831    229     0     80     36      4      0   0.017   0.000   0.000   0.018     0.130
   15          inf   1.7786e+08   1.8436e+08    858    227     0     80     53      2      4   0.020   0.000   0.000   0.020     0.151
   16   1.8377e+08   1.8025e+08   1.8377e+08    854    220     0     79     83      0      7   0.020   0.000   0.000   0.020     0.171
   17   1.8377e+08   1.8025e+08   1.8328e+08    807    209     0     80    127      1     12   0.017   0.000   0.000   0.018     0.189
   18   1.8377e+08   1.8060e+08   1.8291e+08    790    201     0     80     97      1      9   0.013   0.000   0.000   0.014     0.203
   19   1.8269e+08   1.8068e+08   1.8269e+08    797    197     0     76     69      0      4   0.012   0.000   0.000   0.012     0.215
   20   1.8269e+08   1.8161e+08   1.8258e+08    806    198     0     76     67      1      0   0.012   0.000   0.000   0.013     0.228
   21   1.8250e+08   1.8199e+08   1.8250e+08    809    196     0     75     72      0      2   0.013   0.000   0.000   0.014     0.242
   22   1.8250e+08   1.8226e+08   1.8245e+08    808    193     0     69     70      1      4   0.015   0.000   0.000   0.016     0.257
   23   1.8250e+08   1.8239e+08   1.8244e+08    770    194     0     35     73      1      0   0.014   0.000   0.000   0.014     0.271
   24   1.8250e+08   1.8242e+08   1.8244e+08    768    195     0     72     74      1      0   0.015   0.000   0.000   0.016     0.287
   25   1.8244e+08   1.8244e+08   1.8244e+08    768    195     0     *1      0      0      0   0.013   0.000   0.000   0.013     0.300
CG optimal after 25 iterations. UB=182438134.007252 LB=182438131.812770 gap=2.194e+00 tol=1.824e+04  t_LP=0.286  t_PR=0.005  t_SP=0.003  t_Tot=0.301

# === STDOUT (result CSV) ===
instance,formulation,iterations,columns,objective,lower_bound,optimal,time,time_lp,time_pricing,time_separation
/home/simon/code/my/mcfcg/data/commalab/planar/planar80,tree,25,688,182438134.007252,182438131.812770,1,0.305,0.286,0.005,0.003
