# cmd: /home/simon/code/my/mcfcg/build/mcfcg_cli /home/simon/code/my/mcfcg/data/commalab/planar/planar2500 --solver mosek --formulation tree --max-iters 10000 --time-limit 7200.0
# outcome: ok
# returncode: 0
# === STDERR (CG iteration log + preamble) ===
Instance: 2500 vertices, 12990 arcs, 81430 commodities, 2500 sources
Pricing threads: 32 (auto)
Slack mode: CommodityRows (struct=2500, capped_arcs=12990)
   It           UB           LB       LP_obj   #col   #row  #slk   +col   -col   +cut   -cut    t_LP    t_PR    t_SP   t_Tot     t_acc
    1          inf   1.0946e+10   5.1076e+08   5000   2500  2500      0      0      0      0   0.008   0.092   0.001   0.102     0.102
    2          inf   1.0946e+10   5.1045e+09   5000   2500  2483      0      0      0      0   0.001   0.097   0.001   0.099     0.201
    3          inf   1.0946e+10   1.0946e+10   5000   4193     0      0      0   1693      0   0.001   0.095   0.045   0.141     0.342
    4          inf   1.0946e+10   4.1887e+10   7496   4193  1984   2496      0      0      0   6.119   0.047   0.002   6.241     6.582
    5          inf   1.0946e+10   3.0039e+11   9996   4193  1955   2500      0      0      0   7.745   0.058   0.003   7.857    14.439
    6          inf   1.0946e+10   1.0727e+12  12496   4194  1944   2500      0      1      0   7.200   0.062   0.034   7.386    21.825
    7          inf   1.0946e+10   1.5933e+12  14996   4200  1625   2500      0      6      0  10.975   0.064   0.039  11.163    32.988
    8          inf   1.0946e+10   1.4954e+12  17496   4203  1528   2500      0      3      0  12.798   0.049   0.055  12.992    45.981
    9          inf   1.0946e+10   1.3861e+12  18292   3821  1415   2500   1704      6    388  15.978   0.064   0.056  16.213    62.194
   10          inf   1.0946e+10   1.2669e+12  18808   3841  1312   2500   1984     20      0   8.692   0.065   0.051   8.901    71.095
   11          inf   1.0946e+10   1.1960e+12  19243   3854  1228   2500   2065     13      0  10.529   0.061   0.049  10.731    81.825
   12          inf   1.0946e+10   1.1135e+12  19454   3860  1151   2500   2289      6      0   8.843   0.064   0.049   9.050    90.875
   13          inf   1.0946e+10   1.0144e+12  19767   3896  1044   2500   2187     36      0   8.892   0.060   0.049   9.090    99.965
   14          inf   1.0946e+10   9.5787e+11  20098   3920   996   2500   2169     24      0   8.882   0.063   0.046   9.080   109.045
   15          inf   1.0946e+10   8.8686e+11  20366   3948   920   2500   2232     28      0   7.785   0.063   0.047   7.983   117.028
   16          inf   1.0946e+10   8.1740e+11  20590   3955   849   2500   2276     54     47   7.450   0.065   0.047   7.653   124.681
   17          inf   1.0946e+10   7.7258e+11  20843   3981   810   2500   2247     26      0   8.528   0.066   0.041   8.720   133.401
   18          inf   1.0946e+10   7.1359e+11  21127   4037   745   2500   2216     57      1   8.195   0.065   0.046   8.399   141.800
   19          inf   1.0946e+10   6.5055e+11  21225   4094   693   2500   2402     57      0   9.098   0.061   0.047   9.294   151.093
   20          inf   1.0946e+10   5.9775e+11  21367   4155   635   2500   2358     66      5   8.990   0.065   0.048   9.196   160.289
   21          inf   1.0946e+10   5.3361e+11  21569   4151   564   2500   2298     53     57   8.790   0.064   0.049   8.994   169.283
   22          inf   1.0946e+10   4.8411e+11  21746   4143   517   2500   2323     44     52   8.686   0.062   0.049   8.890   178.172
   23          inf   1.0946e+10   4.3364e+11  21933   4197   460   2500   2313     54      0   8.431   0.063   0.047   8.628   186.800
   24          inf   1.0946e+10   3.8774e+11  22158   4255   406   2500   2275     58      0   8.306   0.063   0.049   8.504   195.305
   25          inf   1.0946e+10   3.3712e+11  22348   4333   356   2500   2310     78      0   9.188   0.047   0.047   9.371   204.675
   26          inf   1.0946e+10   2.9720e+11  22517   4378   319   2500   2331     45      0   7.620   0.062   0.051   7.823   212.498
   27          inf   1.0946e+10   2.5480e+11  22626   4423   273   2500   2391     45      0   9.487   0.053   0.050   9.680   222.178
   28          inf   1.0946e+10   2.1741e+11  22703   4471   233   2500   2423     48      0  10.184   0.062   0.051  10.387   232.564
   29          inf   1.0946e+10   1.8503e+11  22760   4242   194   2500   2443     54    283   9.609   0.062   0.048   9.819   242.384
   30          inf   1.0946e+10   1.5409e+11  22783   4234   160   2500   2477     52     60   8.268   0.063   0.042   8.460   250.844
   31          inf   1.0946e+10   1.1689e+11  22837   4290   122   2500   2446     76     20   7.956   0.066   0.041   8.151   258.995
   32          inf   1.0946e+10   9.3350e+10  22879   4257   102   2500   2458     45     78   9.072   0.051   0.048   9.265   268.260
   33          inf   1.0946e+10   6.2861e+10  22945   4299    58   2500   2434     76     34   8.186   0.063   0.041   8.376   276.636
   34          inf   1.0946e+10   4.4057e+10  22985   4283    40   2500   2460     62     78  10.787   0.064   0.041  10.976   287.612
   35          inf   1.0946e+10   2.6262e+10  22981   4274    21   2500   2504     58     67   9.225   0.064   0.040   9.413   297.025
   36          inf   1.0946e+10   1.3426e+10  23022   4250     0   2500   2459     51     75  14.606   0.064   0.043  14.796   311.822
   37          inf   1.0946e+10   1.3371e+10  23029   4250     0   2500   2493     45     45  11.697   0.063   0.041  11.882   323.704
   38          inf   1.0963e+10   1.3335e+10  23164   4252     0   2500   2365     41     39  11.215   0.063   0.041  11.407   335.111
   39          inf   1.1063e+10   1.3307e+10  23231   4249     0   2500   2433     34     37  12.350   0.059   0.043  12.538   347.649
   40          inf   1.1081e+10   1.3277e+10  23255   4272     0   2500   2476     46     23  11.282   0.063   0.043  11.479   359.128
   41          inf   1.1081e+10   1.3246e+10  23103   4271     0   2500   2652     46     47  11.345   0.064   0.044  11.539   370.667
   42          inf   1.1081e+10   1.3209e+10  22967   4302     0   2500   2636     86     55  10.189   0.061   0.047  10.389   381.056
   43          inf   1.1081e+10   1.3174e+10  23051   4283     0   2500   2416     37     56  11.371   0.063   0.048  11.573   392.629
   44          inf   1.1105e+10   1.3138e+10  23230   4272     0   2500   2321     56     67  11.168   0.059   0.050  11.371   403.999
   45          inf   1.1265e+10   1.3104e+10  23374   4247     0   2500   2356     43     68  11.898   0.062   0.049  12.104   416.103
   46          inf   1.1308e+10   1.3073e+10  23486   4231     0   2500   2388     53     69  11.202   0.064   0.050  11.411   427.514
   47          inf   1.1468e+10   1.3047e+10  23625   4216     0   2500   2361     46     61  11.604   0.055   0.052  11.806   439.320
   48          inf   1.1557e+10   1.3024e+10  23655   4183     0   2500   2470     27     60  11.722   0.065   0.049  11.930   451.250
   49          inf   1.1671e+10   1.3001e+10  23704   4179     0   2500   2451     53     57  10.222   0.062   0.048  10.426   461.676
   50          inf   1.1795e+10   1.2980e+10  23652   4187     0   2500   2552     55     47  10.807   0.065   0.048  11.012   472.688
   51          inf   1.1795e+10   1.2963e+10  23658   4162     0   2500   2494     36     61  10.559   0.060   0.050  10.763   483.451
   52          inf   1.1887e+10   1.2944e+10  23684   4178     0   2500   2474     52     36  11.451   0.063   0.049  11.657   495.109
   53          inf   1.1963e+10   1.2925e+10  23686   4184     0   2500   2498     67     61  10.924   0.063   0.050  11.131   506.239
   54          inf   1.1963e+10   1.2910e+10  23724   4180     0   2500   2462     38     42  11.062   0.062   0.051  11.272   517.511
   55          inf   1.1965e+10   1.2891e+10  23761   4172     0   2500   2463     39     47  10.051   0.061   0.050  10.259   527.770
   56          inf   1.1965e+10   1.2876e+10  23824   4197     0   2500   2437     62     37   9.718   0.063   0.051   9.927   537.697
   57          inf   1.2040e+10   1.2863e+10  23894   4198     0   2500   2430     52     51  10.898   0.060   0.051  11.109   548.805
   58          inf   1.2092e+10   1.2849e+10  23909   4198     0   2500   2485     39     39  12.043   0.064   0.051  12.254   561.059
   59          inf   1.2146e+10   1.2837e+10  24026   4210     0   2500   2383     52     40  10.196   0.063   0.050  10.413   571.472
   60          inf   1.2154e+10   1.2827e+10  24046   4217     0   2500   2480     47     40  11.758   0.062   0.051  11.967   583.440
   61          inf   1.2204e+10   1.2817e+10  24024   4228     0   2500   2522     46     35  10.956   0.063   0.050  11.167   594.607
   62          inf   1.2242e+10   1.2808e+10  23972   4232     0   2500   2552     35     31  12.274   0.061   0.052  12.488   607.095
   63          inf   1.2248e+10   1.2797e+10  23900   4236     0   2500   2572     49     45  11.724   0.063   0.052  11.940   619.035
   64          inf   1.2266e+10   1.2789e+10  23921   4223     0   2500   2479     24     37  12.320   0.063   0.053  12.536   631.571
   65          inf   1.2290e+10   1.2780e+10  23949   4226     0   2500   2472     37     34  12.739   0.063   0.052  12.955   644.526
   66          inf   1.2290e+10   1.2772e+10  23962   4215     0   2500   2487     27     38  11.689   0.064   0.053  11.905   656.431
   67          inf   1.2357e+10   1.2766e+10  23991   4204     0   2500   2471     36     47  11.307   0.064   0.053  11.533   667.963
   68          inf   1.2357e+10   1.2759e+10  24020   4196     0   2500   2471     32     40  10.909   0.059   0.052  11.121   679.085
   69          inf   1.2376e+10   1.2754e+10  24017   4205     0   2500   2503     39     30   9.419   0.058   0.053   9.631   688.716
   70          inf   1.2389e+10   1.2748e+10  24004   4183     0   2500   2513     31     53  12.759   0.062   0.052  12.973   701.689
   71          inf   1.2393e+10   1.2742e+10  24052   4190     0   2500   2452     39     32  11.333   0.049   0.054  11.536   713.225
   72          inf   1.2398e+10   1.2737e+10  24011   4209     0   2500   2541     39     20  10.598   0.061   0.053  10.811   724.036
   73          inf   1.2422e+10   1.2732e+10  24061   4217     0   2500   2450     26     18   9.927   0.063   0.052  10.141   734.177
   74          inf   1.2435e+10   1.2727e+10  24083   4208     0   2500   2478     21     30  11.956   0.060   0.054  12.170   746.347
   75          inf   1.2443e+10   1.2723e+10  24128   4213     0   2500   2455     34     29  12.412   0.064   0.053  12.629   758.975
   76          inf   1.2458e+10   1.2719e+10  24203   4215     0   2500   2425     27     25  11.993   0.064   0.053  12.211   771.186
   77          inf   1.2475e+10   1.2715e+10  24239   4227     0   2500   2464     30     18  11.115   0.063   0.054  11.335   782.521
   78          inf   1.2475e+10   1.2711e+10  24288   4222     0   2500   2451     21     26  11.976   0.061   0.053  12.192   794.714
   79          inf   1.2489e+10   1.2708e+10  24263   4224     0   2500   2525     21     19  12.369   0.064   0.054  12.588   807.301
   80          inf   1.2503e+10   1.2705e+10  24215   4215     0   2500   2548     18     27  11.915   0.064   0.055  12.138   819.439
   81          inf   1.2509e+10   1.2702e+10  24246   4209     0   2500   2469     25     31  10.834   0.063   0.054  11.056   830.496
   82          inf   1.2528e+10   1.2700e+10  24187   4211     0   2500   2559     26     24  11.452   0.060   0.055  11.670   842.166
   83          inf   1.2528e+10   1.2697e+10  24190   4203     0   2500   2497     21     29  12.006   0.063   0.054  12.226   854.392
   84          inf   1.2533e+10   1.2695e+10  24190   4202     0   2500   2500     20     21  11.348   0.061   0.055  11.567   865.959
   85          inf   1.2533e+10   1.2693e+10  24196   4199     0   2500   2494     18     21  11.206   0.062   0.053  11.422   877.381
   86          inf   1.2546e+10   1.2691e+10  24145   4188     0   2500   2551     16     27  12.328   0.062   0.054  12.546   889.927
   87          inf   1.2551e+10   1.2689e+10  24132   4187     0   2500   2513     24     25  11.709   0.061   0.052  11.924   901.851
   88          inf   1.2555e+10   1.2686e+10  24219   4192     0   2500   2413     24     19  10.295   0.063   0.053  10.514   912.365
   89          inf   1.2560e+10   1.2685e+10  24177   4200     0   2500   2542     19     11  10.845   0.063   0.054  11.065   923.430
   90          inf   1.2565e+10   1.2683e+10  24238   4208     0   2500   2439     28     20  10.230   0.062   0.055  10.449   933.879
   91          inf   1.2567e+10   1.2681e+10  24233   4210     0   2500   2505     13     11  12.089   0.062   0.055  12.315   946.195
   92          inf   1.2575e+10   1.2680e+10  24236   4210     0   2500   2497     18     18  11.373   0.062   0.055  11.593   957.788
   93          inf   1.2579e+10   1.2679e+10  24230   4212     0   2500   2506     14     12  11.943   0.050   0.057  12.152   969.940
   94          inf   1.2579e+10   1.2677e+10  24257   4218     0   2500   2473     15      9  10.860   0.063   0.056  11.082   981.022
   95          inf   1.2593e+10   1.2676e+10  24256   4218     0   2500   2501     15     15  12.082   0.064   0.056  12.305   993.326
   96          inf   1.2593e+10   1.2675e+10  24300   4215     0   2500   2456     10     13  12.271   0.064   0.055  12.493  1005.819
   97          inf   1.2594e+10   1.2674e+10  24298   4223     0   2500   2502     21     13  12.298   0.064   0.055  12.521  1018.340
   98          inf   1.2602e+10   1.2673e+10  24328   4231     0   2500   2470     17      9  12.208   0.056   0.056  12.425  1030.765
   99          inf   1.2602e+10   1.2672e+10  24318   4232     0   2500   2510     15     14  11.018   0.062   0.056  11.248  1042.013
  100          inf   1.2613e+10   1.2672e+10  24248   4234     0   2500   2570     14     12  11.465   0.060   0.057  11.686  1053.698
  101          inf   1.2613e+10   1.2671e+10  24245   4234     0   2500   2503     14     14  11.608   0.063   0.056  11.831  1065.529
  102          inf   1.2614e+10   1.2670e+10  24207   4231     0   2500   2538     11     14  12.128   0.063   0.056  12.353  1077.882
  103          inf   1.2615e+10   1.2670e+10  24174   4228     0   2500   2533     10     13  13.495   0.059   0.057  13.714  1091.596
  104          inf   1.2617e+10   1.2669e+10  24183   4234     0   2500   2491     14      8  12.371   0.064   0.055  12.593  1104.189
  105          inf   1.2620e+10   1.2669e+10  24150   4238     0   2500   2533     13      9  11.764   0.064   0.056  11.987  1116.176
  106          inf   1.2623e+10   1.2668e+10  24152   4236     0   2500   2498     11     13  11.850   0.062   0.056  12.072  1128.248
  107          inf   1.2624e+10   1.2668e+10  24152   4242     0   2500   2500     13      7  12.272   0.063   0.056  12.495  1140.743
  108          inf   1.2629e+10   1.2667e+10  24168   4244     0   2500   2484      7      5  12.314   0.062   0.054  12.533  1153.276
  109          inf   1.2630e+10   1.2667e+10  24133   4247     0   2500   2535     10      7  11.739   0.061   0.055  11.960  1165.236
  110          inf   1.2634e+10   1.2666e+10  24167   4246     0   2500   2466      5      6  13.648   0.059   0.058  13.867  1179.103
  111          inf   1.2634e+10   1.2666e+10  24175   4247     0   2500   2492      8      7  11.989   0.064   0.056  12.215  1191.318
  112          inf   1.2636e+10   1.2666e+10  24191   4252     0   2500   2484     11      6  12.276   0.065   0.057  12.504  1203.822
  113          inf   1.2638e+10   1.2665e+10  24221   4252     0   2500   2470     10     10  11.850   0.062   0.056  12.071  1215.893
  114          inf   1.2639e+10   1.2665e+10  24194   4249     0   2500   2527      6      9  12.357   0.064   0.055  12.578  1228.471
  115          inf   1.2640e+10   1.2665e+10  24205   4251     0   2500   2489      5      3  13.174   0.063   0.056  13.397  1241.869
  116          inf   1.2642e+10   1.2665e+10  24143   4244     0   2500   2562      2      9  11.787   0.062   0.057  12.011  1253.879
  117          inf   1.2644e+10   1.2664e+10  24112   4246     0   2500   2531      4      2  13.048   0.064   0.055  13.270  1267.150
  118          inf   1.2646e+10   1.2664e+10  24081   4242     0   2500   2531      7     11  13.150   0.062   0.056  13.372  1280.522
  119          inf   1.2646e+10   1.2664e+10  24070   4248     0   2500   2511     10      4  11.646   0.054   0.056  11.866  1292.388
  120          inf   1.2647e+10   1.2664e+10  24115   4249     0   2500   2455      3      2  12.679   0.063   0.056  12.902  1305.289
  121          inf   1.2648e+10   1.2664e+10  24186   4252     0   2500   2429      6      3  13.319   0.062   0.055  13.542  1318.832
  122          inf   1.2649e+10   1.2664e+10  24198   4257     0   2500   2488      7      2  12.759   0.065   0.056  12.986  1331.818
  123          inf   1.2651e+10   1.2663e+10  24248   4268     0   2500   2450     14      3  11.486   0.047   0.060  11.699  1343.516
  124          inf   1.2652e+10   1.2663e+10  24327   4269     0   2500   2421      4      3  12.332   0.062   0.056  12.556  1356.072
  125          inf   1.2653e+10   1.2663e+10  24318   4269     0   2500   2509      2      2  11.423   0.063   0.056  11.647  1367.719
  126          inf   1.2654e+10   1.2663e+10  24325   4264     0   2500   2493      2      7  12.584   0.050   0.062  12.803  1380.522
  127          inf   1.2655e+10   1.2663e+10  24386   4260     0   2500   2439      1      5  13.345   0.064   0.056  13.567  1394.090
  128          inf   1.2655e+10   1.2663e+10  24519   4263     0   2500   2367      5      2  11.718   0.062   0.057  11.944  1406.034
  129          inf   1.2656e+10   1.2663e+10  24564   4264     0   2500   2455      5      4  12.343   0.058   0.060  12.573  1418.606
  130          inf   1.2657e+10   1.2663e+10  24576   4263     0   2500   2488      2      3  14.313   0.060   0.058  14.547  1433.153
  131          inf   1.2657e+10   1.2663e+10  24569   4263     0   2500   2507      3      3  12.792   0.061   0.056  13.016  1446.169
  132          inf   1.2657e+10   1.2663e+10  24608   4266     0   2500   2461      4      1  14.223   0.061   0.058  14.448  1460.617
  133          inf   1.2658e+10   1.2663e+10  24594   4269     0   2500   2514      3      0  13.620   0.061   0.077  13.859  1474.476
  134          inf   1.2658e+10   1.2663e+10  24509   4268     0   2500   2585      2      3  13.713   0.048   0.060  13.928  1488.404
  135          inf   1.2659e+10   1.2663e+10  24596   4270     0   2500   2413      3      1  13.714   0.059   0.057  13.934  1502.339
  136          inf   1.2660e+10   1.2662e+10  24557   4269     0   2500   2539      1      2  14.513   0.061   0.058  14.737  1517.075
  137          inf   1.2660e+10   1.2662e+10  24626   4271     0   2500   2431      2      0  14.379   0.054   0.062  14.595  1531.670
  138          inf   1.2660e+10   1.2662e+10  24576   4270     0   2500   2550      1      2  15.898   0.061   0.059  16.124  1547.794
  139          inf   1.2660e+10   1.2662e+10  24778   4271     0   2500   2298      2      1  14.641   0.063   0.059  14.871  1562.665
  140   1.2662e+10   1.2660e+10   1.2662e+10  24698   4271     0   2500   2580      0      0  14.475   0.058   0.009  14.590  1577.255
  141   1.2662e+10   1.2661e+10   1.2662e+10  24846   4272     0   2500   2352      1      0  15.254   0.060   0.059  15.481  1592.736
  142   1.2662e+10   1.2661e+10   1.2662e+10  24846   4272     0  *2500      0      0      0  14.898   0.058   0.009  14.965  1607.701
CG optimal after 142 iterations. UB=12662373689.707756 LB=12661192291.398283 gap=1.181e+06 tol=1.266e+06  t_LP=1578.280  t_PR=8.882  t_SP=7.120  t_Tot=1607.801

# === STDOUT (result CSV) ===
instance,formulation,iterations,columns,objective,lower_bound,optimal,time,time_lp,time_pricing,time_separation
/home/simon/code/my/mcfcg/data/commalab/planar/planar2500,tree,142,22346,12662373689.707756,12661192291.398283,1,1607.836,1578.280,8.882,7.120
