# cmd: /home/simon/code/my/mcfcg/build/mcfcg_cli /home/simon/code/my/mcfcg/data/commalab/planar/planar800 --solver mosek --formulation tree --max-iters 10000 --time-limit 7200.0
# outcome: ok
# returncode: 0
# === STDERR (CG iteration log + preamble) ===
Instance: 800 vertices, 4388 arcs, 12756 commodities, 800 sources
Pricing threads: 32 (auto)
Slack mode: CommodityRows (struct=800, capped_arcs=4388)
   It           UB           LB       LP_obj   #col   #row  #slk   +col   -col   +cut   -cut    t_LP    t_PR    t_SP   t_Tot     t_acc
    1          inf   1.1440e+09   4.6119e+08   1600    800   793      0      0      0      0   0.007   0.012   0.001   0.020     0.020
    2          inf   1.1440e+09   1.1440e+09   1600   1017     0      0      0    217      0   0.000   0.011   0.003   0.014     0.034
    3          inf   1.1440e+09   2.5378e+09   2399   1017   357    799      0      0      0   0.175   0.005   0.001   0.185     0.219
    4          inf   1.1440e+09   6.2587e+09   3199   1017   432    800      0      0      0   0.199   0.008   0.001   0.211     0.430
    5          inf   1.1440e+09   1.2788e+10   3999   1019   282    800      0      2      0   0.244   0.006   0.003   0.259     0.689
    6          inf   1.1440e+09   1.8212e+10   4799   1020   305    800      0      1      0   0.226   0.007   0.002   0.241     0.929
    7          inf   1.1440e+09   3.6407e+10   5598   1021   185    799      0      1      0   0.261   0.007   0.003   0.276     1.205
    8          inf   1.1440e+09   1.7089e+10   6281    944    72    799    116     10     87   0.251   0.007   0.003   0.269     1.474
    9          inf   1.1440e+09   1.4686e+09   6536    965     7    800    545     21      0   0.256   0.007   0.004   0.274     1.748
   10          inf   1.1440e+09   2.2680e+09   6788    961     3    800    548      2      6   0.240   0.007   0.003   0.257     2.005
   11          inf   1.1553e+09   1.1726e+09   6946    963     0    800    642      2      0   0.217   0.006   0.004   0.234     2.239
   12          inf   1.1581e+09   1.1711e+09   7197    965     0    800    549      2      0   0.172   0.007   0.004   0.190     2.429
   13          inf   1.1601e+09   1.1695e+09   7434    967     0    798    561      4      2   0.201   0.007   0.004   0.219     2.648
   14          inf   1.1616e+09   1.1687e+09   7412    967     0    799    821      2      2   0.211   0.007   0.004   0.229     2.877
   15          inf   1.1627e+09   1.1682e+09   7128    951     0    798   1082      2     18   0.217   0.007   0.004   0.236     3.113
   16   1.1679e+09   1.1654e+09   1.1679e+09   6976    945     0    796    948      0      6   0.191   0.007   0.002   0.205     3.319
   17   1.1679e+09   1.1660e+09   1.1677e+09   7006    941     0    797    767      3      7   0.190   0.007   0.004   0.207     3.526
   18   1.1679e+09   1.1666e+09   1.1675e+09   7010    938     0    795    791      1      4   0.263   0.007   0.004   0.280     3.806
   19   1.1679e+09   1.1668e+09   1.1675e+09   7056    938     0    791    745      2      2   0.187   0.007   0.004   0.205     4.011
   20   1.1679e+09   1.1671e+09   1.1674e+09   7068    936     0    795    783      2      4   0.219   0.007   0.004   0.238     4.249
   21   1.1674e+09   1.1672e+09   1.1674e+09   7072    934     0    794    790      0      2   0.266   0.007   0.002   0.280     4.529
   22   1.1674e+09   1.1673e+09   1.1674e+09   7072    934     0   *790      0      0      0   0.221   0.007   0.002   0.230     4.758
CG optimal after 22 iterations. UB=1167374621.646405 LB=1167302144.643095 gap=7.248e+04 tol=1.167e+05  t_LP=4.413  t_PR=0.178  t_SP=0.061  t_Tot=4.780

# === STDOUT (result CSV) ===
instance,formulation,iterations,columns,objective,lower_bound,optimal,time,time_lp,time_pricing,time_separation
/home/simon/code/my/mcfcg/data/commalab/planar/planar800,tree,22,6272,1167374621.646405,1167302144.643095,1,4.790,4.413,0.178,0.061
