# cmd: /home/simon/code/my/mcfcg/build/mcfcg_cli /home/simon/code/my/mcfcg/data/commalab/planar/planar100 --solver mosek --formulation tree --max-iters 10000 --time-limit 7200.0
# outcome: ok
# returncode: 0
# === STDERR (CG iteration log + preamble) ===
Instance: 100 vertices, 532 arcs, 1085 commodities, 100 sources
Pricing threads: 32 (auto)
Slack mode: CommodityRows (struct=100, capped_arcs=532)
   It           UB           LB       LP_obj   #col   #row  #slk   +col   -col   +cut   -cut    t_LP    t_PR    t_SP   t_Tot     t_acc
    1          inf   2.1492e+08   3.1028e+06    200    100   100      0      0      0      0   0.006   0.000   0.000   0.007     0.007
    2          inf   2.1492e+08   3.0947e+07    200    100    99      0      0      0      0   0.000   0.001   0.000   0.001     0.008
    3          inf   2.1492e+08   2.0963e+08    200    162    15      0      0     62      0   0.000   0.000   0.000   0.001     0.008
    4          inf   2.1492e+08   3.1972e+08    293    162    74     93      0      0      0   0.005   0.000   0.000   0.006     0.014
    5          inf   2.1492e+08   1.1438e+09    393    169    49    100      0      7      0   0.005   0.000   0.000   0.006     0.020
    6          inf   2.1492e+08   2.0414e+09    492    175    52     99      0      6      0   0.006   0.000   0.000   0.007     0.027
    7          inf   2.1492e+08   4.3695e+09    592    186    27    100      0     11      0   0.008   0.000   0.000   0.009     0.035
    8          inf   2.1492e+08   3.4444e+09    692    198    16    100      0     12      0   0.010   0.000   0.000   0.011     0.046
    9          inf   2.1492e+08   3.0610e+09    770    207    11    100     22      9      0   0.011   0.000   0.000   0.012     0.058
   10          inf   2.1492e+08   2.3820e+08    843    217     0     99     26     10      0   0.014   0.000   0.000   0.015     0.074
   11          inf   2.1492e+08   3.7059e+08    885    221     1     99     57      4      0   0.018   0.000   0.000   0.019     0.092
   12          inf   2.2222e+08   2.3581e+08    936    222     0     98     47      1      0   0.014   0.000   0.000   0.015     0.107
   13   2.3434e+08   2.2584e+08   2.3434e+08    976    222     0     99     59      0      0   0.016   0.000   0.000   0.016     0.123
   14   2.3434e+08   2.2730e+08   2.3353e+08    996    218     0     98     78      1      5   0.016   0.000   0.000   0.017     0.140
   15   2.3434e+08   2.2826e+08   2.3278e+08    991    215     0    100    105      1      4   0.019   0.000   0.000   0.020     0.159
   16   2.3225e+08   2.2972e+08   2.3225e+08    999    212     0     98     90      0      3   0.016   0.000   0.000   0.017     0.176
   17   2.3196e+08   2.2988e+08   2.3196e+08    945    203     0     97    151      0      9   0.017   0.000   0.000   0.018     0.195
   18   2.3173e+08   2.3063e+08   2.3173e+08    943    199     0     97     99      0      4   0.014   0.000   0.000   0.014     0.209
   19   2.3153e+08   2.3075e+08   2.3153e+08    956    196     0     99     86      0      3   0.013   0.000   0.000   0.014     0.223
   20   2.3153e+08   2.3099e+08   2.3143e+08    944    195     0     95    107      1      2   0.015   0.000   0.000   0.016     0.239
   21   2.3138e+08   2.3107e+08   2.3138e+08    924    191     0     94    114      0      4   0.014   0.000   0.000   0.015     0.254
   22   2.3138e+08   2.3127e+08   2.3136e+08    931    192     0     95     88      1      0   0.015   0.000   0.000   0.016     0.269
   23   2.3135e+08   2.3132e+08   2.3135e+08    931    192     0    *76      0      0      0   0.016   0.000   0.000   0.017     0.286
CG optimal after 23 iterations. UB=231345214.523257 LB=231324382.027612 gap=2.083e+04 tol=2.313e+04  t_LP=0.270  t_PR=0.007  t_SP=0.003  t_Tot=0.287

# === STDOUT (result CSV) ===
instance,formulation,iterations,columns,objective,lower_bound,optimal,time,time_lp,time_pricing,time_separation
/home/simon/code/my/mcfcg/data/commalab/planar/planar100,tree,23,831,231345214.523257,231324382.027612,1,0.292,0.270,0.007,0.003
