# cmd: /home/simon/code/my/mcfcg/build/mcfcg_cli /home/simon/code/my/mcfcg/data/commalab/planar/planar800 --solver mosek --formulation path --max-iters 10000 --time-limit 7200.0
# outcome: ok
# returncode: 0
# === STDERR (CG iteration log + preamble) ===
Instance: 800 vertices, 4388 arcs, 12756 commodities, 800 sources
Pricing threads: 32 (auto)
Slack mode: EdgeRows (struct=12756, capped_arcs=4388)
   It           UB           LB       LP_obj   #col   #row  #slk   +col   -col   +cut   -cut    t_LP    t_PR    t_SP   t_Tot     t_acc
    1          inf   1.1440e+09   1.1440e+09  12973  12973     0      0      0    217      0   0.026   0.013   0.011   0.050     0.050
    2          inf   1.1440e+09   1.5566e+11  23473  12973   217  10500      0      0      0   0.477   0.007   0.001   0.493     0.543
    3          inf   1.1440e+09   1.1904e+09  31703  13012     0   8191      0     39      0   0.440   0.007   0.006   0.468     1.011
    4          inf   1.1440e+09   1.2665e+09  40755  13020     3   9044      0      8      0   0.867   0.007   0.007   0.892     1.903
    5          inf   1.1447e+09   1.1730e+09  48273  13021     0   7517      0      1      0   0.900   0.006   0.010   0.925     2.828
    6          inf   1.1583e+09   1.1693e+09  54353  13022     0   6079      0      1      0   0.938   0.007   0.009   0.963     3.792
    7          inf   1.1641e+09   1.1678e+09  58988  13024     0   4633      0      2      0   1.206   0.007   0.012   1.237     5.028
    8          inf   1.1669e+09   1.1675e+09  55481  12935     0   2504   5922      1     90   1.253   0.005   0.013   1.285     6.313
    9   1.1674e+09   1.1673e+09   1.1674e+09  52563  12911     0   1850   4744      0     24   0.846   0.007   0.001   0.866     7.179
   10   1.1674e+09   1.1673e+09   1.1674e+09  52563  12911     0  *1964      0      0      0   0.798   0.006   0.001   0.806     7.985
CG optimal after 10 iterations. UB=1167389393.037060 LB=1167308837.304835 gap=8.056e+04 tol=1.167e+05  t_LP=7.751  t_PR=0.093  t_SP=0.072  t_Tot=8.007

# === STDOUT (result CSV) ===
instance,formulation,iterations,columns,objective,lower_bound,optimal,time,time_lp,time_pricing,time_separation
/home/simon/code/my/mcfcg/data/commalab/planar/planar800,path,10,52408,1167389393.037060,1167308837.304835,1,8.024,7.751,0.093,0.072
