# cmd: /home/simon/code/my/mcfcg/build/mcfcg_cli /home/simon/code/my/mcfcg/data/commalab/planar/planar100 --solver mosek --formulation path --max-iters 10000 --time-limit 7200.0
# outcome: ok
# returncode: 0
# === STDERR (CG iteration log + preamble) ===
Instance: 100 vertices, 532 arcs, 1085 commodities, 100 sources
Pricing threads: 32 (auto)
Slack mode: EdgeRows (struct=1085, capped_arcs=532)
   It           UB           LB       LP_obj   #col   #row  #slk   +col   -col   +cut   -cut    t_LP    t_PR    t_SP   t_Tot     t_acc
    1          inf   2.1492e+08   2.1492e+08   1170   1170     0      0      0     85      0   0.010   0.000   0.001   0.011     0.011
    2          inf   2.1492e+08   6.4779e+08   2139   1170    85    969      0      0      0   0.020   0.000   0.000   0.021     0.031
    3          inf   2.1784e+08   2.3831e+08   2854   1199     0    686      0     29      0   0.019   0.000   0.000   0.020     0.052
    4          inf   2.1784e+08   2.4914e+08   3668   1208     8    805      0      9      0   0.036   0.000   0.000   0.038     0.089
    5          inf   2.2581e+08   2.3320e+08   4254   1210     0    584      0      2      0   0.040   0.000   0.000   0.041     0.131
    6          inf   2.2984e+08   2.3198e+08   4598   1215     0    339      0      5      0   0.040   0.000   0.000   0.041     0.172
    7          inf   2.3088e+08   2.3158e+08   4778   1221     0    174      0      6      0   0.058   0.000   0.001   0.059     0.231
    8   2.3139e+08   2.3125e+08   2.3139e+08   4283   1197     0     45    516      0     24   0.056   0.000   0.000   0.057     0.288
    9   2.3134e+08   2.3134e+08   2.3134e+08   4283   1197     0     *2      0      0      0   0.034   0.000   0.000   0.034     0.322
CG optimal after 9 iterations. UB=231339851.979194 LB=231337753.861314 gap=2.098e+03 tol=2.313e+04  t_LP=0.312  t_PR=0.004  t_SP=0.003  t_Tot=0.324

# === STDOUT (result CSV) ===
instance,formulation,iterations,columns,objective,lower_bound,optimal,time,time_lp,time_pricing,time_separation
/home/simon/code/my/mcfcg/data/commalab/planar/planar100,path,9,4171,231339851.979194,231337753.861314,1,0.329,0.312,0.004,0.003
