# cmd: /home/simon/code/my/mcfcg/build/mcfcg_cli /home/simon/code/my/mcfcg/data/commalab/planar/planar300 --solver mosek --formulation tree --max-iters 10000 --time-limit 7200.0
# outcome: ok
# returncode: 0
# === STDERR (CG iteration log + preamble) ===
Instance: 300 vertices, 1680 arcs, 3584 commodities, 300 sources
Pricing threads: 32 (auto)
Slack mode: CommodityRows (struct=300, capped_arcs=1680)
   It           UB           LB       LP_obj   #col   #row  #slk   +col   -col   +cut   -cut    t_LP    t_PR    t_SP   t_Tot     t_acc
    1          inf   6.6936e+08   1.3575e+07    600    300   300      0      0      0      0   0.007   0.003   0.000   0.010     0.010
    2          inf   6.6936e+08   1.3575e+08    600    300   300      0      0      0      0   0.000   0.002   0.000   0.002     0.012
    3          inf   6.6936e+08   6.6907e+08    600    457     1      0      0    157      0   0.000   0.002   0.001   0.003     0.015
    4          inf   6.6936e+08   9.3512e+08    898    457   155    298      0      0      0   0.036   0.001   0.000   0.038     0.053
    5          inf   6.6936e+08   2.5164e+09   1196    457   172    298      0      0      0   0.043   0.001   0.000   0.046     0.099
    6          inf   6.6936e+08   4.3276e+09   1496    457   106    300      0      0      0   0.053   0.001   0.000   0.056     0.155
    7          inf   6.6936e+08   4.5410e+09   1796    462    77    300      0      5      0   0.047   0.001   0.000   0.050     0.205
    8          inf   6.6936e+08   3.9460e+09   2096    482    40    300      0     20      0   0.063   0.001   0.001   0.066     0.271
    9          inf   6.6936e+08   2.2183e+09   2347    454    20    300     49      9     37   0.059   0.001   0.001   0.063     0.334
   10          inf   6.6936e+08   6.9853e+08   2487    459     0    300    160      6      1   0.063   0.001   0.001   0.067     0.401
   11          inf   6.7432e+08   6.9543e+08   2589    460     0    300    198      3      2   0.063   0.001   0.001   0.067     0.468
   12   6.9392e+08   6.8126e+08   6.9392e+08   2711    458     0    300    178      0      2   0.056   0.001   0.000   0.058     0.526
   13   6.9392e+08   6.8260e+08   6.9255e+08   2793    458     0    299    217      1      1   0.067   0.001   0.001   0.071     0.597
   14   6.9392e+08   6.8599e+08   6.9167e+08   2827    444     0    300    266      1     15   0.060   0.001   0.001   0.063     0.660
   15   6.9392e+08   6.8745e+08   6.9101e+08   2749    442     0    300    378      3      5   0.057   0.001   0.001   0.060     0.720
   16   6.9392e+08   6.8787e+08   6.9056e+08   2696    441     0    300    353      1      2   0.054   0.001   0.001   0.057     0.778
   17   6.9392e+08   6.8855e+08   6.9033e+08   2694    442     0    298    300      2      1   0.055   0.001   0.001   0.058     0.835
   18   6.9016e+08   6.8911e+08   6.9016e+08   2717    437     0    299    276      0      5   0.057   0.001   0.000   0.059     0.895
   19   6.9016e+08   6.8952e+08   6.9007e+08   2740    437     0    299    276      1      1   0.060   0.001   0.001   0.064     0.959
   20   6.9016e+08   6.8977e+08   6.9002e+08   2762    438     0    299    277      1      0   0.065   0.001   0.001   0.068     1.027
   21   6.8999e+08   6.8987e+08   6.8999e+08   2795    436     0    299    266      0      2   0.079   0.001   0.000   0.082     1.109
   22   6.8998e+08   6.8991e+08   6.8998e+08   2800    436     0    297    292      0      0   0.088   0.001   0.000   0.091     1.199
   23   6.8998e+08   6.8998e+08   6.8998e+08   2800    437     0    *52      0      1      0   0.069   0.001   0.001   0.071     1.270
CG optimal after 23 iterations. UB=689984314.904675 LB=689976681.229520 gap=7.634e+03 tol=6.900e+04  t_LP=1.202  t_PR=0.031  t_SP=0.012  t_Tot=1.274

# === STDOUT (result CSV) ===
instance,formulation,iterations,columns,objective,lower_bound,optimal,time,time_lp,time_pricing,time_separation
/home/simon/code/my/mcfcg/data/commalab/planar/planar300,tree,23,2500,689984314.904675,689976681.229520,1,1.280,1.202,0.031,0.012
