# cmd: /home/simon/code/my/mcfcg/build/mcfcg_cli /home/simon/code/my/mcfcg/data/transportation/BerlinCenter_net.tntp.gz --solver mosek --formulation path --max-iters 10000 --time-limit 7200.0
# outcome: ok
# returncode: 0
# === STDERR (CG iteration log + preamble) ===
TNTP: net=/home/simon/code/my/mcfcg/data/transportation/BerlinCenter_net.tntp.gz trips=/home/simon/code/my/mcfcg/data/transportation/BerlinCenter_trips.tntp.gz coef=0.5
Instance: 12981 vertices, 28376 arcs, 49688 commodities, 865 sources
Pricing threads: 32 (auto)
Slack mode: EdgeRows (struct=49688, capped_arcs=28376)
   It           UB           LB       LP_obj   #col   #row  #slk   +col   -col   +cut   -cut    t_LP    t_PR    t_SP   t_Tot     t_acc
    1          inf   2.6118e+07   2.6118e+07  50223  50223     0      0      0    535      0   0.064   0.063   0.019   0.147     0.147
    2          inf   2.6118e+07   1.2022e+08  83150  50223   535  32927      0      0      0   2.473   0.038   0.003   2.552     2.698
    3          inf   2.6631e+07   2.7704e+07  95816  50405     0  12484      0    182      0   1.261   0.037   0.014   1.340     4.038
    4          inf   2.6631e+07   3.2580e+07 110077  50422    56  14244      0     17      0   3.743   0.035   0.013   3.821     7.859
    5          inf   2.6631e+07   2.8073e+07 115830  50445     2   5730      0     23      0   2.694   0.034   0.015   2.754    10.613
    6          inf   2.6631e+07   2.8149e+07 119762  50456     7   3921      0     11      0   2.662   0.042   0.017   2.731    13.343
    7          inf   2.6955e+07   2.7563e+07 121427  50458     0   1663      0      2      0   2.343   0.030   0.019   2.398    15.741
    8   2.7544e+07   2.7495e+07   2.7544e+07 102336  50326     0   1145  20104      0    132   2.217   0.028   0.005   2.278    18.020
    9   2.7544e+07   2.7524e+07   2.7530e+07  93662  50260     0    432   9040      5     71   1.896   0.042   0.015   1.978    19.997
   10   2.7529e+07   2.7526e+07   2.7529e+07  82251  50217     0    310  11678      0     43   1.646   0.039   0.005   1.711    21.708
   11   2.7529e+07   2.7527e+07   2.7529e+07  82252  50218     0   *123      0      1      0   1.436   0.041   0.012   1.489    23.197
CG optimal after 11 iterations. UB=27529186.918029 LB=27527054.441212 gap=2.132e+03 tol=2.753e+03  t_LP=22.435  t_PR=0.514  t_SP=0.137  t_Tot=23.282

# === STDOUT (result CSV) ===
instance,formulation,iterations,columns,objective,lower_bound,optimal,time,time_lp,time_pricing,time_separation
/home/simon/code/my/mcfcg/data/transportation/BerlinCenter_net.tntp.gz,path,11,81722,27529186.918029,27527054.441212,1,23.322,22.435,0.514,0.137
