# cmd: /home/simon/code/my/mcfcg/build/mcfcg_cli /home/simon/code/my/mcfcg/data/transportation/ChicagoSketch_net.tntp.gz --solver mosek --formulation tree --max-iters 10000 --time-limit 7200.0
# outcome: ok
# returncode: 0
# === STDERR (CG iteration log + preamble) ===
TNTP: net=/home/simon/code/my/mcfcg/data/transportation/ChicagoSketch_net.tntp.gz trips=/home/simon/code/my/mcfcg/data/transportation/ChicagoSketch_trips.tntp.gz coef=2.4
Instance: 933 vertices, 2950 arcs, 93513 commodities, 386 sources
Pricing threads: 32 (auto)
Slack mode: CommodityRows (struct=386, capped_arcs=2950)
   It           UB           LB       LP_obj   #col   #row  #slk   +col   -col   +cut   -cut    t_LP    t_PR    t_SP   t_Tot     t_acc
    1          inf   6.6870e+06   9.6191e+03    772    386   386      0      0      0      0   0.016   0.009   0.000   0.024     0.024
    2          inf   6.6870e+06   9.6191e+04    772    386   386      0      0      0      0   0.000   0.008   0.000   0.008     0.032
    3          inf   6.6870e+06   9.1394e+05    772    386   339      0      0      0      0   0.000   0.007   0.000   0.007     0.039
    4          inf   6.6870e+06   5.1857e+06    772    396    99      0      0     10      0   0.000   0.007   0.000   0.007     0.047
    5          inf   6.6870e+06   1.1395e+07   1119    408   109    347      0     12      0   0.009   0.003   0.000   0.016     0.063
    6          inf   6.6870e+06   7.7027e+06   1446    425    25    339     12     17      0   0.008   0.003   0.001   0.017     0.080
    7          inf   6.6870e+06   8.2942e+06   1826    429    37    380      0      4      0   0.014   0.003   0.001   0.023     0.103
    8          inf   6.6870e+06   8.0027e+06   2204    434     6    378      0      5      0   0.016   0.004   0.001   0.026     0.129
    9          inf   6.6870e+06   6.7167e+06   2581    435     0    377      0      1      0   0.024   0.004   0.001   0.034     0.163
   10          inf   6.6977e+06   6.7108e+06   2899    435     0    374     56      1      1   0.027   0.005   0.001   0.041     0.205
   11   6.7073e+06   6.7035e+06   6.7073e+06   3079    434     0    358    178      0      1   0.025   0.004   0.001   0.038     0.243
   12   6.7065e+06   6.7047e+06   6.7065e+06   3185    432     0    328    222      0      2   0.029   0.004   0.001   0.041     0.284
   13   6.7065e+06   6.7054e+06   6.7061e+06   3125    429     0    309    369      1      4   0.035   0.005   0.002   0.048     0.332
   14   6.7059e+06   6.7054e+06   6.7059e+06   3125    429     0   *222      0      0      0   0.032   0.004   0.001   0.037     0.369
CG optimal after 14 iterations. UB=6705940.383328 LB=6705421.891687 gap=5.185e+02 tol=6.706e+02  t_LP=0.234  t_PR=0.085  t_SP=0.012  t_Tot=0.385

# === STDOUT (result CSV) ===
instance,formulation,iterations,columns,objective,lower_bound,optimal,time,time_lp,time_pricing,time_separation
/home/simon/code/my/mcfcg/data/transportation/ChicagoSketch_net.tntp.gz,tree,14,2739,6705940.383328,6705421.891687,1,0.393,0.234,0.085,0.012
