# cmd: /home/simon/code/my/mcfcg/build/mcfcg_cli /home/simon/code/my/mcfcg/data/transportation/Sydney_net.tntp.gz --solver mosek --formulation tree --max-iters 10000 --time-limit 7200.0
# outcome: ok
# returncode: 0
# === STDERR (CG iteration log + preamble) ===
TNTP: net=/home/simon/code/my/mcfcg/data/transportation/Sydney_net.tntp.gz trips=/home/simon/code/my/mcfcg/data/transportation/Sydney_trips.tntp.gz coef=1.9
Instance: 33113 vertices, 75379 arcs, 3343560 commodities, 3257 sources
Pricing threads: 32 (auto)
Slack mode: CommodityRows (struct=3257, capped_arcs=75379)
   It           UB           LB       LP_obj   #col   #row  #slk   +col   -col   +cut   -cut    t_LP    t_PR    t_SP   t_Tot     t_acc
    1          inf   4.9542e+06   1.5043e+05   6514   3257  3042      0      0      0      0   0.013   1.669   0.006   1.689     1.689
    2          inf   4.9542e+06   1.2093e+06   6514   3257  2028      0      0      0      0   0.002   1.663   0.012   1.677     3.365
    3          inf   4.9542e+06   4.6463e+06   6514   3477    91      0      0    220      0   0.001   1.683   0.031   1.716     5.081
    4          inf   4.9542e+06   5.5261e+06   9757   3482   706   3243      0      5      0   0.347   0.849   0.024   2.057     7.138
    5          inf   4.9542e+06   5.8192e+06  13011   3497   724   3254      0     15      0   0.539   0.858   0.042   2.292     9.430
    6          inf   4.9542e+06   5.6741e+06  16263   3543   230   3252      0     46      0   0.893   0.866   0.059   2.672    12.102
    7          inf   4.9542e+06   5.4928e+06  19507   3601    25   3244      0     58      0   2.182   0.866   0.088   3.999    16.101
    8          inf   4.9542e+06   4.9886e+06  22753   3610     1   3246      0      9      0   3.784   0.830   0.112   5.640    21.741
    9          inf   4.9595e+06   4.9801e+06  25863   3511     0   3236    126      3    102   2.494   0.841   0.124   4.615    26.356
   10   4.9733e+06   4.9611e+06   4.9733e+06  27621   3510     0   3191   1433      0      1   1.972   0.826   0.121   3.948    30.305
   11   4.9733e+06   4.9647e+06   4.9714e+06  28803   3508     0   3177   1995      7      9   1.727   0.847   0.145   3.750    34.055
   12   4.9733e+06   4.9650e+06   4.9699e+06  28455   3471     0   3103   3451      1     38   1.744   0.853   0.155   3.664    37.718
   13   4.9733e+06   4.9650e+06   4.9692e+06  27807   3421     0   3041   3689      2     52   1.298   0.851   0.144   3.223    40.941
   14   4.9733e+06   4.9659e+06   4.9688e+06  26524   3419     0   2955   4238      3      5   0.857   0.851   0.145   2.748    43.689
   15   4.9685e+06   4.9662e+06   4.9685e+06  25969   3409     0   2818   3373      0     10   0.857   0.864   0.125   2.744    46.433
   16   4.9684e+06   4.9663e+06   4.9684e+06  25912   3405     0   2772   2829      0      4   0.953   0.846   0.121   2.798    49.231
   17   4.9683e+06   4.9663e+06   4.9683e+06  25750   3399     0   2477   2639      0      6   0.939   0.856   0.120   2.743    51.975
   18   4.9682e+06   4.9664e+06   4.9682e+06  25112   3391     0   2180   2818      0      8   0.899   0.852   0.125   2.653    54.627
   19   4.9682e+06   4.9664e+06   4.9682e+06  24292   3389     0   1643   2463      0      2   0.843   0.861   0.118   2.525    57.153
   20   4.9682e+06   4.9665e+06   4.9682e+06  23415   3389     0   1088   1965      0      0   0.697   0.890   0.127   2.299    59.452
   21   4.9682e+06   4.9665e+06   4.9682e+06  21798   3389     0    472   2089      0      0   0.815   0.890   0.112   2.258    61.710
   22   4.9682e+06   4.9665e+06   4.9682e+06  20608   3388     0    290   1480      0      1   0.731   0.892   0.101   2.096    63.806
   23   4.9682e+06   4.9665e+06   4.9682e+06  19392   3385     0    120   1336      0      3   0.685   0.865   0.095   1.965    65.770
   24   4.9682e+06   4.9665e+06   4.9682e+06  19011   3383     0     39    420      0      2   0.608   0.856   0.087   1.800    67.570
   25   4.9682e+06   4.9665e+06   4.9682e+06  19011   3383     0      0      0      0      0   0.575   1.701   0.086   2.362    69.932
CG optimal after 25 iterations. UB=4968208.863960 LB=4966456.893163 gap=1.752e+03 tol=4.968e+02  t_LP=26.455  t_PR=26.460  t_SP=2.426  t_Tot=71.669

# === STDOUT (result CSV) ===
instance,formulation,iterations,columns,objective,lower_bound,optimal,time,time_lp,time_pricing,time_separation
/home/simon/code/my/mcfcg/data/transportation/Sydney_net.tntp.gz,tree,25,15754,4968208.863960,4966456.893163,1,72.018,26.455,26.460,2.426
