# cmd: /home/simon/code/my/mcfcg/build/mcfcg_cli /home/simon/code/my/mcfcg/data/transportation/ChicagoRegional_net.tntp.gz --solver mosek --formulation tree --max-iters 10000 --time-limit 7200.0
# outcome: ok
# returncode: 0
# === STDERR (CG iteration log + preamble) ===
TNTP: net=/home/simon/code/my/mcfcg/data/transportation/ChicagoRegional_net.tntp.gz trips=/home/simon/code/my/mcfcg/data/transportation/ChicagoRegional_trips.tntp.gz coef=4.1
Instance: 12982 vertices, 39018 arcs, 2297945 commodities, 1771 sources
Pricing threads: 32 (auto)
Slack mode: CommodityRows (struct=1771, capped_arcs=39018)
   It           UB           LB       LP_obj   #col   #row  #slk   +col   -col   +cut   -cut    t_LP    t_PR    t_SP   t_Tot     t_acc
    1          inf   5.4984e+06   2.1129e+04   3542   1771  1757      0      0      0      0   0.038   0.434   0.003   0.475     0.475
    2          inf   5.4984e+06   2.0846e+05   3542   1771  1717      0      0      0      0   0.001   0.419   0.003   0.423     0.899
    3          inf   5.4984e+06   1.8320e+06   3542   1771  1324      0      0      0      0   0.001   0.425   0.005   0.431     1.329
    4          inf   5.4984e+06   5.3729e+06   3542   2014    24      0      0    243      0   0.001   0.419   0.015   0.434     1.763
    5          inf   5.4984e+06   7.6699e+06   5301   2025   567   1759      0     11      0   0.227   0.210   0.012   0.732     2.496
    6          inf   5.4984e+06   1.5956e+07   7060   2028   587   1759      0      3      0   0.348   0.212   0.013   0.860     3.355
    7          inf   5.4984e+06   2.6328e+07   8819   2031   509   1759      0      3      0   0.499   0.208   0.024   1.007     4.362
    8          inf   5.4984e+06   3.7103e+07  10579   2059   315   1760      0     28      0   0.623   0.207   0.030   1.135     5.497
    9          inf   5.4984e+06   5.3614e+07  12337   2070   289   1758      0     11      0   0.848   0.209   0.032   1.400     6.897
   10          inf   5.4984e+06   4.8338e+07  14022   2004   181   1766     81     14     80   1.063   0.212   0.019   1.682     8.579
   11          inf   5.4984e+06   5.5346e+06  14989   2061     1   1765    798     60      3   0.961   0.208   0.053   1.582    10.161
   12          inf   5.4984e+06   2.4497e+07  15631   2068    96   1763   1121     10      3   1.627   0.207   0.051   2.247    12.408
   13          inf   5.4984e+06   1.0653e+07  16059   2071     6   1761   1333      4      1   1.289   0.208   0.054   1.904    14.311
   14          inf   5.4984e+06   5.5251e+06  16361   2073     0   1757   1455     12     10   1.153   0.206   0.059   1.766    16.077
   15          inf   5.4984e+06   5.5218e+06  16693   2071     0   1755   1423      4      6   1.353   0.204   0.059   1.973    18.050
   16          inf   5.5000e+06   5.5197e+06  16511   2061     0   1754   1936      3     13   1.458   0.206   0.061   2.066    20.116
   17          inf   5.5062e+06   5.5182e+06  16477   2043     0   1753   1787      3     21   1.417   0.204   0.063   2.033    22.149
   18          inf   5.5073e+06   5.5172e+06  15728   2031     0   1750   2499      2     14   1.355   0.203   0.059   1.959    24.109
   19          inf   5.5088e+06   5.5164e+06  15505   2025     0   1753   1976      3      9   1.203   0.205   0.060   1.802    25.910
   20          inf   5.5088e+06   5.5155e+06  15567   2021     0   1750   1688      5      9   1.210   0.199   0.059   1.807    27.717
   21          inf   5.5088e+06   5.5148e+06  15765   2018     0   1745   1547      4      7   1.033   0.199   0.056   1.626    29.344
   22          inf   5.5103e+06   5.5146e+06  16021   2017     0   1739   1483      2      3   1.546   0.198   0.057   2.136    31.480
   23   5.5143e+06   5.5103e+06   5.5143e+06  15973   2013     0   1733   1781      0      4   2.150   0.198   0.049   2.734    34.214
   24   5.5140e+06   5.5111e+06   5.5140e+06  16084   2011     0   1733   1622      0      2   1.192   0.200   0.049   1.770    35.983
   25   5.5140e+06   5.5111e+06   5.5138e+06  16303   2006     0   1735   1516      3      8   1.407   0.203   0.058   2.008    37.992
   26   5.5140e+06   5.5116e+06   5.5136e+06  16653   2005     0   1732   1382      1      2   1.390   0.204   0.057   1.991    39.982
   27   5.5140e+06   5.5116e+06   5.5135e+06  16832   2005     0   1726   1547      2      2   1.402   0.203   0.060   2.006    41.988
   28   5.5140e+06   5.5119e+06   5.5134e+06  16988   2005     0   1725   1569      1      1   2.179   0.203   0.062   2.776    44.764
   29   5.5133e+06   5.5121e+06   5.5133e+06  17076   2003     0   1714   1626      0      2   1.543   0.205   0.051   2.135    46.899
   30   5.5133e+06   5.5121e+06   5.5133e+06  17184   2004     0   1697   1589      1      0   1.234   0.206   0.062   1.843    48.742
   31   5.5133e+06   5.5121e+06   5.5133e+06  17222   2006     0   1672   1634      2      0   1.299   0.207   0.061   1.921    50.663
   32   5.5132e+06   5.5121e+06   5.5132e+06  17588   2003     0   1673   1307      0      3   1.478   0.209   0.055   2.088    52.751
   33   5.5132e+06   5.5122e+06   5.5132e+06  17958   2004     0   1662   1292      1      0   1.424   0.202   0.063   2.043    54.794
   34   5.5132e+06   5.5123e+06   5.5132e+06  18826   2004     0   1638    770      1      1   1.625   0.211   0.067   2.279    57.072
   35   5.5132e+06   5.5123e+06   5.5132e+06  19164   2002     0   1621   1283      0      2   1.658   0.206   0.057   2.284    59.357
   36   5.5132e+06   5.5123e+06   5.5132e+06  19749   2005     0   1569    984      3      0   1.608   0.206   0.067   2.266    61.622
   37   5.5132e+06   5.5123e+06   5.5132e+06  20498   2004     0   1551    802      0      1   1.714   0.206   0.060   2.381    64.003
   38   5.5132e+06   5.5123e+06   5.5132e+06  21359   2004     0   1470    609      0      0   1.723   0.217   0.074   2.419    66.421
   39   5.5132e+06   5.5123e+06   5.5132e+06  22299   2003     0   1435    495      0      1   1.809   0.202   0.064   2.480    68.901
   40   5.5132e+06   5.5124e+06   5.5132e+06  21783   2004     0   1395   1911      1      0   3.652   0.207   0.082   4.329    73.231
   41   5.5132e+06   5.5124e+06   5.5132e+06  22703   2004     0   1258    338      0      0   3.574   0.207   0.066   4.194    77.424
   42   5.5132e+06   5.5124e+06   5.5132e+06  23363   2005     0   1083    423      1      0   2.039   0.209   0.083   2.702    80.126
   43   5.5132e+06   5.5124e+06   5.5132e+06  23928   2005     0    822    257      0      0   2.315   0.213   0.071   2.939    83.065
   44   5.5132e+06   5.5124e+06   5.5132e+06  23288   2004     0    656   1296      0      1   2.328   0.208   0.073   2.899    85.964
   45   5.5132e+06   5.5124e+06   5.5132e+06  22888   2004     0    257    657      0      0   2.219   0.207   0.075   2.732    88.696
   46   5.5132e+06   5.5124e+06   5.5132e+06  22938   2003     0    140     90      0      1   2.244   0.207   0.069   2.729    91.425
   47   5.5132e+06   5.5124e+06   5.5132e+06  22856   2003     0     21    103      0      0   2.069   0.205   0.065   2.536    93.961
   48   5.5132e+06   5.5124e+06   5.5132e+06  22856   2003     0      0      0      0      0   1.988   0.413   0.064   2.466    96.427
CG optimal after 48 iterations. UB=5513156.265407 LB=5512373.010183 gap=7.833e+02 tol=5.513e+02  t_LP=68.516  t_PR=11.467  t_SP=2.509  t_Tot=96.927

# === STDOUT (result CSV) ===
instance,formulation,iterations,columns,objective,lower_bound,optimal,time,time_lp,time_pricing,time_separation
/home/simon/code/my/mcfcg/data/transportation/ChicagoRegional_net.tntp.gz,tree,48,21085,5513156.265407,5512373.010183,1,97.314,68.516,11.467,2.509
