# cmd: /home/simon/code/my/mcfcg/build/mcfcg_cli /home/simon/code/my/mcfcg/data/transportation/Winnipeg_net.tntp.gz --solver mosek --formulation path --max-iters 10000 --time-limit 7200.0
# outcome: ok
# returncode: 0
# === STDERR (CG iteration log + preamble) ===
TNTP: net=/home/simon/code/my/mcfcg/data/transportation/Winnipeg_net.tntp.gz trips=/home/simon/code/my/mcfcg/data/transportation/Winnipeg_trips.tntp.gz coef=2000.0
Instance: 1052 vertices, 2836 arcs, 4345 commodities, 135 sources
Pricing threads: 32 (auto)
Slack mode: EdgeRows (struct=4345, capped_arcs=2836)
   It           UB           LB       LP_obj   #col   #row  #slk   +col   -col   +cut   -cut    t_LP    t_PR    t_SP   t_Tot     t_acc
    1          inf   3.9643e+02   3.9651e+02   4542   4542     0      0      0    197      0   0.040   0.002   0.003   0.045     0.045
    2          inf   3.9643e+02   1.3116e+03   7606   4542   197   3064      0      0      0   0.168   0.001   0.000   0.172     0.217
    3          inf   3.9643e+02   4.1819e+02   9453   4607     0   1782      0     65      0   0.115   0.001   0.002   0.122     0.339
    4          inf   3.9643e+02   4.6118e+02  11903   4621    17   2436      0     14      0   0.236   0.001   0.002   0.242     0.581
    5          inf   3.9643e+02   4.2554e+02  14049   4630     2   2137      0      9      0   0.250   0.001   0.002   0.256     0.838
    6          inf   3.9643e+02   4.2478e+02  15631   4630     2   1582      0      0      0   0.323   0.001   0.000   0.326     1.164
    7          inf   4.1832e+02   4.2136e+02  16451   4631     0    819      0      1      0   0.307   0.001   0.004   0.313     1.477
    8   4.2037e+02   4.1988e+02   4.2037e+02  14718   4517     0    344   1963      0    114   0.341   0.001   0.000   0.346     1.823
    9   4.2037e+02   4.2007e+02   4.2017e+02  13354   4482     0     99   1428      1     36   0.189   0.001   0.002   0.195     2.018
   10   4.2037e+02   4.2009e+02   4.2016e+02  10898   4466     0      6   2446      1     17   0.135   0.001   0.002   0.141     2.158
   11   4.2016e+02   4.2009e+02   4.2016e+02   8699   4456     0     22   2211      0     10   0.133   0.001   0.000   0.137     2.295
   12   4.2016e+02   4.2009e+02   4.2016e+02   8699   4456     0      0      0      0      0   0.119   0.003   0.000   0.122     2.418
CG optimal after 12 iterations. UB=420.161995 LB=420.089774 gap=7.222e-02 tol=4.202e-02  t_LP=2.354  t_PR=0.022  t_SP=0.019  t_Tot=2.424

# === STDOUT (result CSV) ===
instance,formulation,iterations,columns,objective,lower_bound,optimal,time,time_lp,time_pricing,time_separation
/home/simon/code/my/mcfcg/data/transportation/Winnipeg_net.tntp.gz,path,12,8588,420.161995,420.089774,1,2.431,2.354,0.022,0.019
