# cmd: /home/simon/code/my/mcfcg/build/mcfcg_cli /home/simon/code/my/mcfcg/data/transportation/Philadelphia_net.tntp.gz --solver mosek --formulation tree --max-iters 10000 --time-limit 7200.0
# outcome: ok
# returncode: 0
# === STDERR (CG iteration log + preamble) ===
TNTP: net=/home/simon/code/my/mcfcg/data/transportation/Philadelphia_net.tntp.gz trips=/home/simon/code/my/mcfcg/data/transportation/Philadelphia_trips.tntp.gz coef=7.0
Instance: 13389 vertices, 40003 arcs, 1151166 commodities, 1489 sources
Pricing threads: 32 (auto)
Slack mode: CommodityRows (struct=1489, capped_arcs=40003)
   It           UB           LB       LP_obj   #col   #row  #slk   +col   -col   +cut   -cut    t_LP    t_PR    t_SP   t_Tot     t_acc
    1          inf   2.5095e+07   2.6999e+04   2978   1489  1489      0      0      0      0   0.010   0.353   0.003   0.366     0.366
    2          inf   2.5095e+07   2.6971e+05   2978   1489  1485      0      0      0      0   0.001   0.343   0.003   0.347     0.713
    3          inf   2.5095e+07   2.6695e+06   2978   1489  1438      0      0      0      0   0.001   0.342   0.003   0.346     1.059
    4          inf   2.5095e+07   1.7209e+07   2978   1625   442      0      0    136      0   0.001   0.341   0.010   0.351     1.410
    5          inf   2.5095e+07   3.7087e+07   4454   1736   836   1476      0    111      0   0.194   0.181   0.007   0.571     1.982
    6          inf   2.5095e+07   1.1360e+08   5902   1795   740   1489     41     59      0   0.451   0.186   0.010   0.860     2.841
    7          inf   2.5095e+07   3.0583e+08   7391   1820   756   1489      0     25      0   0.940   0.169   0.020   1.321     4.162
    8          inf   2.5095e+07   8.6726e+08   8880   1853   641   1489      0     33      0   1.084   0.181   0.014   1.475     5.637
    9          inf   2.5095e+07   1.7585e+09  10369   1895   574   1489      0     42      0   1.614   0.178   0.029   2.019     7.656
   10          inf   2.5095e+07   2.8609e+09  11315   1940   400   1489    543     75     30   2.639   0.170   0.037   3.102    10.758
   11          inf   2.5095e+07   4.2140e+09  11777   1992   395   1489   1027     68     16   2.033   0.178   0.041   2.497    13.255
   12          inf   2.5095e+07   6.2796e+09  12307   2059   303   1489    959     75      8   3.155   0.181   0.039   3.636    16.892
   13          inf   2.5095e+07   6.1033e+09  12722   2111   189   1489   1074     60      8   3.233   0.190   0.033   3.717    20.609
   14          inf   2.5095e+07   4.0999e+09  13142   2182    94   1489   1069     83     12   4.662   0.187   0.051   5.163    25.772
   15          inf   2.5095e+07   8.0350e+08  13526   2252    28   1489   1105     78      8   6.185   0.193   0.039   6.687    32.459
   16          inf   2.5095e+07   2.5926e+07  13688   2275     0   1489   1327     30      7   7.786   0.182   0.066   8.300    40.759
   17          inf   2.5204e+07   2.5840e+07  14123   2261     0   1489   1054      8     22   7.292   0.180   0.059   7.802    48.562
   18          inf   2.5304e+07   2.5785e+07  14480   2268     0   1489   1132     16      9   6.835   0.179   0.062   7.355    55.917
   19          inf   2.5340e+07   2.5740e+07  14685   2273     0   1489   1284     18     13   6.487   0.179   0.062   7.010    62.927
   20          inf   2.5350e+07   2.5709e+07  14619   2255     0   1489   1555      8     26   6.399   0.175   0.063   6.911    69.838
   21          inf   2.5371e+07   2.5683e+07  13943   2228     0   1489   2165      8     35   6.859   0.177   0.065   7.367    77.206
   22          inf   2.5443e+07   2.5664e+07  13659   2197     0   1489   1773      6     37   5.307   0.179   0.060   5.826    83.031
   23          inf   2.5470e+07   2.5651e+07  13592   2174     0   1489   1556     16     39   5.433   0.176   0.057   5.930    88.961
   24          inf   2.5470e+07   2.5638e+07  13533   2159     0   1489   1548      6     21   5.929   0.175   0.057   6.437    95.398
   25          inf   2.5489e+07   2.5628e+07  13631   2145     0   1489   1391     13     27   5.493   0.175   0.059   5.982   101.380
   26          inf   2.5498e+07   2.5619e+07  13638   2147     0   1489   1482     12     10   5.328   0.174   0.062   5.820   107.200
   27          inf   2.5515e+07   2.5613e+07  13754   2149     0   1489   1373     14     12   5.461   0.172   0.061   5.962   113.162
   28          inf   2.5522e+07   2.5607e+07  13755   2148     0   1489   1488     10     11   5.419   0.175   0.058   5.910   119.072
   29          inf   2.5530e+07   2.5602e+07  13798   2145     0   1489   1446      8     11   4.717   0.171   0.059   5.207   124.280
   30          inf   2.5536e+07   2.5598e+07  13901   2134     0   1489   1386      4     15   5.798   0.171   0.061   6.291   130.570
   31          inf   2.5536e+07   2.5595e+07  13951   2130     0   1489   1439     10     14   6.608   0.172   0.059   7.106   137.677
   32          inf   2.5547e+07   2.5593e+07  13924   2130     0   1488   1515      7      7   5.631   0.168   0.060   6.121   143.797
   33          inf   2.5547e+07   2.5590e+07  13883   2127     0   1488   1529      8     11   5.572   0.170   0.059   6.056   149.854
   34          inf   2.5552e+07   2.5588e+07  13980   2127     0   1489   1392     10     10   5.836   0.162   0.060   6.321   156.175
   35          inf   2.5552e+07   2.5586e+07  14080   2123     0   1488   1388      5      9   5.647   0.162   0.060   6.133   162.308
   36          inf   2.5552e+07   2.5585e+07  14087   2128     0   1488   1481      8      3   5.582   0.168   0.060   6.074   168.383
   37          inf   2.5557e+07   2.5584e+07  14250   2129     0   1488   1325      6      5   5.285   0.174   0.060   5.778   174.161
   38          inf   2.5562e+07   2.5583e+07  14293   2123     0   1489   1446      3      9   5.620   0.171   0.063   6.122   180.283
   39          inf   2.5562e+07   2.5582e+07  14374   2122     0   1488   1407      2      3   5.041   0.175   0.060   5.547   185.830
   40          inf   2.5562e+07   2.5581e+07  14510   2117     0   1489   1353      3      8   6.601   0.176   0.060   7.101   192.931
   41          inf   2.5565e+07   2.5581e+07  14463   2115     0   1488   1535      6      8   6.002   0.176   0.061   6.506   199.437
   42          inf   2.5565e+07   2.5580e+07  14525   2113     0   1488   1426      3      5   5.225   0.178   0.061   5.723   205.161
   43          inf   2.5566e+07   2.5580e+07  14559   2113     0   1488   1454      3      3   6.374   0.176   0.062   6.887   212.048
   44          inf   2.5567e+07   2.5579e+07  14411   2112     0   1487   1635      5      6   6.484   0.179   0.062   7.000   219.047
   45          inf   2.5568e+07   2.5579e+07  14519   2114     0   1487   1379      3      1   5.136   0.174   0.063   5.635   224.682
   46          inf   2.5568e+07   2.5579e+07  14387   2115     0   1488   1620      2      1   6.538   0.171   0.062   7.037   231.719
   47   2.5578e+07   2.5569e+07   2.5578e+07  14674   2114     0   1488   1201      0      1   5.970   0.169   0.037   6.414   238.133
   48   2.5578e+07   2.5569e+07   2.5578e+07  14789   2115     0   1487   1372      1      0   5.970   0.170   0.060   6.465   244.598
   49   2.5578e+07   2.5570e+07   2.5578e+07  15014   2115     0   1487   1262      1      1   6.515   0.168   0.062   7.011   251.609
   50   2.5578e+07   2.5570e+07   2.5578e+07  15279   2114     0   1486   1221      1      2   6.967   0.161   0.062   7.456   259.065
   51   2.5578e+07   2.5570e+07   2.5578e+07  15271   2112     0   1487   1495      1      3   6.523   0.164   0.067   7.029   266.094
   52   2.5578e+07   2.5571e+07   2.5578e+07  15481   2112     0   1486   1276      2      2   7.222   0.163   0.064   7.715   273.809
   53   2.5578e+07   2.5571e+07   2.5578e+07  15854   2113     0   1485   1112      3      2   7.731   0.165   0.066   8.244   282.053
   54   2.5578e+07   2.5571e+07   2.5578e+07  15853   2114     0   1486   1487      1      0   5.858   0.174   0.065   6.362   288.415
   55   2.5578e+07   2.5571e+07   2.5578e+07  16278   2113     0   1485   1060      1      2   7.103   0.173   0.068   7.628   296.042
   56   2.5578e+07   2.5572e+07   2.5578e+07  16865   2111     0   1484    897      0      2   7.527   0.176   0.042   8.020   304.062
   57   2.5578e+07   2.5572e+07   2.5578e+07  17264   2107     0   1487   1088      0      4   7.991   0.176   0.042   8.468   312.530
   58   2.5578e+07   2.5572e+07   2.5578e+07  17426   2105     0   1485   1323      1      3   6.894   0.174   0.073   7.437   319.967
   59   2.5578e+07   2.5572e+07   2.5578e+07  17879   2108     0   1484   1031      3      0   7.986   0.172   0.074   8.521   328.488
   60   2.5578e+07   2.5572e+07   2.5578e+07  18658   2106     0   1483    704      0      2   8.092   0.172   0.044   8.601   337.090
   61   2.5577e+07   2.5572e+07   2.5577e+07  19423   2106     0   1475    710      0      0   8.624   0.173   0.047   9.131   346.221
   62   2.5577e+07   2.5572e+07   2.5577e+07  19991   2106     0   1472    904      0      0   9.308   0.175   0.049   9.810   356.031
   63   2.5577e+07   2.5572e+07   2.5577e+07  20974   2107     0   1451    468      1      0   9.060   0.175   0.083   9.651   365.682
   64   2.5577e+07   2.5572e+07   2.5577e+07  22183   2107     0   1416    207      0      0   9.659   0.177   0.051  10.205   375.887
   65   2.5577e+07   2.5572e+07   2.5577e+07  22369   2107     0   1345   1159      1      1  10.610   0.185   0.091  11.218   387.105
   66   2.5577e+07   2.5572e+07   2.5577e+07  23356   2106     0   1139    152      0      1  10.519   0.180   0.054  11.062   398.167
   67   2.5577e+07   2.5572e+07   2.5577e+07  24096   2106     0    912    172      0      0  10.846   0.179   0.058  11.364   409.531
   68   2.5577e+07   2.5572e+07   2.5577e+07  24643   2105     0    657    110      0      1  10.809   0.176   0.060  11.328   420.859
   69   2.5577e+07   2.5572e+07   2.5577e+07  24993   2102     0    374     24      0      3  10.922   0.177   0.061  11.392   432.250
   70   2.5577e+07   2.5572e+07   2.5577e+07  25149   2102     0    232     76      0      0  12.830   0.174   0.058  13.266   445.517
   71   2.5577e+07   2.5572e+07   2.5577e+07  25245   2103     0    159     63      1      0  12.687   0.173   0.103  13.200   458.717
   72   2.5577e+07   2.5572e+07   2.5577e+07  25294   2103     0     55      6      0      0  12.938   0.177   0.059  13.352   472.069
   73   2.5577e+07   2.5572e+07   2.5577e+07  25238   2101     0      3     59      0      2  11.665   0.179   0.059  12.100   484.169
   74   2.5577e+07   2.5572e+07   2.5577e+07  25239   2105     0     29     28      4      0  12.016   0.175   0.105  12.515   496.684
   75   2.5577e+07   2.5572e+07   2.5577e+07  25259   2106     0     23      3      1      0  12.928   0.177   0.103  13.428   510.112
   76   2.5577e+07   2.5572e+07   2.5577e+07  25220   2106     0      2     41      0      0  13.255   0.175   0.053  13.652   523.764
   77   2.5577e+07   2.5572e+07   2.5577e+07  25163   2104     0      2     59      0      2  11.820   0.179   0.052  12.230   535.994
   78   2.5577e+07   2.5572e+07   2.5577e+07  25038   2105     0      3    128      1      0  12.349   0.175   0.097  12.846   548.841
   79   2.5577e+07   2.5572e+07   2.5577e+07  25063   2105     0     25      0      0      0   9.359   0.178   0.052   9.591   558.432
   80   2.5577e+07   2.5572e+07   2.5577e+07  25005   2101     0      6     64      0      4   9.889   0.177   0.053  10.293   568.725
   81   2.5577e+07   2.5572e+07   2.5577e+07  24982   2104     0      5     28      4      1  11.700   0.179   0.096  12.199   580.924
   82   2.5577e+07   2.5572e+07   2.5577e+07  25004   2104     0     22      0      0      0  11.558   0.182   0.054  11.797   592.720
   83   2.5577e+07   2.5572e+07   2.5577e+07  24999   2104     0      1      6      0      0  12.381   0.180   0.052  12.792   605.513
   84   2.5577e+07   2.5572e+07   2.5577e+07  24902   2103     0      3    100      0      1  13.544   0.177   0.052  13.947   619.460
   85   2.5577e+07   2.5572e+07   2.5577e+07  24881   2104     0      2     23      1      0  13.386   0.179   0.096  13.901   633.361
   86   2.5577e+07   2.5572e+07   2.5577e+07  24899   2104     0     24      6      0      0  13.960   0.183   0.004  14.314   647.674
   87   2.5577e+07   2.5572e+07   2.5577e+07  24895   2100     0      1      5      0      4  11.108   0.188   0.004  11.479   659.153
   88   2.5577e+07   2.5572e+07   2.5577e+07  24884   2100     0     10     21      0      0  13.003   0.180   0.004  13.354   672.507
   89   2.5577e+07   2.5572e+07   2.5577e+07  24907   2100     0     23      0      0      0  13.920   0.187   0.004  14.113   686.620
   90   2.5577e+07   2.5572e+07   2.5577e+07  24907   2100     0      2      2      0      0  12.695   0.182   0.004  13.053   699.674
   91   2.5577e+07   2.5572e+07   2.5577e+07  24908   2099     0      1      0      0      1  14.107   0.191   0.004  14.308   713.981
   92   2.5577e+07   2.5572e+07   2.5577e+07  24887   2099     0      3     24      0      0  12.546   0.182   0.004  12.898   726.879
   93   2.5577e+07   2.5572e+07   2.5577e+07  24911   2099     0     25      1      0      0  13.952   0.188   0.004  14.312   741.192
   94   2.5577e+07   2.5572e+07   2.5577e+07  24908   2099     0      1      4      0      0  13.569   0.186   0.004  13.924   755.116
   95   2.5577e+07   2.5572e+07   2.5577e+07  24892   2099     0      4     20      0      0  13.474   0.176   0.004  13.828   768.944
   96   2.5577e+07   2.5572e+07   2.5577e+07  24912   2099     0     20      0      0      0  13.139   0.183   0.003  13.328   782.272
   97   2.5577e+07   2.5572e+07   2.5577e+07  24914   2099     0      2      0      0      0  14.523   0.191   0.004  14.718   796.990
   98   2.5577e+07   2.5572e+07   2.5577e+07  24914   2099     0      0      0      0      0  11.825   0.356   0.005  12.187   809.177
CG optimal after 98 iterations. UB=25577477.722881 LB=25572121.420226 gap=5.356e+03 tol=2.558e+03  t_LP=764.761  t_PR=18.522  t_SP=4.794  t_Tot=809.558

# === STDOUT (result CSV) ===
instance,formulation,iterations,columns,objective,lower_bound,optimal,time,time_lp,time_pricing,time_separation
/home/simon/code/my/mcfcg/data/transportation/Philadelphia_net.tntp.gz,tree,98,23425,25577477.722881,25572121.420226,1,809.861,764.761,18.522,4.794
