# cmd: /home/simon/code/my/mcfcg/build/mcfcg_cli /home/simon/code/my/mcfcg/data/transportation/Austin_net.tntp.gz --solver mosek --formulation path --max-iters 10000 --time-limit 7200.0
# outcome: ok
# returncode: 0
# === STDERR (CG iteration log + preamble) ===
TNTP: net=/home/simon/code/my/mcfcg/data/transportation/Austin_net.tntp.gz trips=/home/simon/code/my/mcfcg/data/transportation/Austin_trips.tntp.gz coef=6.0
Instance: 7388 vertices, 18961 arcs, 1081717 commodities, 1117 sources
Pricing threads: 32 (auto)
Slack mode: EdgeRows (struct=1081717, capped_arcs=18961)
   It           UB           LB       LP_obj   #col   #row  #slk   +col   -col   +cut   -cut    t_LP    t_PR    t_SP   t_Tot     t_acc
    1          inf   5.1777e+06   5.1788e+06 1082300 1082300     0      0      0    583      0   2.410   0.159   2.683   5.261     5.261
    2          inf   5.1777e+06   4.0350e+07 1132300 1082300   583  50000      0      0      0 292.265   0.411   0.025 292.910   298.171
    3          inf   5.1777e+06   6.4598e+07 1182549 1082549   274  50000      0    249      0 380.482   0.241   1.526 382.473   680.644
    4          inf   5.1777e+06   1.5165e+08 1232655 1082655   361  50000      0    106      0 466.884   0.239   1.610 468.896  1149.540
    5          inf   5.1777e+06   4.1904e+08 1282687 1082687   384  50000      0     32      0 497.780   0.251   1.677 500.059  1649.599
    6          inf   5.1777e+06   1.6694e+09 1332700 1082700   397  50000      0     13      0 454.723   0.230   1.701 456.878  2106.478
    7          inf   5.1777e+06   2.1272e+09 1382744 1082744   346  50000      0     44      0 551.457   0.236   1.848 553.735  2660.212
    8          inf   5.1777e+06   2.0849e+09 1415014 1082709   207  50000  17695     34     69 674.305   0.229   1.907 677.115  3337.327
    9          inf   5.1777e+06   5.5094e+09 1444449 1082716   269  50000  20572     28     21 741.987   0.241   1.875 744.795  4082.122
   10          inf   5.1777e+06   2.5377e+09 1480398 1082744   131  50000  14079     34      6 683.794   0.240   1.863 686.510  4768.632
   11          inf   5.1777e+06   7.9434e+08 1521104 1082807    93  50000   9357     75     12 766.692   0.236   1.980 769.561  5538.192
   12          inf   5.1777e+06   7.7426e+08 1551421 1082771   113  50000  19647      0     36 684.811   0.238   0.045 685.888  6224.080
   13          inf   5.1777e+06   2.8014e+09 1591856 1082725    99  50000   9519      7     53 897.390   0.242   2.114 900.537  7124.617
   14          inf   5.1777e+06   1.5286e+09 1639158 1082724    77  50000   2697     12     13 943.686   0.250   2.154 946.941  8071.558
CG stopped after 14 iterations. UB=1528645409.381017 LB=5177732.714290 gap=1.523e+09 tol=1.529e+05  t_LP=8038.666  t_PR=6.017  t_SP=23.011  t_Tot=8074.133

# === STDOUT (result CSV) ===
instance,formulation,iterations,columns,objective,lower_bound,optimal,time,time_lp,time_pricing,time_separation
/home/simon/code/my/mcfcg/data/transportation/Austin_net.tntp.gz,path,14,1638151,1528645409.381017,5177732.714290,0,8074.735,8038.666,6.017,23.011
