# cmd: /usr/bin/time -o /tmp/mcfcg_mem_41lrt6pu.txt -f %M build/mcfcg_cli data/commalab/grid/grid9 --solver copt --copt-gpu-mode 2 --formulation path --max-iters 10000 --bounded-pricing --time-limit 1800.0
# outcome: ok
# returncode: 0
# peak_rss_kb: 512944
# peak_rss_source: measured
# === STDERR (CG iteration log + preamble) ===
Instance: 625 vertices, 2400 arcs, 1000 commodities, 495 sources
Solver: copt (gpu-mode 2), formulation: path
Pricing threads: 32 (auto)
Slack mode: CommodityRows (struct=1000, capped_arcs=2400)
[lp-config] backend=copt version=8.0.1 method=barrier exec=GPU presolve=off crossover=off tol=0.0001 threads=n/a(GPU)
   It           UB           LB       LP_obj   #col   #row  #slk   +col   -col   +cut   -cut    t_LP    t_PR    t_SP   t_Tot     t_acc
    1          inf   8.8834e+06   5.6336e+06   2000   1000   997      0      0      0      0   0.348   0.000   0.000   0.348     0.348
    2          inf   5.1002e+07   5.0596e+07   2000   1000   710      0      0      0      0   0.167   0.001   0.000   0.169     0.517
    3          inf   8.1702e+07   8.1702e+07   2000   1327     0      0      0    327      0   0.149   0.003   0.000   0.153     0.670
    4          inf   8.1702e+07   2.0615e+08   2742   1327   393    742      0      0      0   0.212   0.002   0.000   0.214     0.884
    5          inf   8.1702e+07   5.0315e+08   3504   1354   313    762      0     27      0   0.234   0.002   0.000   0.237     1.121
    6          inf   8.1702e+07   4.4585e+08   4262   1406   199    758      0     52      0   0.243   0.004   0.001   0.249     1.370
    7          inf   8.1702e+07   1.1838e+08   5018   1473    54    756      0     67      0   0.309   0.002   0.000   0.312     1.682
    8          inf   8.1723e+07   8.2884e+07   5740   1519     1    722      0     46      0   0.369   0.002   0.000   0.372     2.054
    9          inf   8.2350e+07   8.2784e+07   6257   1469     0    621    104     22     72   0.332   0.002   0.000   0.336     2.391
   10          inf   8.2502e+07   8.2725e+07   6585   1486     0    551    223     18      1   0.318   0.002   0.000   0.322     2.713
   11          inf   8.2558e+07   8.2689e+07   6707   1499     0    477    355     19      6   0.323   0.002   0.000   0.327     3.039
   12          inf   8.2593e+07   8.2674e+07   6664   1496     0    414    457      8     11   0.319   0.002   0.000   0.323     3.362
   13          inf   8.2619e+07   8.2662e+07   6152   1482     0    315    827      6     20   0.346   0.002   0.000   0.350     3.713
   14          inf   8.2630e+07   8.2657e+07   5673   1463     0    283    762      2     21   0.320   0.002   0.000   0.324     4.037
   15          inf   8.2645e+07   8.2655e+07   5305   1451     0    200    568      2     14   0.325   0.002   0.000   0.329     4.365
   16          inf   8.2648e+07   8.2654e+07   5008   1447     0    147    444      2      6   0.332   0.002   0.000   0.335     4.701
   17          inf   8.2652e+07   8.2653e+07   4714   1445     0     86    380      2      4   0.332   0.002   0.000   0.335     5.036
   18   8.2653e+07   8.2653e+07   8.2653e+07   4714   1445     0    *47      0      0      0   0.320   0.002   0.000   0.323     5.359
CG optimal after 18 iterations. UB=82652981.304192 LB=82652667.718755 gap=3.136e+02 tol=8.265e+03  t_LP=5.298  t_PR=0.036  t_SP=0.006  t_Tot=5.362
[bounded-pricing] enabled=1 cut=6264 priced=10890 rate=57.5%

# === STDOUT (result CSV) ===
Setting parameter 'LpMethod' to 2
Setting parameter 'GPUMode' to 2
Setting parameter 'Presolve' to 0
Setting parameter 'Crossover' to 0
instance,formulation,iterations,columns,objective,lower_bound,optimal,time,time_lp,time_pricing,time_separation
data/commalab/grid/grid9,path,18,3714,82652981.304192,82652667.718755,1,5.384,5.298,0.036,0.006
