# cmd: /usr/bin/time -o /tmp/mcfcg_mem_d5qbr_ff.txt -f %M build/mcfcg_cli data/commalab/grid/grid11 --solver copt --copt-gpu-mode 2 --formulation path --max-iters 10000 --bounded-pricing --time-limit 1800.0
# outcome: ok
# returncode: 0
# peak_rss_kb: 531180
# peak_rss_source: measured
# === STDERR (CG iteration log + preamble) ===
Instance: 625 vertices, 2400 arcs, 4000 commodities, 625 sources
Solver: copt (gpu-mode 2), formulation: path
Pricing threads: 32 (auto)
Slack mode: EdgeRows (struct=4000, capped_arcs=2400)
[lp-config] backend=copt version=8.0.1 method=barrier exec=GPU presolve=off crossover=off tol=0.0001 threads=n/a(GPU)
   It           UB           LB       LP_obj   #col   #row  #slk   +col   -col   +cut   -cut    t_LP    t_PR    t_SP   t_Tot     t_acc
    1          inf   3.2684e+08   3.2684e+08   4241   4241     0      0      0    241      0   0.240   0.005   0.001   0.246     0.246
    2          inf   3.2684e+08   3.9001e+08   7583   4241   241   3342      0      0      0   0.085   0.003   0.000   0.089     0.335
    3          inf   3.2704e+08   3.3040e+08   9985   4365     0   2278      0    124      0   0.115   0.003   0.001   0.121     0.456
    4          inf   3.2704e+08   3.3108e+08  12798   4383     7   2795      0     18      0   0.223   0.003   0.001   0.229     0.685
    5          inf   3.2825e+08   3.2984e+08  15087   4403     0   2269      0     20      0   0.244   0.003   0.001   0.250     0.935
    6          inf   3.2870e+08   3.2952e+08  17060   4421     0   1955      0     18      0   0.247   0.003   0.001   0.252     1.187
    7          inf   3.2899e+08   3.2939e+08  18621   4430     0   1552      0      9      0   0.256   0.003   0.002   0.262     1.449
    8          inf   3.2916e+08   3.2931e+08  18028   4361     0   1105   1629      4     73   0.293   0.003   0.002   0.305     1.753
    9          inf   3.2921e+08   3.2927e+08  17037   4318     0    747   1695      7     50   0.229   0.002   0.001   0.239     1.993
   10          inf   3.2924e+08   3.2926e+08  14522   4308     0    499   3004      4     14   0.231   0.003   0.001   0.241     2.233
   11          inf   3.2925e+08   3.2926e+08  12661   4298     0    360   2211      3     13   0.192   0.002   0.001   0.201     2.434
   12          inf   3.2926e+08   3.2926e+08  11187   4292     0    149   1617      1      7   0.189   0.002   0.001   0.196     2.630
   13          inf   3.2926e+08   3.2926e+08  10116   4283     0     60   1122      2     11   0.176   0.003   0.001   0.183     2.814
   14          inf   3.2926e+08   3.2926e+08   9493   4274     0      4    618      1     10   0.185   0.002   0.001   0.192     3.005
   15          inf   3.2926e+08   3.2926e+08   9494   4275     0      0      0      1      0   0.192   0.005   0.001   0.198     3.203
   16   3.2926e+08   3.2926e+08   3.2926e+08   9494   4275     0     *0      0      0      0   0.225   0.006   0.000   0.231     3.434
CG optimal after 16 iterations. UB=329258288.241195 LB=329258004.742835 gap=2.835e+02 tol=3.293e+04  t_LP=3.322  t_PR=0.058  t_SP=0.017  t_Tot=3.443
[bounded-pricing] enabled=1 fired=7422 priced=12500 rate=59.4%

# === STDOUT (result CSV) ===
Setting parameter 'LpMethod' to 2
Setting parameter 'GPUMode' to 2
Setting parameter 'Presolve' to 0
Setting parameter 'Crossover' to 0
instance,formulation,iterations,columns,objective,lower_bound,optimal,time,time_lp,time_pricing,time_separation
data/commalab/grid/grid11,path,16,9219,329258288.241195,329258004.742835,1,3.461,3.322,0.058,0.017
