# cmd: /usr/bin/time -o /tmp/mcfcg_mem_ckxqf3nn.txt -f %M build/mcfcg_cli data/commalab/grid/grid13 --solver copt --copt-gpu-mode 2 --formulation tree --max-iters 10000 --bounded-pricing --time-limit 1800.0
# outcome: ok
# returncode: 0
# peak_rss_kb: 625556
# peak_rss_source: measured
# === STDERR (CG iteration log + preamble) ===
Instance: 900 vertices, 3480 arcs, 12000 commodities, 900 sources
Solver: copt (gpu-mode 2), formulation: tree
Pricing threads: 32 (auto)
Slack mode: CommodityRows (struct=900, capped_arcs=3480)
[lp-config] backend=copt version=8.0.1 method=barrier exec=GPU presolve=off crossover=off tol=0.0001 threads=n/a(GPU)
   It           UB           LB       LP_obj   #col   #row  #slk   +col   -col   +cut   -cut    t_LP    t_PR    t_SP   t_Tot     t_acc
    1          inf   5.5802e+07   9.0000e+04   1800    900   900      0      0      0      0   0.355   0.000   0.000   0.356     0.356
    2          inf   5.5802e+07   9.0000e+05   1800    900   900      0      0      0      0   0.166   0.000   0.000   0.167     0.522
    3          inf   5.5802e+07   9.0000e+06   1800    900   900      0      0      0      0   0.157   0.001   0.000   0.157     0.680
    4          inf   1.1066e+08   9.0000e+07   1800    900   900      0      0      0      0   0.152   0.000   0.000   0.152     0.832
    5          inf   8.4093e+08   8.3935e+08   1800    900   628      0      0      0      0   0.160   0.008   0.000   0.168     1.000
    6          inf   1.1535e+09   1.1535e+09   1800   1187     0      0      0    287      0   0.166   0.015   0.001   0.181     1.181
    7          inf   1.1535e+09   3.4211e+09   2693   1187   535    893      0      0      0   0.264   0.007   0.000   0.274     1.455
    8          inf   1.1535e+09   5.8399e+09   3590   1191   480    897      0      4      0   0.307   0.007   0.000   0.318     1.773
    9          inf   1.1535e+09   1.3450e+10   4490   1204   280    900      0     13      0   0.324   0.007   0.000   0.335     2.108
   10          inf   1.1535e+09   1.2688e+10   5390   1237   127    900      0     33      0   0.378   0.007   0.001   0.390     2.498
   11          inf   1.1535e+09   5.5738e+09   6290   1282    54    900      0     45      0   0.410   0.007   0.001   0.422     2.920
   12          inf   1.1535e+09   1.1630e+09   6929   1196     0    900    261     22    108   0.584   0.008   0.002   0.605     3.525
   13          inf   1.1554e+09   1.1620e+09   7399   1207     0    900    430     12      1   0.448   0.007   0.001   0.466     3.991
   14          inf   1.1571e+09   1.1613e+09   7841   1220     0    900    458     15      2   0.455   0.007   0.002   0.475     4.466
   15          inf   1.1571e+09   1.1607e+09   8185   1226     0    900    556      8      2   0.457   0.007   0.002   0.477     4.943
   16          inf   1.1580e+09   1.1604e+09   8388   1227     0    899    696      7      6   0.455   0.008   0.002   0.476     5.419
   17          inf   1.1583e+09   1.1600e+09   8224   1218     0    900   1064      4     13   0.492   0.008   0.002   0.514     5.933
   18          inf   1.1587e+09   1.1598e+09   7981   1201     0    898   1141      6     23   0.496   0.007   0.002   0.517     6.449
   19          inf   1.1588e+09   1.1596e+09   7960   1195     0    898    919      5     11   0.476   0.007   0.002   0.497     6.946
   20          inf   1.1590e+09   1.1595e+09   8025   1198     0    898    833      9      6   0.478   0.007   0.002   0.499     7.445
   21          inf   1.1590e+09   1.1595e+09   7992   1198     0    895    928      4      4   0.472   0.007   0.002   0.492     7.937
   22          inf   1.1592e+09   1.1594e+09   7981   1198     0    878    889      3      3   0.461   0.007   0.002   0.481     8.418
   23          inf   1.1592e+09   1.1594e+09   7992   1196     0    891    880      3      5   0.473   0.007   0.002   0.494     8.912
   24          inf   1.1592e+09   1.1593e+09   7986   1193     0    876    882      2      5   0.459   0.007   0.002   0.479     9.392
   25          inf   1.1593e+09   1.1593e+09   7961   1195     0    858    883      5      3   0.484   0.007   0.002   0.504     9.896
   26          inf   1.1593e+09   1.1593e+09   7956   1193     0    845    850      2      4   0.482   0.007   0.002   0.502    10.398
   27          inf   1.1593e+09   1.1593e+09   7884   1191     0    821    893      1      3   0.513   0.007   0.002   0.533    10.930
   28   1.1593e+09   1.1593e+09   1.1593e+09   7884   1191     0   *693      0      0      0   0.505   0.007   0.002   0.514    11.444
CG optimal after 28 iterations. UB=1159320971.761290 LB=1159319553.172410 gap=1.419e+03 tol=1.159e+05  t_LP=11.028  t_PR=0.193  t_SP=0.035  t_Tot=11.459
[bounded-pricing] enabled=1 cut=11248 priced=31500 rate=35.7%

# === STDOUT (result CSV) ===
Setting parameter 'LpMethod' to 2
Setting parameter 'GPUMode' to 2
Setting parameter 'Presolve' to 0
Setting parameter 'Crossover' to 0
instance,formulation,iterations,columns,objective,lower_bound,optimal,time,time_lp,time_pricing,time_separation
data/commalab/grid/grid13,tree,28,6984,1159320971.761290,1159319553.172410,1,11.491,11.028,0.193,0.035
