# cmd: /usr/bin/time -o /tmp/mcfcg_mem_jf27s33d.txt -f %M build/mcfcg_cli data/commalab/grid/grid15 --solver copt --copt-gpu-mode 2 --formulation path --max-iters 10000 --bounded-pricing --time-limit 1800.0
# outcome: ok
# returncode: 0
# peak_rss_kb: 927844
# peak_rss_source: measured
# === STDERR (CG iteration log + preamble) ===
Instance: 1225 vertices, 4760 arcs, 32000 commodities, 1225 sources
Solver: copt (gpu-mode 2), formulation: path
Pricing threads: 32 (auto)
Slack mode: EdgeRows (struct=32000, capped_arcs=4760)
[lp-config] backend=copt version=8.0.1 method=barrier exec=GPU presolve=off crossover=off tol=0.0001 threads=n/a(GPU)
   It           UB           LB       LP_obj   #col   #row  #slk   +col   -col   +cut   -cut    t_LP    t_PR    t_SP   t_Tot     t_acc
    1          inf   3.5815e+09   3.5815e+09  32258  32258     0      0      0    258      0   0.277   0.026   0.009   0.311     0.311
    2          inf   3.5815e+09   4.0496e+09  56579  32258   258  24321      0      0      0   0.452   0.014   0.001   0.480     0.791
    3          inf   3.5815e+09   3.6015e+09  72007  32353     0  15333      0     95      0   0.485   0.013   0.008   0.523     1.314
    4          inf   3.5815e+09   3.6011e+09  91043  32371     5  19018      0     18      0   0.972   0.014   0.008   1.011     2.325
    5          inf   3.5892e+09   3.5959e+09 104980  32378     0  13930      0      7      0   0.962   0.012   0.010   0.999     3.324
    6          inf   3.5920e+09   3.5943e+09 114814  32387     0   9825      0      9      0   0.988   0.013   0.013   1.024     4.348
    7          inf   3.5929e+09   3.5938e+09 122465  32390     0   7648      0      3      0   1.296   0.012   0.015   1.333     5.682
    8          inf   3.5934e+09   3.5936e+09 111540  32283     0   3453  14271      2    109   1.331   0.011   0.017   1.447     7.128
    9          inf   3.5935e+09   3.5935e+09 101254  32235     0    597  10835      1     49   1.157   0.011   0.013   1.246     8.374
   10          inf   3.5935e+09   3.5935e+09  82098  32224     0    663  19808      1     12   0.847   0.011   0.009   0.920     9.294
   11   3.5935e+09   3.5935e+09   3.5935e+09  82098  32224     0     *5      0      0      0   0.649   0.010   0.002   0.662     9.956
CG optimal after 11 iterations. UB=3593521818.095497 LB=3593517903.340176 gap=3.915e+03 tol=3.594e+05  t_LP=9.417  t_PR=0.184  t_SP=0.104  t_Tot=9.993
[bounded-pricing] enabled=1 fired=7296 priced=15925 rate=45.8%

# === STDOUT (result CSV) ===
Setting parameter 'LpMethod' to 2
Setting parameter 'GPUMode' to 2
Setting parameter 'Presolve' to 0
Setting parameter 'Crossover' to 0
instance,formulation,iterations,columns,objective,lower_bound,optimal,time,time_lp,time_pricing,time_separation
data/commalab/grid/grid15,path,11,81874,3593521818.095497,3593517903.340176,1,10.051,9.417,0.184,0.104
