# cmd: /usr/bin/time -o /tmp/mcfcg_mem_ctaxqrx7.txt -f %M build/mcfcg_cli data/commalab/grid/grid8 --solver copt --copt-gpu-mode 2 --formulation path --max-iters 10000 --bounded-pricing --time-limit 1800.0
# outcome: ok
# returncode: 0
# peak_rss_kb: 485556
# peak_rss_source: measured
# === STDERR (CG iteration log + preamble) ===
Instance: 625 vertices, 2400 arcs, 500 commodities, 343 sources
Solver: copt (gpu-mode 2), formulation: path
Pricing threads: 32 (auto)
Slack mode: CommodityRows (struct=500, capped_arcs=2400)
[lp-config] backend=copt version=8.0.1 method=barrier exec=GPU presolve=off crossover=off tol=0.0001 threads=n/a(GPU)
   It           UB           LB       LP_obj   #col   #row  #slk   +col   -col   +cut   -cut    t_LP    t_PR    t_SP   t_Tot     t_acc
    1          inf   4.5016e+06   2.7778e+06   1000    500   499      0      0      0      0   0.236   0.000   0.000   0.236     0.236
    2          inf   2.5344e+07   2.5136e+07   1000    500   349      0      0      0      0   0.023   0.001   0.000   0.024     0.261
    3          inf   4.1328e+07   4.1328e+07   1000    776     0      0      0    276      0   0.020   0.002   0.000   0.023     0.284
    4          inf   4.1328e+07   1.0076e+08   1369    776   208    369      0      0      0   0.070   0.001   0.000   0.072     0.356
    5          inf   4.1328e+07   2.3437e+08   1721    799   176    352      0     23      0   0.076   0.001   0.000   0.078     0.433
    6          inf   4.1328e+07   1.6668e+08   2092    847    92    371      0     48      0   0.089   0.001   0.000   0.091     0.524
    7          inf   4.1328e+07   5.5419e+07   2460    908    23    368      0     61      0   0.117   0.001   0.000   0.119     0.643
    8          inf   4.1384e+07   4.1799e+07   2791    932     0    331      0     24      0   0.139   0.001   0.000   0.141     0.784
    9          inf   4.1620e+07   4.1763e+07   3016    858     0    268     43      9     83   0.155   0.001   0.000   0.157     0.942
   10          inf   4.1640e+07   4.1740e+07   3160    874     0    249    105     16      0   0.126   0.001   0.000   0.128     1.070
   11          inf   4.1662e+07   4.1728e+07   3262    877     0    212    110      7      4   0.122   0.001   0.000   0.124     1.194
   12          inf   4.1681e+07   4.1720e+07   3201    868     0    179    240      1     10   0.130   0.001   0.000   0.133     1.327
   13          inf   4.1694e+07   4.1715e+07   2951    852     0    145    395      7     23   0.130   0.001   0.000   0.133     1.460
   14          inf   4.1702e+07   4.1713e+07   2742    841     0    118    327      2     13   0.128   0.001   0.000   0.130     1.590
   15          inf   4.1707e+07   4.1712e+07   2595    831     0     77    224      1     11   0.112   0.001   0.000   0.114     1.704
   16          inf   4.1710e+07   4.1711e+07   2420    816     0     37    212      1     16   0.119   0.001   0.000   0.121     1.825
   17          inf   4.1711e+07   4.1711e+07   2256    811     0     19    183      1      6   0.120   0.001   0.000   0.122     1.947
   18   4.1711e+07   4.1711e+07   4.1711e+07   2256    811     0    *10      0      0      0   0.116   0.001   0.000   0.117     2.064
CG optimal after 18 iterations. UB=41711155.759418 LB=41711082.749738 gap=7.301e+01 tol=4.171e+03  t_LP=2.028  t_PR=0.023  t_SP=0.005  t_Tot=2.068
[bounded-pricing] enabled=1 fired=4806 priced=7546 rate=63.7%

# === STDOUT (result CSV) ===
Setting parameter 'LpMethod' to 2
Setting parameter 'GPUMode' to 2
Setting parameter 'Presolve' to 0
Setting parameter 'Crossover' to 0
instance,formulation,iterations,columns,objective,lower_bound,optimal,time,time_lp,time_pricing,time_separation
data/commalab/grid/grid8,path,18,1756,41711155.759418,41711082.749738,1,2.080,2.028,0.023,0.005
