# cmd: /usr/bin/time -o /tmp/mcfcg_mem_8lz0es_g.txt -f %M build/mcfcg_cli data/commalab/grid/grid8 --solver copt --copt-gpu-mode 2 --formulation tree --max-iters 10000 --bounded-pricing --time-limit 1800.0
# outcome: ok
# returncode: 0
# peak_rss_kb: 487992
# peak_rss_source: measured
# === STDERR (CG iteration log + preamble) ===
Instance: 625 vertices, 2400 arcs, 500 commodities, 343 sources
Solver: copt (gpu-mode 2), formulation: tree
Pricing threads: 32 (auto)
Slack mode: CommodityRows (struct=343, capped_arcs=2400)
[lp-config] backend=copt version=8.0.1 method=barrier exec=GPU presolve=off crossover=off tol=0.0001 threads=n/a(GPU)
   It           UB           LB       LP_obj   #col   #row  #slk   +col   -col   +cut   -cut    t_LP    t_PR    t_SP   t_Tot     t_acc
    1          inf   2.4712e+06   3.4300e+04    686    343   343      0      0      0      0   0.247   0.000   0.000   0.248     0.248
    2          inf   2.4712e+06   3.4300e+05    686    343   343      0      0      0      0   0.026   0.000   0.000   0.026     0.274
    3          inf   4.3694e+06   3.4172e+06    686    343   338      0      0      0      0   0.027   0.000   0.000   0.027     0.301
    4          inf   2.6178e+07   2.6022e+07    686    344   167      0      0      1      0   0.029   0.001   0.000   0.031     0.332
    5          inf   3.7340e+07   4.6211e+07    709    593    16     23      0    249      0   0.030   0.001   0.000   0.031     0.363
    6          inf   3.7340e+07   1.0110e+08    981    596   174    274      2      3      0   0.055   0.002   0.000   0.058     0.421
    7          inf   3.7340e+07   2.1948e+08   1240    625   130    259      0     29      0   0.068   0.001   0.000   0.070     0.491
    8          inf   3.7340e+07   2.0672e+08   1518    670    71    278      0     45      0   0.083   0.001   0.000   0.084     0.575
    9          inf   3.7340e+07   9.7128e+07   1801    713    38    283      0     43      0   0.095   0.001   0.000   0.097     0.672
   10          inf   3.9768e+07   4.1873e+07   2065    747     0    265      1     34      0   0.164   0.001   0.000   0.167     0.839
   11          inf   4.1512e+07   4.1791e+07   2267    684     0    245     43      7     70   0.142   0.001   0.000   0.144     0.983
   12          inf   4.1601e+07   4.1763e+07   2431    695     0    230     66     13      2   0.116   0.001   0.000   0.119     1.102
   13          inf   4.1637e+07   4.1743e+07   2555    700     0    207     83      7      2   0.119   0.001   0.000   0.121     1.223
   14          inf   4.1650e+07   4.1731e+07   2595    700     0    190    150      7      7   0.125   0.001   0.000   0.128     1.351
   15          inf   4.1656e+07   4.1724e+07   2529    685     0    176    242      4     19   0.127   0.001   0.000   0.130     1.481
   16          inf   4.1684e+07   4.1720e+07   2359    669     0    155    325      7     23   0.114   0.001   0.000   0.117     1.597
   17          inf   4.1692e+07   4.1716e+07   2273    663     1    138    224      3      9   0.123   0.001   0.000   0.125     1.722
   18          inf   4.1701e+07   4.1713e+07   2167    658     0    115    221      5     10   0.119   0.001   0.000   0.122     1.844
   19          inf   4.1704e+07   4.1712e+07   2061    656     0     99    205      4      6   0.120   0.001   0.000   0.122     1.966
   20          inf   4.1706e+07   4.1711e+07   1982    659     0     89    168      4      1   0.116   0.001   0.000   0.118     2.085
   21          inf   4.1708e+07   4.1711e+07   1900    654     0     63    145      2      7   0.121   0.001   0.000   0.124     2.208
   22   4.1711e+07   4.1710e+07   4.1711e+07   1900    654     0    *52      0      0      0   0.112   0.001   0.000   0.114     2.322
CG optimal after 22 iterations. UB=41710713.131117 LB=41709753.913919 gap=9.592e+02 tol=4.171e+03  t_LP=2.279  t_PR=0.026  t_SP=0.006  t_Tot=2.326
[bounded-pricing] enabled=1 fired=5777 priced=9261 rate=62.4%

# === STDOUT (result CSV) ===
Setting parameter 'LpMethod' to 2
Setting parameter 'GPUMode' to 2
Setting parameter 'Presolve' to 0
Setting parameter 'Crossover' to 0
instance,formulation,iterations,columns,objective,lower_bound,optimal,time,time_lp,time_pricing,time_separation
data/commalab/grid/grid8,tree,22,1557,41710713.131117,41709753.913919,1,2.338,2.279,0.026,0.006
