# cmd: /usr/bin/time -o /tmp/mcfcg_mem_fephb98p.txt -f %M build/mcfcg_cli data/commalab/grid/grid11 --solver copt --copt-gpu-mode 2 --formulation tree --max-iters 10000 --bounded-pricing --time-limit 1800.0
# outcome: ok
# returncode: 0
# peak_rss_kb: 543416
# peak_rss_source: measured
# === STDERR (CG iteration log + preamble) ===
Instance: 625 vertices, 2400 arcs, 4000 commodities, 625 sources
Solver: copt (gpu-mode 2), formulation: tree
Pricing threads: 32 (auto)
Slack mode: CommodityRows (struct=625, capped_arcs=2400)
[lp-config] backend=copt version=8.0.1 method=barrier exec=GPU presolve=off crossover=off tol=0.0001 threads=n/a(GPU)
   It           UB           LB       LP_obj   #col   #row  #slk   +col   -col   +cut   -cut    t_LP    t_PR    t_SP   t_Tot     t_acc
    1          inf   1.8834e+07   6.2500e+04   1250    625   625      0      0      0      0   0.358   0.001   0.000   0.359     0.359
    2          inf   1.8834e+07   6.2500e+05   1250    625   625      0      0      0      0   0.168   0.000   0.000   0.169     0.527
    3          inf   1.8965e+07   6.2500e+06   1250    625   625      0      0      0      0   0.154   0.000   0.000   0.154     0.682
    4          inf   6.6412e+07   6.2161e+07   1250    625   613      0      0      0      0   0.157   0.001   0.000   0.158     0.839
    5          inf   3.2197e+08   3.2192e+08   1250    817    31      0      0    192      0   0.158   0.007   0.000   0.165     1.005
    6          inf   3.2197e+08   4.3436e+08   1849    817   305    599      0      0      0   0.196   0.003   0.000   0.201     1.206
    7          inf   3.2197e+08   1.1206e+09   2453    819   310    604      0      2      0   0.219   0.003   0.000   0.224     1.430
    8          inf   3.2197e+08   1.3957e+09   3069    841   167    616      0     22      0   0.227   0.003   0.000   0.231     1.662
    9          inf   3.2197e+08   1.0416e+09   3689    863   103    620      0     22      0   0.241   0.003   0.000   0.246     1.908
   10          inf   3.2197e+08   4.0967e+08   4309    921    12    620      0     58      0   0.284   0.003   0.001   0.289     2.197
   11          inf   3.2197e+08   3.3056e+08   4840    889     0    620     89     11     43   0.353   0.003   0.001   0.361     2.558
   12          inf   3.2802e+08   3.3010e+08   5088    907     0    610    362     19      1   0.283   0.003   0.001   0.290     2.848
   13          inf   3.2844e+08   3.2985e+08   5426    916     0    604    266     10      1   0.298   0.003   0.001   0.306     3.154
   14          inf   3.2867e+08   3.2967e+08   5659    924     0    596    363     11      3   0.299   0.003   0.001   0.307     3.461
   15          inf   3.2875e+08   3.2953e+08   5783    928     0    597    473      9      5   0.304   0.002   0.001   0.312     3.773
   16          inf   3.2894e+08   3.2944e+08   5609    917     0    581    755      9     20   0.320   0.003   0.001   0.329     4.101
   17          inf   3.2904e+08   3.2938e+08   5413    912     0    577    773      6     11   0.325   0.003   0.001   0.333     4.435
   18          inf   3.2910e+08   3.2934e+08   5388    909     0    562    587      3      6   0.311   0.003   0.001   0.319     4.754
   19          inf   3.2914e+08   3.2931e+08   5346    913     0    568    610      8      4   0.314   0.003   0.001   0.322     5.076
   20          inf   3.2920e+08   3.2928e+08   5322    913     0    535    559      3      3   0.314   0.003   0.001   0.322     5.398
   21          inf   3.2921e+08   3.2927e+08   5214    909     0    510    618      2      6   0.315   0.003   0.001   0.323     5.721
   22          inf   3.2923e+08   3.2926e+08   5173    906     0    501    542      2      5   0.315   0.003   0.001   0.322     6.043
   23          inf   3.2925e+08   3.2926e+08   5114    906     0    464    523      3      3   0.317   0.003   0.001   0.325     6.368
   24          inf   3.2926e+08   3.2926e+08   5039    904     0    408    483      2      4   0.337   0.003   0.001   0.345     6.713
   25          inf   3.2926e+08   3.2926e+08   4778    901     0    227    488      2      5   0.326   0.003   0.001   0.333     7.046
   26   3.2926e+08   3.2926e+08   3.2926e+08   4778    901     0     *6      0      0      0   0.307   0.003   0.001   0.310     7.357
CG optimal after 26 iterations. UB=329258288.547933 LB=329258002.012333 gap=2.865e+02 tol=3.293e+04  t_LP=7.201  t_PR=0.088  t_SP=0.015  t_Tot=7.372
[bounded-pricing] enabled=1 cut=8334 priced=20000 rate=41.7%

# === STDOUT (result CSV) ===
Setting parameter 'LpMethod' to 2
Setting parameter 'GPUMode' to 2
Setting parameter 'Presolve' to 0
Setting parameter 'Crossover' to 0
instance,formulation,iterations,columns,objective,lower_bound,optimal,time,time_lp,time_pricing,time_separation
data/commalab/grid/grid11,tree,26,4153,329258288.547933,329258002.012333,1,7.397,7.201,0.088,0.015
