# cmd: /usr/bin/time -o /tmp/mcfcg_mem_7z5x03nn.txt -f %M build/mcfcg_cli data/commalab/grid/grid9 --solver copt --copt-gpu-mode 2 --formulation tree --max-iters 10000 --bounded-pricing --time-limit 1800.0
# outcome: ok
# returncode: 0
# peak_rss_kb: 523776
# peak_rss_source: measured
# === STDERR (CG iteration log + preamble) ===
Instance: 625 vertices, 2400 arcs, 1000 commodities, 495 sources
Solver: copt (gpu-mode 2), formulation: tree
Pricing threads: 32 (auto)
Slack mode: CommodityRows (struct=495, capped_arcs=2400)
[lp-config] backend=copt version=8.0.1 method=barrier exec=GPU presolve=off crossover=off tol=0.0001 threads=n/a(GPU)
   It           UB           LB       LP_obj   #col   #row  #slk   +col   -col   +cut   -cut    t_LP    t_PR    t_SP   t_Tot     t_acc
    1          inf   4.7986e+06   4.9500e+04    990    495   495      0      0      0      0   0.353   0.000   0.000   0.354     0.354
    2          inf   4.7987e+06   4.9500e+05    990    495   495      0      0      0      0   0.159   0.000   0.000   0.160     0.514
    3          inf   6.7889e+06   4.9481e+06    990    495   493      0      0      0      0   0.155   0.000   0.000   0.155     0.669
    4          inf   4.2278e+07   4.1744e+07    990    495   314      0      0      0      0   0.153   0.002   0.000   0.156     0.825
    5          inf   8.1702e+07   8.1702e+07    990    822     0      0      0    327      0   0.159   0.005   0.000   0.164     0.989
    6          inf   8.1702e+07   1.7605e+08   1392    822   253    402      0      0      0   0.202   0.002   0.000   0.205     1.194
    7          inf   8.1702e+07   5.2113e+08   1810    826   224    418      0      4      0   0.224   0.002   0.000   0.227     1.421
    8          inf   8.1702e+07   6.8576e+08   2243    881   143    433      0     55      0   0.229   0.002   0.000   0.232     1.653
    9          inf   8.1702e+07   6.2611e+08   2683    918   109    440      0     37      0   0.241   0.002   0.000   0.244     1.897
   10          inf   8.1702e+07   1.4245e+08   3114    984    26    431      0     66      0   0.298   0.002   0.000   0.301     2.198
   11          inf   8.1702e+07   8.2942e+07   3457    921     0    430     87     24     87   0.332   0.002   0.000   0.336     2.534
   12          inf   8.2258e+07   8.2834e+07   3713    950     0    403    147     29      0   0.304   0.002   0.000   0.308     2.841
   13          inf   8.2328e+07   8.2789e+07   3959    955     0    389    143      9      4   0.301   0.002   0.000   0.305     3.146
   14          inf   8.2452e+07   8.2747e+07   4130    961     0    378    207     16     10   0.301   0.002   0.000   0.305     3.451
   15          inf   8.2518e+07   8.2718e+07   4188    968     0    350    292     16      9   0.308   0.002   0.000   0.312     3.763
   16          inf   8.2548e+07   8.2698e+07   4020    949     0    344    512      7     26   0.308   0.002   0.000   0.312     4.075
   17          inf   8.2580e+07   8.2683e+07   3875    949     0    318    463     11     11   0.312   0.002   0.000   0.316     4.391
   18          inf   8.2597e+07   8.2671e+07   3790    945     0    281    366      6     10   0.312   0.002   0.000   0.315     4.707
   19          inf   8.2612e+07   8.2663e+07   3682    945     0    274    382      8      8   0.305   0.001   0.000   0.308     5.015
   20          inf   8.2633e+07   8.2659e+07   3586    948     0    234    330     10      7   0.307   0.002   0.000   0.311     5.326
   21          inf   8.2634e+07   8.2656e+07   3479    944     0    223    330      2      6   0.305   0.002   0.000   0.309     5.635
   22          inf   8.2643e+07   8.2655e+07   3372    942     0    210    317      4      6   0.312   0.002   0.000   0.316     5.950
   23          inf   8.2649e+07   8.2654e+07   3238    936     0    144    278      3      9   0.321   0.002   0.000   0.324     6.275
   24          inf   8.2652e+07   8.2653e+07   3111    930     0    106    233      1      7   0.317   0.001   0.001   0.320     6.595
   25          inf   8.2652e+07   8.2653e+07   3001    928     0     98    208      2      4   0.308   0.002   0.000   0.312     6.907
   26          inf   8.2653e+07   8.2653e+07   2916    922     0     61    146      2      8   0.323   0.002   0.000   0.326     7.234
   27          inf   8.2653e+07   8.2653e+07   2752    920     0     16    180      2      4   0.299   0.002   0.000   0.302     7.536
   28   8.2653e+07   8.2653e+07   8.2653e+07   2752    920     0    *26      0      0      0   0.298   0.002   0.000   0.299     7.835
CG optimal after 28 iterations. UB=82652981.699353 LB=82652911.542616 gap=7.016e+01 tol=8.265e+03  t_LP=7.745  t_PR=0.062  t_SP=0.010  t_Tot=7.851
[bounded-pricing] enabled=1 cut=9921 priced=16830 rate=58.9%

# === STDOUT (result CSV) ===
Setting parameter 'LpMethod' to 2
Setting parameter 'GPUMode' to 2
Setting parameter 'Presolve' to 0
Setting parameter 'Crossover' to 0
instance,formulation,iterations,columns,objective,lower_bound,optimal,time,time_lp,time_pricing,time_separation
data/commalab/grid/grid9,tree,28,2257,82652981.699353,82652911.542616,1,7.873,7.745,0.062,0.010
