# cmd: /usr/bin/time -o /tmp/mcfcg_mem_umxenbmf.txt -f %M build/mcfcg_cli data/commalab/grid/grid15 --solver copt --copt-gpu-mode 2 --formulation tree --max-iters 10000 --bounded-pricing --time-limit 1800.0
# outcome: ok
# returncode: 0
# peak_rss_kb: 666116
# peak_rss_source: measured
# === STDERR (CG iteration log + preamble) ===
Instance: 1225 vertices, 4760 arcs, 32000 commodities, 1225 sources
Solver: copt (gpu-mode 2), formulation: tree
Pricing threads: 32 (auto)
Slack mode: CommodityRows (struct=1225, capped_arcs=4760)
[lp-config] backend=copt version=8.0.1 method=barrier exec=GPU presolve=off crossover=off tol=0.0001 threads=n/a(GPU)
   It           UB           LB       LP_obj   #col   #row  #slk   +col   -col   +cut   -cut    t_LP    t_PR    t_SP   t_Tot     t_acc
    1          inf   1.4824e+08   1.2250e+05   2450   1225  1225      0      0      0      0   0.253   0.001   0.001   0.254     0.254
    2          inf   1.4824e+08   1.2250e+06   2450   1225  1225      0      0      0      0   0.034   0.001   0.001   0.035     0.289
    3          inf   1.4824e+08   1.2250e+07   2450   1225  1225      0      0      0      0   0.030   0.001   0.001   0.031     0.321
    4          inf   1.5769e+08   1.2250e+08   2450   1225  1225      0      0      0      0   0.030   0.001   0.001   0.031     0.352
    5          inf   1.2379e+09   1.2248e+09   2450   1225  1223      0      0      0      0   0.034   0.003   0.001   0.038     0.390
    6          inf   3.5815e+09   3.5815e+09   2450   1483     0      0      0    258      0   0.033   0.023   0.002   0.058     0.448
    7          inf   3.5815e+09   7.2061e+09   3675   1483   561   1225      0      0      0   0.210   0.014   0.001   0.231     0.679
    8          inf   3.5815e+09   1.0864e+10   4900   1484   606   1225      0      1      0   0.237   0.014   0.001   0.259     0.938
    9          inf   3.5815e+09   2.2924e+10   6125   1496   294   1225      0     12      0   0.285   0.013   0.002   0.308     1.246
   10          inf   3.5815e+09   2.1194e+10   7350   1509   189   1225      0     13      0   0.361   0.013   0.001   0.384     1.630
   11          inf   3.5815e+09   8.4827e+09   8575   1528    52   1225      0     19      0   0.446   0.013   0.001   0.470     2.100
   12          inf   3.5815e+09   3.6020e+09   9585   1429     0   1225    215     21    120   0.620   0.013   0.003   0.656     2.756
   13          inf   3.5853e+09   3.5994e+09  10229   1440     0   1225    581     14      3   0.374   0.013   0.003   0.409     3.165
   14          inf   3.5884e+09   3.5977e+09  10706   1456     0   1225    748     17      1   0.381   0.012   0.003   0.417     3.583
   15          inf   3.5884e+09   3.5969e+09  11080   1459     0   1225    851      7      4   0.409   0.012   0.004   0.446     4.029
   16          inf   3.5905e+09   3.5961e+09  11306   1458     0   1225    999      3      4   0.437   0.012   0.004   0.476     4.505
   17          inf   3.5915e+09   3.5954e+09  11028   1453     0   1225   1503      3      8   0.478   0.013   0.004   0.518     5.022
   18          inf   3.5918e+09   3.5949e+09  10688   1444     0   1225   1565      3     12   0.431   0.013   0.004   0.470     5.492
   19          inf   3.5918e+09   3.5944e+09  10696   1436     0   1224   1216      4     12   0.403   0.014   0.004   0.443     5.935
   20          inf   3.5921e+09   3.5941e+09  10754   1439     0   1223   1165      6      3   0.402   0.013   0.004   0.441     6.376
   21          inf   3.5928e+09   3.5939e+09  10659   1438     0   1223   1318      3      4   0.436   0.013   0.004   0.476     6.852
   22          inf   3.5931e+09   3.5938e+09  10660   1435     0   1218   1217      1      4   0.414   0.013   0.004   0.454     7.305
   23   3.5937e+09   3.5932e+09   3.5937e+09  10704   1432     0   1220   1176      0      3   0.401   0.014   0.004   0.438     7.743
   24   3.5937e+09   3.5933e+09   3.5936e+09  10746   1432     0   1212   1170      3      3   0.417   0.016   0.004   0.459     8.202
   25   3.5937e+09   3.5934e+09   3.5936e+09  10746   1434     0  *1195      0      2      0   0.413   0.013   0.004   0.429     8.631
CG optimal after 25 iterations. UB=3593652743.141678 LB=3593386001.397527 gap=2.667e+05 tol=3.594e+05  t_LP=7.969  t_PR=0.301  t_SP=0.061  t_Tot=8.654
[bounded-pricing] enabled=1 fired=14760 priced=39200 rate=37.7%

# === STDOUT (result CSV) ===
Setting parameter 'LpMethod' to 2
Setting parameter 'GPUMode' to 2
Setting parameter 'Presolve' to 0
Setting parameter 'Crossover' to 0
instance,formulation,iterations,columns,objective,lower_bound,optimal,time,time_lp,time_pricing,time_separation
data/commalab/grid/grid15,tree,25,9521,3593652743.141678,3593386001.397527,1,8.685,7.969,0.301,0.061
