# cmd: /usr/bin/time -o /tmp/mcfcg_mem_oovafi7h.txt -f %M build/mcfcg_cli data/commalab/grid/grid6 --solver copt --copt-gpu-mode 2 --formulation path --max-iters 10000 --bounded-pricing --time-limit 1800.0
# outcome: ok
# returncode: 0
# peak_rss_kb: 474356
# peak_rss_source: measured
# === STDERR (CG iteration log + preamble) ===
Instance: 225 vertices, 840 arcs, 200 commodities, 135 sources
Solver: copt (gpu-mode 2), formulation: path
Pricing threads: 32 (auto)
Slack mode: CommodityRows (struct=200, capped_arcs=840)
[lp-config] backend=copt version=8.0.1 method=barrier exec=GPU presolve=off crossover=off tol=0.0001 threads=n/a(GPU)
   It           UB           LB       LP_obj   #col   #row  #slk   +col   -col   +cut   -cut    t_LP    t_PR    t_SP   t_Tot     t_acc
    1          inf   1.8616e+06   1.1258e+06    400    200   198      0      0      0      0   0.238   0.000   0.000   0.238     0.238
    2          inf   8.8143e+06   8.7504e+06    400    213    82      0      0     13      0   0.022   0.000   0.000   0.022     0.260
    3          inf   8.8143e+06   1.7843e+07    481    270    56     81      0     57      0   0.028   0.000   0.000   0.028     0.288
    4          inf   8.8143e+06   2.8483e+07    611    289    72    130      0     19      0   0.041   0.000   0.000   0.042     0.330
    5          inf   8.8143e+06   2.1995e+07    740    314    40    129      0     25      0   0.044   0.000   0.000   0.045     0.375
    6          inf   8.8143e+06   1.1928e+07    870    335     8    134      4     21      0   0.053   0.000   0.000   0.054     0.429
    7          inf   1.0301e+07   1.0423e+07    983    345     0    113      0     10      0   0.065   0.000   0.000   0.065     0.494
    8   1.0412e+07   1.0370e+07   1.0412e+07   1061    345     0     86      8      0      0   0.065   0.000   0.000   0.066     0.560
    9   1.0412e+07   1.0390e+07   1.0404e+07   1101    341     0     60     20      2      6   0.066   0.000   0.000   0.067     0.627
   10   1.0412e+07   1.0394e+07   1.0402e+07   1105    343     0     39     35      3      1   0.068   0.000   0.000   0.069     0.695
   11   1.0412e+07   1.0399e+07   1.0401e+07   1057    340     0     24     72      5      8   0.065   0.000   0.000   0.065     0.761
   12   1.0412e+07   1.0400e+07   1.0402e+07    963    335     0     26    120      2      7   0.066   0.000   0.000   0.066     0.827
   13   1.0402e+07   1.0401e+07   1.0402e+07    963    335     0    *11      0      0      0   0.061   0.000   0.000   0.062     0.889
CG optimal after 13 iterations. UB=10401529.489788 LB=10401217.575376 gap=3.119e+02 tol=1.040e+03  t_LP=0.881  t_PR=0.004  t_SP=0.002  t_Tot=0.890
[bounded-pricing] enabled=1 fired=1395 priced=2160 rate=64.6%

# === STDOUT (result CSV) ===
Setting parameter 'LpMethod' to 2
Setting parameter 'GPUMode' to 2
Setting parameter 'Presolve' to 0
Setting parameter 'Crossover' to 0
instance,formulation,iterations,columns,objective,lower_bound,optimal,time,time_lp,time_pricing,time_separation
data/commalab/grid/grid6,path,13,763,10401529.489788,10401217.575376,1,0.901,0.881,0.004,0.002
