# cmd: /usr/bin/time -o /tmp/mcfcg_mem_rgonc9cv.txt -f %M build/mcfcg_cli data/commalab/grid/grid7 --solver copt --copt-gpu-mode 2 --formulation path --max-iters 10000 --bounded-pricing --time-limit 1800.0
# outcome: ok
# returncode: 0
# peak_rss_kb: 475268
# peak_rss_source: measured
# === STDERR (CG iteration log + preamble) ===
Instance: 400 vertices, 1520 arcs, 400 commodities, 247 sources
Solver: copt (gpu-mode 2), formulation: path
Pricing threads: 32 (auto)
Slack mode: CommodityRows (struct=400, capped_arcs=1520)
[lp-config] backend=copt version=8.0.1 method=barrier exec=GPU presolve=off crossover=off tol=0.0001 threads=n/a(GPU)
   It           UB           LB       LP_obj   #col   #row  #slk   +col   -col   +cut   -cut    t_LP    t_PR    t_SP   t_Tot     t_acc
    1          inf   3.5720e+06   2.2330e+06    800    400   394      0      0      0      0   0.351   0.000   0.000   0.351     0.351
    2          inf   1.8975e+07   1.8829e+07    800    400   239      0      0      0      0   0.156   0.001   0.000   0.158     0.509
    3          inf   2.5727e+07   2.5727e+07    800    523     0      0      0    123      0   0.148   0.001   0.000   0.149     0.658
    4          inf   2.5727e+07   5.9583e+07   1048    523   132    248      0      0      0   0.177   0.001   0.000   0.179     0.837
    5          inf   2.5727e+07   5.9781e+07   1284    531    70    236      0      8      0   0.195   0.001   0.000   0.196     1.033
    6          inf   2.5727e+07   2.5889e+07   1481    568     0    197      0     37      0   0.210   0.001   0.000   0.211     1.243
    7          inf   2.5727e+07   2.5893e+07   1690    585     0    209      0     17      0   0.223   0.001   0.000   0.225     1.468
    8          inf   2.5839e+07   2.5876e+07   1832    591     0    142      0      6      0   0.221   0.001   0.000   0.222     1.690
    9          inf   2.5853e+07   2.5867e+07   1904    558     0     91     19      3     36   0.215   0.001   0.000   0.217     1.907
   10          inf   2.5861e+07   2.5865e+07   1873    559     0     40     71      2      1   0.207   0.001   0.000   0.208     2.115
   11   2.5864e+07   2.5863e+07   2.5864e+07   1873    559     0    *23      0      0      0   0.215   0.001   0.000   0.216     2.331
CG optimal after 11 iterations. UB=25863941.333562 LB=25862873.977650 gap=1.067e+03 tol=2.586e+03  t_LP=2.317  t_PR=0.011  t_SP=0.002  t_Tot=2.334
[bounded-pricing] enabled=1 cut=2557 priced=3705 rate=69.0%

# === STDOUT (result CSV) ===
Setting parameter 'LpMethod' to 2
Setting parameter 'GPUMode' to 2
Setting parameter 'Presolve' to 0
Setting parameter 'Crossover' to 0
instance,formulation,iterations,columns,objective,lower_bound,optimal,time,time_lp,time_pricing,time_separation
data/commalab/grid/grid7,path,11,1473,25863941.333562,25862873.977650,1,2.351,2.317,0.011,0.002
