# cmd: /usr/bin/time -o /tmp/mcfcg_mem_e2hicgsl.txt -f %M build/mcfcg_cli data/commalab/grid/grid14 --solver copt --copt-gpu-mode 2 --formulation tree --max-iters 10000 --bounded-pricing --time-limit 1800.0
# outcome: ok
# returncode: 0
# peak_rss_kb: 598200
# peak_rss_source: measured
# === STDERR (CG iteration log + preamble) ===
Instance: 1225 vertices, 4760 arcs, 16000 commodities, 1225 sources
Solver: copt (gpu-mode 2), formulation: tree
Pricing threads: 32 (auto)
Slack mode: CommodityRows (struct=1225, capped_arcs=4760)
[lp-config] backend=copt version=8.0.1 method=barrier exec=GPU presolve=off crossover=off tol=0.0001 threads=n/a(GPU)
   It           UB           LB       LP_obj   #col   #row  #slk   +col   -col   +cut   -cut    t_LP    t_PR    t_SP   t_Tot     t_acc
    1          inf   7.4250e+07   1.2250e+05   2450   1225  1225      0      0      0      0   0.252   0.001   0.001   0.254     0.254
    2          inf   7.4250e+07   1.2250e+06   2450   1225  1225      0      0      0      0   0.033   0.001   0.001   0.035     0.288
    3          inf   7.4250e+07   1.2250e+07   2450   1225  1225      0      0      0      0   0.030   0.001   0.001   0.031     0.320
    4          inf   1.5029e+08   1.2250e+08   2450   1225  1225      0      0      0      0   0.028   0.001   0.001   0.030     0.350
    5          inf   1.1734e+09   1.1712e+09   2450   1225   967      0      0      0      0   0.033   0.013   0.001   0.047     0.397
    6          inf   1.7977e+09   1.7977e+09   2450   1442     0      0      0    217      0   0.038   0.023   0.002   0.063     0.459
    7          inf   1.7977e+09   4.6145e+09   3670   1442   606   1220      0      0      0   0.123   0.012   0.001   0.140     0.600
    8          inf   1.7977e+09   5.6097e+09   4892   1442   449   1222      0      0      0   0.172   0.013   0.001   0.191     0.790
    9          inf   1.7977e+09   6.4545e+09   6116   1456   315   1224      0     14      0   0.207   0.012   0.001   0.227     1.017
   10          inf   1.7977e+09   3.7732e+09   7341   1476    83   1225      0     20      0   0.224   0.012   0.001   0.244     1.261
   11          inf   1.7977e+09   1.8059e+09   8564   1498     0   1223      0     22      0   0.315   0.011   0.002   0.334     1.595
   12          inf   1.7997e+09   1.8047e+09   9585   1410     0   1224    203     10     98   0.376   0.013   0.003   0.404     1.999
   13          inf   1.8012e+09   1.8040e+09  10258   1420     0   1221    548     10      0   0.270   0.012   0.002   0.295     2.294
   14          inf   1.8014e+09   1.8035e+09  10826   1422     0   1216    648      5      3   0.286   0.012   0.003   0.314     2.608
   15          inf   1.8020e+09   1.8032e+09  11112   1424     0   1204    918      8      6   0.295   0.012   0.003   0.324     2.932
   16          inf   1.8022e+09   1.8030e+09  10787   1421     0   1182   1507      1      4   0.308   0.012   0.003   0.337     3.269
   17          inf   1.8023e+09   1.8029e+09  10418   1414     0   1177   1546      4     11   0.306   0.011   0.003   0.334     3.603
   18          inf   1.8025e+09   1.8028e+09  10247   1408     0   1134   1305      1      7   0.297   0.011   0.003   0.324     3.928
   19   1.8027e+09   1.8026e+09   1.8027e+09  10247   1408     0  *1082      0      0      0   0.276   0.011   0.002   0.289     4.217
CG optimal after 19 iterations. UB=1802723347.474934 LB=1802553019.572973 gap=1.703e+05 tol=1.803e+05  t_LP=3.872  t_PR=0.210  t_SP=0.032  t_Tot=4.234
[bounded-pricing] enabled=1 fired=15069 priced=31850 rate=47.3%

# === STDOUT (result CSV) ===
Setting parameter 'LpMethod' to 2
Setting parameter 'GPUMode' to 2
Setting parameter 'Presolve' to 0
Setting parameter 'Crossover' to 0
instance,formulation,iterations,columns,objective,lower_bound,optimal,time,time_lp,time_pricing,time_separation
data/commalab/grid/grid14,tree,19,9022,1802723347.474934,1802553019.572973,1,4.258,3.872,0.210,0.032
