# cmd: /usr/bin/time -o /tmp/mcfcg_mem_wcsg2om1.txt -f %M build/mcfcg_cli data/commalab/planar/planar50 --solver copt --copt-gpu-mode 2 --formulation tree --max-iters 10000 --bounded-pricing --time-limit 1800.0
# outcome: ok
# returncode: 0
# peak_rss_kb: 472300
# peak_rss_source: measured
# === STDERR (CG iteration log + preamble) ===
Instance: 50 vertices, 250 arcs, 267 commodities, 50 sources
Solver: copt (gpu-mode 2), formulation: tree
Pricing threads: 32 (auto)
Slack mode: CommodityRows (struct=50, capped_arcs=250)
[lp-config] backend=copt version=8.0.1 method=barrier exec=GPU presolve=off crossover=off tol=0.0001 threads=n/a(GPU)
   It           UB           LB       LP_obj   #col   #row  #slk   +col   -col   +cut   -cut    t_LP    t_PR    t_SP   t_Tot     t_acc
    1          inf   1.2424e+07   4.0970e+06    100     50    50      0      0      0      0   0.247   0.000   0.000   0.247     0.247
    2          inf   4.4008e+07   3.9142e+07    100     50    43      0      0      0      0   0.029   0.000   0.000   0.029     0.276
    3          inf   1.1503e+08   1.1503e+08    100     84     0      0      0     34      0   0.030   0.000   0.000   0.031     0.307
    4          inf   1.1503e+08   1.9455e+08    146     84    24     46      0      0      0   0.029   0.000   0.000   0.029     0.336
    5          inf   1.1503e+08   6.4598e+08    187     85    25     41      0      1      0   0.029   0.000   0.000   0.029     0.365
    6          inf   1.1503e+08   7.0696e+08    228     89    13     41      0      4      0   0.036   0.000   0.000   0.037     0.401
    7          inf   1.1503e+08   3.9220e+08    272     97    10     44      0      8      0   0.038   0.000   0.000   0.038     0.439
    8          inf   1.1503e+08   1.0423e+09    318    102     8     46      0      5      0   0.047   0.000   0.000   0.047     0.486
    9          inf   1.1503e+08   1.2447e+08    357     99     0     41      2      3      6   0.049   0.000   0.000   0.050     0.536
   10   1.2364e+08   1.1955e+08   1.2364e+08    374     99     0     38     21      0      0   0.039   0.000   0.001   0.040     0.576
   11   1.2364e+08   1.2083e+08   1.2290e+08    396    101     0     32     10      2      0   0.042   0.000   0.000   0.042     0.619
   12   1.2262e+08   1.2083e+08   1.2262e+08    416    100     0     39     19      0      1   0.042   0.000   0.000   0.043     0.661
   13   1.2237e+08   1.2190e+08   1.2237e+08    391     96     0     24     49      0      4   0.042   0.000   0.000   0.042     0.703
   14   1.2227e+08   1.2210e+08   1.2227e+08    370     96     0     19     40      0      0   0.050   0.000   0.000   0.050     0.754
   15   1.2224e+08   1.2211e+08   1.2224e+08    345     95     0     19     44      0      1   0.041   0.000   0.000   0.041     0.795
   16   1.2221e+08   1.2216e+08   1.2221e+08    306     95     0     10     49      0      0   0.041   0.000   0.000   0.041     0.837
   17   1.2220e+08   1.2220e+08   1.2220e+08    306     95     0     *3      0      0      0   0.038   0.000   0.000   0.038     0.875
CG optimal after 17 iterations. UB=122199882.037322 LB=122199109.326378 gap=7.727e+02 tol=1.222e+04  t_LP=0.869  t_PR=0.004  t_SP=0.002  t_Tot=0.877
[bounded-pricing] enabled=1 fired=557 priced=1050 rate=53.0%

# === STDOUT (result CSV) ===
Setting parameter 'LpMethod' to 2
Setting parameter 'GPUMode' to 2
Setting parameter 'Presolve' to 0
Setting parameter 'Crossover' to 0
instance,formulation,iterations,columns,objective,lower_bound,optimal,time,time_lp,time_pricing,time_separation
data/commalab/planar/planar50,tree,17,256,122199882.037322,122199109.326378,1,0.887,0.869,0.004,0.002
