# cmd: /usr/bin/time -o /tmp/mcfcg_mem_ftcvemun.txt -f %M build/mcfcg_cli data/commalab/planar/planar1000 --solver copt --copt-gpu-mode 2 --formulation tree --max-iters 10000 --bounded-pricing --time-limit 1800.0
# outcome: ok
# returncode: 0
# peak_rss_kb: 801296
# peak_rss_source: measured
# === STDERR (CG iteration log + preamble) ===
Instance: 1000 vertices, 5200 arcs, 20026 commodities, 1000 sources
Solver: copt (gpu-mode 2), formulation: tree
Pricing threads: 32 (auto)
Slack mode: CommodityRows (struct=1000, capped_arcs=5200)
[lp-config] backend=copt version=8.0.1 method=barrier exec=GPU presolve=off crossover=off tol=0.0001 threads=n/a(GPU)
   It           UB           LB       LP_obj   #col   #row  #slk   +col   -col   +cut   -cut    t_LP    t_PR    t_SP   t_Tot     t_acc
    1          inf   5.7179e+07   8.7300e+06   2000   1000  1000      0      0      0      0   0.356   0.001   0.001   0.357     0.357
    2          inf   1.2829e+08   8.7300e+07   2000   1000  1000      0      0      0      0   0.168   0.001   0.001   0.169     0.527
    3          inf   8.8430e+08   8.7275e+08   2000   1000   998      0      0      0      0   0.161   0.003   0.001   0.164     0.691
    4          inf   3.1896e+09   3.1896e+09   2000   1538     0      0      0    538      0   0.165   0.023   0.002   0.189     0.880
    5          inf   3.1896e+09   6.1730e+09   2999   1538   602    999      0      0      0   0.442   0.012   0.001   0.460     1.340
    6          inf   3.1896e+09   2.5922e+10   3999   1538   647   1000      0      0      0   0.607   0.012   0.001   0.627     1.967
    7          inf   3.1896e+09   7.5058e+10   4998   1539   650    999      0      1      0   0.690   0.012   0.001   0.711     2.678
    8          inf   3.1896e+09   2.9327e+11   5998   1542   459   1000      0      3      0   0.839   0.013   0.001   0.863     3.541
    9          inf   3.1896e+09   3.0901e+11   6998   1555   345   1000      0     13      0   0.871   0.012   0.001   0.892     4.434
   10          inf   3.1896e+09   2.5421e+11   7628   1267   279   1000    370      9    297   0.956   0.012   0.001   0.990     5.424
   11          inf   3.1896e+09   1.7791e+11   7901   1360   187   1000    727     93      0   0.521   0.011   0.002   0.548     5.972
   12          inf   3.1896e+09   1.6188e+11   8168   1393   176   1000    733     33      0   0.592   0.012   0.002   0.620     6.591
   13          inf   3.1896e+09   1.0362e+11   8327   1447   116   1000    841     56      2   0.621   0.013   0.001   0.655     7.246
   14          inf   3.1896e+09   7.7369e+10   8504   1505    85   1000    823     59      1   0.707   0.011   0.001   0.741     7.988
   15          inf   3.1896e+09   4.9073e+10   8741   1544    54   1000    763     49     10   0.746   0.012   0.001   0.781     8.768
   16          inf   3.1896e+09   1.5044e+10   9008   1606    16   1000    733     67      5   0.807   0.011   0.001   0.846     9.614
   17          inf   3.1896e+09   6.4702e+09   9124   1629     3   1000    884     27      4   0.968   0.013   0.002   1.008    10.622
   18          inf   3.1896e+09   3.5636e+09   9292   1601     0   1000    832      7     35   0.991   0.012   0.002   1.031    11.653
   19          inf   3.2522e+09   3.5459e+09   9407   1595     0   1000    885      6     12   0.906   0.011   0.002   0.945    12.598
   20          inf   3.2548e+09   3.5323e+09   9526   1586     0   1000    881     13     22   0.882   0.012   0.003   0.920    13.517
   21          inf   3.2908e+09   3.5193e+09   9600   1589     0   1000    926     14     11   0.917   0.011   0.003   0.957    14.474
   22          inf   3.3010e+09   3.5082e+09   9526   1579     0   1000   1074      8     18   0.883   0.012   0.003   0.925    15.399
   23          inf   3.3192e+09   3.4981e+09   9204   1567     0   1000   1322      8     20   0.905   0.011   0.003   0.944    16.343
   24          inf   3.3513e+09   3.4900e+09   9140   1543     0   1000   1064     10     34   0.864   0.012   0.003   0.904    17.247
   25          inf   3.3603e+09   3.4818e+09   9258   1521     0   1000    882     11     33   0.851   0.012   0.003   0.890    18.137
   26          inf   3.3797e+09   3.4757e+09   9280   1503     0   1000    978      9     27   0.865   0.012   0.003   0.905    19.042
   27          inf   3.3836e+09   3.4711e+09   9359   1489     0   1000    921      5     19   0.781   0.010   0.003   0.817    19.858
   28          inf   3.3980e+09   3.4674e+09   9358   1490     0   1000   1001     11     10   0.783   0.012   0.003   0.821    20.679
   29          inf   3.3980e+09   3.4639e+09   9372   1502     0   1000    986     23     11   0.830   0.012   0.003   0.868    21.547
   30          inf   3.4028e+09   3.4619e+09   9373   1492     0   1000    999      9     19   0.834   0.013   0.003   0.873    22.421
   31          inf   3.4138e+09   3.4594e+09   9364   1495     0   1000   1009     15     12   0.812   0.011   0.003   0.851    23.271
   32          inf   3.4159e+09   3.4575e+09   9366   1499     0   1000    998     13      9   0.812   0.011   0.003   0.851    24.122
   33          inf   3.4225e+09   3.4557e+09   9416   1503     0   1000    950      9      5   0.802   0.011   0.003   0.838    24.960
   34          inf   3.4271e+09   3.4545e+09   9460   1506     0   1000    956      5      2   0.803   0.011   0.003   0.842    25.802
   35          inf   3.4342e+09   3.4536e+09   9461   1509     0   1000    999      9      6   0.868   0.010   0.003   0.907    26.710
   36          inf   3.4352e+09   3.4528e+09   9426   1509     0   1000   1035      3      3   0.831   0.013   0.003   0.872    27.581
   37          inf   3.4376e+09   3.4523e+09   9431   1512     0   1000    995      5      2   0.825   0.012   0.003   0.864    28.446
   38          inf   3.4390e+09   3.4518e+09   9414   1509     0   1000   1017      3      6   0.859   0.011   0.003   0.897    29.343
   39          inf   3.4402e+09   3.4513e+09   9410   1495     0   1000   1004      5     19   0.878   0.011   0.003   0.916    30.259
   40          inf   3.4418e+09   3.4509e+09   9372   1497     0   1000   1038      5      3   0.817   0.011   0.003   0.855    31.114
   41          inf   3.4436e+09   3.4506e+09   9418   1495     0   1000    954      7      9   0.853   0.012   0.003   0.892    32.006
   42          inf   3.4445e+09   3.4503e+09   9403   1495     0   1000   1015      1      1   0.845   0.012   0.003   0.884    32.891
   43          inf   3.4457e+09   3.4502e+09   9437   1494     0   1000    966      2      3   0.856   0.012   0.003   0.896    33.786
   44   3.4500e+09   3.4460e+09   3.4500e+09   9438   1491     0   1000    999      0      3   0.869   0.011   0.002   0.904    34.690
   45   3.4500e+09   3.4470e+09   3.4499e+09   9482   1494     0   1000    956      5      2   0.892   0.011   0.003   0.931    35.620
   46   3.4500e+09   3.4476e+09   3.4498e+09   9438   1488     0   1000   1044      4     10   0.866   0.012   0.003   0.907    36.528
   47   3.4500e+09   3.4484e+09   3.4497e+09   9428   1485     0   1000   1010      3      6   0.877   0.011   0.003   0.915    37.443
   48   3.4500e+09   3.4488e+09   3.4497e+09   9447   1483     0   1000    981      2      4   0.874   0.012   0.003   0.913    38.356
   49   3.4500e+09   3.4490e+09   3.4496e+09   9489   1484     0   1000    958      2      1   0.851   0.009   0.003   0.889    39.245
   50   3.4500e+09   3.4493e+09   3.4496e+09   9573   1485     0   1000    916      2      1   0.878   0.011   0.003   0.917    40.162
   51   3.4500e+09   3.4495e+09   3.4496e+09   9592   1484     0   1000    981      1      2   0.891   0.011   0.003   0.930    41.092
   52   3.4496e+09   3.4495e+09   3.4496e+09   9592   1484     0  *1000      0      0      0   0.906   0.012   0.004   0.922    42.014
CG optimal after 52 iterations. UB=3449612443.775368 LB=3449544365.162988 gap=6.808e+04 tol=3.450e+05  t_LP=40.274  t_PR=0.602  t_SP=0.121  t_Tot=42.037
[bounded-pricing] enabled=1 cut=8002 priced=57000 rate=14.0%

# === STDOUT (result CSV) ===
Setting parameter 'LpMethod' to 2
Setting parameter 'GPUMode' to 2
Setting parameter 'Presolve' to 0
Setting parameter 'Crossover' to 0
instance,formulation,iterations,columns,objective,lower_bound,optimal,time,time_lp,time_pricing,time_separation
data/commalab/planar/planar1000,tree,52,8592,3449612443.775368,3449544365.162988,1,42.081,40.274,0.602,0.121
