# cmd: /usr/bin/time -o /tmp/mcfcg_mem__iyz230_.txt -f %M build/mcfcg_cli data/commalab/planar/planar80 --solver copt --copt-gpu-mode 2 --formulation tree --max-iters 10000 --bounded-pricing --time-limit 1800.0
# outcome: ok
# returncode: 0
# peak_rss_kb: 478008
# peak_rss_source: measured
# === STDERR (CG iteration log + preamble) ===
Instance: 80 vertices, 440 arcs, 543 commodities, 80 sources
Solver: copt (gpu-mode 2), formulation: tree
Pricing threads: 32 (auto)
Slack mode: CommodityRows (struct=80, capped_arcs=440)
[lp-config] backend=copt version=8.0.1 method=barrier exec=GPU presolve=off crossover=off tol=0.0001 threads=n/a(GPU)
   It           UB           LB       LP_obj   #col   #row  #slk   +col   -col   +cut   -cut    t_LP    t_PR    t_SP   t_Tot     t_acc
    1          inf   2.6034e+07   1.7178e+07    160     80    80      0      0      0      0   0.348   0.000   0.000   0.348     0.348
    2          inf   1.4117e+08   1.3972e+08    160    126    30      0      0     46      0   0.165   0.000   0.000   0.165     0.514
    3          inf   1.4117e+08   4.0133e+08    235    130    64     75      0      4      0   0.157   0.000   0.000   0.158     0.671
    4          inf   1.4117e+08   1.9983e+09    311    133    61     76      0      3      0   0.166   0.000   0.000   0.166     0.837
    5          inf   1.4117e+08   7.9506e+09    391    141    46     80      0      8      0   0.169   0.000   0.000   0.170     1.007
    6          inf   1.4117e+08   1.4360e+10    466    155    36     78      3     14      0   0.169   0.000   0.000   0.170     1.177
    7          inf   1.4117e+08   1.2852e+10    546    171    29     80      0     16      0   0.173   0.000   0.000   0.173     1.350
    8          inf   1.4117e+08   1.1286e+10    594    185    20     80     32     17      3   0.174   0.000   0.001   0.175     1.525
    9          inf   1.4117e+08   5.8733e+09    640    194    11     80     34      9      0   0.184   0.000   0.000   0.185     1.710
   10          inf   1.4117e+08   1.5096e+09    688    210     5     80     32     16      0   0.183   0.000   0.000   0.184     1.894
   11          inf   1.4117e+08   5.5056e+08    717    218     1     80     51      8      0   0.201   0.000   0.000   0.202     2.096
   12   1.8783e+08   1.7390e+08   1.8783e+08    754    218     0     80     43      0      0   0.196   0.000   0.000   0.197     2.293
   13   1.8783e+08   1.7526e+08   1.8588e+08    789    222     0     79     44      4      0   0.190   0.000   0.000   0.192     2.485
   14   1.8783e+08   1.7809e+08   1.8466e+08    828    221     0     80     41      1      2   0.194   0.000   0.000   0.195     2.680
   15   1.8783e+08   1.7815e+08   1.8392e+08    855    221     0     80     53      2      2   0.195   0.000   0.000   0.196     2.876
   16   1.8783e+08   1.7915e+08   1.8352e+08    841    211     0     79     93      1     11   0.192   0.000   0.000   0.193     3.069
   17   1.8783e+08   1.8034e+08   1.8313e+08    811    205     0     78    108      1      7   0.192   0.000   0.000   0.193     3.262
   18   1.8274e+08   1.8094e+08   1.8274e+08    798    197     0     79     92      0      8   0.194   0.000   0.000   0.194     3.456
   19   1.8274e+08   1.8159e+08   1.8265e+08    791    199     0     74     81      2      0   0.192   0.000   0.000   0.193     3.649
   20   1.8274e+08   1.8178e+08   1.8256e+08    803    199     0     74     62      1      1   0.191   0.000   0.000   0.192     3.841
   21   1.8274e+08   1.8199e+08   1.8250e+08    799    200     0     74     78      1      0   0.197   0.000   0.000   0.198     4.039
   22   1.8248e+08   1.8215e+08   1.8248e+08    794    200     0     77     82      0      0   0.198   0.000   0.000   0.199     4.238
   23   1.8246e+08   1.8230e+08   1.8246e+08    778    200     0     66     82      0      0   0.198   0.000   0.000   0.199     4.437
   24   1.8244e+08   1.8241e+08   1.8244e+08    782    200     0     70     66      0      0   0.210   0.000   0.000   0.210     4.647
   25   1.8244e+08   1.8243e+08   1.8244e+08    782    200     0    *58      0      0      0   0.215   0.000   0.000   0.216     4.863
CG optimal after 25 iterations. UB=182438368.208549 LB=182430433.383843 gap=7.935e+03 tol=1.824e+04  t_LP=4.845  t_PR=0.006  t_SP=0.005  t_Tot=4.865
[bounded-pricing] enabled=1 cut=403 priced=2240 rate=18.0%

# === STDOUT (result CSV) ===
Setting parameter 'LpMethod' to 2
Setting parameter 'GPUMode' to 2
Setting parameter 'Presolve' to 0
Setting parameter 'Crossover' to 0
instance,formulation,iterations,columns,objective,lower_bound,optimal,time,time_lp,time_pricing,time_separation
data/commalab/planar/planar80,tree,25,702,182438368.208549,182430433.383843,1,4.884,4.845,0.006,0.005
