# cmd: /usr/bin/time -o /tmp/mcfcg_mem_0dpi1dxg.txt -f %M build/mcfcg_cli data/commalab/planar/planar80 --solver copt --copt-gpu-mode 2 --formulation path --max-iters 10000 --bounded-pricing --time-limit 1800.0
# outcome: ok
# returncode: 0
# peak_rss_kb: 476128
# peak_rss_source: measured
# === STDERR (CG iteration log + preamble) ===
Instance: 80 vertices, 440 arcs, 543 commodities, 80 sources
Solver: copt (gpu-mode 2), formulation: path
Pricing threads: 32 (auto)
Slack mode: EdgeRows (struct=543, capped_arcs=440)
[lp-config] backend=copt version=8.0.1 method=barrier exec=GPU presolve=off crossover=off tol=0.0001 threads=n/a(GPU)
   It           UB           LB       LP_obj   #col   #row  #slk   +col   -col   +cut   -cut    t_LP    t_PR    t_SP   t_Tot     t_acc
    1          inf   1.6746e+08   1.6746e+08    634    634     0      0      0     91      0   0.239   0.000   0.000   0.239     0.239
    2          inf   1.6746e+08   2.5924e+09   1155    634    91    521      0      0      0   0.068   0.000   0.000   0.068     0.308
    3          inf   1.6746e+08   1.8987e+08   1610    676     0    413      0     42      0   0.049   0.000   0.000   0.050     0.357
    4          inf   1.6746e+08   2.8676e+08   2045    686    16    425      0     10      0   0.056   0.000   0.000   0.057     0.414
    5          inf   1.6746e+08   2.7527e+08   2389    694     6    336      0      8      0   0.070   0.000   0.000   0.071     0.486
    6          inf   1.7893e+08   1.8337e+08   2692    695     0    302      0      1      0   0.071   0.000   0.000   0.071     0.557
    7          inf   1.8110e+08   1.8270e+08   2862    697     0    168      0      2      0   0.072   0.000   0.000   0.072     0.629
    8   1.8248e+08   1.8232e+08   1.8248e+08   2753    683     0    111    206      0     14   0.081   0.000   0.000   0.082     0.711
    9   1.8244e+08   1.8244e+08   1.8244e+08   2753    683     0     *0      0      0      0   0.070   0.000   0.000   0.070     0.781
CG optimal after 9 iterations. UB=182436222.096789 LB=182436220.311228 gap=1.786e+00 tol=1.824e+04  t_LP=0.774  t_PR=0.003  t_SP=0.002  t_Tot=0.782
[bounded-pricing] enabled=1 fired=461 priced=960 rate=48.0%

# === STDOUT (result CSV) ===
Setting parameter 'LpMethod' to 2
Setting parameter 'GPUMode' to 2
Setting parameter 'Presolve' to 0
Setting parameter 'Crossover' to 0
instance,formulation,iterations,columns,objective,lower_bound,optimal,time,time_lp,time_pricing,time_separation
data/commalab/planar/planar80,path,9,2613,182436222.096789,182436220.311228,1,0.794,0.774,0.003,0.002
