# cmd: /usr/bin/time -o /tmp/mcfcg_mem_gj4lf380.txt -f %M build/mcfcg_cli data/commalab/planar/planar150 --solver copt --copt-gpu-mode 2 --formulation tree --max-iters 10000 --bounded-pricing --time-limit 1800.0
# outcome: ok
# returncode: 0
# peak_rss_kb: 492068
# peak_rss_source: measured
# === STDERR (CG iteration log + preamble) ===
Instance: 150 vertices, 850 arcs, 2239 commodities, 150 sources
Solver: copt (gpu-mode 2), formulation: tree
Pricing threads: 32 (auto)
Slack mode: CommodityRows (struct=150, capped_arcs=850)
[lp-config] backend=copt version=8.0.1 method=barrier exec=GPU presolve=off crossover=off tol=0.0001 threads=n/a(GPU)
   It           UB           LB       LP_obj   #col   #row  #slk   +col   -col   +cut   -cut    t_LP    t_PR    t_SP   t_Tot     t_acc
    1          inf   4.3848e+07   2.8355e+07    300    150   150      0      0      0      0   0.245   0.000   0.000   0.245     0.245
    2          inf   2.8169e+08   2.7752e+08    300    150   137      0      0      0      0   0.031   0.000   0.000   0.032     0.277
    3          inf   4.6091e+08   4.6091e+08    300    366     0      0      0    216      0   0.034   0.001   0.000   0.035     0.312
    4          inf   4.6091e+08   1.9672e+09    447    366   120    147      0      0      0   0.059   0.000   0.000   0.060     0.372
    5          inf   4.6091e+08   1.1631e+10    597    366   109    150      0      0      0   0.067   0.000   0.000   0.068     0.439
    6          inf   4.6091e+08   3.5622e+10    747    370   103    150      0      4      0   0.072   0.000   0.000   0.073     0.512
    7          inf   4.6091e+08   6.3698e+10    897    372    88    150      0      2      0   0.076   0.000   0.000   0.077     0.589
    8          inf   4.6091e+08   5.5124e+10   1047    379    69    150      0      7      0   0.082   0.000   0.000   0.083     0.673
    9          inf   4.6091e+08   4.2550e+10   1131    394    55    150     66     15      0   0.087   0.000   0.000   0.089     0.761
   10          inf   4.6091e+08   3.5557e+10   1212    411    48    150     69     17      0   0.088   0.000   0.000   0.090     0.851
   11          inf   4.6091e+08   2.8457e+10   1255    420    35    150    107      9      0   0.097   0.000   0.000   0.098     0.949
   12          inf   4.6091e+08   2.0911e+10   1309    445    36    150     96     25      0   0.103   0.000   0.000   0.104     1.053
   13          inf   4.6091e+08   1.9028e+10   1358    454    29    150    101      9      0   0.106   0.000   0.000   0.108     1.161
   14          inf   4.6091e+08   1.3152e+10   1412    455    23    150     96     13     12   0.108   0.000   0.000   0.110     1.271
   15          inf   4.6091e+08   8.9930e+09   1458    469    19    150    104     14      0   0.124   0.000   0.000   0.125     1.396
   16          inf   4.6091e+08   3.0131e+09   1514    487     3    150     94     18      0   0.126   0.000   0.000   0.128     1.523
   17          inf   4.6091e+08   6.0625e+08   1525    478     0    150    139     10     19   0.147   0.000   0.000   0.148     1.672
   18          inf   4.6091e+08   5.9260e+08   1573    479     0    150    102      3      2   0.134   0.001   0.000   0.136     1.808
   19          inf   4.6091e+08   5.8684e+08   1597    478     0    150    126      1      2   0.134   0.000   0.000   0.136     1.944
   20          inf   4.7190e+08   5.8070e+08   1643    481     0    150    104      5      2   0.133   0.000   0.000   0.135     2.079
   21          inf   4.8237e+08   5.7631e+08   1660    475     0    150    133      3      9   0.134   0.000   0.000   0.136     2.215
   22          inf   4.9110e+08   5.7239e+08   1639    471     0    150    171      1      5   0.125   0.000   0.000   0.127     2.342
   23          inf   5.0847e+08   5.6792e+08   1593    467     0    150    196      3      7   0.130   0.000   0.000   0.132     2.474
   24          inf   5.1317e+08   5.6418e+08   1576    444     0    150    167      3     26   0.120   0.000   0.000   0.122     2.596
   25          inf   5.1880e+08   5.6113e+08   1571    437     0    150    155      4     11   0.124   0.000   0.000   0.126     2.722
   26          inf   5.2645e+08   5.5933e+08   1585    433     0    150    136      4      8   0.120   0.000   0.000   0.122     2.843
   27          inf   5.2852e+08   5.5741e+08   1586    435     0    150    149      6      4   0.110   0.000   0.000   0.112     2.955
   28          inf   5.2895e+08   5.5579e+08   1583    426     0    150    153      4     13   0.108   0.000   0.000   0.110     3.065
   29          inf   5.3187e+08   5.5407e+08   1592    426     0    150    141      6      6   0.114   0.000   0.000   0.116     3.180
   30          inf   5.3424e+08   5.5291e+08   1596    420     0    150    146      5     11   0.109   0.000   0.000   0.111     3.291
   31          inf   5.3725e+08   5.5194e+08   1601    418     0    150    145      4      6   0.109   0.000   0.000   0.110     3.402
   32          inf   5.3812e+08   5.5103e+08   1608    416     0    150    143      3      5   0.106   0.000   0.000   0.108     3.510
   33          inf   5.3962e+08   5.5049e+08   1619    410     0    150    139      1      7   0.110   0.000   0.000   0.112     3.622
   34          inf   5.4205e+08   5.4991e+08   1615    410     0    150    154      3      3   0.113   0.000   0.000   0.115     3.737
   35   5.4952e+08   5.4205e+08   5.4952e+08   1609    406     0    150    156      0      4   0.103   0.001   0.000   0.105     3.842
   36   5.4952e+08   5.4348e+08   5.4925e+08   1612    400     0    150    147      2      8   0.116   0.000   0.000   0.118     3.960
   37   5.4952e+08   5.4387e+08   5.4895e+08   1611    400     0    150    151      3      3   0.120   0.000   0.000   0.122     4.082
   38   5.4952e+08   5.4520e+08   5.4878e+08   1613    398     0    149    147      1      3   0.114   0.000   0.000   0.115     4.197
   39   5.4952e+08   5.4545e+08   5.4858e+08   1612    399     0    150    151      3      2   0.096   0.000   0.000   0.098     4.295
   40   5.4952e+08   5.4595e+08   5.4845e+08   1622    398     0    150    140      1      2   0.099   0.000   0.000   0.100     4.396
   41   5.4952e+08   5.4664e+08   5.4835e+08   1628    399     0    150    144      1      0   0.113   0.000   0.000   0.114     4.510
   42   5.4952e+08   5.4698e+08   5.4827e+08   1621    397     0    150    157      1      3   0.115   0.000   0.000   0.117     4.627
   43   5.4952e+08   5.4733e+08   5.4820e+08   1629    396     0    150    142      1      2   0.108   0.000   0.000   0.110     4.737
   44   5.4816e+08   5.4739e+08   5.4816e+08   1629    395     0    150    150      0      1   0.109   0.000   0.000   0.110     4.847
   45   5.4816e+08   5.4768e+08   5.4812e+08   1630    397     0    149    148      2      0   0.109   0.000   0.000   0.111     4.958
   46   5.4816e+08   5.4788e+08   5.4810e+08   1622    397     0    149    157      1      1   0.111   0.000   0.000   0.112     5.071
   47   5.4816e+08   5.4800e+08   5.4809e+08   1625    398     0    149    146      1      0   0.119   0.000   0.000   0.120     5.191
   48   5.4816e+08   5.4805e+08   5.4809e+08   1641    395     0    150    134      1      4   0.125   0.000   0.000   0.126     5.318
   49   5.4809e+08   5.4809e+08   5.4809e+08   1641    395     0     *8      0      0      0   0.120   0.000   0.000   0.121     5.439
CG optimal after 49 iterations. UB=548087308.002981 LB=548085566.235094 gap=1.742e+03 tol=5.481e+04  t_LP=5.361  t_PR=0.019  t_SP=0.010  t_Tot=5.452
[bounded-pricing] enabled=1 fired=1049 priced=7950 rate=13.2%

# === STDOUT (result CSV) ===
Setting parameter 'LpMethod' to 2
Setting parameter 'GPUMode' to 2
Setting parameter 'Presolve' to 0
Setting parameter 'Crossover' to 0
instance,formulation,iterations,columns,objective,lower_bound,optimal,time,time_lp,time_pricing,time_separation
data/commalab/planar/planar150,tree,49,1491,548087308.002981,548085566.235094,1,5.465,5.361,0.019,0.010
