# cmd: /usr/bin/time -o /tmp/mcfcg_mem_u0ji33t_.txt -f %M build/mcfcg_cli data/commalab/planar/planar800 --solver copt --copt-gpu-mode 2 --formulation tree --max-iters 10000 --bounded-pricing --time-limit 1800.0
# outcome: ok
# returncode: 0
# peak_rss_kb: 581004
# peak_rss_source: measured
# === STDERR (CG iteration log + preamble) ===
Instance: 800 vertices, 4388 arcs, 12756 commodities, 800 sources
Solver: copt (gpu-mode 2), formulation: tree
Pricing threads: 32 (auto)
Slack mode: CommodityRows (struct=800, capped_arcs=4388)
[lp-config] backend=copt version=8.0.1 method=barrier exec=GPU presolve=off crossover=off tol=0.0001 threads=n/a(GPU)
   It           UB           LB       LP_obj   #col   #row  #slk   +col   -col   +cut   -cut    t_LP    t_PR    t_SP   t_Tot     t_acc
    1          inf   4.6462e+08   4.6119e+08   1600    800   793      0      0      0      0   0.363   0.003   0.001   0.367     0.367
    2          inf   1.1440e+09   1.1440e+09   1600   1017     0      0      0    217      0   0.175   0.015   0.001   0.191     0.558
    3          inf   1.1440e+09   2.5378e+09   2399   1017   357    799      0      0      0   0.256   0.008   0.001   0.268     0.826
    4          inf   1.1440e+09   6.2587e+09   3199   1017   431    800      0      0      0   0.310   0.007   0.001   0.322     1.148
    5          inf   1.1440e+09   1.2761e+10   3999   1019   283    800      0      2      0   0.360   0.008   0.001   0.372     1.520
    6          inf   1.1440e+09   1.8110e+10   4799   1020   306    800      0      1      0   0.376   0.008   0.001   0.390     1.909
    7          inf   1.1440e+09   3.6533e+10   5598   1021   181    799      0      1      0   0.438   0.007   0.001   0.451     2.360
    8          inf   1.1440e+09   1.9207e+10   6261    925    74    800    137     10    106   0.431   0.007   0.001   0.447     2.807
    9          inf   1.1440e+09   1.1770e+09   6457    955     0    800    604     31      1   0.375   0.007   0.002   0.392     3.198
   10          inf   1.1440e+09   2.4837e+09   6764    957     6    800    493      4      2   0.398   0.007   0.002   0.415     3.613
   11          inf   1.1576e+09   1.1729e+09   6933    958     0    800    631      1      0   0.340   0.007   0.002   0.355     3.968
   12          inf   1.1599e+09   1.1711e+09   7170    958     0    799    562      3      3   0.317   0.007   0.002   0.334     4.302
   13          inf   1.1610e+09   1.1697e+09   7391    958     0    800    579      2      2   0.323   0.007   0.002   0.341     4.643
   14          inf   1.1625e+09   1.1688e+09   7343    957     0    798    846      1      2   0.347   0.007   0.002   0.364     5.007
   15          inf   1.1627e+09   1.1684e+09   7120    946     0    800   1023      1     12   0.343   0.007   0.002   0.360     5.367
   16   1.1681e+09   1.1651e+09   1.1681e+09   6974    944     0    799    945      0      2   0.325   0.007   0.002   0.340     5.707
   17   1.1681e+09   1.1656e+09   1.1678e+09   7018    937     0    797    753      1      8   0.326   0.007   0.002   0.343     6.050
   18   1.1681e+09   1.1661e+09   1.1676e+09   7052    935     0    793    759      5      7   0.312   0.008   0.002   0.329     6.380
   19   1.1675e+09   1.1666e+09   1.1675e+09   7090    933     0    796    758      0      2   0.314   0.007   0.002   0.330     6.710
   20   1.1674e+09   1.1669e+09   1.1674e+09   7087    933     0    788    791      0      0   0.326   0.008   0.002   0.342     7.052
   21   1.1674e+09   1.1671e+09   1.1674e+09   7064    935     0    793    816      2      0   0.338   0.007   0.002   0.354     7.405
   22   1.1674e+09   1.1672e+09   1.1674e+09   7124    934     0    787    727      2      3   0.370   0.007   0.002   0.386     7.792
   23   1.1674e+09   1.1673e+09   1.1674e+09   7124    934     0   *783      0      0      0   0.349   0.007   0.002   0.358     8.150
CG optimal after 23 iterations. UB=1167373872.737827 LB=1167329873.565700 gap=4.400e+04 tol=1.167e+05  t_LP=7.813  t_PR=0.181  t_SP=0.035  t_Tot=8.162
[bounded-pricing] enabled=1 cut=3269 priced=20800 rate=15.7%

# === STDOUT (result CSV) ===
Setting parameter 'LpMethod' to 2
Setting parameter 'GPUMode' to 2
Setting parameter 'Presolve' to 0
Setting parameter 'Crossover' to 0
instance,formulation,iterations,columns,objective,lower_bound,optimal,time,time_lp,time_pricing,time_separation
data/commalab/planar/planar800,tree,23,6324,1167373872.737827,1167329873.565700,1,8.191,7.813,0.181,0.035
