# cmd: /usr/bin/time -o /tmp/mcfcg_mem_1yrhk7z8.txt -f %M build/mcfcg_cli data/intermodal/BUS-2632-0.txt.gz --solver copt --copt-gpu-mode 0 --formulation path --max-iters 10000 --strategy pricer-heavy --bounded-pricing --time-limit 7200.0
# outcome: ok
# returncode: 0
# peak_rss_kb: 491712
# peak_rss_source: measured
# === STDERR (CG iteration log + preamble) ===
Instance: 119865 vertices, 397362 arcs, 2628 commodities, 2628 sources
Solver: copt (gpu-mode 0), formulation: path
Pricing threads: 32 (auto)
Slack mode: CommodityRows (struct=2628, capped_arcs=210464)
[lp-config] backend=copt version=8.0.1 method=barrier exec=CPU presolve=off crossover=off tol=0.0001 threads=auto(32)
   It           UB           LB       LP_obj   #col   #row  #slk   +col   -col   +cut   -cut    t_LP    t_PR    t_SP   t_Tot     t_acc
    1          inf         -inf   6.8907e+04   5256   2722   161      0      0     94      0   0.013   0.000   0.030   0.043     0.043
    2          inf         -inf   6.9679e+04   5426   2722   229    170      0      0      0   0.007   0.021   0.031   0.060     0.103
    3          inf         -inf   7.1144e+04   5426   2793    14      0      0     71      0   0.008   0.000   0.028   0.036     0.139
    4          inf         -inf   7.2241e+04   5556   2793    46    130      0      0      0   0.008   0.023   0.027   0.059     0.197
    5          inf         -inf   7.4177e+04   5556   2813    15      0      0     20      0   0.009   0.000   0.027   0.036     0.234
    6          inf         -inf   7.4280e+04   5556   2815    20      0      0      2      0   0.009   0.000   0.028   0.037     0.271
    7          inf         -inf   7.4288e+04   5562   2797    22      6      0      0     18   0.009   0.013   0.027   0.049     0.320
    8          inf         -inf   7.6359e+04   5562   2798    18      0      0      1      0   0.009   0.000   0.027   0.036     0.356
    9          inf         -inf   7.6359e+04   5570   2779    19      8      0      0     19   0.009   0.012   0.027   0.049     0.405
   10          inf         -inf   7.7467e+04   5570   2790    18      0      0     11      0   0.009   0.000   0.027   0.036     0.440
   11          inf         -inf   7.7499e+04   5588   2754    20     18      0      0     36   0.009   0.013   0.027   0.050     0.490
   12          inf         -inf   9.7606e+04   5588   2757    18      0      0      3      0   0.008   0.000   0.027   0.036     0.526
   13          inf         -inf   9.7611e+04   5598   2757    19     10      0      0      0   0.009   0.013   0.027   0.049     0.574
   14          inf         -inf   1.0385e+05   5598   2761    17      0      0      4      0   0.009   0.000   0.027   0.036     0.610
   15          inf         -inf   1.0386e+05   5601   2758    18      3      0      0      3   0.009   0.011   0.027   0.047     0.657
   16          inf         -inf   1.0955e+05   5601   2761    16      0      0      3      0   0.009   0.000   0.027   0.036     0.693
   17          inf         -inf   1.0955e+05   5605   2759    16      4      0      0      2   0.009   0.013   0.027   0.049     0.742
   18          inf         -inf   1.6595e+05   5605   2762    14      0      0      3      0   0.009   0.000   0.027   0.035     0.777
   19          inf         -inf   1.6595e+05   5609   2759    14      4      0      0      3   0.009   0.012   0.027   0.049     0.826
   20          inf         -inf   3.1487e+05   5609   2764    11      0      0      5      0   0.009   0.000   0.027   0.036     0.861
   21          inf         -inf   3.1488e+05   5609   2765    11      0      0      1      0   0.009   0.000   0.027   0.036     0.898
   22          inf  -5.1478e+05   3.1488e+05   5792   2760    11    183      0      0      5   0.009   0.081   0.027   0.118     1.015
   23          inf  -5.1478e+05   7.1051e+04   5792   2776     0      0      0     16      0   0.010   0.000   0.027   0.037     1.052
   24          inf  -5.1478e+05   7.1058e+04   5792   2779     0      0      0      3      0   0.010   0.000   0.027   0.037     1.090
   25   7.1058e+04  -5.1478e+05   7.1058e+04   5796   2773     0      4      0      0      6   0.010   0.012   0.027   0.050     1.139
   26   7.1058e+04  -5.1478e+05   7.1056e+04   5796   2776     0      0      0      3      0   0.010   0.000   0.027   0.037     1.176
   27   7.1056e+04   7.0764e+04   7.1056e+04   5864   2774     0     68      0      0      2   0.010   0.068   0.027   0.105     1.281
   28   7.1056e+04   7.0764e+04   7.1029e+04   5864   2788     0      0      0     14      0   0.011   0.000   0.027   0.038     1.320
   29   7.1032e+04   7.0764e+04   7.1032e+04   5872   2763     0      8      0      0     25   0.011   0.015   0.027   0.054     1.373
   30   7.1032e+04   7.0764e+04   7.1032e+04   5872   2765     0      0      0      2      0   0.011   0.000   0.027   0.038     1.411
   31   7.1032e+04   7.1021e+04   7.1032e+04   5878   2761     0      6      0      0      4   0.010   0.068   0.027   0.106     1.517
   32   7.1032e+04   7.1021e+04   7.1027e+04   5878   2766     0      0      0      5      0   0.010   0.000   0.027   0.038     1.555
   33   7.1027e+04   7.1021e+04   7.1027e+04   5878   2766     0     *2      0      0      0   0.010   0.013   0.027   0.051     1.606
CG optimal after 33 iterations. UB=71027.000002 LB=71021.151596 gap=5.848e+00 tol=7.103e+00  t_LP=0.307  t_PR=0.471  t_SP=0.903  t_Tot=1.691
[bounded-pricing] enabled=1 fired=7823 priced=11075 rate=70.6%

# === STDOUT (result CSV) ===
Setting parameter 'LpMethod' to 2
Setting parameter 'GPUMode' to 0
Setting parameter 'Presolve' to 0
Setting parameter 'Crossover' to 0
instance,formulation,iterations,columns,objective,lower_bound,optimal,time,time_lp,time_pricing,time_separation
data/intermodal/BUS-2632-0.txt.gz,path,33,3250,71027.000002,71021.151596,1,1.822,0.307,0.471,0.903
