# cmd: /usr/bin/time -o /tmp/mcfcg_mem_di43cdid.txt -f %M build/mcfcg_cli data/intermodal/SBT-6255-0.txt.gz --solver copt --copt-gpu-mode 0 --formulation path --max-iters 10000 --strategy pricer-heavy --bounded-pricing --time-limit 7200.0
# outcome: ok
# returncode: 0
# peak_rss_kb: 668428
# peak_rss_source: measured
# === STDERR (CG iteration log + preamble) ===
Instance: 163487 vertices, 809375 arcs, 6251 commodities, 6251 sources
Solver: copt (gpu-mode 0), formulation: path
Pricing threads: 32 (auto)
Slack mode: CommodityRows (struct=6251, capped_arcs=562355)
[lp-config] backend=copt version=8.0.1 method=barrier exec=CPU presolve=off crossover=off tol=0.0001 threads=auto(32)
   It           UB           LB       LP_obj   #col   #row  #slk   +col   -col   +cut   -cut    t_LP    t_PR    t_SP   t_Tot     t_acc
    1          inf         -inf   1.5957e+05  12502   6351   120      0      0    100      0   0.023   0.000   0.057   0.080     0.080
    2          inf         -inf   1.6193e+05  12845   6351   241    343      0      0      0   0.008   0.057   0.056   0.122     0.202
    3          inf         -inf   1.6084e+05  12845   6369     7      0      0     18      0   0.009   0.000   0.056   0.065     0.268
    4          inf         -inf   1.6089e+05  12845   6370    14      0      0      1      0   0.009   0.000   0.056   0.065     0.333
    5          inf         -inf   1.6089e+05  12852   6370    14      7      0      0      0   0.009   0.027   0.057   0.093     0.426
    6          inf   1.5448e+05   1.6290e+05  13009   6370    13    157      0      0      0   0.010   0.380   0.056   0.446     0.872
    7          inf   1.5448e+05   1.6061e+05  13009   6376     0      0      0      6      0   0.010   0.000   0.056   0.066     0.938
    8   1.6061e+05   1.6059e+05   1.6061e+05  13017   6328     0      8      0      0     48   0.010   0.402   0.056   0.468     1.406
    9   1.6061e+05   1.6059e+05   1.6061e+05  13017   6338     0      0      0     10      0   0.010   0.000   0.056   0.066     1.472
   10   1.6061e+05   1.6061e+05   1.6061e+05  13017   6338     0     *0      0      0      0   0.009   0.406   0.056   0.471     1.943
CG optimal after 10 iterations. UB=160606.000000 LB=160605.489021 gap=5.110e-01 tol=1.606e+01  t_LP=0.106  t_PR=1.690  t_SP=0.562  t_Tot=2.362
[bounded-pricing] enabled=1 fired=18659 priced=25425 rate=73.4%

# === STDOUT (result CSV) ===
Setting parameter 'LpMethod' to 2
Setting parameter 'GPUMode' to 0
Setting parameter 'Presolve' to 0
Setting parameter 'Crossover' to 0
instance,formulation,iterations,columns,objective,lower_bound,optimal,time,time_lp,time_pricing,time_separation
data/intermodal/SBT-6255-0.txt.gz,path,10,6766,160606.000000,160605.489021,1,2.591,0.106,1.690,0.562
