# cmd: /usr/bin/time -o /tmp/mcfcg_mem_i965ncnd.txt -f %M build/mcfcg_cli data/intermodal/BUS-18424-0.txt.gz --solver copt --copt-gpu-mode 0 --formulation path --max-iters 10000 --strategy pricer-heavy --bounded-pricing --time-limit 7200.0
# outcome: ok
# returncode: 0
# peak_rss_kb: 899752
# peak_rss_source: measured
# === STDERR (CG iteration log + preamble) ===
Instance: 151455 vertices, 1338522 arcs, 18388 commodities, 18388 sources
Solver: copt (gpu-mode 0), formulation: path
Pricing threads: 32 (auto)
Slack mode: CommodityRows (struct=18388, capped_arcs=1151624)
[lp-config] backend=copt version=8.0.1 method=barrier exec=CPU presolve=off crossover=off tol=0.0001 threads=auto(32)
   It           UB           LB       LP_obj   #col   #row  #slk   +col   -col   +cut   -cut    t_LP    t_PR    t_SP   t_Tot     t_acc
    1          inf         -inf   4.7151e+05  36776  18454  1078      0      0     66      0   0.058   0.000   0.090   0.148     0.148
    2          inf         -inf   4.7582e+05  37652  18454  1435    876      0      0      0   0.020   0.121   0.089   0.232     0.381
    3          inf         -inf   4.8678e+05  37652  18496   136      0      0     42      0   0.025   0.000   0.090   0.115     0.496
    4          inf         -inf   4.8820e+05  37652  18498   237      0      0      2      0   0.030   0.000   0.088   0.119     0.616
    5          inf         -inf   4.8824e+05  37727  18498   240     75      0      0      0   0.029   0.041   0.087   0.158     0.774
    6          inf         -inf   5.0369e+05  37727  18505   225      0      0      7      0   0.031   0.000   0.088   0.119     0.893
    7          inf         -inf   5.0370e+05  37823  18482   227     96      0      0     23   0.032   0.047   0.088   0.168     1.060
    8          inf         -inf   5.4388e+05  37823  18483   194      0      0      1      0   0.029   0.000   0.091   0.121     1.182
    9          inf         -inf   5.4388e+05  37855  18453   195     32      0      0     30   0.029   0.044   0.089   0.163     1.344
   10          inf         -inf   5.7440e+05  37855  18456   210      0      0      3      0   0.027   0.000   0.090   0.117     1.461
   11          inf         -inf   5.7440e+05  37900  18454   211     45      0      0      2   0.026   0.041   0.088   0.157     1.618
   12          inf         -inf   6.8765e+05  37900  18462   178      0      0      8      0   0.027   0.000   0.088   0.116     1.734
   13          inf         -inf   6.8765e+05  38046  18456   178    146      0      0      6   0.028   0.068   0.088   0.186     1.920
   14          inf         -inf   8.0287e+05  38046  18467   116      0      0     11      0   0.029   0.000   0.088   0.118     2.038
   15          inf         -inf   8.0292e+05  38131  18466   124     85      0      0      1   0.031   0.060   0.089   0.180     2.218
   16          inf         -inf   7.7682e+05  38131  18470   129      0      0      4      0   0.032   0.000   0.088   0.120     2.338
   17          inf         -inf   7.7686e+05  38247  18466   132    116      0      0      4   0.032   0.053   0.088   0.174     2.512
   18          inf         -inf   1.2151e+06  38247  18467    95      0      0      1      0   0.031   0.000   0.088   0.120     2.632
   19          inf         -inf   1.2151e+06  38294  18453    96     47      0      0     14   0.031   0.041   0.088   0.161     2.794
   20          inf         -inf   1.9710e+06  38294  18466    95      0      0     13      0   0.030   0.000   0.088   0.118     2.912
   21          inf         -inf   1.9710e+06  38364  18460    95     70      0      0      6   0.032   0.058   0.088   0.179     3.091
   22          inf         -inf   1.9202e+06  38364  18462    73      0      0      2      0   0.031   0.000   0.087   0.119     3.210
   23          inf  -2.9707e+06   1.9202e+06  39026  18457    73    662      0      0      5   0.032   0.738   0.088   0.860     4.070
   24          inf  -2.9707e+06   4.8509e+05  39026  18477     0      0      0     20      0   0.035   0.000   0.088   0.124     4.195
   25          inf  -2.9707e+06   4.8517e+05  39026  18478     1      0      0      1      0   0.038   0.000   0.088   0.126     4.321
   26          inf  -2.9707e+06   4.8517e+05  39040  18475     1     14      0      0      3   0.038   0.043   0.087   0.169     4.490
   27          inf   4.8447e+05   4.8517e+05  39266  18472     1    226      0      0      3   0.041   0.700   0.088   0.831     5.322
   28          inf   4.8447e+05   4.8503e+05  39266  18474     0      0      0      2      0   0.043   0.000   0.088   0.132     5.454
   29          inf   4.8447e+05   4.8503e+05  39266  18475     0      0      0      1      0   0.039   0.000   0.088   0.128     5.582
   30   4.8503e+05   4.8501e+05   4.8503e+05  39266  18475     0    *16      0      0      0   0.041   0.731   0.087   0.859     6.442
CG optimal after 30 iterations. UB=485029.000001 LB=485014.610873 gap=1.439e+01 tol=4.850e+01  t_LP=0.977  t_PR=3.472  t_SP=2.650  t_Tot=7.129
[bounded-pricing] enabled=1 fired=55122 priced=76016 rate=72.5%

# === STDOUT (result CSV) ===
Setting parameter 'LpMethod' to 2
Setting parameter 'GPUMode' to 0
Setting parameter 'Presolve' to 0
Setting parameter 'Crossover' to 0
instance,formulation,iterations,columns,objective,lower_bound,optimal,time,time_lp,time_pricing,time_separation
data/intermodal/BUS-18424-0.txt.gz,path,30,20878,485029.000001,485014.610873,1,7.460,0.977,3.472,2.650
