# cmd: /usr/bin/time -o /tmp/mcfcg_mem_t5x__a9d.txt -f %M build/mcfcg_cli data/intermodal/SBT-18765-0.txt.gz --solver copt --copt-gpu-mode 0 --formulation path --max-iters 10000 --strategy pricer-heavy --bounded-pricing --time-limit 7200.0
# outcome: ok
# returncode: 0
# peak_rss_kb: 1073416
# peak_rss_source: measured
# === STDERR (CG iteration log + preamble) ===
Instance: 188487 vertices, 1782614 arcs, 18745 commodities, 18745 sources
Solver: copt (gpu-mode 0), formulation: path
Pricing threads: 32 (auto)
Slack mode: CommodityRows (struct=18745, capped_arcs=1535594)
[lp-config] backend=copt version=8.0.1 method=barrier exec=CPU presolve=off crossover=off tol=0.0001 threads=auto(32)
   It           UB           LB       LP_obj   #col   #row  #slk   +col   -col   +cut   -cut    t_LP    t_PR    t_SP   t_Tot     t_acc
    1          inf         -inf   4.7848e+05  37490  18814   327      0      0     69      0   0.059   0.000   0.120   0.180     0.180
    2          inf         -inf   4.8278e+05  38151  18814   549    661      0      0      0   0.015   0.160   0.120   0.297     0.477
    3          inf         -inf   4.8145e+05  38151  18831    12      0      0     17      0   0.017   0.000   0.116   0.134     0.611
    4          inf         -inf   4.8156e+05  38151  18832    25      0      0      1      0   0.017   0.000   0.116   0.134     0.745
    5          inf         -inf   4.8165e+05  38172  18832    30     21      0      0      0   0.017   0.048   0.116   0.182     0.927
    6          inf   4.7016e+05   4.8629e+05  38421  18832    27    249      0      0      0   0.019   1.900   0.117   2.038     2.964
    7   4.8111e+05   4.8110e+05   4.8111e+05  38421  18832     0    *11      0      0      0   0.019   1.864   0.121   2.004     4.969
CG optimal after 7 iterations. UB=481113.000947 LB=481097.593713 gap=1.541e+01 tol=4.811e+01  t_LP=0.164  t_PR=6.036  t_SP=0.828  t_Tot=7.033
[bounded-pricing] enabled=1 fired=37311 priced=56998 rate=65.5%

# === STDOUT (result CSV) ===
Setting parameter 'LpMethod' to 2
Setting parameter 'GPUMode' to 0
Setting parameter 'Presolve' to 0
Setting parameter 'Crossover' to 0
instance,formulation,iterations,columns,objective,lower_bound,optimal,time,time_lp,time_pricing,time_separation
data/intermodal/SBT-18765-0.txt.gz,path,7,19676,481113.000947,481097.593713,1,7.471,0.164,6.036,0.828
