# cmd: /usr/bin/time -o /tmp/mcfcg_mem_8dqep7zh.txt -f %M build/mcfcg_cli data/intermodal/BUS-18424-0.txt.gz --solver copt --copt-gpu-mode 0 --formulation tree --max-iters 10000 --strategy pricer-heavy --bounded-pricing --time-limit 7200.0
# outcome: ok
# returncode: 0
# peak_rss_kb: 906580
# peak_rss_source: measured
# === STDERR (CG iteration log + preamble) ===
Instance: 151455 vertices, 1338522 arcs, 18388 commodities, 18388 sources
Solver: copt (gpu-mode 0), formulation: tree
Pricing threads: 32 (auto)
Slack mode: CommodityRows (struct=18388, capped_arcs=1151624)
[lp-config] backend=copt version=8.0.1 method=barrier exec=CPU presolve=off crossover=off tol=0.0001 threads=auto(32)
   It           UB           LB       LP_obj   #col   #row  #slk   +col   -col   +cut   -cut    t_LP    t_PR    t_SP   t_Tot     t_acc
    1          inf         -inf   4.7151e+05  36776  18454  1078      0      0     66      0   0.066   0.000   0.097   0.164     0.164
    2          inf         -inf   4.7582e+05  37652  18454  1435    876      0      0      0   0.020   0.130   0.095   0.246     0.409
    3          inf         -inf   4.8678e+05  37652  18496   136      0      0     42      0   0.023   0.000   0.096   0.120     0.529
    4          inf         -inf   4.8820e+05  37652  18498   237      0      0      2      0   0.028   0.000   0.093   0.121     0.650
    5          inf         -inf   4.8824e+05  37727  18498   240     75      0      0      0   0.028   0.042   0.094   0.164     0.815
    6          inf         -inf   5.0369e+05  37727  18505   225      0      0      7      0   0.029   0.000   0.094   0.124     0.938
    7          inf         -inf   5.0370e+05  37823  18482   227     96      0      0     23   0.029   0.048   0.094   0.172     1.110
    8          inf         -inf   5.4388e+05  37823  18483   194      0      0      1      0   0.027   0.000   0.093   0.121     1.231
    9          inf         -inf   5.4388e+05  37855  18453   195     32      0      0     30   0.027   0.044   0.094   0.165     1.396
   10          inf         -inf   5.7440e+05  37855  18456   210      0      0      3      0   0.025   0.000   0.094   0.120     1.517
   11          inf         -inf   5.7440e+05  37900  18454   211     45      0      0      2   0.025   0.042   0.095   0.163     1.680
   12          inf         -inf   6.8765e+05  37900  18462   178      0      0      8      0   0.027   0.000   0.094   0.122     1.802
   13          inf         -inf   6.8765e+05  38046  18456   178    146      0      0      6   0.026   0.072   0.093   0.194     1.995
   14          inf         -inf   8.0287e+05  38046  18467   116      0      0     11      0   0.026   0.000   0.096   0.123     2.118
   15          inf         -inf   8.0292e+05  38131  18466   124     85      0      0      1   0.028   0.062   0.094   0.185     2.303
   16          inf         -inf   7.7682e+05  38131  18470   129      0      0      4      0   0.029   0.000   0.094   0.124     2.426
   17          inf         -inf   7.7686e+05  38247  18465   132    116      0      0      5   0.030   0.060   0.096   0.187     2.613
   18          inf         -inf   1.2151e+06  38247  18467    95      0      0      2      0   0.029   0.000   0.095   0.125     2.738
   19          inf         -inf   1.2151e+06  38294  18453    96     47      0      0     14   0.029   0.043   0.093   0.167     2.905
   20          inf         -inf   1.9710e+06  38294  18466    95      0      0     13      0   0.027   0.000   0.094   0.121     3.026
   21          inf         -inf   1.9710e+06  38363  18460    95     69      0      0      6   0.028   0.061   0.095   0.186     3.212
   22          inf         -inf   1.9202e+06  38363  18462    73      0      0      2      0   0.037   0.000   0.092   0.130     3.342
   23          inf  -2.9708e+06   1.9202e+06  39028  18457    73    665      0      0      5   0.029   0.772   0.093   0.896     4.238
   24          inf  -2.9708e+06   4.8509e+05  39028  18477     0      0      0     20      0   0.031   0.000   0.093   0.125     4.363
   25          inf  -2.9708e+06   4.8517e+05  39028  18478     2      0      0      1      0   0.034   0.000   0.093   0.128     4.491
   26          inf  -2.9708e+06   4.8517e+05  39042  18475     2     14      0      0      3   0.036   0.042   0.093   0.172     4.662
   27   4.8517e+05   4.8448e+05   4.8517e+05  39293  18472     0    251      0      0      3   0.036   0.737   0.094   0.868     5.531
   28   4.8517e+05   4.8448e+05   4.8503e+05  39293  18474     0      0      0      2      0   0.034   0.000   0.093   0.128     5.659
   29   4.8517e+05   4.8448e+05   4.8503e+05  39293  18475     0      0      0      1      0   0.035   0.000   0.095   0.131     5.790
   30   4.8503e+05   4.8448e+05   4.8503e+05  39294  18456     0      1      0      0     19   0.035   0.040   0.093   0.169     5.959
   31   4.8503e+05   4.8448e+05   4.8503e+05  39294  18459     0      0      0      3      0   0.032   0.000   0.094   0.127     6.086
   32   4.8503e+05   4.8501e+05   4.8503e+05  39294  18459     0    *25      0      0      0   0.033   0.760   0.096   0.888     6.974
CG optimal after 32 iterations. UB=485032.000322 LB=485007.798403 gap=2.420e+01 tol=4.850e+01  t_LP=0.976  t_PR=3.724  t_SP=3.012  t_Tot=7.745
[bounded-pricing] enabled=1 cut=55124 priced=76055 rate=72.5%

# === STDOUT (result CSV) ===
Setting parameter 'LpMethod' to 2
Setting parameter 'GPUMode' to 0
Setting parameter 'Presolve' to 0
Setting parameter 'Crossover' to 0
instance,formulation,iterations,columns,objective,lower_bound,optimal,time,time_lp,time_pricing,time_separation
data/intermodal/BUS-18424-0.txt.gz,tree,32,20906,485032.000322,485007.798403,1,8.099,0.976,3.724,3.012
