# cmd: /usr/bin/time -o /tmp/mcfcg_mem_iwlk3kkg.txt -f %M build/mcfcg_cli data/intermodal/SBT-43785-0.txt.gz --solver copt --copt-gpu-mode 0 --formulation path --max-iters 10000 --strategy pricer-heavy --bounded-pricing --time-limit 7200.0
# outcome: ok
# returncode: 0
# peak_rss_kb: 1875416
# peak_rss_source: measured
# === STDERR (CG iteration log + preamble) ===
Instance: 238529 vertices, 3741246 arcs, 43757 commodities, 43757 sources
Solver: copt (gpu-mode 0), formulation: path
Pricing threads: 32 (auto)
Slack mode: CommodityRows (struct=43757, capped_arcs=3494226)
[lp-config] backend=copt version=8.0.1 method=barrier exec=CPU presolve=off crossover=off tol=0.0001 threads=auto(32)
   It           UB           LB       LP_obj   #col   #row  #slk   +col   -col   +cut   -cut    t_LP    t_PR    t_SP   t_Tot     t_acc
    1          inf         -inf   1.1175e+06  87514  43829   745      0      0     72      0   0.135   0.000   0.269   0.406     0.406
    2          inf         -inf   1.1284e+06  89103  43829  1264   1589      0      0      0   0.033   0.599   0.274   0.910     1.316
    3          inf         -inf   1.1237e+06  89103  43840     0      0      0     11      0   0.038   0.000   0.274   0.315     1.631
    4          inf         -inf   1.1238e+06  89259  43840    23    156      0      0      0   0.041   0.238   0.265   0.544     2.174
    5   1.1237e+06   1.1235e+06   1.1237e+06  89500  43840     0    241      0      0      0   0.040   8.918   0.265   9.223    11.398
    6   1.1236e+06   1.1236e+06   1.1236e+06  89500  43840     0     *1      0      0      0   0.039   8.929   0.268   9.236    20.634
CG optimal after 6 iterations. UB=1123600.009692 LB=1123593.795036 gap=6.215e+00 tol=1.124e+02  t_LP=0.326  t_PR=28.032  t_SP=1.614  t_Tot=29.982
[bounded-pricing] enabled=1 cut=87542 priced=133286 rate=65.7%

# === STDOUT (result CSV) ===
Setting parameter 'LpMethod' to 2
Setting parameter 'GPUMode' to 0
Setting parameter 'Presolve' to 0
Setting parameter 'Crossover' to 0
instance,formulation,iterations,columns,objective,lower_bound,optimal,time,time_lp,time_pricing,time_separation
data/intermodal/SBT-43785-0.txt.gz,path,6,45743,1123600.009692,1123593.795036,1,30.875,0.326,28.032,1.614
