# cmd: /usr/bin/time -o /tmp/mcfcg_mem_vr_nxftc.txt -f %M build/mcfcg_cli data/intermodal/BUS-23688-0.txt.gz --solver copt --copt-gpu-mode 0 --formulation path --max-iters 10000 --strategy pricer-heavy --bounded-pricing --time-limit 7200.0
# outcome: ok
# returncode: 0
# peak_rss_kb: 1030468
# peak_rss_source: measured
# === STDERR (CG iteration log + preamble) ===
Instance: 161993 vertices, 1653437 arcs, 23643 commodities, 23643 sources
Solver: copt (gpu-mode 0), formulation: path
Pricing threads: 32 (auto)
Slack mode: CommodityRows (struct=23643, capped_arcs=1466539)
[lp-config] backend=copt version=8.0.1 method=barrier exec=CPU presolve=off crossover=off tol=0.0001 threads=auto(32)
   It           UB           LB       LP_obj   #col   #row  #slk   +col   -col   +cut   -cut    t_LP    t_PR    t_SP   t_Tot     t_acc
    1          inf         -inf   6.0693e+05  47286  23709  1421      0      0     66      0   0.074   0.000   0.111   0.186     0.186
    2          inf         -inf   6.1290e+05  48452  23709  1888   1166      0      0      0   0.023   0.194   0.110   0.329     0.516
    3          inf         -inf   6.2761e+05  48452  23756   198      0      0     47      0   0.032   0.000   0.110   0.142     0.658
    4          inf         -inf   6.2939e+05  48452  23758   346      0      0      2      0   0.042   0.000   0.107   0.150     0.808
    5          inf         -inf   6.2940e+05  48545  23758   348     93      0      0      0   0.041   0.050   0.107   0.199     1.007
    6          inf   4.6973e+05   6.5943e+05  50174  23758   342   1629      0      0      0   0.040   1.086   0.107   1.235     2.242
    7          inf   4.6973e+05   6.2484e+05  50174  23800     4      0      0     42      0   0.045   0.000   0.109   0.156     2.398
    8          inf   4.6973e+05   6.2524e+05  50174  23806    20      0      0      6      0   0.063   0.000   0.109   0.173     2.571
    9          inf   4.6973e+05   6.2527e+05  50236  23762    22     62      0      0     44   0.061   0.060   0.109   0.231     2.801
   10          inf   4.6973e+05   6.2540e+05  50236  23765     8      0      0      3      0   0.054   0.000   0.108   0.162     2.964
   11          inf   4.6973e+05   6.2540e+05  50318  23761     8     82      0      0      4   0.053   0.053   0.108   0.215     3.179
   12          inf   4.6973e+05   6.2539e+05  50318  23764     6      0      0      3      0   0.052   0.000   0.107   0.161     3.340
   13          inf   4.6973e+05   6.2539e+05  50356  23721     6     38      0      0     43   0.054   0.060   0.107   0.223     3.563
   14          inf   4.6973e+05   6.2535e+05  50356  23723     4      0      0      2      0   0.047   0.000   0.109   0.157     3.720
   15          inf   6.1951e+05   6.2535e+05  51153  23718     4    797      0      0      5   0.048   1.173   0.108   1.331     5.051
   16          inf   6.1951e+05   6.2490e+05  51153  23726     1      0      0      8      0   0.047   0.000   0.110   0.158     5.210
   17          inf   6.1951e+05   6.2490e+05  51173  23723     1     20      0      0      3   0.050   0.081   0.107   0.240     5.449
   18          inf   6.1951e+05   6.2490e+05  51173  23724     0      0      0      1      0   0.049   0.000   0.108   0.158     5.607
   19   6.2490e+05   6.2484e+05   6.2490e+05  51173  23724     0    *41      0      0      0   0.049   1.132   0.108   1.289     6.896
CG optimal after 19 iterations. UB=624896.500001 LB=624842.336681 gap=5.416e+01 tol=6.249e+01  t_LP=0.924  t_PR=5.014  t_SP=2.059  t_Tot=8.021
[bounded-pricing] enabled=1 fired=69510 priced=97081 rate=71.6%

# === STDOUT (result CSV) ===
Setting parameter 'LpMethod' to 2
Setting parameter 'GPUMode' to 0
Setting parameter 'Presolve' to 0
Setting parameter 'Crossover' to 0
instance,formulation,iterations,columns,objective,lower_bound,optimal,time,time_lp,time_pricing,time_separation
data/intermodal/BUS-23688-0.txt.gz,path,19,27530,624896.500001,624842.336681,1,8.429,0.924,5.014,2.059
