# cmd: /usr/bin/time -o /tmp/mcfcg_mem_gxwc7i1b.txt -f %M build/mcfcg_cli data/intermodal/SBT-56295-0.txt.gz --solver copt --copt-gpu-mode 0 --formulation path --max-iters 10000 --strategy pricer-heavy --bounded-pricing --time-limit 7200.0
# outcome: ok
# returncode: 0
# peak_rss_kb: 2216064
# peak_rss_source: measured
# === STDERR (CG iteration log + preamble) ===
Instance: 263559 vertices, 4725174 arcs, 56269 commodities, 56269 sources
Solver: copt (gpu-mode 0), formulation: path
Pricing threads: 32 (auto)
Slack mode: CommodityRows (struct=56269, capped_arcs=4478154)
[lp-config] backend=copt version=8.0.1 method=barrier exec=CPU presolve=off crossover=off tol=0.0001 threads=auto(32)
   It           UB           LB       LP_obj   #col   #row  #slk   +col   -col   +cut   -cut    t_LP    t_PR    t_SP   t_Tot     t_acc
    1          inf         -inf   1.4398e+06 112538  56332   974      0      0     63      0   0.178   0.000   0.355   0.534     0.534
    2          inf         -inf   1.4541e+06 114364  56332  1658   1826      0      0      0   0.036   0.884   0.331   1.254     1.789
    3          inf         -inf   1.4482e+06 114364  56349     7      0      0     17      0   0.043   0.000   0.331   0.377     2.166
    4          inf         -inf   1.4484e+06 114364  56351    42      0      0      2      0   0.047   0.000   0.350   0.400     2.566
    5          inf         -inf   1.4484e+06 114416  56351    42     52      0      0      0   0.051   0.154   0.332   0.537     3.103
    6          inf   1.4444e+06   1.4488e+06 114987  56351    45    571      0      0      0   0.049  14.922   0.333  15.305    18.408
    7          inf   1.4444e+06   1.4479e+06 114987  56352     0      0      0      1      0   0.052   0.000   0.333   0.387    18.795
    8   1.4479e+06   1.4444e+06   1.4479e+06 115020  56311     0     33      0      0     41   0.051   0.155   0.331   0.539    19.334
    9   1.4479e+06   1.4444e+06   1.4479e+06 115020  56317     0      0      0      6      0   0.047   0.000   0.331   0.380    19.715
   10   1.4479e+06   1.4478e+06   1.4479e+06 115020  56317     0    *30      0      0      0   0.048  14.902   0.330  15.281    34.995
CG optimal after 10 iterations. UB=1447869.000000 LB=1447845.522018 gap=2.348e+01 tol=1.448e+02  t_LP=0.602  t_PR=46.393  t_SP=3.357  t_Tot=50.376
[bounded-pricing] enabled=1 cut=112285 priced=171066 rate=65.6%

# === STDOUT (result CSV) ===
Setting parameter 'LpMethod' to 2
Setting parameter 'GPUMode' to 0
Setting parameter 'Presolve' to 0
Setting parameter 'Crossover' to 0
instance,formulation,iterations,columns,objective,lower_bound,optimal,time,time_lp,time_pricing,time_separation
data/intermodal/SBT-56295-0.txt.gz,path,10,58751,1447869.000000,1447845.522018,1,51.466,0.602,46.393,3.357
