# cmd: /usr/bin/time -o /tmp/mcfcg_mem_uahuhlxe.txt -f %M build/mcfcg_cli data/intermodal/BUS-13160-0.txt.gz --solver copt --copt-gpu-mode 0 --formulation path --max-iters 10000 --strategy pricer-heavy --bounded-pricing --time-limit 7200.0
# outcome: ok
# returncode: 0
# peak_rss_kb: 763376
# peak_rss_source: measured
# === STDERR (CG iteration log + preamble) ===
Instance: 140925 vertices, 1023858 arcs, 13135 commodities, 13135 sources
Solver: copt (gpu-mode 0), formulation: path
Pricing threads: 32 (auto)
Slack mode: CommodityRows (struct=13135, capped_arcs=836960)
[lp-config] backend=copt version=8.0.1 method=barrier exec=CPU presolve=off crossover=off tol=0.0001 threads=auto(32)
   It           UB           LB       LP_obj   #col   #row  #slk   +col   -col   +cut   -cut    t_LP    t_PR    t_SP   t_Tot     t_acc
    1          inf         -inf   3.3868e+05  26270  13208   783      0      0     73      0   0.043   0.000   0.069   0.112     0.112
    2          inf         -inf   3.4174e+05  26944  13208  1041    674      0      0      0   0.016   0.082   0.070   0.170     0.282
    3          inf         -inf   3.4963e+05  26944  13256   102      0      0     48      0   0.020   0.000   0.071   0.092     0.373
    4          inf         -inf   3.5073e+05  26944  13258   167      0      0      2      0   0.022   0.000   0.069   0.091     0.465
    5          inf         -inf   3.5073e+05  26985  13258   168     41      0      0      0   0.023   0.031   0.068   0.123     0.588
    6          inf         -inf   3.6154e+05  26985  13259   185      0      0      1      0   0.022   0.000   0.068   0.091     0.679
    7          inf         -inf   3.6155e+05  27024  13229   186     39      0      0     30   0.022   0.032   0.068   0.123     0.802
    8          inf   1.8838e+05   3.9556e+05  27793  13219   132    769      0      0     10   0.020   0.425   0.068   0.515     1.317
    9          inf   1.8838e+05   3.4902e+05  27793  13267     8      0      0     48      0   0.025   0.000   0.069   0.095     1.412
   10          inf   1.8838e+05   3.4918e+05  28028  13252    17    235      0      0     15   0.032   0.076   0.069   0.178     1.589
   11          inf   1.8838e+05   3.5093e+05  28028  13255     7      0      0      3      0   0.029   0.000   0.068   0.098     1.687
   12          inf   1.8838e+05   3.5093e+05  28068  13253     9     40      0      0      2   0.028   0.038   0.068   0.136     1.823
   13          inf   3.3493e+05   3.5096e+05  28179  13251     5    111      0      0      2   0.030   0.418   0.069   0.518     2.341
   14          inf   3.3493e+05   3.4836e+05  28179  13252     0      0      0      1      0   0.033   0.000   0.068   0.102     2.442
   15   3.4836e+05   3.4836e+05   3.4836e+05  28179  13252     0     *9      0      0      0   0.031   0.442   0.068   0.541     2.983
CG optimal after 15 iterations. UB=348364.500000 LB=348357.289808 gap=7.210e+00 tol=3.484e+01  t_LP=0.397  t_PR=1.980  t_SP=1.031  t_Tot=3.420
[bounded-pricing] enabled=1 fired=39340 priced=54393 rate=72.3%

# === STDOUT (result CSV) ===
Setting parameter 'LpMethod' to 2
Setting parameter 'GPUMode' to 0
Setting parameter 'Presolve' to 0
Setting parameter 'Crossover' to 0
instance,formulation,iterations,columns,objective,lower_bound,optimal,time,time_lp,time_pricing,time_separation
data/intermodal/BUS-13160-0.txt.gz,path,15,15044,348364.500000,348357.289808,1,3.686,0.397,1.980,1.031
