# cmd: /usr/bin/time -o /tmp/mcfcg_mem_6wt3ji11.txt -f %M build/mcfcg_cli data/intermodal/BUS-23688-0.txt.gz --solver copt --copt-gpu-mode 0 --formulation tree --max-iters 10000 --strategy pricer-heavy --bounded-pricing --time-limit 7200.0
# outcome: ok
# returncode: 0
# peak_rss_kb: 1036956
# peak_rss_source: measured
# === STDERR (CG iteration log + preamble) ===
Instance: 161993 vertices, 1653437 arcs, 23643 commodities, 23643 sources
Solver: copt (gpu-mode 0), formulation: tree
Pricing threads: 32 (auto)
Slack mode: CommodityRows (struct=23643, capped_arcs=1466539)
[lp-config] backend=copt version=8.0.1 method=barrier exec=CPU presolve=off crossover=off tol=0.0001 threads=auto(32)
   It           UB           LB       LP_obj   #col   #row  #slk   +col   -col   +cut   -cut    t_LP    t_PR    t_SP   t_Tot     t_acc
    1          inf         -inf   6.0693e+05  47286  23709  1421      0      0     66      0   0.082   0.000   0.118   0.200     0.200
    2          inf         -inf   6.1290e+05  48445  23709  1888   1159      0      0      0   0.023   0.215   0.121   0.361     0.562
    3          inf         -inf   6.2762e+05  48445  23756   198      0      0     47      0   0.036   0.000   0.121   0.158     0.720
    4          inf         -inf   6.2951e+05  48445  23758   352      0      0      2      0   0.035   0.000   0.116   0.151     0.871
    5          inf         -inf   6.2953e+05  48539  23758   356     94      0      0      0   0.034   0.052   0.115   0.202     1.073
    6          inf   4.6901e+05   6.5966e+05  50150  23758   348   1611      0      0      0   0.035   1.153   0.115   1.306     2.379
    7          inf   4.6901e+05   6.2486e+05  50150  23799     5      0      0     41      0   0.042   0.000   0.116   0.159     2.538
    8          inf   4.6901e+05   6.2525e+05  50150  23808    19      0      0      9      0   0.054   0.000   0.115   0.170     2.708
    9          inf   4.6901e+05   6.2528e+05  50300  23764    23    150      0      0     44   0.055   0.087   0.117   0.259     2.967
   10          inf   4.6901e+05   6.2537e+05  50300  23768     9      0      0      4      0   0.047   0.000   0.116   0.164     3.131
   11          inf   4.6901e+05   6.2537e+05  50346  23765     9     46      0      0      3   0.046   0.059   0.115   0.222     3.353
   12          inf   4.6901e+05   6.2538e+05  50346  23767     8      0      0      2      0   0.045   0.000   0.116   0.162     3.515
   13          inf   4.6901e+05   6.2538e+05  50532  23725     8    186      0      0     42   0.046   0.070   0.115   0.234     3.748
   14          inf   4.6901e+05   6.2521e+05  50532  23729     3      0      0      4      0   0.043   0.000   0.117   0.162     3.910
   15          inf   4.6901e+05   6.2521e+05  50533  23721     3      1      0      0      8   0.042   0.056   0.118   0.217     4.127
   16          inf   6.2275e+05   6.2522e+05  50967  23720     3    434      0      0      1   0.041   1.274   0.115   1.433     5.559
   17          inf   6.2275e+05   6.2489e+05  50967  23728     0      0      0      8      0   0.044   0.000   0.116   0.161     5.720
   18   6.2489e+05   6.2275e+05   6.2489e+05  50968  23725     0      1      0      0      3   0.044   0.078   0.116   0.240     5.960
   19   6.2489e+05   6.2275e+05   6.2489e+05  50968  23726     0      0      0      1      0   0.043   0.000   0.115   0.159     6.119
   20   6.2489e+05   6.2485e+05   6.2489e+05  50968  23726     0    *29      0      0      0   0.043   1.207   0.115   1.365     7.485
CG optimal after 20 iterations. UB=624893.500000 LB=624846.397490 gap=4.710e+01 tol=6.249e+01  t_LP=0.879  t_PR=5.493  t_SP=2.330  t_Tot=8.728
[bounded-pricing] enabled=1 cut=70065 priced=97419 rate=71.9%

# === STDOUT (result CSV) ===
Setting parameter 'LpMethod' to 2
Setting parameter 'GPUMode' to 0
Setting parameter 'Presolve' to 0
Setting parameter 'Crossover' to 0
instance,formulation,iterations,columns,objective,lower_bound,optimal,time,time_lp,time_pricing,time_separation
data/intermodal/BUS-23688-0.txt.gz,tree,20,27325,624893.500000,624846.397490,1,9.159,0.879,5.493,2.330
