# cmd: /usr/bin/time -o /tmp/mcfcg_mem_mqfssvwy.txt -f %M build/mcfcg_cli data/transportation/Barcelona_net.tntp.gz --solver copt --copt-gpu-mode 2 --formulation tree --max-iters 10000 --bounded-pricing --time-limit 1800.0
# outcome: ok
# returncode: 0
# peak_rss_kb: 482168
# peak_rss_source: measured
# === STDERR (CG iteration log + preamble) ===
TNTP: net=data/transportation/Barcelona_net.tntp.gz trips=data/transportation/Barcelona_trips.tntp.gz coef=5050.0
Instance: 1020 vertices, 2522 arcs, 7922 commodities, 97 sources
Solver: copt (gpu-mode 2), formulation: tree
Pricing threads: 32 (auto)
Slack mode: CommodityRows (struct=97, capped_arcs=2522)
[lp-config] backend=copt version=8.0.1 method=barrier exec=GPU presolve=off crossover=off tol=0.0001 threads=n/a(GPU)
   It           UB           LB       LP_obj   #col   #row  #slk   +col   -col   +cut   -cut    t_LP    t_PR    t_SP   t_Tot     t_acc
    1          inf   2.3745e+02   2.3756e+02    194    227     0      0      0    130      0   0.236   0.002   0.000   0.239     0.239
    2          inf   2.3745e+02   1.4151e+03    290    227    26     96      0      0      0   0.054   0.001   0.000   0.056     0.294
    3          inf   2.3745e+02   3.8452e+03    385    230    37     95      0      3      0   0.053   0.001   0.000   0.055     0.349
    4          inf   2.3745e+02   8.5308e+03    480    235    40     95      0      5      0   0.061   0.001   0.000   0.063     0.413
    5          inf   2.3745e+02   2.7493e+03    576    273    11     96      0     38      0   0.070   0.001   0.000   0.073     0.485
    6          inf   2.3745e+02   7.7570e+03    671    278    11     95      0      5      0   0.073   0.001   0.000   0.076     0.561
    7          inf   2.3745e+02   3.7874e+03    758    213     4     94      7      7     72   0.087   0.001   0.000   0.090     0.651
    8          inf   2.3745e+02   2.4832e+02    811    226     0     95     42     14      1   0.077   0.001   0.001   0.081     0.732
    9          inf   2.3854e+02   2.4684e+02    857    230     0     94     48      4      0   0.070   0.001   0.000   0.073     0.805
   10          inf   2.4061e+02   2.4619e+02    906    233     0     88     39      9      6   0.066   0.001   0.000   0.069     0.873
   11          inf   2.4154e+02   2.4525e+02    909    219     0     86     83      6     20   0.071   0.001   0.000   0.074     0.948
   12          inf   2.4154e+02   2.4472e+02    901    218     0     79     87      2      3   0.071   0.001   0.000   0.074     1.022
   13          inf   2.4206e+02   2.4442e+02    869    209     0     83    115      1     10   0.070   0.001   0.000   0.072     1.095
   14          inf   2.4249e+02   2.4420e+02    829    204     0     73    113      5     10   0.072   0.001   0.000   0.075     1.170
   15          inf   2.4279e+02   2.4409e+02    813    200     0     74     90      1      5   0.070   0.001   0.000   0.073     1.242
   16          inf   2.4282e+02   2.4395e+02    798    190     0     72     87      1     11   0.072   0.001   0.000   0.075     1.318
   17   2.4385e+02   2.4312e+02   2.4385e+02    778    186     0     61     81      0      4   0.067   0.001   0.000   0.070     1.387
   18   2.4385e+02   2.4312e+02   2.4378e+02    756    185     0     60     82      5      6   0.064   0.001   0.001   0.067     1.455
   19   2.4373e+02   2.4323e+02   2.4373e+02    737    184     0     59     78      0      1   0.073   0.001   0.000   0.076     1.531
   20   2.4373e+02   2.4323e+02   2.4364e+02    724    183     0     53     66      3      4   0.072   0.001   0.000   0.075     1.606
   21   2.4373e+02   2.4323e+02   2.4360e+02    697    180     0     43     70      2      5   0.073   0.001   0.000   0.075     1.681
   22   2.4373e+02   2.4325e+02   2.4359e+02    661    183     0     40     76      4      1   0.074   0.001   0.000   0.077     1.758
   23   2.4373e+02   2.4328e+02   2.4358e+02    642    182     0     39     58      1      2   0.069   0.001   0.000   0.071     1.829
   24   2.4356e+02   2.4333e+02   2.4356e+02    605    182     0     29     66      0      0   0.074   0.001   0.000   0.076     1.905
   25   2.4356e+02   2.4338e+02   2.4355e+02    560    182     0     17     62      2      2   0.069   0.001   0.000   0.071     1.976
   26   2.4354e+02   2.4338e+02   2.4354e+02    519    182     0     19     60      0      0   0.071   0.001   0.000   0.073     2.049
   27   2.4353e+02   2.4338e+02   2.4353e+02    487    180     0     13     45      0      2   0.074   0.001   0.000   0.076     2.125
   28   2.4353e+02   2.4339e+02   2.4353e+02    459    182     0     12     40      5      3   0.074   0.001   0.000   0.076     2.201
   29   2.4352e+02   2.4340e+02   2.4352e+02    424    180     0      8     43      0      2   0.067   0.001   0.000   0.070     2.271
   30   2.4352e+02   2.4340e+02   2.4352e+02    409    180     0      8     23      0      0   0.068   0.001   0.000   0.070     2.341
   31   2.4352e+02   2.4341e+02   2.4352e+02    389    181     0      1     21      1      0   0.069   0.001   0.000   0.071     2.413
   32   2.4352e+02   2.4341e+02   2.4352e+02    363    181     0      1     27      0      0   0.068   0.001   0.000   0.070     2.483
   33   2.4352e+02   2.4341e+02   2.4352e+02    363    181     0      0      0      0      0   0.063   0.002   0.000   0.066     2.548
CG optimal after 33 iterations. UB=243.520738 LB=243.412602 gap=1.081e-01 tol=2.435e-02  t_LP=2.463  t_PR=0.042  t_SP=0.012  t_Tot=2.553
[bounded-pricing] enabled=1 fired=1617 priced=3492 rate=46.3%

# === STDOUT (result CSV) ===
Setting parameter 'LpMethod' to 2
Setting parameter 'GPUMode' to 2
Setting parameter 'Presolve' to 0
Setting parameter 'Crossover' to 0
instance,formulation,iterations,columns,objective,lower_bound,optimal,time,time_lp,time_pricing,time_separation
data/transportation/Barcelona_net.tntp.gz,tree,33,266,243.520738,243.412602,1,2.566,2.463,0.042,0.012
