# cmd: /usr/bin/time -o /tmp/mcfcg_mem_tbgwk7ni.txt -f %M build/mcfcg_cli data/transportation/ChicagoRegional_net.tntp.gz --solver copt --copt-gpu-mode 2 --formulation tree --max-iters 10000 --bounded-pricing --time-limit 1800.0
# outcome: ok
# returncode: 0
# peak_rss_kb: 5994228
# peak_rss_source: measured
# === STDERR (CG iteration log + preamble) ===
TNTP: net=data/transportation/ChicagoRegional_net.tntp.gz trips=data/transportation/ChicagoRegional_trips.tntp.gz coef=4.1
Instance: 12982 vertices, 39018 arcs, 2297945 commodities, 1771 sources
Solver: copt (gpu-mode 2), formulation: tree
Pricing threads: 32 (auto)
Slack mode: CommodityRows (struct=1771, capped_arcs=39018)
[lp-config] backend=copt version=8.0.1 method=barrier exec=GPU presolve=off crossover=off tol=0.0001 threads=n/a(GPU)
   It           UB           LB       LP_obj   #col   #row  #slk   +col   -col   +cut   -cut    t_LP    t_PR    t_SP   t_Tot     t_acc
    1          inf   3.7829e+05   2.1129e+04   3542   1771  1757      0      0      0      0   0.247   0.011   0.003   0.261     0.261
    2          inf   4.5599e+05   2.0846e+05   3542   1771  1717      0      0      0      0   0.036   0.021   0.004   0.060     0.321
    3          inf   1.8763e+06   1.8320e+06   3542   1771  1324      0      0      0      0   0.033   0.116   0.005   0.154     0.475
    4          inf   5.3742e+06   5.3728e+06   3542   2014    24      0      0    243      0   0.031   0.422   0.012   0.465     0.940
    5          inf   5.3742e+06   7.6699e+06   5301   2025   567   1759      0     11      0   0.247   0.218   0.008   0.732     1.672
    6          inf   5.3742e+06   1.5972e+07   7060   2028   585   1759      0      3      0   0.410   0.219   0.012   0.910     2.582
    7          inf   5.3742e+06   2.7241e+07   8819   2033   513   1759      0      5      0   0.547   0.217   0.018   1.040     3.622
    8          inf   5.3742e+06   3.8959e+07  10579   2053   325   1760      0     20      0   0.609   0.215   0.025   1.105     4.727
    9          inf   5.3742e+06   5.0896e+07  12344   2062   313   1765      0      9      0   0.746   0.216   0.030   1.275     6.001
   10          inf   5.3742e+06   3.9714e+07  14021   2011   166   1762     85     28     79   0.863   0.215   0.045   1.497     7.498
   11          inf   5.3742e+06   6.7789e+06  14951   2055     2   1763    833     48      4   0.839   0.217   0.045   1.455     8.954
   12          inf   5.3742e+06   8.0070e+06  15593   2078    11   1761   1119     25      2   0.868   0.217   0.031   1.473    10.427
   13          inf   5.4522e+06   5.5328e+06  15878   2086     0   1761   1476     10      2   0.874   0.216   0.048   1.489    11.916
   14          inf   5.4782e+06   5.5272e+06  16307   2082     0   1756   1327      2      6   0.901   0.216   0.049   1.524    13.440
   15          inf   5.4957e+06   5.5231e+06  16753   2084     0   1756   1310      7      5   0.884   0.217   0.051   1.515    14.955
   16          inf   5.5006e+06   5.5204e+06  16875   2076     0   1756   1634      3     11   0.912   0.225   0.052   1.549    16.505
   17          inf   5.5040e+06   5.5188e+06  16544   2064     0   1756   2087      4     16   0.926   0.226   0.051   1.558    18.062
   18          inf   5.5040e+06   5.5176e+06  15524   2032     0   1753   2773      1     33   0.936   0.229   0.052   1.567    19.629
   19          inf   5.5083e+06   5.5165e+06  15261   2017     0   1751   2014      1     16   0.869   0.228   0.047   1.495    21.124
   20          inf   5.5093e+06   5.5158e+06  15289   2017     0   1747   1719      3      3   0.829   0.234   0.049   1.458    22.582
   21          inf   5.5093e+06   5.5151e+06  15517   2013     0   1745   1517      3      7   0.816   0.234   0.048   1.439    24.021
   22          inf   5.5103e+06   5.5147e+06  15842   2011     0   1745   1420      2      4   0.856   0.239   0.048   1.485    25.506
   23          inf   5.5108e+06   5.5143e+06  15789   2009     0   1740   1793      1      3   0.868   0.232   0.051   1.501    27.007
   24   5.5140e+06   5.5109e+06   5.5140e+06  15823   2005     0   1735   1701      0      4   0.813   0.238   0.049   1.444    28.451
   25   5.5140e+06   5.5109e+06   5.5138e+06  15891   2004     0   1731   1663      1      2   0.854   0.240   0.049   1.490    29.941
   26   5.5140e+06   5.5117e+06   5.5137e+06  15917   2005     0   1726   1700      4      3   0.880   0.238   0.049   1.516    31.457
   27   5.5140e+06   5.5117e+06   5.5135e+06  15950   2004     0   1728   1695      2      3   0.876   0.246   0.050   1.514    32.971
   28   5.5140e+06   5.5117e+06   5.5134e+06  16099   2004     0   1728   1579      1      1   0.876   0.242   0.049   1.513    34.485
   29   5.5140e+06   5.5118e+06   5.5133e+06  16601   2007     0   1722   1220      3      0   0.888   0.236   0.050   1.512    35.997
   30   5.5133e+06   5.5119e+06   5.5133e+06  16887   2007     0   1696   1410      0      0   0.908   0.238   0.052   1.532    37.528
   31   5.5133e+06   5.5121e+06   5.5133e+06  16915   2009     0   1690   1662      2      0   0.908   0.232   0.052   1.537    39.066
   32   5.5132e+06   5.5122e+06   5.5132e+06  17569   2008     0   1670   1016      0      1   0.950   0.236   0.052   1.585    40.650
   33   5.5132e+06   5.5122e+06   5.5132e+06  17639   2008     0   1655   1585      1      1   1.005   0.235   0.053   1.665    42.316
   34   5.5132e+06   5.5122e+06   5.5132e+06  18368   2006     0   1638    909      0      2   1.005   0.237   0.053   1.664    43.979
   35   5.5132e+06   5.5123e+06   5.5132e+06  18892   2006     0   1593   1069      1      1   1.047   0.237   0.055   1.723    45.702
   36   5.5132e+06   5.5123e+06   5.5132e+06  19696   2006     0   1592    788      0      0   1.065   0.238   0.060   1.754    47.456
   37   5.5132e+06   5.5123e+06   5.5132e+06  20150   2004     0   1530   1076      0      2   1.103   0.240   0.061   1.797    49.253
   38   5.5132e+06   5.5123e+06   5.5132e+06  21172   2004     0   1546    524      1      1   1.078   0.237   0.064   1.813    51.066
   39   5.5132e+06   5.5123e+06   5.5132e+06  22104   2003     0   1465    533      0      1   1.156   0.237   0.064   1.872    52.938
   40   5.5132e+06   5.5123e+06   5.5132e+06  21403   2002     0   1423   2124      0      1   1.200   0.237   0.067   1.904    54.842
   41   5.5132e+06   5.5124e+06   5.5132e+06  22398   2002     0   1281    286      0      0   1.141   0.239   0.064   1.792    56.633
   42   5.5132e+06   5.5124e+06   5.5132e+06  23192   2003     0   1218    424      1      0   1.276   0.232   0.070   1.964    58.597
   43   5.5132e+06   5.5124e+06   5.5132e+06  23614   2004     0   1087    665      1      0   1.297   0.228   0.072   1.960    60.557
   44   5.5132e+06   5.5124e+06   5.5132e+06  24163   2004     0    825    276      0      0   1.297   0.228   0.071   1.939    62.496
   45   5.5132e+06   5.5124e+06   5.5132e+06  24722   2004     0    763    204      0      0   1.361   0.234   0.073   2.006    64.502
   46   5.5132e+06   5.5124e+06   5.5132e+06  24965   2003     0    463    220      0      1   1.369   0.235   0.075   1.997    66.499
   47   5.5132e+06   5.5124e+06   5.5132e+06  24527   2003     0    375    813      0      0   1.344   0.236   0.076   1.934    68.434
   48   5.5132e+06   5.5124e+06   5.5132e+06  24434   2003     0    153    246      0      0   1.407   0.239   0.074   1.963    70.397
   49   5.5132e+06   5.5124e+06   5.5132e+06  24378   2002     0      3     59      1      2   1.356   0.239   0.067   1.919    72.316
   50   5.5132e+06   5.5124e+06   5.5132e+06  24322   2002     0      1     57      0      0   1.317   0.238   0.064   1.840    74.156
   51   5.5132e+06   5.5124e+06   5.5132e+06  24268   2002     0      1     55      0      0   1.310   0.241   0.064   1.834    75.990
   52   5.5132e+06   5.5124e+06   5.5132e+06  24268   2002     0      0      0      0      0   1.287   0.476   0.064   1.827    77.817
CG optimal after 52 iterations. UB=5513156.289835 LB=5512373.270064 gap=7.830e+02 tol=5.513e+02  t_LP=47.518  t_PR=12.414  t_SP=2.548  t_Tot=78.325
[bounded-pricing] enabled=1 fired=24099 priced=102718 rate=23.5%

# === STDOUT (result CSV) ===
Setting parameter 'LpMethod' to 2
Setting parameter 'GPUMode' to 2
Setting parameter 'Presolve' to 0
Setting parameter 'Crossover' to 0
instance,formulation,iterations,columns,objective,lower_bound,optimal,time,time_lp,time_pricing,time_separation
data/transportation/ChicagoRegional_net.tntp.gz,tree,52,22497,5513156.289835,5512373.270064,1,78.857,47.518,12.414,2.548
