# cmd: /usr/bin/time -o /tmp/mcfcg_mem_bufep3pq.txt -f %M build/mcfcg_cli data/transportation/Winnipeg_net.tntp.gz --solver copt --copt-gpu-mode 2 --formulation tree --max-iters 10000 --bounded-pricing --time-limit 1800.0
# outcome: ok
# returncode: 0
# peak_rss_kb: 503136
# peak_rss_source: measured
# === STDERR (CG iteration log + preamble) ===
TNTP: net=data/transportation/Winnipeg_net.tntp.gz trips=data/transportation/Winnipeg_trips.tntp.gz coef=2000.0
Instance: 1052 vertices, 2836 arcs, 4345 commodities, 135 sources
Solver: copt (gpu-mode 2), formulation: tree
Pricing threads: 32 (auto)
Slack mode: CommodityRows (struct=135, capped_arcs=2836)
[lp-config] backend=copt version=8.0.1 method=barrier exec=GPU presolve=off crossover=off tol=0.0001 threads=n/a(GPU)
   It           UB           LB       LP_obj   #col   #row  #slk   +col   -col   +cut   -cut    t_LP    t_PR    t_SP   t_Tot     t_acc
    1          inf   3.7412e+02   3.7371e+02    270    270     6      0      0    135      0   0.344   0.003   0.000   0.347     0.347
    2          inf   3.7412e+02   6.0255e+02    386    278    42    116      0      8      0   0.186   0.001   0.000   0.189     0.536
    3          inf   3.7412e+02   1.5701e+03    507    280    49    121      0      2      0   0.182   0.001   0.000   0.184     0.721
    4          inf   3.7412e+02   1.5336e+03    627    325    32    120      0     45      0   0.189   0.001   0.000   0.192     0.912
    5          inf   3.7412e+02   2.7161e+03    751    331    29    124      0      6      0   0.195   0.001   0.000   0.198     1.110
    6          inf   3.7412e+02   1.5587e+03    875    360    16    124      0     29      0   0.208   0.001   0.000   0.211     1.321
    7          inf   3.7412e+02   3.1884e+03    999    301    20    132      8      8     67   0.220   0.001   0.000   0.224     1.544
    8          inf   3.7412e+02   6.3601e+02   1079    330     2    126     46     40     11   0.225   0.001   0.000   0.228     1.772
    9          inf   3.7412e+02   1.8570e+03   1133    336     3    128     74      7      1   0.218   0.002   0.000   0.221     1.994
   10          inf   3.7412e+02   4.5033e+02   1182    317     0    121     72      8     27   0.251   0.001   0.000   0.255     2.248
   11          inf   3.8699e+02   4.4392e+02   1220    317     0    123     85      8      8   0.232   0.001   0.001   0.236     2.484
   12   4.3691e+02   4.0408e+02   4.3691e+02   1241    302     0    120     99      0     15   0.236   0.001   0.000   0.239     2.724
   13   4.3691e+02   4.0511e+02   4.3211e+02   1270    305     0    116     87      5      2   0.223   0.002   0.000   0.227     2.951
   14   4.3691e+02   4.0774e+02   4.2955e+02   1237    279     0    116    149      4     30   0.228   0.001   0.001   0.232     3.182
   15   4.3691e+02   4.0774e+02   4.2722e+02   1163    266     0    118    192      2     15   0.215   0.001   0.000   0.218     3.400
   16   4.3691e+02   4.1291e+02   4.2594e+02   1127    258     0    108    144      3     11   0.209   0.001   0.000   0.213     3.613
   17   4.3691e+02   4.1506e+02   4.2430e+02   1127    245     0    115    115      2     15   0.201   0.001   0.000   0.204     3.817
   18   4.3691e+02   4.1572e+02   4.2293e+02   1104    244     0     99    122      2      3   0.203   0.001   0.000   0.206     4.023
   19   4.3691e+02   4.1572e+02   4.2239e+02   1111    240     0    120    113      2      6   0.206   0.001   0.000   0.210     4.233
   20   4.3691e+02   4.1875e+02   4.2157e+02   1090    241     0     91    112      2      1   0.207   0.001   0.000   0.210     4.443
   21   4.3691e+02   4.1875e+02   4.2093e+02   1040    241     0     83    133      1      1   0.203   0.001   0.000   0.207     4.650
   22   4.3691e+02   4.1917e+02   4.2073e+02   1032    239     0     78     86      1      3   0.208   0.001   0.000   0.212     4.862
   23   4.2053e+02   4.1950e+02   4.2053e+02    994    236     0     74    112      0      3   0.206   0.001   0.000   0.209     5.071
   24   4.2053e+02   4.1953e+02   4.2035e+02    964    238     0     70    100      2      0   0.208   0.001   0.000   0.211     5.282
   25   4.2030e+02   4.1981e+02   4.2030e+02    891    237     0     50    123      0      1   0.205   0.001   0.000   0.208     5.489
   26   4.2030e+02   4.1991e+02   4.2022e+02    836    238     0     40     95      2      1   0.204   0.001   0.000   0.207     5.696
   27   4.2019e+02   4.1996e+02   4.2019e+02    776    236     0     22     82      0      2   0.200   0.002   0.000   0.203     5.900
   28   4.2018e+02   4.1996e+02   4.2018e+02    727    234     0     26     75      0      2   0.204   0.001   0.000   0.207     6.106
   29   4.2018e+02   4.2000e+02   4.2018e+02    671    235     0     10     66      1      0   0.197   0.001   0.000   0.199     6.306
   30   4.2018e+02   4.2000e+02   4.2018e+02    606    235     0      5     70      0      0   0.204   0.001   0.000   0.207     6.513
   31   4.2017e+02   4.2001e+02   4.2017e+02    558    233     0      6     54      0      2   0.204   0.001   0.000   0.206     6.719
   32   4.2017e+02   4.2001e+02   4.2017e+02    531    233     0      4     31      0      0   0.202   0.001   0.000   0.204     6.923
   33   4.2017e+02   4.2002e+02   4.2017e+02    531    233     0      0      0      0      0   0.202   0.003   0.000   0.205     7.129
CG optimal after 33 iterations. UB=420.170432 LB=420.015409 gap=1.550e-01 tol=4.202e-02  t_LP=7.025  t_PR=0.051  t_SP=0.013  t_Tot=7.133
[bounded-pricing] enabled=1 cut=2019 priced=4860 rate=41.5%

# === STDOUT (result CSV) ===
Setting parameter 'LpMethod' to 2
Setting parameter 'GPUMode' to 2
Setting parameter 'Presolve' to 0
Setting parameter 'Crossover' to 0
instance,formulation,iterations,columns,objective,lower_bound,optimal,time,time_lp,time_pricing,time_separation
data/transportation/Winnipeg_net.tntp.gz,tree,33,396,420.170432,420.015409,1,7.155,7.025,0.051,0.013
