# cmd: /usr/bin/time -o /tmp/mcfcg_mem_wv_4b3ke.txt -f %M build/mcfcg_cli data/transportation/BerlinCenter_net.tntp.gz --solver copt --copt-gpu-mode 2 --formulation tree --max-iters 10000 --bounded-pricing --time-limit 1800.0
# outcome: ok
# returncode: 0
# peak_rss_kb: 743612
# peak_rss_source: measured
# === STDERR (CG iteration log + preamble) ===
TNTP: net=data/transportation/BerlinCenter_net.tntp.gz trips=data/transportation/BerlinCenter_trips.tntp.gz coef=0.5
Instance: 12981 vertices, 28376 arcs, 49688 commodities, 865 sources
Solver: copt (gpu-mode 2), formulation: tree
Pricing threads: 32 (auto)
Slack mode: CommodityRows (struct=865, capped_arcs=28376)
[lp-config] backend=copt version=8.0.1 method=barrier exec=GPU presolve=off crossover=off tol=0.0001 threads=n/a(GPU)
   It           UB           LB       LP_obj   #col   #row  #slk   +col   -col   +cut   -cut    t_LP    t_PR    t_SP   t_Tot     t_acc
    1          inf   2.7321e+06   2.6017e+05   1730    865   853      0      0      0      0   0.358   0.003   0.002   0.364     0.364
    2          inf   4.3185e+06   2.4448e+06   1730    865   754      0      0      0      0   0.168   0.007   0.003   0.179     0.543
    3          inf   1.5994e+07   1.5789e+07   1730    891   303      0      0     26      0   0.159   0.043   0.003   0.206     0.748
    4          inf   1.5994e+07   4.0348e+07   2184   1138   237    454      0    247      0   0.169   0.045   0.003   0.222     0.970
    5          inf   1.5994e+07   1.0208e+08   2896   1185   376    712      0     47      0   0.243   0.042   0.003   0.296     1.266
    6          inf   1.5994e+07   3.1195e+08   3608   1251   303    746     34     66      0   0.260   0.044   0.003   0.317     1.583
    7          inf   1.5994e+07   7.6867e+08   4349   1299   254    741      0     48      0   0.287   0.047   0.003   0.345     1.928
    8          inf   1.5994e+07   1.4776e+09   5090   1365   193    741      0     66      0   0.320   0.041   0.004   0.373     2.301
    9          inf   1.5994e+07   2.1270e+09   5778   1402   158    745     57     37      0   0.414   0.046   0.004   0.478     2.779
   10          inf   1.5994e+07   1.7070e+09   6246   1384    94    743    275     26     44   0.488   0.046   0.004   0.555     3.334
   11          inf   1.5994e+07   1.4185e+09   6588   1418    47    719    377     38      4   0.461   0.056   0.005   0.538     3.872
   12          inf   1.5994e+07   5.3496e+08   6828   1448     7    717    477     46     16   0.444   0.056   0.005   0.522     4.394
   13          inf   1.5994e+07   1.1042e+09   7030   1476    15    710    508     41     13   0.525   0.050   0.005   0.598     4.992
   14          inf   1.5994e+07   3.6942e+08   7101   1483     1    683    612     29     22   0.603   0.046   0.005   0.672     5.664
   15          inf   2.6379e+07   2.8297e+07   7123   1485     0    680    658     19     17   0.517   0.048   0.006   0.589     6.253
   16          inf   2.6574e+07   2.8001e+07   7108   1490     0    678    693     13      8   0.542   0.052   0.005   0.618     6.871
   17          inf   2.7141e+07   2.7873e+07   7201   1481     0    660    567      8     17   0.524   0.053   0.006   0.601     7.471
   18          inf   2.7141e+07   2.7754e+07   7128   1462     0    659    732      2     21   0.545   0.053   0.005   0.621     8.092
   19          inf   2.7278e+07   2.7678e+07   6879   1430     0    618    867      8     40   0.538   0.052   0.006   0.614     8.707
   20          inf   2.7314e+07   2.7628e+07   6587   1385     0    620    912      4     49   0.511   0.050   0.006   0.584     9.291
   21          inf   2.7406e+07   2.7594e+07   6396   1362     0    475    666      2     25   0.436   0.049   0.005   0.506     9.797
   22          inf   2.7406e+07   2.7573e+07   6265   1353     0    467    598      5     14   0.427   0.045   0.006   0.493    10.291
   23          inf   2.7467e+07   2.7555e+07   6211   1342     0    493    547      3     14   0.432   0.050   0.005   0.503    10.794
   24          inf   2.7481e+07   2.7546e+07   6167   1337     0    498    542      1      6   0.422   0.049   0.005   0.492    11.286
   25          inf   2.7504e+07   2.7541e+07   6150   1329     0    439    456      1      9   0.428   0.050   0.005   0.498    11.783
   26          inf   2.7504e+07   2.7536e+07   6117   1328     0    424    457      1      2   0.410   0.047   0.005   0.476    12.259
   27          inf   2.7515e+07   2.7533e+07   6142   1324     0    398    373      1      5   0.418   0.052   0.006   0.490    12.749
   28   2.7532e+07   2.7518e+07   2.7532e+07   6122   1322     0    380    400      0      2   0.386   0.053   0.005   0.456    13.205
   29   2.7532e+07   2.7522e+07   2.7531e+07   6136   1325     0    414    400      4      1   0.412   0.052   0.005   0.484    13.689
   30   2.7530e+07   2.7522e+07   2.7530e+07   6164   1323     0    400    372      0      2   0.433   0.050   0.005   0.501    14.191
   31   2.7530e+07   2.7526e+07   2.7530e+07   6187   1324     0    345    322      1      0   0.446   0.052   0.005   0.515    14.706
   32   2.7529e+07   2.7527e+07   2.7529e+07   6187   1324     0   *314      0      0      0   0.435   0.053   0.005   0.493    15.200
CG optimal after 32 iterations. UB=27529425.243787 LB=27526956.497144 gap=2.469e+03 tol=2.753e+03  t_LP=13.163  t_PR=1.527  t_SP=0.150  t_Tot=15.247
[bounded-pricing] enabled=1 cut=9320 priced=31140 rate=29.9%

# === STDOUT (result CSV) ===
Setting parameter 'LpMethod' to 2
Setting parameter 'GPUMode' to 2
Setting parameter 'Presolve' to 0
Setting parameter 'Crossover' to 0
instance,formulation,iterations,columns,objective,lower_bound,optimal,time,time_lp,time_pricing,time_separation
data/transportation/BerlinCenter_net.tntp.gz,tree,32,5322,27529425.243787,27526956.497144,1,15.299,13.163,1.527,0.150
