# cmd: /usr/bin/time -o /tmp/mcfcg_mem_hhjgiggm.txt -f %M build/mcfcg_cli data/transportation/Sydney_net.tntp.gz --solver copt --copt-gpu-mode 2 --formulation tree --max-iters 10000 --bounded-pricing --time-limit 1800.0
# outcome: ok
# returncode: 0
# peak_rss_kb: 9828740
# peak_rss_source: measured
# === STDERR (CG iteration log + preamble) ===
TNTP: net=data/transportation/Sydney_net.tntp.gz trips=data/transportation/Sydney_trips.tntp.gz coef=1.9
Instance: 33113 vertices, 75379 arcs, 3343560 commodities, 3257 sources
Solver: copt (gpu-mode 2), formulation: tree
Pricing threads: 32 (auto)
Slack mode: CommodityRows (struct=3257, capped_arcs=75379)
[lp-config] backend=copt version=8.0.1 method=barrier exec=GPU presolve=off crossover=off tol=0.0001 threads=n/a(GPU)
   It           UB           LB       LP_obj   #col   #row  #slk   +col   -col   +cut   -cut    t_LP    t_PR    t_SP   t_Tot     t_acc
    1          inf   6.4642e+05   1.5043e+05   6514   3257  3042      0      0      0      0   0.335   0.120   0.006   0.461     0.461
    2          inf   1.3602e+06   1.2093e+06   6514   3257  2028      0      0      0      0   0.039   0.620   0.011   0.670     1.131
    3          inf   4.6551e+06   4.6463e+06   6514   3477    91      0      0    220      0   0.036   1.642   0.025   1.703     2.834
    4          inf   4.6551e+06   5.5261e+06   9757   3482   706   3243      0      5      0   0.402   0.844   0.019   2.054     4.888
    5          inf   4.6551e+06   5.8426e+06  13011   3497   735   3254      0     15      0   0.534   0.879   0.037   2.280     7.168
    6          inf   4.6551e+06   5.8386e+06  16263   3552   223   3252      0     55      0   0.736   0.874   0.056   2.505     9.673
    7          inf   4.6551e+06   5.2367e+06  19511   3610    19   3248      0     58      0   1.388   0.885   0.075   3.194    12.867
    8          inf   4.6831e+06   4.9884e+06  22755   3618     0   3244      0      8      0   2.047   0.879   0.087   3.888    16.755
    9          inf   4.9585e+06   4.9804e+06  25875   3514     0   3243    123      1    105   2.169   0.873   0.073   4.271    21.027
   10          inf   4.9615e+06   4.9735e+06  27636   3516     0   3205   1444      3      1   1.381   0.875   0.114   3.443    24.470
   11          inf   4.9645e+06   4.9713e+06  28863   3508     0   3215   1988      1      9   1.529   0.873   0.127   3.586    28.056
   12          inf   4.9653e+06   4.9700e+06  28583   3469     0   3141   3421      1     40   1.398   0.875   0.134   3.340    31.396
   13          inf   4.9653e+06   4.9692e+06  27858   3422     0   3104   3829      4     51   1.149   0.877   0.133   3.088    34.484
   14   4.9688e+06   4.9660e+06   4.9688e+06  26630   3403     0   3097   4325      0     19   0.872   0.875   0.131   2.784    37.268
   15   4.9685e+06   4.9661e+06   4.9685e+06  26226   3398     0   2938   3342      0      5   0.733   0.895   0.125   2.646    39.914
   16   4.9684e+06   4.9663e+06   4.9684e+06  25898   3396     0   2634   2962      0      2   0.676   0.935   0.121   2.580    42.494
   17   4.9683e+06   4.9664e+06   4.9683e+06  25453   3390     0   2255   2700      0      6   0.681   0.971   0.124   2.597    45.091
   18   4.9683e+06   4.9664e+06   4.9682e+06  24418   3391     0   1926   2961      1      0   0.640   0.979   0.120   2.492    47.583
   19   4.9682e+06   4.9664e+06   4.9682e+06  22874   3389     0   1568   3112      0      2   0.649   0.980   0.116   2.429    50.012
   20   4.9682e+06   4.9665e+06   4.9682e+06  21180   3387     0   1077   2771      0      2   0.575   0.983   0.109   2.285    52.297
   21   4.9682e+06   4.9665e+06   4.9682e+06  19131   3385     0    377   2426      0      2   0.607   0.969   0.102   2.111    54.408
   22   4.9682e+06   4.9665e+06   4.9682e+06  17631   3385     0    110   1610      0      0   0.525   0.947   0.090   1.881    56.288
   23   4.9682e+06   4.9665e+06   4.9682e+06  16356   3383     0      8   1283      0      2   0.479   0.927   0.081   1.752    58.040
   24   4.9682e+06   4.9665e+06   4.9682e+06  15672   3382     0      4    688      0      1   0.416   0.918   0.074   1.625    59.665
   25   4.9682e+06   4.9665e+06   4.9682e+06  15672   3382     0      0      0      0      0   0.408   1.828   0.065   2.302    61.967
CG optimal after 25 iterations. UB=4968208.860484 LB=4966458.364346 gap=1.750e+03 tol=4.968e+02  t_LP=20.405  t_PR=24.972  t_SP=2.158  t_Tot=63.618
[bounded-pricing] enabled=1 fired=28984 priced=97710 rate=29.7%

# === STDOUT (result CSV) ===
Setting parameter 'LpMethod' to 2
Setting parameter 'GPUMode' to 2
Setting parameter 'Presolve' to 0
Setting parameter 'Crossover' to 0
instance,formulation,iterations,columns,objective,lower_bound,optimal,time,time_lp,time_pricing,time_separation
data/transportation/Sydney_net.tntp.gz,tree,25,12415,4968208.860484,4966458.364346,1,64.526,20.405,24.972,2.158
