# cmd: /usr/bin/time -o /tmp/mcfcg_mem_mftzr1f1.txt -f %M build/mcfcg_cli data/intermodal/SBT-43785-0.txt.gz --solver copt --copt-gpu-mode 2 --formulation tree --max-iters 10000 --strategy pricer-heavy --pricing-cutoff --time-limit 1800.0
# outcome: ok
# returncode: 0
# peak_rss_kb: 2064208
# peak_rss_source: measured
# === STDERR (CG iteration log + preamble) ===
Instance: 238529 vertices, 3741246 arcs, 43757 commodities, 43757 sources
Solver: copt (gpu-mode 2), formulation: tree
Pricing threads: 32 (auto)
Slack mode: CommodityRows (struct=43757, capped_arcs=3494226)
[lp-config] backend=copt version=8.0.1 method=barrier exec=GPU presolve=off crossover=off tol=0.0001 threads=n/a(GPU)
   It           UB           LB       LP_obj   #col   #row  #slk   +col   -col   +cut   -cut    t_LP    t_PR    t_SP   t_Tot     t_acc
    1          inf         -inf   1.1175e+06  87514  43829   745      0      0     72      0   0.537   0.000   0.280   0.818     0.818
    2          inf         -inf   1.1284e+06  89098  43829  1264   1584      0      0      0   0.162   0.600   0.279   1.044     1.863
    3          inf         -inf   1.1237e+06  89098  43840     0      0      0     11      0   0.176   0.000   0.272   0.450     2.313
    4          inf         -inf   1.1238e+06  89246  43840    23    148      0      0      0   0.177   0.229   0.277   0.683     2.996
    5   1.1237e+06   1.1235e+06   1.1237e+06  89487  43840     0    241      0      0      0   0.182   8.509   0.273   8.964    11.961
    6   1.1236e+06   1.1236e+06   1.1236e+06  89487  43840     0     *1      0      0      0   0.179   8.473   0.273   8.925    20.886
CG optimal after 6 iterations. UB=1123600.000001 LB=1123593.830630 gap=6.169e+00 tol=1.124e+02  t_LP=1.412  t_PR=26.742  t_SP=1.653  t_Tot=29.818
[pricing-cutoff] enabled=1 cut=87555 priced=133286 rate=65.7%

# === STDOUT (result CSV) ===
Setting parameter 'LpMethod' to 2
Setting parameter 'GPUMode' to 2
Setting parameter 'Presolve' to 0
Setting parameter 'Crossover' to 0
instance,formulation,iterations,columns,objective,lower_bound,optimal,time,time_lp,time_pricing,time_separation
data/intermodal/SBT-43785-0.txt.gz,tree,6,45730,1123600.000001,1123593.830630,1,30.664,1.412,26.742,1.653
