# cmd: /usr/bin/time -o /tmp/mcfcg_mem_hhdapn8n.txt -f %M build/mcfcg_cli data/intermodal/BUS-7896-0.txt.gz --solver copt --copt-gpu-mode 2 --formulation tree --max-iters 10000 --strategy pricer-heavy --pricing-cutoff --time-limit 1800.0
# outcome: ok
# returncode: 0
# peak_rss_kb: 850392
# peak_rss_source: measured
# === STDERR (CG iteration log + preamble) ===
Instance: 130395 vertices, 710935 arcs, 7883 commodities, 7883 sources
Solver: copt (gpu-mode 2), formulation: tree
Pricing threads: 32 (auto)
Slack mode: CommodityRows (struct=7883, capped_arcs=524037)
[lp-config] backend=copt version=8.0.1 method=barrier exec=GPU presolve=off crossover=off tol=0.0001 threads=n/a(GPU)
   It           UB           LB       LP_obj   #col   #row  #slk   +col   -col   +cut   -cut    t_LP    t_PR    t_SP   t_Tot     t_acc
    1          inf         -inf   2.0473e+05  15766   7960   475      0      0     77      0   0.336   0.000   0.051   0.387     0.387
    2          inf         -inf   2.0647e+05  16206   7960   631    440      0      0      0   0.145   0.051   0.058   0.255     0.642
    3          inf         -inf   2.1121e+05  16206   8031    48      0      0     71      0   0.159   0.000   0.052   0.212     0.854
    4          inf         -inf   2.1215e+05  16206   8035   112      0      0      4      0   0.164   0.000   0.059   0.224     1.077
    5          inf         -inf   2.1217e+05  16255   8035   112     49      0      0      0   0.162   0.030   0.063   0.255     1.332
    6          inf         -inf   2.2155e+05  16255   8036   111      0      0      1      0   0.160   0.000   0.061   0.221     1.553
    7          inf         -inf   2.2155e+05  16275   8011   111     20      0      0     25   0.160   0.029   0.062   0.252     1.805
    8          inf         -inf   2.4088e+05  16275   8013    82      0      0      2      0   0.166   0.000   0.058   0.224     2.029
    9          inf         -inf   2.4093e+05  16294   7967    86     19      0      0     46   0.167   0.034   0.062   0.263     2.292
   10          inf   1.3301e+04   2.5544e+05  16796   7967    80    502      0      0      0   0.168   0.204   0.062   0.436     2.728
   11          inf   1.3301e+04   2.1053e+05  16796   8008     0      0      0     41      0   0.164   0.000   0.049   0.213     2.941
   12          inf   1.3301e+04   2.1075e+05  16796   8019     3      0      0     11      0   0.175   0.000   0.057   0.233     3.174
   13          inf   1.3301e+04   2.1082e+05  16796   8020     5      0      0      1      0   0.172   0.000   0.065   0.238     3.412
   14          inf   1.3301e+04   2.1083e+05  16798   8006     6      2      0      0     14   0.174   0.030   0.062   0.267     3.679
   15          inf   1.9844e+05   2.1135e+05  17080   8005     5    282      0      0      1   0.171   0.216   0.063   0.452     4.130
   16          inf   1.9844e+05   2.1060e+05  17080   8013     0      0      0      8      0   0.169   0.000   0.050   0.220     4.350
   17   2.1060e+05   1.9844e+05   2.1060e+05  17085   7977     0      5      0      0     36   0.174   0.025   0.055   0.254     4.604
   18   2.1060e+05   1.9844e+05   2.1060e+05  17085   7980     0      0      0      3      0   0.168   0.000   0.058   0.226     4.831
   19   2.1060e+05   2.1051e+05   2.1060e+05  17154   7974     0     69      0      0      6   0.169   0.226   0.063   0.459     5.290
   20   2.1060e+05   2.1059e+05   2.1060e+05  17154   7974     0    *24      0      0      0   0.167   0.197   0.048   0.412     5.702
CG optimal after 20 iterations. UB=210595.000061 LB=210590.316884 gap=4.683e+00 tol=2.106e+01  t_LP=3.490  t_PR=1.281  t_SP=1.159  t_Tot=5.943
[pricing-cutoff] enabled=1 cut=30979 priced=40274 rate=76.9%

# === STDOUT (result CSV) ===
Setting parameter 'LpMethod' to 2
Setting parameter 'GPUMode' to 2
Setting parameter 'Presolve' to 0
Setting parameter 'Crossover' to 0
instance,formulation,iterations,columns,objective,lower_bound,optimal,time,time_lp,time_pricing,time_separation
data/intermodal/BUS-7896-0.txt.gz,tree,20,9271,210595.000061,210590.316884,1,6.144,3.490,1.281,1.159
