# cmd: /usr/bin/time -o /tmp/mcfcg_mem_sv0s5bc0.txt -f %M build/mcfcg_cli data/intermodal/BUS-2632-0.txt.gz --solver copt --copt-gpu-mode 2 --formulation tree --max-iters 10000 --strategy pricer-heavy --pricing-cutoff --time-limit 1800.0
# outcome: ok
# returncode: 0
# peak_rss_kb: 713960
# peak_rss_source: measured
# === STDERR (CG iteration log + preamble) ===
Instance: 119865 vertices, 397362 arcs, 2628 commodities, 2628 sources
Solver: copt (gpu-mode 2), formulation: tree
Pricing threads: 32 (auto)
Slack mode: CommodityRows (struct=2628, capped_arcs=210464)
[lp-config] backend=copt version=8.0.1 method=barrier exec=GPU presolve=off crossover=off tol=0.0001 threads=n/a(GPU)
   It           UB           LB       LP_obj   #col   #row  #slk   +col   -col   +cut   -cut    t_LP    t_PR    t_SP   t_Tot     t_acc
    1          inf         -inf   6.8906e+04   5256   2722   161      0      0     94      0   0.328   0.000   0.034   0.362     0.362
    2          inf         -inf   6.9679e+04   5424   2722   229    168      0      0      0   0.154   0.027   0.035   0.216     0.578
    3          inf         -inf   7.1144e+04   5424   2793    14      0      0     71      0   0.146   0.000   0.034   0.181     0.759
    4          inf         -inf   7.2231e+04   5551   2793    45    127      0      0      0   0.152   0.030   0.034   0.217     0.977
    5          inf         -inf   7.4178e+04   5551   2814    15      0      0     21      0   0.152   0.000   0.034   0.187     1.163
    6          inf         -inf   7.4293e+04   5551   2816    21      0      0      2      0   0.156   0.000   0.035   0.191     1.355
    7          inf         -inf   7.4301e+04   5557   2798    23      6      0      0     18   0.156   0.019   0.035   0.211     1.566
    8          inf         -inf   7.6376e+04   5557   2799    20      0      0      1      0   0.156   0.000   0.034   0.190     1.756
    9          inf         -inf   7.6377e+04   5565   2780    21      8      0      0     19   0.156   0.018   0.035   0.210     1.966
   10          inf         -inf   7.7485e+04   5565   2790    19      0      0     10      0   0.155   0.000   0.034   0.190     2.156
   11          inf         -inf   7.7514e+04   5576   2753    21     11      0      0     37   0.157   0.019   0.036   0.212     2.368
   12          inf         -inf   9.7671e+04   5576   2756    21      0      0      3      0   0.156   0.000   0.035   0.191     2.559
   13          inf         -inf   9.7676e+04   5586   2755    22     10      0      0      1   0.158   0.020   0.035   0.213     2.771
   14          inf         -inf   1.0438e+05   5586   2758    19      0      0      3      0   0.160   0.000   0.035   0.195     2.967
   15          inf  -1.9082e+04   1.0438e+05   5771   2756    19    185      0      0      2   0.171   0.093   0.035   0.300     3.267
   16          inf  -1.9082e+04   7.1050e+04   5771   2781     0      0      0     25      0   0.162   0.000   0.034   0.196     3.462
   17          inf  -1.9082e+04   7.1058e+04   5771   2786     0      0      0      5      0   0.166   0.000   0.035   0.201     3.663
   18   7.1058e+04  -1.9082e+04   7.1058e+04   5779   2782     0      8      0      0      4   0.164   0.020   0.035   0.219     3.883
   19   7.1056e+04   7.0895e+04   7.1056e+04   5841   2781     0     62      0      0      1   0.161   0.065   0.035   0.262     4.144
   20   7.1056e+04   7.0895e+04   7.1032e+04   5841   2788     0      0      0      7      0   0.158   0.000   0.032   0.191     4.335
   21   7.1032e+04   7.1002e+04   7.1032e+04   5863   2766     0     22      0      0     22   0.163   0.076   0.029   0.268     4.603
   22   7.1032e+04   7.1002e+04   7.1027e+04   5863   2773     0      0      0      7      0   0.159   0.000   0.029   0.188     4.791
   23   7.1027e+04   7.1002e+04   7.1027e+04   5865   2768     0      2      0      0      5   0.160   0.018   0.035   0.214     5.004
   24   7.1027e+04   7.1023e+04   7.1027e+04   5865   2768     0     *4      0      0      0   0.159   0.067   0.034   0.260     5.264
CG optimal after 24 iterations. UB=71026.500108 LB=71022.844422 gap=3.656e+00 tol=7.103e+00  t_LP=3.964  t_PR=0.559  t_SP=0.818  t_Tot=5.353
[pricing-cutoff] enabled=1 cut=10409 priced=13650 rate=76.3%

# === STDOUT (result CSV) ===
Setting parameter 'LpMethod' to 2
Setting parameter 'GPUMode' to 2
Setting parameter 'Presolve' to 0
Setting parameter 'Crossover' to 0
instance,formulation,iterations,columns,objective,lower_bound,optimal,time,time_lp,time_pricing,time_separation
data/intermodal/BUS-2632-0.txt.gz,tree,24,3237,71026.500108,71022.844422,1,5.487,3.964,0.559,0.818
