# cmd: /usr/bin/time -o /tmp/mcfcg_mem_m7zkytwh.txt -f %M build/mcfcg_cli data/intermodal/BUS-18424-0.txt.gz --solver copt --copt-gpu-mode 2 --formulation tree --max-iters 10000 --strategy pricer-heavy --pricing-cutoff --time-limit 1800.0
# outcome: ok
# returncode: 0
# peak_rss_kb: 1128388
# peak_rss_source: measured
# === STDERR (CG iteration log + preamble) ===
Instance: 151455 vertices, 1338522 arcs, 18388 commodities, 18388 sources
Solver: copt (gpu-mode 2), formulation: tree
Pricing threads: 32 (auto)
Slack mode: CommodityRows (struct=18388, capped_arcs=1151624)
[lp-config] backend=copt version=8.0.1 method=barrier exec=GPU presolve=off crossover=off tol=0.0001 threads=n/a(GPU)
   It           UB           LB       LP_obj   #col   #row  #slk   +col   -col   +cut   -cut    t_LP    t_PR    t_SP   t_Tot     t_acc
    1          inf         -inf   4.7151e+05  36776  18454  1078      0      0     66      0   0.439   0.000   0.092   0.532     0.532
    2          inf         -inf   4.7582e+05  37652  18454  1435    876      0      0      0   0.164   0.125   0.089   0.379     0.911
    3          inf         -inf   4.8678e+05  37652  18496   136      0      0     42      0   0.166   0.000   0.091   0.258     1.169
    4          inf         -inf   4.8820e+05  37652  18498   237      0      0      2      0   0.176   0.000   0.091   0.268     1.438
    5          inf         -inf   4.8824e+05  37727  18498   240     75      0      0      0   0.185   0.041   0.090   0.316     1.754
    6          inf         -inf   5.0369e+05  37727  18505   225      0      0      7      0   0.179   0.000   0.090   0.270     2.024
    7          inf         -inf   5.0370e+05  37823  18482   227     96      0      0     23   0.177   0.046   0.090   0.313     2.337
    8          inf         -inf   5.4388e+05  37823  18483   194      0      0      1      0   0.177   0.000   0.090   0.268     2.605
    9          inf         -inf   5.4388e+05  37855  18453   195     32      0      0     30   0.178   0.043   0.091   0.313     2.919
   10          inf         -inf   5.7440e+05  37855  18456   210      0      0      3      0   0.179   0.000   0.091   0.270     3.189
   11          inf         -inf   5.7440e+05  37900  18454   211     45      0      0      2   0.179   0.041   0.090   0.310     3.499
   12          inf         -inf   6.8765e+05  37900  18462   178      0      0      8      0   0.180   0.000   0.089   0.270     3.769
   13          inf         -inf   6.8765e+05  38046  18456   178    146      0      0      6   0.178   0.069   0.096   0.345     4.114
   14          inf         -inf   8.0287e+05  38046  18467   116      0      0     11      0   0.174   0.000   0.091   0.266     4.379
   15          inf         -inf   8.0292e+05  38131  18466   124     85      0      0      1   0.182   0.059   0.089   0.331     4.710
   16          inf         -inf   7.7682e+05  38131  18470   129      0      0      4      0   0.179   0.000   0.090   0.270     4.980
   17          inf         -inf   7.7686e+05  38247  18465   132    116      0      0      5   0.183   0.053   0.089   0.327     5.307
   18          inf         -inf   1.2151e+06  38247  18467    95      0      0      2      0   0.183   0.000   0.090   0.273     5.580
   19          inf         -inf   1.2151e+06  38294  18453    96     47      0      0     14   0.184   0.042   0.090   0.316     5.896
   20          inf         -inf   1.9710e+06  38294  18466    95      0      0     13      0   0.172   0.000   0.092   0.265     6.161
   21          inf         -inf   1.9710e+06  38363  18460    95     69      0      0      6   0.181   0.057   0.090   0.329     6.490
   22          inf         -inf   1.9202e+06  38363  18462    73      0      0      2      0   0.183   0.000   0.090   0.274     6.764
   23          inf  -2.9708e+06   1.9202e+06  39028  18457    73    665      0      0      5   0.187   0.743   0.089   1.021     7.785
   24          inf  -2.9708e+06   4.8509e+05  39028  18477     0      0      0     20      0   0.186   0.000   0.090   0.277     8.061
   25          inf  -2.9708e+06   4.8517e+05  39028  18478     2      0      0      1      0   0.199   0.000   0.090   0.290     8.351
   26          inf  -2.9708e+06   4.8517e+05  39042  18475     2     14      0      0      3   0.190   0.042   0.089   0.322     8.674
   27   4.8517e+05   4.8448e+05   4.8517e+05  39293  18472     0    251      0      0      3   0.187   0.721   0.090   1.000     9.674
   28   4.8517e+05   4.8448e+05   4.8503e+05  39293  18474     0      0      0      2      0   0.195   0.000   0.090   0.286     9.960
   29   4.8517e+05   4.8448e+05   4.8503e+05  39293  18475     0      0      0      1      0   0.201   0.000   0.091   0.292    10.252
   30   4.8503e+05   4.8448e+05   4.8503e+05  39294  18456     0      1      0      0     19   0.194   0.040   0.091   0.325    10.577
   31   4.8503e+05   4.8448e+05   4.8503e+05  39294  18459     0      0      0      3      0   0.190   0.000   0.090   0.282    10.859
   32   4.8503e+05   4.8501e+05   4.8503e+05  39294  18459     0    *25      0      0      0   0.196   0.766   0.091   1.053    11.912
CG optimal after 32 iterations. UB=485032.000090 LB=485007.951796 gap=2.405e+01 tol=4.850e+01  t_LP=6.104  t_PR=3.660  t_SP=2.890  t_Tot=12.685
[pricing-cutoff] enabled=1 cut=55124 priced=76055 rate=72.5%

# === STDOUT (result CSV) ===
Setting parameter 'LpMethod' to 2
Setting parameter 'GPUMode' to 2
Setting parameter 'Presolve' to 0
Setting parameter 'Crossover' to 0
instance,formulation,iterations,columns,objective,lower_bound,optimal,time,time_lp,time_pricing,time_separation
data/intermodal/BUS-18424-0.txt.gz,tree,32,20906,485032.000090,485007.951796,1,13.017,6.104,3.660,2.890
