# cmd: /usr/bin/time -o /tmp/mcfcg_mem_kalifsbi.txt -f %M build/mcfcg_cli data/intermodal/SBT-6255-0.txt.gz --solver copt --copt-gpu-mode 2 --formulation tree --max-iters 10000 --strategy pricer-heavy --pricing-cutoff --time-limit 1800.0
# outcome: ok
# returncode: 0
# peak_rss_kb: 893260
# peak_rss_source: measured
# === STDERR (CG iteration log + preamble) ===
Instance: 163487 vertices, 809375 arcs, 6251 commodities, 6251 sources
Solver: copt (gpu-mode 2), formulation: tree
Pricing threads: 32 (auto)
Slack mode: CommodityRows (struct=6251, capped_arcs=562355)
[lp-config] backend=copt version=8.0.1 method=barrier exec=GPU presolve=off crossover=off tol=0.0001 threads=n/a(GPU)
   It           UB           LB       LP_obj   #col   #row  #slk   +col   -col   +cut   -cut    t_LP    t_PR    t_SP   t_Tot     t_acc
    1          inf         -inf   1.5957e+05  12502   6351   120      0      0    100      0   0.334   0.000   0.059   0.393     0.393
    2          inf         -inf   1.6193e+05  12845   6351   241    343      0      0      0   0.137   0.056   0.065   0.259     0.652
    3          inf         -inf   1.6080e+05  12845   6369     6      0      0     18      0   0.147   0.000   0.056   0.203     0.855
    4          inf         -inf   1.6086e+05  12845   6370    13      0      0      1      0   0.147   0.000   0.065   0.212     1.068
    5          inf         -inf   1.6086e+05  12852   6370    13      7      0      0      0   0.147   0.031   0.071   0.250     1.317
    6          inf   1.5654e+05   1.6287e+05  12998   6370    12    146      0      0      0   0.148   0.374   0.069   0.592     1.909
    7          inf   1.5654e+05   1.6061e+05  12998   6377     0      0      0      7      0   0.150   0.000   0.057   0.207     2.116
    8   1.6061e+05   1.6061e+05   1.6061e+05  12998   6377     0     *1      0      0      0   0.150   0.396   0.063   0.609     2.726
CG optimal after 8 iterations. UB=160606.000003 LB=160605.166572 gap=8.334e-01 tol=1.606e+01  t_LP=1.360  t_PR=1.279  t_SP=0.505  t_Tot=3.148
[pricing-cutoff] enabled=1 cut=12416 priced=19164 rate=64.8%

# === STDOUT (result CSV) ===
Setting parameter 'LpMethod' to 2
Setting parameter 'GPUMode' to 2
Setting parameter 'Presolve' to 0
Setting parameter 'Crossover' to 0
instance,formulation,iterations,columns,objective,lower_bound,optimal,time,time_lp,time_pricing,time_separation
data/intermodal/SBT-6255-0.txt.gz,tree,8,6747,160606.000003,160605.166572,1,3.375,1.360,1.279,0.505
