# cmd: /usr/bin/time -o /tmp/mcfcg_mem_n0f6a9d0.txt -f %M build/mcfcg_cli data/intermodal/BUS-23688-0.txt.gz --solver cuopt --formulation tree --max-iters 10000 --strategy pricer-heavy --time-limit 7200.0
# outcome: ok
# returncode: 0
# peak_rss_kb: 1396700
# peak_rss_source: measured
# === STDERR (CG iteration log + preamble) ===
Instance: 161993 vertices, 1653437 arcs, 23643 commodities, 23643 sources
Solver: cuopt, formulation: tree
Pricing threads: 32 (auto)
Slack mode: CommodityRows (struct=23643, capped_arcs=1466539)
[lp-config] backend=cuopt version=26.8.0 method=barrier exec=GPU presolve=off crossover=off tol=0.0001 threads=n/a(GPU)
   It           UB           LB       LP_obj   #col   #row  #slk   +col   -col   +cut   -cut    t_LP    t_PR    t_SP   t_Tot     t_acc
    1          inf         -inf   6.0693e+05  47286  23709  1421      0      0     66      0   0.569   0.000   0.115   0.685     0.685
    2          inf         -inf   6.1290e+05  48446  23709  1888   1160      0      0      0   0.105   0.223   0.111   0.442     1.127
    3          inf         -inf   6.2611e+05  48446  23764   101      0      0     55      0   0.147   0.000   0.112   0.260     1.387
    4          inf         -inf   6.2851e+05  49525  23764   302   1079      0      0      0   0.121   0.231   0.111   0.466     1.853
    5          inf         -inf   6.2675e+05  49525  23780    66      0      0     16      0   0.130   0.000   0.112   0.243     2.096
    6          inf         -inf   6.2691e+05  49525  23786    84      0      0      6      0   0.165   0.000   0.112   0.278     2.374
    7          inf         -inf   6.2695e+05  49598  23760    86     73      0      0     26   0.135   0.064   0.111   0.312     2.685
    8          inf         -inf   6.2830e+05  49598  23761    78      0      0      1      0   0.140   0.000   0.113   0.254     2.939
    9          inf         -inf   6.2830e+05  49619  23725    78     21      0      0     36   0.132   0.051   0.111   0.295     3.234
   10          inf         -inf   6.4163e+05  49619  23730    59      0      0      5      0   0.140   0.000   0.112   0.253     3.487
   11          inf         -inf   6.4163e+05  49630  23708    59     11      0      0     22   0.139   0.054   0.114   0.308     3.795
   12          inf         -inf   6.4469e+05  49630  23716    57      0      0      8      0   0.132   0.000   0.112   0.245     4.041
   13          inf         -inf   6.4473e+05  49835  23711    57    205      0      0      5   0.131   0.075   0.113   0.321     4.361
   14          inf         -inf   6.4493e+05  49835  23714    47      0      0      3      0   0.136   0.000   0.111   0.248     4.610
   15          inf         -inf   6.4493e+05  49880  23712    48     45      0      0      2   0.138   0.061   0.111   0.311     4.921
   16          inf   5.3371e+05   6.4526e+05  50565  23708    47    685      0      0      4   0.133   1.150   0.114   1.399     6.320
   17          inf   5.3371e+05   6.2491e+05  50565  23723     0      0      0     15      0   0.152   0.000   0.111   0.264     6.584
   18   6.2500e+05   5.3371e+05   6.2500e+05  50587  23719     0     22      0      0      4   0.136   0.074   0.111   0.322     6.906
   19   6.2500e+05   5.3371e+05   6.2497e+05  50587  23720     0      0      0      1      0   0.128   0.000   0.111   0.240     7.146
   20   6.2497e+05   6.2465e+05   6.2497e+05  50696  23713     0    109      0      0      7   0.129   1.164   0.110   1.405     8.551
   21   6.2497e+05   6.2465e+05   6.2488e+05  50696  23716     0      0      0      3      0   0.130   0.000   0.113   0.244     8.795
   22   6.2497e+05   6.2465e+05   6.2489e+05  50696  23718     0      0      0      2      0   0.135   0.000   0.112   0.247     9.042
   23   6.2489e+05   6.2465e+05   6.2489e+05  50708  23701     0     12      0      0     17   0.139   0.054   0.112   0.306     9.348
   24   6.2489e+05   6.2465e+05   6.2489e+05  50708  23709     0      0      0      8      0   0.127   0.000   0.112   0.240     9.588
   25   6.2489e+05   6.2478e+05   6.2489e+05  50782  23706     0     74      0      0      3   0.132   1.200   0.111   1.445    11.032
   26   6.2489e+05   6.2478e+05   6.2488e+05  50782  23709     0      0      0      3      0   0.139   0.000   0.114   0.253    11.286
   27   6.2488e+05   6.2484e+05   6.2488e+05  50782  23709     0     *0      0      0      0   0.138   1.185   0.112   1.435    12.721
CG optimal after 27 iterations. UB=624881.530131 LB=624840.210345 gap=4.132e+01 tol=6.249e+01  t_LP=4.077  t_PR=6.686  t_SP=3.025  t_Tot=13.823
[bounded-pricing] enabled=0 fired=0 priced=123086 rate=0.0%

# === STDOUT (result CSV) ===
instance,formulation,iterations,columns,objective,lower_bound,optimal,time,time_lp,time_pricing,time_separation
data/intermodal/BUS-23688-0.txt.gz,tree,27,27139,624881.530131,624840.210345,1,14.158,4.077,6.686,3.025
