# cmd: /usr/bin/time -o /tmp/mcfcg_mem_igg5zt5u.txt -f %M build/mcfcg_cli data/intermodal/BUS-18424-0.txt.gz --solver cuopt --formulation path --max-iters 10000 --strategy pricer-heavy --time-limit 7200.0
# outcome: ok
# returncode: 0
# peak_rss_kb: 1311936
# peak_rss_source: measured
# === STDERR (CG iteration log + preamble) ===
Instance: 151455 vertices, 1338522 arcs, 18388 commodities, 18388 sources
Solver: cuopt, formulation: path
Pricing threads: 32 (auto)
Slack mode: CommodityRows (struct=18388, capped_arcs=1151624)
[lp-config] backend=cuopt version=26.8.0 method=barrier exec=GPU presolve=off crossover=off tol=0.0001 threads=n/a(GPU)
   It           UB           LB       LP_obj   #col   #row  #slk   +col   -col   +cut   -cut    t_LP    t_PR    t_SP   t_Tot     t_acc
    1          inf         -inf   4.7151e+05  36776  18454  1078      0      0     66      0   0.551   0.000   0.090   0.642     0.642
    2          inf         -inf   4.7582e+05  37645  18454  1435    869      0      0      0   0.103   0.144   0.087   0.335     0.977
    3          inf         -inf   4.8637e+05  37645  18497   112      0      0     43      0   0.134   0.000   0.088   0.223     1.200
    4          inf         -inf   4.8791e+05  38257  18497   230    612      0      0      0   0.120   0.134   0.088   0.342     1.542
    5          inf         -inf   4.9534e+05  38257  18508    98      0      0     11      0   0.136   0.000   0.087   0.224     1.766
    6          inf         -inf   4.9547e+05  38257  18513   109      0      0      5      0   0.133   0.000   0.087   0.221     1.987
    7          inf         -inf   4.9547e+05  38277  18491   111     20      0      0     22   0.132   0.042   0.087   0.262     2.249
    8          inf   4.0891e+05   5.0710e+05  39208  18484   110    931      0      0      7   0.138   0.726   0.088   0.955     3.205
    9          inf   4.0891e+05   4.8493e+05  39208  18512     0      0      0     28      0   0.128   0.000   0.088   0.217     3.421
   10          inf   4.0891e+05   4.8510e+05  39208  18514    11      0      0      2      0   0.131   0.000   0.088   0.220     3.642
   11          inf   4.0891e+05   4.8510e+05  39220  18481    11     12      0      0     33   0.131   0.037   0.089   0.258     3.899
   12          inf   4.0891e+05   4.8520e+05  39220  18483     6      0      0      2      0   0.128   0.000   0.088   0.217     4.116
   13          inf   4.0891e+05   4.8520e+05  39221  18478     6      1      0      0      5   0.123   0.040   0.087   0.251     4.367
   14          inf   4.0891e+05   4.8527e+05  39221  18479     5      0      0      1      0   0.128   0.000   0.088   0.216     4.583
   15          inf   4.0891e+05   4.8527e+05  39223  18452     5      2      0      0     27   0.126   0.038   0.088   0.253     4.836
   16          inf   4.0891e+05   4.8531e+05  39223  18456     5      0      0      4      0   0.125   0.000   0.088   0.213     5.050
   17          inf   4.8080e+05   4.8531e+05  39443  18454     5    220      0      0      2   0.128   0.760   0.087   0.977     6.027
   18          inf   4.8080e+05   4.8503e+05  39443  18460     0      0      0      6      0   0.158   0.000   0.088   0.247     6.273
   19   4.8503e+05   4.8080e+05   4.8503e+05  39449  18459     0      6      0      0      1   0.164   0.056   0.088   0.309     6.582
   20   4.8503e+05   4.8080e+05   4.8503e+05  39449  18460     0      0      0      1      0   0.126   0.000   0.088   0.215     6.796
   21   4.8503e+05   4.8495e+05   4.8503e+05  39508  18459     0     59      0      0      1   0.129   0.746   0.087   0.963     7.760
   22   4.8503e+05   4.8495e+05   4.8503e+05  39508  18460     0      0      0      1      0   0.134   0.000   0.088   0.222     7.982
   23   4.8503e+05   4.8499e+05   4.8503e+05  39508  18460     0     *2      0      0      0   0.131   0.749   0.087   0.968     8.950
CG optimal after 23 iterations. UB=485025.520159 LB=484992.718013 gap=3.280e+01 tol=4.850e+01  t_LP=3.437  t_PR=4.194  t_SP=2.019  t_Tot=9.674
[bounded-pricing] enabled=0 fired=0 priced=94699 rate=0.0%

# === STDOUT (result CSV) ===
instance,formulation,iterations,columns,objective,lower_bound,optimal,time,time_lp,time_pricing,time_separation
data/intermodal/BUS-18424-0.txt.gz,path,23,21120,485025.520159,484992.718013,1,9.945,3.437,4.194,2.019
