# cmd: /usr/bin/time -o /tmp/mcfcg_mem_psyh_u45.txt -f %M build/mcfcg_cli data/intermodal/BUS-13160-0.txt.gz --solver cuopt --formulation path --max-iters 10000 --strategy pricer-heavy --time-limit 7200.0
# outcome: ok
# returncode: 0
# peak_rss_kb: 1189188
# peak_rss_source: measured
# === STDERR (CG iteration log + preamble) ===
Instance: 140925 vertices, 1023858 arcs, 13135 commodities, 13135 sources
Solver: cuopt, formulation: path
Pricing threads: 32 (auto)
Slack mode: CommodityRows (struct=13135, capped_arcs=836960)
[lp-config] backend=cuopt version=26.8.0 method=barrier exec=GPU presolve=off crossover=off tol=0.0001 threads=n/a(GPU)
   It           UB           LB       LP_obj   #col   #row  #slk   +col   -col   +cut   -cut    t_LP    t_PR    t_SP   t_Tot     t_acc
    1          inf         -inf   3.3868e+05  26270  13208   783      0      0     73      0   0.490   0.000   0.073   0.563     0.563
    2          inf         -inf   3.4174e+05  26924  13208  1041    654      0      0      0   0.151   0.113   0.074   0.340     0.904
    3          inf         -inf   3.4913e+05  26924  13259    71      0      0     51      0   0.136   0.000   0.071   0.209     1.112
    4          inf         -inf   3.5030e+05  27319  13259   147    395      0      0      0   0.148   0.081   0.071   0.301     1.414
    5          inf         -inf   3.5342e+05  27319  13272    81      0      0     13      0   0.168   0.000   0.076   0.245     1.659
    6          inf         -inf   3.5346e+05  27319  13273    82      0      0      1      0   0.166   0.000   0.072   0.238     1.897
    7          inf         -inf   3.5346e+05  27323  13242    83      4      0      0     31   0.168   0.032   0.072   0.273     2.171
    8          inf         -inf   3.6298e+05  27323  13243    59      0      0      1      0   0.167   0.000   0.072   0.239     2.410
    9          inf         -inf   3.6298e+05  27382  13207    59     59      0      0     36   0.164   0.035   0.076   0.277     2.686
   10          inf         -inf   3.7300e+05  27382  13218    73      0      0     11      0   0.202   0.000   0.070   0.273     2.959
   11          inf         -inf   3.7304e+05  27382  13219    75      0      0      1      0   0.178   0.000   0.074   0.253     3.213
   12          inf         -inf   3.7304e+05  27427  13201    76     45      0      0     18   0.179   0.036   0.077   0.293     3.506
   13          inf         -inf   4.2283e+05  27427  13202    72      0      0      1      0   0.179   0.000   0.070   0.250     3.756
   14          inf   1.0113e+05   4.2283e+05  27985  13201    72    558      0      0      1   0.173   0.527   0.072   0.774     4.530
   15          inf   1.0113e+05   3.4833e+05  27985  13230     0      0      0     29      0   0.178   0.000   0.074   0.252     4.782
   16          inf   1.0113e+05   3.4840e+05  28045  13224     7     60      0      0      6   0.177   0.067   0.071   0.317     5.099
   17          inf   1.0113e+05   3.4837e+05  28045  13226     1      0      0      2      0   0.140   0.000   0.069   0.209     5.308
   18          inf   1.0113e+05   3.4837e+05  28054  13223     2      9      0      0      3   0.118   0.035   0.070   0.224     5.532
   19          inf   3.4832e+05   3.4837e+05  28084  13223     1     30      0      0      0   0.109   0.461   0.069   0.641     6.173
   20   3.4836e+05   3.4833e+05   3.4836e+05  28084  13223     0    *21      0      0      0   0.119   0.459   0.070   0.649     6.821
CG optimal after 20 iterations. UB=348362.009339 LB=348329.956952 gap=3.205e+01 tol=3.484e+01  t_LP=3.512  t_PR=2.405  t_SP=1.445  t_Tot=7.379
[bounded-pricing] enabled=0 cut=0 priced=54750 rate=0.0%

# === STDOUT (result CSV) ===
instance,formulation,iterations,columns,objective,lower_bound,optimal,time,time_lp,time_pricing,time_separation
data/intermodal/BUS-13160-0.txt.gz,path,20,14949,348362.009339,348329.956952,1,7.601,3.512,2.405,1.445
