# cmd: /usr/bin/time -o /tmp/mcfcg_mem_qfpcyk3n.txt -f %M build/mcfcg_cli data/intermodal/BUS-7896-0.txt.gz --solver cuopt --formulation tree --max-iters 10000 --strategy pricer-heavy --time-limit 7200.0
# outcome: ok
# returncode: 0
# peak_rss_kb: 1066344
# peak_rss_source: measured
# === STDERR (CG iteration log + preamble) ===
Instance: 130395 vertices, 710935 arcs, 7883 commodities, 7883 sources
Solver: cuopt, formulation: tree
Pricing threads: 32 (auto)
Slack mode: CommodityRows (struct=7883, capped_arcs=524037)
[lp-config] backend=cuopt version=26.8.0 method=barrier exec=GPU presolve=off crossover=off tol=0.0001 threads=n/a(GPU)
   It           UB           LB       LP_obj   #col   #row  #slk   +col   -col   +cut   -cut    t_LP    t_PR    t_SP   t_Tot     t_acc
    1          inf         -inf   2.0473e+05  15766   7960   475      0      0     77      0   0.447   0.000   0.051   0.499     0.499
    2          inf         -inf   2.0647e+05  16201   7960   631    435      0      0      0   0.065   0.054   0.052   0.173     0.672
    3          inf         -inf   2.1095e+05  16201   8034    33      0      0     74      0   0.081   0.000   0.049   0.130     0.802
    4          inf         -inf   2.1189e+05  16201   8036    98      0      0      2      0   0.076   0.000   0.055   0.131     0.933
    5          inf         -inf   2.1189e+05  16232   8036    98     31      0      0      0   0.076   0.027   0.060   0.164     1.097
    6          inf   1.6753e+05   2.1649e+05  16794   8036   107    562      0      0      0   0.087   0.217   0.061   0.366     1.463
    7          inf   1.6753e+05   2.1070e+05  16794   8045     2      0      0      9      0   0.124   0.000   0.049   0.173     1.636
    8          inf   1.6753e+05   2.1071e+05  16794   8046     2      0      0      1      0   0.079   0.000   0.055   0.134     1.770
    9          inf   1.6753e+05   2.1071e+05  16794   8048     2      0      0      2      0   0.078   0.000   0.062   0.140     1.910
   10          inf   1.6753e+05   2.1071e+05  16796   7985     2      2      0      0     63   0.077   0.030   0.062   0.170     2.080
   11          inf   1.6753e+05   2.1118e+05  16796   7991     2      0      0      6      0   0.076   0.000   0.062   0.139     2.218
   12          inf   1.6753e+05   2.1118e+05  16803   7960     2      7      0      0     31   0.081   0.029   0.064   0.175     2.393
   13          inf   1.6753e+05   2.1163e+05  16803   7964     2      0      0      4      0   0.073   0.000   0.060   0.134     2.527
   14          inf   2.0294e+05   2.1163e+05  16972   7959     2    169      0      0      5   0.076   0.233   0.060   0.371     2.897
   15          inf   2.0294e+05   2.1059e+05  16972   7969     0      0      0     10      0   0.078   0.000   0.049   0.127     3.024
   16   2.1060e+05   2.0294e+05   2.1060e+05  16985   7967     0     13      0      0      2   0.078   0.029   0.050   0.158     3.182
   17   2.1060e+05   2.1058e+05   2.1060e+05  16985   7967     0     *5      0      0      0   0.079   0.205   0.051   0.335     3.517
CG optimal after 17 iterations. UB=210595.509752 LB=210576.723623 gap=1.879e+01 tol=2.106e+01  t_LP=1.730  t_PR=1.066  t_SP=0.953  t_Tot=3.759
[bounded-pricing] enabled=0 fired=0 priced=32506 rate=0.0%

# === STDOUT (result CSV) ===
instance,formulation,iterations,columns,objective,lower_bound,optimal,time,time_lp,time_pricing,time_separation
data/intermodal/BUS-7896-0.txt.gz,tree,17,9102,210595.509752,210576.723623,1,3.921,1.730,1.066,0.953
