# cmd: /usr/bin/time -o /tmp/mcfcg_mem_8530a6a8.txt -f %M build/mcfcg_cli data/intermodal/SBT-18765-0.txt.gz --solver cuopt --formulation tree --max-iters 10000 --strategy pricer-heavy --time-limit 7200.0
# outcome: ok
# returncode: 0
# peak_rss_kb: 1442544
# peak_rss_source: measured
# === STDERR (CG iteration log + preamble) ===
Instance: 188487 vertices, 1782614 arcs, 18745 commodities, 18745 sources
Solver: cuopt, formulation: tree
Pricing threads: 32 (auto)
Slack mode: CommodityRows (struct=18745, capped_arcs=1535594)
[lp-config] backend=cuopt version=26.8.0 method=barrier exec=GPU presolve=off crossover=off tol=0.0001 threads=n/a(GPU)
   It           UB           LB       LP_obj   #col   #row  #slk   +col   -col   +cut   -cut    t_LP    t_PR    t_SP   t_Tot     t_acc
    1          inf         -inf   4.7848e+05  37490  18814   327      0      0     69      0   0.567   0.000   0.126   0.694     0.694
    2          inf         -inf   4.8278e+05  38150  18814   549    660      0      0      0   0.094   0.164   0.121   0.381     1.075
    3          inf         -inf   4.8136e+05  38150  18831    10      0      0     17      0   0.099   0.000   0.126   0.225     1.300
    4          inf         -inf   4.8147e+05  38150  18832    23      0      0      1      0   0.090   0.000   0.121   0.212     1.512
    5          inf         -inf   4.8156e+05  38171  18832    28     21      0      0      0   0.096   0.048   0.122   0.267     1.779
    6          inf   4.7038e+05   4.8419e+05  38384  18832    23    213      0      0      0   0.094   1.987   0.119   2.202     3.981
    7   4.8111e+05   4.8107e+05   4.8111e+05  38384  18832     0     *9      0      0      0   0.091   1.978   0.121   2.190     6.170
CG optimal after 7 iterations. UB=481112.005331 LB=481065.691163 gap=4.631e+01 tol=4.811e+01  t_LP=1.132  t_PR=6.255  t_SP=0.856  t_Tot=8.248
[bounded-pricing] enabled=0 fired=0 priced=56998 rate=0.0%

# === STDOUT (result CSV) ===
instance,formulation,iterations,columns,objective,lower_bound,optimal,time,time_lp,time_pricing,time_separation
data/intermodal/SBT-18765-0.txt.gz,tree,7,19639,481112.005331,481065.691163,1,8.616,1.132,6.255,0.856
