# cmd: /usr/bin/time -o /tmp/mcfcg_mem_2rzngoxj.txt -f %M build/mcfcg_cli data/intermodal/BUS-18424-0.txt.gz --solver cuopt --formulation tree --max-iters 10000 --strategy pricer-heavy --time-limit 7200.0
# outcome: ok
# returncode: 0
# peak_rss_kb: 1310396
# peak_rss_source: measured
# === STDERR (CG iteration log + preamble) ===
Instance: 151455 vertices, 1338522 arcs, 18388 commodities, 18388 sources
Solver: cuopt, formulation: tree
Pricing threads: 32 (auto)
Slack mode: CommodityRows (struct=18388, capped_arcs=1151624)
[lp-config] backend=cuopt version=26.8.0 method=barrier exec=GPU presolve=off crossover=off tol=0.0001 threads=n/a(GPU)
   It           UB           LB       LP_obj   #col   #row  #slk   +col   -col   +cut   -cut    t_LP    t_PR    t_SP   t_Tot     t_acc
    1          inf         -inf   4.7151e+05  36776  18454  1078      0      0     66      0   0.492   0.000   0.097   0.590     0.590
    2          inf         -inf   4.7582e+05  37645  18454  1435    869      0      0      0   0.149   0.168   0.102   0.421     1.011
    3          inf         -inf   4.8637e+05  37645  18497   112      0      0     43      0   0.199   0.000   0.097   0.297     1.307
    4          inf         -inf   4.8791e+05  38257  18497   230    612      0      0      0   0.122   0.145   0.093   0.361     1.668
    5          inf         -inf   4.9534e+05  38257  18508    98      0      0     11      0   0.132   0.000   0.094   0.227     1.895
    6          inf         -inf   4.9547e+05  38257  18513   109      0      0      5      0   0.125   0.000   0.093   0.219     2.113
    7          inf         -inf   4.9547e+05  38262  18491   111      5      0      0     22   0.129   0.042   0.095   0.266     2.380
    8          inf   4.0896e+05   5.0710e+05  39198  18484   110    936      0      0      7   0.129   0.801   0.095   1.027     3.407
    9          inf   4.0896e+05   4.8493e+05  39198  18512     0      0      0     28      0   0.132   0.000   0.095   0.228     3.635
   10          inf   4.0896e+05   4.8510e+05  39198  18514    11      0      0      2      0   0.133   0.000   0.103   0.237     3.872
   11          inf   4.0896e+05   4.8510e+05  39212  18482    12     14      0      0     32   0.129   0.037   0.095   0.263     4.135
   12          inf   4.0896e+05   4.8520e+05  39212  18484     6      0      0      2      0   0.151   0.000   0.094   0.246     4.380
   13          inf   4.0896e+05   4.8520e+05  39213  18480     6      1      0      0      4   0.161   0.043   0.095   0.299     4.679
   14          inf   4.8187e+05   4.8528e+05  39447  18470     5    234      0      0     10   0.132   0.830   0.094   1.057     5.736
   15          inf   4.8187e+05   4.8503e+05  39447  18474     0      0      0      4      0   0.172   0.000   0.093   0.266     6.002
   16   4.8503e+05   4.8187e+05   4.8503e+05  39450  18460     0      3      0      0     14   0.128   0.059   0.096   0.284     6.286
   17   4.8503e+05   4.8187e+05   4.8503e+05  39450  18461     0      0      0      1      0   0.166   0.000   0.095   0.262     6.548
   18   4.8503e+05   4.8496e+05   4.8503e+05  39511  18458     0     61      0      0      3   0.156   0.824   0.095   1.076     7.624
   19   4.8503e+05   4.8496e+05   4.8503e+05  39511  18460     0      0      0      2      0   0.127   0.000   0.094   0.222     7.846
   20   4.8503e+05   4.8499e+05   4.8503e+05  39511  18460     0     *0      0      0      0   0.145   0.822   0.094   1.061     8.907
CG optimal after 20 iterations. UB=485025.503958 LB=484993.525232 gap=3.198e+01 tol=4.850e+01  t_LP=3.209  t_PR=4.602  t_SP=1.906  t_Tot=9.740
[bounded-pricing] enabled=0 cut=0 priced=94611 rate=0.0%

# === STDOUT (result CSV) ===
instance,formulation,iterations,columns,objective,lower_bound,optimal,time,time_lp,time_pricing,time_separation
data/intermodal/BUS-18424-0.txt.gz,tree,20,21123,485025.503958,484993.525232,1,10.023,3.209,4.602,1.906
