# cmd: /usr/bin/time -o /tmp/mcfcg_mem_sdndqslb.txt -f %M build/mcfcg_cli data/intermodal/SBT-43785-0.txt.gz --solver cuopt --formulation path --max-iters 10000 --strategy pricer-heavy --time-limit 7200.0
# outcome: ok
# returncode: 0
# peak_rss_kb: 2191332
# peak_rss_source: measured
# === STDERR (CG iteration log + preamble) ===
Instance: 238529 vertices, 3741246 arcs, 43757 commodities, 43757 sources
Solver: cuopt, formulation: path
Pricing threads: 32 (auto)
Slack mode: CommodityRows (struct=43757, capped_arcs=3494226)
[lp-config] backend=cuopt version=26.8.0 method=barrier exec=GPU presolve=off crossover=off tol=0.0001 threads=n/a(GPU)
   It           UB           LB       LP_obj   #col   #row  #slk   +col   -col   +cut   -cut    t_LP    t_PR    t_SP   t_Tot     t_acc
    1          inf         -inf   1.1175e+06  87514  43829   745      0      0     72      0   0.664   0.000   0.262   0.928     0.928
    2          inf         -inf   1.1284e+06  89103  43829  1264   1589      0      0      0   0.240   0.587   0.262   1.092     2.020
    3          inf         -inf   1.1237e+06  89103  43841     0      0      0     12      0   0.217   0.000   0.268   0.487     2.507
    4          inf         -inf   1.1238e+06  89251  43841    23    148      0      0      0   0.192   0.259   0.261   0.714     3.221
    5   1.1237e+06   1.1234e+06   1.1237e+06  89482  43841     0    231      0      0      0   0.194   8.734   0.263   9.192    12.412
    6   1.1236e+06   1.1235e+06   1.1236e+06  89482  43841     0     *1      0      0      0   0.205   8.713   0.264   9.182    21.594
CG optimal after 6 iterations. UB=1123600.012524 LB=1123517.020340 gap=8.299e+01 tol=1.124e+02  t_LP=1.711  t_PR=27.208  t_SP=1.580  t_Tot=30.509
[bounded-pricing] enabled=0 fired=0 priced=133331 rate=0.0%

# === STDOUT (result CSV) ===
instance,formulation,iterations,columns,objective,lower_bound,optimal,time,time_lp,time_pricing,time_separation
data/intermodal/SBT-43785-0.txt.gz,path,6,45725,1123600.012524,1123517.020340,1,31.326,1.711,27.208,1.580
