# cmd: /usr/bin/time -o /tmp/mcfcg_mem_3axr3_fv.txt -f %M build/mcfcg_cli data/intermodal/SBT-18765-0.txt.gz --solver cuopt --formulation path --max-iters 10000 --strategy pricer-heavy --time-limit 7200.0
# outcome: ok
# returncode: 0
# peak_rss_kb: 1446436
# peak_rss_source: measured
# === STDERR (CG iteration log + preamble) ===
Instance: 188487 vertices, 1782614 arcs, 18745 commodities, 18745 sources
Solver: cuopt, formulation: path
Pricing threads: 32 (auto)
Slack mode: CommodityRows (struct=18745, capped_arcs=1535594)
[lp-config] backend=cuopt version=26.8.0 method=barrier exec=GPU presolve=off crossover=off tol=0.0001 threads=n/a(GPU)
   It           UB           LB       LP_obj   #col   #row  #slk   +col   -col   +cut   -cut    t_LP    t_PR    t_SP   t_Tot     t_acc
    1          inf         -inf   4.7848e+05  37490  18814   327      0      0     69      0   0.548   0.000   0.130   0.678     0.678
    2          inf         -inf   4.8278e+05  38149  18814   549    659      0      0      0   0.129   0.176   0.123   0.429     1.108
    3          inf         -inf   4.8136e+05  38149  18831    10      0      0     17      0   0.140   0.000   0.123   0.265     1.373
    4          inf         -inf   4.8147e+05  38149  18832    23      0      0      1      0   0.171   0.000   0.122   0.294     1.667
    5          inf         -inf   4.8156e+05  38170  18832    28     21      0      0      0   0.156   0.052   0.128   0.337     2.003
    6          inf   4.7031e+05   4.8419e+05  38401  18832    23    231      0      0      0   0.175   2.204   0.125   2.505     4.508
    7   4.8111e+05   4.8107e+05   4.8111e+05  38401  18832     0     *9      0      0      0   0.153   2.119   0.127   2.398     6.907
CG optimal after 7 iterations. UB=481112.056827 LB=481065.871429 gap=4.619e+01 tol=4.811e+01  t_LP=1.472  t_PR=6.736  t_SP=0.878  t_Tot=9.092
[bounded-pricing] enabled=0 cut=0 priced=56998 rate=0.0%

# === STDOUT (result CSV) ===
instance,formulation,iterations,columns,objective,lower_bound,optimal,time,time_lp,time_pricing,time_separation
data/intermodal/SBT-18765-0.txt.gz,path,7,19656,481112.056827,481065.871429,1,9.472,1.472,6.736,0.878
