# cmd: /usr/bin/time -o /tmp/mcfcg_mem_4gcpeabc.txt -f %M build/mcfcg_cli data/intermodal/SBT-31275-0.txt.gz --solver cuopt --formulation path --max-iters 10000 --strategy pricer-heavy --time-limit 7200.0
# outcome: ok
# returncode: 0
# peak_rss_kb: 1822032
# peak_rss_source: measured
# === STDERR (CG iteration log + preamble) ===
Instance: 213509 vertices, 2760366 arcs, 31252 commodities, 31252 sources
Solver: cuopt, formulation: path
Pricing threads: 32 (auto)
Slack mode: CommodityRows (struct=31252, capped_arcs=2513346)
[lp-config] backend=cuopt version=26.8.0 method=barrier exec=GPU presolve=off crossover=off tol=0.0001 threads=n/a(GPU)
   It           UB           LB       LP_obj   #col   #row  #slk   +col   -col   +cut   -cut    t_LP    t_PR    t_SP   t_Tot     t_acc
    1          inf         -inf   7.9697e+05  62504  31318   523      0      0     66      0   0.625   0.000   0.188   0.814     0.814
    2          inf         -inf   8.0461e+05  63529  31318   892   1025      0      0      0   0.149   0.295   0.181   0.627     1.440
    3          inf         -inf   8.0139e+05  63529  31331     0      0      0     13      0   0.204   0.000   0.181   0.386     1.826
    4          inf         -inf   8.0149e+05  63665  31331    20    136      0      0      0   0.175   0.160   0.180   0.516     2.342
    5   8.0138e+05   8.0098e+05   8.0138e+05  63785  31331     0    120      0      0      0   0.141   4.697   0.180   5.019     7.360
    6   8.0132e+05   8.0126e+05   8.0132e+05  63785  31331     0     *0      0      0      0   0.166   9.408   0.180   9.754    17.114
CG optimal after 6 iterations. UB=801323.016391 LB=801264.526452 gap=5.849e+01 tol=8.013e+01  t_LP=1.459  t_PR=19.391  t_SP=1.089  t_Tot=21.945
[bounded-pricing] enabled=0 fired=0 priced=126342 rate=0.0%

# === STDOUT (result CSV) ===
instance,formulation,iterations,columns,objective,lower_bound,optimal,time,time_lp,time_pricing,time_separation
data/intermodal/SBT-31275-0.txt.gz,path,6,32533,801323.016391,801264.526452,1,22.482,1.459,19.391,1.089
