# cmd: /usr/bin/time -o /tmp/mcfcg_mem_2tgg_l5i.txt -f %M build/mcfcg_cli data/intermodal/BUS-13160-0.txt.gz --solver cuopt --formulation tree --max-iters 10000 --strategy pricer-heavy --time-limit 7200.0
# outcome: ok
# returncode: 0
# peak_rss_kb: 1189300
# peak_rss_source: measured
# === STDERR (CG iteration log + preamble) ===
Instance: 140925 vertices, 1023858 arcs, 13135 commodities, 13135 sources
Solver: cuopt, formulation: tree
Pricing threads: 32 (auto)
Slack mode: CommodityRows (struct=13135, capped_arcs=836960)
[lp-config] backend=cuopt version=26.8.0 method=barrier exec=GPU presolve=off crossover=off tol=0.0001 threads=n/a(GPU)
   It           UB           LB       LP_obj   #col   #row  #slk   +col   -col   +cut   -cut    t_LP    t_PR    t_SP   t_Tot     t_acc
    1          inf         -inf   3.3868e+05  26270  13208   783      0      0     73      0   0.501   0.000   0.083   0.584     0.584
    2          inf         -inf   3.4174e+05  26924  13208  1041    654      0      0      0   0.154   0.107   0.075   0.337     0.921
    3          inf         -inf   3.4913e+05  26924  13259    71      0      0     51      0   0.128   0.000   0.073   0.201     1.122
    4          inf         -inf   3.5030e+05  27319  13259   147    395      0      0      0   0.146   0.088   0.072   0.310     1.432
    5          inf         -inf   3.5340e+05  27319  13271    81      0      0     12      0   0.116   0.000   0.072   0.188     1.620
    6          inf         -inf   3.5344e+05  27524  13271    83    205      0      0      0   0.102   0.062   0.073   0.238     1.858
    7          inf         -inf   3.6268e+05  27524  13274    44      0      0      3      0   0.162   0.000   0.072   0.234     2.093
    8          inf         -inf   3.6271e+05  27611  13237    48     87      0      0     37   0.107   0.040   0.072   0.220     2.313
    9          inf         -inf   3.6843e+05  27611  13243    60      0      0      6      0   0.156   0.000   0.072   0.228     2.541
   10          inf         -inf   3.6848e+05  27706  13207    62     95      0      0     36   0.116   0.043   0.071   0.231     2.772
   11          inf         -inf   3.5521e+05  27706  13215    21      0      0      8      0   0.110   0.000   0.073   0.184     2.956
   12          inf         -inf   3.5521e+05  27779  13204    24     73      0      0     11   0.114   0.044   0.074   0.232     3.188
   13          inf         -inf   3.5147e+05  27779  13212    18      0      0      8      0   0.101   0.000   0.072   0.174     3.363
   14          inf         -inf   3.5147e+05  27814  13206    18     35      0      0      6   0.151   0.045   0.072   0.269     3.632
   15          inf         -inf   3.5196e+05  27814  13210    12      0      0      4      0   0.137   0.000   0.072   0.210     3.842
   16          inf         -inf   3.5196e+05  27862  13204    12     48      0      0      6   0.104   0.042   0.073   0.220     4.061
   17          inf         -inf   3.5148e+05  27862  13206    10      0      0      2      0   0.102   0.000   0.073   0.175     4.236
   18          inf   3.3250e+05   3.5148e+05  28101  13198    10    239      0      0      8   0.149   0.507   0.072   0.729     4.966
   19          inf   3.3250e+05   3.4833e+05  28101  13217     0      0      0     19      0   0.145   0.000   0.073   0.218     5.184
   20          inf   3.3250e+05   3.4839e+05  28101  13218     0      0      0      1      0   0.133   0.000   0.074   0.207     5.391
   21   3.4839e+05   3.4829e+05   3.4839e+05  28129  13214     0     28      0      0      4   0.156   0.497   0.073   0.728     6.118
   22   3.4836e+05   3.4832e+05   3.4836e+05  28147  13212     0     18      0      0      2   0.142   0.474   0.075   0.691     6.810
   23   3.4836e+05   3.4832e+05   3.4836e+05  28147  13213     0      0      0      1      0   0.128   0.000   0.071   0.200     7.009
   24   3.4836e+05   3.4834e+05   3.4836e+05  28147  13213     0     *1      0      0      0   0.110   0.490   0.072   0.672     7.682
CG optimal after 24 iterations. UB=348361.502615 LB=348338.100403 gap=2.340e+01 tol=3.484e+01  t_LP=3.468  t_PR=2.976  t_SP=1.752  t_Tot=8.220
[bounded-pricing] enabled=0 cut=0 priced=68336 rate=0.0%

# === STDOUT (result CSV) ===
instance,formulation,iterations,columns,objective,lower_bound,optimal,time,time_lp,time_pricing,time_separation
data/intermodal/BUS-13160-0.txt.gz,tree,24,15012,348361.502615,348338.100403,1,8.442,3.468,2.976,1.752
