# cmd: /usr/bin/time -o /tmp/mcfcg_mem_bxuydvl7.txt -f %M build/mcfcg_cli data/intermodal/SBT-6255-0.txt.gz --solver cuopt --formulation path --max-iters 10000 --strategy pricer-heavy --time-limit 7200.0
# outcome: ok
# returncode: 0
# peak_rss_kb: 1118116
# peak_rss_source: measured
# === STDERR (CG iteration log + preamble) ===
Instance: 163487 vertices, 809375 arcs, 6251 commodities, 6251 sources
Solver: cuopt, formulation: path
Pricing threads: 32 (auto)
Slack mode: CommodityRows (struct=6251, capped_arcs=562355)
[lp-config] backend=cuopt version=26.8.0 method=barrier exec=GPU presolve=off crossover=off tol=0.0001 threads=n/a(GPU)
   It           UB           LB       LP_obj   #col   #row  #slk   +col   -col   +cut   -cut    t_LP    t_PR    t_SP   t_Tot     t_acc
    1          inf         -inf   1.5957e+05  12502   6351   120      0      0    100      0   0.447   0.000   0.058   0.505     0.505
    2          inf         -inf   1.6193e+05  12842   6351   241    340      0      0      0   0.060   0.057   0.061   0.178     0.684
    3          inf         -inf   1.6080e+05  12842   6369     6      0      0     18      0   0.066   0.000   0.055   0.122     0.806
    4          inf         -inf   1.6086e+05  12842   6370    13      0      0      1      0   0.064   0.000   0.056   0.120     0.926
    5          inf         -inf   1.6086e+05  12848   6370    13      6      0      0      0   0.061   0.028   0.060   0.149     1.075
    6          inf   1.5664e+05   1.6287e+05  12991   6370    12    143      0      0      0   0.069   0.383   0.058   0.511     1.586
    7          inf   1.5664e+05   1.6061e+05  12991   6377     0      0      0      7      0   0.060   0.000   0.055   0.116     1.701
    8   1.6061e+05   1.6059e+05   1.6061e+05  12991   6377     0     *1      0      0      0   0.060   0.399   0.055   0.514     2.216
CG optimal after 8 iterations. UB=160606.002160 LB=160593.924381 gap=1.208e+01 tol=1.606e+01  t_LP=0.886  t_PR=1.290  t_SP=0.460  t_Tot=2.639
[bounded-pricing] enabled=0 fired=0 priced=19164 rate=0.0%

# === STDOUT (result CSV) ===
instance,formulation,iterations,columns,objective,lower_bound,optimal,time,time_lp,time_pricing,time_separation
data/intermodal/SBT-6255-0.txt.gz,path,8,6740,160606.002160,160593.924381,1,2.823,0.886,1.290,0.460
