# cmd: /usr/bin/time -o /tmp/mcfcg_mem_z8_50m7c.txt -f %M build/mcfcg_cli data/intermodal/BUS-2632-0.txt.gz --solver cuopt --formulation path --max-iters 10000 --strategy pricer-heavy --time-limit 7200.0
# outcome: ok
# returncode: 0
# peak_rss_kb: 943144
# peak_rss_source: measured
# === STDERR (CG iteration log + preamble) ===
Instance: 119865 vertices, 397362 arcs, 2628 commodities, 2628 sources
Solver: cuopt, formulation: path
Pricing threads: 32 (auto)
Slack mode: CommodityRows (struct=2628, capped_arcs=210464)
[lp-config] backend=cuopt version=26.8.0 method=barrier exec=GPU presolve=off crossover=off tol=0.0001 threads=n/a(GPU)
   It           UB           LB       LP_obj   #col   #row  #slk   +col   -col   +cut   -cut    t_LP    t_PR    t_SP   t_Tot     t_acc
    1          inf         -inf   6.8907e+04   5256   2722   161      0      0     94      0   0.456   0.000   0.031   0.487     0.487
    2          inf         -inf   6.9679e+04   5421   2722   229    165      0      0      0   0.103   0.024   0.034   0.163     0.650
    3          inf         -inf   7.1144e+04   5421   2803    15      0      0     81      0   0.108   0.000   0.030   0.138     0.788
    4          inf         -inf   7.2146e+04   5421   2804    43      0      0      1      0   0.117   0.000   0.029   0.146     0.934
    5          inf         -inf   7.2164e+04   5428   2804    44      7      0      0      0   0.115   0.013   0.030   0.159     1.093
    6          inf         -inf   7.6825e+04   5428   2806    46      0      0      2      0   0.118   0.000   0.031   0.149     1.242
    7          inf         -inf   7.6841e+04   5435   2786    47      7      0      0     20   0.114   0.014   0.030   0.158     1.399
    8          inf   2.9442e+04   8.4175e+04   5665   2777    38    230      0      0      9   0.082   0.082   0.030   0.195     1.595
    9          inf   2.9442e+04   7.1560e+04   5665   2822     2      0      0     45      0   0.064   0.000   0.028   0.092     1.686
   10          inf   2.9442e+04   7.1658e+04   5755   2813     8     90      0      0      9   0.110   0.020   0.030   0.160     1.847
   11          inf   2.9442e+04   7.1549e+04   5755   2816     1      0      0      3      0   0.111   0.000   0.031   0.142     1.988
   12          inf   2.9442e+04   7.1549e+04   5764   2809     1      9      0      0      7   0.117   0.015   0.031   0.164     2.152
   13          inf   6.8308e+04   7.1564e+04   5812   2802     1     48      0      0      7   0.115   0.073   0.030   0.218     2.371
   14          inf   6.8308e+04   7.1027e+04   5812   2806     0      0      0      4      0   0.113   0.000   0.029   0.143     2.513
   15   7.1027e+04   6.8308e+04   7.1027e+04   5817   2762     0      5      0      0     44   0.115   0.013   0.029   0.157     2.671
   16   7.1027e+04   6.8308e+04   7.1027e+04   5817   2764     0      0      0      2      0   0.120   0.000   0.029   0.150     2.821
   17   7.1027e+04   7.1019e+04   7.1027e+04   5821   2751     0      4      0      0     13   0.115   0.088   0.029   0.232     3.053
   18   7.1027e+04   7.1019e+04   7.1027e+04   5821   2754     0      0      0      3      0   0.120   0.000   0.030   0.150     3.203
   19   7.1027e+04   7.1019e+04   7.1027e+04   5826   2739     0      5      0      0     15   0.116   0.013   0.028   0.158     3.361
   20   7.1027e+04   7.1019e+04   7.1027e+04   5826   2740     0      0      0      1      0   0.057   0.000   0.029   0.086     3.446
   21   7.1027e+04   7.1022e+04   7.1027e+04   5826   2740     0     *0      0      0      0   0.061   0.081   0.029   0.170     3.617
CG optimal after 21 iterations. UB=71026.500930 LB=71021.873497 gap=4.627e+00 tol=7.103e+00  t_LP=2.547  t_PR=0.516  t_SP=0.627  t_Tot=3.698
[bounded-pricing] enabled=0 cut=0 priced=13627 rate=0.0%

# === STDOUT (result CSV) ===
instance,formulation,iterations,columns,objective,lower_bound,optimal,time,time_lp,time_pricing,time_separation
data/intermodal/BUS-2632-0.txt.gz,path,21,3198,71026.500930,71021.873497,1,3.807,2.547,0.516,0.627
