# cmd: /usr/bin/time -o /tmp/mcfcg_mem_v9jef7rl.txt -f %M build/mcfcg_cli data/intermodal/BUS-23688-0.txt.gz --solver cuopt --formulation path --max-iters 10000 --strategy pricer-heavy --time-limit 7200.0
# outcome: ok
# returncode: 0
# peak_rss_kb: 1399416
# peak_rss_source: measured
# === STDERR (CG iteration log + preamble) ===
Instance: 161993 vertices, 1653437 arcs, 23643 commodities, 23643 sources
Solver: cuopt, formulation: path
Pricing threads: 32 (auto)
Slack mode: CommodityRows (struct=23643, capped_arcs=1466539)
[lp-config] backend=cuopt version=26.8.0 method=barrier exec=GPU presolve=off crossover=off tol=0.0001 threads=n/a(GPU)
   It           UB           LB       LP_obj   #col   #row  #slk   +col   -col   +cut   -cut    t_LP    t_PR    t_SP   t_Tot     t_acc
    1          inf         -inf   6.0693e+05  47286  23709  1421      0      0     66      0   0.577   0.000   0.106   0.684     0.684
    2          inf         -inf   6.1290e+05  48449  23709  1888   1163      0      0      0   0.118   0.224   0.108   0.453     1.137
    3          inf         -inf   6.2610e+05  48449  23765   101      0      0     56      0   0.161   0.000   0.107   0.269     1.407
    4          inf         -inf   6.2846e+05  49528  23765   301   1079      0      0      0   0.141   0.233   0.108   0.483     1.890
    5          inf         -inf   6.2674e+05  49528  23782    64      0      0     17      0   0.153   0.000   0.107   0.261     2.151
    6          inf         -inf   6.2689e+05  49528  23788    81      0      0      6      0   0.157   0.000   0.107   0.265     2.416
    7          inf         -inf   6.2694e+05  49601  23763    89     73      0      0     25   0.156   0.063   0.106   0.327     2.743
    8          inf   5.8715e+05   6.2829e+05  50850  23754    75   1249      0      0      9   0.167   1.142   0.107   1.418     4.161
    9          inf   5.8715e+05   6.2488e+05  50850  23767     5      0      0     13      0   0.149   0.000   0.109   0.259     4.420
   10          inf   5.8715e+05   6.2496e+05  50920  23731     5     70      0      0     36   0.157   0.096   0.112   0.367     4.786
   11          inf   5.8715e+05   6.2495e+05  50920  23734     1      0      0      3      0   0.207   0.000   0.110   0.318     5.104
   12          inf   5.8715e+05   6.2495e+05  50922  23724     1      2      0      0     10   0.193   0.057   0.108   0.359     5.463
   13   6.2495e+05   6.2455e+05   6.2495e+05  51112  23724     0    190      0      0      0   0.185   1.114   0.107   1.408     6.871
   14   6.2495e+05   6.2455e+05   6.2488e+05  51112  23727     0      0      0      3      0   0.160   0.000   0.109   0.270     7.140
   15   6.2488e+05   6.2484e+05   6.2488e+05  51112  23727     0    *13      0      0      0   0.203   1.183   0.109   1.494     8.635
CG optimal after 15 iterations. UB=624882.028347 LB=624837.666006 gap=4.436e+01 tol=6.249e+01  t_LP=2.884  t_PR=5.227  t_SP=1.619  t_Tot=9.752
[bounded-pricing] enabled=0 fired=0 priced=98654 rate=0.0%

# === STDOUT (result CSV) ===
instance,formulation,iterations,columns,objective,lower_bound,optimal,time,time_lp,time_pricing,time_separation
data/intermodal/BUS-23688-0.txt.gz,path,15,27469,624882.028347,624837.666006,1,10.086,2.884,5.227,1.619
