# cmd: /usr/bin/time -o /tmp/mcfcg_mem_zvomorz4.txt -f %M build/mcfcg_cli data/intermodal/BUS-2632-0.txt.gz --solver cuopt --formulation tree --max-iters 10000 --strategy pricer-heavy --time-limit 7200.0
# outcome: ok
# returncode: 0
# peak_rss_kb: 944212
# peak_rss_source: measured
# === STDERR (CG iteration log + preamble) ===
Instance: 119865 vertices, 397362 arcs, 2628 commodities, 2628 sources
Solver: cuopt, formulation: tree
Pricing threads: 32 (auto)
Slack mode: CommodityRows (struct=2628, capped_arcs=210464)
[lp-config] backend=cuopt version=26.8.0 method=barrier exec=GPU presolve=off crossover=off tol=0.0001 threads=n/a(GPU)
   It           UB           LB       LP_obj   #col   #row  #slk   +col   -col   +cut   -cut    t_LP    t_PR    t_SP   t_Tot     t_acc
    1          inf         -inf   6.8907e+04   5256   2722   161      0      0     94      0   0.438   0.000   0.035   0.473     0.473
    2          inf         -inf   6.9679e+04   5420   2722   229    164      0      0      0   0.069   0.024   0.035   0.128     0.601
    3          inf         -inf   7.1144e+04   5420   2803    15      0      0     81      0   0.051   0.000   0.035   0.086     0.687
    4          inf         -inf   7.2146e+04   5420   2804    43      0      0      1      0   0.050   0.000   0.035   0.086     0.773
    5          inf         -inf   7.2164e+04   5427   2804    44      7      0      0      0   0.049   0.017   0.035   0.102     0.875
    6          inf         -inf   7.6825e+04   5427   2806    46      0      0      2      0   0.052   0.000   0.035   0.087     0.962
    7          inf         -inf   7.6841e+04   5434   2786    47      7      0      0     20   0.051   0.019   0.035   0.105     1.067
    8          inf   2.9012e+04   8.4175e+04   5664   2777    38    230      0      0      9   0.056   0.086   0.033   0.176     1.244
    9          inf   2.9012e+04   7.1560e+04   5664   2820     2      0      0     43      0   0.052   0.000   0.034   0.086     1.330
   10          inf   2.9012e+04   7.1658e+04   5754   2811     8     90      0      0      9   0.057   0.026   0.035   0.118     1.448
   11          inf   2.9012e+04   7.1549e+04   5754   2814     1      0      0      3      0   0.056   0.000   0.034   0.090     1.538
   12          inf   2.9012e+04   7.1549e+04   5763   2807     1      9      0      0      7   0.056   0.020   0.036   0.112     1.650
   13          inf   6.8309e+04   7.1564e+04   5809   2800     1     46      0      0      7   0.058   0.073   0.035   0.166     1.816
   14          inf   6.8309e+04   7.1027e+04   5809   2804     0      0      0      4      0   0.053   0.000   0.031   0.084     1.900
   15   7.1027e+04   6.8309e+04   7.1027e+04   5814   2762     0      5      0      0     42   0.052   0.017   0.035   0.105     2.005
   16   7.1027e+04   6.8309e+04   7.1027e+04   5814   2764     0      0      0      2      0   0.052   0.000   0.034   0.086     2.091
   17   7.1027e+04   7.1019e+04   7.1027e+04   5818   2749     0      4      0      0     15   0.052   0.084   0.035   0.171     2.262
   18   7.1027e+04   7.1019e+04   7.1027e+04   5818   2754     0      0      0      5      0   0.052   0.000   0.029   0.082     2.343
   19   7.1027e+04   7.1019e+04   7.1027e+04   5823   2741     0      5      0      0     13   0.050   0.019   0.036   0.105     2.448
   20   7.1027e+04   7.1019e+04   7.1027e+04   5823   2742     0      0      0      1      0   0.049   0.000   0.036   0.085     2.533
   21   7.1027e+04   7.1022e+04   7.1027e+04   5823   2742     0     *0      0      0      0   0.050   0.082   0.036   0.168     2.701
CG optimal after 21 iterations. UB=71026.504325 LB=71021.874937 gap=4.629e+00 tol=7.103e+00  t_LP=1.506  t_PR=0.551  t_SP=0.722  t_Tot=2.788
[bounded-pricing] enabled=0 fired=0 priced=13630 rate=0.0%

# === STDOUT (result CSV) ===
instance,formulation,iterations,columns,objective,lower_bound,optimal,time,time_lp,time_pricing,time_separation
data/intermodal/BUS-2632-0.txt.gz,tree,21,3195,71026.504325,71021.874937,1,2.892,1.506,0.551,0.722
