# cmd: /usr/bin/time -o /tmp/mcfcg_mem_hunucamf.txt -f %M build/mcfcg_cli data/intermodal/SBT-6255-0.txt.gz --solver cuopt --formulation tree --max-iters 10000 --strategy pricer-heavy --time-limit 7200.0
# outcome: ok
# returncode: 0
# peak_rss_kb: 1116988
# peak_rss_source: measured
# === STDERR (CG iteration log + preamble) ===
Instance: 163487 vertices, 809375 arcs, 6251 commodities, 6251 sources
Solver: cuopt, formulation: tree
Pricing threads: 32 (auto)
Slack mode: CommodityRows (struct=6251, capped_arcs=562355)
[lp-config] backend=cuopt version=26.8.0 method=barrier exec=GPU presolve=off crossover=off tol=0.0001 threads=n/a(GPU)
   It           UB           LB       LP_obj   #col   #row  #slk   +col   -col   +cut   -cut    t_LP    t_PR    t_SP   t_Tot     t_acc
    1          inf         -inf   1.5957e+05  12502   6351   120      0      0    100      0   0.502   0.000   0.063   0.566     0.566
    2          inf         -inf   1.6193e+05  12842   6351   241    340      0      0      0   0.121   0.061   0.062   0.245     0.810
    3          inf         -inf   1.6080e+05  12842   6369     6      0      0     18      0   0.115   0.000   0.060   0.175     0.986
    4          inf         -inf   1.6086e+05  12842   6370    13      0      0      1      0   0.123   0.000   0.060   0.184     1.170
    5          inf         -inf   1.6086e+05  12848   6370    13      6      0      0      0   0.119   0.028   0.061   0.209     1.378
    6          inf   1.5662e+05   1.6287e+05  12991   6370    12    143      0      0      0   0.118   0.441   0.062   0.621     1.999
    7          inf   1.5662e+05   1.6061e+05  12991   6377     0      0      0      7      0   0.127   0.000   0.062   0.189     2.189
    8   1.6061e+05   1.6059e+05   1.6061e+05  12991   6377     0     *1      0      0      0   0.113   0.470   0.060   0.643     2.832
CG optimal after 8 iterations. UB=160606.003397 LB=160593.903250 gap=1.210e+01 tol=1.606e+01  t_LP=1.339  t_PR=1.462  t_SP=0.490  t_Tot=3.294
[bounded-pricing] enabled=0 cut=0 priced=19164 rate=0.0%

# === STDOUT (result CSV) ===
instance,formulation,iterations,columns,objective,lower_bound,optimal,time,time_lp,time_pricing,time_separation
data/intermodal/SBT-6255-0.txt.gz,tree,8,6740,160606.003397,160593.903250,1,3.487,1.339,1.462,0.490
