# cmd: /usr/bin/time -o /tmp/mcfcg_mem_ahqnuo_k.txt -f %M build/mcfcg_cli data/intermodal/SBT-43785-0.txt.gz --solver cuopt --formulation tree --max-iters 10000 --strategy pricer-heavy --time-limit 7200.0
# outcome: ok
# returncode: 0
# peak_rss_kb: 2188732
# peak_rss_source: measured
# === STDERR (CG iteration log + preamble) ===
Instance: 238529 vertices, 3741246 arcs, 43757 commodities, 43757 sources
Solver: cuopt, formulation: tree
Pricing threads: 32 (auto)
Slack mode: CommodityRows (struct=43757, capped_arcs=3494226)
[lp-config] backend=cuopt version=26.8.0 method=barrier exec=GPU presolve=off crossover=off tol=0.0001 threads=n/a(GPU)
   It           UB           LB       LP_obj   #col   #row  #slk   +col   -col   +cut   -cut    t_LP    t_PR    t_SP   t_Tot     t_acc
    1          inf         -inf   1.1175e+06  87514  43829   745      0      0     72      0   0.663   0.000   0.279   0.943     0.943
    2          inf         -inf   1.1284e+06  89098  43829  1264   1584      0      0      0   0.170   0.596   0.270   1.040     1.983
    3          inf         -inf   1.1237e+06  89098  43840     0      0      0     11      0   0.194   0.000   0.271   0.467     2.449
    4          inf         -inf   1.1238e+06  89098  43841    23      0      0      1      0   0.159   0.000   0.270   0.431     2.880
    5          inf   1.1230e+06   1.1238e+06  89471  43841    23    373      0      0      0   0.157   8.868   0.271   9.298    12.178
    6   1.1236e+06   1.1235e+06   1.1236e+06  89471  43841     0     *1      0      0      0   0.168   8.717   0.270   9.155    21.333
CG optimal after 6 iterations. UB=1123600.019830 LB=1123517.019269 gap=8.300e+01 tol=1.124e+02  t_LP=1.511  t_PR=27.064  t_SP=1.632  t_Tot=30.217
[bounded-pricing] enabled=0 fired=0 priced=133078 rate=0.0%

# === STDOUT (result CSV) ===
instance,formulation,iterations,columns,objective,lower_bound,optimal,time,time_lp,time_pricing,time_separation
data/intermodal/SBT-43785-0.txt.gz,tree,6,45714,1123600.019830,1123517.019269,1,31.042,1.511,27.064,1.632
