# cmd: /usr/bin/time -o /tmp/mcfcg_mem_d4ywcn2u.txt -f %M build/mcfcg_cli data/commalab/grid/grid7 --solver copt --copt-gpu-mode 2 --formulation tree --max-iters 10000 --time-limit 1800.0
# outcome: ok
# returncode: 0
# peak_rss_kb: 476812
# peak_rss_source: measured
# === STDERR (CG iteration log + preamble) ===
Instance: 400 vertices, 1520 arcs, 400 commodities, 247 sources
Solver: copt (gpu-mode 2), formulation: tree
Pricing threads: 32 (auto)
Slack mode: CommodityRows (struct=247, capped_arcs=1520)
[lp-config] backend=copt version=8.0.1 method=barrier exec=GPU presolve=off crossover=off tol=0.0001 threads=n/a(GPU)
   It           UB           LB       LP_obj   #col   #row  #slk   +col   -col   +cut   -cut    t_LP    t_PR    t_SP   t_Tot     t_acc
    1          inf   2.5727e+07   2.4700e+04    494    247   247      0      0      0      0   0.349   0.002   0.000   0.350     0.350
    2          inf   2.5727e+07   2.4700e+05    494    247   247      0      0      0      0   0.159   0.001   0.000   0.160     0.511
    3          inf   2.5727e+07   2.4518e+06    494    247   242      0      0      0      0   0.151   0.001   0.000   0.152     0.663
    4          inf   2.5727e+07   1.7985e+07    494    249   101      0      0      2      0   0.152   0.001   0.000   0.153     0.815
    5          inf   2.5727e+07   3.5045e+07    533    346    30     39      0     97      0   0.157   0.001   0.000   0.158     0.973
    6          inf   2.5727e+07   6.4116e+07    712    354   113    184      5      8      0   0.167   0.001   0.000   0.168     1.142
    7          inf   2.5727e+07   8.5724e+07    893    362    64    181      0      8      0   0.176   0.001   0.000   0.178     1.319
    8          inf   2.5727e+07   3.2468e+07   1055    393    14    162      0     31      0   0.190   0.001   0.000   0.191     1.511
    9          inf   2.5780e+07   2.5898e+07   1209    412     0    154      0     19      0   0.204   0.001   0.000   0.205     1.716
   10          inf   2.5813e+07   2.5884e+07   1346    418     0    145      8      7      1   0.196   0.001   0.000   0.198     1.914
   11          inf   2.5844e+07   2.5874e+07   1431    401     0    110     25      4     21   0.196   0.001   0.000   0.198     2.111
   12          inf   2.5853e+07   2.5869e+07   1461    402     0     85     55      3      2   0.194   0.001   0.000   0.196     2.308
   13          inf   2.5859e+07   2.5866e+07   1434    404     0     59     86      7      5   0.196   0.001   0.000   0.197     2.505
   14          inf   2.5861e+07   2.5865e+07   1310    391     0     39    163      1     14   0.197   0.001   0.000   0.198     2.703
   15          inf   2.5864e+07   2.5864e+07   1180    385     0     11    141      1      7   0.188   0.001   0.000   0.190     2.893
   16   2.5864e+07   2.5864e+07   2.5864e+07   1180    385     0    *24      0      0      0   0.188   0.001   0.000   0.189     3.082
CG optimal after 16 iterations. UB=25864147.233075 LB=25863898.105505 gap=2.491e+02 tol=2.586e+03  t_LP=3.060  t_PR=0.016  t_SP=0.003  t_Tot=3.085
[bounded-pricing] enabled=0 cut=0 priced=5187 rate=0.0%

# === STDOUT (result CSV) ===
Setting parameter 'LpMethod' to 2
Setting parameter 'GPUMode' to 2
Setting parameter 'Presolve' to 0
Setting parameter 'Crossover' to 0
instance,formulation,iterations,columns,objective,lower_bound,optimal,time,time_lp,time_pricing,time_separation
data/commalab/grid/grid7,tree,16,933,25864147.233075,25863898.105505,1,3.102,3.060,0.016,0.003
