# cmd: /usr/bin/time -o /tmp/mcfcg_mem_ncs4qfbu.txt -f %M build/mcfcg_cli data/commalab/grid/grid10 --solver copt --copt-gpu-mode 2 --formulation tree --max-iters 10000 --time-limit 1800.0
# outcome: ok
# returncode: 0
# peak_rss_kb: 507184
# peak_rss_source: measured
# === STDERR (CG iteration log + preamble) ===
Instance: 625 vertices, 2400 arcs, 2000 commodities, 593 sources
Solver: copt (gpu-mode 2), formulation: tree
Pricing threads: 32 (auto)
Slack mode: CommodityRows (struct=593, capped_arcs=2400)
[lp-config] backend=copt version=8.0.1 method=barrier exec=GPU presolve=off crossover=off tol=0.0001 threads=n/a(GPU)
   It           UB           LB       LP_obj   #col   #row  #slk   +col   -col   +cut   -cut    t_LP    t_PR    t_SP   t_Tot     t_acc
    1          inf   1.6221e+08   5.9300e+04   1186    593   593      0      0      0      0   0.251   0.005   0.000   0.256     0.256
    2          inf   1.6221e+08   5.9300e+05   1186    593   593      0      0      0      0   0.030   0.004   0.000   0.034     0.290
    3          inf   1.6221e+08   5.9216e+06   1186    593   590      0      0      0      0   0.029   0.004   0.000   0.033     0.323
    4          inf   1.6221e+08   5.5288e+07   1186    593   495      0      0      0      0   0.028   0.005   0.000   0.033     0.357
    5          inf   1.6221e+08   1.6218e+08   1186    910     1      0      0    317      0   0.030   0.005   0.000   0.035     0.392
    6          inf   1.6221e+08   2.8039e+08   1706    910   271    520      0      0      0   0.083   0.002   0.000   0.086     0.479
    7          inf   1.6221e+08   7.6387e+08   2250    913   299    544      0      3      0   0.097   0.002   0.000   0.100     0.579
    8          inf   1.6221e+08   1.3705e+09   2798    924   201    548      0     11      0   0.108   0.002   0.000   0.112     0.691
    9          inf   1.6221e+08   1.3036e+09   3359    965   158    561      0     41      0   0.114   0.002   0.000   0.117     0.808
   10          inf   1.6221e+08   9.8212e+08   3923   1010   105    564      0     45      0   0.131   0.002   0.000   0.135     0.943
   11          inf   1.6221e+08   1.6511e+08   4393    986     0    557     87     60     84   0.235   0.002   0.000   0.240     1.183
   12          inf   1.6285e+08   1.6463e+08   4669   1017     0    539    263     33      2   0.176   0.002   0.000   0.181     1.364
   13          inf   1.6335e+08   1.6449e+08   4925   1033     0    532    276     17      1   0.176   0.002   0.000   0.182     1.546
   14          inf   1.6355e+08   1.6439e+08   5140   1046     0    524    309     13      0   0.187   0.002   0.000   0.192     1.738
   15          inf   1.6374e+08   1.6432e+08   5264   1050     0    510    386     13      9   0.199   0.002   0.001   0.206     1.944
   16          inf   1.6381e+08   1.6426e+08   5320   1051     0    506    450      9      8   0.223   0.002   0.001   0.229     2.173
   17          inf   1.6388e+08   1.6422e+08   5138   1037     0    493    675      5     19   0.221   0.002   0.001   0.227     2.400
   18          inf   1.6397e+08   1.6418e+08   5045   1029     0    475    568      8     16   0.196   0.002   0.001   0.202     2.602
   19          inf   1.6398e+08   1.6416e+08   4980   1026     0    472    537      6      9   0.215   0.002   0.000   0.220     2.822
   20          inf   1.6402e+08   1.6414e+08   4933   1030     0    451    498      8      4   0.192   0.002   0.001   0.198     3.019
   21          inf   1.6405e+08   1.6413e+08   4863   1027     0    420    490      5      8   0.208   0.002   0.001   0.213     3.233
   22          inf   1.6407e+08   1.6412e+08   4812   1029     0    418    469      6      4   0.202   0.002   0.001   0.208     3.440
   23          inf   1.6409e+08   1.6412e+08   4735   1029     0    394    471      4      4   0.216   0.002   0.001   0.222     3.662
   24          inf   1.6410e+08   1.6411e+08   4662   1028     0    362    435      2      3   0.207   0.002   0.000   0.213     3.875
   25          inf   1.6410e+08   1.6411e+08   4584   1027     0    349    427      4      5   0.216   0.002   0.000   0.221     4.096
   26   1.6411e+08   1.6411e+08   1.6411e+08   4584   1027     0   *310      0      0      0   0.224   0.002   0.000   0.227     4.323
CG optimal after 26 iterations. UB=164111313.465237 LB=164107515.987072 gap=3.797e+03 tol=1.641e+04  t_LP=4.193  t_PR=0.073  t_SP=0.011  t_Tot=4.329
[bounded-pricing] enabled=0 fired=0 priced=18976 rate=0.0%

# === STDOUT (result CSV) ===
Setting parameter 'LpMethod' to 2
Setting parameter 'GPUMode' to 2
Setting parameter 'Presolve' to 0
Setting parameter 'Crossover' to 0
instance,formulation,iterations,columns,objective,lower_bound,optimal,time,time_lp,time_pricing,time_separation
data/commalab/grid/grid10,tree,26,3991,164111313.465237,164107515.987072,1,4.345,4.193,0.073,0.011
