# cmd: /usr/bin/time -o /tmp/mcfcg_mem_negvgbm0.txt -f %M build/mcfcg_cli data/commalab/grid/grid12 --solver copt --copt-gpu-mode 2 --formulation tree --max-iters 10000 --time-limit 1800.0
# outcome: ok
# returncode: 0
# peak_rss_kb: 526300
# peak_rss_source: measured
# === STDERR (CG iteration log + preamble) ===
Instance: 900 vertices, 3480 arcs, 6000 commodities, 899 sources
Solver: copt (gpu-mode 2), formulation: tree
Pricing threads: 32 (auto)
Slack mode: CommodityRows (struct=899, capped_arcs=3480)
[lp-config] backend=copt version=8.0.1 method=barrier exec=GPU presolve=off crossover=off tol=0.0001 threads=n/a(GPU)
   It           UB           LB       LP_obj   #col   #row  #slk   +col   -col   +cut   -cut    t_LP    t_PR    t_SP   t_Tot     t_acc
    1          inf   5.7494e+08   8.9900e+04   1798    899   899      0      0      0      0   0.246   0.011   0.000   0.257     0.257
    2          inf   5.7494e+08   8.9900e+05   1798    899   899      0      0      0      0   0.031   0.011   0.000   0.042     0.299
    3          inf   5.7494e+08   8.9900e+06   1798    899   899      0      0      0      0   0.027   0.011   0.000   0.038     0.338
    4          inf   5.7494e+08   8.9531e+07   1798    899   884      0      0      0      0   0.028   0.011   0.000   0.040     0.378
    5          inf   5.7494e+08   5.4926e+08   1798   1027   122      0      0    128      0   0.033   0.011   0.001   0.044     0.422
    6          inf   5.7494e+08   8.0124e+08   2630   1027   486    838      6      0      0   0.074   0.006   0.000   0.082     0.504
    7          inf   5.7494e+08   1.5191e+09   3495   1038   343    865      0     11      0   0.079   0.006   0.000   0.087     0.591
    8          inf   5.7494e+08   1.2550e+09   4369   1097   110    874      0     59      0   0.092   0.006   0.001   0.101     0.692
    9          inf   5.7494e+08   1.0754e+09   5255   1129    77    886      0     32      0   0.126   0.006   0.000   0.134     0.826
   10          inf   5.7494e+08   5.7840e+08   6138   1154     0    883      0     25      0   0.212   0.005   0.001   0.220     1.046
   11          inf   5.7612e+08   5.7801e+08   6869   1134     0    879    148     10     30   0.179   0.005   0.001   0.191     1.236
   12          inf   5.7657e+08   5.7769e+08   7430   1150     0    866    305     17      1   0.177   0.005   0.001   0.188     1.425
   13          inf   5.7678e+08   5.7750e+08   7859   1162     0    855    426     14      2   0.204   0.005   0.001   0.216     1.641
   14          inf   5.7695e+08   5.7737e+08   8023   1150     0    823    659      4     16   0.200   0.005   0.001   0.213     1.854
   15          inf   5.7706e+08   5.7729e+08   7789   1144     0    799   1033      3      9   0.198   0.005   0.001   0.211     2.065
   16          inf   5.7708e+08   5.7723e+08   7460   1140     0    773   1102      6     10   0.189   0.005   0.001   0.202     2.266
   17          inf   5.7713e+08   5.7720e+08   7279   1134     0    724    905      6     12   0.183   0.005   0.001   0.195     2.461
   18          inf   5.7717e+08   5.7719e+08   6993   1132     0    584    870      4      6   0.164   0.005   0.001   0.176     2.637
   19          inf   5.7718e+08   5.7719e+08   6600   1126     0    463    856      1      7   0.200   0.006   0.001   0.212     2.850
   20          inf   5.7718e+08   5.7719e+08   6101   1127     0    276    775      4      3   0.208   0.005   0.001   0.219     3.069
   21          inf   5.7719e+08   5.7719e+08   5618   1125     0    122    605      1      3   0.167   0.005   0.001   0.177     3.246
   22   5.7719e+08   5.7719e+08   5.7719e+08   5618   1125     0    *14      0      0      0   0.169   0.006   0.001   0.176     3.422
CG optimal after 22 iterations. UB=577186509.980073 LB=577185823.685973 gap=6.863e+02 tol=5.772e+04  t_LP=3.187  t_PR=0.155  t_SP=0.016  t_Tot=3.431
[bounded-pricing] enabled=0 fired=0 priced=25172 rate=0.0%

# === STDOUT (result CSV) ===
Setting parameter 'LpMethod' to 2
Setting parameter 'GPUMode' to 2
Setting parameter 'Presolve' to 0
Setting parameter 'Crossover' to 0
instance,formulation,iterations,columns,objective,lower_bound,optimal,time,time_lp,time_pricing,time_separation
data/commalab/grid/grid12,tree,22,4719,577186509.980073,577185823.685973,1,3.450,3.187,0.155,0.016
