# cmd: /usr/bin/time -o /tmp/mcfcg_mem_k4dimt8a.txt -f %M build/mcfcg_cli data/commalab/grid/grid4 --solver copt --copt-gpu-mode 2 --formulation path --max-iters 10000 --time-limit 1800.0
# outcome: ok
# returncode: 0
# peak_rss_kb: 470348
# peak_rss_source: measured
# === STDERR (CG iteration log + preamble) ===
Instance: 100 vertices, 360 arcs, 100 commodities, 63 sources
Solver: copt (gpu-mode 2), formulation: path
Pricing threads: 32 (auto)
Slack mode: CommodityRows (struct=100, capped_arcs=360)
[lp-config] backend=copt version=8.0.1 method=barrier exec=GPU presolve=off crossover=off tol=0.0001 threads=n/a(GPU)
   It           UB           LB       LP_obj   #col   #row  #slk   +col   -col   +cut   -cut    t_LP    t_PR    t_SP   t_Tot     t_acc
    1          inf   3.0156e+06   5.4674e+05    200    100    97      0      0      0      0   0.238   0.000   0.000   0.239     0.239
    2          inf   3.0156e+06   2.9899e+06    200    120     7      0      0     20      0   0.020   0.000   0.000   0.020     0.259
    3          inf   3.0156e+06   3.2758e+06    252    126    24     52      0      6      0   0.027   0.000   0.000   0.027     0.286
    4          inf   3.0156e+06   4.2849e+06    287    130    13     35      0      4      0   0.035   0.000   0.000   0.035     0.322
    5          inf   3.0156e+06   3.0337e+06    319    134     1     32      0      4      0   0.033   0.000   0.000   0.033     0.355
    6          inf   3.0305e+06   3.0324e+06    328    138     0      9      0      4      0   0.038   0.000   0.000   0.038     0.392
    7   3.0319e+06   3.0313e+06   3.0319e+06    337    138     0      9      0      0      0   0.035   0.000   0.000   0.036     0.428
    8   3.0317e+06   3.0317e+06   3.0317e+06    337    138     0     *0      0      0      0   0.035   0.000   0.000   0.036     0.464
CG optimal after 8 iterations. UB=3031695.001622 LB=3031691.506784 gap=3.495e+00 tol=3.032e+02  t_LP=0.462  t_PR=0.002  t_SP=0.000  t_Tot=0.465
[bounded-pricing] enabled=0 fired=0 priced=756 rate=0.0%

# === STDOUT (result CSV) ===
Setting parameter 'LpMethod' to 2
Setting parameter 'GPUMode' to 2
Setting parameter 'Presolve' to 0
Setting parameter 'Crossover' to 0
instance,formulation,iterations,columns,objective,lower_bound,optimal,time,time_lp,time_pricing,time_separation
data/commalab/grid/grid4,path,8,237,3031695.001622,3031691.506784,1,0.475,0.462,0.002,0.000
