# cmd: /usr/bin/time -o /tmp/mcfcg_mem_ypmhe08n.txt -f %M build/mcfcg_cli data/commalab/grid/grid5 --solver copt --copt-gpu-mode 2 --formulation path --max-iters 10000 --time-limit 1800.0
# outcome: ok
# returncode: 0
# peak_rss_kb: 468528
# peak_rss_source: measured
# === STDERR (CG iteration log + preamble) ===
Instance: 225 vertices, 840 arcs, 100 commodities, 83 sources
Solver: copt (gpu-mode 2), formulation: path
Pricing threads: 32 (auto)
Slack mode: CommodityRows (struct=100, capped_arcs=840)
[lp-config] backend=copt version=8.0.1 method=barrier exec=GPU presolve=off crossover=off tol=0.0001 threads=n/a(GPU)
   It           UB           LB       LP_obj   #col   #row  #slk   +col   -col   +cut   -cut    t_LP    t_PR    t_SP   t_Tot     t_acc
    1          inf   5.0295e+06   5.5950e+05    200    100   100      0      0      0      0   0.337   0.000   0.000   0.338     0.338
    2          inf   5.0295e+06   4.3345e+06    200    107    35      0      0      7      0   0.150   0.000   0.000   0.150     0.488
    3          inf   5.0295e+06   7.3488e+06    225    123    19     25      0     16      0   0.157   0.000   0.000   0.157     0.645
    4          inf   5.0295e+06   9.2773e+06    267    133    22     42      0     10      0   0.158   0.000   0.000   0.158     0.804
    5          inf   5.0295e+06   6.4630e+06    305    147     8     38      0     14      0   0.160   0.001   0.000   0.161     0.965
    6          inf   5.0295e+06   5.0550e+06    340    152     2     36      1      5      0   0.164   0.000   0.000   0.164     1.129
    7          inf   5.0439e+06   5.0505e+06    361    154     0     21      0      2      0   0.167   0.000   0.000   0.167     1.296
    8   5.0499e+06   5.0488e+06   5.0499e+06    372    154     0     14      3      0      0   0.171   0.000   0.000   0.172     1.468
    9   5.0499e+06   5.0494e+06   5.0497e+06    372    155     0     *3      0      1      0   0.172   0.000   0.000   0.173     1.641
CG optimal after 9 iterations. UB=5049865.000001 LB=5049438.181600 gap=4.268e+02 tol=5.050e+02  t_LP=1.636  t_PR=0.004  t_SP=0.001  t_Tot=1.642
[bounded-pricing] enabled=0 cut=0 priced=996 rate=0.0%

# === STDOUT (result CSV) ===
Setting parameter 'LpMethod' to 2
Setting parameter 'GPUMode' to 2
Setting parameter 'Presolve' to 0
Setting parameter 'Crossover' to 0
instance,formulation,iterations,columns,objective,lower_bound,optimal,time,time_lp,time_pricing,time_separation
data/commalab/grid/grid5,path,9,272,5049865.000001,5049438.181600,1,1.661,1.636,0.004,0.001
