# cmd: /usr/bin/time -o /tmp/mcfcg_mem_ytrw2ylt.txt -f %M build/mcfcg_cli data/commalab/grid/grid13 --solver copt --copt-gpu-mode 2 --formulation tree --max-iters 10000 --time-limit 1800.0
# outcome: ok
# returncode: 0
# peak_rss_kb: 573408
# peak_rss_source: measured
# === STDERR (CG iteration log + preamble) ===
Instance: 900 vertices, 3480 arcs, 12000 commodities, 900 sources
Solver: copt (gpu-mode 2), formulation: tree
Pricing threads: 32 (auto)
Slack mode: CommodityRows (struct=900, capped_arcs=3480)
[lp-config] backend=copt version=8.0.1 method=barrier exec=GPU presolve=off crossover=off tol=0.0001 threads=n/a(GPU)
   It           UB           LB       LP_obj   #col   #row  #slk   +col   -col   +cut   -cut    t_LP    t_PR    t_SP   t_Tot     t_acc
    1          inf   1.1535e+09   9.0000e+04   1800    900   900      0      0      0      0   0.251   0.012   0.000   0.264     0.264
    2          inf   1.1535e+09   9.0000e+05   1800    900   900      0      0      0      0   0.032   0.011   0.000   0.043     0.307
    3          inf   1.1535e+09   9.0000e+06   1800    900   900      0      0      0      0   0.029   0.011   0.000   0.040     0.347
    4          inf   1.1535e+09   9.0000e+07   1800    900   900      0      0      0      0   0.027   0.011   0.000   0.038     0.386
    5          inf   1.1535e+09   8.3935e+08   1800    900   628      0      0      0      0   0.033   0.012   0.000   0.045     0.431
    6          inf   1.1535e+09   1.1535e+09   1800   1187     0      0      0    287      0   0.036   0.012   0.001   0.049     0.480
    7          inf   1.1535e+09   3.4211e+09   2693   1187   535    893      0      0      0   0.136   0.007   0.000   0.145     0.626
    8          inf   1.1535e+09   5.8399e+09   3590   1191   480    897      0      4      0   0.189   0.006   0.000   0.199     0.824
    9          inf   1.1535e+09   1.3450e+10   4490   1204   280    900      0     13      0   0.201   0.006   0.000   0.212     1.036
   10          inf   1.1535e+09   1.2688e+10   5390   1237   127    900      0     33      0   0.240   0.006   0.001   0.251     1.287
   11          inf   1.1535e+09   5.5738e+09   6290   1282    54    900      0     45      0   0.311   0.006   0.001   0.322     1.609
   12          inf   1.1535e+09   1.1630e+09   6929   1196     0    900    261     22    108   0.451   0.006   0.001   0.468     2.077
   13          inf   1.1554e+09   1.1620e+09   7399   1207     0    900    430     12      1   0.320   0.006   0.001   0.337     2.414
   14          inf   1.1571e+09   1.1613e+09   7841   1220     0    900    458     15      2   0.328   0.007   0.001   0.347     2.761
   15          inf   1.1571e+09   1.1607e+09   8185   1225     0    900    556      7      2   0.315   0.006   0.002   0.335     3.096
   16          inf   1.1579e+09   1.1604e+09   8389   1228     0    899    695      9      6   0.350   0.006   0.002   0.370     3.466
   17          inf   1.1584e+09   1.1600e+09   8226   1218     0    900   1063      3     13   0.338   0.006   0.002   0.359     3.825
   18          inf   1.1586e+09   1.1598e+09   7979   1206     0    898   1145      9     21   0.343   0.006   0.002   0.363     4.187
   19          inf   1.1588e+09   1.1596e+09   7954   1205     0    896    921      8      9   0.324   0.005   0.002   0.343     4.530
   20          inf   1.1590e+09   1.1595e+09   8008   1202     0    896    842      2      5   0.357   0.006   0.002   0.376     4.906
   21          inf   1.1590e+09   1.1594e+09   7979   1201     0    894    923      1      2   0.338   0.006   0.002   0.358     5.265
   22          inf   1.1591e+09   1.1594e+09   7986   1198     0    890    883      3      6   0.341   0.006   0.002   0.362     5.626
   23          inf   1.1592e+09   1.1594e+09   8008   1194     0    884    862      2      6   0.353   0.006   0.002   0.373     5.999
   24          inf   1.1593e+09   1.1593e+09   7987   1191     0    872    893      4      7   0.342   0.006   0.002   0.361     6.360
   25          inf   1.1593e+09   1.1593e+09   7917   1190     0    856    926      2      3   0.334   0.006   0.002   0.353     6.713
   26          inf   1.1593e+09   1.1593e+09   7945   1190     0    854    826      3      3   0.349   0.006   0.002   0.369     7.082
   27   1.1593e+09   1.1593e+09   1.1593e+09   7945   1190     0   *829      0      0      0   0.359   0.006   0.002   0.367     7.448
CG optimal after 27 iterations. UB=1159321656.055759 LB=1159314081.840403 gap=7.574e+03 tol=1.159e+05  t_LP=7.028  t_PR=0.206  t_SP=0.033  t_Tot=7.459
[bounded-pricing] enabled=0 fired=0 priced=30600 rate=0.0%

# === STDOUT (result CSV) ===
Setting parameter 'LpMethod' to 2
Setting parameter 'GPUMode' to 2
Setting parameter 'Presolve' to 0
Setting parameter 'Crossover' to 0
instance,formulation,iterations,columns,objective,lower_bound,optimal,time,time_lp,time_pricing,time_separation
data/commalab/grid/grid13,tree,27,7045,1159321656.055759,1159314081.840403,1,7.480,7.028,0.206,0.033
