# cmd: /usr/bin/time -o /tmp/mcfcg_mem_sqann65g.txt -f %M build/mcfcg_cli data/commalab/grid/grid9 --solver copt --copt-gpu-mode 2 --formulation tree --max-iters 10000 --time-limit 1800.0
# outcome: ok
# returncode: 0
# peak_rss_kb: 523744
# peak_rss_source: measured
# === STDERR (CG iteration log + preamble) ===
Instance: 625 vertices, 2400 arcs, 1000 commodities, 495 sources
Solver: copt (gpu-mode 2), formulation: tree
Pricing threads: 32 (auto)
Slack mode: CommodityRows (struct=495, capped_arcs=2400)
[lp-config] backend=copt version=8.0.1 method=barrier exec=GPU presolve=off crossover=off tol=0.0001 threads=n/a(GPU)
   It           UB           LB       LP_obj   #col   #row  #slk   +col   -col   +cut   -cut    t_LP    t_PR    t_SP   t_Tot     t_acc
    1          inf   8.1702e+07   4.9500e+04    990    495   495      0      0      0      0   0.347   0.003   0.000   0.351     0.351
    2          inf   8.1702e+07   4.9500e+05    990    495   495      0      0      0      0   0.160   0.003   0.000   0.163     0.514
    3          inf   8.1702e+07   4.9481e+06    990    495   493      0      0      0      0   0.154   0.003   0.000   0.157     0.672
    4          inf   8.1702e+07   4.1744e+07    990    495   314      0      0      0      0   0.153   0.003   0.000   0.157     0.828
    5          inf   8.1702e+07   8.1702e+07    990    822     0      0      0    327      0   0.156   0.003   0.000   0.160     0.988
    6          inf   8.1702e+07   1.7605e+08   1392    822   253    402      0      0      0   0.198   0.002   0.000   0.201     1.189
    7          inf   8.1702e+07   5.2113e+08   1810    826   224    418      0      4      0   0.216   0.002   0.000   0.219     1.407
    8          inf   8.1702e+07   6.8576e+08   2243    881   143    433      0     55      0   0.221   0.002   0.000   0.224     1.631
    9          inf   8.1702e+07   6.2611e+08   2683    918   109    440      0     37      0   0.244   0.002   0.000   0.246     1.878
   10          inf   8.1702e+07   1.4245e+08   3114    984    26    431      0     66      0   0.287   0.002   0.000   0.289     2.167
   11          inf   8.1702e+07   8.2942e+07   3457    921     0    430     87     24     87   0.332   0.002   0.000   0.336     2.503
   12          inf   8.2258e+07   8.2834e+07   3713    949     0    403    147     28      0   0.299   0.002   0.000   0.302     2.806
   13          inf   8.2328e+07   8.2789e+07   3958    953     0    389    144      8      4   0.302   0.002   0.000   0.305     3.111
   14          inf   8.2453e+07   8.2747e+07   4124    963     0    374    208     19      9   0.307   0.002   0.001   0.311     3.422
   15          inf   8.2517e+07   8.2717e+07   4174    969     0    343    293     15      9   0.300   0.002   0.000   0.304     3.726
   16          inf   8.2545e+07   8.2697e+07   4010    953     0    349    513      9     25   0.296   0.002   0.000   0.300     4.026
   17          inf   8.2566e+07   8.2680e+07   3877    952     0    321    454     11     12   0.307   0.002   0.000   0.311     4.336
   18          inf   8.2608e+07   8.2671e+07   3803    947     0    290    364      5     10   0.309   0.002   0.000   0.313     4.649
   19          inf   8.2621e+07   8.2664e+07   3691    947     0    270    382      6      6   0.310   0.002   0.000   0.314     4.964
   20          inf   8.2623e+07   8.2659e+07   3612    950     0    259    338      6      3   0.317   0.002   0.000   0.321     5.285
   21          inf   8.2639e+07   8.2656e+07   3529    948     0    219    302      3      5   0.299   0.002   0.000   0.303     5.588
   22          inf   8.2645e+07   8.2655e+07   3389    943     0    194    334      3      8   0.325   0.002   0.000   0.329     5.917
   23   8.2654e+07   8.2648e+07   8.2654e+07   3389    943     0   *200      0      0      0   0.316   0.002   0.000   0.318     6.235
CG optimal after 23 iterations. UB=82653567.106535 LB=82647818.362394 gap=5.749e+03 tol=8.265e+03  t_LP=6.154  t_PR=0.053  t_SP=0.008  t_Tot=6.242
[bounded-pricing] enabled=0 cut=0 priced=14355 rate=0.0%

# === STDOUT (result CSV) ===
Setting parameter 'LpMethod' to 2
Setting parameter 'GPUMode' to 2
Setting parameter 'Presolve' to 0
Setting parameter 'Crossover' to 0
instance,formulation,iterations,columns,objective,lower_bound,optimal,time,time_lp,time_pricing,time_separation
data/commalab/grid/grid9,tree,23,2894,82653567.106535,82647818.362394,1,6.264,6.154,0.053,0.008
