# cmd: /usr/bin/time -o /tmp/mcfcg_mem_il80fwxl.txt -f %M build/mcfcg_cli data/commalab/grid/grid9 --solver copt --copt-gpu-mode 2 --formulation path --max-iters 10000 --time-limit 1800.0
# outcome: ok
# returncode: 0
# peak_rss_kb: 499184
# peak_rss_source: measured
# === STDERR (CG iteration log + preamble) ===
Instance: 625 vertices, 2400 arcs, 1000 commodities, 495 sources
Solver: copt (gpu-mode 2), formulation: path
Pricing threads: 32 (auto)
Slack mode: CommodityRows (struct=1000, capped_arcs=2400)
[lp-config] backend=copt version=8.0.1 method=barrier exec=GPU presolve=off crossover=off tol=0.0001 threads=n/a(GPU)
   It           UB           LB       LP_obj   #col   #row  #slk   +col   -col   +cut   -cut    t_LP    t_PR    t_SP   t_Tot     t_acc
    1          inf   8.1702e+07   5.6336e+06   2000   1000   997      0      0      0      0   0.239   0.003   0.000   0.242     0.242
    2          inf   8.1702e+07   5.0596e+07   2000   1000   710      0      0      0      0   0.025   0.003   0.000   0.028     0.270
    3          inf   8.1702e+07   8.1702e+07   2000   1327     0      0      0    327      0   0.022   0.003   0.000   0.025     0.296
    4          inf   8.1702e+07   2.0615e+08   2742   1327   393    742      0      0      0   0.091   0.002   0.000   0.094     0.389
    5          inf   8.1702e+07   5.0315e+08   3504   1354   313    762      0     27      0   0.103   0.001   0.000   0.106     0.495
    6          inf   8.1702e+07   4.4585e+08   4262   1406   199    758      0     52      0   0.116   0.002   0.000   0.119     0.614
    7          inf   8.1702e+07   1.1838e+08   5018   1473    54    756      0     67      0   0.174   0.002   0.000   0.176     0.790
    8          inf   8.1723e+07   8.2884e+07   5740   1519     1    722      0     46      0   0.237   0.001   0.000   0.239     1.030
    9          inf   8.2350e+07   8.2784e+07   6257   1469     0    621    104     22     72   0.215   0.002   0.000   0.219     1.248
   10          inf   8.2502e+07   8.2725e+07   6585   1488     0    551    223     20      1   0.177   0.002   0.000   0.181     1.429
   11          inf   8.2550e+07   8.2690e+07   6716   1504     0    489    358     22      6   0.191   0.002   0.000   0.195     1.624
   12          inf   8.2595e+07   8.2675e+07   6664   1500     0    411    463      8     12   0.204   0.002   0.000   0.208     1.832
   13          inf   8.2618e+07   8.2662e+07   6179   1487     0    340    825      7     20   0.200   0.002   0.000   0.204     2.036
   14          inf   8.2634e+07   8.2657e+07   5697   1472     0    272    754      5     20   0.178   0.002   0.000   0.182     2.218
   15          inf   8.2644e+07   8.2655e+07   5324   1458     0    189    562      1     15   0.176   0.002   0.000   0.180     2.398
   16          inf   8.2650e+07   8.2653e+07   4980   1453     0    109    453      3      8   0.195   0.002   0.000   0.199     2.596
   17          inf   8.2652e+07   8.2653e+07   4716   1442     0     77    341      1     12   0.187   0.002   0.000   0.191     2.787
   18   8.2653e+07   8.2653e+07   8.2653e+07   4716   1442     0    *35      0      0      0   0.194   0.002   0.000   0.196     2.983
CG optimal after 18 iterations. UB=82653006.170044 LB=82652606.585540 gap=3.996e+02 tol=8.265e+03  t_LP=2.923  t_PR=0.036  t_SP=0.006  t_Tot=2.987
[bounded-pricing] enabled=0 fired=0 priced=10890 rate=0.0%

# === STDOUT (result CSV) ===
Setting parameter 'LpMethod' to 2
Setting parameter 'GPUMode' to 2
Setting parameter 'Presolve' to 0
Setting parameter 'Crossover' to 0
instance,formulation,iterations,columns,objective,lower_bound,optimal,time,time_lp,time_pricing,time_separation
data/commalab/grid/grid9,path,18,3716,82653006.170044,82652606.585540,1,3.001,2.923,0.036,0.006
