# cmd: /usr/bin/time -o /tmp/mcfcg_mem_ycnnh4lw.txt -f %M build/mcfcg_cli data/commalab/grid/grid8 --solver copt --copt-gpu-mode 2 --formulation path --max-iters 10000 --time-limit 1800.0
# outcome: ok
# returncode: 0
# peak_rss_kb: 490488
# peak_rss_source: measured
# === STDERR (CG iteration log + preamble) ===
Instance: 625 vertices, 2400 arcs, 500 commodities, 343 sources
Solver: copt (gpu-mode 2), formulation: path
Pricing threads: 32 (auto)
Slack mode: CommodityRows (struct=500, capped_arcs=2400)
[lp-config] backend=copt version=8.0.1 method=barrier exec=GPU presolve=off crossover=off tol=0.0001 threads=n/a(GPU)
   It           UB           LB       LP_obj   #col   #row  #slk   +col   -col   +cut   -cut    t_LP    t_PR    t_SP   t_Tot     t_acc
    1          inf   4.1328e+07   2.7778e+06   1000    500   499      0      0      0      0   0.342   0.004   0.000   0.346     0.346
    2          inf   4.1328e+07   2.5136e+07   1000    500   349      0      0      0      0   0.154   0.003   0.000   0.157     0.502
    3          inf   4.1328e+07   4.1328e+07   1000    776     0      0      0    276      0   0.146   0.003   0.000   0.149     0.652
    4          inf   4.1328e+07   1.0076e+08   1369    776   208    369      0      0      0   0.191   0.002   0.000   0.194     0.845
    5          inf   4.1328e+07   2.3437e+08   1721    799   176    352      0     23      0   0.197   0.001   0.000   0.199     1.044
    6          inf   4.1328e+07   1.6668e+08   2092    847    92    371      0     48      0   0.214   0.001   0.000   0.217     1.261
    7          inf   4.1328e+07   5.5419e+07   2460    908    23    368      0     61      0   0.244   0.002   0.000   0.247     1.508
    8          inf   4.1384e+07   4.1799e+07   2791    932     0    331      0     24      0   0.276   0.001   0.000   0.278     1.786
    9          inf   4.1620e+07   4.1763e+07   3016    858     0    268     43      9     83   0.274   0.001   0.000   0.276     2.062
   10          inf   4.1640e+07   4.1740e+07   3160    877     0    249    105     19      0   0.250   0.001   0.000   0.253     2.315
   11          inf   4.1662e+07   4.1728e+07   3264    880     0    214    110      7      4   0.253   0.001   0.000   0.256     2.571
   12          inf   4.1680e+07   4.1720e+07   3193    874     0    173    244      3      9   0.252   0.001   0.000   0.255     2.825
   13          inf   4.1694e+07   4.1715e+07   2952    852     0    153    394      3     25   0.266   0.001   0.000   0.269     3.095
   14          inf   4.1705e+07   4.1713e+07   2718    841     0     95    329      4     15   0.258   0.001   0.000   0.260     3.355
   15          inf   4.1707e+07   4.1711e+07   2568    835     0     73    223      3      9   0.266   0.001   0.000   0.268     3.623
   16          inf   4.1711e+07   4.1711e+07   2386    822     0     28    210      3     16   0.253   0.001   0.000   0.255     3.878
   17          inf   4.1711e+07   4.1711e+07   2220    819     0     28    194      2      5   0.259   0.001   0.000   0.261     4.139
   18          inf   4.1711e+07   4.1711e+07   2086    815     0      7    141      1      5   0.243   0.001   0.000   0.245     4.384
   19   4.1711e+07   4.1711e+07   4.1711e+07   2086    815     0     *7      0      0      0   0.243   0.001   0.000   0.244     4.628
CG optimal after 19 iterations. UB=41711150.726328 LB=41711067.970168 gap=8.276e+01 tol=4.171e+03  t_LP=4.580  t_PR=0.038  t_SP=0.005  t_Tot=4.637
[bounded-pricing] enabled=0 cut=0 priced=7889 rate=0.0%

# === STDOUT (result CSV) ===
Setting parameter 'LpMethod' to 2
Setting parameter 'GPUMode' to 2
Setting parameter 'Presolve' to 0
Setting parameter 'Crossover' to 0
instance,formulation,iterations,columns,objective,lower_bound,optimal,time,time_lp,time_pricing,time_separation
data/commalab/grid/grid8,path,19,1586,41711150.726328,41711067.970168,1,4.657,4.580,0.038,0.005
