# cmd: /usr/bin/time -o /tmp/mcfcg_mem_bhhf_glv.txt -f %M build/mcfcg_cli data/commalab/grid/grid6 --solver copt --copt-gpu-mode 2 --formulation path --max-iters 10000 --time-limit 1800.0
# outcome: ok
# returncode: 0
# peak_rss_kb: 472932
# peak_rss_source: measured
# === STDERR (CG iteration log + preamble) ===
Instance: 225 vertices, 840 arcs, 200 commodities, 135 sources
Solver: copt (gpu-mode 2), formulation: path
Pricing threads: 32 (auto)
Slack mode: CommodityRows (struct=200, capped_arcs=840)
[lp-config] backend=copt version=8.0.1 method=barrier exec=GPU presolve=off crossover=off tol=0.0001 threads=n/a(GPU)
   It           UB           LB       LP_obj   #col   #row  #slk   +col   -col   +cut   -cut    t_LP    t_PR    t_SP   t_Tot     t_acc
    1          inf   1.0284e+07   1.1258e+06    400    200   198      0      0      0      0   0.340   0.000   0.000   0.341     0.341
    2          inf   1.0284e+07   8.7504e+06    400    213    82      0      0     13      0   0.152   0.001   0.000   0.153     0.493
    3          inf   1.0284e+07   1.7843e+07    481    270    56     81      0     57      0   0.155   0.000   0.000   0.155     0.649
    4          inf   1.0284e+07   2.8483e+07    611    289    72    130      0     19      0   0.168   0.000   0.000   0.169     0.818
    5          inf   1.0284e+07   2.1995e+07    740    314    40    129      0     25      0   0.168   0.000   0.000   0.169     0.987
    6          inf   1.0284e+07   1.1928e+07    870    335     8    134      4     21      0   0.179   0.000   0.000   0.180     1.167
    7          inf   1.0301e+07   1.0423e+07    983    355     0    113      0     20      0   0.192   0.000   0.000   0.193     1.360
    8          inf   1.0368e+07   1.0413e+07   1069    356     0     94      8      1      0   0.199   0.000   0.000   0.199     1.559
    9          inf   1.0390e+07   1.0406e+07   1110    360     0     61     20     10      6   0.195   0.001   0.000   0.197     1.756
   10          inf   1.0394e+07   1.0403e+07   1115    364     0     43     38      5      1   0.200   0.000   0.000   0.201     1.957
   11          inf   1.0397e+07   1.0402e+07   1078    358     0     34     71      1      7   0.201   0.000   0.000   0.202     2.158
   12   1.0402e+07   1.0401e+07   1.0402e+07    974    350     0     12    116      0      8   0.201   0.000   0.000   0.202     2.360
   13   1.0402e+07   1.0402e+07   1.0402e+07    974    350     0     *7      0      0      0   0.196   0.000   0.000   0.196     2.557
CG optimal after 13 iterations. UB=10401770.929588 LB=10401605.364911 gap=1.656e+02 tol=1.040e+03  t_LP=2.547  t_PR=0.005  t_SP=0.002  t_Tot=2.558
[bounded-pricing] enabled=0 cut=0 priced=2160 rate=0.0%

# === STDOUT (result CSV) ===
Setting parameter 'LpMethod' to 2
Setting parameter 'GPUMode' to 2
Setting parameter 'Presolve' to 0
Setting parameter 'Crossover' to 0
instance,formulation,iterations,columns,objective,lower_bound,optimal,time,time_lp,time_pricing,time_separation
data/commalab/grid/grid6,path,13,774,10401770.929588,10401605.364911,1,2.574,2.547,0.005,0.002
