# cmd: /usr/bin/time -o /tmp/mcfcg_mem_g1z7ev9c.txt -f %M build/mcfcg_cli data/commalab/grid/grid15 --solver copt --copt-gpu-mode 2 --formulation tree --max-iters 10000 --time-limit 1800.0
# outcome: ok
# returncode: 0
# peak_rss_kb: 664528
# peak_rss_source: measured
# === STDERR (CG iteration log + preamble) ===
Instance: 1225 vertices, 4760 arcs, 32000 commodities, 1225 sources
Solver: copt (gpu-mode 2), formulation: tree
Pricing threads: 32 (auto)
Slack mode: CommodityRows (struct=1225, capped_arcs=4760)
[lp-config] backend=copt version=8.0.1 method=barrier exec=GPU presolve=off crossover=off tol=0.0001 threads=n/a(GPU)
   It           UB           LB       LP_obj   #col   #row  #slk   +col   -col   +cut   -cut    t_LP    t_PR    t_SP   t_Tot     t_acc
    1          inf   3.5815e+09   1.2250e+05   2450   1225  1225      0      0      0      0   0.253   0.024   0.001   0.278     0.278
    2          inf   3.5815e+09   1.2250e+06   2450   1225  1225      0      0      0      0   0.034   0.026   0.001   0.061     0.339
    3          inf   3.5815e+09   1.2250e+07   2450   1225  1225      0      0      0      0   0.030   0.027   0.001   0.057     0.396
    4          inf   3.5815e+09   1.2250e+08   2450   1225  1225      0      0      0      0   0.030   0.025   0.001   0.055     0.451
    5          inf   3.5815e+09   1.2248e+09   2450   1225  1223      0      0      0      0   0.035   0.024   0.001   0.059     0.511
    6          inf   3.5815e+09   3.5815e+09   2450   1483     0      0      0    258      0   0.033   0.024   0.002   0.060     0.570
    7          inf   3.5815e+09   7.2061e+09   3675   1483   561   1225      0      0      0   0.166   0.013   0.001   0.186     0.757
    8          inf   3.5815e+09   1.0864e+10   4900   1484   606   1225      0      1      0   0.252   0.013   0.001   0.273     1.030
    9          inf   3.5815e+09   2.2924e+10   6125   1496   294   1225      0     12      0   0.315   0.013   0.002   0.338     1.368
   10          inf   3.5815e+09   2.1194e+10   7350   1509   189   1225      0     13      0   0.373   0.014   0.001   0.396     1.764
   11          inf   3.5815e+09   8.4827e+09   8575   1528    52   1225      0     19      0   0.444   0.013   0.001   0.468     2.232
   12          inf   3.5815e+09   3.6020e+09   9585   1429     0   1225    215     21    120   0.633   0.013   0.003   0.670     2.902
   13          inf   3.5853e+09   3.5994e+09  10229   1440     0   1225    581     14      3   0.373   0.013   0.003   0.408     3.310
   14          inf   3.5884e+09   3.5977e+09  10706   1456     0   1225    748     17      1   0.364   0.013   0.004   0.401     3.711
   15          inf   3.5884e+09   3.5969e+09  11080   1458     0   1225    851      6      4   0.416   0.013   0.004   0.456     4.166
   16          inf   3.5905e+09   3.5961e+09  11306   1457     0   1225    999      3      4   0.431   0.012   0.004   0.469     4.636
   17          inf   3.5915e+09   3.5954e+09  11028   1452     0   1225   1503      3      8   0.473   0.013   0.004   0.514     5.150
   18          inf   3.5919e+09   3.5949e+09  10688   1446     0   1225   1565      6     12   0.450   0.012   0.004   0.489     5.638
   19          inf   3.5919e+09   3.5944e+09  10698   1436     0   1224   1214      3     13   0.436   0.012   0.003   0.476     6.114
   20          inf   3.5922e+09   3.5941e+09  10757   1437     0   1223   1164      4      3   0.384   0.012   0.004   0.422     6.536
   21          inf   3.5928e+09   3.5939e+09  10667   1437     0   1220   1310      4      4   0.451   0.013   0.004   0.490     7.026
   22          inf   3.5930e+09   3.5938e+09  10669   1434     0   1222   1220      1      4   0.438   0.013   0.003   0.478     7.504
   23          inf   3.5931e+09   3.5937e+09  10685   1433     0   1216   1200      3      4   0.440   0.013   0.004   0.479     7.982
   24          inf   3.5932e+09   3.5936e+09  10740   1434     0   1210   1155      2      1   0.411   0.012   0.003   0.449     8.431
   25          inf   3.5934e+09   3.5936e+09  10693   1432     0   1199   1246      1      3   0.409   0.012   0.004   0.447     8.878
   26          inf   3.5934e+09   3.5935e+09  10665   1431     0   1188   1216      2      3   0.445   0.012   0.004   0.484     9.362
   27   3.5935e+09   3.5935e+09   3.5935e+09  10665   1431     0  *1193      0      0      0   0.394   0.011   0.003   0.409     9.771
CG optimal after 27 iterations. UB=3593529302.234952 LB=3593482228.808879 gap=4.707e+04 tol=3.594e+05  t_LP=8.912  t_PR=0.436  t_SP=0.069  t_Tot=9.794
[bounded-pricing] enabled=0 fired=0 priced=41650 rate=0.0%

# === STDOUT (result CSV) ===
Setting parameter 'LpMethod' to 2
Setting parameter 'GPUMode' to 2
Setting parameter 'Presolve' to 0
Setting parameter 'Crossover' to 0
instance,formulation,iterations,columns,objective,lower_bound,optimal,time,time_lp,time_pricing,time_separation
data/commalab/grid/grid15,tree,27,9440,3593529302.234952,3593482228.808879,1,9.825,8.912,0.436,0.069
