# cmd: /usr/bin/time -o /tmp/mcfcg_mem_s04lxf55.txt -f %M build/mcfcg_cli data/commalab/grid/grid11 --solver copt --copt-gpu-mode 2 --formulation tree --max-iters 10000 --time-limit 1800.0
# outcome: ok
# returncode: 0
# peak_rss_kb: 504496
# peak_rss_source: measured
# === STDERR (CG iteration log + preamble) ===
Instance: 625 vertices, 2400 arcs, 4000 commodities, 625 sources
Solver: copt (gpu-mode 2), formulation: tree
Pricing threads: 32 (auto)
Slack mode: CommodityRows (struct=625, capped_arcs=2400)
[lp-config] backend=copt version=8.0.1 method=barrier exec=GPU presolve=off crossover=off tol=0.0001 threads=n/a(GPU)
   It           UB           LB       LP_obj   #col   #row  #slk   +col   -col   +cut   -cut    t_LP    t_PR    t_SP   t_Tot     t_acc
    1          inf   3.2684e+08   6.2500e+04   1250    625   625      0      0      0      0   0.248   0.005   0.000   0.254     0.254
    2          inf   3.2684e+08   6.2500e+05   1250    625   625      0      0      0      0   0.029   0.005   0.000   0.035     0.288
    3          inf   3.2684e+08   6.2500e+06   1250    625   625      0      0      0      0   0.028   0.005   0.000   0.033     0.321
    4          inf   3.2684e+08   6.2161e+07   1250    625   613      0      0      0      0   0.029   0.005   0.000   0.035     0.356
    5          inf   3.2684e+08   3.2192e+08   1250    817    31      0      0    192      0   0.030   0.005   0.000   0.036     0.392
    6          inf   3.2684e+08   4.3436e+08   1849    817   305    599      0      0      0   0.076   0.003   0.000   0.080     0.472
    7          inf   3.2684e+08   1.1206e+09   2453    819   310    604      0      2      0   0.094   0.003   0.000   0.098     0.570
    8          inf   3.2684e+08   1.3957e+09   3069    841   167    616      0     22      0   0.096   0.002   0.000   0.100     0.670
    9          inf   3.2684e+08   1.0416e+09   3689    863   103    620      0     22      0   0.113   0.003   0.000   0.117     0.787
   10          inf   3.2684e+08   4.0967e+08   4309    921    12    620      0     58      0   0.156   0.003   0.001   0.161     0.948
   11          inf   3.2684e+08   3.3056e+08   4840    889     0    620     89     11     43   0.211   0.003   0.001   0.217     1.165
   12          inf   3.2802e+08   3.3010e+08   5088    907     0    610    362     19      1   0.148   0.003   0.001   0.154     1.319
   13          inf   3.2844e+08   3.2985e+08   5426    916     0    604    266     10      1   0.157   0.003   0.001   0.164     1.483
   14          inf   3.2867e+08   3.2967e+08   5659    923     0    596    363     10      3   0.184   0.003   0.001   0.191     1.674
   15          inf   3.2875e+08   3.2953e+08   5783    927     0    597    473      9      5   0.175   0.003   0.001   0.182     1.856
   16          inf   3.2891e+08   3.2944e+08   5614    920     0    585    754     13     20   0.171   0.003   0.001   0.178     2.035
   17          inf   3.2907e+08   3.2939e+08   5415    914     0    575    774      5     11   0.173   0.003   0.001   0.180     2.215
   18          inf   3.2909e+08   3.2933e+08   5410    911     0    577    582      3      6   0.169   0.002   0.001   0.177     2.392
   19          inf   3.2914e+08   3.2930e+08   5366    912     0    566    610      4      3   0.186   0.002   0.001   0.193     2.586
   20          inf   3.2919e+08   3.2929e+08   5318    913     0    525    573      5      4   0.195   0.002   0.001   0.202     2.787
   21          inf   3.2921e+08   3.2927e+08   5256    910     0    509    571      1      4   0.185   0.002   0.001   0.192     2.979
   22          inf   3.2923e+08   3.2927e+08   5180    906     0    514    590      4      8   0.173   0.003   0.001   0.180     3.159
   23          inf   3.2925e+08   3.2926e+08   5099    906     0    442    523      3      3   0.165   0.003   0.001   0.173     3.331
   24          inf   3.2925e+08   3.2926e+08   5034    903     0    452    517      1      4   0.182   0.003   0.001   0.190     3.521
   25          inf   3.2926e+08   3.2926e+08   4916    904     0    332    450      3      2   0.184   0.002   0.001   0.191     3.711
   26   3.2926e+08   3.2926e+08   3.2926e+08   4916    904     0   *193      0      0      0   0.185   0.002   0.001   0.188     3.900
CG optimal after 26 iterations. UB=329258294.757416 LB=329257871.032688 gap=4.237e+02 tol=3.293e+04  t_LP=3.742  t_PR=0.084  t_SP=0.014  t_Tot=3.905
[bounded-pricing] enabled=0 fired=0 priced=20000 rate=0.0%

# === STDOUT (result CSV) ===
Setting parameter 'LpMethod' to 2
Setting parameter 'GPUMode' to 2
Setting parameter 'Presolve' to 0
Setting parameter 'Crossover' to 0
instance,formulation,iterations,columns,objective,lower_bound,optimal,time,time_lp,time_pricing,time_separation
data/commalab/grid/grid11,tree,26,4291,329258294.757416,329257871.032688,1,3.920,3.742,0.084,0.014
