# cmd: /usr/bin/time -o /tmp/mcfcg_mem_57oc66hl.txt -f %M build/mcfcg_cli data/commalab/grid/grid2 --solver copt --copt-gpu-mode 2 --formulation path --max-iters 10000 --time-limit 1800.0
# outcome: ok
# returncode: 0
# peak_rss_kb: 469660
# peak_rss_source: measured
# === STDERR (CG iteration log + preamble) ===
Instance: 25 vertices, 80 arcs, 100 commodities, 25 sources
Solver: copt (gpu-mode 2), formulation: path
Pricing threads: 32 (auto)
Slack mode: EdgeRows (struct=100, capped_arcs=80)
[lp-config] backend=copt version=8.0.1 method=barrier exec=GPU presolve=off crossover=off tol=0.0001 threads=n/a(GPU)
   It           UB           LB       LP_obj   #col   #row  #slk   +col   -col   +cut   -cut    t_LP    t_PR    t_SP   t_Tot     t_acc
    1          inf   1.6769e+06   1.6769e+06    117    117     0      0      0     17      0   0.239   0.000   0.000   0.239     0.239
    2          inf   1.6769e+06   2.0390e+06    177    117    17     60      0      0      0   0.024   0.000   0.000   0.024     0.263
    3          inf   1.6845e+06   1.7041e+06    203    125     0     18      0      8      0   0.027   0.000   0.000   0.027     0.290
    4          inf   1.6845e+06   1.7347e+06    246    132     2     36      0      7      0   0.030   0.000   0.000   0.031     0.320
    5          inf   1.7029e+06   1.7055e+06    254    136     0      4      0      4      0   0.033   0.000   0.000   0.033     0.353
    6          inf   1.7029e+06   1.7063e+06    264    137     0      9      0      1      0   0.031   0.000   0.000   0.031     0.385
    7   1.7054e+06   1.7052e+06   1.7054e+06    270    137     0      6      0      0      0   0.032   0.000   0.000   0.032     0.417
    8   1.7054e+06   1.7054e+06   1.7054e+06    270    137     0     *0      0      0      0   0.033   0.000   0.000   0.033     0.450
CG optimal after 8 iterations. UB=1705378.000000 LB=1705376.105300 gap=1.895e+00 tol=1.705e+02  t_LP=0.448  t_PR=0.002  t_SP=0.000  t_Tot=0.451
[bounded-pricing] enabled=0 fired=0 priced=275 rate=0.0%

# === STDOUT (result CSV) ===
Setting parameter 'LpMethod' to 2
Setting parameter 'GPUMode' to 2
Setting parameter 'Presolve' to 0
Setting parameter 'Crossover' to 0
instance,formulation,iterations,columns,objective,lower_bound,optimal,time,time_lp,time_pricing,time_separation
data/commalab/grid/grid2,path,8,233,1705378.000000,1705376.105300,1,0.461,0.448,0.002,0.000
