# cmd: /usr/bin/time -o /tmp/mcfcg_mem_uu4dp33a.txt -f %M build/mcfcg_cli data/commalab/grid/grid14 --solver copt --copt-gpu-mode 2 --formulation tree --max-iters 10000 --time-limit 1800.0
# outcome: ok
# returncode: 0
# peak_rss_kb: 599040
# peak_rss_source: measured
# === STDERR (CG iteration log + preamble) ===
Instance: 1225 vertices, 4760 arcs, 16000 commodities, 1225 sources
Solver: copt (gpu-mode 2), formulation: tree
Pricing threads: 32 (auto)
Slack mode: CommodityRows (struct=1225, capped_arcs=4760)
[lp-config] backend=copt version=8.0.1 method=barrier exec=GPU presolve=off crossover=off tol=0.0001 threads=n/a(GPU)
   It           UB           LB       LP_obj   #col   #row  #slk   +col   -col   +cut   -cut    t_LP    t_PR    t_SP   t_Tot     t_acc
    1          inf   1.7977e+09   1.2250e+05   2450   1225  1225      0      0      0      0   0.253   0.024   0.001   0.278     0.278
    2          inf   1.7977e+09   1.2250e+06   2450   1225  1225      0      0      0      0   0.033   0.022   0.001   0.056     0.335
    3          inf   1.7977e+09   1.2250e+07   2450   1225  1225      0      0      0      0   0.030   0.023   0.001   0.054     0.388
    4          inf   1.7977e+09   1.2250e+08   2450   1225  1225      0      0      0      0   0.029   0.021   0.001   0.051     0.439
    5          inf   1.7977e+09   1.1712e+09   2450   1225   967      0      0      0      0   0.033   0.024   0.001   0.058     0.497
    6          inf   1.7977e+09   1.7977e+09   2450   1442     0      0      0    217      0   0.039   0.023   0.001   0.063     0.561
    7          inf   1.7977e+09   4.6145e+09   3670   1442   606   1220      0      0      0   0.136   0.012   0.001   0.154     0.715
    8          inf   1.7977e+09   5.6097e+09   4892   1442   449   1222      0      0      0   0.170   0.013   0.001   0.188     0.903
    9          inf   1.7977e+09   6.4545e+09   6116   1456   315   1224      0     14      0   0.175   0.013   0.001   0.194     1.097
   10          inf   1.7977e+09   3.7732e+09   7341   1476    83   1225      0     20      0   0.196   0.012   0.001   0.214     1.311
   11          inf   1.7977e+09   1.8059e+09   8564   1498     0   1223      0     22      0   0.350   0.012   0.002   0.370     1.681
   12          inf   1.7997e+09   1.8047e+09   9585   1410     0   1224    203     10     98   0.380   0.011   0.002   0.406     2.088
   13          inf   1.8012e+09   1.8040e+09  10258   1421     0   1221    548     11      0   0.254   0.011   0.003   0.277     2.365
   14          inf   1.8014e+09   1.8035e+09  10825   1423     0   1216    649      5      3   0.316   0.013   0.003   0.345     2.710
   15          inf   1.8020e+09   1.8032e+09  11112   1424     0   1205    918      7      6   0.302   0.012   0.003   0.331     3.041
   16          inf   1.8022e+09   1.8030e+09  10787   1421     0   1182   1507      1      4   0.312   0.012   0.002   0.340     3.381
   17          inf   1.8023e+09   1.8029e+09  10413   1417     0   1173   1547      7     11   0.282   0.011   0.003   0.310     3.691
   18   1.8028e+09   1.8025e+09   1.8028e+09  10264   1410     0   1156   1305      0      7   0.284   0.012   0.003   0.310     4.001
   19   1.8028e+09   1.8026e+09   1.8027e+09  10182   1407     0   1070   1152      3      6   0.268   0.012   0.003   0.297     4.297
   20   1.8028e+09   1.8026e+09   1.8027e+09  10182   1410     0  *1063      0      3      0   0.298   0.011   0.003   0.312     4.610
CG optimal after 20 iterations. UB=1802780164.182625 LB=1802619443.481214 gap=1.607e+05 tol=1.803e+05  t_LP=4.139  t_PR=0.322  t_SP=0.034  t_Tot=4.626
[bounded-pricing] enabled=0 fired=0 priced=33075 rate=0.0%

# === STDOUT (result CSV) ===
Setting parameter 'LpMethod' to 2
Setting parameter 'GPUMode' to 2
Setting parameter 'Presolve' to 0
Setting parameter 'Crossover' to 0
instance,formulation,iterations,columns,objective,lower_bound,optimal,time,time_lp,time_pricing,time_separation
data/commalab/grid/grid14,tree,20,8957,1802780164.182625,1802619443.481214,1,4.652,4.139,0.322,0.034
