# cmd: /usr/bin/time -o /tmp/mcfcg_mem_9ffg8esl.txt -f %M build/mcfcg_cli data/commalab/planar/planar800 --solver copt --copt-gpu-mode 2 --formulation tree --max-iters 10000 --time-limit 1800.0
# outcome: ok
# returncode: 0
# peak_rss_kb: 543808
# peak_rss_source: measured
# === STDERR (CG iteration log + preamble) ===
Instance: 800 vertices, 4388 arcs, 12756 commodities, 800 sources
Solver: copt (gpu-mode 2), formulation: tree
Pricing threads: 32 (auto)
Slack mode: CommodityRows (struct=800, capped_arcs=4388)
[lp-config] backend=copt version=8.0.1 method=barrier exec=GPU presolve=off crossover=off tol=0.0001 threads=n/a(GPU)
   It           UB           LB       LP_obj   #col   #row  #slk   +col   -col   +cut   -cut    t_LP    t_PR    t_SP   t_Tot     t_acc
    1          inf   1.1440e+09   4.6119e+08   1600    800   793      0      0      0      0   0.248   0.015   0.001   0.263     0.263
    2          inf   1.1440e+09   1.1440e+09   1600   1017     0      0      0    217      0   0.036   0.014   0.001   0.051     0.314
    3          inf   1.1440e+09   2.5378e+09   2399   1017   357    799      0      0      0   0.123   0.007   0.001   0.134     0.448
    4          inf   1.1440e+09   6.2587e+09   3199   1017   431    800      0      0      0   0.171   0.007   0.001   0.182     0.630
    5          inf   1.1440e+09   1.2761e+10   3999   1019   283    800      0      2      0   0.228   0.007   0.001   0.239     0.869
    6          inf   1.1440e+09   1.8110e+10   4799   1020   306    800      0      1      0   0.245   0.007   0.001   0.257     1.126
    7          inf   1.1440e+09   3.6533e+10   5598   1021   181    799      0      1      0   0.289   0.007   0.001   0.301     1.426
    8          inf   1.1440e+09   1.9207e+10   6261    925    74    800    137     10    106   0.280   0.007   0.001   0.296     1.722
    9          inf   1.1440e+09   1.1770e+09   6457    955     0    800    604     31      1   0.226   0.007   0.002   0.242     1.965
   10          inf   1.1440e+09   2.4837e+09   6764    957     6    800    493      4      2   0.247   0.007   0.002   0.263     2.227
   11          inf   1.1576e+09   1.1729e+09   6933    958     0    800    631      1      0   0.215   0.006   0.002   0.229     2.456
   12          inf   1.1599e+09   1.1711e+09   7170    958     0    799    562      3      3   0.190   0.006   0.002   0.206     2.662
   13          inf   1.1610e+09   1.1697e+09   7391    958     0    800    579      2      2   0.175   0.007   0.002   0.191     2.853
   14          inf   1.1625e+09   1.1688e+09   7343    957     0    798    846      1      2   0.207   0.006   0.002   0.223     3.076
   15          inf   1.1627e+09   1.1684e+09   7120    946     0    800   1023      1     12   0.206   0.007   0.002   0.222     3.298
   16   1.1681e+09   1.1651e+09   1.1681e+09   6974    944     0    799    945      0      2   0.188   0.006   0.002   0.204     3.501
   17   1.1681e+09   1.1656e+09   1.1678e+09   7018    937     0    797    753      1      8   0.198   0.006   0.002   0.213     3.714
   18   1.1681e+09   1.1661e+09   1.1676e+09   7052    935     0    793    759      5      7   0.177   0.006   0.002   0.193     3.908
   19   1.1675e+09   1.1666e+09   1.1675e+09   7090    933     0    796    758      0      2   0.189   0.006   0.002   0.205     4.113
   20   1.1674e+09   1.1669e+09   1.1674e+09   7087    933     0    788    791      0      0   0.200   0.006   0.002   0.213     4.326
   21   1.1674e+09   1.1671e+09   1.1674e+09   7064    935     0    793    816      2      0   0.205   0.006   0.002   0.219     4.545
   22   1.1674e+09   1.1672e+09   1.1674e+09   7124    934     0    787    727      2      3   0.223   0.006   0.002   0.238     4.784
   23   1.1674e+09   1.1673e+09   1.1674e+09   7124    934     0   *783      0      0      0   0.218   0.006   0.002   0.226     5.010
CG optimal after 23 iterations. UB=1167373872.737822 LB=1167329873.260836 gap=4.400e+04 tol=1.167e+05  t_LP=4.683  t_PR=0.177  t_SP=0.033  t_Tot=5.021
[bounded-pricing] enabled=0 fired=0 priced=20800 rate=0.0%

# === STDOUT (result CSV) ===
Setting parameter 'LpMethod' to 2
Setting parameter 'GPUMode' to 2
Setting parameter 'Presolve' to 0
Setting parameter 'Crossover' to 0
instance,formulation,iterations,columns,objective,lower_bound,optimal,time,time_lp,time_pricing,time_separation
data/commalab/planar/planar800,tree,23,6324,1167373872.737822,1167329873.260836,1,5.041,4.683,0.177,0.033
