# cmd: /usr/bin/time -o /tmp/mcfcg_mem_3kpxz893.txt -f %M build/mcfcg_cli data/commalab/planar/planar1000 --solver copt --copt-gpu-mode 2 --formulation tree --max-iters 10000 --time-limit 1800.0
# outcome: ok
# returncode: 0
# peak_rss_kb: 805548
# peak_rss_source: measured
# === STDERR (CG iteration log + preamble) ===
Instance: 1000 vertices, 5200 arcs, 20026 commodities, 1000 sources
Solver: copt (gpu-mode 2), formulation: tree
Pricing threads: 32 (auto)
Slack mode: CommodityRows (struct=1000, capped_arcs=5200)
[lp-config] backend=copt version=8.0.1 method=barrier exec=GPU presolve=off crossover=off tol=0.0001 threads=n/a(GPU)
   It           UB           LB       LP_obj   #col   #row  #slk   +col   -col   +cut   -cut    t_LP    t_PR    t_SP   t_Tot     t_acc
    1          inf   3.1896e+09   8.7300e+06   2000   1000  1000      0      0      0      0   0.359   0.023   0.001   0.383     0.383
    2          inf   3.1896e+09   8.7300e+07   2000   1000  1000      0      0      0      0   0.170   0.024   0.001   0.195     0.578
    3          inf   3.1896e+09   8.7275e+08   2000   1000   998      0      0      0      0   0.167   0.026   0.001   0.193     0.771
    4          inf   3.1896e+09   3.1896e+09   2000   1538     0      0      0    538      0   0.162   0.025   0.002   0.189     0.960
    5          inf   3.1896e+09   6.1730e+09   2999   1538   602    999      0      0      0   0.440   0.012   0.001   0.458     1.418
    6          inf   3.1896e+09   2.5922e+10   3999   1538   647   1000      0      0      0   0.599   0.012   0.001   0.618     2.036
    7          inf   3.1896e+09   7.5058e+10   4998   1539   650    999      0      1      0   0.683   0.012   0.001   0.704     2.740
    8          inf   3.1896e+09   2.9327e+11   5998   1542   459   1000      0      3      0   0.832   0.011   0.001   0.853     3.593
    9          inf   3.1896e+09   3.0901e+11   6998   1555   345   1000      0     13      0   0.878   0.011   0.001   0.899     4.493
   10          inf   3.1896e+09   2.5421e+11   7628   1267   279   1000    370      9    297   0.946   0.011   0.001   0.979     5.472
   11          inf   3.1896e+09   1.7791e+11   7901   1360   187   1000    727     93      0   0.454   0.012   0.001   0.481     5.953
   12          inf   3.1896e+09   1.6188e+11   8168   1393   176   1000    733     33      0   0.591   0.013   0.003   0.620     6.573
   13          inf   3.1896e+09   1.0362e+11   8327   1447   116   1000    841     56      2   0.626   0.013   0.001   0.660     7.233
   14          inf   3.1896e+09   7.7369e+10   8504   1505    85   1000    823     59      1   0.702   0.011   0.001   0.736     7.969
   15          inf   3.1896e+09   4.9073e+10   8741   1544    54   1000    763     49     10   0.701   0.011   0.001   0.738     8.707
   16          inf   3.1896e+09   1.5044e+10   9008   1606    16   1000    733     67      5   0.763   0.013   0.002   0.803     9.510
   17          inf   3.1896e+09   6.4702e+09   9124   1629     3   1000    884     27      4   0.991   0.011   0.003   1.031    10.541
   18          inf   3.1896e+09   3.5636e+09   9292   1601     0   1000    832      7     35   0.995   0.012   0.003   1.034    11.575
   19          inf   3.2522e+09   3.5459e+09   9407   1595     0   1000    885      6     12   0.917   0.012   0.003   0.956    12.532
   20          inf   3.2548e+09   3.5323e+09   9526   1584     0   1000    881     11     22   0.853   0.013   0.003   0.891    13.423
   21          inf   3.2908e+09   3.5193e+09   9600   1588     0   1000    926     15     11   0.894   0.012   0.003   0.933    14.355
   22          inf   3.2990e+09   3.5084e+09   9526   1578     0   1000   1074      8     18   0.884   0.012   0.003   0.922    15.277
   23          inf   3.3209e+09   3.4978e+09   9206   1564     0   1000   1320      6     20   0.874   0.011   0.003   0.912    16.189
   24          inf   3.3482e+09   3.4897e+09   9142   1544     0   1000   1064     14     34   0.870   0.010   0.002   0.906    17.095
   25          inf   3.3608e+09   3.4834e+09   9246   1521     0   1000    896      8     31   0.818   0.012   0.003   0.856    17.951
   26          inf   3.3746e+09   3.4782e+09   9275   1494     0   1000    971      4     31   0.847   0.011   0.002   0.883    18.835
   27          inf   3.3894e+09   3.4735e+09   9321   1483     0   1000    954     11     22   0.778   0.012   0.003   0.815    19.650
   28          inf   3.3952e+09   3.4696e+09   9288   1488     0   1000   1033     16     11   0.755   0.011   0.003   0.792    20.442
   29          inf   3.3952e+09   3.4660e+09   9286   1491     0   1000   1002     13     10   0.787   0.012   0.003   0.826    21.267
   30          inf   3.4065e+09   3.4628e+09   9301   1492     0   1000    985     15     14   0.777   0.013   0.003   0.817    22.084
   31          inf   3.4088e+09   3.4611e+09   9347   1498     0   1000    954     13      7   0.817   0.012   0.003   0.854    22.938
   32          inf   3.4166e+09   3.4585e+09   9390   1504     0   1000    957     15      9   0.828   0.010   0.003   0.865    23.803
   33          inf   3.4196e+09   3.4566e+09   9418   1506     0   1000    972      7      5   0.848   0.011   0.003   0.886    24.689
   34          inf   3.4266e+09   3.4552e+09   9446   1509     0   1000    972      7      4   0.826   0.012   0.003   0.866    25.555
   35          inf   3.4284e+09   3.4540e+09   9410   1509     0   1000   1036      5      5   0.833   0.010   0.003   0.870    26.426
   36          inf   3.4343e+09   3.4530e+09   9455   1511     0   1000    955      4      2   0.829   0.011   0.003   0.867    27.293
   37          inf   3.4370e+09   3.4524e+09   9405   1498     0   1000   1050      2     15   0.852   0.011   0.003   0.890    28.182
   38          inf   3.4402e+09   3.4518e+09   9433   1488     0   1000    972      2     12   0.796   0.010   0.002   0.833    29.015
   39          inf   3.4409e+09   3.4512e+09   9432   1483     0   1000   1001      4      9   0.827   0.010   0.003   0.864    29.880
   40          inf   3.4428e+09   3.4508e+09   9466   1482     0   1000    966      5      6   0.819   0.011   0.003   0.856    30.735
   41          inf   3.4428e+09   3.4505e+09   9470   1481     0   1000    996      6      7   0.814   0.010   0.003   0.850    31.586
   42          inf   3.4448e+09   3.4503e+09   9443   1483     0   1000   1027      4      2   0.835   0.011   0.003   0.872    32.458
   43          inf   3.4453e+09   3.4501e+09   9462   1489     0   1000    981      7      1   0.806   0.011   0.003   0.844    33.302
   44          inf   3.4462e+09   3.4500e+09   9488   1490     0   1000    974      4      3   0.856   0.011   0.003   0.894    34.196
   45          inf   3.4472e+09   3.4498e+09   9419   1492     0   1000   1069      3      1   0.872   0.012   0.003   0.912    35.108
   46          inf   3.4480e+09   3.4497e+09   9480   1488     0   1000    939      4      8   0.875   0.011   0.003   0.912    36.020
   47          inf   3.4485e+09   3.4497e+09   9466   1484     0   1000   1014      1      5   0.872   0.011   0.003   0.910    36.930
   48          inf   3.4489e+09   3.4497e+09   9514   1488     0   1000    952      4      0   0.875   0.011   0.003   0.907    37.836
   49          inf   3.4491e+09   3.4496e+09   9498   1491     0   1000   1016      5      2   0.865   0.012   0.003   0.903    38.739
   50   3.4496e+09   3.4493e+09   3.4496e+09   9573   1486     0   1000    925      0      5   0.899   0.012   0.003   0.934    39.674
   51   3.4496e+09   3.4494e+09   3.4496e+09   9573   1487     0  *1000      0      1      0   0.883   0.012   0.003   0.898    40.572
CG optimal after 51 iterations. UB=3449623927.739415 LB=3449440266.281549 gap=1.837e+05 tol=3.450e+05  t_LP=38.836  t_PR=0.654  t_SP=0.117  t_Tot=40.591
[bounded-pricing] enabled=0 cut=0 priced=56000 rate=0.0%

# === STDOUT (result CSV) ===
Setting parameter 'LpMethod' to 2
Setting parameter 'GPUMode' to 2
Setting parameter 'Presolve' to 0
Setting parameter 'Crossover' to 0
instance,formulation,iterations,columns,objective,lower_bound,optimal,time,time_lp,time_pricing,time_separation
data/commalab/planar/planar1000,tree,51,8573,3449623927.739415,3449440266.281549,1,40.635,38.836,0.654,0.117
