# cmd: /usr/bin/time -o /tmp/mcfcg_mem_mvn_ucp0.txt -f %M build/mcfcg_cli data/commalab/planar/planar1000 --solver copt --copt-gpu-mode 2 --formulation path --max-iters 10000 --time-limit 1800.0
# outcome: ok
# returncode: 0
# peak_rss_kb: 1084296
# peak_rss_source: measured
# === STDERR (CG iteration log + preamble) ===
Instance: 1000 vertices, 5200 arcs, 20026 commodities, 1000 sources
Solver: copt (gpu-mode 2), formulation: path
Pricing threads: 32 (auto)
Slack mode: EdgeRows (struct=20026, capped_arcs=5200)
[lp-config] backend=copt version=8.0.1 method=barrier exec=GPU presolve=off crossover=off tol=0.0001 threads=n/a(GPU)
   It           UB           LB       LP_obj   #col   #row  #slk   +col   -col   +cut   -cut    t_LP    t_PR    t_SP   t_Tot     t_acc
    1          inf   3.1896e+09   3.1896e+09  20564  20564     0      0      0    538      0   0.371   0.021   0.007   0.400     0.400
    2          inf   3.1896e+09   1.4963e+10  39380  20564   538  18816      0      0      0   0.879   0.011   0.001   0.902     1.301
    3          inf   3.1896e+09   3.5498e+09  55481  20895     0  15770      0    331      0   0.712   0.012   0.009   0.750     2.051
    4          inf   3.1896e+09   4.8232e+09  73903  20950   162  18367      0     55      0   1.326   0.011   0.011   1.368     3.419
    5          inf   3.1896e+09   4.1159e+09  91698  21003    54  17742      0     53      0   1.702   0.013   0.015   1.752     5.171
    6          inf   3.1896e+09   3.5338e+09 108860  21005     0  17160      0      2      0   1.886   0.012   0.020   1.935     7.106
    7          inf   3.3143e+09   3.5004e+09 124730  21009     0  15866      0      4      0   2.120   0.013   0.025   2.178     9.284
    8          inf   3.3622e+09   3.4752e+09 131594  20815     0  15680   8622     12    206   2.181   0.013   0.033   2.365    11.648
    9          inf   3.3948e+09   3.4623e+09 134411  20751     0  14280  11399     14     78   1.852   0.011   0.028   2.018    13.666
   10          inf   3.4134e+09   3.4565e+09 132162  20661     0  13001  15160     15    105   1.720   0.011   0.027   1.875    15.541
   11          inf   3.4370e+09   3.4525e+09 122164  20605     0  10485  20427      8     64   1.607   0.011   0.023   1.740    17.282
   12          inf   3.4438e+09   3.4506e+09 114350  20586     0   9355  17150     10     29   1.506   0.011   0.020   1.626    18.908
   13          inf   3.4475e+09   3.4500e+09 107357  20566     0   6743  13716      3     23   1.481   0.010   0.017   1.592    20.500
   14          inf   3.4483e+09   3.4498e+09  99203  20557     0   3830  11975      3     12   1.312   0.010   0.017   1.413    21.913
   15          inf   3.4491e+09   3.4498e+09  91026  20543     0   1660   9823      2     16   1.045   0.010   0.015   1.137    23.050
   16   3.4496e+09   3.4491e+09   3.4496e+09  84422  20528     0   1729   8318      0     15   1.102   0.010   0.002   1.170    24.219
   17   3.4496e+09   3.4496e+09   3.4496e+09  84422  20528     0   *356      0      0      0   1.023   0.011   0.002   1.037    25.256
CG optimal after 17 iterations. UB=3449619689.746853 LB=3449553661.728191 gap=6.603e+04 tol=3.450e+05  t_LP=23.825  t_PR=0.233  t_SP=0.273  t_Tot=25.290
[bounded-pricing] enabled=0 cut=0 priced=19000 rate=0.0%

# === STDOUT (result CSV) ===
Setting parameter 'LpMethod' to 2
Setting parameter 'GPUMode' to 2
Setting parameter 'Presolve' to 0
Setting parameter 'Crossover' to 0
instance,formulation,iterations,columns,objective,lower_bound,optimal,time,time_lp,time_pricing,time_separation
data/commalab/planar/planar1000,path,17,83920,3449619689.746853,3449553661.728191,1,25.371,23.825,0.233,0.273
