# cmd: /usr/bin/time -o /tmp/mcfcg_mem_3ryou_6h.txt -f %M build/mcfcg_cli data/commalab/planar/planar150 --solver copt --copt-gpu-mode 2 --formulation tree --max-iters 10000 --time-limit 1800.0
# outcome: ok
# returncode: 0
# peak_rss_kb: 494092
# peak_rss_source: measured
# === STDERR (CG iteration log + preamble) ===
Instance: 150 vertices, 850 arcs, 2239 commodities, 150 sources
Solver: copt (gpu-mode 2), formulation: tree
Pricing threads: 32 (auto)
Slack mode: CommodityRows (struct=150, capped_arcs=850)
[lp-config] backend=copt version=8.0.1 method=barrier exec=GPU presolve=off crossover=off tol=0.0001 threads=n/a(GPU)
   It           UB           LB       LP_obj   #col   #row  #slk   +col   -col   +cut   -cut    t_LP    t_PR    t_SP   t_Tot     t_acc
    1          inf   4.6091e+08   2.8355e+07    300    150   150      0      0      0      0   0.241   0.001   0.000   0.242     0.242
    2          inf   4.6091e+08   2.7752e+08    300    150   137      0      0      0      0   0.032   0.001   0.000   0.032     0.274
    3          inf   4.6091e+08   4.6091e+08    300    366     0      0      0    216      0   0.033   0.001   0.000   0.034     0.309
    4          inf   4.6091e+08   1.9672e+09    447    366   120    147      0      0      0   0.062   0.001   0.000   0.063     0.371
    5          inf   4.6091e+08   1.1631e+10    597    366   109    150      0      0      0   0.067   0.000   0.000   0.068     0.440
    6          inf   4.6091e+08   3.5622e+10    747    370   103    150      0      4      0   0.079   0.001   0.000   0.080     0.519
    7          inf   4.6091e+08   6.3698e+10    897    372    88    150      0      2      0   0.079   0.000   0.000   0.080     0.599
    8          inf   4.6091e+08   5.5124e+10   1047    379    69    150      0      7      0   0.078   0.000   0.000   0.079     0.678
    9          inf   4.6091e+08   4.2550e+10   1131    394    55    150     66     15      0   0.084   0.000   0.000   0.085     0.764
   10          inf   4.6091e+08   3.5557e+10   1212    411    48    150     69     17      0   0.086   0.000   0.000   0.088     0.851
   11          inf   4.6091e+08   2.8457e+10   1255    420    35    150    107      9      0   0.090   0.000   0.000   0.091     0.942
   12          inf   4.6091e+08   2.0911e+10   1309    445    36    150     96     25      0   0.094   0.001   0.000   0.096     1.038
   13          inf   4.6091e+08   1.9028e+10   1358    454    29    150    101      9      0   0.103   0.000   0.000   0.105     1.143
   14          inf   4.6091e+08   1.3152e+10   1412    455    23    150     96     13     12   0.103   0.001   0.000   0.105     1.249
   15          inf   4.6091e+08   8.9930e+09   1458    467    19    150    104     12      0   0.115   0.000   0.000   0.116     1.365
   16          inf   4.6091e+08   3.0131e+09   1514    487     3    150     94     20      0   0.118   0.000   0.000   0.120     1.485
   17          inf   4.6091e+08   6.0626e+08   1525    477     0    150    139     10     20   0.153   0.000   0.000   0.156     1.640
   18          inf   4.6091e+08   5.9264e+08   1574    478     0    150    101      3      2   0.121   0.000   0.000   0.123     1.763
   19          inf   4.6091e+08   5.8682e+08   1600    478     0    150    124      2      2   0.134   0.001   0.000   0.137     1.899
   20          inf   4.6857e+08   5.8068e+08   1635    483     0    150    115      7      2   0.119   0.001   0.000   0.121     2.021
   21          inf   4.9738e+08   5.7678e+08   1651    475     0    150    134      1      9   0.127   0.000   0.000   0.129     2.150
   22          inf   4.9738e+08   5.7240e+08   1626    470     0    150    175      3      8   0.125   0.000   0.000   0.127     2.277
   23          inf   5.0285e+08   5.6853e+08   1583    458     0    150    193      4     16   0.128   0.000   0.000   0.130     2.407
   24          inf   5.0792e+08   5.6440e+08   1583    456     0    150    150      2      4   0.121   0.000   0.000   0.123     2.531
   25          inf   5.1583e+08   5.6162e+08   1580    452     0    150    153      1      5   0.123   0.000   0.000   0.125     2.655
   26          inf   5.2478e+08   5.5875e+08   1584    432     0    150    146      5     25   0.123   0.000   0.000   0.125     2.780
   27          inf   5.2478e+08   5.5646e+08   1597    429     0    150    137      5      8   0.113   0.000   0.000   0.115     2.895
   28          inf   5.2801e+08   5.5521e+08   1614    429     0    150    133      2      2   0.108   0.000   0.000   0.110     3.005
   29          inf   5.3313e+08   5.5355e+08   1620    432     0    150    144      4      1   0.113   0.000   0.000   0.115     3.119
   30          inf   5.3412e+08   5.5249e+08   1593    427     0    150    177      1      6   0.113   0.000   0.000   0.116     3.235
   31          inf   5.3773e+08   5.5171e+08   1602    427     0    150    141      1      1   0.110   0.000   0.000   0.112     3.347
   32          inf   5.3868e+08   5.5109e+08   1607    428     0    150    145      2      1   0.108   0.000   0.000   0.110     3.457
   33   5.5061e+08   5.4081e+08   5.5061e+08   1605    428     0    150    152      0      0   0.112   0.000   0.000   0.113     3.570
   34   5.5004e+08   5.4164e+08   5.5004e+08   1598    427     0    150    157      0      1   0.111   0.000   0.000   0.113     3.683
   35   5.5004e+08   5.4164e+08   5.4959e+08   1599    424     0    150    149      4      7   0.107   0.000   0.000   0.109     3.792
   36   5.4928e+08   5.4385e+08   5.4928e+08   1590    422     0    150    159      0      2   0.112   0.000   0.000   0.114     3.906
   37   5.4928e+08   5.4475e+08   5.4897e+08   1605    423     0    150    135      1      0   0.112   0.000   0.000   0.114     4.020
   38   5.4877e+08   5.4481e+08   5.4877e+08   1611    423     0    150    144      0      0   0.118   0.000   0.000   0.120     4.139
   39   5.4877e+08   5.4581e+08   5.4860e+08   1628    425     0    150    133      3      1   0.109   0.000   0.000   0.111     4.250
   40   5.4843e+08   5.4588e+08   5.4843e+08   1624    412     0    150    154      0     13   0.115   0.000   0.000   0.117     4.367
   41   5.4843e+08   5.4643e+08   5.4833e+08   1613    411     0    150    161      1      2   0.107   0.000   0.000   0.109     4.476
   42   5.4843e+08   5.4675e+08   5.4823e+08   1624    406     0    150    139      2      7   0.111   0.000   0.000   0.113     4.588
   43   5.4818e+08   5.4733e+08   5.4818e+08   1643    405     0    149    130      0      1   0.112   0.000   0.000   0.114     4.702
   44   5.4814e+08   5.4747e+08   5.4814e+08   1645    405     0    150    148      0      0   0.112   0.000   0.000   0.114     4.816
   45   5.4814e+08   5.4765e+08   5.4812e+08   1651    406     0    150    144      1      0   0.111   0.000   0.000   0.113     4.929
   46   5.4810e+08   5.4784e+08   5.4810e+08   1644    406     0    149    156      0      0   0.123   0.000   0.000   0.125     5.054
   47   5.4809e+08   5.4795e+08   5.4809e+08   1641    405     0    150    153      0      1   0.121   0.000   0.000   0.123     5.177
   48   5.4809e+08   5.4803e+08   5.4809e+08   1631    405     0    149    159      0      0   0.133   0.000   0.000   0.134     5.312
   49   5.4809e+08   5.4809e+08   5.4809e+08   1631    405     0   *140      0      0      0   0.135   0.000   0.000   0.135     5.447
CG optimal after 49 iterations. UB=548087215.002504 LB=548086918.312866 gap=2.967e+02 tol=5.481e+04  t_LP=5.365  t_PR=0.025  t_SP=0.010  t_Tot=5.451
[bounded-pricing] enabled=0 fired=0 priced=7950 rate=0.0%

# === STDOUT (result CSV) ===
Setting parameter 'LpMethod' to 2
Setting parameter 'GPUMode' to 2
Setting parameter 'Presolve' to 0
Setting parameter 'Crossover' to 0
instance,formulation,iterations,columns,objective,lower_bound,optimal,time,time_lp,time_pricing,time_separation
data/commalab/planar/planar150,tree,49,1481,548087215.002504,548086918.312866,1,5.463,5.365,0.025,0.010
