# cmd: /usr/bin/time -o /tmp/mcfcg_mem_biq2eoxu.txt -f %M build/mcfcg_cli data/commalab/planar/planar50 --solver copt --copt-gpu-mode 2 --formulation path --max-iters 10000 --time-limit 1800.0
# outcome: ok
# returncode: 0
# peak_rss_kb: 471772
# peak_rss_source: measured
# === STDERR (CG iteration log + preamble) ===
Instance: 50 vertices, 250 arcs, 267 commodities, 50 sources
Solver: copt (gpu-mode 2), formulation: path
Pricing threads: 32 (auto)
Slack mode: EdgeRows (struct=267, capped_arcs=250)
[lp-config] backend=copt version=8.0.1 method=barrier exec=GPU presolve=off crossover=off tol=0.0001 threads=n/a(GPU)
   It           UB           LB       LP_obj   #col   #row  #slk   +col   -col   +cut   -cut    t_LP    t_PR    t_SP   t_Tot     t_acc
    1          inf   1.1503e+08   1.1503e+08    301    301     0      0      0     34      0   0.236   0.000   0.000   0.236     0.236
    2          inf   1.1503e+08   2.4408e+08    513    301    34    212      0      0      0   0.031   0.000   0.000   0.031     0.268
    3          inf   1.1775e+08   1.2149e+08    624    311     0    101      0     10      0   0.035   0.000   0.000   0.036     0.303
    4          inf   1.1775e+08   1.2847e+08    752    322     2    117      0     11      0   0.036   0.000   0.000   0.036     0.339
    5          inf   1.1775e+08   1.2437e+08    856    326     1    100      0      4      0   0.039   0.000   0.000   0.040     0.379
    6          inf   1.2154e+08   1.2240e+08    902    327     0     45      0      1      0   0.039   0.000   0.000   0.040     0.419
    7   1.2224e+08   1.2210e+08   1.2224e+08    918    327     0     16      0      0      0   0.042   0.000   0.000   0.042     0.461
    8   1.2221e+08   1.2219e+08   1.2221e+08    827    322     0      4     90      0      5   0.042   0.000   0.000   0.043     0.504
    9   1.2220e+08   1.2220e+08   1.2220e+08    827    322     0     *0      0      0      0   0.040   0.000   0.000   0.041     0.544
CG optimal after 9 iterations. UB=122199689.000011 LB=122199688.172894 gap=8.271e-01 tol=1.222e+04  t_LP=0.541  t_PR=0.002  t_SP=0.001  t_Tot=0.546
[bounded-pricing] enabled=0 fired=0 priced=600 rate=0.0%

# === STDOUT (result CSV) ===
Setting parameter 'LpMethod' to 2
Setting parameter 'GPUMode' to 2
Setting parameter 'Presolve' to 0
Setting parameter 'Crossover' to 0
instance,formulation,iterations,columns,objective,lower_bound,optimal,time,time_lp,time_pricing,time_separation
data/commalab/planar/planar50,path,9,772,122199689.000011,122199688.172894,1,0.556,0.541,0.002,0.001
