# cmd: /usr/bin/time -o /tmp/mcfcg_mem_k2hg6c05.txt -f %M build/mcfcg_cli data/commalab/planar/planar500 --solver copt --copt-gpu-mode 2 --formulation path --max-iters 10000 --time-limit 1800.0
# outcome: ok
# returncode: 0
# peak_rss_kb: 483320
# peak_rss_source: measured
# === STDERR (CG iteration log + preamble) ===
Instance: 500 vertices, 2842 arcs, 3525 commodities, 500 sources
Solver: copt (gpu-mode 2), formulation: path
Pricing threads: 32 (auto)
Slack mode: EdgeRows (struct=3525, capped_arcs=2842)
[lp-config] backend=copt version=8.0.1 method=barrier exec=GPU presolve=off crossover=off tol=0.0001 threads=n/a(GPU)
   It           UB           LB       LP_obj   #col   #row  #slk   +col   -col   +cut   -cut    t_LP    t_PR    t_SP   t_Tot     t_acc
    1          inf   4.7613e+08   4.7613e+08   3629   3629     0      0      0    104      0   0.241   0.005   0.001   0.247     0.247
    2          inf   4.7613e+08   1.2011e+10   6020   3629   104   2391      0      0      0   0.210   0.002   0.000   0.214     0.460
    3          inf   4.7613e+08   4.8874e+08   7652   3636     0   1625      0      7      0   0.092   0.002   0.001   0.096     0.556
    4          inf   4.7613e+08   4.8458e+08   9442   3637     0   1789      0      1      0   0.109   0.002   0.001   0.113     0.669
    5   4.8313e+08   4.7771e+08   4.8313e+08  10423   3637     0    981      0      0      0   0.128   0.002   0.000   0.131     0.801
    6   4.8249e+08   4.8105e+08   4.8249e+08  11150   3637     0    727      0      0      0   0.111   0.002   0.000   0.114     0.915
    7   4.8202e+08   4.8192e+08   4.8202e+08  11391   3637     0    241      0      0      0   0.128   0.002   0.000   0.130     1.045
    8   4.8199e+08   4.8195e+08   4.8199e+08  11391   3637     0   *106      0      0      0   0.121   0.002   0.000   0.123     1.168
CG optimal after 8 iterations. UB=481985162.109251 LB=481947756.306116 gap=3.741e+04 tol=4.820e+04  t_LP=1.139  t_PR=0.025  t_SP=0.004  t_Tot=1.174
[bounded-pricing] enabled=0 fired=0 priced=5000 rate=0.0%

# === STDOUT (result CSV) ===
Setting parameter 'LpMethod' to 2
Setting parameter 'GPUMode' to 2
Setting parameter 'Presolve' to 0
Setting parameter 'Crossover' to 0
instance,formulation,iterations,columns,objective,lower_bound,optimal,time,time_lp,time_pricing,time_separation
data/commalab/planar/planar500,path,8,11279,481985162.109251,481947756.306116,1,1.189,1.139,0.025,0.004
