# cmd: /home/simon/code/my/mcfcg/build/mcfcg_cli /home/simon/code/my/mcfcg/data/commalab/grid/grid6 --solver mosek --formulation path --max-iters 10000 --time-limit 7200.0
# outcome: ok
# returncode: 0
# === STDERR (CG iteration log + preamble) ===
Instance: 225 vertices, 840 arcs, 200 commodities, 135 sources
Pricing threads: 32 (auto)
Slack mode: CommodityRows (struct=200, capped_arcs=840)
   It           UB           LB       LP_obj   #col   #row  #slk   +col   -col   +cut   -cut    t_LP    t_PR    t_SP   t_Tot     t_acc
    1          inf   1.0284e+07   1.1258e+06    400    200   198      0      0      0      0   0.011   0.001   0.000   0.012     0.012
    2          inf   1.0284e+07   8.7504e+06    400    213    82      0      0     13      0   0.000   0.000   0.000   0.001     0.013
    3          inf   1.0284e+07   1.7843e+07    481    270    56     81      0     57      0   0.003   0.002   0.000   0.005     0.017
    4          inf   1.0284e+07   2.8483e+07    611    289    72    130      0     19      0   0.005   0.001   0.000   0.007     0.024
    5          inf   1.0284e+07   2.2029e+07    738    314    41    127      0     25      0   0.006   0.000   0.001   0.007     0.032
    6          inf   1.0284e+07   1.3596e+07    875    336    13    141      4     22      0   0.009   0.000   0.000   0.010     0.041
    7          inf   1.0294e+07   1.0426e+07    992    357     0    117      0     21      0   0.016   0.000   0.000   0.017     0.059
    8          inf   1.0369e+07   1.0415e+07   1089    365     0    103      6      8      0   0.019   0.000   0.000   0.020     0.079
    9          inf   1.0390e+07   1.0407e+07   1135    363     0     61     15      4      6   0.019   0.000   0.000   0.020     0.099
   10          inf   1.0395e+07   1.0403e+07   1147    368     0     49     37      5      0   0.025   0.000   0.000   0.026     0.125
   11          inf   1.0398e+07   1.0402e+07   1119    364     0     39     67      3      7   0.022   0.000   0.000   0.023     0.148
   12   1.0402e+07   1.0401e+07   1.0402e+07   1022    352     0     16    113      0     12   0.023   0.002   0.000   0.025     0.173
   13   1.0402e+07   1.0402e+07   1.0402e+07   1022    352     0    *13      0      0      0   0.021   0.001   0.000   0.022     0.195
CG optimal after 13 iterations. UB=10401810.470848 LB=10401568.990996 gap=2.415e+02 tol=1.040e+03  t_LP=0.179  t_PR=0.010  t_SP=0.003  t_Tot=0.197

# === STDOUT (result CSV) ===
instance,formulation,iterations,columns,objective,lower_bound,optimal,time,time_lp,time_pricing,time_separation
/home/simon/code/my/mcfcg/data/commalab/grid/grid6,path,13,822,10401810.470848,10401568.990996,1,0.202,0.179,0.010,0.003
