# cmd: /home/simon/code/my/mcfcg/build/mcfcg_cli /home/simon/code/my/mcfcg/data/commalab/grid/grid11 --solver copt --formulation tree --max-iters 10000 --time-limit 7200.0
# outcome: ok
# returncode: 0
# === STDERR (CG iteration log + preamble) ===
Instance: 625 vertices, 2400 arcs, 4000 commodities, 625 sources
Pricing threads: 32 (auto)
Slack mode: CommodityRows (struct=625, capped_arcs=2400)
   It           UB           LB       LP_obj   #col   #row  #slk   +col   -col   +cut   -cut    t_LP    t_PR    t_SP   t_Tot     t_acc
    1          inf   3.2684e+08   6.2500e+04   1250    625   625      0      0      0      0   0.382   0.006   0.000   0.388     0.388
    2          inf   3.2684e+08   6.2500e+05   1250    625   625      0      0      0      0   0.160   0.006   0.000   0.167     0.554
    3          inf   3.2684e+08   6.2500e+06   1250    625   625      0      0      0      0   0.156   0.005   0.000   0.162     0.716
    4          inf   3.2684e+08   6.2161e+07   1250    625   613      0      0      0      0   0.150   0.005   0.000   0.156     0.872
    5          inf   3.2684e+08   3.2192e+08   1250    817    31      0      0    192      0   0.151   0.005   0.000   0.157     1.029
    6          inf   3.2684e+08   4.3436e+08   1849    817   305    599      0      0      0   0.194   0.003   0.000   0.198     1.227
    7          inf   3.2684e+08   1.1206e+09   2453    819   310    604      0      2      0   0.211   0.003   0.000   0.215     1.442
    8          inf   3.2684e+08   1.3957e+09   3069    841   167    616      0     22      0   0.211   0.003   0.000   0.216     1.658
    9          inf   3.2684e+08   1.0416e+09   3689    863   103    620      0     22      0   0.232   0.003   0.000   0.237     1.895
   10          inf   3.2684e+08   4.0967e+08   4309    921    12    620      0     58      0   0.279   0.003   0.001   0.284     2.179
   11          inf   3.2684e+08   3.3056e+08   4840    889     0    620     89     11     43   0.306   0.003   0.001   0.312     2.492
   12          inf   3.2802e+08   3.3010e+08   5088    907     0    610    362     19      1   0.263   0.003   0.001   0.271     2.762
   13          inf   3.2844e+08   3.2985e+08   5426    916     0    604    266     10      1   0.272   0.004   0.001   0.280     3.043
   14          inf   3.2867e+08   3.2967e+08   5659    922     0    596    363      9      3   0.312   0.003   0.001   0.320     3.363
   15          inf   3.2875e+08   3.2953e+08   5784    926     0    597    472      9      5   0.289   0.003   0.001   0.296     3.659
   16          inf   3.2892e+08   3.2944e+08   5612    918     0    583    755     13     21   0.312   0.003   0.001   0.320     3.979
   17          inf   3.2905e+08   3.2938e+08   5412    912     0    574    774      5     11   0.306   0.002   0.001   0.314     4.293
   18          inf   3.2908e+08   3.2933e+08   5408    910     0    579    583      5      7   0.264   0.003   0.001   0.272     4.565
   19          inf   3.2916e+08   3.2930e+08   5356    912     0    559    611      6      4   0.278   0.003   0.001   0.286     4.851
   20          inf   3.2920e+08   3.2928e+08   5305    909     0    518    569      2      5   0.295   0.002   0.001   0.302     5.153
   21          inf   3.2922e+08   3.2927e+08   5221    907     0    519    603      1      3   0.298   0.003   0.001   0.306     5.459
   22          inf   3.2924e+08   3.2926e+08   5141    904     0    489    569      4      7   0.291   0.002   0.001   0.298     5.757
   23          inf   3.2925e+08   3.2926e+08   5097    905     0    473    517      2      1   0.303   0.003   0.001   0.311     6.068
   24          inf   3.2926e+08   3.2926e+08   5040    905     0    445    502      3      3   0.317   0.002   0.001   0.324     6.392
   25          inf   3.2926e+08   3.2926e+08   4719    904     0    115    436      2      3   0.313   0.002   0.001   0.319     6.711
   26   3.2926e+08   3.2926e+08   3.2926e+08   4719    904     0   *171      0      0      0   0.288   0.002   0.001   0.291     7.002
CG optimal after 26 iterations. UB=329258293.043106 LB=329257807.708864 gap=4.853e+02 tol=3.293e+04  t_LP=6.835  t_PR=0.092  t_SP=0.015  t_Tot=7.010

# === STDOUT (result CSV) ===
Setting parameter 'LpMethod' to 2
Setting parameter 'GPUMode' to 2
Setting parameter 'Presolve' to 0
Setting parameter 'Crossover' to 0
instance,formulation,iterations,columns,objective,lower_bound,optimal,time,time_lp,time_pricing,time_separation
/home/simon/code/my/mcfcg/data/commalab/grid/grid11,tree,26,4094,329258293.043106,329257807.708864,1,7.032,6.835,0.092,0.015
