# cmd: /home/simon/code/my/mcfcg/build/mcfcg_cli /home/simon/code/my/mcfcg/data/commalab/grid/grid1 --solver copt --formulation tree --max-iters 10000 --time-limit 7200.0
# outcome: ok
# returncode: 0
# === STDERR (CG iteration log + preamble) ===
Instance: 25 vertices, 80 arcs, 50 commodities, 23 sources
Pricing threads: 32 (auto)
Slack mode: CommodityRows (struct=23, capped_arcs=80)
   It           UB           LB       LP_obj   #col   #row  #slk   +col   -col   +cut   -cut    t_LP    t_PR    t_SP   t_Tot     t_acc
    1          inf   8.2017e+05   2.3000e+03     46     23    23      0      0      0      0   0.351   0.000   0.000   0.352     0.352
    2          inf   8.2017e+05   2.3000e+04     46     23    23      0      0      0      0   0.156   0.000   0.000   0.157     0.508
    3          inf   8.2017e+05   2.0734e+05     46     23    19      0      0      0      0   0.155   0.000   0.000   0.155     0.664
    4          inf   8.2017e+05   8.1921e+05     46     29     1      0      0      6      0   0.152   0.000   0.000   0.152     0.816
    5          inf   8.2017e+05   9.8073e+05     57     32     5     11      0      3      0   0.146   0.000   0.000   0.146     0.962
    6          inf   8.2017e+05   1.1015e+06     70     35     7     13      0      3      0   0.149   0.001   0.000   0.150     1.112
    7          inf   8.2017e+05   1.2085e+06     78     35     3      8      0      0      0   0.154   0.000   0.000   0.154     1.266
    8   8.2864e+05   8.2017e+05   8.2864e+05     80     35     0      2      0      0      0   0.151   0.000   0.000   0.151     1.417
    9   8.2750e+05   8.2689e+05   8.2750e+05     82     35     0      2      0      0      0   0.154   0.000   0.000   0.155     1.571
   10   8.2736e+05   8.2699e+05   8.2736e+05     84     34     0      2      0      0      1   0.149   0.000   0.000   0.149     1.720
   11   8.2732e+05   8.2732e+05   8.2732e+05     84     34     0     *0      0      0      0   0.156   0.000   0.000   0.156     1.876
CG optimal after 11 iterations. UB=827319.000000 LB=827318.077000 gap=9.230e-01 tol=8.273e+01  t_LP=1.873  t_PR=0.003  t_SP=0.000  t_Tot=1.877

# === STDOUT (result CSV) ===
Setting parameter 'LpMethod' to 2
Setting parameter 'GPUMode' to 2
Setting parameter 'Presolve' to 0
Setting parameter 'Crossover' to 0
instance,formulation,iterations,columns,objective,lower_bound,optimal,time,time_lp,time_pricing,time_separation
/home/simon/code/my/mcfcg/data/commalab/grid/grid1,tree,11,61,827319.000000,827318.077000,1,1.893,1.873,0.003,0.000
