# cmd: /home/simon/code/my/mcfcg/build/mcfcg_cli /home/simon/code/my/mcfcg/data/commalab/grid/grid5 --solver copt --formulation tree --max-iters 10000 --time-limit 7200.0
# outcome: ok
# returncode: 0
# === STDERR (CG iteration log + preamble) ===
Instance: 225 vertices, 840 arcs, 100 commodities, 83 sources
Pricing threads: 32 (auto)
Slack mode: CommodityRows (struct=83, capped_arcs=840)
   It           UB           LB       LP_obj   #col   #row  #slk   +col   -col   +cut   -cut    t_LP    t_PR    t_SP   t_Tot     t_acc
    1          inf   5.0295e+06   8.3000e+03    166     83    83      0      0      0      0   0.349   0.001   0.000   0.350     0.350
    2          inf   5.0295e+06   8.3000e+04    166     83    83      0      0      0      0   0.158   0.000   0.000   0.158     0.508
    3          inf   5.0295e+06   8.1754e+05    166     83    77      0      0      0      0   0.160   0.001   0.000   0.160     0.668
    4          inf   5.0295e+06   4.4509e+06    166    103    17      0      0     20      0   0.158   0.000   0.000   0.158     0.827
    5          inf   5.0295e+06   7.4634e+06    206    107    24     40      0      4      0   0.153   0.000   0.000   0.154     0.980
    6          inf   5.0295e+06   8.2403e+06    240    128    11     34      0     21      0   0.160   0.000   0.000   0.160     1.140
    7          inf   5.0295e+06   5.7248e+06    287    135    12     47      0      7      0   0.165   0.001   0.000   0.166     1.306
    8          inf   5.0295e+06   5.0574e+06    320    140     0     33      0      5      0   0.170   0.000   0.000   0.170     1.476
    9          inf   5.0419e+06   5.0510e+06    340    142     0     20      0      2      0   0.175   0.000   0.000   0.175     1.652
   10   5.0501e+06   5.0489e+06   5.0501e+06    348    141     0     10      2      0      1   0.179   0.000   0.000   0.180     1.831
   11   5.0498e+06   5.0492e+06   5.0498e+06    351    141     0      9      6      0      0   0.170   0.000   0.000   0.171     2.002
   12   5.0497e+06   5.0492e+06   5.0497e+06    343    138     0      6     14      0      3   0.167   0.000   0.000   0.168     2.170
   13   5.0496e+06   5.0496e+06   5.0496e+06    343    138     0     *1      0      0      0   0.165   0.000   0.000   0.166     2.335
CG optimal after 13 iterations. UB=5049647.023455 LB=5049641.170888 gap=5.853e+00 tol=5.050e+02  t_LP=2.328  t_PR=0.006  t_SP=0.001  t_Tot=2.337

# === STDOUT (result CSV) ===
Setting parameter 'LpMethod' to 2
Setting parameter 'GPUMode' to 2
Setting parameter 'Presolve' to 0
Setting parameter 'Crossover' to 0
instance,formulation,iterations,columns,objective,lower_bound,optimal,time,time_lp,time_pricing,time_separation
/home/simon/code/my/mcfcg/data/commalab/grid/grid5,tree,13,260,5049647.023455,5049641.170888,1,2.353,2.328,0.006,0.001
