# cmd: /home/simon/code/my/mcfcg/build/mcfcg_cli /home/simon/code/my/mcfcg/data/commalab/grid/grid7 --solver copt --formulation path --max-iters 10000 --time-limit 7200.0
# outcome: ok
# returncode: 0
# === STDERR (CG iteration log + preamble) ===
Instance: 400 vertices, 1520 arcs, 400 commodities, 247 sources
Pricing threads: 32 (auto)
Slack mode: CommodityRows (struct=400, capped_arcs=1520)
   It           UB           LB       LP_obj   #col   #row  #slk   +col   -col   +cut   -cut    t_LP    t_PR    t_SP   t_Tot     t_acc
    1          inf   2.5727e+07   2.2330e+06    800    400   394      0      0      0      0   0.360   0.001   0.000   0.362     0.362
    2          inf   2.5727e+07   1.8829e+07    800    400   239      0      0      0      0   0.162   0.001   0.000   0.163     0.525
    3          inf   2.5727e+07   2.5727e+07    800    523     0      0      0    123      0   0.153   0.001   0.000   0.155     0.680
    4          inf   2.5727e+07   5.9583e+07   1048    523   132    248      0      0      0   0.178   0.001   0.000   0.180     0.859
    5          inf   2.5727e+07   5.9781e+07   1284    531    70    236      0      8      0   0.191   0.001   0.000   0.192     1.051
    6          inf   2.5727e+07   2.5889e+07   1481    568     0    197      0     37      0   0.207   0.000   0.000   0.208     1.259
    7          inf   2.5727e+07   2.5893e+07   1690    585     0    209      0     17      0   0.222   0.000   0.000   0.223     1.482
    8          inf   2.5839e+07   2.5876e+07   1832    591     0    142      0      6      0   0.230   0.001   0.000   0.232     1.714
    9          inf   2.5853e+07   2.5867e+07   1904    558     0     91     19      3     36   0.222   0.000   0.000   0.224     1.938
   10          inf   2.5861e+07   2.5865e+07   1873    560     0     40     71      3      1   0.211   0.001   0.000   0.213     2.150
   11   2.5864e+07   2.5863e+07   2.5864e+07   1873    560     0    *28      0      0      0   0.217   0.001   0.000   0.217     2.368
CG optimal after 11 iterations. UB=25864202.982148 LB=25863065.645587 gap=1.137e+03 tol=2.586e+03  t_LP=2.353  t_PR=0.010  t_SP=0.003  t_Tot=2.370

# === STDOUT (result CSV) ===
Setting parameter 'LpMethod' to 2
Setting parameter 'GPUMode' to 2
Setting parameter 'Presolve' to 0
Setting parameter 'Crossover' to 0
instance,formulation,iterations,columns,objective,lower_bound,optimal,time,time_lp,time_pricing,time_separation
/home/simon/code/my/mcfcg/data/commalab/grid/grid7,path,11,1473,25864202.982148,25863065.645587,1,2.387,2.353,0.010,0.003
