# cmd: /home/simon/code/my/mcfcg/build/mcfcg_cli /home/simon/code/my/mcfcg/data/commalab/grid/grid13 --solver copt --formulation path --max-iters 10000 --time-limit 7200.0
# outcome: ok
# returncode: 0
# === STDERR (CG iteration log + preamble) ===
Instance: 900 vertices, 3480 arcs, 12000 commodities, 900 sources
Pricing threads: 32 (auto)
Slack mode: EdgeRows (struct=12000, capped_arcs=3480)
   It           UB           LB       LP_obj   #col   #row  #slk   +col   -col   +cut   -cut    t_LP    t_PR    t_SP   t_Tot     t_acc
    1          inf   1.1535e+09   1.1535e+09  12287  12287     0      0      0    287      0   0.383   0.012   0.003   0.398     0.398
    2          inf   1.1535e+09   1.3653e+09  22346  12287   287  10059      0      0      0   0.324   0.006   0.000   0.334     0.732
    3          inf   1.1543e+09   1.1624e+09  29093  12436     0   6598      0    149      0   0.362   0.005   0.002   0.376     1.108
    4          inf   1.1543e+09   1.1658e+09  37646  12468    21   8521      0     32      0   0.539   0.006   0.003   0.556     1.664
    5          inf   1.1560e+09   1.1610e+09  44625  12485     0   6962      0     17      0   0.702   0.007   0.005   0.720     2.384
    6          inf   1.1580e+09   1.1601e+09  50327  12497     0   5690      0     12      0   0.705   0.006   0.005   0.722     3.105
    7          inf   1.1589e+09   1.1596e+09  54477  12505     0   4142      0      8      0   0.768   0.004   0.006   0.783     3.889
    8          inf   1.1591e+09   1.1594e+09  51798  12406     0   2686   5266      6    105   0.782   0.006   0.007   0.830     4.719
    9          inf   1.1593e+09   1.1593e+09  48911  12343     0   1936   4760      5     68   0.757   0.006   0.005   0.799     5.518
   10          inf   1.1593e+09   1.1593e+09  39746  12323     0    718   9863      3     23   0.715   0.006   0.005   0.748     6.266
   11          inf   1.1593e+09   1.1593e+09  33447  12314     0    148   6438      1     10   0.553   0.006   0.004   0.581     6.847
   12   1.1593e+09   1.1593e+09   1.1593e+09  33447  12314     0    *53      0      0      0   0.504   0.005   0.001   0.511     7.357
CG optimal after 12 iterations. UB=1159320995.318041 LB=1159319239.097598 gap=1.756e+03 tol=1.159e+05  t_LP=7.096  t_PR=0.087  t_SP=0.046  t_Tot=7.372

# === STDOUT (result CSV) ===
Setting parameter 'LpMethod' to 2
Setting parameter 'GPUMode' to 2
Setting parameter 'Presolve' to 0
Setting parameter 'Crossover' to 0
instance,formulation,iterations,columns,objective,lower_bound,optimal,time,time_lp,time_pricing,time_separation
/home/simon/code/my/mcfcg/data/commalab/grid/grid13,path,12,33133,1159320995.318041,1159319239.097598,1,7.414,7.096,0.087,0.046
