# cmd: /home/simon/code/my/mcfcg/build/mcfcg_cli /home/simon/code/my/mcfcg/data/commalab/grid/grid1 --solver mosek --formulation tree --max-iters 10000 --time-limit 7200.0
# outcome: ok
# returncode: 0
# === STDERR (CG iteration log + preamble) ===
Instance: 25 vertices, 80 arcs, 50 commodities, 23 sources
Pricing threads: 32 (auto)
Slack mode: CommodityRows (struct=23, capped_arcs=80)
   It           UB           LB       LP_obj   #col   #row  #slk   +col   -col   +cut   -cut    t_LP    t_PR    t_SP   t_Tot     t_acc
    1          inf   8.2017e+05   2.3000e+03     46     23    23      0      0      0      0   0.015   0.001   0.000   0.016     0.016
    2          inf   8.2017e+05   2.3000e+04     46     23    23      0      0      0      0   0.000   0.000   0.000   0.000     0.016
    3          inf   8.2017e+05   2.0734e+05     46     23    19      0      0      0      0   0.000   0.000   0.000   0.000     0.017
    4          inf   8.2017e+05   8.1921e+05     46     29     1      0      0      6      0   0.000   0.000   0.000   0.000     0.017
    5          inf   8.2017e+05   9.8073e+05     57     32     5     11      0      3      0   0.001   0.000   0.000   0.001     0.018
    6          inf   8.2017e+05   1.1015e+06     70     35     7     13      0      3      0   0.001   0.000   0.000   0.001     0.019
    7          inf   8.2017e+05   1.2085e+06     78     35     3      8      0      0      0   0.001   0.000   0.000   0.001     0.019
    8   8.2864e+05   8.2017e+05   8.2864e+05     80     35     0      2      0      0      0   0.001   0.000   0.000   0.001     0.020
    9   8.2750e+05   8.2689e+05   8.2750e+05     82     35     0      2      0      0      0   0.001   0.000   0.000   0.001     0.021
   10   8.2736e+05   8.2699e+05   8.2736e+05     84     34     0      2      0      0      1   0.001   0.000   0.000   0.001     0.022
   11   8.2732e+05   8.2732e+05   8.2732e+05     84     34     0     *0      0      0      0   0.001   0.000   0.000   0.001     0.023
CG optimal after 11 iterations. UB=827319.000166 LB=827318.076924 gap=9.232e-01 tol=8.273e+01  t_LP=0.021  t_PR=0.003  t_SP=0.000  t_Tot=0.024

# === STDOUT (result CSV) ===
instance,formulation,iterations,columns,objective,lower_bound,optimal,time,time_lp,time_pricing,time_separation
/home/simon/code/my/mcfcg/data/commalab/grid/grid1,tree,11,61,827319.000166,827318.076924,1,0.028,0.021,0.003,0.000
