# cmd: /home/simon/code/my/mcfcg/build/mcfcg_cli /home/simon/code/my/mcfcg/data/commalab/grid/grid7 --solver mosek --formulation tree --max-iters 10000 --time-limit 7200.0
# outcome: ok
# returncode: 0
# === STDERR (CG iteration log + preamble) ===
Instance: 400 vertices, 1520 arcs, 400 commodities, 247 sources
Pricing threads: 32 (auto)
Slack mode: CommodityRows (struct=247, capped_arcs=1520)
   It           UB           LB       LP_obj   #col   #row  #slk   +col   -col   +cut   -cut    t_LP    t_PR    t_SP   t_Tot     t_acc
    1          inf   2.5727e+07   2.4700e+04    494    247   247      0      0      0      0   0.010   0.001   0.000   0.011     0.011
    2          inf   2.5727e+07   2.4700e+05    494    247   247      0      0      0      0   0.000   0.001   0.000   0.002     0.013
    3          inf   2.5727e+07   2.4518e+06    494    247   242      0      0      0      0   0.000   0.001   0.000   0.001     0.014
    4          inf   2.5727e+07   1.7985e+07    494    249   101      0      0      2      0   0.000   0.001   0.000   0.001     0.015
    5          inf   2.5727e+07   3.5045e+07    533    346    30     39      0     97      0   0.001   0.001   0.000   0.002     0.017
    6          inf   2.5727e+07   6.4116e+07    712    354   113    184      5      8      0   0.010   0.000   0.000   0.011     0.028
    7          inf   2.5727e+07   8.5724e+07    893    362    64    181      0      8      0   0.010   0.000   0.000   0.011     0.039
    8          inf   2.5727e+07   3.2469e+07   1057    392    14    164      0     30      0   0.013   0.000   0.000   0.014     0.054
    9          inf   2.5785e+07   2.5899e+07   1212    407     0    155      0     15      0   0.025   0.000   0.000   0.026     0.080
   10          inf   2.5826e+07   2.5882e+07   1330    419     0    126      8     12      0   0.030   0.000   0.001   0.032     0.112
   11          inf   2.5842e+07   2.5872e+07   1414    400     0    111     27      2     21   0.030   0.000   0.000   0.031     0.143
   12          inf   2.5855e+07   2.5866e+07   1445    402     0     83     52      5      3   0.028   0.001   0.000   0.030     0.172
   13          inf   2.5857e+07   2.5865e+07   1422    402     0     58     81      3      3   0.026   0.001   0.000   0.027     0.200
   14          inf   2.5862e+07   2.5864e+07   1310    391     0     48    160      2     13   0.026   0.001   0.000   0.028     0.228
   15          inf   2.5863e+07   2.5864e+07   1193    383     0     29    146      2     10   0.027   0.001   0.000   0.029     0.256
   16          inf   2.5863e+07   2.5865e+07   1105    376     0     46    134      1      8   0.027   0.001   0.000   0.028     0.285
   17   2.5864e+07   2.5864e+07   2.5864e+07   1105    376     0    *18      0      0      0   0.023   0.000   0.000   0.023     0.308
CG optimal after 17 iterations. UB=25864129.542814 LB=25863506.468392 gap=6.231e+02 tol=2.586e+03  t_LP=0.288  t_PR=0.012  t_SP=0.004  t_Tot=0.310

# === STDOUT (result CSV) ===
instance,formulation,iterations,columns,objective,lower_bound,optimal,time,time_lp,time_pricing,time_separation
/home/simon/code/my/mcfcg/data/commalab/grid/grid7,tree,17,858,25864129.542814,25863506.468392,1,0.315,0.288,0.012,0.004
