# cmd: /home/simon/code/my/mcfcg/build/mcfcg_cli /home/simon/code/my/mcfcg/data/commalab/grid/grid9 --solver copt --formulation path --max-iters 10000 --time-limit 7200.0
# outcome: ok
# returncode: 0
# === STDERR (CG iteration log + preamble) ===
Instance: 625 vertices, 2400 arcs, 1000 commodities, 495 sources
Pricing threads: 32 (auto)
Slack mode: CommodityRows (struct=1000, capped_arcs=2400)
   It           UB           LB       LP_obj   #col   #row  #slk   +col   -col   +cut   -cut    t_LP    t_PR    t_SP   t_Tot     t_acc
    1          inf   8.1702e+07   5.6336e+06   2000   1000   997      0      0      0      0   0.376   0.004   0.000   0.380     0.380
    2          inf   8.1702e+07   5.0596e+07   2000   1000   710      0      0      0      0   0.167   0.003   0.000   0.170     0.550
    3          inf   8.1702e+07   8.1702e+07   2000   1327     0      0      0    327      0   0.165   0.003   0.000   0.169     0.718
    4          inf   8.1702e+07   2.0615e+08   2742   1327   393    742      0      0      0   0.229   0.001   0.000   0.232     0.950
    5          inf   8.1702e+07   5.0315e+08   3504   1354   313    762      0     27      0   0.227   0.001   0.000   0.230     1.180
    6          inf   8.1702e+07   4.4585e+08   4262   1406   199    758      0     52      0   0.238   0.002   0.001   0.241     1.421
    7          inf   8.1702e+07   1.1838e+08   5018   1473    54    756      0     67      0   0.307   0.002   0.000   0.310     1.731
    8          inf   8.1723e+07   8.2884e+07   5740   1519     1    722      0     46      0   0.383   0.001   0.001   0.388     2.119
    9          inf   8.2350e+07   8.2784e+07   6257   1469     0    621    104     22     72   0.316   0.001   0.000   0.319     2.438
   10          inf   8.2502e+07   8.2725e+07   6585   1488     0    551    223     20      1   0.297   0.001   0.000   0.301     2.740
   11          inf   8.2550e+07   8.2690e+07   6716   1503     0    489    358     21      6   0.316   0.001   0.001   0.321     3.060
   12          inf   8.2593e+07   8.2675e+07   6655   1500     0    404    465      9     12   0.335   0.002   0.000   0.339     3.400
   13          inf   8.2617e+07   8.2663e+07   6177   1485     0    349    827      5     20   0.319   0.001   0.000   0.323     3.722
   14          inf   8.2634e+07   8.2658e+07   5697   1468     0    281    761      2     19   0.320   0.001   0.000   0.323     4.046
   15          inf   8.2643e+07   8.2655e+07   5319   1456     0    194    572      3     15   0.342   0.002   0.001   0.346     4.392
   16          inf   8.2648e+07   8.2654e+07   4975   1454     0    132    476      6      8   0.330   0.001   0.000   0.333     4.725
   17          inf   8.2650e+07   8.2653e+07   4741   1445     0    115    349      1     10   0.310   0.001   0.000   0.313     5.038
   18   8.2653e+07   8.2653e+07   8.2653e+07   4741   1445     0    *41      0      0      0   0.348   0.002   0.000   0.350     5.388
CG optimal after 18 iterations. UB=82652991.832995 LB=82652665.684050 gap=3.261e+02 tol=8.265e+03  t_LP=5.325  t_PR=0.035  t_SP=0.008  t_Tot=5.393

# === STDOUT (result CSV) ===
Setting parameter 'LpMethod' to 2
Setting parameter 'GPUMode' to 2
Setting parameter 'Presolve' to 0
Setting parameter 'Crossover' to 0
instance,formulation,iterations,columns,objective,lower_bound,optimal,time,time_lp,time_pricing,time_separation
/home/simon/code/my/mcfcg/data/commalab/grid/grid9,path,18,3741,82652991.832995,82652665.684050,1,5.412,5.325,0.035,0.008
