# cmd: /home/simon/code/my/mcfcg/build/mcfcg_cli /home/simon/code/my/mcfcg/data/commalab/grid/grid11 --solver mosek --formulation path --max-iters 10000 --time-limit 7200.0
# outcome: ok
# returncode: 0
# === STDERR (CG iteration log + preamble) ===
Instance: 625 vertices, 2400 arcs, 4000 commodities, 625 sources
Pricing threads: 32 (auto)
Slack mode: EdgeRows (struct=4000, capped_arcs=2400)
   It           UB           LB       LP_obj   #col   #row  #slk   +col   -col   +cut   -cut    t_LP    t_PR    t_SP   t_Tot     t_acc
    1          inf   3.2684e+08   3.2684e+08   4241   4241     0      0      0    241      0   0.014   0.005   0.002   0.021     0.021
    2          inf   3.2684e+08   3.9001e+08   7583   4241   241   3342      0      0      0   0.088   0.003   0.000   0.094     0.115
    3          inf   3.2704e+08   3.3040e+08   9985   4365     0   2278      0    124      0   0.109   0.003   0.002   0.117     0.232
    4          inf   3.2704e+08   3.3107e+08  12796   4383     8   2793      0     18      0   0.396   0.003   0.004   0.407     0.639
    5          inf   3.2824e+08   3.2985e+08  15078   4402     0   2263      0     19      0   0.526   0.003   0.003   0.534     1.174
    6          inf   3.2873e+08   3.2952e+08  17023   4415     0   1932      0     13      0   0.530   0.003   0.003   0.540     1.713
    7          inf   3.2901e+08   3.2938e+08  18555   4424     0   1523      0      9      0   0.457   0.003   0.004   0.468     2.181
    8          inf   3.2915e+08   3.2931e+08  18029   4353     0   1152   1607      3     74   0.496   0.003   0.005   0.508     2.689
    9          inf   3.2922e+08   3.2928e+08  17278   4312     0    871   1581     10     51   0.422   0.003   0.005   0.433     3.122
   10          inf   3.2923e+08   3.2926e+08  14704   4303     0    503   3068      5     14   0.346   0.003   0.004   0.357     3.479
   11          inf   3.2925e+08   3.2926e+08  12900   4298     0    160   1959      4      9   0.286   0.003   0.003   0.294     3.773
   12          inf   3.2926e+08   3.2926e+08  11084   4290     0     68   1876      1      9   0.326   0.003   0.002   0.333     4.107
   13          inf   3.2926e+08   3.2926e+08  10312   4283     0     98    863      1      8   0.264   0.003   0.002   0.271     4.378
   14   3.2926e+08   3.2926e+08   3.2926e+08  10312   4283     0    *14      0      0      0   0.250   0.002   0.000   0.252     4.630
CG optimal after 14 iterations. UB=329258175.632075 LB=329257878.238690 gap=2.974e+02 tol=3.293e+04  t_LP=4.509  t_PR=0.055  t_SP=0.040  t_Tot=4.644

# === STDOUT (result CSV) ===
instance,formulation,iterations,columns,objective,lower_bound,optimal,time,time_lp,time_pricing,time_separation
/home/simon/code/my/mcfcg/data/commalab/grid/grid11,path,14,10029,329258175.632075,329257878.238690,1,4.651,4.509,0.055,0.040
