# cmd: /home/simon/code/my/mcfcg/build/mcfcg_cli /home/simon/code/my/mcfcg/data/commalab/grid/grid8 --solver copt --formulation path --max-iters 10000 --time-limit 7200.0
# outcome: ok
# returncode: 0
# === STDERR (CG iteration log + preamble) ===
Instance: 625 vertices, 2400 arcs, 500 commodities, 343 sources
Pricing threads: 32 (auto)
Slack mode: CommodityRows (struct=500, capped_arcs=2400)
   It           UB           LB       LP_obj   #col   #row  #slk   +col   -col   +cut   -cut    t_LP    t_PR    t_SP   t_Tot     t_acc
    1          inf   4.1328e+07   2.7778e+06   1000    500   499      0      0      0      0   0.387   0.002   0.000   0.390     0.390
    2          inf   4.1328e+07   2.5136e+07   1000    500   349      0      0      0      0   0.154   0.002   0.000   0.156     0.546
    3          inf   4.1328e+07   4.1328e+07   1000    776     0      0      0    276      0   0.153   0.002   0.000   0.155     0.701
    4          inf   4.1328e+07   1.0076e+08   1369    776   208    369      0      0      0   0.200   0.003   0.000   0.206     0.907
    5          inf   4.1328e+07   2.3437e+08   1721    799   176    352      0     23      0   0.202   0.001   0.000   0.203     1.111
    6          inf   4.1328e+07   1.6668e+08   2092    847    92    371      0     48      0   0.218   0.001   0.001   0.221     1.332
    7          inf   4.1328e+07   5.5419e+07   2460    908    23    368      0     61      0   0.259   0.001   0.000   0.261     1.593
    8          inf   4.1384e+07   4.1799e+07   2791    932     0    331      0     24      0   0.278   0.001   0.000   0.280     1.872
    9          inf   4.1620e+07   4.1763e+07   3016    858     0    268     43      9     83   0.287   0.001   0.000   0.290     2.162
   10          inf   4.1640e+07   4.1740e+07   3160    876     0    249    105     18      0   0.272   0.001   0.000   0.274     2.437
   11          inf   4.1661e+07   4.1728e+07   3257    879     0    209    112      7      4   0.267   0.001   0.000   0.269     2.706
   12          inf   4.1681e+07   4.1720e+07   3195    872     0    179    241      3     10   0.264   0.001   0.000   0.267     2.973
   13          inf   4.1697e+07   4.1715e+07   2929    854     0    131    397      5     23   0.258   0.001   0.002   0.263     3.235
   14          inf   4.1703e+07   4.1713e+07   2719    843     0    117    327      1     12   0.277   0.001   0.000   0.279     3.515
   15          inf   4.1708e+07   4.1712e+07   2545    835     0     59    233      2     10   0.276   0.001   0.000   0.279     3.794
   16          inf   4.1710e+07   4.1711e+07   2363    821     0     46    228      3     17   0.257   0.001   0.000   0.259     4.052
   17   4.1711e+07   4.1711e+07   4.1711e+07   2363    821     0     *7      0      0      0   0.246   0.001   0.000   0.248     4.300
CG optimal after 17 iterations. UB=41711159.723240 LB=41710972.817763 gap=1.869e+02 tol=4.171e+03  t_LP=4.256  t_PR=0.027  t_SP=0.008  t_Tot=4.306

# === STDOUT (result CSV) ===
Setting parameter 'LpMethod' to 2
Setting parameter 'GPUMode' to 2
Setting parameter 'Presolve' to 0
Setting parameter 'Crossover' to 0
instance,formulation,iterations,columns,objective,lower_bound,optimal,time,time_lp,time_pricing,time_separation
/home/simon/code/my/mcfcg/data/commalab/grid/grid8,path,17,1863,41711159.723240,41710972.817763,1,4.326,4.256,0.027,0.008
