# cmd: /home/simon/code/my/mcfcg/build/mcfcg_cli /home/simon/code/my/mcfcg/data/commalab/grid/grid10 --solver copt --formulation path --max-iters 10000 --time-limit 7200.0
# outcome: ok
# returncode: 0
# === STDERR (CG iteration log + preamble) ===
Instance: 625 vertices, 2400 arcs, 2000 commodities, 593 sources
Pricing threads: 32 (auto)
Slack mode: CommodityRows (struct=2000, capped_arcs=2400)
   It           UB           LB       LP_obj   #col   #row  #slk   +col   -col   +cut   -cut    t_LP    t_PR    t_SP   t_Tot     t_acc
    1          inf   1.6221e+08   1.1189e+07   4000   2000  1987      0      0      0      0   0.385   0.005   0.000   0.390     0.390
    2          inf   1.6221e+08   9.9736e+07   4000   2000  1410      0      0      0      0   0.161   0.004   0.000   0.165     0.555
    3          inf   1.6221e+08   1.6221e+08   4000   2320     0      0      0    320      0   0.151   0.005   0.000   0.157     0.712
    4          inf   1.6221e+08   3.9375e+08   5453   2320   742   1453      0      0      0   0.222   0.002   0.000   0.225     0.937
    5          inf   1.6221e+08   8.1998e+08   6926   2339   606   1473      0     19      0   0.263   0.002   0.000   0.267     1.204
    6          inf   1.6221e+08   6.3927e+08   8440   2406   340   1514      0     67      0   0.259   0.002   0.000   0.264     1.468
    7          inf   1.6221e+08   2.6916e+08   9965   2458   163   1525      0     52      0   0.313   0.002   0.000   0.317     1.785
    8          inf   1.6292e+08   1.6450e+08  11325   2499     0   1360      0     41      0   0.387   0.002   0.000   0.390     2.175
    9          inf   1.6375e+08   1.6432e+08  12244   2451     0   1144    225     24     72   0.384   0.002   0.000   0.391     2.566
   10          inf   1.6390e+08   1.6422e+08  12750   2471     0   1001    495     20      0   0.371   0.002   0.000   0.377     2.942
   11          inf   1.6399e+08   1.6416e+08  12882   2479     0    901    769     13      5   0.372   0.002   0.000   0.378     3.321
   12          inf   1.6405e+08   1.6414e+08  12468   2475     0    695   1109      6     10   0.358   0.002   0.000   0.364     3.684
   13          inf   1.6407e+08   1.6412e+08  11324   2461     0    537   1681      8     22   0.346   0.002   0.000   0.353     4.037
   14          inf   1.6409e+08   1.6411e+08  10234   2448     0    422   1512      2     15   0.356   0.002   0.000   0.362     4.399
   15          inf   1.6410e+08   1.6411e+08   9522   2441     0    290   1002      4     11   0.364   0.002   0.000   0.370     4.769
   16          inf   1.6411e+08   1.6411e+08   8800   2434     0    121    843      4     11   0.329   0.002   0.000   0.334     5.103
   17   1.6411e+08   1.6411e+08   1.6411e+08   8800   2434     0     *6      0      0      0   0.342   0.002   0.000   0.345     5.448
CG optimal after 17 iterations. UB=164110871.836859 LB=164110640.626494 gap=2.312e+02 tol=1.641e+04  t_LP=5.365  t_PR=0.048  t_SP=0.006  t_Tot=5.455

# === STDOUT (result CSV) ===
Setting parameter 'LpMethod' to 2
Setting parameter 'GPUMode' to 2
Setting parameter 'Presolve' to 0
Setting parameter 'Crossover' to 0
instance,formulation,iterations,columns,objective,lower_bound,optimal,time,time_lp,time_pricing,time_separation
/home/simon/code/my/mcfcg/data/commalab/grid/grid10,path,17,6800,164110871.836859,164110640.626494,1,5.477,5.365,0.048,0.006
