# cmd: /home/simon/code/my/mcfcg/build/mcfcg_cli /home/simon/code/my/mcfcg/data/commalab/grid/grid5 --solver mosek --formulation path --max-iters 10000 --time-limit 7200.0
# outcome: ok
# returncode: 0
# === STDERR (CG iteration log + preamble) ===
Instance: 225 vertices, 840 arcs, 100 commodities, 83 sources
Pricing threads: 32 (auto)
Slack mode: CommodityRows (struct=100, capped_arcs=840)
   It           UB           LB       LP_obj   #col   #row  #slk   +col   -col   +cut   -cut    t_LP    t_PR    t_SP   t_Tot     t_acc
    1          inf   5.0295e+06   5.5950e+05    200    100   100      0      0      0      0   0.009   0.000   0.000   0.009     0.009
    2          inf   5.0295e+06   4.3345e+06    200    107    35      0      0      7      0   0.000   0.000   0.000   0.001     0.010
    3          inf   5.0295e+06   7.3488e+06    225    123    19     25      0     16      0   0.001   0.000   0.000   0.001     0.011
    4          inf   5.0295e+06   9.2773e+06    267    133    22     42      0     10      0   0.002   0.000   0.000   0.002     0.013
    5          inf   5.0295e+06   6.4630e+06    305    147     8     38      0     14      0   0.002   0.000   0.000   0.002     0.016
    6          inf   5.0295e+06   5.0550e+06    340    152     2     36      1      5      0   0.003   0.000   0.000   0.004     0.019
    7          inf   5.0453e+06   5.0505e+06    359    153     0     19      0      1      0   0.004   0.000   0.000   0.004     0.023
    8          inf   5.0491e+06   5.0498e+06    364    156     0      7      2      3      0   0.004   0.000   0.000   0.004     0.027
    9          inf   5.0493e+06   5.0496e+06    365    156     0      4      3      1      1   0.004   0.000   0.000   0.004     0.031
   10   5.0497e+06   5.0497e+06   5.0497e+06    365    156     0     *0      0      0      0   0.003   0.000   0.000   0.004     0.035
CG optimal after 10 iterations. UB=5049671.998284 LB=5049666.181297 gap=5.817e+00 tol=5.050e+02  t_LP=0.031  t_PR=0.004  t_SP=0.001  t_Tot=0.037

# === STDOUT (result CSV) ===
instance,formulation,iterations,columns,objective,lower_bound,optimal,time,time_lp,time_pricing,time_separation
/home/simon/code/my/mcfcg/data/commalab/grid/grid5,path,10,265,5049671.998284,5049666.181297,1,0.041,0.031,0.004,0.001
