# cmd: /home/simon/code/my/mcfcg/build/mcfcg_cli /home/simon/code/my/mcfcg/data/commalab/grid/grid9 --solver mosek --formulation path --max-iters 10000 --time-limit 7200.0
# outcome: ok
# returncode: 0
# === STDERR (CG iteration log + preamble) ===
Instance: 625 vertices, 2400 arcs, 1000 commodities, 495 sources
Pricing threads: 32 (auto)
Slack mode: CommodityRows (struct=1000, capped_arcs=2400)
   It           UB           LB       LP_obj   #col   #row  #slk   +col   -col   +cut   -cut    t_LP    t_PR    t_SP   t_Tot     t_acc
    1          inf   8.1702e+07   5.6336e+06   2000   1000   997      0      0      0      0   0.010   0.003   0.000   0.013     0.013
    2          inf   8.1702e+07   5.0596e+07   2000   1000   710      0      0      0      0   0.001   0.003   0.000   0.004     0.017
    3          inf   8.1702e+07   8.1702e+07   2000   1327     0      0      0    327      0   0.001   0.002   0.001   0.004     0.021
    4          inf   8.1702e+07   2.0615e+08   2742   1327   393    742      0      0      0   0.076   0.001   0.001   0.080     0.100
    5          inf   8.1702e+07   5.0663e+08   3497   1352   314    755      0     25      0   0.118   0.001   0.000   0.121     0.221
    6          inf   8.1702e+07   3.6473e+08   4260   1413   187    763      0     61      0   0.123   0.002   0.001   0.127     0.348
    7          inf   8.1702e+07   1.2416e+08   5046   1484    69    786      0     71      0   0.172   0.002   0.001   0.176     0.525
    8          inf   8.1702e+07   8.2882e+07   5738   1518     1    692      0     34      0   0.215   0.002   0.001   0.219     0.744
    9          inf   8.2365e+07   8.2780e+07   6236   1469     0    610    112     26     75   0.217   0.002   0.001   0.222     0.965
   10          inf   8.2513e+07   8.2722e+07   6565   1497     0    535    206     29      1   0.202   0.002   0.001   0.207     1.172
   11          inf   8.2552e+07   8.2688e+07   6696   1502     0    479    348     11      6   0.241   0.002   0.001   0.246     1.418
   12          inf   8.2596e+07   8.2669e+07   6640   1499     0    410    466     13     16   0.264   0.002   0.001   0.269     1.686
   13          inf   8.2623e+07   8.2661e+07   6178   1479     0    325    787      2     22   0.210   0.002   0.001   0.215     1.901
   14          inf   8.2639e+07   8.2656e+07   5737   1473     0    223    664      9     15   0.228   0.002   0.001   0.233     2.134
   15          inf   8.2645e+07   8.2654e+07   5369   1461     0    203    571      1     13   0.212   0.001   0.001   0.216     2.350
   16          inf   8.2650e+07   8.2653e+07   5031   1450     0    117    455      2     13   0.224   0.001   0.001   0.227     2.577
   17          inf   8.2652e+07   8.2653e+07   4714   1447     0     27    344      3      6   0.171   0.001   0.001   0.174     2.751
   18   8.2653e+07   8.2653e+07   8.2653e+07   4714   1447     0     *8      0      0      0   0.174   0.002   0.001   0.177     2.928
CG optimal after 18 iterations. UB=82652985.596805 LB=82652738.724933 gap=2.469e+02 tol=8.265e+03  t_LP=2.857  t_PR=0.040  t_SP=0.013  t_Tot=2.935

# === STDOUT (result CSV) ===
instance,formulation,iterations,columns,objective,lower_bound,optimal,time,time_lp,time_pricing,time_separation
/home/simon/code/my/mcfcg/data/commalab/grid/grid9,path,18,3714,82652985.596805,82652738.724933,1,2.940,2.857,0.040,0.013
