# cmd: /home/simon/code/my/mcfcg/build/mcfcg_cli /home/simon/code/my/mcfcg/data/commalab/grid/grid13 --solver copt --formulation tree --max-iters 10000 --time-limit 7200.0
# outcome: ok
# returncode: 0
# === STDERR (CG iteration log + preamble) ===
Instance: 900 vertices, 3480 arcs, 12000 commodities, 900 sources
Pricing threads: 32 (auto)
Slack mode: CommodityRows (struct=900, capped_arcs=3480)
   It           UB           LB       LP_obj   #col   #row  #slk   +col   -col   +cut   -cut    t_LP    t_PR    t_SP   t_Tot     t_acc
    1          inf   1.1535e+09   9.0000e+04   1800    900   900      0      0      0      0   0.460   0.013   0.000   0.473     0.473
    2          inf   1.1535e+09   9.0000e+05   1800    900   900      0      0      0      0   0.165   0.013   0.000   0.179     0.652
    3          inf   1.1535e+09   9.0000e+06   1800    900   900      0      0      0      0   0.155   0.014   0.000   0.169     0.821
    4          inf   1.1535e+09   9.0000e+07   1800    900   900      0      0      0      0   0.151   0.013   0.000   0.164     0.985
    5          inf   1.1535e+09   8.3935e+08   1800    900   628      0      0      0      0   0.155   0.012   0.000   0.168     1.152
    6          inf   1.1535e+09   1.1535e+09   1800   1187     0      0      0    287      0   0.158   0.013   0.001   0.172     1.324
    7          inf   1.1535e+09   3.4211e+09   2693   1187   535    893      0      0      0   0.251   0.007   0.000   0.260     1.585
    8          inf   1.1535e+09   5.8399e+09   3590   1191   480    897      0      4      0   0.297   0.006   0.000   0.308     1.892
    9          inf   1.1535e+09   1.3450e+10   4490   1204   280    900      0     13      0   0.324   0.006   0.000   0.334     2.226
   10          inf   1.1535e+09   1.2688e+10   5390   1237   127    900      0     33      0   0.351   0.007   0.001   0.362     2.589
   11          inf   1.1535e+09   5.5738e+09   6290   1282    54    900      0     45      0   0.447   0.006   0.001   0.459     3.048
   12          inf   1.1535e+09   1.1630e+09   6929   1196     0    900    261     22    108   0.576   0.006   0.001   0.595     3.643
   13          inf   1.1554e+09   1.1620e+09   7399   1207     0    900    430     12      1   0.427   0.005   0.001   0.443     4.087
   14          inf   1.1571e+09   1.1613e+09   7841   1220     0    900    458     15      2   0.446   0.006   0.001   0.464     4.550
   15          inf   1.1571e+09   1.1607e+09   8185   1226     0    900    556      8      2   0.437   0.005   0.002   0.455     5.005
   16          inf   1.1580e+09   1.1604e+09   8388   1229     0    899    696      9      6   0.455   0.006   0.002   0.475     5.481
   17          inf   1.1583e+09   1.1600e+09   8224   1220     0    900   1064      4     13   0.473   0.005   0.002   0.492     5.973
   18          inf   1.1587e+09   1.1598e+09   7981   1203     0    898   1141      6     23   0.441   0.004   0.002   0.460     6.433
   19          inf   1.1588e+09   1.1596e+09   7961   1198     0    898    918      6     11   0.397   0.006   0.002   0.416     6.849
   20          inf   1.1590e+09   1.1595e+09   8026   1199     0    898    833      7      6   0.434   0.006   0.002   0.453     7.301
   21          inf   1.1591e+09   1.1595e+09   7987   1198     0    893    932      3      4   0.432   0.006   0.002   0.452     7.753
   22          inf   1.1591e+09   1.1594e+09   7986   1197     0    885    886      4      5   0.431   0.006   0.002   0.450     8.203
   23          inf   1.1592e+09   1.1594e+09   7982   1198     0    883    887      5      4   0.456   0.006   0.002   0.475     8.678
   24          inf   1.1593e+09   1.1593e+09   7979   1197     0    871    874      5      6   0.428   0.006   0.002   0.448     9.126
   25          inf   1.1593e+09   1.1593e+09   7979   1197     0    873    873      3      3   0.435   0.005   0.002   0.455     9.582
   26          inf   1.1593e+09   1.1593e+09   7968   1195     0    863    874      1      3   0.450   0.005   0.002   0.469    10.050
   27   1.1593e+09   1.1593e+09   1.1593e+09   7968   1195     0   *818      0      0      0   0.459   0.005   0.002   0.467    10.517
CG optimal after 27 iterations. UB=1159321548.252857 LB=1159313959.713684 gap=7.589e+03 tol=1.159e+05  t_LP=10.092  t_PR=0.211  t_SP=0.031  t_Tot=10.530

# === STDOUT (result CSV) ===
Setting parameter 'LpMethod' to 2
Setting parameter 'GPUMode' to 2
Setting parameter 'Presolve' to 0
Setting parameter 'Crossover' to 0
instance,formulation,iterations,columns,objective,lower_bound,optimal,time,time_lp,time_pricing,time_separation
/home/simon/code/my/mcfcg/data/commalab/grid/grid13,tree,27,7068,1159321548.252857,1159313959.713684,1,10.560,10.092,0.211,0.031
