# cmd: /home/simon/code/my/mcfcg/build/mcfcg_cli /home/simon/code/my/mcfcg/data/commalab/grid/grid15 --solver copt --formulation tree --max-iters 10000 --time-limit 7200.0
# outcome: ok
# returncode: 0
# === STDERR (CG iteration log + preamble) ===
Instance: 1225 vertices, 4760 arcs, 32000 commodities, 1225 sources
Pricing threads: 32 (auto)
Slack mode: CommodityRows (struct=1225, capped_arcs=4760)
   It           UB           LB       LP_obj   #col   #row  #slk   +col   -col   +cut   -cut    t_LP    t_PR    t_SP   t_Tot     t_acc
    1          inf   3.5815e+09   1.2250e+05   2450   1225  1225      0      0      0      0   0.382   0.024   0.001   0.406     0.406
    2          inf   3.5815e+09   1.2250e+06   2450   1225  1225      0      0      0      0   0.160   0.024   0.001   0.185     0.592
    3          inf   3.5815e+09   1.2250e+07   2450   1225  1225      0      0      0      0   0.151   0.027   0.001   0.179     0.770
    4          inf   3.5815e+09   1.2250e+08   2450   1225  1225      0      0      0      0   0.151   0.026   0.001   0.178     0.948
    5          inf   3.5815e+09   1.2248e+09   2450   1225  1223      0      0      0      0   0.156   0.028   0.001   0.185     1.133
    6          inf   3.5815e+09   3.5815e+09   2450   1483     0      0      0    258      0   0.160   0.021   0.002   0.183     1.317
    7          inf   3.5815e+09   7.2061e+09   3675   1483   561   1225      0      0      0   0.297   0.013   0.001   0.317     1.633
    8          inf   3.5815e+09   1.0864e+10   4900   1484   606   1225      0      1      0   0.338   0.012   0.001   0.358     1.991
    9          inf   3.5815e+09   2.2924e+10   6125   1496   294   1225      0     12      0   0.427   0.012   0.002   0.448     2.439
   10          inf   3.5815e+09   2.1194e+10   7350   1509   189   1225      0     13      0   0.477   0.013   0.002   0.500     2.939
   11          inf   3.5815e+09   8.4827e+09   8575   1528    52   1225      0     19      0   0.553   0.013   0.001   0.576     3.515
   12          inf   3.5815e+09   3.6020e+09   9585   1429     0   1225    215     21    120   0.703   0.014   0.003   0.741     4.256
   13          inf   3.5853e+09   3.5994e+09  10229   1440     0   1225    581     14      3   0.483   0.013   0.003   0.519     4.775
   14          inf   3.5884e+09   3.5977e+09  10706   1455     0   1225    748     16      1   0.499   0.012   0.003   0.536     5.311
   15          inf   3.5886e+09   3.5969e+09  11081   1459     0   1225    850      8      4   0.489   0.013   0.003   0.527     5.838
   16          inf   3.5905e+09   3.5961e+09  11312   1456     0   1225    994      2      5   0.520   0.014   0.003   0.559     6.397
   17          inf   3.5913e+09   3.5954e+09  11033   1451     0   1225   1504      2      7   0.549   0.011   0.004   0.586     6.984
   18          inf   3.5917e+09   3.5949e+09  10684   1439     0   1224   1573      1     13   0.512   0.012   0.004   0.550     7.534
   19          inf   3.5921e+09   3.5945e+09  10692   1434     0   1225   1217      6     11   0.475   0.013   0.004   0.513     8.047
   20          inf   3.5926e+09   3.5941e+09  10775   1432     0   1222   1139      3      5   0.519   0.012   0.003   0.555     8.602
   21          inf   3.5928e+09   3.5939e+09  10697   1431     0   1221   1299      4      5   0.490   0.012   0.004   0.528     9.130
   22          inf   3.5930e+09   3.5938e+09  10645   1431     0   1212   1264      3      3   0.456   0.011   0.004   0.493     9.623
   23   3.5937e+09   3.5932e+09   3.5937e+09  10703   1428     0   1213   1155      0      3   0.541   0.011   0.003   0.576    10.198
   24   3.5937e+09   3.5933e+09   3.5936e+09  10677   1430     0   1222   1248      4      2   0.502   0.012   0.003   0.541    10.739
   25   3.5937e+09   3.5934e+09   3.5936e+09  10677   1434     0  *1198      0      4      0   0.507   0.013   0.003   0.524    11.263
CG optimal after 25 iterations. UB=3593687845.474599 LB=3593371108.919571 gap=3.167e+05 tol=3.594e+05  t_LP=10.497  t_PR=0.407  t_SP=0.060  t_Tot=11.286

# === STDOUT (result CSV) ===
Setting parameter 'LpMethod' to 2
Setting parameter 'GPUMode' to 2
Setting parameter 'Presolve' to 0
Setting parameter 'Crossover' to 0
instance,formulation,iterations,columns,objective,lower_bound,optimal,time,time_lp,time_pricing,time_separation
/home/simon/code/my/mcfcg/data/commalab/grid/grid15,tree,25,9452,3593687845.474599,3593371108.919571,1,11.328,10.497,0.407,0.060
