# cmd: /home/simon/code/my/mcfcg/build/mcfcg_cli /home/simon/code/my/mcfcg/data/commalab/grid/grid8 --solver mosek --formulation path --max-iters 10000 --time-limit 7200.0
# outcome: ok
# returncode: 0
# === STDERR (CG iteration log + preamble) ===
Instance: 625 vertices, 2400 arcs, 500 commodities, 343 sources
Pricing threads: 32 (auto)
Slack mode: CommodityRows (struct=500, capped_arcs=2400)
   It           UB           LB       LP_obj   #col   #row  #slk   +col   -col   +cut   -cut    t_LP    t_PR    t_SP   t_Tot     t_acc
    1          inf   4.1328e+07   2.7778e+06   1000    500   499      0      0      0      0   0.010   0.002   0.000   0.012     0.012
    2          inf   4.1328e+07   2.5136e+07   1000    500   349      0      0      0      0   0.000   0.002   0.001   0.003     0.015
    3          inf   4.1328e+07   4.1328e+07   1000    776     0      0      0    276      0   0.000   0.002   0.000   0.003     0.018
    4          inf   4.1328e+07   1.0076e+08   1369    776   208    369      0      0      0   0.036   0.001   0.000   0.037     0.056
    5          inf   4.1328e+07   2.3597e+08   1728    798   173    359      0     22      0   0.047   0.001   0.000   0.049     0.105
    6          inf   4.1328e+07   1.8250e+08   2100    847    90    372      0     49      0   0.059   0.001   0.000   0.061     0.166
    7          inf   4.1328e+07   4.9588e+07   2485    900    27    385      0     53      0   0.091   0.001   0.000   0.093     0.259
    8          inf   4.1437e+07   4.1806e+07   2820    925     0    335      0     25      0   0.116   0.001   0.001   0.119     0.378
    9          inf   4.1596e+07   4.1764e+07   3057    861     0    280     43     15     79   0.135   0.001   0.001   0.138     0.515
   10          inf   4.1652e+07   4.1743e+07   3204    872     0    235     88     11      0   0.115   0.001   0.001   0.117     0.633
   11          inf   4.1657e+07   4.1728e+07   3308    880     0    218    114     11      3   0.117   0.001   0.000   0.120     0.753
   12          inf   4.1687e+07   4.1720e+07   3253    869     0    184    239      5     16   0.110   0.001   0.001   0.113     0.866
   13          inf   4.1695e+07   4.1715e+07   2985    852     0    149    417      1     18   0.099   0.001   0.001   0.102     0.968
   14   4.1713e+07   4.1700e+07   4.1713e+07   2794    833     0    134    325      0     19   0.094   0.001   0.000   0.096     1.064
   15   4.1713e+07   4.1706e+07   4.1712e+07   2597    826     0     82    279      3     10   0.071   0.001   0.000   0.073     1.137
   16   4.1713e+07   4.1709e+07   4.1711e+07   2597    827     0    *49      0      1      0   0.072   0.001   0.000   0.074     1.211
CG optimal after 16 iterations. UB=41712987.931660 LB=41709088.818176 gap=3.899e+03 tol=4.171e+03  t_LP=1.173  t_PR=0.021  t_SP=0.008  t_Tot=1.214

# === STDOUT (result CSV) ===
instance,formulation,iterations,columns,objective,lower_bound,optimal,time,time_lp,time_pricing,time_separation
/home/simon/code/my/mcfcg/data/commalab/grid/grid8,path,16,2097,41712987.931660,41709088.818176,1,1.219,1.173,0.021,0.008
