# cmd: /home/simon/code/my/mcfcg/build/mcfcg_cli /home/simon/code/my/mcfcg/data/commalab/grid/grid6 --solver mosek --formulation tree --max-iters 10000 --time-limit 7200.0
# outcome: ok
# returncode: 0
# === STDERR (CG iteration log + preamble) ===
Instance: 225 vertices, 840 arcs, 200 commodities, 135 sources
Pricing threads: 32 (auto)
Slack mode: CommodityRows (struct=135, capped_arcs=840)
   It           UB           LB       LP_obj   #col   #row  #slk   +col   -col   +cut   -cut    t_LP    t_PR    t_SP   t_Tot     t_acc
    1          inf   1.0284e+07   1.3500e+04    270    135   135      0      0      0      0   0.011   0.001   0.000   0.012     0.012
    2          inf   1.0284e+07   1.3500e+05    270    135   135      0      0      0      0   0.000   0.000   0.000   0.001     0.012
    3          inf   1.0284e+07   1.3338e+06    270    135   130      0      0      0      0   0.000   0.002   0.000   0.002     0.014
    4          inf   1.0284e+07   8.2519e+06    270    159    35      0      0     24      0   0.000   0.000   0.000   0.001     0.015
    5          inf   1.0284e+07   1.6279e+07    352    202    63     82      0     43      0   0.002   0.000   0.000   0.003     0.017
    6          inf   1.0284e+07   4.6168e+07    448    214    59     97      1     12      0   0.005   0.000   0.000   0.005     0.022
    7          inf   1.0284e+07   5.8400e+07    548    242    35    100      0     28      0   0.005   0.000   0.000   0.005     0.028
    8          inf   1.0284e+07   1.9094e+07    646    259    14     98      0     17      0   0.007   0.000   0.000   0.007     0.035
    9          inf   1.0284e+07   1.0440e+07    737    274     0     91      0     15      0   0.010   0.000   0.000   0.011     0.046
   10          inf   1.0342e+07   1.0422e+07    802    285     0     79     14     11      0   0.017   0.000   0.000   0.017     0.063
   11          inf   1.0365e+07   1.0414e+07    852    283     0     69     19      3      5   0.017   0.000   0.000   0.018     0.081
   12          inf   1.0389e+07   1.0409e+07    883    287     0     60     29      4      0   0.019   0.001   0.000   0.020     0.101
   13          inf   1.0389e+07   1.0406e+07    901    285     0     62     44      2      4   0.016   0.000   0.000   0.017     0.118
   14          inf   1.0396e+07   1.0404e+07    860    285     0     37     78      3      3   0.020   0.000   0.001   0.021     0.139
   15          inf   1.0397e+07   1.0403e+07    806    277     0     35     89      2     10   0.019   0.000   0.000   0.020     0.159
   16   1.0402e+07   1.0400e+07   1.0402e+07    763    273     0     20     63      0      4   0.016   0.000   0.000   0.017     0.176
   17   1.0402e+07   1.0401e+07   1.0402e+07    710    274     0     12     65      3      2   0.018   0.000   0.000   0.019     0.195
   18   1.0402e+07   1.0402e+07   1.0402e+07    710    274     0    *17      0      0      0   0.018   0.000   0.000   0.018     0.213
CG optimal after 18 iterations. UB=10401768.466119 LB=10401662.402385 gap=1.061e+02 tol=1.040e+03  t_LP=0.198  t_PR=0.008  t_SP=0.003  t_Tot=0.215

# === STDOUT (result CSV) ===
instance,formulation,iterations,columns,objective,lower_bound,optimal,time,time_lp,time_pricing,time_separation
/home/simon/code/my/mcfcg/data/commalab/grid/grid6,tree,18,575,10401768.466119,10401662.402385,1,0.219,0.198,0.008,0.003
