# cmd: /home/simon/code/my/mcfcg/build/mcfcg_cli /home/simon/code/my/mcfcg/data/commalab/grid/grid3 --solver copt --formulation tree --max-iters 10000 --time-limit 7200.0
# outcome: ok
# returncode: 0
# === STDERR (CG iteration log + preamble) ===
Instance: 100 vertices, 360 arcs, 50 commodities, 40 sources
Pricing threads: 32 (auto)
Slack mode: CommodityRows (struct=40, capped_arcs=360)
   It           UB           LB       LP_obj   #col   #row  #slk   +col   -col   +cut   -cut    t_LP    t_PR    t_SP   t_Tot     t_acc
    1          inf   1.5205e+06   4.0000e+03     80     40    40      0      0      0      0   0.348   0.000   0.000   0.349     0.349
    2          inf   1.5205e+06   4.0000e+04     80     40    40      0      0      0      0   0.155   0.000   0.000   0.155     0.504
    3          inf   1.5205e+06   3.9031e+05     80     40    35      0      0      0      0   0.152   0.000   0.000   0.152     0.656
    4          inf   1.5205e+06   1.4936e+06     80     50     1      0      0     10      0   0.151   0.000   0.000   0.151     0.807
    5          inf   1.5205e+06   1.6786e+06     97     50     9     17      0      0      0   0.155   0.000   0.000   0.155     0.962
    6          inf   1.5205e+06   1.8905e+06    104     53     4      7      0      3      0   0.154   0.000   0.000   0.154     1.117
    7          inf   1.5205e+06   1.6558e+06    116     55     2     12      0      2      0   0.157   0.000   0.000   0.157     1.274
    8          inf   1.5225e+06   1.5251e+06    122     56     0      6      0      1      0   0.162   0.000   0.000   0.163     1.436
    9   1.5247e+06   1.5246e+06   1.5247e+06    122     56     0     *1      0      0      0   0.158   0.000   0.000   0.158     1.594
CG optimal after 9 iterations. UB=1524730.000006 LB=1524598.240400 gap=1.318e+02 tol=1.525e+02  t_LP=1.592  t_PR=0.003  t_SP=0.000  t_Tot=1.595

# === STDOUT (result CSV) ===
Setting parameter 'LpMethod' to 2
Setting parameter 'GPUMode' to 2
Setting parameter 'Presolve' to 0
Setting parameter 'Crossover' to 0
instance,formulation,iterations,columns,objective,lower_bound,optimal,time,time_lp,time_pricing,time_separation
/home/simon/code/my/mcfcg/data/commalab/grid/grid3,tree,9,82,1524730.000006,1524598.240400,1,1.608,1.592,0.003,0.000
