# cmd: /home/simon/code/my/mcfcg/build/mcfcg_cli /home/simon/code/my/mcfcg/data/commalab/grid/grid14 --solver mosek --formulation tree --max-iters 10000 --time-limit 7200.0
# outcome: ok
# returncode: 0
# === STDERR (CG iteration log + preamble) ===
Instance: 1225 vertices, 4760 arcs, 16000 commodities, 1225 sources
Pricing threads: 32 (auto)
Slack mode: CommodityRows (struct=1225, capped_arcs=4760)
   It           UB           LB       LP_obj   #col   #row  #slk   +col   -col   +cut   -cut    t_LP    t_PR    t_SP   t_Tot     t_acc
    1          inf   1.7977e+09   1.2250e+05   2450   1225  1225      0      0      0      0   0.013   0.020   0.001   0.034     0.034
    2          inf   1.7977e+09   1.2250e+06   2450   1225  1225      0      0      0      0   0.000   0.018   0.001   0.019     0.053
    3          inf   1.7977e+09   1.2250e+07   2450   1225  1225      0      0      0      0   0.000   0.017   0.001   0.018     0.071
    4          inf   1.7977e+09   1.2250e+08   2450   1225  1225      0      0      0      0   0.000   0.017   0.001   0.018     0.090
    5          inf   1.7977e+09   1.1712e+09   2450   1225   967      0      0      0      0   0.001   0.015   0.001   0.016     0.106
    6          inf   1.7977e+09   1.7977e+09   2450   1442     0      0      0    217      0   0.001   0.015   0.003   0.019     0.125
    7          inf   1.7977e+09   4.6145e+09   3670   1442   606   1220      0      0      0   0.236   0.009   0.001   0.253     0.378
    8          inf   1.7977e+09   5.6036e+09   4892   1442   447   1222      0      0      0   0.189   0.012   0.001   0.211     0.589
    9          inf   1.7977e+09   6.4047e+09   6116   1456   312   1224      0     14      0   0.179   0.014   0.002   0.203     0.792
   10          inf   1.7977e+09   3.8556e+09   7340   1478    83   1224      0     22      0   0.237   0.013   0.003   0.263     1.055
   11          inf   1.7977e+09   1.8057e+09   8565   1498     0   1225      0     20      0   0.462   0.012   0.004   0.487     1.542
   12          inf   1.7997e+09   1.8046e+09   9587   1408     0   1222    200      9     99   0.538   0.011   0.005   0.568     2.110
   13          inf   1.8013e+09   1.8040e+09  10278   1413     0   1221    530      5      0   0.271   0.013   0.004   0.300     2.410
   14          inf   1.8017e+09   1.8035e+09  10804   1421     0   1212    686      9      1   0.327   0.013   0.006   0.358     2.769
   15          inf   1.8020e+09   1.8032e+09  11127   1417     0   1210    887      2      6   0.323   0.013   0.006   0.355     3.124
   16          inf   1.8021e+09   1.8030e+09  10793   1412     0   1196   1530      1      6   0.329   0.012   0.006   0.359     3.483
   17          inf   1.8023e+09   1.8029e+09  10466   1407     0   1166   1493      4      9   0.328   0.011   0.005   0.356     3.839
   18          inf   1.8025e+09   1.8028e+09  10371   1403     0   1154   1249      2      6   0.307   0.011   0.005   0.336     4.175
   19          inf   1.8025e+09   1.8027e+09  10284   1400     0   1130   1217      3      6   0.323   0.012   0.005   0.352     4.527
   20          inf   1.8026e+09   1.8027e+09  10140   1402     0   1063   1207      3      1   0.335   0.012   0.005   0.365     4.891
   21          inf   1.8026e+09   1.8027e+09   9895   1400     0    875   1120      2      4   0.369   0.012   0.005   0.397     5.288
   22          inf   1.8027e+09   1.8027e+09   9510   1399     0    792   1177      3      4   0.359   0.011   0.004   0.385     5.673
   23   1.8027e+09   1.8027e+09   1.8027e+09   9510   1399     0   *486      0      0      0   0.379   0.009   0.002   0.390     6.063
CG optimal after 23 iterations. UB=1802673048.449720 LB=1802670204.397568 gap=2.844e+03 tol=1.803e+05  t_LP=5.507  t_PR=0.323  t_SP=0.075  t_Tot=6.082

# === STDOUT (result CSV) ===
instance,formulation,iterations,columns,objective,lower_bound,optimal,time,time_lp,time_pricing,time_separation
/home/simon/code/my/mcfcg/data/commalab/grid/grid14,tree,23,8285,1802673048.449720,1802670204.397568,1,6.096,5.507,0.323,0.075
