# cmd: /home/simon/code/my/mcfcg/build/mcfcg_cli /home/simon/code/my/mcfcg/data/commalab/grid/grid8 --solver mosek --formulation tree --max-iters 10000 --time-limit 7200.0
# outcome: ok
# returncode: 0
# === STDERR (CG iteration log + preamble) ===
Instance: 625 vertices, 2400 arcs, 500 commodities, 343 sources
Pricing threads: 32 (auto)
Slack mode: CommodityRows (struct=343, capped_arcs=2400)
   It           UB           LB       LP_obj   #col   #row  #slk   +col   -col   +cut   -cut    t_LP    t_PR    t_SP   t_Tot     t_acc
    1          inf   4.1328e+07   3.4300e+04    686    343   343      0      0      0      0   0.009   0.002   0.000   0.012     0.012
    2          inf   4.1328e+07   3.4300e+05    686    343   343      0      0      0      0   0.000   0.002   0.000   0.003     0.015
    3          inf   4.1328e+07   3.4172e+06    686    343   338      0      0      0      0   0.000   0.002   0.000   0.002     0.017
    4          inf   4.1328e+07   2.6022e+07    686    344   167      0      0      1      0   0.000   0.002   0.000   0.002     0.019
    5          inf   4.1328e+07   4.6211e+07    709    593    16     23      0    249      0   0.001   0.001   0.000   0.002     0.022
    6          inf   4.1328e+07   1.0110e+08    981    596   174    274      2      3      0   0.031   0.001   0.000   0.033     0.055
    7          inf   4.1328e+07   2.2008e+08   1239    612   133    258      0     16      0   0.045   0.001   0.000   0.047     0.102
    8          inf   4.1328e+07   1.9625e+08   1510    666    66    271      0     54      0   0.048   0.001   0.000   0.051     0.152
    9          inf   4.1328e+07   8.6803e+07   1796    712    35    286      0     46      0   0.064   0.001   0.000   0.067     0.219
   10          inf   4.1328e+07   4.6163e+07   2064    748     1    268      0     36      0   0.110   0.001   0.000   0.112     0.331
   11          inf   4.1517e+07   4.1789e+07   2269    691     0    245     40     17     74   0.105   0.001   0.001   0.107     0.439
   12          inf   4.1607e+07   4.1760e+07   2423    700     0    219     65     10      1   0.099   0.001   0.001   0.102     0.541
   13          inf   4.1636e+07   4.1742e+07   2542    704     0    202     83      6      2   0.104   0.001   0.001   0.107     0.648
   14          inf   4.1654e+07   4.1728e+07   2574    706     0    195    163     11      9   0.088   0.001   0.001   0.091     0.739
   15          inf   4.1671e+07   4.1721e+07   2511    686     0    171    234      5     25   0.104   0.001   0.001   0.106     0.845
   16          inf   4.1686e+07   4.1719e+07   2337    669     0    152    326      5     22   0.103   0.001   0.001   0.106     0.951
   17          inf   4.1693e+07   4.1715e+07   2236    669     0    130    231      7      7   0.087   0.001   0.001   0.090     1.040
   18          inf   4.1702e+07   4.1713e+07   2182    662     1    122    176      1      8   0.080   0.001   0.001   0.084     1.125
   19          inf   4.1707e+07   4.1712e+07   2082    661     0     88    188      7      8   0.078   0.003   0.001   0.083     1.207
   20          inf   4.1708e+07   4.1712e+07   1989    659     0     90    183      1      3   0.081   0.001   0.001   0.083     1.291
   21          inf   4.1709e+07   4.1711e+07   1900    661     0     54    143      2      0   0.078   0.001   0.001   0.080     1.371
   22          inf   4.1711e+07   4.1711e+07   1775    660     0     33    158      2      3   0.084   0.001   0.001   0.086     1.457
   23          inf   4.1711e+07   4.1711e+07   1703    654     0     23     95      3      9   0.077   0.001   0.000   0.079     1.536
   24   4.1711e+07   4.1711e+07   4.1711e+07   1703    654     0    *34      0      0      0   0.067   0.001   0.001   0.069     1.605
CG optimal after 24 iterations. UB=41711131.699930 LB=41711057.630869 gap=7.407e+01 tol=4.171e+03  t_LP=1.544  t_PR=0.035  t_SP=0.011  t_Tot=1.608

# === STDOUT (result CSV) ===
instance,formulation,iterations,columns,objective,lower_bound,optimal,time,time_lp,time_pricing,time_separation
/home/simon/code/my/mcfcg/data/commalab/grid/grid8,tree,24,1360,41711131.699930,41711057.630869,1,1.613,1.544,0.035,0.011
