# cmd: /home/simon/code/my/mcfcg/build/mcfcg_cli /home/simon/code/my/mcfcg/data/commalab/grid/grid6 --solver copt --formulation path --max-iters 10000 --time-limit 7200.0
# outcome: ok
# returncode: 0
# === STDERR (CG iteration log + preamble) ===
Instance: 225 vertices, 840 arcs, 200 commodities, 135 sources
Pricing threads: 32 (auto)
Slack mode: CommodityRows (struct=200, capped_arcs=840)
   It           UB           LB       LP_obj   #col   #row  #slk   +col   -col   +cut   -cut    t_LP    t_PR    t_SP   t_Tot     t_acc
    1          inf   1.0284e+07   1.1258e+06    400    200   198      0      0      0      0   0.350   0.003   0.000   0.354     0.354
    2          inf   1.0284e+07   8.7504e+06    400    213    82      0      0     13      0   0.162   0.001   0.000   0.163     0.516
    3          inf   1.0284e+07   1.7843e+07    481    270    56     81      0     57      0   0.159   0.000   0.000   0.159     0.676
    4          inf   1.0284e+07   2.8483e+07    611    289    72    130      0     19      0   0.174   0.000   0.000   0.175     0.851
    5          inf   1.0284e+07   2.1995e+07    740    314    40    129      0     25      0   0.182   0.000   0.000   0.183     1.033
    6          inf   1.0284e+07   1.1928e+07    870    335     8    134      4     21      0   0.186   0.000   0.000   0.187     1.220
    7          inf   1.0301e+07   1.0423e+07    983    350     0    113      0     15      0   0.196   0.001   0.000   0.197     1.418
    8   1.0413e+07   1.0367e+07   1.0413e+07   1068    350     0     93      8      0      0   0.205   0.000   0.000   0.206     1.624
    9   1.0413e+07   1.0390e+07   1.0405e+07   1110    349     0     63     21      6      7   0.196   0.000   0.000   0.197     1.820
   10   1.0413e+07   1.0394e+07   1.0402e+07   1116    352     0     42     36      4      1   0.197   0.000   0.000   0.197     2.018
   11   1.0413e+07   1.0399e+07   1.0402e+07   1075    349     0     33     74      4      7   0.204   0.000   0.000   0.205     2.223
   12   1.0413e+07   1.0401e+07   1.0402e+07    965    344     0      9    119      2      7   0.200   0.000   0.000   0.201     2.424
   13   1.0413e+07   1.0402e+07   1.0402e+07    869    337     0      5    101      1      8   0.197   0.000   0.000   0.197     2.621
   14   1.0413e+07   1.0402e+07   1.0402e+07    869    338     0      0      0      1      0   0.192   0.003   0.001   0.195     2.817
   15   1.0402e+07   1.0402e+07   1.0402e+07    869    338     0     *0      0      0      0   0.208   0.000   0.000   0.209     3.025
CG optimal after 15 iterations. UB=10401729.122772 LB=10401717.234125 gap=1.189e+01 tol=1.040e+03  t_LP=3.009  t_PR=0.012  t_SP=0.003  t_Tot=3.028

# === STDOUT (result CSV) ===
Setting parameter 'LpMethod' to 2
Setting parameter 'GPUMode' to 2
Setting parameter 'Presolve' to 0
Setting parameter 'Crossover' to 0
instance,formulation,iterations,columns,objective,lower_bound,optimal,time,time_lp,time_pricing,time_separation
/home/simon/code/my/mcfcg/data/commalab/grid/grid6,path,15,669,10401729.122772,10401717.234125,1,3.045,3.009,0.012,0.003
