# cmd: /home/simon/code/my/mcfcg/build/mcfcg_cli /home/simon/code/my/mcfcg/data/commalab/grid/grid10 --solver mosek --formulation path --max-iters 10000 --time-limit 7200.0
# outcome: ok
# returncode: 0
# === STDERR (CG iteration log + preamble) ===
Instance: 625 vertices, 2400 arcs, 2000 commodities, 593 sources
Pricing threads: 32 (auto)
Slack mode: CommodityRows (struct=2000, capped_arcs=2400)
   It           UB           LB       LP_obj   #col   #row  #slk   +col   -col   +cut   -cut    t_LP    t_PR    t_SP   t_Tot     t_acc
    1          inf   1.6221e+08   1.1189e+07   4000   2000  1987      0      0      0      0   0.014   0.005   0.000   0.019     0.019
    2          inf   1.6221e+08   9.9736e+07   4000   2000  1410      0      0      0      0   0.002   0.004   0.000   0.006     0.025
    3          inf   1.6221e+08   1.6221e+08   4000   2320     0      0      0    320      0   0.002   0.004   0.001   0.007     0.032
    4          inf   1.6221e+08   3.9375e+08   5453   2320   742   1453      0      0      0   0.134   0.003   0.000   0.139     0.170
    5          inf   1.6221e+08   8.2051e+08   6934   2339   608   1481      0     19      0   0.220   0.002   0.001   0.225     0.395
    6          inf   1.6221e+08   6.6273e+08   8429   2399   330   1495      0     60      0   0.228   0.002   0.001   0.234     0.629
    7          inf   1.6221e+08   2.6984e+08   9950   2456   168   1521      0     57      0   0.343   0.002   0.001   0.349     0.978
    8          inf   1.6266e+08   1.6452e+08  11324   2498     0   1374      0     42      0   0.403   0.002   0.001   0.409     1.387
    9          inf   1.6373e+08   1.6432e+08  12226   2449     0   1128    226     26     75   0.399   0.002   0.001   0.406     1.793
   10          inf   1.6388e+08   1.6423e+08  12729   2462     0   1009    506     13      0   0.365   0.002   0.001   0.372     2.165
   11          inf   1.6398e+08   1.6416e+08  12804   2471     0    815    740     14      5   0.418   0.002   0.001   0.424     2.590
   12          inf   1.6406e+08   1.6413e+08  12379   2472     0    703   1128     11     10   0.385   0.002   0.001   0.391     2.981
   13          inf   1.6408e+08   1.6412e+08  11403   2462     0    595   1571      8     18   0.377   0.002   0.001   0.384     3.365
   14          inf   1.6410e+08   1.6411e+08  10225   2443     0    359   1537      4     23   0.360   0.002   0.001   0.366     3.731
   15          inf   1.6411e+08   1.6411e+08   9447   2440     0    127    905      2      5   0.321   0.001   0.001   0.326     4.057
   16          inf   1.6411e+08   1.6411e+08   8716   2434     0     99    830      1      7   0.323   0.002   0.001   0.328     4.385
   17   1.6411e+08   1.6411e+08   1.6411e+08   8716   2434     0     *2      0      0      0   0.303   0.002   0.000   0.306     4.691
CG optimal after 17 iterations. UB=164110897.086825 LB=164110701.601688 gap=1.955e+02 tol=1.641e+04  t_LP=4.595  t_PR=0.049  t_SP=0.015  t_Tot=4.697

# === STDOUT (result CSV) ===
instance,formulation,iterations,columns,objective,lower_bound,optimal,time,time_lp,time_pricing,time_separation
/home/simon/code/my/mcfcg/data/commalab/grid/grid10,path,17,6716,164110897.086825,164110701.601688,1,4.704,4.595,0.049,0.015
