# cmd: /home/simon/code/my/mcfcg/build/mcfcg_cli /home/simon/code/my/mcfcg/data/commalab/grid/grid12 --solver copt --formulation tree --max-iters 10000 --time-limit 7200.0
# outcome: ok
# returncode: 0
# === STDERR (CG iteration log + preamble) ===
Instance: 900 vertices, 3480 arcs, 6000 commodities, 899 sources
Pricing threads: 32 (auto)
Slack mode: CommodityRows (struct=899, capped_arcs=3480)
   It           UB           LB       LP_obj   #col   #row  #slk   +col   -col   +cut   -cut    t_LP    t_PR    t_SP   t_Tot     t_acc
    1          inf   5.7494e+08   8.9900e+04   1798    899   899      0      0      0      0   0.382   0.011   0.000   0.393     0.393
    2          inf   5.7494e+08   8.9900e+05   1798    899   899      0      0      0      0   0.161   0.010   0.000   0.172     0.565
    3          inf   5.7494e+08   8.9900e+06   1798    899   899      0      0      0      0   0.155   0.011   0.000   0.166     0.731
    4          inf   5.7494e+08   8.9531e+07   1798    899   884      0      0      0      0   0.150   0.010   0.000   0.160     0.891
    5          inf   5.7494e+08   5.4926e+08   1798   1027   122      0      0    128      0   0.152   0.011   0.001   0.163     1.054
    6          inf   5.7494e+08   8.0124e+08   2630   1027   486    838      6      0      0   0.202   0.005   0.000   0.209     1.263
    7          inf   5.7494e+08   1.5191e+09   3495   1039   343    865      0     12      0   0.208   0.005   0.000   0.216     1.479
    8          inf   5.7494e+08   1.2550e+09   4369   1100   110    874      0     61      0   0.203   0.006   0.001   0.212     1.692
    9          inf   5.7494e+08   1.0960e+09   5256   1130    81    887      0     30      0   0.260   0.006   0.000   0.269     1.960
   10          inf   5.7494e+08   5.7839e+08   6142   1159     0    886      0     29      0   0.340   0.005   0.001   0.348     2.309
   11          inf   5.7591e+08   5.7803e+08   6876   1142     0    881    147     15     32   0.314   0.005   0.001   0.325     2.634
   12          inf   5.7652e+08   5.7775e+08   7433   1153     0    865    308     12      1   0.310   0.005   0.001   0.322     2.956
   13          inf   5.7672e+08   5.7754e+08   7856   1160     0    854    431      9      2   0.272   0.005   0.002   0.286     3.242
   14          inf   5.7695e+08   5.7739e+08   8024   1154     0    826    658      6     12   0.300   0.005   0.001   0.313     3.555
   15          inf   5.7701e+08   5.7729e+08   7809   1151     0    803   1018      6      9   0.313   0.005   0.001   0.327     3.882
   16          inf   5.7709e+08   5.7724e+08   7493   1143     0    769   1085      7     15   0.318   0.005   0.001   0.330     4.212
   17          inf   5.7713e+08   5.7721e+08   7287   1142     0    716    922      5      6   0.277   0.005   0.001   0.290     4.502
   18          inf   5.7716e+08   5.7719e+08   7037   1140     0    628    878      4      6   0.313   0.005   0.001   0.325     4.827
   19   5.7719e+08   5.7717e+08   5.7719e+08   7037   1140     0   *484      0      0      0   0.333   0.005   0.001   0.339     5.166
CG optimal after 19 iterations. UB=577188339.365349 LB=577167685.537333 gap=2.065e+04 tol=5.772e+04  t_LP=4.965  t_PR=0.133  t_SP=0.015  t_Tot=5.177

# === STDOUT (result CSV) ===
Setting parameter 'LpMethod' to 2
Setting parameter 'GPUMode' to 2
Setting parameter 'Presolve' to 0
Setting parameter 'Crossover' to 0
instance,formulation,iterations,columns,objective,lower_bound,optimal,time,time_lp,time_pricing,time_separation
/home/simon/code/my/mcfcg/data/commalab/grid/grid12,tree,19,6138,577188339.365349,577167685.537333,1,5.203,4.965,0.133,0.015
