# cmd: /home/simon/code/my/mcfcg/build/mcfcg_cli /home/simon/code/my/mcfcg/data/commalab/grid/grid12 --solver mosek --formulation path --max-iters 10000 --time-limit 7200.0
# outcome: ok
# returncode: 0
# === STDERR (CG iteration log + preamble) ===
Instance: 900 vertices, 3480 arcs, 6000 commodities, 899 sources
Pricing threads: 32 (auto)
Slack mode: EdgeRows (struct=6000, capped_arcs=3480)
   It           UB           LB       LP_obj   #col   #row  #slk   +col   -col   +cut   -cut    t_LP    t_PR    t_SP   t_Tot     t_acc
    1          inf   5.7494e+08   5.7494e+08   6230   6230     0      0      0    230      0   0.017   0.009   0.003   0.030     0.030
    2          inf   5.7494e+08   6.6575e+08  11043   6230   230   4813      0      0      0   0.140   0.006   0.000   0.151     0.181
    3          inf   5.7526e+08   5.7846e+08  14216   6351     0   3052      0    121      0   0.158   0.006   0.003   0.171     0.352
    4          inf   5.7526e+08   5.7874e+08  18171   6358     1   3948      0      7      0   0.507   0.006   0.003   0.523     0.875
    5          inf   5.7630e+08   5.7762e+08  21013   6371     0   2829      0     13      0   0.417   0.006   0.004   0.430     1.305
    6          inf   5.7693e+08   5.7734e+08  22976   6391     0   1943      0     20      0   0.516   0.004   0.005   0.528     1.833
    7          inf   5.7707e+08   5.7724e+08  24527   6397     0   1545      0      6      0   0.563   0.005   0.006   0.577     2.410
    8          inf   5.7715e+08   5.7720e+08  22515   6312     0    778   2705      2     87   0.583   0.006   0.005   0.600     3.010
    9          inf   5.7718e+08   5.7719e+08  20758   6258     0    379   2082      1     55   0.447   0.005   0.006   0.463     3.473
   10          inf   5.7718e+08   5.7719e+08  16733   6245     0     84   4096      1     14   0.418   0.005   0.005   0.433     3.906
   11   5.7719e+08   5.7719e+08   5.7719e+08  16733   6245     0    *50      0      0      0   0.302   0.005   0.001   0.308     4.214
CG optimal after 11 iterations. UB=577186183.796628 LB=577185586.878407 gap=5.969e+02 tol=5.772e+04  t_LP=4.070  t_PR=0.078  t_SP=0.041  t_Tot=4.228

# === STDOUT (result CSV) ===
instance,formulation,iterations,columns,objective,lower_bound,optimal,time,time_lp,time_pricing,time_separation
/home/simon/code/my/mcfcg/data/commalab/grid/grid12,path,11,16488,577186183.796628,577185586.878407,1,4.237,4.070,0.078,0.041
