# cmd: /home/simon/code/my/mcfcg/build/mcfcg_cli /home/simon/code/my/mcfcg/data/commalab/grid/grid6 --solver copt --formulation tree --max-iters 10000 --time-limit 7200.0
# outcome: ok
# returncode: 0
# === STDERR (CG iteration log + preamble) ===
Instance: 225 vertices, 840 arcs, 200 commodities, 135 sources
Pricing threads: 32 (auto)
Slack mode: CommodityRows (struct=135, capped_arcs=840)
   It           UB           LB       LP_obj   #col   #row  #slk   +col   -col   +cut   -cut    t_LP    t_PR    t_SP   t_Tot     t_acc
    1          inf   1.0284e+07   1.3500e+04    270    135   135      0      0      0      0   0.395   0.001   0.000   0.396     0.396
    2          inf   1.0284e+07   1.3500e+05    270    135   135      0      0      0      0   0.187   0.001   0.000   0.188     0.585
    3          inf   1.0284e+07   1.3338e+06    270    135   130      0      0      0      0   0.250   0.001   0.000   0.251     0.835
    4          inf   1.0284e+07   8.2519e+06    270    158    35      0      0     23      0   0.159   0.002   0.000   0.162     0.997
    5          inf   1.0284e+07   1.6194e+07    352    202    62     82      0     44      0   0.171   0.000   0.000   0.171     1.168
    6          inf   1.0284e+07   4.6956e+07    451    213    60    100      1     11      0   0.195   0.001   0.000   0.197     1.365
    7          inf   1.0284e+07   5.7345e+07    550    230    31     99      0     17      0   0.227   0.001   0.002   0.230     1.595
    8          inf   1.0284e+07   1.6899e+07    644    248    13     94      0     18      0   0.226   0.002   0.000   0.228     1.823
    9          inf   1.0284e+07   1.2119e+07    725    259     1     81      0     11      0   0.230   0.000   0.000   0.230     2.053
   10          inf   1.0336e+07   1.0418e+07    789    267     0     78     14      8      0   0.235   0.000   0.000   0.237     2.290
   11          inf   1.0372e+07   1.0412e+07    852    265     0     79     16      4      6   0.252   0.001   0.000   0.254     2.544
   12          inf   1.0379e+07   1.0407e+07    886    268     0     66     32      3      0   0.237   0.002   0.000   0.239     2.784
   13          inf   1.0393e+07   1.0404e+07    892    266     0     49     43      1      3   0.240   0.000   0.001   0.242     3.026
   14          inf   1.0397e+07   1.0403e+07    847    263     0     38     83      1      4   0.237   0.000   0.000   0.238     3.264
   15          inf   1.0398e+07   1.0402e+07    804    264     0     29     72      2      1   0.239   0.000   0.000   0.240     3.504
   16          inf   1.0400e+07   1.0401e+07    756    261     0     27     75      1      4   0.250   0.001   0.001   0.252     3.756
   17   1.0401e+07   1.0401e+07   1.0401e+07    756    261     0    *14      0      0      0   0.234   0.000   0.000   0.234     3.990
CG optimal after 17 iterations. UB=10401183.917223 LB=10400845.642998 gap=3.383e+02 tol=1.040e+03  t_LP=3.963  t_PR=0.015  t_SP=0.006  t_Tot=3.992

# === STDOUT (result CSV) ===
Setting parameter 'LpMethod' to 2
Setting parameter 'GPUMode' to 2
Setting parameter 'Presolve' to 0
Setting parameter 'Crossover' to 0
instance,formulation,iterations,columns,objective,lower_bound,optimal,time,time_lp,time_pricing,time_separation
/home/simon/code/my/mcfcg/data/commalab/grid/grid6,tree,17,621,10401183.917223,10400845.642998,1,4.009,3.963,0.015,0.006
