# cmd: /home/simon/code/my/mcfcg/build/mcfcg_cli /home/simon/code/my/mcfcg/data/commalab/grid/grid8 --solver copt --formulation tree --max-iters 10000 --time-limit 7200.0
# outcome: ok
# returncode: 0
# === STDERR (CG iteration log + preamble) ===
Instance: 625 vertices, 2400 arcs, 500 commodities, 343 sources
Pricing threads: 32 (auto)
Slack mode: CommodityRows (struct=343, capped_arcs=2400)
   It           UB           LB       LP_obj   #col   #row  #slk   +col   -col   +cut   -cut    t_LP    t_PR    t_SP   t_Tot     t_acc
    1          inf   4.1328e+07   3.4300e+04    686    343   343      0      0      0      0   0.399   0.002   0.000   0.401     0.401
    2          inf   4.1328e+07   3.4300e+05    686    343   343      0      0      0      0   0.164   0.002   0.000   0.166     0.568
    3          inf   4.1328e+07   3.4172e+06    686    343   338      0      0      0      0   0.162   0.002   0.000   0.164     0.732
    4          inf   4.1328e+07   2.6022e+07    686    344   167      0      0      1      0   0.158   0.005   0.000   0.163     0.895
    5          inf   4.1328e+07   4.6211e+07    709    593    16     23      0    249      0   0.165   0.001   0.001   0.167     1.062
    6          inf   4.1328e+07   1.0110e+08    981    596   174    274      2      3      0   0.188   0.001   0.000   0.190     1.252
    7          inf   4.1328e+07   2.1948e+08   1240    623   130    259      0     27      0   0.194   0.001   0.000   0.196     1.448
    8          inf   4.1328e+07   2.0669e+08   1519    668    71    279      0     45      0   0.213   0.001   0.000   0.215     1.663
    9          inf   4.1328e+07   9.5788e+07   1796    710    36    277      0     42      0   0.220   0.001   0.001   0.222     1.886
   10          inf   4.1328e+07   4.1847e+07   2057    735     0    262      1     25      0   0.314   0.001   0.001   0.316     2.202
   11          inf   4.1521e+07   4.1790e+07   2264    677     0    244     37     11     69   0.286   0.001   0.000   0.289     2.490
   12          inf   4.1603e+07   4.1760e+07   2417    688     0    218     65     12      1   0.230   0.001   0.000   0.233     2.723
   13          inf   4.1647e+07   4.1745e+07   2529    692     0    199     87      9      5   0.240   0.001   0.000   0.242     2.965
   14          inf   4.1658e+07   4.1733e+07   2553    684     0    186    162      3     11   0.263   0.001   0.000   0.266     3.231
   15          inf   4.1669e+07   4.1725e+07   2471    677     0    183    265      8     15   0.254   0.001   0.000   0.256     3.487
   16          inf   4.1688e+07   4.1718e+07   2332    660     0    149    288      3     20   0.242   0.001   0.000   0.244     3.731
   17          inf   4.1695e+07   4.1715e+07   2245    657     0    141    228      3      6   0.244   0.001   0.000   0.247     3.978
   18          inf   4.1700e+07   4.1713e+07   2189    659     0    126    182     10      8   0.245   0.001   0.000   0.247     4.225
   19          inf   4.1703e+07   4.1712e+07   2140    656     0    114    163      2      5   0.242   0.001   0.000   0.244     4.469
   20          inf   4.1709e+07   4.1711e+07   2037    656     0     72    175      4      4   0.241   0.001   0.000   0.243     4.713
   21          inf   4.1709e+07   4.1711e+07   1912    653     0     53    178      2      5   0.232   0.001   0.000   0.235     4.948
   22          inf   4.1711e+07   4.1711e+07   1842    651     0     41    111      2      4   0.239   0.001   0.000   0.242     5.190
   23   4.1711e+07   4.1711e+07   4.1711e+07   1842    651     0     *5      0      0      0   0.242   0.001   0.000   0.244     5.433
CG optimal after 23 iterations. UB=41710977.553671 LB=41710851.542395 gap=1.260e+02 tol=4.171e+03  t_LP=5.378  t_PR=0.035  t_SP=0.009  t_Tot=5.438

# === STDOUT (result CSV) ===
Setting parameter 'LpMethod' to 2
Setting parameter 'GPUMode' to 2
Setting parameter 'Presolve' to 0
Setting parameter 'Crossover' to 0
instance,formulation,iterations,columns,objective,lower_bound,optimal,time,time_lp,time_pricing,time_separation
/home/simon/code/my/mcfcg/data/commalab/grid/grid8,tree,23,1499,41710977.553671,41710851.542395,1,5.458,5.378,0.035,0.009
