# cmd: /home/simon/code/my/mcfcg/build/mcfcg_cli /home/simon/code/my/mcfcg/data/commalab/grid/grid9 --solver mosek --formulation tree --max-iters 10000 --time-limit 7200.0
# outcome: ok
# returncode: 0
# === STDERR (CG iteration log + preamble) ===
Instance: 625 vertices, 2400 arcs, 1000 commodities, 495 sources
Pricing threads: 32 (auto)
Slack mode: CommodityRows (struct=495, capped_arcs=2400)
   It           UB           LB       LP_obj   #col   #row  #slk   +col   -col   +cut   -cut    t_LP    t_PR    t_SP   t_Tot     t_acc
    1          inf   8.1702e+07   4.9500e+04    990    495   495      0      0      0      0   0.012   0.005   0.000   0.017     0.017
    2          inf   8.1702e+07   4.9500e+05    990    495   495      0      0      0      0   0.000   0.004   0.000   0.004     0.021
    3          inf   8.1702e+07   4.9481e+06    990    495   493      0      0      0      0   0.000   0.003   0.000   0.004     0.025
    4          inf   8.1702e+07   4.1744e+07    990    495   314      0      0      0      0   0.000   0.003   0.000   0.003     0.028
    5          inf   8.1702e+07   8.1702e+07    990    823     0      0      0    328      0   0.000   0.003   0.001   0.004     0.032
    6          inf   8.1702e+07   1.7605e+08   1392    823   253    402      0      0      0   0.071   0.002   0.000   0.074     0.107
    7          inf   8.1702e+07   5.1433e+08   1804    826   217    412      0      3      0   0.082   0.002   0.000   0.085     0.192
    8          inf   8.1702e+07   6.3667e+08   2236    885   138    432      0     59      0   0.091   0.002   0.001   0.095     0.286
    9          inf   8.1702e+07   5.6312e+08   2671    922   109    435      0     37      0   0.139   0.002   0.001   0.143     0.429
   10          inf   8.1702e+07   9.0841e+07   3114    994    15    443      0     72      0   0.163   0.002   0.001   0.168     0.596
   11          inf   8.1702e+07   8.2963e+07   3476    928     0    435     73     21     87   0.201   0.003   0.001   0.206     0.802
   12          inf   8.2227e+07   8.2851e+07   3759    959     0    414    131     31      0   0.183   0.002   0.001   0.187     0.989
   13          inf   8.2364e+07   8.2788e+07   4014    970     0    383    128     12      1   0.204   0.002   0.001   0.209     1.197
   14          inf   8.2440e+07   8.2749e+07   4179    975     0    371    206     13      8   0.173   0.002   0.001   0.178     1.375
   15          inf   8.2520e+07   8.2721e+07   4256    977     0    354    277     12     10   0.179   0.002   0.001   0.184     1.559
   16          inf   8.2551e+07   8.2696e+07   4052    965     0    329    533     15     27   0.178   0.002   0.001   0.183     1.742
   17          inf   8.2559e+07   8.2681e+07   3868    961     0    310    494      6     10   0.178   0.002   0.001   0.183     1.925
   18          inf   8.2604e+07   8.2668e+07   3768    957     0    294    394     12     16   0.185   0.002   0.001   0.190     2.115
   19          inf   8.2618e+07   8.2663e+07   3694    957     0    273    347      7      7   0.201   0.002   0.001   0.206     2.320
   20          inf   8.2634e+07   8.2659e+07   3601    952     0    246    339      4      9   0.170   0.002   0.001   0.174     2.495
   21          inf   8.2637e+07   8.2655e+07   3525    947     0    229    305      4      9   0.174   0.001   0.001   0.178     2.673
   22          inf   8.2646e+07   8.2654e+07   3391    941     0    191    325      4     10   0.192   0.002   0.001   0.196     2.870
   23          inf   8.2648e+07   8.2654e+07   3296    933     0    194    289      1      9   0.163   0.002   0.001   0.168     3.037
   24          inf   8.2651e+07   8.2653e+07   3258    929     0    164    202      3      7   0.180   0.002   0.001   0.183     3.221
   25   8.2653e+07   8.2652e+07   8.2653e+07   3258    929     0    *82      0      0      0   0.179   0.001   0.000   0.180     3.401
CG optimal after 25 iterations. UB=82653115.138919 LB=82652214.658406 gap=9.005e+02 tol=8.265e+03  t_LP=3.300  t_PR=0.057  t_SP=0.017  t_Tot=3.406

# === STDOUT (result CSV) ===
instance,formulation,iterations,columns,objective,lower_bound,optimal,time,time_lp,time_pricing,time_separation
/home/simon/code/my/mcfcg/data/commalab/grid/grid9,tree,25,2763,82653115.138919,82652214.658406,1,3.411,3.300,0.057,0.017
