# cmd: /home/simon/code/my/mcfcg/build/mcfcg_cli /home/simon/code/my/mcfcg/data/commalab/grid/grid12 --solver mosek --formulation tree --max-iters 10000 --time-limit 7200.0
# outcome: ok
# returncode: 0
# === STDERR (CG iteration log + preamble) ===
Instance: 900 vertices, 3480 arcs, 6000 commodities, 899 sources
Pricing threads: 32 (auto)
Slack mode: CommodityRows (struct=899, capped_arcs=3480)
   It           UB           LB       LP_obj   #col   #row  #slk   +col   -col   +cut   -cut    t_LP    t_PR    t_SP   t_Tot     t_acc
    1          inf   5.7494e+08   8.9900e+04   1798    899   899      0      0      0      0   0.012   0.010   0.000   0.023     0.023
    2          inf   5.7494e+08   8.9900e+05   1798    899   899      0      0      0      0   0.000   0.009   0.000   0.009     0.032
    3          inf   5.7494e+08   8.9900e+06   1798    899   899      0      0      0      0   0.000   0.009   0.000   0.010     0.042
    4          inf   5.7494e+08   8.9531e+07   1798    899   884      0      0      0      0   0.000   0.010   0.000   0.011     0.053
    5          inf   5.7494e+08   5.4926e+08   1798   1027   122      0      0    128      0   0.000   0.009   0.001   0.011     0.063
    6          inf   5.7494e+08   8.0124e+08   2630   1027   486    838      6      0      0   0.080   0.005   0.000   0.088     0.152
    7          inf   5.7494e+08   1.5216e+09   3495   1039   345    865      0     12      0   0.068   0.005   0.001   0.077     0.229
    8          inf   5.7494e+08   1.2651e+09   4367   1101   111    872      0     62      0   0.084   0.006   0.001   0.095     0.324
    9          inf   5.7494e+08   1.1007e+09   5255   1129    80    888      0     28      0   0.121   0.006   0.001   0.132     0.455
   10          inf   5.7494e+08   5.7832e+08   6141   1151     0    886      0     22      0   0.228   0.006   0.002   0.239     0.695
   11          inf   5.7606e+08   5.7791e+08   6881   1136     0    878    138     15     30   0.212   0.006   0.002   0.226     0.920
   12          inf   5.7667e+08   5.7763e+08   7441   1150     0    864    304     15      1   0.202   0.006   0.002   0.218     1.138
   13          inf   5.7680e+08   5.7745e+08   7839   1166     0    840    442     18      2   0.211   0.006   0.002   0.225     1.363
   14          inf   5.7692e+08   5.7734e+08   7998   1156     0    826    667      6     16   0.266   0.006   0.003   0.280     1.643
   15          inf   5.7706e+08   5.7727e+08   7767   1152     0    792   1023      4      8   0.233   0.006   0.003   0.248     1.892
   16          inf   5.7710e+08   5.7723e+08   7439   1147     0    732   1060      6     11   0.259   0.006   0.003   0.273     2.165
   17          inf   5.7713e+08   5.7720e+08   7169   1141     0    672    942      4     10   0.297   0.004   0.003   0.309     2.474
   18          inf   5.7717e+08   5.7719e+08   6982   1133     0    653    840      1      9   0.211   0.006   0.003   0.225     2.699
   19          inf   5.7718e+08   5.7719e+08   6607   1128     0    406    781      4      9   0.255   0.006   0.002   0.269     2.968
   20   5.7719e+08   5.7718e+08   5.7719e+08   6607   1128     0   *197      0      0      0   0.193   0.005   0.001   0.199     3.168
CG optimal after 20 iterations. UB=577186728.738261 LB=577180219.623353 gap=6.509e+03 tol=5.772e+04  t_LP=2.934  t_PR=0.141  t_SP=0.030  t_Tot=3.179

# === STDOUT (result CSV) ===
instance,formulation,iterations,columns,objective,lower_bound,optimal,time,time_lp,time_pricing,time_separation
/home/simon/code/my/mcfcg/data/commalab/grid/grid12,tree,20,5708,577186728.738261,577180219.623353,1,3.187,2.934,0.141,0.030
