# cmd: /home/simon/code/my/mcfcg/build/mcfcg_cli /home/simon/code/my/mcfcg/data/commalab/grid/grid10 --solver copt --formulation tree --max-iters 10000 --time-limit 7200.0
# outcome: ok
# returncode: 0
# === STDERR (CG iteration log + preamble) ===
Instance: 625 vertices, 2400 arcs, 2000 commodities, 593 sources
Pricing threads: 32 (auto)
Slack mode: CommodityRows (struct=593, capped_arcs=2400)
   It           UB           LB       LP_obj   #col   #row  #slk   +col   -col   +cut   -cut    t_LP    t_PR    t_SP   t_Tot     t_acc
    1          inf   1.6221e+08   5.9300e+04   1186    593   593      0      0      0      0   0.384   0.006   0.000   0.390     0.390
    2          inf   1.6221e+08   5.9300e+05   1186    593   593      0      0      0      0   0.164   0.006   0.000   0.170     0.560
    3          inf   1.6221e+08   5.9216e+06   1186    593   590      0      0      0      0   0.154   0.005   0.000   0.160     0.720
    4          inf   1.6221e+08   5.5288e+07   1186    593   495      0      0      0      0   0.167   0.006   0.000   0.173     0.893
    5          inf   1.6221e+08   1.6218e+08   1186    910     1      0      0    317      0   0.157   0.005   0.000   0.162     1.055
    6          inf   1.6221e+08   2.8039e+08   1706    910   271    520      0      0      0   0.210   0.002   0.000   0.214     1.269
    7          inf   1.6221e+08   7.6387e+08   2250    913   299    544      0      3      0   0.221   0.002   0.000   0.224     1.493
    8          inf   1.6221e+08   1.3705e+09   2798    924   201    548      0     11      0   0.214   0.002   0.000   0.217     1.711
    9          inf   1.6221e+08   1.3036e+09   3359    965   158    561      0     41      0   0.230   0.002   0.000   0.233     1.944
   10          inf   1.6221e+08   9.8212e+08   3923   1010   105    564      0     45      0   0.245   0.002   0.000   0.249     2.193
   11          inf   1.6221e+08   1.6511e+08   4393    986     0    557     87     60     84   0.341   0.003   0.000   0.347     2.540
   12          inf   1.6285e+08   1.6463e+08   4669   1016     0    539    263     32      2   0.293   0.002   0.001   0.298     2.838
   13          inf   1.6335e+08   1.6449e+08   4925   1031     0    532    276     16      1   0.327   0.002   0.001   0.334     3.172
   14          inf   1.6357e+08   1.6439e+08   5141   1044     0    526    310     13      0   0.309   0.003   0.000   0.314     3.486
   15          inf   1.6373e+08   1.6431e+08   5270   1042     0    512    383      7      9   0.335   0.003   0.000   0.343     3.829
   16          inf   1.6383e+08   1.6426e+08   5314   1044     0    504    460     10      8   0.331   0.002   0.001   0.337     4.167
   17          inf   1.6390e+08   1.6421e+08   5137   1030     0    498    675      7     21   0.348   0.002   0.001   0.355     4.521
   18          inf   1.6395e+08   1.6418e+08   5049   1028     0    488    576     15     17   0.328   0.002   0.001   0.334     4.855
   19          inf   1.6398e+08   1.6416e+08   4992   1021     0    473    530      5     12   0.315   0.002   0.001   0.322     5.177
   20          inf   1.6403e+08   1.6414e+08   4936   1022     0    447    503      6      5   0.322   0.002   0.001   0.328     5.505
   21          inf   1.6405e+08   1.6413e+08   4885   1022     0    437    488      4      4   0.336   0.002   0.001   0.342     5.847
   22          inf   1.6408e+08   1.6412e+08   4823   1024     0    398    460      4      2   0.343   0.002   0.001   0.349     6.196
   23          inf   1.6409e+08   1.6412e+08   4730   1023     0    397    490      7      8   0.330   0.002   0.001   0.336     6.532
   24          inf   1.6410e+08   1.6411e+08   4604   1020     0    339    465      1      4   0.327   0.003   0.001   0.334     6.865
   25          inf   1.6410e+08   1.6411e+08   4495   1019     0    335    444      2      3   0.334   0.002   0.001   0.340     7.205
   26          inf   1.6411e+08   1.6411e+08   4413   1020     0    306    388      5      4   0.339   0.002   0.001   0.344     7.550
   27          inf   1.6411e+08   1.6411e+08   4314   1019     0    224    323      2      3   0.342   0.002   0.001   0.348     7.898
   28   1.6411e+08   1.6411e+08   1.6411e+08   4314   1019     0   *107      0      0      0   0.334   0.002   0.001   0.337     8.235
CG optimal after 28 iterations. UB=164110910.558375 LB=164110596.599187 gap=3.140e+02 tol=1.641e+04  t_LP=8.080  t_PR=0.087  t_SP=0.013  t_Tot=8.241

# === STDOUT (result CSV) ===
Setting parameter 'LpMethod' to 2
Setting parameter 'GPUMode' to 2
Setting parameter 'Presolve' to 0
Setting parameter 'Crossover' to 0
instance,formulation,iterations,columns,objective,lower_bound,optimal,time,time_lp,time_pricing,time_separation
/home/simon/code/my/mcfcg/data/commalab/grid/grid10,tree,28,3721,164110910.558375,164110596.599187,1,8.263,8.080,0.087,0.013
