# cmd: /home/simon/code/my/mcfcg/build/mcfcg_cli /home/simon/code/my/mcfcg/data/commalab/grid/grid9 --solver copt --formulation tree --max-iters 10000 --time-limit 7200.0
# outcome: ok
# returncode: 0
# === STDERR (CG iteration log + preamble) ===
Instance: 625 vertices, 2400 arcs, 1000 commodities, 495 sources
Pricing threads: 32 (auto)
Slack mode: CommodityRows (struct=495, capped_arcs=2400)
   It           UB           LB       LP_obj   #col   #row  #slk   +col   -col   +cut   -cut    t_LP    t_PR    t_SP   t_Tot     t_acc
    1          inf   8.1702e+07   4.9500e+04    990    495   495      0      0      0      0   0.381   0.003   0.000   0.384     0.384
    2          inf   8.1702e+07   4.9500e+05    990    495   495      0      0      0      0   0.157   0.004   0.000   0.161     0.545
    3          inf   8.1702e+07   4.9481e+06    990    495   493      0      0      0      0   0.158   0.003   0.000   0.162     0.707
    4          inf   8.1702e+07   4.1744e+07    990    495   314      0      0      0      0   0.156   0.004   0.000   0.160     0.867
    5          inf   8.1702e+07   8.1702e+07    990    822     0      0      0    327      0   0.160   0.002   0.000   0.163     1.029
    6          inf   8.1702e+07   1.7605e+08   1392    822   253    402      0      0      0   0.207   0.001   0.000   0.209     1.239
    7          inf   8.1702e+07   5.2113e+08   1810    826   224    418      0      4      0   0.225   0.002   0.000   0.228     1.467
    8          inf   8.1702e+07   6.8576e+08   2243    881   143    433      0     55      0   0.234   0.001   0.000   0.236     1.703
    9          inf   8.1702e+07   6.2611e+08   2683    918   109    440      0     37      0   0.245   0.002   0.000   0.248     1.951
   10          inf   8.1702e+07   1.4245e+08   3114    984    26    431      0     66      0   0.280   0.002   0.000   0.283     2.234
   11          inf   8.1702e+07   8.2942e+07   3457    921     0    430     87     24     87   0.326   0.002   0.001   0.331     2.564
   12          inf   8.2258e+07   8.2834e+07   3713    948     0    403    147     27      0   0.317   0.002   0.001   0.322     2.886
   13          inf   8.2330e+07   8.2789e+07   3954    951     0    385    144      7      4   0.321   0.001   0.000   0.326     3.212
   14          inf   8.2460e+07   8.2747e+07   4123    961     0    373    204     20     10   0.331   0.002   0.001   0.336     3.548
   15          inf   8.2518e+07   8.2717e+07   4199    962     0    367    291     11     10   0.307   0.001   0.000   0.311     3.859
   16          inf   8.2546e+07   8.2696e+07   4008    948     0    324    515     11     25   0.285   0.002   0.000   0.289     4.148
   17          inf   8.2579e+07   8.2679e+07   3859    951     0    312    461     13     10   0.295   0.001   0.000   0.298     4.446
   18          inf   8.2603e+07   8.2670e+07   3779    943     0    292    372      2     10   0.297   0.001   0.000   0.301     4.747
   19          inf   8.2616e+07   8.2663e+07   3663    937     0    271    387      4     10   0.320   0.001   0.001   0.324     5.071
   20          inf   8.2633e+07   8.2659e+07   3561    940     0    227    329      7      4   0.301   0.002   0.000   0.305     5.376
   21          inf   8.2640e+07   8.2656e+07   3430    937     0    210    341      3      6   0.294   0.002   0.000   0.298     5.674
   22          inf   8.2644e+07   8.2654e+07   3282    934     0    180    328      3      6   0.307   0.002   0.000   0.310     5.984
   23          inf   8.2649e+07   8.2653e+07   3216    931     0    177    243      3      6   0.296   0.002   0.000   0.299     6.283
   24          inf   8.2651e+07   8.2653e+07   3073    928     0    123    266      2      5   0.311   0.001   0.000   0.314     6.597
   25          inf   8.2651e+07   8.2653e+07   2944    925     0     71    200      1      4   0.305   0.001   0.000   0.308     6.906
   26          inf   8.2653e+07   8.2653e+07   2827    922     0     47    164      1      4   0.295   0.001   0.000   0.299     7.204
   27   8.2653e+07   8.2653e+07   8.2653e+07   2827    922     0    *62      0      0      0   0.292   0.002   0.000   0.295     7.499
CG optimal after 27 iterations. UB=82652992.069321 LB=82652826.812798 gap=1.653e+02 tol=8.265e+03  t_LP=7.405  t_PR=0.054  t_SP=0.011  t_Tot=7.505

# === STDOUT (result CSV) ===
Setting parameter 'LpMethod' to 2
Setting parameter 'GPUMode' to 2
Setting parameter 'Presolve' to 0
Setting parameter 'Crossover' to 0
instance,formulation,iterations,columns,objective,lower_bound,optimal,time,time_lp,time_pricing,time_separation
/home/simon/code/my/mcfcg/data/commalab/grid/grid9,tree,27,2332,82652992.069321,82652826.812798,1,7.525,7.405,0.054,0.011
