# cmd: /home/simon/code/my/mcfcg/build/mcfcg_cli /home/simon/code/my/mcfcg/data/commalab/grid/grid14 --solver copt --formulation tree --max-iters 10000 --time-limit 7200.0
# outcome: ok
# returncode: 0
# === STDERR (CG iteration log + preamble) ===
Instance: 1225 vertices, 4760 arcs, 16000 commodities, 1225 sources
Pricing threads: 32 (auto)
Slack mode: CommodityRows (struct=1225, capped_arcs=4760)
   It           UB           LB       LP_obj   #col   #row  #slk   +col   -col   +cut   -cut    t_LP    t_PR    t_SP   t_Tot     t_acc
    1          inf   1.7977e+09   1.2250e+05   2450   1225  1225      0      0      0      0   0.347   0.023   0.001   0.371     0.371
    2          inf   1.7977e+09   1.2250e+06   2450   1225  1225      0      0      0      0   0.164   0.023   0.001   0.188     0.558
    3          inf   1.7977e+09   1.2250e+07   2450   1225  1225      0      0      0      0   0.158   0.021   0.001   0.180     0.738
    4          inf   1.7977e+09   1.2250e+08   2450   1225  1225      0      0      0      0   0.157   0.021   0.001   0.179     0.917
    5          inf   1.7977e+09   1.1712e+09   2450   1225   967      0      0      0      0   0.158   0.021   0.001   0.180     1.097
    6          inf   1.7977e+09   1.7977e+09   2450   1442     0      0      0    217      0   0.166   0.021   0.001   0.187     1.285
    7          inf   1.7977e+09   4.6145e+09   3670   1442   606   1220      0      0      0   0.261   0.014   0.001   0.280     1.565
    8          inf   1.7977e+09   5.6097e+09   4892   1442   449   1222      0      0      0   0.304   0.012   0.001   0.322     1.886
    9          inf   1.7977e+09   6.4545e+09   6116   1456   315   1224      0     14      0   0.313   0.012   0.001   0.333     2.219
   10          inf   1.7977e+09   3.7732e+09   7341   1476    83   1225      0     20      0   0.368   0.012   0.001   0.391     2.610
   11          inf   1.7977e+09   1.8059e+09   8564   1498     0   1223      0     22      0   0.442   0.011   0.002   0.461     3.071
   12          inf   1.7997e+09   1.8047e+09   9585   1410     0   1224    203     10     98   0.472   0.011   0.002   0.499     3.570
   13          inf   1.8012e+09   1.8040e+09  10258   1423     0   1221    548     13      0   0.377   0.011   0.002   0.401     3.971
   14          inf   1.8014e+09   1.8035e+09  10823   1425     0   1216    651      5      3   0.386   0.012   0.002   0.415     4.386
   15          inf   1.8020e+09   1.8032e+09  11110   1427     0   1205    918      8      6   0.425   0.011   0.003   0.454     4.840
   16          inf   1.8022e+09   1.8030e+09  10793   1423     0   1190   1507      1      5   0.442   0.012   0.003   0.471     5.311
   17          inf   1.8024e+09   1.8029e+09  10416   1416     0   1170   1547      4     11   0.419   0.010   0.003   0.449     5.761
   18          inf   1.8025e+09   1.8028e+09  10244   1410     0   1138   1310      1      7   0.399   0.010   0.003   0.427     6.188
   19   1.8027e+09   1.8025e+09   1.8027e+09  10166   1402     0   1092   1170      0      8   0.364   0.011   0.003   0.391     6.579
   20   1.8027e+09   1.8026e+09   1.8027e+09  10166   1406     0  *1037      0      4      0   0.369   0.011   0.003   0.382     6.961
CG optimal after 20 iterations. UB=1802735360.593487 LB=1802602404.409824 gap=1.330e+05 tol=1.803e+05  t_LP=6.489  t_PR=0.313  t_SP=0.034  t_Tot=6.983

# === STDOUT (result CSV) ===
Setting parameter 'LpMethod' to 2
Setting parameter 'GPUMode' to 2
Setting parameter 'Presolve' to 0
Setting parameter 'Crossover' to 0
instance,formulation,iterations,columns,objective,lower_bound,optimal,time,time_lp,time_pricing,time_separation
/home/simon/code/my/mcfcg/data/commalab/grid/grid14,tree,20,8941,1802735360.593487,1802602404.409824,1,7.016,6.489,0.313,0.034
