# cmd: /home/simon/code/my/mcfcg/build/mcfcg_cli /home/simon/code/my/mcfcg/data/commalab/grid/grid12 --solver copt --formulation path --max-iters 10000 --time-limit 7200.0
# outcome: ok
# returncode: 0
# === STDERR (CG iteration log + preamble) ===
Instance: 900 vertices, 3480 arcs, 6000 commodities, 899 sources
Pricing threads: 32 (auto)
Slack mode: EdgeRows (struct=6000, capped_arcs=3480)
   It           UB           LB       LP_obj   #col   #row  #slk   +col   -col   +cut   -cut    t_LP    t_PR    t_SP   t_Tot     t_acc
    1          inf   5.7494e+08   5.7494e+08   6230   6230     0      0      0    230      0   0.386   0.010   0.002   0.398     0.398
    2          inf   5.7494e+08   6.6575e+08  11043   6230   230   4813      0      0      0   0.243   0.006   0.000   0.252     0.650
    3          inf   5.7526e+08   5.7846e+08  14199   6350     0   3036      0    120      0   0.283   0.006   0.001   0.293     0.943
    4          inf   5.7526e+08   5.7876e+08  18183   6359     1   3975      0      9      0   0.364   0.005   0.001   0.374     1.317
    5          inf   5.7626e+08   5.7764e+08  21027   6376     0   2827      0     17      0   0.390   0.005   0.002   0.399     1.716
    6          inf   5.7690e+08   5.7735e+08  23197   6398     0   2148      0     22      0   0.408   0.005   0.003   0.419     2.135
    7          inf   5.7703e+08   5.7725e+08  24662   6401     0   1462      0      3      0   0.403   0.005   0.002   0.412     2.546
    8          inf   5.7715e+08   5.7721e+08  22763   6313     0    871   2682      2     90   0.471   0.004   0.002   0.491     3.037
    9          inf   5.7717e+08   5.7719e+08  20904   6259     0    297   2102      4     58   0.404   0.005   0.002   0.420     3.457
   10          inf   5.7718e+08   5.7719e+08  16857   6249     0    182   4219      1     11   0.347   0.005   0.002   0.362     3.819
   11          inf   5.7719e+08   5.7719e+08  14420   6241     0     48   2477      2     10   0.351   0.005   0.001   0.364     4.183
   12   5.7719e+08   5.7719e+08   5.7719e+08  14420   6241     0     *7      0      0      0   0.329   0.005   0.000   0.335     4.518
CG optimal after 12 iterations. UB=577186506.663568 LB=577185806.237511 gap=7.004e+02 tol=5.772e+04  t_LP=4.381  t_PR=0.081  t_SP=0.019  t_Tot=4.532

# === STDOUT (result CSV) ===
Setting parameter 'LpMethod' to 2
Setting parameter 'GPUMode' to 2
Setting parameter 'Presolve' to 0
Setting parameter 'Crossover' to 0
instance,formulation,iterations,columns,objective,lower_bound,optimal,time,time_lp,time_pricing,time_separation
/home/simon/code/my/mcfcg/data/commalab/grid/grid12,path,12,14179,577186506.663568,577185806.237511,1,4.560,4.381,0.081,0.019
