# cmd: /home/simon/code/my/mcfcg/build/mcfcg_cli /home/simon/code/my/mcfcg/data/commalab/grid/grid11 --solver mosek --formulation tree --max-iters 10000 --time-limit 7200.0
# outcome: ok
# returncode: 0
# === STDERR (CG iteration log + preamble) ===
Instance: 625 vertices, 2400 arcs, 4000 commodities, 625 sources
Pricing threads: 32 (auto)
Slack mode: CommodityRows (struct=625, capped_arcs=2400)
   It           UB           LB       LP_obj   #col   #row  #slk   +col   -col   +cut   -cut    t_LP    t_PR    t_SP   t_Tot     t_acc
    1          inf   3.2684e+08   6.2500e+04   1250    625   625      0      0      0      0   0.011   0.005   0.000   0.017     0.017
    2          inf   3.2684e+08   6.2500e+05   1250    625   625      0      0      0      0   0.000   0.005   0.000   0.006     0.022
    3          inf   3.2684e+08   6.2500e+06   1250    625   625      0      0      0      0   0.000   0.004   0.000   0.005     0.027
    4          inf   3.2684e+08   6.2161e+07   1250    625   613      0      0      0      0   0.000   0.004   0.000   0.005     0.032
    5          inf   3.2684e+08   3.2192e+08   1250    817    31      0      0    192      0   0.000   0.004   0.001   0.006     0.037
    6          inf   3.2684e+08   4.3436e+08   1849    817   305    599      0      0      0   0.078   0.003   0.000   0.083     0.121
    7          inf   3.2684e+08   1.1131e+09   2449    819   312    600      0      2      0   0.093   0.003   0.000   0.098     0.219
    8          inf   3.2684e+08   1.4155e+09   3067    837   169    618      0     18      0   0.084   0.003   0.001   0.090     0.309
    9          inf   3.2684e+08   8.9110e+08   3683    874    75    616      0     37      0   0.094   0.003   0.001   0.100     0.409
   10          inf   3.2684e+08   4.1847e+08   4304    917    19    621      0     43      0   0.138   0.002   0.001   0.144     0.553
   11          inf   3.2684e+08   3.3038e+08   4827    884     0    615     92     12     45   0.213   0.003   0.002   0.221     0.774
   12          inf   3.2827e+08   3.3004e+08   5129    894     0    614    312     11      1   0.164   0.003   0.001   0.171     0.945
   13          inf   3.2848e+08   3.2979e+08   5459    911     0    608    278     18      1   0.200   0.003   0.001   0.208     1.152
   14          inf   3.2869e+08   3.2963e+08   5705    917     0    596    350     10      4   0.175   0.003   0.001   0.182     1.334
   15          inf   3.2884e+08   3.2952e+08   5785    916     0    593    513      5      6   0.248   0.003   0.002   0.256     1.590
   16          inf   3.2890e+08   3.2943e+08   5570    911     0    577    792      8     13   0.225   0.003   0.002   0.232     1.823
   17          inf   3.2906e+08   3.2937e+08   5398    905     0    564    736      5     11   0.184   0.003   0.001   0.192     2.015
   18          inf   3.2912e+08   3.2933e+08   5382    907     0    567    583      6      4   0.186   0.003   0.001   0.194     2.210
   19          inf   3.2915e+08   3.2930e+08   5364    906     0    556    574      7      8   0.227   0.003   0.001   0.234     2.444
   20          inf   3.2918e+08   3.2928e+08   5334    906     0    533    563      4      4   0.225   0.003   0.001   0.232     2.676
   21          inf   3.2922e+08   3.2927e+08   5278    905     0    512    568      1      2   0.205   0.003   0.001   0.213     2.889
   22          inf   3.2924e+08   3.2926e+08   5197    903     0    480    561      2      4   0.191   0.003   0.001   0.199     3.088
   23          inf   3.2925e+08   3.2926e+08   5150    905     0    455    502      5      3   0.190   0.003   0.002   0.197     3.285
   24          inf   3.2926e+08   3.2926e+08   5065    906     0    382    467      3      2   0.196   0.003   0.001   0.204     3.489
   25   3.2926e+08   3.2926e+08   3.2926e+08   5065    906     0   *304      0      0      0   0.200   0.003   0.001   0.203     3.692
CG optimal after 25 iterations. UB=329258384.324706 LB=329257514.832315 gap=8.695e+02 tol=3.293e+04  t_LP=3.528  t_PR=0.083  t_SP=0.027  t_Tot=3.699

# === STDOUT (result CSV) ===
instance,formulation,iterations,columns,objective,lower_bound,optimal,time,time_lp,time_pricing,time_separation
/home/simon/code/my/mcfcg/data/commalab/grid/grid11,tree,25,4440,329258384.324706,329257514.832315,1,3.706,3.528,0.083,0.027
