# cmd: /home/simon/code/my/mcfcg/build/mcfcg_cli /home/simon/code/my/mcfcg/data/commalab/grid/grid5 --solver copt --formulation path --max-iters 10000 --time-limit 7200.0
# outcome: ok
# returncode: 0
# === STDERR (CG iteration log + preamble) ===
Instance: 225 vertices, 840 arcs, 100 commodities, 83 sources
Pricing threads: 32 (auto)
Slack mode: CommodityRows (struct=100, capped_arcs=840)
   It           UB           LB       LP_obj   #col   #row  #slk   +col   -col   +cut   -cut    t_LP    t_PR    t_SP   t_Tot     t_acc
    1          inf   5.0295e+06   5.5950e+05    200    100   100      0      0      0      0   0.337   0.001   0.000   0.338     0.338
    2          inf   5.0295e+06   4.3345e+06    200    107    35      0      0      7      0   0.151   0.001   0.000   0.152     0.490
    3          inf   5.0295e+06   7.3488e+06    225    123    19     25      0     16      0   0.159   0.000   0.000   0.159     0.649
    4          inf   5.0295e+06   9.2773e+06    267    133    22     42      0     10      0   0.154   0.000   0.000   0.155     0.804
    5          inf   5.0295e+06   6.4630e+06    305    147     8     38      0     14      0   0.158   0.000   0.000   0.159     0.962
    6          inf   5.0295e+06   5.0550e+06    340    152     2     36      1      5      0   0.168   0.000   0.000   0.168     1.131
    7   5.0505e+06   5.0439e+06   5.0505e+06    361    152     0     21      0      0      0   0.163   0.000   0.000   0.163     1.294
    8   5.0505e+06   5.0485e+06   5.0495e+06    368    156     0     10      3      4      0   0.187   0.000   0.000   0.188     1.482
    9   5.0497e+06   5.0493e+06   5.0497e+06    368    156     0     *6      0      0      0   0.172   0.000   0.001   0.173     1.655
CG optimal after 9 iterations. UB=5049726.000001 LB=5049267.181601 gap=4.588e+02 tol=5.050e+02  t_LP=1.650  t_PR=0.004  t_SP=0.001  t_Tot=1.656

# === STDOUT (result CSV) ===
Setting parameter 'LpMethod' to 2
Setting parameter 'GPUMode' to 2
Setting parameter 'Presolve' to 0
Setting parameter 'Crossover' to 0
instance,formulation,iterations,columns,objective,lower_bound,optimal,time,time_lp,time_pricing,time_separation
/home/simon/code/my/mcfcg/data/commalab/grid/grid5,path,9,268,5049726.000001,5049267.181601,1,1.670,1.650,0.004,0.001
