# cmd: /home/simon/code/my/mcfcg/build/mcfcg_cli /home/simon/code/my/mcfcg/data/commalab/grid/grid7 --solver copt --formulation tree --max-iters 10000 --time-limit 7200.0
# outcome: ok
# returncode: 0
# === STDERR (CG iteration log + preamble) ===
Instance: 400 vertices, 1520 arcs, 400 commodities, 247 sources
Pricing threads: 32 (auto)
Slack mode: CommodityRows (struct=247, capped_arcs=1520)
   It           UB           LB       LP_obj   #col   #row  #slk   +col   -col   +cut   -cut    t_LP    t_PR    t_SP   t_Tot     t_acc
    1          inf   2.5727e+07   2.4700e+04    494    247   247      0      0      0      0   0.354   0.001   0.000   0.356     0.356
    2          inf   2.5727e+07   2.4700e+05    494    247   247      0      0      0      0   0.162   0.001   0.000   0.163     0.519
    3          inf   2.5727e+07   2.4518e+06    494    247   242      0      0      0      0   0.153   0.001   0.000   0.155     0.674
    4          inf   2.5727e+07   1.7985e+07    494    249   101      0      0      2      0   0.153   0.001   0.000   0.154     0.828
    5          inf   2.5727e+07   3.5045e+07    533    346    30     39      0     97      0   0.160   0.001   0.000   0.160     0.989
    6          inf   2.5727e+07   6.4116e+07    712    354   113    184      5      8      0   0.175   0.001   0.000   0.176     1.165
    7          inf   2.5727e+07   8.5724e+07    893    363    64    181      0      9      0   0.180   0.001   0.000   0.181     1.346
    8          inf   2.5727e+07   3.2469e+07   1057    393    14    164      0     30      0   0.189   0.000   0.000   0.190     1.536
    9          inf   2.5781e+07   2.5898e+07   1209    408     0    152      0     15      0   0.205   0.001   0.000   0.206     1.742
   10          inf   2.5818e+07   2.5884e+07   1337    414     0    136      8      7      1   0.204   0.001   0.000   0.206     1.948
   11          inf   2.5843e+07   2.5873e+07   1429    402     0    117     25      9     21   0.202   0.001   0.000   0.204     2.152
   12          inf   2.5854e+07   2.5867e+07   1458    404     0     82     53      5      3   0.199   0.000   0.000   0.201     2.353
   13          inf   2.5858e+07   2.5865e+07   1439    402     0     69     88      1      3   0.206   0.001   0.000   0.208     2.561
   14          inf   2.5863e+07   2.5864e+07   1311    388     0     34    162      1     15   0.203   0.001   0.000   0.205     2.765
   15          inf   2.5863e+07   2.5864e+07   1195    384     0     27    143      1      5   0.203   0.000   0.000   0.204     2.969
   16   2.5864e+07   2.5864e+07   2.5864e+07   1195    384     0    *21      0      0      0   0.202   0.001   0.000   0.202     3.172
CG optimal after 16 iterations. UB=25864054.182068 LB=25863949.513489 gap=1.047e+02 tol=2.586e+03  t_LP=3.151  t_PR=0.013  t_SP=0.003  t_Tot=3.174

# === STDOUT (result CSV) ===
Setting parameter 'LpMethod' to 2
Setting parameter 'GPUMode' to 2
Setting parameter 'Presolve' to 0
Setting parameter 'Crossover' to 0
instance,formulation,iterations,columns,objective,lower_bound,optimal,time,time_lp,time_pricing,time_separation
/home/simon/code/my/mcfcg/data/commalab/grid/grid7,tree,16,948,25864054.182068,25863949.513489,1,3.188,3.151,0.013,0.003
