# cmd: /home/simon/code/my/mcfcg/build/mcfcg_cli /home/simon/code/my/mcfcg/data/commalab/grid/grid7 --solver mosek --formulation path --max-iters 10000 --time-limit 7200.0
# outcome: ok
# returncode: 0
# === STDERR (CG iteration log + preamble) ===
Instance: 400 vertices, 1520 arcs, 400 commodities, 247 sources
Pricing threads: 32 (auto)
Slack mode: CommodityRows (struct=400, capped_arcs=1520)
   It           UB           LB       LP_obj   #col   #row  #slk   +col   -col   +cut   -cut    t_LP    t_PR    t_SP   t_Tot     t_acc
    1          inf   2.5727e+07   2.2330e+06    800    400   394      0      0      0      0   0.009   0.001   0.000   0.011     0.011
    2          inf   2.5727e+07   1.8829e+07    800    400   239      0      0      0      0   0.000   0.001   0.000   0.002     0.012
    3          inf   2.5727e+07   2.5727e+07    800    523     0      0      0    123      0   0.000   0.001   0.000   0.002     0.014
    4          inf   2.5727e+07   5.9583e+07   1048    523   132    248      0      0      0   0.009   0.000   0.000   0.010     0.024
    5          inf   2.5727e+07   6.0352e+07   1280    530    74    232      0      7      0   0.011   0.001   0.000   0.013     0.037
    6          inf   2.5727e+07   4.2468e+07   1473    563     9    193      0     33      0   0.014   0.001   0.000   0.016     0.052
    7          inf   2.5727e+07   2.5919e+07   1701    586     0    228      0     23      0   0.037   0.000   0.000   0.039     0.091
    8          inf   2.5840e+07   2.5881e+07   1836    595     0    135      0      9      0   0.037   0.001   0.000   0.039     0.129
    9          inf   2.5854e+07   2.5869e+07   1915    568     0     98     19      8     35   0.039   0.000   0.000   0.040     0.170
   10   2.5866e+07   2.5854e+07   2.5866e+07   1931    567     0     76     60      0      1   0.033   0.001   0.000   0.035     0.204
   11   2.5865e+07   2.5861e+07   2.5865e+07   1880    561     0     29     80      0      6   0.034   0.000   0.000   0.035     0.239
   12   2.5865e+07   2.5863e+07   2.5864e+07   1880    563     0    *17      0      2      0   0.033   0.001   0.000   0.033     0.273
CG optimal after 12 iterations. UB=25864680.976041 LB=25862884.714653 gap=1.796e+03 tol=2.586e+03  t_LP=0.258  t_PR=0.010  t_SP=0.003  t_Tot=0.275

# === STDOUT (result CSV) ===
instance,formulation,iterations,columns,objective,lower_bound,optimal,time,time_lp,time_pricing,time_separation
/home/simon/code/my/mcfcg/data/commalab/grid/grid7,path,12,1480,25864680.976041,25862884.714653,1,0.280,0.258,0.010,0.003
