# cmd: /home/simon/code/my/mcfcg/build/mcfcg_cli /home/simon/code/my/mcfcg/data/commalab/planar/planar2500 --solver copt --formulation path --max-iters 10000 --time-limit 7200.0
# outcome: ok
# returncode: 0
# === STDERR (CG iteration log + preamble) ===
Instance: 2500 vertices, 12990 arcs, 81430 commodities, 2500 sources
Pricing threads: 32 (auto)
Slack mode: EdgeRows (struct=81430, capped_arcs=12990)
   It           UB           LB       LP_obj   #col   #row  #slk   +col   -col   +cut   -cut    t_LP    t_PR    t_SP   t_Tot     t_acc
    1          inf   1.0946e+10   1.0946e+10  83123  83123     0      0      0   1693      0   0.478   0.106   0.113   0.698     0.698
    2          inf   1.0946e+10   2.9836e+12 133123  83123  1693  50000      0      0      0   5.422   0.065   0.005   5.544     6.241
    3          inf   1.0946e+10   2.3308e+10 184285  84285     7  50000      0   1162      0   6.529   0.069   0.105   6.825    13.067
    4          inf   1.0946e+10   1.1431e+12 234326  84326  1058  50000      0     41      0  21.779   0.068   0.136  22.087    35.154
    5          inf   1.0946e+10   5.3163e+12 284512  84512  1236  50000      0    186      0  34.700   0.073   0.186  35.035    70.189
    6          inf   1.0946e+10   2.2724e+12 334826  84826   509  50000      0    314      0  45.863   0.073   0.312  46.336   116.525
    7          inf   1.0946e+10   6.1045e+12 384877  84877   677  50000      0     51      0  82.525   0.071   0.304  83.047   199.572
    8          inf   1.0946e+10   2.8572e+12 399032  84744   425  50000  35712     70    203  94.836   0.070   0.382  96.994   296.567
    9          inf   1.0946e+10   5.0181e+11 407836  84741   160  50000  41193     24     27  69.905   0.078   0.341  71.905   368.471
   10          inf   1.0946e+10   1.3367e+10 415106  84629     0  50000  42618      4    116  54.242   0.073   0.340  56.168   424.640
   11          inf   1.1206e+10   1.3201e+10 427985  84486     0  50000  36978      9    152  38.994   0.067   0.433  41.406   466.046
   12          inf   1.1591e+10   1.3092e+10 436343  84443     0  50000  41599     21     64  34.916   0.064   0.345  36.918   502.964
   13          inf   1.1735e+10   1.3007e+10 442835  84445     0  50000  43510     17     15  28.221   0.076   0.332  30.135   533.099
   14          inf   1.1900e+10   1.2931e+10 441648  83546     0  50000  50288     29    928  26.792   0.077   0.335  28.507   561.605
   15          inf   1.2009e+10   1.2869e+10 429455  83357     0  50000  62004     63    252  14.609   0.077   0.263  16.035   577.640
   16          inf   1.2164e+10   1.2819e+10 424655  83351     0  50000  54794     66     72  11.303   0.076   0.261  12.711   590.351
   17          inf   1.2262e+10   1.2781e+10 426244  83331     0  50000  48391     47     67  11.610   0.075   0.235  12.984   603.334
   18          inf   1.2384e+10   1.2753e+10 428259  83323     0  50000  47977     48     56  11.677   0.063   0.247  13.037   616.372
   19          inf   1.2426e+10   1.2727e+10 430422  83308     0  50000  47822     39     54  11.461   0.071   0.243  12.900   629.271
   20          inf   1.2478e+10   1.2709e+10 431530  83307     0  50000  48891     43     44  10.895   0.074   0.248  12.325   641.597
   21          inf   1.2519e+10   1.2695e+10 431134  83308     0  50000  50397     43     42   9.809   0.077   0.246  11.191   652.788
   22          inf   1.2554e+10   1.2684e+10 431287  83304     0  50000  49843     45     49   9.958   0.073   0.246  11.319   664.107
   23          inf   1.2581e+10   1.2676e+10 431798  83286     0  50000  49471     26     44   9.609   0.076   0.245  10.999   675.105
   24          inf   1.2610e+10   1.2671e+10 433457  83275     0  50000  48330     28     39   9.716   0.067   0.256  11.085   686.190
   25          inf   1.2628e+10   1.2667e+10 435886  83266     0  50000  47562     29     38   9.696   0.073   0.260  11.171   697.361
   26          inf   1.2641e+10   1.2665e+10 439382  83272     0  50000  46510     36     30   9.806   0.074   0.259  11.225   708.586
   27          inf   1.2651e+10   1.2663e+10 443314  83277     0  50000  46073     26     21   9.495   0.075   0.269  11.002   719.589
   28          inf   1.2658e+10   1.2663e+10 450197  83264     0  50000  43104      9     22  11.286   0.076   0.261  12.745   732.334
   29          inf   1.2661e+10   1.2662e+10 469255  83254     0  50000  30932      7     17  12.898   0.073   0.260  14.399   746.733
   30          inf   1.2662e+10   1.2662e+10 460760  83238     0  14041  22520      1     17  11.328   0.062   0.283  12.884   759.617
   31          inf   1.2662e+10   1.2662e+10 444531  83228     0   2491  18710      6     16   9.793   0.060   0.273  11.363   770.980
   32   1.2662e+10   1.2662e+10   1.2662e+10 444531  83228     0 *10375      0      0      0   9.126   0.053   0.012   9.193   780.173
CG optimal after 32 iterations. UB=12662331929.093195 LB=12662294203.313589 gap=3.773e+04 tol=1.266e+06  t_LP=739.278  t_PR=2.469  t_SP=8.035  t_Tot=780.335

# === STDOUT (result CSV) ===
Setting parameter 'LpMethod' to 2
Setting parameter 'GPUMode' to 2
Setting parameter 'Presolve' to 0
Setting parameter 'Crossover' to 0
instance,formulation,iterations,columns,objective,lower_bound,optimal,time,time_lp,time_pricing,time_separation
/home/simon/code/my/mcfcg/data/commalab/planar/planar2500,path,32,442733,12662331929.093195,12662294203.313589,1,780.740,739.278,2.469,8.035
