# cmd: /home/simon/code/my/mcfcg/build/mcfcg_cli /home/simon/code/my/mcfcg/data/commalab/planar/planar30 --solver mosek --formulation tree --max-iters 10000 --time-limit 7200.0
# outcome: ok
# returncode: 0
# === STDERR (CG iteration log + preamble) ===
Instance: 30 vertices, 150 arcs, 92 commodities, 29 sources
Pricing threads: 32 (auto)
Slack mode: CommodityRows (struct=29, capped_arcs=150)
   It           UB           LB       LP_obj   #col   #row  #slk   +col   -col   +cut   -cut    t_LP    t_PR    t_SP   t_Tot     t_acc
    1          inf   4.3134e+07   3.4328e+06     58     29    29      0      0      0      0   0.009   0.001   0.000   0.009     0.009
    2          inf   4.3134e+07   2.8978e+07     58     33    17      0      0      4      0   0.000   0.000   0.000   0.000     0.010
    3          inf   4.3134e+07   6.6437e+07     70     39     9     12      0      6      0   0.001   0.000   0.000   0.001     0.011
    4          inf   4.3134e+07   1.0650e+08     94     44    12     24      0      5      0   0.001   0.000   0.000   0.001     0.012
    5          inf   4.3134e+07   6.8035e+07    114     48     4     20      0      4      0   0.001   0.000   0.000   0.001     0.013
    6          inf   4.3134e+07   5.2153e+07    134     53     2     20      0      5      0   0.001   0.000   0.000   0.002     0.015
    7          inf   4.3134e+07   4.4709e+07    149     54     0     15      0      1      0   0.001   0.000   0.000   0.002     0.016
    8   4.4377e+07   4.4173e+07   4.4377e+07    155     54     0      7      1      0      0   0.001   0.000   0.000   0.002     0.018
    9   4.4353e+07   4.4346e+07   4.4353e+07    155     53     0      1      1      0      1   0.001   0.000   0.000   0.001     0.019
   10   4.4351e+07   4.4348e+07   4.4351e+07    155     53     0     *1      0      0      0   0.001   0.000   0.000   0.001     0.021
CG optimal after 10 iterations. UB=44350800.837345 LB=44347500.252027 gap=3.301e+03 tol=4.435e+03  t_LP=0.018  t_PR=0.002  t_SP=0.000  t_Tot=0.022

# === STDOUT (result CSV) ===
instance,formulation,iterations,columns,objective,lower_bound,optimal,time,time_lp,time_pricing,time_separation
/home/simon/code/my/mcfcg/data/commalab/planar/planar30,tree,10,126,44350800.837345,44347500.252027,1,0.025,0.018,0.002,0.000
