# cmd: /home/simon/code/my/mcfcg/build/mcfcg_cli /home/simon/code/my/mcfcg/data/commalab/planar/planar500 --solver mosek --formulation tree --max-iters 10000 --time-limit 7200.0
# outcome: ok
# returncode: 0
# === STDERR (CG iteration log + preamble) ===
Instance: 500 vertices, 2842 arcs, 3525 commodities, 500 sources
Pricing threads: 32 (auto)
Slack mode: CommodityRows (struct=500, capped_arcs=2842)
   It           UB           LB       LP_obj   #col   #row  #slk   +col   -col   +cut   -cut    t_LP    t_PR    t_SP   t_Tot     t_acc
    1          inf   4.7613e+08   1.4003e+08   1000    500   486      0      0      0      0   0.009   0.004   0.000   0.014     0.014
    2          inf   4.7613e+08   4.7568e+08   1000    604     1      0      0    104      0   0.000   0.004   0.001   0.005     0.019
    3          inf   4.7613e+08   6.6299e+08   1457    604   142    457      0      0      0   0.025   0.003   0.000   0.029     0.048
    4          inf   4.7613e+08   7.4618e+08   1926    604   151    469      0      0      0   0.032   0.002   0.000   0.036     0.084
    5          inf   4.7613e+08   9.6792e+08   2405    604   114    479      0      0      0   0.043   0.003   0.000   0.047     0.131
    6          inf   4.7613e+08   6.2765e+08   2890    606    36    485      0      2      0   0.045   0.003   0.001   0.050     0.181
    7          inf   4.7856e+08   4.8357e+08   3347    607     0    457      0      1      0   0.048   0.003   0.001   0.053     0.234
    8          inf   4.8078e+08   4.8278e+08   3749    563     0    431     29      1     45   0.059   0.003   0.001   0.065     0.299
    9          inf   4.8082e+08   4.8236e+08   3875    565     0    398    272      2      0   0.040   0.002   0.001   0.045     0.344
   10          inf   4.8148e+08   4.8209e+08   3922    567     0    355    308      2      0   0.043   0.002   0.001   0.047     0.391
   11          inf   4.8190e+08   4.8201e+08   3812    567     0    284    394      1      1   0.048   0.002   0.001   0.053     0.444
   12   4.8199e+08   4.8197e+08   4.8199e+08   3812    567     0   *157      0      0      0   0.042   0.002   0.001   0.045     0.490
CG optimal after 12 iterations. UB=481988143.903237 LB=481969639.401307 gap=1.850e+04 tol=4.820e+04  t_LP=0.434  t_PR=0.039  t_SP=0.007  t_Tot=0.496

# === STDOUT (result CSV) ===
instance,formulation,iterations,columns,objective,lower_bound,optimal,time,time_lp,time_pricing,time_separation
/home/simon/code/my/mcfcg/data/commalab/planar/planar500,tree,12,3312,481988143.903237,481969639.401307,1,0.502,0.434,0.039,0.007
