# cmd: /home/simon/code/my/mcfcg/build/mcfcg_cli /home/simon/code/my/mcfcg/data/commalab/planar/planar30 --solver copt --formulation tree --max-iters 10000 --time-limit 7200.0
# outcome: ok
# returncode: 0
# === STDERR (CG iteration log + preamble) ===
Instance: 30 vertices, 150 arcs, 92 commodities, 29 sources
Pricing threads: 32 (auto)
Slack mode: CommodityRows (struct=29, capped_arcs=150)
   It           UB           LB       LP_obj   #col   #row  #slk   +col   -col   +cut   -cut    t_LP    t_PR    t_SP   t_Tot     t_acc
    1          inf   4.3134e+07   3.4328e+06     58     29    29      0      0      0      0   0.335   0.000   0.000   0.335     0.335
    2          inf   4.3134e+07   2.8978e+07     58     33    17      0      0      4      0   0.155   0.000   0.000   0.156     0.491
    3          inf   4.3134e+07   6.6437e+07     70     39     9     12      0      6      0   0.143   0.000   0.000   0.143     0.634
    4          inf   4.3134e+07   1.0650e+08     94     44    12     24      0      5      0   0.142   0.000   0.000   0.142     0.776
    5          inf   4.3134e+07   6.8035e+07    114     48     4     20      0      4      0   0.152   0.000   0.000   0.153     0.928
    6          inf   4.3134e+07   5.2153e+07    134     53     2     20      0      5      0   0.154   0.000   0.000   0.154     1.083
    7          inf   4.3134e+07   4.4709e+07    149     54     0     15      0      1      0   0.152   0.000   0.000   0.152     1.235
    8   4.4377e+07   4.4190e+07   4.4377e+07    159     54     0     11      1      0      0   0.160   0.000   0.000   0.160     1.395
    9   4.4353e+07   4.4346e+07   4.4353e+07    159     53     0      1      1      0      1   0.159   0.000   0.000   0.159     1.554
   10   4.4351e+07   4.4348e+07   4.4351e+07    159     53     0     *1      0      0      0   0.156   0.000   0.000   0.156     1.710
CG optimal after 10 iterations. UB=44350800.800132 LB=44347500.255333 gap=3.301e+03 tol=4.435e+03  t_LP=1.707  t_PR=0.002  t_SP=0.000  t_Tot=1.711

# === STDOUT (result CSV) ===
Setting parameter 'LpMethod' to 2
Setting parameter 'GPUMode' to 2
Setting parameter 'Presolve' to 0
Setting parameter 'Crossover' to 0
instance,formulation,iterations,columns,objective,lower_bound,optimal,time,time_lp,time_pricing,time_separation
/home/simon/code/my/mcfcg/data/commalab/planar/planar30,tree,10,130,44350800.800132,44347500.255333,1,1.724,1.707,0.002,0.000
