# cmd: /home/simon/code/my/mcfcg/build/mcfcg_cli /home/simon/code/my/mcfcg/data/commalab/planar/planar300 --solver mosek --formulation path --max-iters 10000 --time-limit 7200.0
# outcome: ok
# returncode: 0
# === STDERR (CG iteration log + preamble) ===
Instance: 300 vertices, 1680 arcs, 3584 commodities, 300 sources
Pricing threads: 32 (auto)
Slack mode: EdgeRows (struct=3584, capped_arcs=1680)
   It           UB           LB       LP_obj   #col   #row  #slk   +col   -col   +cut   -cut    t_LP    t_PR    t_SP   t_Tot     t_acc
    1          inf   6.6936e+08   6.6936e+08   3745   3745     0      0      0    161      0   0.020   0.002   0.002   0.024     0.024
    2          inf   6.6936e+08   3.7000e+09   6915   3745   161   3170      0      0      0   0.140   0.001   0.000   0.144     0.167
    3          inf   6.6936e+08   7.0836e+08   9444   3803     0   2471      0     58      0   0.096   0.001   0.001   0.101     0.269
    4          inf   6.6936e+08   7.2502e+08  12129   3809     8   2679      0      6      0   0.180   0.001   0.001   0.186     0.454
    5          inf   6.6936e+08   6.9409e+08  14370   3811     0   2239      0      2      0   0.195   0.001   0.002   0.200     0.655
    6   6.9142e+08   6.8546e+08   6.9142e+08  16048   3811     0   1678      0      0      0   0.204   0.001   0.000   0.207     0.862
    7   6.9032e+08   6.8912e+08   6.9032e+08  16824   3811     0    776      0      0      0   0.219   0.001   0.000   0.222     1.085
    8   6.9000e+08   6.8991e+08   6.9000e+08  15288   3758     0    227   1710      0     53   0.223   0.001   0.000   0.227     1.311
    9   6.9000e+08   6.8997e+08   6.8998e+08  15289   3759     0    *90      0      1      0   0.176   0.001   0.002   0.179     1.490
CG optimal after 9 iterations. UB=689999961.916312 LB=689968042.237994 gap=3.192e+04 tol=6.900e+04  t_LP=1.453  t_PR=0.016  t_SP=0.009  t_Tot=1.496

# === STDOUT (result CSV) ===
instance,formulation,iterations,columns,objective,lower_bound,optimal,time,time_lp,time_pricing,time_separation
/home/simon/code/my/mcfcg/data/commalab/planar/planar300,path,9,15114,689999961.916312,689968042.237994,1,1.503,1.453,0.016,0.009
