# cmd: /home/simon/code/my/mcfcg/build/mcfcg_cli /home/simon/code/my/mcfcg/data/commalab/planar/planar800 --solver mosek --formulation tree --max-iters 10000 --time-limit 7200.0
# outcome: ok
# returncode: 0
# === STDERR (CG iteration log + preamble) ===
Instance: 800 vertices, 4388 arcs, 12756 commodities, 800 sources
Pricing threads: 32 (auto)
Slack mode: CommodityRows (struct=800, capped_arcs=4388)
   It           UB           LB       LP_obj   #col   #row  #slk   +col   -col   +cut   -cut    t_LP    t_PR    t_SP   t_Tot     t_acc
    1          inf   1.1440e+09   4.6119e+08   1600    800   793      0      0      0      0   0.009   0.013   0.002   0.025     0.025
    2          inf   1.1440e+09   1.1440e+09   1600   1017     0      0      0    217      0   0.000   0.011   0.002   0.014     0.039
    3          inf   1.1440e+09   2.5378e+09   2399   1017   357    799      0      0      0   0.174   0.007   0.001   0.187     0.226
    4          inf   1.1440e+09   6.2587e+09   3199   1017   431    800      0      0      0   0.205   0.006   0.001   0.216     0.441
    5          inf   1.1440e+09   1.2761e+10   3999   1019   283    800      0      2      0   0.246   0.007   0.002   0.261     0.702
    6          inf   1.1440e+09   1.8200e+10   4799   1020   308    800      0      1      0   0.305   0.007   0.002   0.320     1.023
    7          inf   1.1440e+09   3.7920e+10   5598   1021   184    799      0      1      0   0.398   0.007   0.003   0.414     1.436
    8          inf   1.1440e+09   1.8301e+10   6266    926    72    799    131     10    105   0.336   0.007   0.002   0.353     1.789
    9          inf   1.1440e+09   1.1759e+09   6497    956     0    800    569     31      1   0.168   0.005   0.004   0.185     1.974
   10          inf   1.1440e+09   2.9580e+09   6789    954    10    800    508      1      3   0.237   0.007   0.003   0.255     2.229
   11          inf   1.1590e+09   1.1726e+09   6930    954     0    800    659      1      1   0.190   0.007   0.003   0.208     2.437
   12          inf   1.1590e+09   1.1711e+09   7183    951     0    800    547      1      4   0.201   0.007   0.003   0.218     2.655
   13          inf   1.1600e+09   1.1696e+09   7394    956     0    800    589      6      1   0.186   0.007   0.004   0.204     2.860
   14          inf   1.1613e+09   1.1688e+09   7320    951     0    798    872      1      6   0.205   0.007   0.004   0.223     3.083
   15          inf   1.1645e+09   1.1681e+09   7167    945     0    798    951      2      8   0.198   0.007   0.004   0.217     3.300
   16          inf   1.1645e+09   1.1678e+09   6984    946     0    798    981      2      1   0.191   0.007   0.004   0.209     3.509
   17   1.1676e+09   1.1661e+09   1.1676e+09   7040    938     0    797    741      0      8   0.206   0.007   0.002   0.220     3.728
   18   1.1676e+09   1.1666e+09   1.1675e+09   7084    935     0    796    752      2      5   0.214   0.007   0.004   0.231     3.960
   19   1.1676e+09   1.1669e+09   1.1674e+09   7124    935     0    792    752      4      4   0.191   0.007   0.003   0.209     4.168
   20   1.1676e+09   1.1671e+09   1.1674e+09   7071    937     0    789    842      2      0   0.202   0.007   0.003   0.220     4.388
   21   1.1674e+09   1.1673e+09   1.1674e+09   7138    935     0    792    725      0      2   0.211   0.007   0.002   0.225     4.613
   22   1.1674e+09   1.1673e+09   1.1674e+09   7138    935     0   *793      0      0      0   0.233   0.007   0.002   0.241     4.854
CG optimal after 22 iterations. UB=1167376462.050190 LB=1167313820.430146 gap=6.264e+04 tol=1.167e+05  t_LP=4.508  t_PR=0.175  t_SP=0.059  t_Tot=4.871

# === STDOUT (result CSV) ===
instance,formulation,iterations,columns,objective,lower_bound,optimal,time,time_lp,time_pricing,time_separation
/home/simon/code/my/mcfcg/data/commalab/planar/planar800,tree,22,6338,1167376462.050190,1167313820.430146,1,4.879,4.508,0.175,0.059
