# cmd: /home/simon/code/my/mcfcg/build/mcfcg_cli /home/simon/code/my/mcfcg/data/commalab/planar/planar100 --solver mosek --formulation tree --max-iters 10000 --time-limit 7200.0
# outcome: ok
# returncode: 0
# === STDERR (CG iteration log + preamble) ===
Instance: 100 vertices, 532 arcs, 1085 commodities, 100 sources
Pricing threads: 32 (auto)
Slack mode: CommodityRows (struct=100, capped_arcs=532)
   It           UB           LB       LP_obj   #col   #row  #slk   +col   -col   +cut   -cut    t_LP    t_PR    t_SP   t_Tot     t_acc
    1          inf   2.1492e+08   3.1028e+06    200    100   100      0      0      0      0   0.011   0.001   0.000   0.011     0.011
    2          inf   2.1492e+08   3.0947e+07    200    100    99      0      0      0      0   0.000   0.000   0.000   0.001     0.012
    3          inf   2.1492e+08   2.0963e+08    200    162    15      0      0     62      0   0.000   0.000   0.000   0.001     0.013
    4          inf   2.1492e+08   3.1972e+08    293    162    74     93      0      0      0   0.005   0.000   0.000   0.005     0.018
    5          inf   2.1492e+08   1.1438e+09    393    169    49    100      0      7      0   0.005   0.000   0.000   0.006     0.023
    6          inf   2.1492e+08   2.0414e+09    492    175    52     99      0      6      0   0.006   0.000   0.000   0.006     0.030
    7          inf   2.1492e+08   4.3695e+09    592    186    27    100      0     11      0   0.007   0.000   0.000   0.008     0.037
    8          inf   2.1492e+08   3.4444e+09    692    198    16    100      0     12      0   0.009   0.000   0.000   0.010     0.047
    9          inf   2.1492e+08   3.0610e+09    770    206    11    100     22      9      1   0.010   0.000   0.000   0.011     0.058
   10          inf   2.1492e+08   2.3820e+08    843    217     0     99     26     11      0   0.013   0.000   0.000   0.014     0.072
   11          inf   2.1492e+08   3.7059e+08    885    221     1     99     57      4      0   0.017   0.000   0.000   0.018     0.090
   12   2.3586e+08   2.2150e+08   2.3586e+08    935    221     0     99     49      0      0   0.013   0.000   0.000   0.013     0.103
   13   2.3443e+08   2.2712e+08   2.3443e+08    979    221     0     99     55      0      0   0.013   0.000   0.000   0.013     0.116
   14   2.3443e+08   2.2777e+08   2.3343e+08    999    217     0     98     78      1      5   0.013   0.000   0.000   0.014     0.130
   15   2.3267e+08   2.2848e+08   2.3267e+08    996    210     0     99    102      0      7   0.013   0.000   0.000   0.014     0.144
   16   2.3267e+08   2.2963e+08   2.3214e+08   1002    209     0     97     91      1      2   0.015   0.000   0.000   0.016     0.160
   17   2.3184e+08   2.3033e+08   2.3184e+08    947    204     0     96    151      0      5   0.017   0.000   0.001   0.018     0.178
   18   2.3161e+08   2.3041e+08   2.3161e+08    941    197     0     96    102      0      7   0.016   0.000   0.000   0.016     0.194
   19   2.3161e+08   2.3086e+08   2.3150e+08    941    193     0     94     94      1      5   0.016   0.000   0.000   0.017     0.211
   20   2.3138e+08   2.3115e+08   2.3138e+08    946    193     0     96     91      0      0   0.013   0.000   0.000   0.014     0.225
   21   2.3135e+08   2.3125e+08   2.3135e+08    942    191     0     94     98      0      2   0.015   0.000   0.000   0.016     0.240
   22   2.3135e+08   2.3129e+08   2.3135e+08    928    189     0     91    105      0      2   0.015   0.000   0.000   0.016     0.256
   23   2.3134e+08   2.3133e+08   2.3134e+08    928    189     0    *55      0      0      0   0.013   0.000   0.000   0.013     0.270
CG optimal after 23 iterations. UB=231341820.606100 LB=231328472.137876 gap=1.335e+04 tol=2.313e+04  t_LP=0.253  t_PR=0.007  t_SP=0.004  t_Tot=0.272

# === STDOUT (result CSV) ===
instance,formulation,iterations,columns,objective,lower_bound,optimal,time,time_lp,time_pricing,time_separation
/home/simon/code/my/mcfcg/data/commalab/planar/planar100,tree,23,828,231341820.606100,231328472.137876,1,0.276,0.253,0.007,0.004
