# cmd: /home/simon/code/my/mcfcg/build/mcfcg_cli /home/simon/code/my/mcfcg/data/commalab/planar/planar150 --solver copt --formulation path --max-iters 10000 --time-limit 7200.0
# outcome: ok
# returncode: 0
# === STDERR (CG iteration log + preamble) ===
Instance: 150 vertices, 850 arcs, 2239 commodities, 150 sources
Pricing threads: 32 (auto)
Slack mode: EdgeRows (struct=2239, capped_arcs=850)
   It           UB           LB       LP_obj   #col   #row  #slk   +col   -col   +cut   -cut    t_LP    t_PR    t_SP   t_Tot     t_acc
    1          inf   4.6091e+08   4.6091e+08   2455   2455     0      0      0    216      0   0.366   0.001   0.001   0.367     0.367
    2          inf   4.6091e+08   1.4441e+10   4637   2455   216   2182      0      0      0   0.278   0.000   0.000   0.279     0.647
    3          inf   4.6115e+08   5.7102e+08   6530   2571     0   1777      0    116      0   0.228   0.001   0.001   0.230     0.877
    4          inf   4.6115e+08   3.4057e+09   8589   2587    76   2043      0     16      0   0.262   0.000   0.000   0.264     1.141
    5          inf   4.6115e+08   2.9852e+09  10598   2628    30   1968      0     41      0   0.344   0.000   0.001   0.346     1.487
    6          inf   4.6115e+08   7.4043e+08  12541   2642     4   1929      0     14      0   0.305   0.000   0.002   0.308     1.795
    7          inf   4.6115e+08   5.9364e+08  14239   2646     1   1694      0      4      0   0.350   0.000   0.001   0.352     2.147
    8          inf   5.1526e+08   5.6296e+08  14721   2612     0   1542   1026      8     42   0.343   0.000   0.001   0.348     2.495
    9          inf   5.3416e+08   5.5445e+08  14908   2604     0   1376   1181      3     11   0.351   0.000   0.001   0.356     2.851
   10          inf   5.4013e+08   5.5072e+08  14505   2585     0   1038   1422      3     22   0.319   0.000   0.001   0.324     3.175
   11          inf   5.4591e+08   5.4888e+08  13543   2558     0    855   1790      6     33   0.284   0.000   0.001   0.289     3.464
   12          inf   5.4723e+08   5.4841e+08  11620   2536     0    262   2163      1     23   0.287   0.000   0.001   0.292     3.756
   13          inf   5.4766e+08   5.4810e+08  10065   2530     0    186   1735      6     12   0.267   0.000   0.001   0.271     4.027
   14   5.4809e+08   5.4806e+08   5.4809e+08  10065   2530     0    *44      0      0      0   0.246   0.000   0.000   0.247     4.274
CG optimal after 14 iterations. UB=548091372.001041 LB=548058236.325089 gap=3.314e+04 tol=5.481e+04  t_LP=4.230  t_PR=0.008  t_SP=0.010  t_Tot=4.277

# === STDOUT (result CSV) ===
Setting parameter 'LpMethod' to 2
Setting parameter 'GPUMode' to 2
Setting parameter 'Presolve' to 0
Setting parameter 'Crossover' to 0
instance,formulation,iterations,columns,objective,lower_bound,optimal,time,time_lp,time_pricing,time_separation
/home/simon/code/my/mcfcg/data/commalab/planar/planar150,path,14,9774,548091372.001041,548058236.325089,1,4.298,4.230,0.008,0.010
