# cmd: /home/simon/code/my/mcfcg/build/mcfcg_cli /home/simon/code/my/mcfcg/data/commalab/planar/planar500 --solver copt --formulation path --max-iters 10000 --time-limit 7200.0
# outcome: ok
# returncode: 0
# === STDERR (CG iteration log + preamble) ===
Instance: 500 vertices, 2842 arcs, 3525 commodities, 500 sources
Pricing threads: 32 (auto)
Slack mode: EdgeRows (struct=3525, capped_arcs=2842)
   It           UB           LB       LP_obj   #col   #row  #slk   +col   -col   +cut   -cut    t_LP    t_PR    t_SP   t_Tot     t_acc
    1          inf   4.7613e+08   4.7613e+08   3629   3629     0      0      0    104      0   0.343   0.005   0.001   0.349     0.349
    2          inf   4.7613e+08   1.2011e+10   6020   3629   104   2391      0      0      0   0.329   0.002   0.000   0.332     0.682
    3          inf   4.7613e+08   4.8874e+08   7652   3636     0   1625      0      7      0   0.205   0.002   0.001   0.209     0.891
    4          inf   4.7613e+08   4.8458e+08   9442   3637     0   1789      0      1      0   0.235   0.002   0.001   0.239     1.130
    5   4.8313e+08   4.7771e+08   4.8313e+08  10423   3637     0    981      0      0      0   0.251   0.003   0.001   0.256     1.385
    6   4.8249e+08   4.8105e+08   4.8249e+08  11150   3637     0    727      0      0      0   0.240   0.002   0.000   0.243     1.628
    7   4.8202e+08   4.8192e+08   4.8202e+08  11391   3637     0    241      0      0      0   0.238   0.002   0.000   0.241     1.869
    8   4.8199e+08   4.8195e+08   4.8199e+08  11391   3637     0   *106      0      0      0   0.233   0.002   0.000   0.235     2.105
CG optimal after 8 iterations. UB=481985162.109287 LB=481947756.306215 gap=3.741e+04 tol=4.820e+04  t_LP=2.074  t_PR=0.027  t_SP=0.004  t_Tot=2.112

# === STDOUT (result CSV) ===
Setting parameter 'LpMethod' to 2
Setting parameter 'GPUMode' to 2
Setting parameter 'Presolve' to 0
Setting parameter 'Crossover' to 0
instance,formulation,iterations,columns,objective,lower_bound,optimal,time,time_lp,time_pricing,time_separation
/home/simon/code/my/mcfcg/data/commalab/planar/planar500,path,8,11279,481985162.109287,481947756.306215,1,2.132,2.074,0.027,0.004
