# cmd: /home/simon/code/my/mcfcg/build/mcfcg_cli /home/simon/code/my/mcfcg/data/commalab/planar/planar1000 --solver copt --formulation tree --max-iters 10000 --time-limit 7200.0
# outcome: ok
# returncode: 0
# === STDERR (CG iteration log + preamble) ===
Instance: 1000 vertices, 5200 arcs, 20026 commodities, 1000 sources
Pricing threads: 32 (auto)
Slack mode: CommodityRows (struct=1000, capped_arcs=5200)
   It           UB           LB       LP_obj   #col   #row  #slk   +col   -col   +cut   -cut    t_LP    t_PR    t_SP   t_Tot     t_acc
    1          inf   3.1896e+09   8.7300e+06   2000   1000  1000      0      0      0      0   0.395   0.021   0.001   0.417     0.417
    2          inf   3.1896e+09   8.7300e+07   2000   1000  1000      0      0      0      0   0.167   0.022   0.001   0.189     0.607
    3          inf   3.1896e+09   8.7275e+08   2000   1000   998      0      0      0      0   0.161   0.022   0.001   0.184     0.790
    4          inf   3.1896e+09   3.1896e+09   2000   1538     0      0      0    538      0   0.158   0.021   0.002   0.181     0.972
    5          inf   3.1896e+09   6.1730e+09   2999   1538   602    999      0      0      0   0.457   0.012   0.001   0.476     1.448
    6          inf   3.1896e+09   2.5922e+10   3999   1538   647   1000      0      0      0   0.597   0.010   0.001   0.614     2.062
    7          inf   3.1896e+09   7.5058e+10   4998   1539   650    999      0      1      0   0.688   0.009   0.001   0.706     2.768
    8          inf   3.1896e+09   2.9327e+11   5998   1542   459   1000      0      3      0   0.802   0.010   0.001   0.824     3.592
    9          inf   3.1896e+09   3.0901e+11   6998   1555   345   1000      0     13      0   0.879   0.011   0.001   0.900     4.493
   10          inf   3.1896e+09   2.5421e+11   7628   1267   279   1000    370      9    297   0.982   0.010   0.001   1.015     5.508
   11          inf   3.1896e+09   1.7791e+11   7901   1360   187   1000    727     93      0   0.495   0.011   0.002   0.522     6.029
   12          inf   3.1896e+09   1.6188e+11   8168   1393   176   1000    733     33      0   0.586   0.011   0.002   0.614     6.643
   13          inf   3.1896e+09   1.0362e+11   8327   1447   116   1000    841     56      2   0.634   0.011   0.001   0.667     7.310
   14          inf   3.1896e+09   7.7369e+10   8504   1505    85   1000    823     59      1   0.712   0.010   0.001   0.746     8.056
   15          inf   3.1896e+09   4.9073e+10   8741   1544    54   1000    763     49     10   0.732   0.010   0.001   0.767     8.823
   16          inf   3.1896e+09   1.5044e+10   9008   1606    16   1000    733     67      5   0.825   0.010   0.001   0.864     9.687
   17          inf   3.1896e+09   6.4702e+09   9124   1629     3   1000    884     27      4   0.968   0.010   0.003   1.008    10.695
   18          inf   3.1896e+09   3.5636e+09   9292   1601     0   1000    832      7     35   0.997   0.010   0.002   1.035    11.730
   19          inf   3.2522e+09   3.5459e+09   9407   1595     0   1000    885      6     12   0.918   0.010   0.003   0.957    12.687
   20          inf   3.2548e+09   3.5323e+09   9526   1585     0   1000    881     12     22   0.861   0.010   0.003   0.899    13.586
   21          inf   3.2959e+09   3.5191e+09   9606   1592     0   1000    920     18     11   0.840   0.007   0.003   0.875    14.461
   22          inf   3.2959e+09   3.5083e+09   9527   1583     0   1000   1079      9     18   0.897   0.009   0.003   0.934    15.395
   23          inf   3.3223e+09   3.4983e+09   9201   1571     0   1000   1326      8     20   0.931   0.009   0.003   0.974    16.369
   24          inf   3.3484e+09   3.4905e+09   9147   1552     0   1000   1054     13     32   0.880   0.010   0.003   0.919    17.288
   25          inf   3.3587e+09   3.4832e+09   9240   1530     0   1000    907     10     32   0.884   0.009   0.003   0.922    18.210
   26          inf   3.3794e+09   3.4772e+09   9262   1505     0   1000    978      7     32   0.832   0.010   0.003   0.870    19.079
   27          inf   3.3847e+09   3.4719e+09   9299   1497     0   1000    963     13     21   0.792   0.009   0.003   0.829    19.908
   28          inf   3.3847e+09   3.4682e+09   9308   1499     0   1000    991     15     13   0.777   0.010   0.003   0.814    20.723
   29          inf   3.3991e+09   3.4649e+09   9337   1513     0   1000    971     24     10   0.809   0.010   0.003   0.847    21.570
   30          inf   3.4087e+09   3.4622e+09   9372   1511     0   1000    965     11     13   0.843   0.008   0.003   0.879    22.449
   31          inf   3.4174e+09   3.4601e+09   9391   1506     0   1000    981      7     12   0.818   0.007   0.003   0.857    23.306
   32          inf   3.4180e+09   3.4583e+09   9442   1505     0   1000    949      7      8   0.836   0.009   0.003   0.872    24.178
   33          inf   3.4245e+09   3.4566e+09   9473   1507     0   1000    969      7      5   0.758   0.010   0.003   0.796    24.974
   34          inf   3.4245e+09   3.4550e+09   9445   1499     0   1000   1028      6     14   0.830   0.010   0.003   0.868    25.842
   35          inf   3.4290e+09   3.4539e+09   9425   1502     0   1000   1020      9      6   0.814   0.009   0.003   0.852    26.694
   36          inf   3.4339e+09   3.4530e+09   9402   1504     0   1000   1023      7      5   0.844   0.011   0.003   0.883    27.577
   37          inf   3.4351e+09   3.4522e+09   9380   1507     0   1000   1022      5      2   0.837   0.010   0.003   0.875    28.452
   38          inf   3.4381e+09   3.4516e+09   9412   1510     0   1000    968      8      5   0.869   0.009   0.003   0.907    29.359
   39          inf   3.4412e+09   3.4512e+09   9469   1512     0   1000    943      4      2   0.871   0.011   0.003   0.913    30.272
   40          inf   3.4418e+09   3.4508e+09   9433   1510     0   1000   1036      1      3   0.863   0.011   0.003   0.903    31.174
   41          inf   3.4432e+09   3.4505e+09   9389   1508     0   1000   1044      3      5   0.847   0.011   0.003   0.889    32.064
   42          inf   3.4446e+09   3.4503e+09   9381   1498     0   1000   1008      7     17   0.878   0.012   0.003   0.921    32.985
   43          inf   3.4456e+09   3.4501e+09   9371   1501     0   1000   1010      5      2   0.832   0.011   0.003   0.871    33.856
   44          inf   3.4466e+09   3.4500e+09   9392   1490     0   1000    979      2     13   0.865   0.011   0.003   0.905    34.761
   45          inf   3.4473e+09   3.4499e+09   9417   1489     0   1000    975      4      5   0.889   0.010   0.003   0.926    35.687
   46          inf   3.4480e+09   3.4498e+09   9451   1489     0   1000    966      2      2   0.874   0.011   0.003   0.915    36.602
   47          inf   3.4484e+09   3.4497e+09   9446   1489     0   1000   1005      3      3   0.871   0.010   0.003   0.909    37.511
   48          inf   3.4487e+09   3.4497e+09   9452   1488     0   1000    994      2      3   0.865   0.011   0.003   0.907    38.418
   49          inf   3.4490e+09   3.4497e+09   9449   1489     0   1000   1003      1      0   0.880   0.010   0.003   0.913    39.331
   50   3.4496e+09   3.4492e+09   3.4496e+09   9484   1486     0   1000    965      0      3   0.921   0.011   0.002   0.956    40.287
   51   3.4496e+09   3.4494e+09   3.4496e+09   9484   1487     0  *1000      0      1      0   0.866   0.011   0.003   0.880    41.167
CG optimal after 51 iterations. UB=3449636805.530709 LB=3449356086.863870 gap=2.807e+05 tol=3.450e+05  t_LP=39.425  t_PR=0.579  t_SP=0.118  t_Tot=41.190

# === STDOUT (result CSV) ===
Setting parameter 'LpMethod' to 2
Setting parameter 'GPUMode' to 2
Setting parameter 'Presolve' to 0
Setting parameter 'Crossover' to 0
instance,formulation,iterations,columns,objective,lower_bound,optimal,time,time_lp,time_pricing,time_separation
/home/simon/code/my/mcfcg/data/commalab/planar/planar1000,tree,51,8484,3449636805.530709,3449356086.863870,1,41.235,39.425,0.579,0.118
