# cmd: /home/simon/code/my/mcfcg/build/mcfcg_cli /home/simon/code/my/mcfcg/data/commalab/planar/planar500 --solver copt --formulation tree --max-iters 10000 --time-limit 7200.0
# outcome: ok
# returncode: 0
# === STDERR (CG iteration log + preamble) ===
Instance: 500 vertices, 2842 arcs, 3525 commodities, 500 sources
Pricing threads: 32 (auto)
Slack mode: CommodityRows (struct=500, capped_arcs=2842)
   It           UB           LB       LP_obj   #col   #row  #slk   +col   -col   +cut   -cut    t_LP    t_PR    t_SP   t_Tot     t_acc
    1          inf   4.7613e+08   1.4003e+08   1000    500   486      0      0      0      0   0.340   0.005   0.000   0.345     0.345
    2          inf   4.7613e+08   4.7568e+08   1000    604     1      0      0    104      0   0.157   0.005   0.000   0.162     0.508
    3          inf   4.7613e+08   6.6299e+08   1457    604   142    457      0      0      0   0.174   0.003   0.000   0.178     0.686
    4          inf   4.7613e+08   7.4618e+08   1926    604   151    469      0      0      0   0.183   0.002   0.000   0.187     0.872
    5          inf   4.7613e+08   9.6792e+08   2405    604   114    479      0      0      0   0.200   0.002   0.000   0.203     1.076
    6          inf   4.7613e+08   6.2765e+08   2890    606    36    485      0      2      0   0.216   0.002   0.000   0.220     1.296
    7          inf   4.7856e+08   4.8357e+08   3347    607     0    457      0      1      0   0.208   0.002   0.001   0.212     1.508
    8          inf   4.8078e+08   4.8278e+08   3744    561     0    428     31      1     47   0.204   0.002   0.000   0.208     1.716
    9          inf   4.8082e+08   4.8236e+08   3855    564     0    392    281      3      0   0.189   0.002   0.001   0.194     1.910
   10          inf   4.8148e+08   4.8209e+08   3889    567     0    350    316      3      0   0.191   0.002   0.001   0.195     2.105
   11   4.8201e+08   4.8189e+08   4.8201e+08   3775    566     0    280    394      0      1   0.203   0.002   0.001   0.207     2.313
   12   4.8199e+08   4.8197e+08   4.8199e+08   3775    566     0   *114      0      0      0   0.202   0.002   0.001   0.205     2.517
CG optimal after 12 iterations. UB=481987762.304849 LB=481968592.822699 gap=1.917e+04 tol=4.820e+04  t_LP=2.467  t_PR=0.037  t_SP=0.005  t_Tot=2.523

# === STDOUT (result CSV) ===
Setting parameter 'LpMethod' to 2
Setting parameter 'GPUMode' to 2
Setting parameter 'Presolve' to 0
Setting parameter 'Crossover' to 0
instance,formulation,iterations,columns,objective,lower_bound,optimal,time,time_lp,time_pricing,time_separation
/home/simon/code/my/mcfcg/data/commalab/planar/planar500,tree,12,3275,481987762.304849,481968592.822699,1,2.543,2.467,0.037,0.005
