# cmd: /home/simon/code/my/mcfcg/build/mcfcg_cli /home/simon/code/my/mcfcg/data/commalab/planar/planar300 --solver copt --formulation path --max-iters 10000 --time-limit 7200.0
# outcome: ok
# returncode: 0
# === STDERR (CG iteration log + preamble) ===
Instance: 300 vertices, 1680 arcs, 3584 commodities, 300 sources
Pricing threads: 32 (auto)
Slack mode: EdgeRows (struct=3584, capped_arcs=1680)
   It           UB           LB       LP_obj   #col   #row  #slk   +col   -col   +cut   -cut    t_LP    t_PR    t_SP   t_Tot     t_acc
    1          inf   6.6936e+08   6.6936e+08   3745   3745     0      0      0    161      0   0.354   0.002   0.001   0.357     0.357
    2          inf   6.6936e+08   3.7000e+09   6915   3745   161   3170      0      0      0   0.295   0.001   0.000   0.298     0.655
    3          inf   6.6936e+08   7.0836e+08   9444   3803     0   2471      0     58      0   0.215   0.001   0.001   0.218     0.873
    4          inf   6.6936e+08   7.2502e+08  12129   3809     8   2679      0      6      0   0.256   0.001   0.001   0.259     1.132
    5          inf   6.6938e+08   6.9411e+08  14346   3811     0   2215      0      2      0   0.274   0.001   0.001   0.277     1.409
    6   6.9139e+08   6.8592e+08   6.9139e+08  16023   3811     0   1677      0      0      0   0.301   0.001   0.000   0.304     1.713
    7   6.9037e+08   6.8886e+08   6.9037e+08  16733   3811     0    710      0      0      0   0.289   0.001   0.000   0.291     2.004
    8   6.9002e+08   6.8961e+08   6.9002e+08  15521   3757     0    527   1685      0     54   0.313   0.001   0.000   0.318     2.322
    9   6.9002e+08   6.8994e+08   6.8998e+08  14411   3742     0    191   1286      2     17   0.249   0.001   0.001   0.255     2.578
   10   6.8998e+08   6.8997e+08   6.8998e+08  14411   3742     0    *66      0      0      0   0.254   0.001   0.000   0.255     2.833
CG optimal after 10 iterations. UB=689979834.005918 LB=689967576.828965 gap=1.226e+04 tol=6.900e+04  t_LP=2.800  t_PR=0.015  t_SP=0.005  t_Tot=2.838

# === STDOUT (result CSV) ===
Setting parameter 'LpMethod' to 2
Setting parameter 'GPUMode' to 2
Setting parameter 'Presolve' to 0
Setting parameter 'Crossover' to 0
instance,formulation,iterations,columns,objective,lower_bound,optimal,time,time_lp,time_pricing,time_separation
/home/simon/code/my/mcfcg/data/commalab/planar/planar300,path,10,14253,689979834.005918,689967576.828965,1,2.858,2.800,0.015,0.005
