# cmd: /home/simon/code/my/mcfcg/build/mcfcg_cli /home/simon/code/my/mcfcg/data/commalab/planar/planar80 --solver mosek --formulation tree --max-iters 10000 --time-limit 7200.0
# outcome: ok
# returncode: 0
# === STDERR (CG iteration log + preamble) ===
Instance: 80 vertices, 440 arcs, 543 commodities, 80 sources
Pricing threads: 32 (auto)
Slack mode: CommodityRows (struct=80, capped_arcs=440)
   It           UB           LB       LP_obj   #col   #row  #slk   +col   -col   +cut   -cut    t_LP    t_PR    t_SP   t_Tot     t_acc
    1          inf   1.6746e+08   1.7178e+07    160     80    80      0      0      0      0   0.011   0.001   0.000   0.012     0.012
    2          inf   1.6746e+08   1.3972e+08    160    126    30      0      0     46      0   0.000   0.000   0.000   0.000     0.012
    3          inf   1.6746e+08   4.0133e+08    235    130    64     75      0      4      0   0.003   0.000   0.000   0.004     0.016
    4          inf   1.6746e+08   1.9983e+09    311    133    61     76      0      3      0   0.004   0.000   0.000   0.004     0.020
    5          inf   1.6746e+08   7.9506e+09    391    141    46     80      0      8      0   0.004   0.000   0.000   0.005     0.025
    6          inf   1.6746e+08   1.4360e+10    466    155    36     78      3     14      0   0.005   0.000   0.000   0.005     0.030
    7          inf   1.6746e+08   1.2852e+10    546    171    29     80      0     16      0   0.008   0.000   0.000   0.008     0.038
    8          inf   1.6746e+08   1.1286e+10    595    188    20     80     31     17      0   0.008   0.000   0.000   0.008     0.047
    9          inf   1.6746e+08   5.8733e+09    642    198    11     80     33     10      0   0.009   0.000   0.000   0.009     0.056
   10          inf   1.6746e+08   1.5591e+09    690    210     5     80     32     12      0   0.008   0.000   0.000   0.009     0.065
   11          inf   1.6746e+08   3.3827e+08    719    223     1     80     51     13      0   0.015   0.000   0.000   0.016     0.081
   12          inf   1.7062e+08   1.8837e+08    749    224     0     80     50      1      0   0.020   0.000   0.000   0.021     0.102
   13          inf   1.7569e+08   1.8610e+08    787    226     0     80     42      2      0   0.017   0.000   0.000   0.018     0.120
   14          inf   1.7604e+08   1.8501e+08    831    229     0     80     36      3      0   0.018   0.000   0.000   0.018     0.138
   15          inf   1.7776e+08   1.8435e+08    858    231     0     80     53      2      0   0.020   0.000   0.000   0.021     0.159
   16          inf   1.8002e+08   1.8382e+08    857    223     0     79     80      1      9   0.022   0.000   0.000   0.023     0.182
   17          inf   1.8014e+08   1.8332e+08    808    214     0     79    128      2     11   0.020   0.000   0.000   0.020     0.202
   18   1.8295e+08   1.8083e+08   1.8295e+08    792    207     0     79     95      0      7   0.013   0.000   0.000   0.014     0.216
   19   1.8272e+08   1.8111e+08   1.8272e+08    796    206     0     75     71      0      1   0.013   0.000   0.000   0.014     0.230
   20   1.8259e+08   1.8183e+08   1.8259e+08    802    197     0     75     69      0      9   0.016   0.000   0.000   0.016     0.246
   21   1.8259e+08   1.8205e+08   1.8252e+08    796    198     0     72     78      2      1   0.014   0.000   0.000   0.014     0.260
   22   1.8247e+08   1.8212e+08   1.8247e+08    805    196     0     77     68      0      2   0.012   0.000   0.000   0.013     0.273
   23   1.8245e+08   1.8227e+08   1.8245e+08    781    195     0     66     90      0      1   0.013   0.000   0.000   0.014     0.287
   24   1.8245e+08   1.8242e+08   1.8244e+08    745    196     0     22     58      1      0   0.014   0.000   0.000   0.015     0.302
   25   1.8244e+08   1.8244e+08   1.8244e+08    745    196     0     *0      0      0      0   0.012   0.000   0.000   0.013     0.315
CG optimal after 25 iterations. UB=182438134.004414 LB=182438131.835649 gap=2.169e+00 tol=1.824e+04  t_LP=0.298  t_PR=0.006  t_SP=0.004  t_Tot=0.317

# === STDOUT (result CSV) ===
instance,formulation,iterations,columns,objective,lower_bound,optimal,time,time_lp,time_pricing,time_separation
/home/simon/code/my/mcfcg/data/commalab/planar/planar80,tree,25,665,182438134.004414,182438131.835649,1,0.321,0.298,0.006,0.004
