# cmd: /home/simon/code/my/mcfcg/build/mcfcg_cli /home/simon/code/my/mcfcg/data/commalab/planar/planar1000 --solver copt --formulation path --max-iters 10000 --time-limit 7200.0
# outcome: ok
# returncode: 0
# === STDERR (CG iteration log + preamble) ===
Instance: 1000 vertices, 5200 arcs, 20026 commodities, 1000 sources
Pricing threads: 32 (auto)
Slack mode: EdgeRows (struct=20026, capped_arcs=5200)
   It           UB           LB       LP_obj   #col   #row  #slk   +col   -col   +cut   -cut    t_LP    t_PR    t_SP   t_Tot     t_acc
    1          inf   3.1896e+09   3.1896e+09  20564  20564     0      0      0    538      0   0.411   0.023   0.010   0.444     0.444
    2          inf   3.1896e+09   1.4963e+10  39380  20564   538  18816      0      0      0   0.822   0.011   0.001   0.844     1.288
    3          inf   3.1896e+09   3.5498e+09  55481  20895     0  15770      0    331      0   0.736   0.011   0.009   0.774     2.062
    4          inf   3.1896e+09   4.8232e+09  73903  20950   162  18367      0     55      0   1.335   0.010   0.011   1.376     3.438
    5          inf   3.1896e+09   4.1159e+09  91698  21003    54  17742      0     53      0   1.716   0.010   0.016   1.762     5.200
    6          inf   3.1896e+09   3.5338e+09 108860  21005     0  17160      0      2      0   1.872   0.010   0.019   1.917     7.117
    7          inf   3.3143e+09   3.5004e+09 124730  21009     0  15866      0      4      0   2.077   0.011   0.028   2.135     9.252
    8          inf   3.3622e+09   3.4752e+09 131594  20815     0  15680   8622     12    206   2.148   0.011   0.034   2.359    11.611
    9          inf   3.3948e+09   3.4623e+09 134411  20751     0  14280  11399     14     78   1.900   0.010   0.028   2.066    13.677
   10          inf   3.4134e+09   3.4565e+09 132162  20661     0  13001  15160     15    105   1.665   0.010   0.027   1.819    15.496
   11          inf   3.4370e+09   3.4525e+09 122164  20605     0  10485  20427      8     64   1.604   0.009   0.021   1.730    17.226
   12          inf   3.4438e+09   3.4506e+09 114350  20586     0   9355  17150     10     29   1.455   0.009   0.023   1.581    18.807
   13          inf   3.4475e+09   3.4500e+09 107358  20567     0   6743  13716      4     23   1.389   0.010   0.019   1.499    20.306
   14          inf   3.4483e+09   3.4498e+09  99204  20558     0   3830  11975      3     12   1.230   0.010   0.015   1.329    21.634
   15          inf   3.4491e+09   3.4498e+09  91027  20544     0   1660   9823      2     16   1.060   0.010   0.014   1.155    22.789
   16   3.4496e+09   3.4491e+09   3.4496e+09  84397  20529     0   1716   8331      0     15   1.023   0.008   0.002   1.088    23.877
   17   3.4496e+09   3.4495e+09   3.4496e+09  84397  20529     0   *415      0      0      0   0.989   0.009   0.002   1.000    24.877
CG optimal after 17 iterations. UB=3449618257.586703 LB=3449546317.030849 gap=7.194e+04 tol=3.450e+05  t_LP=23.432  t_PR=0.212  t_SP=0.279  t_Tot=24.908

# === STDOUT (result CSV) ===
Setting parameter 'LpMethod' to 2
Setting parameter 'GPUMode' to 2
Setting parameter 'Presolve' to 0
Setting parameter 'Crossover' to 0
instance,formulation,iterations,columns,objective,lower_bound,optimal,time,time_lp,time_pricing,time_separation
/home/simon/code/my/mcfcg/data/commalab/planar/planar1000,path,17,83894,3449618257.586703,3449546317.030849,1,24.990,23.432,0.212,0.279
