# cmd: /home/simon/code/my/mcfcg/build/mcfcg_cli /home/simon/code/my/mcfcg/data/commalab/planar/planar50 --solver mosek --formulation tree --max-iters 10000 --time-limit 7200.0
# outcome: ok
# returncode: 0
# === STDERR (CG iteration log + preamble) ===
Instance: 50 vertices, 250 arcs, 267 commodities, 50 sources
Pricing threads: 32 (auto)
Slack mode: CommodityRows (struct=50, capped_arcs=250)
   It           UB           LB       LP_obj   #col   #row  #slk   +col   -col   +cut   -cut    t_LP    t_PR    t_SP   t_Tot     t_acc
    1          inf   1.1503e+08   4.0970e+06    100     50    50      0      0      0      0   0.011   0.000   0.000   0.012     0.012
    2          inf   1.1503e+08   3.9142e+07    100     50    43      0      0      0      0   0.000   0.000   0.000   0.000     0.012
    3          inf   1.1503e+08   1.1503e+08    100     84     0      0      0     34      0   0.000   0.000   0.000   0.000     0.012
    4          inf   1.1503e+08   1.9455e+08    146     84    24     46      0      0      0   0.002   0.000   0.000   0.002     0.014
    5          inf   1.1503e+08   6.4598e+08    187     85    25     41      0      1      0   0.002   0.000   0.000   0.002     0.016
    6          inf   1.1503e+08   7.0696e+08    228     89    13     41      0      4      0   0.002   0.000   0.000   0.003     0.019
    7          inf   1.1503e+08   3.9220e+08    272     97    10     44      0      8      0   0.003   0.000   0.000   0.003     0.022
    8          inf   1.1503e+08   1.0423e+09    318    102     8     46      0      5      0   0.004   0.000   0.000   0.004     0.027
    9          inf   1.1503e+08   1.2447e+08    357    105     0     41      2      3      0   0.005   0.000   0.000   0.005     0.032
   10   1.2364e+08   1.1955e+08   1.2364e+08    374    105     0     38     21      0      0   0.004   0.000   0.000   0.005     0.036
   11   1.2364e+08   1.2068e+08   1.2292e+08    403    101     0     38      9      1      5   0.004   0.000   0.000   0.005     0.041
   12   1.2264e+08   1.2111e+08   1.2264e+08    418     99     0     34     19      0      2   0.004   0.000   0.000   0.005     0.046
   13   1.2234e+08   1.2183e+08   1.2234e+08    389     96     0     19     48      0      3   0.004   0.000   0.000   0.005     0.050
   14   1.2225e+08   1.2207e+08   1.2225e+08    368     92     0     20     41      0      4   0.004   0.000   0.000   0.004     0.055
   15   1.2223e+08   1.2207e+08   1.2223e+08    341     89     0     15     42      0      3   0.004   0.000   0.000   0.004     0.059
   16   1.2221e+08   1.2216e+08   1.2221e+08    304     84     0     10     47      0      5   0.003   0.000   0.000   0.004     0.062
   17   1.2220e+08   1.2219e+08   1.2220e+08    304     84     0    *20      0      0      0   0.003   0.000   0.000   0.003     0.065
CG optimal after 17 iterations. UB=122200605.015612 LB=122192171.716003 gap=8.433e+03 tol=1.222e+04  t_LP=0.060  t_PR=0.003  t_SP=0.001  t_Tot=0.066

# === STDOUT (result CSV) ===
instance,formulation,iterations,columns,objective,lower_bound,optimal,time,time_lp,time_pricing,time_separation
/home/simon/code/my/mcfcg/data/commalab/planar/planar50,tree,17,254,122200605.015612,122192171.716003,1,0.070,0.060,0.003,0.001
