# cmd: /home/simon/code/my/mcfcg/build/mcfcg_cli /home/simon/code/my/mcfcg/data/commalab/planar/planar80 --solver copt --formulation path --max-iters 10000 --time-limit 7200.0
# outcome: ok
# returncode: 0
# === STDERR (CG iteration log + preamble) ===
Instance: 80 vertices, 440 arcs, 543 commodities, 80 sources
Pricing threads: 32 (auto)
Slack mode: EdgeRows (struct=543, capped_arcs=440)
   It           UB           LB       LP_obj   #col   #row  #slk   +col   -col   +cut   -cut    t_LP    t_PR    t_SP   t_Tot     t_acc
    1          inf   1.6746e+08   1.6746e+08    634    634     0      0      0     91      0   0.331   0.000   0.000   0.331     0.331
    2          inf   1.6746e+08   2.5924e+09   1155    634    91    521      0      0      0   0.193   0.000   0.000   0.193     0.525
    3          inf   1.6746e+08   1.8987e+08   1610    676     0    413      0     42      0   0.174   0.000   0.000   0.175     0.700
    4          inf   1.6746e+08   2.8676e+08   2045    686    16    425      0     10      0   0.181   0.000   0.002   0.184     0.884
    5          inf   1.6746e+08   2.7527e+08   2389    694     6    336      0      8      0   0.198   0.000   0.000   0.198     1.082
    6          inf   1.7892e+08   1.8337e+08   2701    695     0    311      0      1      0   0.194   0.000   0.000   0.195     1.277
    7          inf   1.8132e+08   1.8268e+08   2883    697     0    180      0      2      0   0.197   0.000   0.000   0.198     1.474
    8   1.8248e+08   1.8238e+08   1.8248e+08   2708    684     0     38    200      0     13   0.194   0.000   0.000   0.195     1.670
    9   1.8248e+08   1.8244e+08   1.8244e+08   2497    680     0      8    215      1      5   0.187   0.000   0.000   0.188     1.857
   10   1.8244e+08   1.8244e+08   1.8244e+08   2497    680     0     *0      0      0      0   0.188   0.000   0.000   0.188     2.046
CG optimal after 10 iterations. UB=182438134.000020 LB=182438131.958298 gap=2.042e+00 tol=1.824e+04  t_LP=2.037  t_PR=0.004  t_SP=0.004  t_Tot=2.048

# === STDOUT (result CSV) ===
Setting parameter 'LpMethod' to 2
Setting parameter 'GPUMode' to 2
Setting parameter 'Presolve' to 0
Setting parameter 'Crossover' to 0
instance,formulation,iterations,columns,objective,lower_bound,optimal,time,time_lp,time_pricing,time_separation
/home/simon/code/my/mcfcg/data/commalab/planar/planar80,path,10,2360,182438134.000020,182438131.958298,1,2.062,2.037,0.004,0.004
