# cmd: /home/simon/code/my/mcfcg/build/mcfcg_cli /home/simon/code/my/mcfcg/data/commalab/planar/planar800 --solver copt --formulation tree --max-iters 10000 --time-limit 7200.0
# outcome: ok
# returncode: 0
# === STDERR (CG iteration log + preamble) ===
Instance: 800 vertices, 4388 arcs, 12756 commodities, 800 sources
Pricing threads: 32 (auto)
Slack mode: CommodityRows (struct=800, capped_arcs=4388)
   It           UB           LB       LP_obj   #col   #row  #slk   +col   -col   +cut   -cut    t_LP    t_PR    t_SP   t_Tot     t_acc
    1          inf   1.1440e+09   4.6119e+08   1600    800   793      0      0      0      0   0.379   0.013   0.001   0.393     0.393
    2          inf   1.1440e+09   1.1440e+09   1600   1017     0      0      0    217      0   0.162   0.014   0.002   0.177     0.570
    3          inf   1.1440e+09   2.5378e+09   2399   1017   357    799      0      0      0   0.230   0.007   0.001   0.242     0.812
    4          inf   1.1440e+09   6.2587e+09   3199   1017   431    800      0      0      0   0.284   0.006   0.001   0.294     1.106
    5          inf   1.1440e+09   1.2761e+10   3999   1019   283    800      0      2      0   0.329   0.006   0.001   0.341     1.446
    6          inf   1.1440e+09   1.8110e+10   4799   1020   306    800      0      1      0   0.364   0.007   0.001   0.376     1.822
    7          inf   1.1440e+09   3.6533e+10   5598   1021   181    799      0      1      0   0.414   0.006   0.001   0.425     2.248
    8          inf   1.1440e+09   1.9207e+10   6261    925    74    800    137     10    106   0.365   0.007   0.001   0.380     2.628
    9          inf   1.1440e+09   1.1770e+09   6457    955     0    800    604     31      1   0.338   0.006   0.002   0.354     2.982
   10          inf   1.1440e+09   2.4837e+09   6764    957     6    800    493      4      2   0.401   0.006   0.002   0.418     3.399
   11          inf   1.1576e+09   1.1729e+09   6933    958     0    800    631      1      0   0.301   0.006   0.002   0.316     3.715
   12          inf   1.1599e+09   1.1711e+09   7170    958     0    799    562      3      3   0.315   0.005   0.002   0.329     4.045
   13          inf   1.1610e+09   1.1697e+09   7391    958     0    800    579      2      2   0.315   0.007   0.002   0.332     4.377
   14          inf   1.1625e+09   1.1688e+09   7343    957     0    798    846      1      2   0.341   0.006   0.002   0.357     4.734
   15          inf   1.1627e+09   1.1684e+09   7120    946     0    800   1023      1     12   0.308   0.006   0.002   0.323     5.056
   16   1.1681e+09   1.1651e+09   1.1681e+09   6974    944     0    799    945      0      2   0.296   0.006   0.003   0.312     5.369
   17   1.1681e+09   1.1656e+09   1.1678e+09   7018    937     0    797    753      1      8   0.289   0.006   0.002   0.305     5.673
   18   1.1681e+09   1.1661e+09   1.1676e+09   7052    935     0    793    759      5      7   0.288   0.007   0.002   0.304     5.978
   19   1.1675e+09   1.1666e+09   1.1675e+09   7090    933     0    796    758      0      2   0.299   0.007   0.002   0.315     6.292
   20   1.1674e+09   1.1669e+09   1.1674e+09   7087    933     0    788    791      0      0   0.288   0.006   0.002   0.302     6.594
   21   1.1674e+09   1.1671e+09   1.1674e+09   7064    935     0    793    816      2      0   0.331   0.005   0.002   0.345     6.939
   22   1.1674e+09   1.1672e+09   1.1674e+09   7124    934     0    787    727      2      3   0.327   0.005   0.002   0.342     7.281
   23   1.1674e+09   1.1673e+09   1.1674e+09   7124    934     0   *783      0      0      0   0.316   0.007   0.002   0.324     7.605
CG optimal after 23 iterations. UB=1167373872.737825 LB=1167329873.260836 gap=4.400e+04 tol=1.167e+05  t_LP=7.279  t_PR=0.170  t_SP=0.036  t_Tot=7.618

# === STDOUT (result CSV) ===
Setting parameter 'LpMethod' to 2
Setting parameter 'GPUMode' to 2
Setting parameter 'Presolve' to 0
Setting parameter 'Crossover' to 0
instance,formulation,iterations,columns,objective,lower_bound,optimal,time,time_lp,time_pricing,time_separation
/home/simon/code/my/mcfcg/data/commalab/planar/planar800,tree,23,6324,1167373872.737825,1167329873.260836,1,7.646,7.279,0.170,0.036
