# cmd: /home/simon/code/my/mcfcg/build/mcfcg_cli /home/simon/code/my/mcfcg/data/commalab/planar/planar80 --solver mosek --formulation path --max-iters 10000 --time-limit 7200.0
# outcome: ok
# returncode: 0
# === STDERR (CG iteration log + preamble) ===
Instance: 80 vertices, 440 arcs, 543 commodities, 80 sources
Pricing threads: 32 (auto)
Slack mode: EdgeRows (struct=543, capped_arcs=440)
   It           UB           LB       LP_obj   #col   #row  #slk   +col   -col   +cut   -cut    t_LP    t_PR    t_SP   t_Tot     t_acc
    1          inf   1.6746e+08   1.6746e+08    634    634     0      0      0     91      0   0.010   0.000   0.000   0.011     0.011
    2          inf   1.6746e+08   2.5924e+09   1155    634    91    521      0      0      0   0.014   0.000   0.000   0.014     0.025
    3          inf   1.6746e+08   1.8987e+08   1610    676     0    413      0     42      0   0.013   0.000   0.000   0.014     0.039
    4          inf   1.6746e+08   2.8676e+08   2045    686    16    425      0     10      0   0.036   0.000   0.000   0.036     0.075
    5          inf   1.6746e+08   2.7527e+08   2379    694     6    326      0      8      0   0.040   0.000   0.000   0.041     0.116
    6          inf   1.7906e+08   1.8336e+08   2683    695     0    303      0      1      0   0.046   0.000   0.000   0.047     0.163
    7          inf   1.8133e+08   1.8264e+08   2856    697     0    171      0      2      0   0.043   0.000   0.000   0.043     0.206
    8   1.8246e+08   1.8221e+08   1.8246e+08   2702    684     0     72    213      0     13   0.044   0.000   0.000   0.045     0.252
    9   1.8244e+08   1.8244e+08   1.8244e+08   2702    684     0    *16      0      0      0   0.035   0.000   0.000   0.035     0.287
CG optimal after 9 iterations. UB=182438189.991826 LB=182436843.830371 gap=1.346e+03 tol=1.824e+04  t_LP=0.280  t_PR=0.003  t_SP=0.003  t_Tot=0.289

# === STDOUT (result CSV) ===
instance,formulation,iterations,columns,objective,lower_bound,optimal,time,time_lp,time_pricing,time_separation
/home/simon/code/my/mcfcg/data/commalab/planar/planar80,path,9,2561,182438189.991826,182436843.830371,1,0.293,0.280,0.003,0.003
