# cmd: /home/simon/code/my/mcfcg/build/mcfcg_cli /home/simon/code/my/mcfcg/data/commalab/planar/planar300 --solver copt --formulation tree --max-iters 10000 --time-limit 7200.0
# outcome: ok
# returncode: 0
# === STDERR (CG iteration log + preamble) ===
Instance: 300 vertices, 1680 arcs, 3584 commodities, 300 sources
Pricing threads: 32 (auto)
Slack mode: CommodityRows (struct=300, capped_arcs=1680)
   It           UB           LB       LP_obj   #col   #row  #slk   +col   -col   +cut   -cut    t_LP    t_PR    t_SP   t_Tot     t_acc
    1          inf   6.6936e+08   1.3575e+07    600    300   300      0      0      0      0   0.371   0.002   0.000   0.373     0.373
    2          inf   6.6936e+08   1.3575e+08    600    300   300      0      0      0      0   0.157   0.002   0.000   0.159     0.532
    3          inf   6.6936e+08   6.6907e+08    600    457     1      0      0    157      0   0.166   0.002   0.000   0.168     0.700
    4          inf   6.6936e+08   9.3512e+08    898    457   155    298      0      0      0   0.189   0.001   0.000   0.192     0.892
    5          inf   6.6936e+08   2.5164e+09   1196    457   172    298      0      0      0   0.190   0.001   0.000   0.192     1.084
    6          inf   6.6936e+08   4.3615e+09   1496    458   104    300      0      1      0   0.199   0.001   0.000   0.202     1.286
    7          inf   6.6936e+08   4.6940e+09   1796    461    81    300      0      3      0   0.200   0.001   0.000   0.202     1.487
    8          inf   6.6936e+08   3.6393e+09   2096    485    35    300      0     24      0   0.205   0.001   0.000   0.207     1.695
    9          inf   6.6936e+08   2.4909e+09   2345    437    29    300     51      7     55   0.233   0.001   0.000   0.236     1.930
   10          inf   6.6936e+08   6.9772e+08   2478    445     0    300    167     10      2   0.224   0.001   0.000   0.227     2.157
   11          inf   6.7811e+08   6.9512e+08   2579    450     0    300    199      5      0   0.211   0.001   0.000   0.214     2.371
   12          inf   6.8260e+08   6.9350e+08   2722    453     0    300    157      4      1   0.218   0.001   0.000   0.221     2.592
   13          inf   6.8414e+08   6.9235e+08   2824    454     0    300    198      1      0   0.212   0.001   0.000   0.216     2.807
   14          inf   6.8488e+08   6.9149e+08   2833    450     0    300    291      2      6   0.213   0.001   0.000   0.216     3.023
   15          inf   6.8693e+08   6.9085e+08   2748    449     0    300    385      1      2   0.218   0.001   0.001   0.221     3.245
   16          inf   6.8842e+08   6.9050e+08   2701    449     0    299    346      1      1   0.216   0.001   0.000   0.219     3.464
   17   6.9028e+08   6.8870e+08   6.9028e+08   2693    446     0    299    307      0      3   0.216   0.001   0.000   0.219     3.683
   18   6.9014e+08   6.8938e+08   6.9014e+08   2728    445     0    299    264      0      1   0.217   0.001   0.000   0.220     3.903
   19   6.9005e+08   6.8953e+08   6.9005e+08   2755    443     0    300    273      0      2   0.223   0.001   0.000   0.226     4.130
   20   6.9005e+08   6.8981e+08   6.9001e+08   2746    441     0    299    308      2      4   0.225   0.001   0.000   0.229     4.358
   21   6.9000e+08   6.8989e+08   6.9000e+08   2747    440     0    297    296      0      1   0.242   0.001   0.000   0.245     4.603
   22   6.9000e+08   6.8995e+08   6.8998e+08   2747    441     0   *299      0      1      0   0.234   0.001   0.000   0.236     4.839
CG optimal after 22 iterations. UB=689995036.770979 LB=689951388.174830 gap=4.365e+04 tol=6.900e+04  t_LP=4.778  t_PR=0.027  t_SP=0.008  t_Tot=4.843

# === STDOUT (result CSV) ===
Setting parameter 'LpMethod' to 2
Setting parameter 'GPUMode' to 2
Setting parameter 'Presolve' to 0
Setting parameter 'Crossover' to 0
instance,formulation,iterations,columns,objective,lower_bound,optimal,time,time_lp,time_pricing,time_separation
/home/simon/code/my/mcfcg/data/commalab/planar/planar300,tree,22,2447,689995036.770979,689951388.174830,1,4.862,4.778,0.027,0.008
