# cmd: /home/simon/code/my/mcfcg/build/mcfcg_cli /home/simon/code/my/mcfcg/data/commalab/planar/planar1000 --solver mosek --formulation path --max-iters 10000 --time-limit 7200.0
# outcome: ok
# returncode: 0
# === STDERR (CG iteration log + preamble) ===
Instance: 1000 vertices, 5200 arcs, 20026 commodities, 1000 sources
Pricing threads: 32 (auto)
Slack mode: EdgeRows (struct=20026, capped_arcs=5200)
   It           UB           LB       LP_obj   #col   #row  #slk   +col   -col   +cut   -cut    t_LP    t_PR    t_SP   t_Tot     t_acc
    1          inf   3.1896e+09   3.1896e+09  20564  20564     0      0      0    538      0   0.038   0.019   0.022   0.079     0.079
    2          inf   3.1896e+09   1.4963e+10  39380  20564   538  18816      0      0      0   1.449   0.010   0.001   1.477     1.555
    3          inf   3.1896e+09   3.5498e+09  55481  20895     0  15770      0    331      0   1.120   0.010   0.020   1.181     2.736
    4          inf   3.1896e+09   4.8226e+09  73819  20950   162  18283      0     55      0   2.977   0.009   0.023   3.031     5.767
    5          inf   3.1896e+09   4.1499e+09  91611  20996    53  17746      0     46      0   3.648   0.011   0.034   3.723     9.491
    6          inf   3.1896e+09   3.5335e+09 108829  20999     0  17215      0      3      0   2.834   0.011   0.040   2.907    12.397
    7          inf   3.3171e+09   3.5000e+09 124775  21005     0  15940      0      6      0   3.599   0.011   0.051   3.692    16.090
    8          inf   3.3596e+09   3.4779e+09 131286  20805     0  15340   8629      7    207   3.942   0.010   0.056   4.048    20.138
    9          inf   3.3963e+09   3.4632e+09 134007  20736     0  14191  11401     15     84   3.567   0.010   0.050   3.670    23.807
   10          inf   3.4149e+09   3.4562e+09 131955  20639     0  13243  15198      5    102   3.629   0.010   0.047   3.725    27.532
   11          inf   3.4380e+09   3.4526e+09 122730  20592     0  10979  20157      9     56   3.292   0.010   0.042   3.379    30.911
   12          inf   3.4434e+09   3.4508e+09 114765  20576     0   8982  16931      8     24   3.165   0.010   0.036   3.242    34.153
   13          inf   3.4471e+09   3.4500e+09 107160  20557     0   5836  13422      4     23   3.090   0.010   0.034   3.160    37.314
   14          inf   3.4484e+09   3.4498e+09  99996  20544     0   3826  10977      2     15   2.949   0.010   0.033   3.018    40.332
   15   3.4497e+09   3.4489e+09   3.4497e+09  91462  20524     0   1388   9902      0     20   2.360   0.011   0.002   2.394    42.726
   16   3.4497e+09   3.4495e+09   3.4496e+09  91464  20526     0  *1039      0      2      0   2.090   0.010   0.024   2.124    44.850
CG optimal after 16 iterations. UB=3449688862.984920 LB=3449501603.289162 gap=1.873e+05 tol=3.450e+05  t_LP=43.747  t_PR=0.204  t_SP=0.515  t_Tot=44.883

# === STDOUT (result CSV) ===
instance,formulation,iterations,columns,objective,lower_bound,optimal,time,time_lp,time_pricing,time_separation
/home/simon/code/my/mcfcg/data/commalab/planar/planar1000,path,16,90964,3449688862.984920,3449501603.289162,1,44.919,43.747,0.204,0.515
