# cmd: /home/simon/code/my/mcfcg/build/mcfcg_cli /home/simon/code/my/mcfcg/data/commalab/planar/planar150 --solver copt --formulation tree --max-iters 10000 --time-limit 7200.0
# outcome: ok
# returncode: 0
# === STDERR (CG iteration log + preamble) ===
Instance: 150 vertices, 850 arcs, 2239 commodities, 150 sources
Pricing threads: 32 (auto)
Slack mode: CommodityRows (struct=150, capped_arcs=850)
   It           UB           LB       LP_obj   #col   #row  #slk   +col   -col   +cut   -cut    t_LP    t_PR    t_SP   t_Tot     t_acc
    1          inf   4.6091e+08   2.8355e+07    300    150   150      0      0      0      0   0.377   0.001   0.000   0.377     0.377
    2          inf   4.6091e+08   2.7752e+08    300    150   137      0      0      0      0   0.158   0.001   0.000   0.160     0.537
    3          inf   4.6091e+08   4.6091e+08    300    366     0      0      0    216      0   0.157   0.001   0.000   0.158     0.695
    4          inf   4.6091e+08   1.9672e+09    447    366   120    147      0      0      0   0.179   0.000   0.000   0.180     0.875
    5          inf   4.6091e+08   1.1631e+10    597    366   109    150      0      0      0   0.187   0.000   0.000   0.188     1.062
    6          inf   4.6091e+08   3.5622e+10    747    370   103    150      0      4      0   0.192   0.000   0.000   0.193     1.255
    7          inf   4.6091e+08   6.3698e+10    897    372    88    150      0      2      0   0.192   0.000   0.000   0.193     1.448
    8          inf   4.6091e+08   5.5124e+10   1047    379    69    150      0      7      0   0.196   0.000   0.000   0.197     1.645
    9          inf   4.6091e+08   4.2550e+10   1131    394    55    150     66     15      0   0.206   0.000   0.000   0.207     1.852
   10          inf   4.6091e+08   3.5557e+10   1212    411    48    150     69     17      0   0.205   0.000   0.000   0.206     2.058
   11          inf   4.6091e+08   2.8457e+10   1255    420    35    150    107      9      0   0.202   0.000   0.000   0.203     2.262
   12          inf   4.6091e+08   2.0911e+10   1309    445    36    150     96     25      0   0.216   0.000   0.000   0.217     2.479
   13          inf   4.6091e+08   1.9028e+10   1358    454    29    150    101      9      0   0.224   0.000   0.000   0.225     2.704
   14          inf   4.6091e+08   1.3152e+10   1412    455    23    150     96     13     12   0.226   0.000   0.000   0.227     2.931
   15          inf   4.6091e+08   8.9930e+09   1458    469    19    150    104     14      0   0.223   0.000   0.000   0.225     3.157
   16          inf   4.6091e+08   3.0131e+09   1514    489     3    150     94     20      0   0.234   0.000   0.000   0.235     3.392
   17          inf   4.6091e+08   6.0626e+08   1525    479     0    150    139     10     20   0.259   0.000   0.000   0.261     3.653
   18          inf   4.6091e+08   5.9264e+08   1574    480     0    150    101      3      2   0.246   0.000   0.000   0.248     3.900
   19          inf   4.6091e+08   5.8682e+08   1600    479     0    150    124      2      3   0.250   0.000   0.000   0.252     4.152
   20          inf   4.6857e+08   5.8068e+08   1635    484     0    150    115      7      2   0.241   0.000   0.000   0.243     4.395
   21          inf   4.9738e+08   5.7678e+08   1651    477     0    150    134      3     10   0.243   0.000   0.000   0.245     4.640
   22          inf   4.9738e+08   5.7247e+08   1625    474     0    150    176      3      6   0.244   0.000   0.000   0.246     4.887
   23          inf   5.0079e+08   5.6853e+08   1582    463     0    150    193      1     12   0.250   0.000   0.000   0.252     5.139
   24          inf   5.1380e+08   5.6483e+08   1584    466     0    150    148      3      0   0.247   0.000   0.000   0.248     5.387
   25          inf   5.1639e+08   5.6131e+08   1581    466     0    150    153      4      4   0.252   0.000   0.000   0.254     5.641
   26          inf   5.2870e+08   5.5943e+08   1581    458     0    150    150      1      9   0.243   0.000   0.000   0.246     5.886
   27          inf   5.2870e+08   5.5674e+08   1604    463     0    150    127      5      0   0.227   0.000   0.000   0.228     6.115
   28          inf   5.3287e+08   5.5487e+08   1606    449     0    150    148      4     18   0.245   0.000   0.000   0.247     6.361
   29          inf   5.3446e+08   5.5313e+08   1600    449     0    150    156      3      3   0.235   0.001   0.000   0.237     6.599
   30          inf   5.3497e+08   5.5236e+08   1592    446     0    150    158      1      4   0.241   0.000   0.000   0.243     6.842
   31          inf   5.3705e+08   5.5139e+08   1590    445     0    150    152      1      2   0.246   0.000   0.000   0.248     7.089
   32          inf   5.4036e+08   5.5098e+08   1583    447     0    150    157      2      0   0.230   0.000   0.000   0.232     7.321
   33   5.5038e+08   5.4040e+08   5.5038e+08   1582    426     0    150    151      0     21   0.235   0.001   0.000   0.238     7.559
   34   5.5038e+08   5.4182e+08   5.4992e+08   1591    428     0    150    141      3      1   0.231   0.000   0.000   0.233     7.792
   35   5.4952e+08   5.4221e+08   5.4952e+08   1604    424     0    150    137      0      4   0.234   0.000   0.000   0.236     8.028
   36   5.4952e+08   5.4387e+08   5.4917e+08   1597    425     0    150    157      1      0   0.233   0.000   0.000   0.234     8.262
   37   5.4952e+08   5.4388e+08   5.4890e+08   1601    426     0    150    146      2      1   0.246   0.000   0.000   0.248     8.510
   38   5.4876e+08   5.4577e+08   5.4876e+08   1603    426     0    150    148      0      0   0.231   0.000   0.000   0.232     8.742
   39   5.4876e+08   5.4577e+08   5.4860e+08   1614    427     0    150    139      1      0   0.226   0.000   0.000   0.227     8.970
   40   5.4844e+08   5.4611e+08   5.4844e+08   1624    412     0    150    140      0     15   0.244   0.000   0.000   0.246     9.216
   41   5.4836e+08   5.4649e+08   5.4836e+08   1608    412     0    150    166      0      0   0.226   0.000   0.000   0.227     9.443
   42   5.4827e+08   5.4658e+08   5.4827e+08   1606    410     0    150    152      0      2   0.243   0.000   0.000   0.245     9.688
   43   5.4822e+08   5.4698e+08   5.4822e+08   1611    410     0    150    145      0      0   0.255   0.000   0.000   0.256     9.944
   44   5.4822e+08   5.4732e+08   5.4817e+08   1629    411     0    150    132      1      0   0.240   0.000   0.000   0.241    10.186
   45   5.4822e+08   5.4763e+08   5.4814e+08   1628    410     0    150    151      1      2   0.242   0.000   0.000   0.244    10.430
   46   5.4812e+08   5.4764e+08   5.4812e+08   1636    410     0    150    142      0      0   0.234   0.000   0.000   0.236    10.666
   47   5.4812e+08   5.4786e+08   5.4810e+08   1651    408     0    150    135      1      3   0.240   0.000   0.000   0.242    10.907
   48   5.4812e+08   5.4799e+08   5.4809e+08   1638    409     0    149    162      1      0   0.248   0.000   0.000   0.250    11.157
   49   5.4809e+08   5.4807e+08   5.4809e+08   1638    409     0   *150      0      0      0   0.255   0.000   0.000   0.256    11.413
CG optimal after 49 iterations. UB=548087644.919896 LB=548068196.058818 gap=1.945e+04 tol=5.481e+04  t_LP=11.332  t_PR=0.020  t_SP=0.012  t_Tot=11.417

# === STDOUT (result CSV) ===
Setting parameter 'LpMethod' to 2
Setting parameter 'GPUMode' to 2
Setting parameter 'Presolve' to 0
Setting parameter 'Crossover' to 0
instance,formulation,iterations,columns,objective,lower_bound,optimal,time,time_lp,time_pricing,time_separation
/home/simon/code/my/mcfcg/data/commalab/planar/planar150,tree,49,1488,548087644.919896,548068196.058818,1,11.435,11.332,0.020,0.012
