# cmd: /home/simon/code/my/mcfcg/build/mcfcg_cli /home/simon/code/my/mcfcg/data/commalab/planar/planar800 --solver mosek --formulation path --max-iters 10000 --time-limit 7200.0
# outcome: ok
# returncode: 0
# === STDERR (CG iteration log + preamble) ===
Instance: 800 vertices, 4388 arcs, 12756 commodities, 800 sources
Pricing threads: 32 (auto)
Slack mode: EdgeRows (struct=12756, capped_arcs=4388)
   It           UB           LB       LP_obj   #col   #row  #slk   +col   -col   +cut   -cut    t_LP    t_PR    t_SP   t_Tot     t_acc
    1          inf   1.1440e+09   1.1440e+09  12973  12973     0      0      0    217      0   0.022   0.015   0.011   0.048     0.048
    2          inf   1.1440e+09   1.5566e+11  23473  12973   217  10500      0      0      0   0.456   0.008   0.001   0.472     0.520
    3          inf   1.1440e+09   1.1904e+09  31703  13012     0   8191      0     39      0   0.415   0.008   0.006   0.443     0.963
    4          inf   1.1440e+09   1.2665e+09  40756  13020     3   9045      0      8      0   0.808   0.008   0.008   0.834     1.797
    5          inf   1.1447e+09   1.1730e+09  48274  13021     0   7517      0      1      0   0.883   0.007   0.010   0.908     2.705
    6          inf   1.1583e+09   1.1693e+09  54006  13022     0   5731      0      1      0   0.996   0.007   0.010   1.022     3.727
    7          inf   1.1641e+09   1.1678e+09  58583  13024     0   4575      0      2      0   1.183   0.007   0.013   1.215     4.942
    8          inf   1.1670e+09   1.1675e+09  54838  12935     0   2276   5932      1     90   1.238   0.007   0.013   1.270     6.213
    9   1.1674e+09   1.1673e+09   1.1674e+09  52040  12911     0   1970   4744      0     24   0.850   0.006   0.001   0.869     7.082
   10   1.1674e+09   1.1673e+09   1.1674e+09  52040  12911     0  *2261      0      0      0   0.758   0.006   0.001   0.766     7.848
CG optimal after 10 iterations. UB=1167387075.965214 LB=1167313279.726849 gap=7.380e+04 tol=1.167e+05  t_LP=7.608  t_PR=0.102  t_SP=0.073  t_Tot=7.873

# === STDOUT (result CSV) ===
instance,formulation,iterations,columns,objective,lower_bound,optimal,time,time_lp,time_pricing,time_separation
/home/simon/code/my/mcfcg/data/commalab/planar/planar800,path,10,51885,1167387075.965214,1167313279.726849,1,7.889,7.608,0.102,0.073
