# cmd: /usr/bin/time -o /tmp/mcfcg_mem_e_6521wu.txt -f %M build/mcfcg_cli data/intermodal/SBT-56295-0.txt.gz --solver copt --copt-gpu-mode 0 --formulation tree --max-iters 10000 --strategy pricer-heavy --bounded-pricing --time-limit 1800.0
# outcome: ok
# returncode: 0
# peak_rss_kb: 1995476
# peak_rss_source: measured
# === STDERR (CG iteration log + preamble) ===
Instance: 263559 vertices, 4725174 arcs, 56269 commodities, 56269 sources
Solver: copt (gpu-mode 0), formulation: tree
Pricing threads: 32 (auto)
Slack mode: CommodityRows (struct=56269, capped_arcs=4478154)
[lp-config] backend=copt version=8.0.1 method=barrier exec=CPU presolve=off crossover=off tol=0.0001 threads=auto(32)
   It           UB           LB       LP_obj   #col   #row  #slk   +col   -col   +cut   -cut    t_LP    t_PR    t_SP   t_Tot     t_acc
    1          inf         -inf   1.4398e+06 112538  56332   974      0      0     63      0   0.199   0.000   0.356   0.558     0.558
    2          inf         -inf   1.4541e+06 114364  56332  1658   1826      0      0      0   0.034   0.882   0.346   1.265     1.824
    3          inf         -inf   1.4482e+06 114364  56350     7      0      0     18      0   0.044   0.000   0.347   0.394     2.217
    4          inf         -inf   1.4484e+06 114364  56352    42      0      0      2      0   0.043   0.000   0.349   0.394     2.611
    5          inf         -inf   1.4484e+06 114416  56352    42     52      0      0      0   0.043   0.156   0.348   0.547     3.159
    6          inf   1.4445e+06   1.4488e+06 114986  56352    45    570      0      0      0   0.045  14.779   0.350  15.176    18.335
    7          inf   1.4445e+06   1.4479e+06 114986  56353     0      0      0      1      0   0.046   0.000   0.350   0.398    18.733
    8   1.4479e+06   1.4445e+06   1.4479e+06 115019  56312     0     33      0      0     41   0.043   0.155   0.349   0.550    19.283
    9   1.4479e+06   1.4445e+06   1.4479e+06 115019  56320     0      0      0      8      0   0.043   0.000   0.343   0.388    19.671
   10   1.4479e+06   1.4478e+06   1.4479e+06 115019  56320     0    *30      0      0      0   0.043  14.761   0.349  15.154    34.825
CG optimal after 10 iterations. UB=1447869.000000 LB=1447845.522451 gap=2.348e+01 tol=1.448e+02  t_LP=0.583  t_PR=46.047  t_SP=3.488  t_Tot=50.142
[bounded-pricing] enabled=1 cut=112303 priced=171083 rate=65.6%

# === STDOUT (result CSV) ===
Setting parameter 'LpMethod' to 2
Setting parameter 'GPUMode' to 0
Setting parameter 'Presolve' to 0
Setting parameter 'Crossover' to 0
instance,formulation,iterations,columns,objective,lower_bound,optimal,time,time_lp,time_pricing,time_separation
data/intermodal/SBT-56295-0.txt.gz,tree,10,58750,1447869.000000,1447845.522451,1,51.227,0.583,46.047,3.488
