# cmd: /usr/bin/time -o /tmp/mcfcg_mem_r13gkaqf.txt -f %M build/mcfcg_cli data/intermodal/BUS-13160-0.txt.gz --solver copt --copt-gpu-mode 0 --formulation tree --max-iters 10000 --strategy pricer-heavy --bounded-pricing --time-limit 1800.0
# outcome: ok
# returncode: 0
# peak_rss_kb: 540992
# peak_rss_source: measured
# === STDERR (CG iteration log + preamble) ===
Instance: 140925 vertices, 1023858 arcs, 13135 commodities, 13135 sources
Solver: copt (gpu-mode 0), formulation: tree
Pricing threads: 32 (auto)
Slack mode: CommodityRows (struct=13135, capped_arcs=836960)
[lp-config] backend=copt version=8.0.1 method=barrier exec=CPU presolve=off crossover=off tol=0.0001 threads=auto(32)
   It           UB           LB       LP_obj   #col   #row  #slk   +col   -col   +cut   -cut    t_LP    t_PR    t_SP   t_Tot     t_acc
    1          inf         -inf   3.3868e+05  26270  13208   783      0      0     73      0   0.046   0.000   0.076   0.122     0.122
    2          inf         -inf   3.4174e+05  26924  13208  1041    654      0      0      0   0.015   0.084   0.074   0.173     0.295
    3          inf         -inf   3.4913e+05  26924  13259    71      0      0     51      0   0.016   0.000   0.072   0.089     0.384
    4          inf         -inf   3.5030e+05  27288  13259   146    364      0      0      0   0.019   0.066   0.072   0.158     0.542
    5          inf         -inf   3.5357e+05  27288  13268    90      0      0      9      0   0.020   0.000   0.071   0.092     0.634
    6          inf         -inf   3.5362e+05  27404  13268    92    116      0      0      0   0.022   0.048   0.072   0.143     0.778
    7          inf         -inf   3.6396e+05  27404  13272    56      0      0      4      0   0.022   0.000   0.071   0.094     0.872
    8          inf         -inf   3.6397e+05  27511  13233    58    107      0      0     39   0.022   0.041   0.071   0.135     1.007
    9          inf         -inf   3.7153e+05  27511  13239    73      0      0      6      0   0.021   0.000   0.071   0.093     1.100
   10          inf         -inf   3.7158e+05  27604  13209    74     93      0      0     30   0.022   0.043   0.071   0.137     1.236
   11          inf         -inf   3.5741e+05  27604  13218    28      0      0      9      0   0.021   0.000   0.071   0.093     1.330
   12          inf         -inf   3.5742e+05  27686  13208    32     82      0      0     10   0.022   0.045   0.072   0.140     1.469
   13          inf         -inf   3.5354e+05  27686  13219    23      0      0     11      0   0.022   0.000   0.070   0.093     1.562
   14          inf         -inf   3.5355e+05  27749  13211    26     63      0      0      8   0.023   0.044   0.071   0.139     1.701
   15          inf   2.8844e+05   3.5453e+05  28063  13208    16    314      0      0      3   0.022   0.433   0.071   0.528     2.229
   16          inf   2.8844e+05   3.4838e+05  28063  13232     0      0      0     24      0   0.022   0.000   0.072   0.094     2.323
   17   3.4843e+05   2.8844e+05   3.4843e+05  28101  13228     0     38      0      0      4   0.023   0.051   0.071   0.146     2.470
   18   3.4843e+05   2.8844e+05   3.4840e+05  28101  13229     0      0      0      1      0   0.023   0.000   0.072   0.096     2.565
   19   3.4840e+05   3.4835e+05   3.4840e+05  28143  13222     0     42      0      0      7   0.023   0.448   0.071   0.543     3.108
   20   3.4840e+05   3.4835e+05   3.4836e+05  28143  13224     0      0      0      2      0   0.022   0.000   0.071   0.094     3.202
   21   3.4836e+05   3.4836e+05   3.4836e+05  28143  13224     0     *4      0      0      0   0.023   0.453   0.070   0.546     3.748
CG optimal after 21 iterations. UB=348361.500000 LB=348359.953041 gap=1.547e+00 tol=3.484e+01  t_LP=0.473  t_PR=2.229  t_SP=1.503  t_Tot=4.223
[bounded-pricing] enabled=1 cut=40200 priced=55212 rate=72.8%

# === STDOUT (result CSV) ===
Setting parameter 'LpMethod' to 2
Setting parameter 'GPUMode' to 0
Setting parameter 'Presolve' to 0
Setting parameter 'Crossover' to 0
instance,formulation,iterations,columns,objective,lower_bound,optimal,time,time_lp,time_pricing,time_separation
data/intermodal/BUS-13160-0.txt.gz,tree,21,15008,348361.500000,348359.953041,1,4.490,0.473,2.229,1.503
