# cmd: /usr/bin/time -o /tmp/mcfcg_mem_3qdrr846.txt -f %M build/mcfcg_cli data/intermodal/BUS-2632-0.txt.gz --solver copt --copt-gpu-mode 0 --formulation tree --max-iters 10000 --strategy pricer-heavy --bounded-pricing --time-limit 1800.0
# outcome: ok
# returncode: 0
# peak_rss_kb: 495000
# peak_rss_source: measured
# === STDERR (CG iteration log + preamble) ===
Instance: 119865 vertices, 397362 arcs, 2628 commodities, 2628 sources
Solver: copt (gpu-mode 0), formulation: tree
Pricing threads: 32 (auto)
Slack mode: CommodityRows (struct=2628, capped_arcs=210464)
[lp-config] backend=copt version=8.0.1 method=barrier exec=CPU presolve=off crossover=off tol=0.0001 threads=auto(32)
   It           UB           LB       LP_obj   #col   #row  #slk   +col   -col   +cut   -cut    t_LP    t_PR    t_SP   t_Tot     t_acc
    1          inf         -inf   6.8906e+04   5256   2722   161      0      0     94      0   0.013   0.000   0.030   0.043     0.043
    2          inf         -inf   6.9679e+04   5424   2722   229    168      0      0      0   0.007   0.021   0.030   0.058     0.101
    3          inf         -inf   7.1144e+04   5424   2793    14      0      0     71      0   0.007   0.000   0.028   0.036     0.137
    4          inf         -inf   7.2231e+04   5551   2793    45    127      0      0      0   0.008   0.021   0.029   0.058     0.195
    5          inf         -inf   7.4178e+04   5551   2814    15      0      0     21      0   0.009   0.000   0.028   0.037     0.232
    6          inf         -inf   7.4293e+04   5551   2816    21      0      0      2      0   0.009   0.000   0.030   0.039     0.271
    7          inf         -inf   7.4301e+04   5557   2798    23      6      0      0     18   0.009   0.013   0.028   0.050     0.321
    8          inf         -inf   7.6376e+04   5557   2799    20      0      0      1      0   0.009   0.000   0.028   0.036     0.357
    9          inf         -inf   7.6377e+04   5565   2780    21      8      0      0     19   0.009   0.013   0.028   0.050     0.407
   10          inf         -inf   7.7485e+04   5565   2790    19      0      0     10      0   0.009   0.000   0.028   0.037     0.444
   11          inf         -inf   7.7514e+04   5576   2753    21     11      0      0     37   0.008   0.013   0.028   0.050     0.494
   12          inf         -inf   9.7671e+04   5576   2756    21      0      0      3      0   0.008   0.000   0.028   0.036     0.530
   13          inf         -inf   9.7676e+04   5586   2755    22     10      0      0      1   0.008   0.013   0.028   0.050     0.579
   14          inf         -inf   1.0438e+05   5586   2758    19      0      0      3      0   0.008   0.000   0.028   0.036     0.615
   15          inf  -1.9082e+04   1.0438e+05   5771   2756    19    185      0      0      2   0.008   0.079   0.028   0.116     0.732
   16          inf  -1.9082e+04   7.1050e+04   5771   2781     0      0      0     25      0   0.009   0.000   0.029   0.038     0.770
   17          inf  -1.9082e+04   7.1058e+04   5771   2786     0      0      0      5      0   0.010   0.000   0.028   0.038     0.808
   18   7.1058e+04  -1.9082e+04   7.1058e+04   5779   2782     0      8      0      0      4   0.010   0.013   0.028   0.051     0.859
   19   7.1056e+04   7.0895e+04   7.1056e+04   5841   2781     0     62      0      0      1   0.010   0.058   0.028   0.096     0.955
   20   7.1056e+04   7.0895e+04   7.1032e+04   5841   2788     0      0      0      7      0   0.010   0.000   0.028   0.038     0.993
   21   7.1032e+04   7.1002e+04   7.1032e+04   5863   2766     0     22      0      0     22   0.010   0.071   0.028   0.110     1.103
   22   7.1032e+04   7.1002e+04   7.1027e+04   5863   2773     0      0      0      7      0   0.009   0.000   0.029   0.038     1.141
   23   7.1027e+04   7.1002e+04   7.1027e+04   5865   2768     0      2      0      0      5   0.010   0.013   0.028   0.051     1.192
   24   7.1027e+04   7.1023e+04   7.1027e+04   5865   2768     0     *4      0      0      0   0.009   0.055   0.028   0.092     1.284
CG optimal after 24 iterations. UB=71026.500108 LB=71022.844422 gap=3.656e+00 tol=7.103e+00  t_LP=0.215  t_PR=0.460  t_SP=0.682  t_Tot=1.364
[bounded-pricing] enabled=1 fired=10409 priced=13650 rate=76.3%

# === STDOUT (result CSV) ===
Setting parameter 'LpMethod' to 2
Setting parameter 'GPUMode' to 0
Setting parameter 'Presolve' to 0
Setting parameter 'Crossover' to 0
instance,formulation,iterations,columns,objective,lower_bound,optimal,time,time_lp,time_pricing,time_separation
data/intermodal/BUS-2632-0.txt.gz,tree,24,3237,71026.500108,71022.844422,1,1.494,0.215,0.460,0.682
