# cmd: /usr/bin/time -o /tmp/mcfcg_mem_f72joowj.txt -f %M build/mcfcg_cli data/intermodal/BUS-23688-0.txt.gz --solver copt --copt-gpu-mode 0 --formulation tree --max-iters 10000 --strategy pricer-heavy --bounded-pricing --time-limit 1800.0
# outcome: ok
# returncode: 0
# peak_rss_kb: 812808
# peak_rss_source: measured
# === STDERR (CG iteration log + preamble) ===
Instance: 161993 vertices, 1653437 arcs, 23643 commodities, 23643 sources
Solver: copt (gpu-mode 0), formulation: tree
Pricing threads: 32 (auto)
Slack mode: CommodityRows (struct=23643, capped_arcs=1466539)
[lp-config] backend=copt version=8.0.1 method=barrier exec=CPU presolve=off crossover=off tol=0.0001 threads=auto(32)
   It           UB           LB       LP_obj   #col   #row  #slk   +col   -col   +cut   -cut    t_LP    t_PR    t_SP   t_Tot     t_acc
    1          inf         -inf   6.0693e+05  47286  23709  1421      0      0     66      0   0.079   0.000   0.116   0.196     0.196
    2          inf         -inf   6.1290e+05  48445  23709  1888   1159      0      0      0   0.021   0.198   0.117   0.339     0.535
    3          inf         -inf   6.2762e+05  48445  23756   198      0      0     47      0   0.026   0.000   0.115   0.142     0.677
    4          inf         -inf   6.2951e+05  48445  23758   352      0      0      2      0   0.033   0.000   0.114   0.148     0.825
    5          inf         -inf   6.2953e+05  48539  23758   356     94      0      0      0   0.032   0.052   0.114   0.198     1.024
    6          inf   4.6901e+05   6.5966e+05  50150  23758   348   1611      0      0      0   0.035   1.126   0.115   1.279     2.303
    7          inf   4.6901e+05   6.2486e+05  50150  23799     5      0      0     41      0   0.042   0.000   0.116   0.159     2.462
    8          inf   4.6901e+05   6.2525e+05  50150  23808    19      0      0      9      0   0.054   0.000   0.117   0.171     2.633
    9          inf   4.6901e+05   6.2528e+05  50300  23764    23    150      0      0     44   0.056   0.086   0.116   0.259     2.893
   10          inf   4.6901e+05   6.2537e+05  50300  23768     9      0      0      4      0   0.044   0.000   0.114   0.160     3.053
   11          inf   4.6901e+05   6.2537e+05  50346  23765     9     46      0      0      3   0.044   0.058   0.114   0.217     3.270
   12          inf   4.6901e+05   6.2538e+05  50346  23767     8      0      0      2      0   0.045   0.000   0.114   0.160     3.430
   13          inf   4.6901e+05   6.2538e+05  50532  23725     8    186      0      0     42   0.044   0.069   0.115   0.230     3.660
   14          inf   4.6901e+05   6.2521e+05  50532  23729     3      0      0      4      0   0.042   0.000   0.116   0.160     3.820
   15          inf   4.6901e+05   6.2521e+05  50533  23721     3      1      0      0      8   0.042   0.054   0.114   0.212     4.032
   16          inf   6.2275e+05   6.2522e+05  50967  23720     3    434      0      0      1   0.040   1.165   0.116   1.323     5.355
   17          inf   6.2275e+05   6.2489e+05  50967  23728     0      0      0      8      0   0.042   0.000   0.115   0.158     5.513
   18   6.2489e+05   6.2275e+05   6.2489e+05  50968  23725     0      1      0      0      3   0.043   0.079   0.113   0.236     5.749
   19   6.2489e+05   6.2275e+05   6.2489e+05  50968  23726     0      0      0      1      0   0.042   0.000   0.117   0.160     5.909
   20   6.2489e+05   6.2485e+05   6.2489e+05  50968  23726     0    *29      0      0      0   0.043   1.188   0.119   1.350     7.259
CG optimal after 20 iterations. UB=624893.500000 LB=624846.397490 gap=4.710e+01 tol=6.249e+01  t_LP=0.851  t_PR=5.247  t_SP=2.308  t_Tot=8.431
[bounded-pricing] enabled=1 cut=70065 priced=97419 rate=71.9%

# === STDOUT (result CSV) ===
Setting parameter 'LpMethod' to 2
Setting parameter 'GPUMode' to 0
Setting parameter 'Presolve' to 0
Setting parameter 'Crossover' to 0
instance,formulation,iterations,columns,objective,lower_bound,optimal,time,time_lp,time_pricing,time_separation
data/intermodal/BUS-23688-0.txt.gz,tree,20,27325,624893.500000,624846.397490,1,8.843,0.851,5.247,2.308
