# cmd: /usr/bin/time -o /tmp/mcfcg_mem_6zrbuwpy.txt -f %M build/mcfcg_cli data/transportation/BerlinCenter_net.tntp.gz --solver copt --copt-gpu-mode 2 --formulation tree --max-iters 10000 --pricing-cutoff --time-limit 1800.0
# outcome: ok
# returncode: 0
# peak_rss_kb: 752372
# peak_rss_source: measured
# === STDERR (CG iteration log + preamble) ===
TNTP: net=data/transportation/BerlinCenter_net.tntp.gz trips=data/transportation/BerlinCenter_trips.tntp.gz coef=0.5
Instance: 12981 vertices, 28376 arcs, 49688 commodities, 865 sources
Solver: copt (gpu-mode 2), formulation: tree
Pricing threads: 32 (auto)
Slack mode: CommodityRows (struct=865, capped_arcs=28376)
[lp-config] backend=copt version=8.0.1 method=barrier exec=GPU presolve=off crossover=off tol=0.0001 threads=n/a(GPU)
   It           UB           LB       LP_obj   #col   #row  #slk   +col   -col   +cut   -cut    t_LP    t_PR    t_SP   t_Tot     t_acc
    1          inf   2.7321e+06   2.6017e+05   1730    865   853      0      0      0      0   0.340   0.003   0.002   0.345     0.345
    2          inf   4.3185e+06   2.4448e+06   1730    865   754      0      0      0      0   0.161   0.005   0.002   0.168     0.513
    3          inf   1.5994e+07   1.5789e+07   1730    891   303      0      0     26      0   0.150   0.046   0.003   0.199     0.712
    4          inf   1.5994e+07   4.0348e+07   2184   1138   237    454      0    247      0   0.159   0.045   0.004   0.213     0.925
    5          inf   1.5994e+07   1.0208e+08   2896   1185   376    712      0     47      0   0.237   0.042   0.003   0.289     1.213
    6          inf   1.5994e+07   3.1195e+08   3608   1251   303    746     34     66      0   0.247   0.045   0.003   0.306     1.519
    7          inf   1.5994e+07   7.6867e+08   4349   1299   254    741      0     48      0   0.282   0.049   0.004   0.342     1.861
    8          inf   1.5994e+07   1.4776e+09   5090   1365   193    741      0     66      0   0.316   0.046   0.004   0.373     2.234
    9          inf   1.5994e+07   2.1270e+09   5778   1402   158    745     57     37      0   0.410   0.046   0.004   0.475     2.709
   10          inf   1.5994e+07   1.7070e+09   6246   1384    94    743    275     26     44   0.473   0.050   0.004   0.543     3.251
   11          inf   1.5994e+07   1.4185e+09   6588   1418    47    719    377     38      4   0.409   0.055   0.005   0.486     3.737
   12          inf   1.5994e+07   5.3496e+08   6828   1448     7    717    477     46     16   0.475   0.051   0.005   0.551     4.288
   13          inf   1.5994e+07   1.1042e+09   7030   1476    15    710    508     41     13   0.489   0.048   0.005   0.560     4.848
   14          inf   1.5994e+07   3.6942e+08   7101   1483     1    683    612     29     22   0.585   0.047   0.005   0.655     5.503
   15          inf   2.6379e+07   2.8297e+07   7123   1485     0    680    658     19     17   0.475   0.046   0.006   0.544     6.047
   16          inf   2.6574e+07   2.8001e+07   7108   1490     0    678    693     13      8   0.506   0.048   0.005   0.577     6.624
   17          inf   2.7141e+07   2.7873e+07   7201   1481     0    660    567      8     17   0.515   0.046   0.006   0.584     7.209
   18          inf   2.7141e+07   2.7754e+07   7128   1466     0    659    732      6     21   0.517   0.051   0.005   0.592     7.801
   19          inf   2.7278e+07   2.7678e+07   6879   1434     0    618    867      8     40   0.511   0.050   0.006   0.585     8.385
   20          inf   2.7314e+07   2.7628e+07   6588   1389     0    621    912      4     49   0.479   0.048   0.005   0.549     8.934
   21          inf   2.7407e+07   2.7593e+07   6408   1363     0    487    667      2     28   0.426   0.051   0.006   0.499     9.433
   22          inf   2.7407e+07   2.7573e+07   6278   1357     0    462    592      8     14   0.436   0.049   0.005   0.505     9.938
   23          inf   2.7461e+07   2.7555e+07   6215   1344     0    484    547      5     18   0.420   0.051   0.005   0.491    10.429
   24          inf   2.7480e+07   2.7549e+07   6126   1338     0    462    551      4     10   0.385   0.044   0.005   0.448    10.877
   25          inf   2.7500e+07   2.7543e+07   6122   1331     0    451    455      2      9   0.396   0.051   0.005   0.466    11.344
   26          inf   2.7505e+07   2.7538e+07   6093   1330     0    420    449      1      2   0.400   0.052   0.005   0.471    11.814
   27   2.7534e+07   2.7511e+07   2.7534e+07   6106   1325     0    393    380      0      5   0.399   0.052   0.005   0.469    12.283
   28   2.7532e+07   2.7517e+07   2.7532e+07   6093   1323     0    388    401      0      2   0.402   0.047   0.005   0.468    12.751
   29   2.7532e+07   2.7524e+07   2.7530e+07   6030   1324     0    337    400      4      3   0.413   0.048   0.005   0.481    13.232
   30   2.7530e+07   2.7524e+07   2.7530e+07   6093   1324     0    427    364      0      0   0.427   0.049   0.005   0.493    13.725
   31   2.7530e+07   2.7526e+07   2.7530e+07   6113   1322     0    334    314      0      2   0.378   0.045   0.005   0.441    14.166
   32   2.7530e+07   2.7527e+07   2.7529e+07   6113   1323     0   *345      0      1      0   0.408   0.050   0.005   0.463    14.629
CG optimal after 32 iterations. UB=27529599.636448 LB=27527368.352001 gap=2.231e+03 tol=2.753e+03  t_LP=12.624  t_PR=1.500  t_SP=0.147  t_Tot=14.676
[pricing-cutoff] enabled=1 cut=9315 priced=31140 rate=29.9%

# === STDOUT (result CSV) ===
Setting parameter 'LpMethod' to 2
Setting parameter 'GPUMode' to 2
Setting parameter 'Presolve' to 0
Setting parameter 'Crossover' to 0
instance,formulation,iterations,columns,objective,lower_bound,optimal,time,time_lp,time_pricing,time_separation
data/transportation/BerlinCenter_net.tntp.gz,tree,32,5248,27529599.636448,27527368.352001,1,14.729,12.624,1.500,0.147
