# cmd: /usr/bin/time -o /tmp/mcfcg_mem_l64zb3vi.txt -f %M build/mcfcg_cli data/transportation/Barcelona_net.tntp.gz --solver copt --copt-gpu-mode 2 --formulation tree --max-iters 10000 --pricing-cutoff --time-limit 1800.0
# outcome: ok
# returncode: 0
# peak_rss_kb: 507364
# peak_rss_source: measured
# === STDERR (CG iteration log + preamble) ===
TNTP: net=data/transportation/Barcelona_net.tntp.gz trips=data/transportation/Barcelona_trips.tntp.gz coef=5050.0
Instance: 1020 vertices, 2522 arcs, 7922 commodities, 97 sources
Solver: copt (gpu-mode 2), formulation: tree
Pricing threads: 32 (auto)
Slack mode: CommodityRows (struct=97, capped_arcs=2522)
[lp-config] backend=copt version=8.0.1 method=barrier exec=GPU presolve=off crossover=off tol=0.0001 threads=n/a(GPU)
   It           UB           LB       LP_obj   #col   #row  #slk   +col   -col   +cut   -cut    t_LP    t_PR    t_SP   t_Tot     t_acc
    1          inf   2.3745e+02   2.3756e+02    194    227     0      0      0    130      0   0.327   0.002   0.000   0.330     0.330
    2          inf   2.3745e+02   1.4151e+03    290    227    26     96      0      0      0   0.174   0.001   0.000   0.176     0.506
    3          inf   2.3745e+02   3.8452e+03    385    230    37     95      0      3      0   0.172   0.001   0.000   0.174     0.680
    4          inf   2.3745e+02   8.5308e+03    480    235    40     95      0      5      0   0.177   0.001   0.000   0.179     0.859
    5          inf   2.3745e+02   2.7493e+03    576    273    11     96      0     38      0   0.188   0.001   0.000   0.191     1.050
    6          inf   2.3745e+02   7.7570e+03    671    278    11     95      0      5      0   0.187   0.001   0.000   0.190     1.239
    7          inf   2.3745e+02   3.7874e+03    758    213     4     94      7      7     72   0.197   0.001   0.000   0.200     1.439
    8          inf   2.3745e+02   2.4832e+02    811    226     0     95     42     14      1   0.194   0.001   0.000   0.197     1.636
    9          inf   2.3854e+02   2.4684e+02    857    229     0     94     48      3      0   0.187   0.001   0.001   0.190     1.827
   10          inf   2.4061e+02   2.4619e+02    906    232     0     88     39      9      6   0.191   0.001   0.000   0.194     2.021
   11          inf   2.4156e+02   2.4525e+02    909    219     0     86     83      7     20   0.191   0.001   0.000   0.194     2.214
   12          inf   2.4156e+02   2.4473e+02    900    217     0     78     87      1      3   0.191   0.001   0.000   0.194     2.409
   13          inf   2.4207e+02   2.4442e+02    866    207     0     82    116      1     11   0.182   0.001   0.000   0.185     2.594
   14          inf   2.4280e+02   2.4421e+02    821    196     0     71    116      2     13   0.188   0.001   0.000   0.191     2.785
   15          inf   2.4282e+02   2.4403e+02    807    193     0     76     90      1      4   0.185   0.001   0.000   0.188     2.973
   16          inf   2.4290e+02   2.4391e+02    785    186     0     67     89      4     11   0.183   0.001   0.000   0.186     3.159
   17          inf   2.4290e+02   2.4379e+02    772    186     0     68     81      4      4   0.186   0.001   0.000   0.189     3.348
   18          inf   2.4301e+02   2.4372e+02    755    185     0     62     79      4      5   0.178   0.001   0.000   0.181     3.529
   19   2.4368e+02   2.4324e+02   2.4368e+02    720    184     0     51     86      0      1   0.183   0.001   0.000   0.186     3.715
   20   2.4362e+02   2.4324e+02   2.4362e+02    703    183     0     47     64      0      1   0.188   0.001   0.000   0.191     3.906
   21   2.4362e+02   2.4328e+02   2.4358e+02    662    185     0     37     78      2      0   0.183   0.001   0.000   0.186     4.091
   22   2.4356e+02   2.4333e+02   2.4356e+02    649    183     0     41     54      0      2   0.180   0.001   0.000   0.182     4.274
   23   2.4356e+02   2.4333e+02   2.4354e+02    616    185     0     31     64      4      2   0.182   0.001   0.000   0.185     4.459
   24   2.4356e+02   2.4335e+02   2.4354e+02    570    183     0     22     68      1      3   0.187   0.001   0.000   0.190     4.648
   25   2.4353e+02   2.4338e+02   2.4353e+02    530    181     0     16     56      0      2   0.182   0.001   0.000   0.184     4.832
   26   2.4353e+02   2.4339e+02   2.4353e+02    479    181     0      8     59      0      0   0.189   0.001   0.000   0.191     5.023
   27   2.4353e+02   2.4339e+02   2.4353e+02    452    180     0     15     42      0      1   0.188   0.001   0.000   0.191     5.214
   28   2.4352e+02   2.4340e+02   2.4352e+02    422    179     0      7     37      0      1   0.190   0.001   0.000   0.192     5.406
   29   2.4352e+02   2.4340e+02   2.4352e+02    404    177     0      7     25      0      2   0.184   0.001   0.000   0.186     5.592
   30   2.4352e+02   2.4340e+02   2.4352e+02    394    177     0     11     21      0      0   0.185   0.001   0.000   0.186     5.778
   31   2.4352e+02   2.4341e+02   2.4352e+02    382    177     0      3     15      0      0   0.180   0.001   0.000   0.182     5.960
   32   2.4352e+02   2.4341e+02   2.4352e+02    369    177     0      6     19      0      0   0.181   0.001   0.000   0.182     6.143
   33   2.4352e+02   2.4341e+02   2.4352e+02    369    177     0      0      0      0      0   0.181   0.002   0.000   0.184     6.327
CG optimal after 33 iterations. UB=243.519050 LB=243.409653 gap=1.094e-01 tol=2.435e-02  t_LP=6.242  t_PR=0.044  t_SP=0.011  t_Tot=6.333
[pricing-cutoff] enabled=1 cut=1655 priced=3492 rate=47.4%

# === STDOUT (result CSV) ===
Setting parameter 'LpMethod' to 2
Setting parameter 'GPUMode' to 2
Setting parameter 'Presolve' to 0
Setting parameter 'Crossover' to 0
instance,formulation,iterations,columns,objective,lower_bound,optimal,time,time_lp,time_pricing,time_separation
data/transportation/Barcelona_net.tntp.gz,tree,33,272,243.519050,243.409653,1,6.353,6.242,0.044,0.011
