# cmd: /usr/bin/time -o /tmp/mcfcg_mem_ha9dcn02.txt -f %M build/mcfcg_cli data/transportation/Winnipeg_net.tntp.gz --solver copt --copt-gpu-mode 2 --formulation tree --max-iters 10000 --pricing-cutoff --time-limit 1800.0
# outcome: ok
# returncode: 0
# peak_rss_kb: 513392
# peak_rss_source: measured
# === STDERR (CG iteration log + preamble) ===
TNTP: net=data/transportation/Winnipeg_net.tntp.gz trips=data/transportation/Winnipeg_trips.tntp.gz coef=2000.0
Instance: 1052 vertices, 2836 arcs, 4345 commodities, 135 sources
Solver: copt (gpu-mode 2), formulation: tree
Pricing threads: 32 (auto)
Slack mode: CommodityRows (struct=135, capped_arcs=2836)
[lp-config] backend=copt version=8.0.1 method=barrier exec=GPU presolve=off crossover=off tol=0.0001 threads=n/a(GPU)
   It           UB           LB       LP_obj   #col   #row  #slk   +col   -col   +cut   -cut    t_LP    t_PR    t_SP   t_Tot     t_acc
    1          inf   3.7412e+02   3.7371e+02    270    270     6      0      0    135      0   0.331   0.003   0.000   0.334     0.334
    2          inf   3.7412e+02   6.0255e+02    386    278    42    116      0      8      0   0.177   0.001   0.000   0.179     0.513
    3          inf   3.7412e+02   1.5701e+03    507    280    49    121      0      2      0   0.172   0.001   0.000   0.174     0.687
    4          inf   3.7412e+02   1.5336e+03    627    325    32    120      0     45      0   0.181   0.002   0.000   0.183     0.871
    5          inf   3.7412e+02   2.7161e+03    751    331    29    124      0      6      0   0.188   0.001   0.000   0.190     1.061
    6          inf   3.7412e+02   1.5587e+03    875    360    16    124      0     29      0   0.195   0.001   0.000   0.198     1.259
    7          inf   3.7412e+02   3.1884e+03    999    301    20    132      8      8     67   0.210   0.001   0.000   0.213     1.472
    8          inf   3.7412e+02   6.3601e+02   1079    331     2    126     46     41     11   0.218   0.001   0.000   0.222     1.694
    9          inf   3.7412e+02   1.8570e+03   1133    340     3    128     74     10      1   0.209   0.001   0.000   0.212     1.906
   10          inf   3.7412e+02   4.5033e+02   1182    323     0    121     72     10     27   0.233   0.002   0.000   0.237     2.142
   11          inf   3.8688e+02   4.4395e+02   1220    321     0    123     85      6      8   0.218   0.001   0.001   0.222     2.364
   12          inf   4.0349e+02   4.3695e+02   1242    309     0    122    100      3     15   0.218   0.001   0.001   0.222     2.586
   13          inf   4.0757e+02   4.3213e+02   1275    313     0    120     87      6      2   0.214   0.001   0.000   0.218     2.804
   14          inf   4.0757e+02   4.2854e+02   1246    286     0    117    146      4     31   0.212   0.001   0.000   0.215     3.019
   15          inf   4.0757e+02   4.2670e+02   1174    272     0    117    189      2     16   0.196   0.001   0.000   0.199     3.218
   16          inf   4.1582e+02   4.2506e+02   1134    267     0    110    150      6     11   0.201   0.001   0.001   0.205     3.423
   17          inf   4.1651e+02   4.2396e+02   1128    253     0    108    114      1     15   0.201   0.001   0.000   0.205     3.628
   18          inf   4.1696e+02   4.2205e+02   1107    252     0     99    120      4      5   0.197   0.001   0.000   0.200     3.828
   19          inf   4.1798e+02   4.2163e+02   1077    248     0     92    122      2      6   0.198   0.001   0.000   0.201     4.029
   20          inf   4.1876e+02   4.2133e+02   1046    247     0     93    124      1      2   0.188   0.001   0.000   0.191     4.220
   21          inf   4.1898e+02   4.2090e+02   1017    247     0     94    123      1      1   0.196   0.001   0.000   0.199     4.419
   22          inf   4.1926e+02   4.2071e+02    996    247     0     82    103      1      1   0.197   0.001   0.000   0.200     4.619
   23          inf   4.1963e+02   4.2053e+02    961    242     0     66    101      1      6   0.191   0.001   0.000   0.194     4.813
   24   4.2036e+02   4.1963e+02   4.2036e+02    945    242     0     81     97      0      0   0.192   0.001   0.000   0.195     5.008
   25   4.2031e+02   4.1976e+02   4.2031e+02    918    240     0     68     95      0      2   0.190   0.001   0.000   0.193     5.202
   26   4.2031e+02   4.1990e+02   4.2024e+02    890    240     0     54     82      1      1   0.189   0.001   0.000   0.192     5.394
   27   4.2031e+02   4.1993e+02   4.2020e+02    832    239     0     32     90      1      2   0.193   0.001   0.000   0.196     5.590
   28   4.2020e+02   4.1998e+02   4.2020e+02    770    236     0     22     84      0      3   0.191   0.001   0.000   0.194     5.784
   29   4.2018e+02   4.1998e+02   4.2018e+02    715    236     0     19     74      0      0   0.192   0.001   0.000   0.195     5.978
   30   4.2017e+02   4.2000e+02   4.2017e+02    641    236     0      8     82      0      0   0.189   0.001   0.000   0.192     6.170
   31   4.2017e+02   4.2000e+02   4.2017e+02    636    235     0     43     48      0      1   0.187   0.001   0.000   0.189     6.360
   32   4.2017e+02   4.2001e+02   4.2017e+02    593    235     0      2     45      0      0   0.194   0.001   0.000   0.197     6.557
   33   4.2017e+02   4.2002e+02   4.2017e+02    593    235     0      0      0      0      0   0.189   0.003   0.000   0.192     6.749
CG optimal after 33 iterations. UB=420.169872 LB=420.015352 gap=1.545e-01 tol=4.202e-02  t_LP=6.646  t_PR=0.052  t_SP=0.012  t_Tot=6.755
[pricing-cutoff] enabled=1 cut=1941 priced=4860 rate=39.9%

# === STDOUT (result CSV) ===
Setting parameter 'LpMethod' to 2
Setting parameter 'GPUMode' to 2
Setting parameter 'Presolve' to 0
Setting parameter 'Crossover' to 0
instance,formulation,iterations,columns,objective,lower_bound,optimal,time,time_lp,time_pricing,time_separation
data/transportation/Winnipeg_net.tntp.gz,tree,33,458,420.169872,420.015352,1,6.777,6.646,0.052,0.012
