# cmd: /usr/bin/time -o /tmp/mcfcg_mem_jyk6d1p_.txt -f %M build/mcfcg_cli data/transportation/BerlinCenter_net.tntp.gz --solver copt --copt-gpu-mode 2 --formulation tree --max-iters 10000 --time-limit 1800.0
# outcome: ok
# returncode: 0
# peak_rss_kb: 752536
# peak_rss_source: measured
# === STDERR (CG iteration log + preamble) ===
TNTP: net=data/transportation/BerlinCenter_net.tntp.gz trips=data/transportation/BerlinCenter_trips.tntp.gz coef=0.5
Instance: 12981 vertices, 28376 arcs, 49688 commodities, 865 sources
Solver: copt (gpu-mode 2), formulation: tree
Pricing threads: 32 (auto)
Slack mode: CommodityRows (struct=865, capped_arcs=28376)
[lp-config] backend=copt version=8.0.1 method=barrier exec=GPU presolve=off crossover=off tol=0.0001 threads=n/a(GPU)
   It           UB           LB       LP_obj   #col   #row  #slk   +col   -col   +cut   -cut    t_LP    t_PR    t_SP   t_Tot     t_acc
    1          inf   2.6118e+07   2.6017e+05   1730    865   853      0      0      0      0   0.336   0.081   0.003   0.420     0.420
    2          inf   2.6118e+07   2.4448e+06   1730    865   754      0      0      0      0   0.158   0.077   0.002   0.237     0.656
    3          inf   2.6118e+07   1.5789e+07   1730    891   303      0      0     26      0   0.150   0.073   0.003   0.226     0.882
    4          inf   2.6118e+07   4.0348e+07   2184   1138   237    454      0    247      0   0.158   0.039   0.003   0.204     1.086
    5          inf   2.6118e+07   1.0208e+08   2896   1185   376    712      0     47      0   0.230   0.042   0.003   0.283     1.369
    6          inf   2.6118e+07   3.1195e+08   3608   1251   303    746     34     66      0   0.246   0.042   0.003   0.302     1.671
    7          inf   2.6118e+07   7.6867e+08   4349   1299   254    741      0     48      0   0.282   0.045   0.004   0.338     2.008
    8          inf   2.6118e+07   1.4776e+09   5090   1365   193    741      0     66      0   0.310   0.038   0.004   0.360     2.368
    9          inf   2.6118e+07   2.1270e+09   5778   1402   158    745     57     37      0   0.382   0.044   0.005   0.444     2.812
   10          inf   2.6118e+07   1.7070e+09   6246   1381    94    743    275     23     44   0.448   0.033   0.004   0.500     3.313
   11          inf   2.6118e+07   1.4024e+09   6592   1421    45    720    374     44      4   0.414   0.053   0.005   0.488     3.801
   12          inf   2.6118e+07   5.3616e+08   6822   1459     7    712    482     53     15   0.462   0.050   0.005   0.533     4.333
   13          inf   2.6118e+07   1.0602e+09   7016   1483    19    715    521     43     19   0.532   0.050   0.006   0.605     4.939
   14          inf   2.6118e+07   3.2060e+08   7106   1493     2    691    601     26     16   0.533   0.047   0.005   0.603     5.542
   15          inf   2.6118e+07   6.3369e+07   7181   1504     1    707    632     27     16   0.533   0.044   0.006   0.601     6.142
   16          inf   2.6658e+07   2.8116e+07   7135   1497     0    660    706      2      9   0.489   0.046   0.006   0.558     6.700
   17          inf   2.7036e+07   2.7958e+07   7201   1484     0    675    609      1     14   0.521   0.043   0.006   0.587     7.287
   18          inf   2.7141e+07   2.7819e+07   7144   1451     0    653    710      7     40   0.550   0.042   0.006   0.617     7.904
   19          inf   2.7182e+07   2.7714e+07   6950   1407     0    616    810     16     60   0.501   0.042   0.005   0.566     8.471
   20          inf   2.7283e+07   2.7661e+07   6752   1391     0    609    807      2     18   0.481   0.043   0.005   0.547     9.017
   21          inf   2.7373e+07   2.7619e+07   6507   1365     0    567    812      3     29   0.464   0.046   0.006   0.532     9.550
   22          inf   2.7422e+07   2.7590e+07   6444   1347     0    527    590      1     19   0.404   0.045   0.005   0.471    10.021
   23          inf   2.7455e+07   2.7572e+07   6301   1340     0    442    585      2      9   0.404   0.049   0.005   0.473    10.494
   24   2.7558e+07   2.7455e+07   2.7558e+07   6221   1331     0    488    568      0      9   0.403   0.050   0.005   0.472    10.966
   25   2.7558e+07   2.7485e+07   2.7551e+07   6155   1325     0    446    512      2      8   0.373   0.045   0.005   0.438    11.404
   26   2.7558e+07   2.7485e+07   2.7543e+07   6115   1322     0    433    473      6      9   0.387   0.043   0.005   0.449    11.853
   27   2.7558e+07   2.7504e+07   2.7537e+07   6051   1315     0    388    452      3     10   0.364   0.047   0.005   0.431    12.284
   28   2.7558e+07   2.7513e+07   2.7535e+07   6031   1319     0    391    411      5      1   0.399   0.047   0.005   0.465    12.749
   29   2.7558e+07   2.7517e+07   2.7533e+07   6046   1318     0    372    357      2      3   0.387   0.048   0.005   0.454    13.203
   30   2.7558e+07   2.7519e+07   2.7532e+07   6034   1323     0    377    389      8      3   0.378   0.044   0.005   0.441    13.644
   31   2.7531e+07   2.7524e+07   2.7531e+07   6038   1321     0    365    361      0      2   0.377   0.047   0.005   0.442    14.086
   32   2.7530e+07   2.7525e+07   2.7530e+07   5968   1321     0    338    408      0      0   0.394   0.049   0.005   0.460    14.547
   33   2.7530e+07   2.7526e+07   2.7530e+07   5980   1320     0    314    302      0      1   0.397   0.048   0.005   0.463    15.010
   34   2.7529e+07   2.7528e+07   2.7529e+07   5980   1320     0   *317      0      0      0   0.423   0.048   0.005   0.476    15.486
CG optimal after 34 iterations. UB=27529346.481777 LB=27527584.858655 gap=1.762e+03 tol=2.753e+03  t_LP=13.270  t_PR=1.667  t_SP=0.160  t_Tot=15.530
[pricing-cutoff] enabled=0 cut=0 priced=32870 rate=0.0%

# === STDOUT (result CSV) ===
Setting parameter 'LpMethod' to 2
Setting parameter 'GPUMode' to 2
Setting parameter 'Presolve' to 0
Setting parameter 'Crossover' to 0
instance,formulation,iterations,columns,objective,lower_bound,optimal,time,time_lp,time_pricing,time_separation
data/transportation/BerlinCenter_net.tntp.gz,tree,34,5115,27529346.481777,27527584.858655,1,15.586,13.270,1.667,0.160
