# cmd: /usr/bin/time -o /tmp/mcfcg_mem_rwfo3sty.txt -f %M build/mcfcg_cli data/transportation/Sydney_net.tntp.gz --solver copt --copt-gpu-mode 2 --formulation tree --max-iters 10000 --time-limit 1800.0
# outcome: ok
# returncode: 0
# peak_rss_kb: 9862828
# peak_rss_source: measured
# === STDERR (CG iteration log + preamble) ===
TNTP: net=data/transportation/Sydney_net.tntp.gz trips=data/transportation/Sydney_trips.tntp.gz coef=1.9
Instance: 33113 vertices, 75379 arcs, 3343560 commodities, 3257 sources
Solver: copt (gpu-mode 2), formulation: tree
Pricing threads: 32 (auto)
Slack mode: CommodityRows (struct=3257, capped_arcs=75379)
[lp-config] backend=copt version=8.0.1 method=barrier exec=GPU presolve=off crossover=off tol=0.0001 threads=n/a(GPU)
   It           UB           LB       LP_obj   #col   #row  #slk   +col   -col   +cut   -cut    t_LP    t_PR    t_SP   t_Tot     t_acc
    1          inf   4.9542e+06   1.5043e+05   6514   3257  3042      0      0      0      0   0.471   1.675   0.006   2.152     2.152
    2          inf   4.9542e+06   1.2093e+06   6514   3257  2028      0      0      0      0   0.165   1.674   0.011   1.850     4.001
    3          inf   4.9542e+06   4.6463e+06   6514   3477    91      0      0    220      0   0.172   1.671   0.024   1.867     5.869
    4          inf   4.9542e+06   5.5261e+06   9757   3482   706   3243      0      5      0   0.584   0.828   0.019   2.212     8.081
    5          inf   4.9542e+06   5.8426e+06  13011   3497   735   3254      0     15      0   0.681   0.869   0.036   2.415    10.496
    6          inf   4.9542e+06   5.8386e+06  16263   3552   223   3252      0     55      0   0.878   0.864   0.057   2.639    13.135
    7          inf   4.9542e+06   5.2367e+06  19511   3610    19   3248      0     58      0   1.504   0.867   0.076   3.293    16.427
    8          inf   4.9542e+06   4.9884e+06  22755   3618     0   3244      0      8      0   2.196   0.867   0.086   4.026    20.454
    9          inf   4.9585e+06   4.9804e+06  25875   3514     0   3243    123      1    105   2.308   0.855   0.074   4.413    24.866
   10          inf   4.9615e+06   4.9735e+06  27636   3516     0   3205   1444      3      1   1.492   0.866   0.115   3.542    28.408
   11          inf   4.9645e+06   4.9713e+06  28863   3510     0   3215   1988      3      9   1.665   0.870   0.129   3.728    32.136
   12          inf   4.9654e+06   4.9700e+06  28613   3471     0   3172   3422      1     40   1.489   0.877   0.132   3.450    35.586
   13          inf   4.9654e+06   4.9692e+06  27905   3422     0   3114   3822      2     51   1.269   0.874   0.134   3.220    38.806
   14   4.9689e+06   4.9661e+06   4.9689e+06  26625   3404     0   3031   4311      0     18   0.989   0.879   0.130   2.903    41.708
   15   4.9685e+06   4.9662e+06   4.9685e+06  26128   3397     0   2847   3344      0      7   0.891   0.888   0.122   2.804    44.512
   16   4.9685e+06   4.9663e+06   4.9683e+06  26091   3397     0   2890   2927      2      2   0.884   0.897   0.122   2.796    47.308
   17   4.9683e+06   4.9664e+06   4.9683e+06  25847   3391     0   2299   2543      0      6   0.838   0.889   0.123   2.687    49.994
   18   4.9682e+06   4.9664e+06   4.9682e+06  24789   3391     0   2060   3118      0      0   0.826   0.916   0.124   2.638    52.633
   19   4.9682e+06   4.9664e+06   4.9682e+06  23278   3391     0   1646   3157      0      0   0.844   0.911   0.117   2.578    55.211
   20   4.9682e+06   4.9665e+06   4.9682e+06  21363   3389     0    847   2762      0      2   0.771   0.949   0.112   2.386    57.597
   21   4.9682e+06   4.9665e+06   4.9682e+06  19590   3389     0    383   2156      0      0   0.735   0.963   0.102   2.222    59.820
   22   4.9682e+06   4.9665e+06   4.9682e+06  17868   3388     0     45   1767      0      1   0.736   0.992   0.092   2.153    61.973
   23   4.9682e+06   4.9665e+06   4.9682e+06  16635   3388     0    131   1364      0      0   0.661   0.960   0.083   1.995    63.967
   24   4.9682e+06   4.9665e+06   4.9682e+06  15904   3385     0      3    734      0      3   0.662   0.972   0.078   1.938    65.905
   25   4.9682e+06   4.9665e+06   4.9682e+06  15904   3385     0      0      0      0      0   0.624   1.795   0.070   2.488    68.394
CG optimal after 25 iterations. UB=4968208.845097 LB=4966458.608927 gap=1.750e+03 tol=4.968e+02  t_LP=24.338  t_PR=27.355  t_SP=2.174  t_Tot=70.083
[pricing-cutoff] enabled=0 cut=0 priced=97710 rate=0.0%

# === STDOUT (result CSV) ===
Setting parameter 'LpMethod' to 2
Setting parameter 'GPUMode' to 2
Setting parameter 'Presolve' to 0
Setting parameter 'Crossover' to 0
instance,formulation,iterations,columns,objective,lower_bound,optimal,time,time_lp,time_pricing,time_separation
data/transportation/Sydney_net.tntp.gz,tree,25,12647,4968208.845097,4966458.608927,1,71.002,24.338,27.355,2.174
