# cmd: /usr/bin/time -o /tmp/mcfcg_mem_d6it58p7.txt -f %M build/mcfcg_cli data/transportation/Winnipeg_net.tntp.gz --solver copt --copt-gpu-mode 2 --formulation tree --max-iters 10000 --time-limit 1800.0
# outcome: ok
# returncode: 0
# peak_rss_kb: 512964
# peak_rss_source: measured
# === STDERR (CG iteration log + preamble) ===
TNTP: net=data/transportation/Winnipeg_net.tntp.gz trips=data/transportation/Winnipeg_trips.tntp.gz coef=2000.0
Instance: 1052 vertices, 2836 arcs, 4345 commodities, 135 sources
Solver: copt (gpu-mode 2), formulation: tree
Pricing threads: 32 (auto)
Slack mode: CommodityRows (struct=135, capped_arcs=2836)
[lp-config] backend=copt version=8.0.1 method=barrier exec=GPU presolve=off crossover=off tol=0.0001 threads=n/a(GPU)
   It           UB           LB       LP_obj   #col   #row  #slk   +col   -col   +cut   -cut    t_LP    t_PR    t_SP   t_Tot     t_acc
    1          inf   3.9643e+02   3.7371e+02    270    270     6      0      0    135      0   0.333   0.002   0.000   0.336     0.336
    2          inf   3.9643e+02   6.0255e+02    386    278    42    116      0      8      0   0.178   0.001   0.000   0.181     0.516
    3          inf   3.9643e+02   1.5701e+03    507    280    49    121      0      2      0   0.172   0.001   0.000   0.175     0.691
    4          inf   3.9643e+02   1.5336e+03    627    325    32    120      0     45      0   0.179   0.002   0.000   0.183     0.874
    5          inf   3.9643e+02   2.7161e+03    751    331    29    124      0      6      0   0.186   0.001   0.000   0.189     1.062
    6          inf   3.9643e+02   1.5587e+03    875    360    16    124      0     29      0   0.198   0.001   0.000   0.200     1.263
    7          inf   3.9643e+02   3.1884e+03    999    301    20    132      8      8     67   0.209   0.001   0.000   0.212     1.475
    8          inf   3.9643e+02   6.3601e+02   1079    330     2    126     46     40     11   0.214   0.001   0.000   0.217     1.692
    9          inf   3.9643e+02   1.8570e+03   1133    340     3    128     74     11      1   0.210   0.001   0.000   0.213     1.905
   10          inf   3.9643e+02   4.5033e+02   1182    323     0    121     72     10     27   0.235   0.001   0.000   0.238     2.143
   11          inf   3.9643e+02   4.4395e+02   1220    323     0    123     85      8      8   0.225   0.001   0.001   0.229     2.372
   12          inf   4.0281e+02   4.3696e+02   1241    311     0    121    100      3     15   0.212   0.001   0.000   0.216     2.588
   13          inf   4.0675e+02   4.3240e+02   1274    313     0    119     86      4      2   0.208   0.002   0.000   0.212     2.800
   14          inf   4.0675e+02   4.2854e+02   1242    285     0    118    150      2     30   0.215   0.001   0.000   0.218     3.018
   15          inf   4.1011e+02   4.2666e+02   1176    275     0    115    181      6     16   0.203   0.001   0.000   0.206     3.225
   16          inf   4.1607e+02   4.2517e+02   1141    265     0    113    148      1     11   0.199   0.001   0.000   0.203     3.427
   17          inf   4.1607e+02   4.2407e+02   1128    253     0    109    122      1     13   0.197   0.001   0.000   0.201     3.628
   18          inf   4.1730e+02   4.2262e+02   1115    253     0    101    114      3      3   0.189   0.001   0.000   0.192     3.820
   19          inf   4.1810e+02   4.2179e+02   1076    253     0     98    137      3      3   0.196   0.001   0.000   0.200     4.020
   20   4.2123e+02   4.1865e+02   4.2123e+02   1036    253     0     84    124      0      0   0.198   0.001   0.000   0.201     4.221
   21   4.2123e+02   4.1884e+02   4.2073e+02   1008    248     0     86    114      1      6   0.194   0.001   0.000   0.197     4.418
   22   4.2051e+02   4.1915e+02   4.2051e+02    988    244     0     88    108      0      4   0.198   0.001   0.000   0.201     4.619
   23   4.2040e+02   4.1962e+02   4.2040e+02    978    243     0     78     88      0      1   0.192   0.001   0.000   0.196     4.815
   24   4.2032e+02   4.1981e+02   4.2032e+02    941    241     0     63    100      0      2   0.197   0.001   0.000   0.200     5.015
   25   4.2032e+02   4.1983e+02   4.2024e+02    884    238     0     48    105      1      4   0.197   0.001   0.000   0.200     5.215
   26   4.2020e+02   4.1994e+02   4.2020e+02    844    237     0     45     85      0      1   0.198   0.001   0.000   0.201     5.416
   27   4.2018e+02   4.2005e+02   4.2018e+02    778    237     0     18     84      0      0   0.190   0.001   0.000   0.193     5.610
   28   4.2017e+02   4.2007e+02   4.2017e+02    726    236     0      5     57      0      1   0.196   0.001   0.000   0.199     5.809
   29   4.2017e+02   4.2007e+02   4.2017e+02    663    236     0      7     70      0      0   0.193   0.001   0.000   0.196     6.005
   30   4.2017e+02   4.2007e+02   4.2017e+02    642    233     0     41     62      0      3   0.195   0.001   0.000   0.198     6.203
   31   4.2017e+02   4.2007e+02   4.2017e+02    636    233     0     42     48      0      0   0.183   0.001   0.000   0.186     6.388
   32   4.2017e+02   4.2008e+02   4.2017e+02    588    232     0      1     49      0      1   0.196   0.001   0.000   0.198     6.586
   33   4.2017e+02   4.2008e+02   4.2017e+02    557    232     0      1     32      0      0   0.191   0.001   0.000   0.194     6.780
   34   4.2017e+02   4.2008e+02   4.2017e+02    557    232     0      0      0      0      0   0.192   0.003   0.000   0.195     6.975
CG optimal after 34 iterations. UB=420.166446 LB=420.080827 gap=8.562e-02 tol=4.202e-02  t_LP=6.871  t_PR=0.052  t_SP=0.013  t_Tot=6.982
[pricing-cutoff] enabled=0 cut=0 priced=4995 rate=0.0%

# === STDOUT (result CSV) ===
Setting parameter 'LpMethod' to 2
Setting parameter 'GPUMode' to 2
Setting parameter 'Presolve' to 0
Setting parameter 'Crossover' to 0
instance,formulation,iterations,columns,objective,lower_bound,optimal,time,time_lp,time_pricing,time_separation
data/transportation/Winnipeg_net.tntp.gz,tree,34,422,420.166446,420.080827,1,7.003,6.871,0.052,0.013
