# cmd: /usr/bin/time -o /tmp/mcfcg_mem__kn6gv45.txt -f %M build/mcfcg_cli data/transportation/ChicagoRegional_net.tntp.gz --solver copt --copt-gpu-mode 2 --formulation tree --max-iters 10000 --time-limit 1800.0
# outcome: ok
# returncode: 0
# peak_rss_kb: 6023940
# peak_rss_source: measured
# === STDERR (CG iteration log + preamble) ===
TNTP: net=data/transportation/ChicagoRegional_net.tntp.gz trips=data/transportation/ChicagoRegional_trips.tntp.gz coef=4.1
Instance: 12982 vertices, 39018 arcs, 2297945 commodities, 1771 sources
Solver: copt (gpu-mode 2), formulation: tree
Pricing threads: 32 (auto)
Slack mode: CommodityRows (struct=1771, capped_arcs=39018)
[lp-config] backend=copt version=8.0.1 method=barrier exec=GPU presolve=off crossover=off tol=0.0001 threads=n/a(GPU)
   It           UB           LB       LP_obj   #col   #row  #slk   +col   -col   +cut   -cut    t_LP    t_PR    t_SP   t_Tot     t_acc
    1          inf   5.4984e+06   2.1129e+04   3542   1771  1757      0      0      0      0   0.337   0.465   0.003   0.805     0.805
    2          inf   5.4984e+06   2.0846e+05   3542   1771  1717      0      0      0      0   0.164   0.459   0.003   0.626     1.431
    3          inf   5.4984e+06   1.8320e+06   3542   1771  1324      0      0      0      0   0.155   0.461   0.004   0.620     2.051
    4          inf   5.4984e+06   5.3728e+06   3542   2014    24      0      0    243      0   0.152   0.461   0.011   0.623     2.675
    5          inf   5.4984e+06   7.6699e+06   5301   2025   567   1759      0     11      0   0.397   0.225   0.008   0.875     3.549
    6          inf   5.4984e+06   1.5972e+07   7060   2028   585   1759      0      3      0   0.563   0.219   0.013   1.044     4.593
    7          inf   5.4984e+06   2.7241e+07   8819   2033   513   1759      0      5      0   0.696   0.224   0.018   1.173     5.767
    8          inf   5.4984e+06   3.8959e+07  10579   2053   325   1760      0     20      0   0.736   0.222   0.026   1.215     6.981
    9          inf   5.4984e+06   5.0896e+07  12344   2062   313   1765      0      9      0   0.842   0.221   0.030   1.349     8.330
   10          inf   5.4984e+06   3.9714e+07  14021   2011   166   1762     85     28     79   1.003   0.226   0.040   1.620     9.950
   11          inf   5.4984e+06   6.7789e+06  14951   2055     2   1763    833     48      4   0.970   0.226   0.045   1.579    11.529
   12          inf   5.4984e+06   8.0070e+06  15593   2078    11   1761   1119     25      2   1.004   0.222   0.031   1.600    13.128
   13          inf   5.4984e+06   5.5328e+06  15878   2086     0   1761   1476     10      2   1.003   0.219   0.051   1.621    14.749
   14          inf   5.4984e+06   5.5272e+06  16307   2083     0   1756   1327      3      6   1.006   0.224   0.051   1.632    16.381
   15          inf   5.4984e+06   5.5231e+06  16758   2085     0   1756   1305      7      5   0.983   0.225   0.050   1.611    17.992
   16          inf   5.5006e+06   5.5204e+06  16884   2078     0   1756   1630      4     11   1.034   0.225   0.053   1.675    19.666
   17          inf   5.5042e+06   5.5188e+06  16555   2066     0   1756   2085      4     16   1.067   0.230   0.053   1.710    21.376
   18          inf   5.5042e+06   5.5175e+06  15534   2035     0   1753   2774      2     33   1.073   0.233   0.053   1.707    23.083
   19          inf   5.5082e+06   5.5163e+06  15270   2022     0   1750   2014      3     16   0.935   0.232   0.047   1.569    24.652
   20          inf   5.5095e+06   5.5156e+06  15304   2022     0   1748   1714      3      3   0.927   0.231   0.047   1.553    26.205
   21          inf   5.5095e+06   5.5151e+06  15439   2017     0   1747   1612      1      6   0.928   0.231   0.047   1.549    27.754
   22          inf   5.5098e+06   5.5145e+06  15734   2014     0   1744   1449      2      5   0.982   0.236   0.047   1.611    29.365
   23          inf   5.5106e+06   5.5142e+06  15874   2015     0   1737   1597      4      3   0.959   0.231   0.048   1.589    30.953
   24   5.5140e+06   5.5108e+06   5.5140e+06  16132   2013     0   1736   1478      0      2   0.994   0.231   0.048   1.614    32.568
   25   5.5140e+06   5.5112e+06   5.5138e+06  15980   2008     0   1735   1887      1      6   1.037   0.231   0.049   1.678    34.246
   26   5.5140e+06   5.5117e+06   5.5137e+06  16108   2007     0   1724   1596      2      3   0.996   0.229   0.050   1.626    35.872
   27   5.5140e+06   5.5117e+06   5.5135e+06  16269   2007     0   1724   1563      1      1   1.016   0.227   0.050   1.654    37.526
   28   5.5140e+06   5.5117e+06   5.5134e+06  16127   2007     0   1720   1862      3      3   1.009   0.226   0.050   1.644    39.171
   29   5.5134e+06   5.5117e+06   5.5134e+06  16656   2005     0   1721   1192      0      2   0.977   0.230   0.049   1.595    40.765
   30   5.5133e+06   5.5120e+06   5.5133e+06  16928   2005     0   1703   1431      0      0   1.000   0.231   0.053   1.617    42.382
   31   5.5133e+06   5.5120e+06   5.5133e+06  17193   2005     0   1699   1434      1      1   1.029   0.225   0.054   1.668    44.050
   32   5.5133e+06   5.5121e+06   5.5133e+06  17510   2006     0   1683   1366      1      0   1.052   0.224   0.052   1.677    45.727
   33   5.5132e+06   5.5122e+06   5.5132e+06  17876   2006     0   1658   1292      0      0   1.140   0.220   0.054   1.759    47.486
   34   5.5132e+06   5.5123e+06   5.5132e+06  18483   2006     0   1644   1037      1      1   1.096   0.219   0.054   1.736    49.222
   35   5.5132e+06   5.5123e+06   5.5132e+06  18634   2007     0   1610   1459      1      0   1.180   0.216   0.056   1.818    51.040
   36   5.5132e+06   5.5123e+06   5.5132e+06  18951   2006     0   1561   1244      0      1   1.220   0.218   0.057   1.855    52.895
   37   5.5132e+06   5.5123e+06   5.5132e+06  19454   2005     0   1507   1004      0      1   1.232   0.223   0.057   1.887    54.782
   38   5.5132e+06   5.5123e+06   5.5132e+06  19962   2003     0   1487    979      0      2   1.239   0.220   0.059   1.898    56.680
   39   5.5132e+06   5.5123e+06   5.5132e+06  20788   2005     0   1441    615      2      0   1.247   0.221   0.064   1.925    58.605
   40   5.5132e+06   5.5123e+06   5.5132e+06  21578   2005     0   1365    575      1      1   1.337   0.220   0.063   2.016    60.621
   41   5.5132e+06   5.5124e+06   5.5132e+06  22427   2005     0   1309    460      0      0   1.390   0.217   0.065   2.052    62.672
   42   5.5132e+06   5.5124e+06   5.5132e+06  23134   2006     0   1000    293      1      0   1.425   0.218   0.068   2.066    64.739
   43   5.5132e+06   5.5124e+06   5.5132e+06  23836   2005     0    963    261      0      1   1.440   0.228   0.072   2.112    66.850
   44   5.5132e+06   5.5124e+06   5.5132e+06  24330   2004     0    745    251      0      1   1.498   0.228   0.073   2.142    68.992
   45   5.5132e+06   5.5124e+06   5.5132e+06  24686   2004     0    588    232      0      0   1.500   0.223   0.074   2.103    71.095
   46   5.5132e+06   5.5124e+06   5.5132e+06  24051   2003     0    400   1035      1      2   1.494   0.219   0.073   2.101    73.196
   47   5.5132e+06   5.5124e+06   5.5132e+06  24206   2003     0    210     55      0      0   1.544   0.224   0.071   2.080    75.277
   48   5.5132e+06   5.5124e+06   5.5132e+06  24203   2003     0     23     26      0      0   1.529   0.225   0.071   2.048    77.324
   49   5.5132e+06   5.5124e+06   5.5132e+06  24203   2004     0      0      0      1      0   1.524   0.450   0.066   2.040    79.364
   50   5.5132e+06   5.5124e+06   5.5132e+06  23988   2003     0      1    216      0      1   2.712   0.228   0.011   3.192    82.556
   51   5.5132e+06   5.5124e+06   5.5132e+06  23988   2003     0      0      0      0      0   1.507   0.457   0.065   2.029    84.585
CG optimal after 51 iterations. UB=5513156.233163 LB=5512373.526136 gap=7.827e+02 tol=5.513e+02  t_LP=54.282  t_PR=13.405  t_SP=2.406  t_Tot=85.121
[pricing-cutoff] enabled=0 cut=0 priced=102718 rate=0.0%

# === STDOUT (result CSV) ===
Setting parameter 'LpMethod' to 2
Setting parameter 'GPUMode' to 2
Setting parameter 'Presolve' to 0
Setting parameter 'Crossover' to 0
instance,formulation,iterations,columns,objective,lower_bound,optimal,time,time_lp,time_pricing,time_separation
data/transportation/ChicagoRegional_net.tntp.gz,tree,51,22217,5513156.233163,5512373.526136,1,85.654,54.282,13.405,2.406
