# cmd: /usr/bin/time -o /tmp/mcfcg_mem_p_76phyt.txt -f %M build/mcfcg_cli data/transportation/Barcelona_net.tntp.gz --solver copt --copt-gpu-mode 2 --formulation tree --max-iters 10000 --time-limit 1800.0
# outcome: ok
# returncode: 0
# peak_rss_kb: 508080
# peak_rss_source: measured
# === STDERR (CG iteration log + preamble) ===
TNTP: net=data/transportation/Barcelona_net.tntp.gz trips=data/transportation/Barcelona_trips.tntp.gz coef=5050.0
Instance: 1020 vertices, 2522 arcs, 7922 commodities, 97 sources
Solver: copt (gpu-mode 2), formulation: tree
Pricing threads: 32 (auto)
Slack mode: CommodityRows (struct=97, capped_arcs=2522)
[lp-config] backend=copt version=8.0.1 method=barrier exec=GPU presolve=off crossover=off tol=0.0001 threads=n/a(GPU)
   It           UB           LB       LP_obj   #col   #row  #slk   +col   -col   +cut   -cut    t_LP    t_PR    t_SP   t_Tot     t_acc
    1          inf   2.3750e+02   2.3756e+02    194    227     0      0      0    130      0   0.327   0.002   0.000   0.329     0.329
    2          inf   2.3750e+02   1.4151e+03    290    227    26     96      0      0      0   0.174   0.001   0.000   0.176     0.505
    3          inf   2.3750e+02   3.8452e+03    385    230    37     95      0      3      0   0.173   0.001   0.000   0.175     0.680
    4          inf   2.3750e+02   8.5308e+03    480    235    40     95      0      5      0   0.178   0.001   0.000   0.180     0.860
    5          inf   2.3750e+02   2.7493e+03    576    273    11     96      0     38      0   0.190   0.001   0.000   0.192     1.052
    6          inf   2.3750e+02   7.7570e+03    671    278    11     95      0      5      0   0.191   0.001   0.000   0.193     1.245
    7          inf   2.3750e+02   3.7874e+03    758    213     4     94      7      7     72   0.207   0.001   0.000   0.210     1.455
    8          inf   2.3750e+02   2.4832e+02    811    226     0     95     42     14      1   0.194   0.001   0.000   0.197     1.652
    9          inf   2.3854e+02   2.4684e+02    857    229     0     94     48      3      0   0.188   0.001   0.000   0.191     1.844
   10          inf   2.4061e+02   2.4619e+02    906    230     0     88     39      7      6   0.191   0.001   0.000   0.194     2.037
   11          inf   2.4156e+02   2.4525e+02    909    215     0     86     83      5     20   0.191   0.001   0.000   0.194     2.232
   12          inf   2.4156e+02   2.4472e+02    899    214     0     78     88      2      3   0.191   0.001   0.000   0.194     2.425
   13          inf   2.4210e+02   2.4443e+02    867    204     0     83    115      1     11   0.196   0.001   0.000   0.200     2.625
   14          inf   2.4267e+02   2.4422e+02    822    193     0     72    117      2     13   0.183   0.001   0.000   0.185     2.810
   15          inf   2.4275e+02   2.4405e+02    812    192     0     78     88      3      4   0.186   0.001   0.000   0.189     3.000
   16          inf   2.4297e+02   2.4393e+02    801    186     0     70     81      3      9   0.188   0.001   0.000   0.191     3.191
   17   2.4382e+02   2.4297e+02   2.4382e+02    783    183     0     64     82      0      3   0.187   0.001   0.000   0.190     3.381
   18   2.4382e+02   2.4297e+02   2.4375e+02    759    179     0     63     87      1      5   0.184   0.001   0.000   0.187     3.567
   19   2.4382e+02   2.4297e+02   2.4366e+02    732    180     0     56     83      2      1   0.188   0.001   0.000   0.191     3.758
   20   2.4382e+02   2.4317e+02   2.4363e+02    727    180     0     61     66      1      1   0.189   0.001   0.000   0.191     3.950
   21   2.4382e+02   2.4332e+02   2.4362e+02    689    180     0     40     78      3      3   0.188   0.001   0.000   0.191     4.140
   22   2.4382e+02   2.4332e+02   2.4358e+02    678    180     0     47     58      1      1   0.186   0.001   0.000   0.188     4.329
   23   2.4382e+02   2.4332e+02   2.4357e+02    647    183     0     41     72      4      1   0.188   0.001   0.000   0.190     4.519
   24   2.4355e+02   2.4333e+02   2.4355e+02    608    178     0     37     76      0      5   0.187   0.001   0.000   0.190     4.709
   25   2.4354e+02   2.4333e+02   2.4354e+02    580    178     0     28     56      0      0   0.192   0.001   0.000   0.194     4.903
   26   2.4353e+02   2.4338e+02   2.4353e+02    545    177     0     18     53      0      1   0.193   0.001   0.001   0.195     5.099
   27   2.4353e+02   2.4340e+02   2.4353e+02    517    179     0     17     45      2      0   0.189   0.001   0.000   0.191     5.290
   28   2.4352e+02   2.4341e+02   2.4352e+02    483    178     0     12     46      0      1   0.188   0.001   0.000   0.191     5.480
   29   2.4352e+02   2.4341e+02   2.4352e+02    450    177     0     12     45      0      1   0.183   0.001   0.000   0.186     5.666
   30   2.4352e+02   2.4344e+02   2.4352e+02    416    175     0      2     36      0      2   0.192   0.001   0.000   0.194     5.860
   31   2.4352e+02   2.4344e+02   2.4352e+02    384    175     0      2     34      0      0   0.188   0.001   0.000   0.190     6.050
   32   2.4352e+02   2.4344e+02   2.4352e+02    362    175     0      1     23      0      0   0.198   0.001   0.000   0.200     6.250
   33   2.4352e+02   2.4344e+02   2.4352e+02    340    175     0      1     23      0      0   0.187   0.001   0.000   0.189     6.439
   34   2.4352e+02   2.4344e+02   2.4352e+02    323    175     0      5     22      0      0   0.186   0.001   0.000   0.188     6.627
   35   2.4352e+02   2.4344e+02   2.4352e+02    308    173     0      3     18      0      2   0.183   0.001   0.000   0.185     6.812
   36   2.4352e+02   2.4344e+02   2.4352e+02    308    173     0      0      0      0      0   0.183   0.002   0.000   0.186     6.998
CG optimal after 36 iterations. UB=243.518401 LB=243.435421 gap=8.298e-02 tol=2.435e-02  t_LP=6.907  t_PR=0.045  t_SP=0.012  t_Tot=7.002
[pricing-cutoff] enabled=0 cut=0 priced=3783 rate=0.0%

# === STDOUT (result CSV) ===
Setting parameter 'LpMethod' to 2
Setting parameter 'GPUMode' to 2
Setting parameter 'Presolve' to 0
Setting parameter 'Crossover' to 0
instance,formulation,iterations,columns,objective,lower_bound,optimal,time,time_lp,time_pricing,time_separation
data/transportation/Barcelona_net.tntp.gz,tree,36,211,243.518401,243.435421,1,7.023,6.907,0.045,0.012
