# cmd: /usr/bin/time -o /tmp/mcfcg_mem__pvdxej7.txt -f %M build/mcfcg_cli data/commalab/grid/grid11 --solver copt --copt-gpu-mode 2 --formulation path --max-iters 10000 --time-limit 1800.0
# outcome: ok
# returncode: 0
# peak_rss_kb: 525040
# peak_rss_source: measured
# === STDERR (CG iteration log + preamble) ===
Instance: 625 vertices, 2400 arcs, 4000 commodities, 625 sources
Solver: copt (gpu-mode 2), formulation: path
Pricing threads: 32 (auto)
Slack mode: EdgeRows (struct=4000, capped_arcs=2400)
[lp-config] backend=copt version=8.0.1 method=barrier exec=GPU presolve=off crossover=off tol=0.0001 threads=n/a(GPU)
   It           UB           LB       LP_obj   #col   #row  #slk   +col   -col   +cut   -cut    t_LP    t_PR    t_SP   t_Tot     t_acc
    1          inf   3.2684e+08   3.2684e+08   4241   4241     0      0      0    241      0   0.250   0.006   0.001   0.257     0.257
    2          inf   3.2684e+08   3.9001e+08   7583   4241   241   3342      0      0      0   0.090   0.003   0.000   0.094     0.351
    3          inf   3.2704e+08   3.3040e+08   9985   4365     0   2278      0    124      0   0.117   0.002   0.001   0.122     0.472
    4          inf   3.2704e+08   3.3108e+08  12798   4383     7   2795      0     18      0   0.211   0.003   0.001   0.216     0.689
    5          inf   3.2825e+08   3.2984e+08  15087   4403     0   2269      0     20      0   0.235   0.003   0.001   0.240     0.929
    6          inf   3.2870e+08   3.2952e+08  17060   4421     0   1955      0     18      0   0.244   0.003   0.001   0.249     1.178
    7          inf   3.2899e+08   3.2939e+08  18621   4430     0   1552      0      9      0   0.295   0.003   0.002   0.300     1.478
    8          inf   3.2916e+08   3.2931e+08  18028   4361     0   1105   1629      4     73   0.299   0.003   0.002   0.311     1.789
    9          inf   3.2921e+08   3.2927e+08  17037   4318     0    747   1695      7     50   0.243   0.003   0.002   0.254     2.043
   10          inf   3.2924e+08   3.2926e+08  14522   4308     0    499   3004      4     14   0.217   0.003   0.001   0.227     2.270
   11          inf   3.2925e+08   3.2926e+08  12661   4298     0    360   2211      3     13   0.202   0.002   0.001   0.210     2.480
   12          inf   3.2926e+08   3.2926e+08  11187   4292     0    149   1617      1      7   0.196   0.002   0.001   0.204     2.684
   13          inf   3.2926e+08   3.2926e+08  10116   4283     0     60   1122      2     11   0.183   0.003   0.001   0.191     2.875
   14          inf   3.2926e+08   3.2926e+08   9493   4274     0      4    618      1     10   0.190   0.002   0.001   0.196     3.071
   15          inf   3.2926e+08   3.2926e+08   9494   4275     0      0      0      1      0   0.180   0.005   0.001   0.187     3.258
   16   3.2926e+08   3.2926e+08   3.2926e+08   9494   4275     0     *0      0      0      0   0.237   0.006   0.000   0.243     3.501
CG optimal after 16 iterations. UB=329258288.241195 LB=329257909.729995 gap=3.785e+02 tol=3.293e+04  t_LP=3.388  t_PR=0.056  t_SP=0.017  t_Tot=3.508
[bounded-pricing] enabled=0 fired=0 priced=12500 rate=0.0%

# === STDOUT (result CSV) ===
Setting parameter 'LpMethod' to 2
Setting parameter 'GPUMode' to 2
Setting parameter 'Presolve' to 0
Setting parameter 'Crossover' to 0
instance,formulation,iterations,columns,objective,lower_bound,optimal,time,time_lp,time_pricing,time_separation
data/commalab/grid/grid11,path,16,9219,329258288.241195,329257909.729995,1,3.527,3.388,0.056,0.017
