# cmd: /usr/bin/time -o /tmp/mcfcg_mem_89br_pnw.txt -f %M build/mcfcg_cli data/commalab/grid/grid9 --solver copt --copt-gpu-mode 2 --formulation tree --max-iters 10000 --time-limit 1800.0
# outcome: ok
# returncode: 0
# peak_rss_kb: 523236
# peak_rss_source: measured
# === STDERR (CG iteration log + preamble) ===
Instance: 625 vertices, 2400 arcs, 1000 commodities, 495 sources
Solver: copt (gpu-mode 2), formulation: tree
Pricing threads: 32 (auto)
Slack mode: CommodityRows (struct=495, capped_arcs=2400)
[lp-config] backend=copt version=8.0.1 method=barrier exec=GPU presolve=off crossover=off tol=0.0001 threads=n/a(GPU)
   It           UB           LB       LP_obj   #col   #row  #slk   +col   -col   +cut   -cut    t_LP    t_PR    t_SP   t_Tot     t_acc
    1          inf   8.1702e+07   4.9500e+04    990    495   495      0      0      0      0   0.355   0.003   0.000   0.358     0.358
    2          inf   8.1702e+07   4.9500e+05    990    495   495      0      0      0      0   0.161   0.003   0.000   0.164     0.522
    3          inf   8.1702e+07   4.9481e+06    990    495   493      0      0      0      0   0.154   0.003   0.000   0.157     0.679
    4          inf   8.1702e+07   4.1744e+07    990    495   314      0      0      0      0   0.152   0.003   0.000   0.155     0.834
    5          inf   8.1702e+07   8.1702e+07    990    822     0      0      0    327      0   0.157   0.003   0.000   0.160     0.994
    6          inf   8.1702e+07   1.7605e+08   1392    822   253    402      0      0      0   0.204   0.001   0.000   0.206     1.200
    7          inf   8.1702e+07   5.2113e+08   1810    826   224    418      0      4      0   0.224   0.001   0.000   0.226     1.426
    8          inf   8.1702e+07   6.8576e+08   2243    881   143    433      0     55      0   0.229   0.002   0.000   0.232     1.658
    9          inf   8.1702e+07   6.2611e+08   2683    918   109    440      0     37      0   0.247   0.002   0.000   0.250     1.908
   10          inf   8.1702e+07   1.4245e+08   3114    984    26    431      0     66      0   0.282   0.001   0.000   0.285     2.193
   11          inf   8.1702e+07   8.2942e+07   3457    921     0    430     87     24     87   0.337   0.001   0.000   0.340     2.533
   12          inf   8.2258e+07   8.2834e+07   3713    950     0    403    147     29      0   0.296   0.001   0.000   0.299     2.832
   13          inf   8.2328e+07   8.2789e+07   3959    955     0    389    143      9      4   0.304   0.001   0.000   0.308     3.140
   14          inf   8.2452e+07   8.2747e+07   4130    960     0    378    207     15     10   0.299   0.002   0.000   0.303     3.444
   15          inf   8.2518e+07   8.2718e+07   4188    968     0    350    292     17      9   0.315   0.002   0.000   0.319     3.763
   16          inf   8.2549e+07   8.2698e+07   4019    950     0    342    511      8     26   0.321   0.002   0.000   0.325     4.088
   17          inf   8.2581e+07   8.2683e+07   3872    948     0    315    462      9     11   0.300   0.002   0.000   0.304     4.391
   18          inf   8.2601e+07   8.2671e+07   3790    946     0    281    363      9     11   0.309   0.002   0.000   0.313     4.704
   19          inf   8.2615e+07   8.2662e+07   3657    941     0    255    388      3      8   0.314   0.002   0.000   0.318     5.022
   20          inf   8.2627e+07   8.2658e+07   3582    941     0    257    332      5      5   0.296   0.002   0.000   0.300     5.322
   21          inf   8.2642e+07   8.2656e+07   3452    944     0    203    333     10      7   0.305   0.001   0.000   0.309     5.631
   22          inf   8.2643e+07   8.2654e+07   3365    941     0    216    303      2      5   0.313   0.002   0.000   0.317     5.948
   23          inf   8.2648e+07   8.2654e+07   3243    937     0    157    279      3      7   0.320   0.002   0.000   0.324     6.272
   24          inf   8.2651e+07   8.2653e+07   3142    934     0    133    234      2      5   0.336   0.002   0.000   0.340     6.612
   25   8.2653e+07   8.2652e+07   8.2653e+07   3142    934     0   *106      0      0      0   0.319   0.002   0.000   0.321     6.933
CG optimal after 25 iterations. UB=82653032.647223 LB=82652385.021681 gap=6.476e+02 tol=8.265e+03  t_LP=6.849  t_PR=0.052  t_SP=0.009  t_Tot=6.940
[bounded-pricing] enabled=0 cut=0 priced=15345 rate=0.0%

# === STDOUT (result CSV) ===
Setting parameter 'LpMethod' to 2
Setting parameter 'GPUMode' to 2
Setting parameter 'Presolve' to 0
Setting parameter 'Crossover' to 0
instance,formulation,iterations,columns,objective,lower_bound,optimal,time,time_lp,time_pricing,time_separation
data/commalab/grid/grid9,tree,25,2647,82653032.647223,82652385.021681,1,6.962,6.849,0.052,0.009
