# cmd: /usr/bin/time -o /tmp/mcfcg_mem_72ui2be3.txt -f %M build/mcfcg_cli data/commalab/grid/grid14 --solver copt --copt-gpu-mode 2 --formulation tree --max-iters 10000 --time-limit 1800.0
# outcome: ok
# returncode: 0
# peak_rss_kb: 594824
# peak_rss_source: measured
# === STDERR (CG iteration log + preamble) ===
Instance: 1225 vertices, 4760 arcs, 16000 commodities, 1225 sources
Solver: copt (gpu-mode 2), formulation: tree
Pricing threads: 32 (auto)
Slack mode: CommodityRows (struct=1225, capped_arcs=4760)
[lp-config] backend=copt version=8.0.1 method=barrier exec=GPU presolve=off crossover=off tol=0.0001 threads=n/a(GPU)
   It           UB           LB       LP_obj   #col   #row  #slk   +col   -col   +cut   -cut    t_LP    t_PR    t_SP   t_Tot     t_acc
    1          inf   1.7977e+09   1.2250e+05   2450   1225  1225      0      0      0      0   0.254   0.024   0.001   0.278     0.278
    2          inf   1.7977e+09   1.2250e+06   2450   1225  1225      0      0      0      0   0.033   0.022   0.001   0.056     0.335
    3          inf   1.7977e+09   1.2250e+07   2450   1225  1225      0      0      0      0   0.031   0.022   0.001   0.053     0.387
    4          inf   1.7977e+09   1.2250e+08   2450   1225  1225      0      0      0      0   0.029   0.022   0.001   0.051     0.439
    5          inf   1.7977e+09   1.1712e+09   2450   1225   967      0      0      0      0   0.034   0.020   0.001   0.054     0.493
    6          inf   1.7977e+09   1.7977e+09   2450   1442     0      0      0    217      0   0.039   0.021   0.001   0.061     0.554
    7          inf   1.7977e+09   4.6145e+09   3670   1442   606   1220      0      0      0   0.149   0.012   0.001   0.166     0.720
    8          inf   1.7977e+09   5.6097e+09   4892   1442   449   1222      0      0      0   0.192   0.012   0.001   0.209     0.929
    9          inf   1.7977e+09   6.4545e+09   6116   1456   315   1224      0     14      0   0.216   0.013   0.001   0.236     1.165
   10          inf   1.7977e+09   3.7732e+09   7341   1476    83   1225      0     20      0   0.228   0.011   0.001   0.246     1.412
   11          inf   1.7977e+09   1.8059e+09   8564   1498     0   1223      0     22      0   0.348   0.012   0.004   0.370     1.782
   12          inf   1.7997e+09   1.8047e+09   9585   1410     0   1224    203     10     98   0.377   0.011   0.002   0.404     2.186
   13          inf   1.8012e+09   1.8040e+09  10258   1423     0   1221    548     13      0   0.283   0.012   0.002   0.307     2.493
   14          inf   1.8014e+09   1.8035e+09  10823   1425     0   1216    651      5      3   0.278   0.010   0.002   0.304     2.797
   15          inf   1.8020e+09   1.8032e+09  11110   1426     0   1205    918      7      6   0.295   0.011   0.003   0.323     3.119
   16          inf   1.8022e+09   1.8030e+09  10793   1422     0   1190   1507      1      5   0.309   0.011   0.003   0.337     3.457
   17          inf   1.8023e+09   1.8029e+09  10415   1414     0   1169   1547      3     11   0.275   0.011   0.003   0.302     3.759
   18          inf   1.8025e+09   1.8028e+09  10242   1409     0   1138   1311      2      7   0.250   0.011   0.003   0.278     4.037
   19          inf   1.8025e+09   1.8027e+09  10164   1402     0   1089   1167      1      8   0.290   0.011   0.002   0.316     4.354
   20          inf   1.8026e+09   1.8027e+09  10050   1401     0   1072   1186      4      5   0.276   0.011   0.002   0.303     4.657
   21          inf   1.8026e+09   1.8027e+09   9767   1402     0    921   1204      5      4   0.283   0.011   0.003   0.309     4.966
   22          inf   1.8027e+09   1.8027e+09   9604   1403     0    925   1088      3      2   0.315   0.011   0.003   0.342     5.308
   23          inf   1.8027e+09   1.8027e+09   9278   1399     0    626    952      1      5   0.303   0.012   0.002   0.329     5.637
   24   1.8027e+09   1.8027e+09   1.8027e+09   9278   1399     0    *71      0      0      0   0.258   0.011   0.002   0.272     5.909
CG optimal after 24 iterations. UB=1802672984.043103 LB=1802670880.345017 gap=2.104e+03 tol=1.803e+05  t_LP=5.342  t_PR=0.351  t_SP=0.045  t_Tot=5.925
[bounded-pricing] enabled=0 fired=0 priced=37975 rate=0.0%

# === STDOUT (result CSV) ===
Setting parameter 'LpMethod' to 2
Setting parameter 'GPUMode' to 2
Setting parameter 'Presolve' to 0
Setting parameter 'Crossover' to 0
instance,formulation,iterations,columns,objective,lower_bound,optimal,time,time_lp,time_pricing,time_separation
data/commalab/grid/grid14,tree,24,8053,1802672984.043103,1802670880.345017,1,5.951,5.342,0.351,0.045
