# cmd: /usr/bin/time -o /tmp/mcfcg_mem_c0qpqlq_.txt -f %M build/mcfcg_cli data/commalab/grid/grid8 --solver copt --copt-gpu-mode 2 --formulation path --max-iters 10000 --time-limit 1800.0
# outcome: ok
# returncode: 0
# peak_rss_kb: 485380
# peak_rss_source: measured
# === STDERR (CG iteration log + preamble) ===
Instance: 625 vertices, 2400 arcs, 500 commodities, 343 sources
Solver: copt (gpu-mode 2), formulation: path
Pricing threads: 32 (auto)
Slack mode: CommodityRows (struct=500, capped_arcs=2400)
[lp-config] backend=copt version=8.0.1 method=barrier exec=GPU presolve=off crossover=off tol=0.0001 threads=n/a(GPU)
   It           UB           LB       LP_obj   #col   #row  #slk   +col   -col   +cut   -cut    t_LP    t_PR    t_SP   t_Tot     t_acc
    1          inf   4.1328e+07   2.7778e+06   1000    500   499      0      0      0      0   0.239   0.002   0.000   0.241     0.241
    2          inf   4.1328e+07   2.5136e+07   1000    500   349      0      0      0      0   0.022   0.002   0.000   0.025     0.266
    3          inf   4.1328e+07   4.1328e+07   1000    776     0      0      0    276      0   0.020   0.002   0.000   0.023     0.289
    4          inf   4.1328e+07   1.0076e+08   1369    776   208    369      0      0      0   0.072   0.001   0.000   0.074     0.362
    5          inf   4.1328e+07   2.3437e+08   1721    799   176    352      0     23      0   0.071   0.001   0.000   0.073     0.435
    6          inf   4.1328e+07   1.6668e+08   2092    847    92    371      0     48      0   0.082   0.001   0.000   0.084     0.518
    7          inf   4.1328e+07   5.5419e+07   2460    908    23    368      0     61      0   0.122   0.001   0.000   0.124     0.643
    8          inf   4.1384e+07   4.1799e+07   2791    932     0    331      0     24      0   0.148   0.001   0.000   0.150     0.792
    9          inf   4.1620e+07   4.1763e+07   3016    858     0    268     43      9     83   0.144   0.001   0.000   0.146     0.939
   10          inf   4.1640e+07   4.1740e+07   3160    875     0    249    105     17      0   0.126   0.001   0.000   0.128     1.067
   11          inf   4.1662e+07   4.1728e+07   3259    880     0    210    111      9      4   0.128   0.001   0.000   0.130     1.197
   12          inf   4.1678e+07   4.1720e+07   3203    872     0    190    246      1      9   0.142   0.001   0.000   0.145     1.341
   13          inf   4.1696e+07   4.1715e+07   2954    851     0    149    398      3     24   0.136   0.001   0.000   0.139     1.480
   14          inf   4.1702e+07   4.1712e+07   2742    842     0    115    327      5     14   0.127   0.001   0.000   0.130     1.610
   15          inf   4.1708e+07   4.1711e+07   2568    834     0     57    231      1      9   0.125   0.001   0.000   0.127     1.737
   16          inf   4.1710e+07   4.1711e+07   2385    821     0     35    218      2     15   0.123   0.001   0.000   0.126     1.862
   17          inf   4.1711e+07   4.1711e+07   2228    818     0     26    183      2      5   0.118   0.001   0.000   0.120     1.983
   18   4.1711e+07   4.1711e+07   4.1711e+07   2228    818     0     *8      0      0      0   0.119   0.001   0.000   0.120     2.103
CG optimal after 18 iterations. UB=41711154.142613 LB=41711020.851763 gap=1.333e+02 tol=4.171e+03  t_LP=2.064  t_PR=0.026  t_SP=0.005  t_Tot=2.107
[bounded-pricing] enabled=0 fired=0 priced=7546 rate=0.0%

# === STDOUT (result CSV) ===
Setting parameter 'LpMethod' to 2
Setting parameter 'GPUMode' to 2
Setting parameter 'Presolve' to 0
Setting parameter 'Crossover' to 0
instance,formulation,iterations,columns,objective,lower_bound,optimal,time,time_lp,time_pricing,time_separation
data/commalab/grid/grid8,path,18,1728,41711154.142613,41711020.851763,1,2.120,2.064,0.026,0.005
