# cmd: /usr/bin/time -o /tmp/mcfcg_mem_3339oxfw.txt -f %M build/mcfcg_cli data/commalab/grid/grid10 --solver copt --copt-gpu-mode 2 --formulation path --max-iters 10000 --time-limit 1800.0
# outcome: ok
# returncode: 0
# peak_rss_kb: 503812
# peak_rss_source: measured
# === STDERR (CG iteration log + preamble) ===
Instance: 625 vertices, 2400 arcs, 2000 commodities, 593 sources
Solver: copt (gpu-mode 2), formulation: path
Pricing threads: 32 (auto)
Slack mode: CommodityRows (struct=2000, capped_arcs=2400)
[lp-config] backend=copt version=8.0.1 method=barrier exec=GPU presolve=off crossover=off tol=0.0001 threads=n/a(GPU)
   It           UB           LB       LP_obj   #col   #row  #slk   +col   -col   +cut   -cut    t_LP    t_PR    t_SP   t_Tot     t_acc
    1          inf   1.6221e+08   1.1189e+07   4000   2000  1987      0      0      0      0   0.245   0.004   0.000   0.249     0.249
    2          inf   1.6221e+08   9.9736e+07   4000   2000  1410      0      0      0      0   0.030   0.004   0.000   0.034     0.283
    3          inf   1.6221e+08   1.6221e+08   4000   2320     0      0      0    320      0   0.025   0.004   0.000   0.030     0.313
    4          inf   1.6221e+08   3.9375e+08   5453   2320   742   1453      0      0      0   0.096   0.002   0.000   0.100     0.413
    5          inf   1.6221e+08   8.1998e+08   6926   2339   606   1473      0     19      0   0.157   0.002   0.000   0.161     0.574
    6          inf   1.6221e+08   6.3927e+08   8440   2406   340   1514      0     67      0   0.143   0.002   0.000   0.147     0.721
    7          inf   1.6221e+08   2.6916e+08   9965   2458   163   1525      0     52      0   0.179   0.002   0.000   0.183     0.903
    8          inf   1.6292e+08   1.6450e+08  11325   2499     0   1360      0     41      0   0.277   0.002   0.000   0.281     1.184
    9          inf   1.6375e+08   1.6432e+08  12244   2451     0   1144    225     24     72   0.301   0.002   0.000   0.307     1.491
   10          inf   1.6390e+08   1.6422e+08  12750   2471     0   1001    495     20      0   0.256   0.002   0.000   0.261     1.751
   11          inf   1.6399e+08   1.6416e+08  12882   2479     0    901    769     13      5   0.255   0.002   0.000   0.261     2.012
   12          inf   1.6405e+08   1.6414e+08  12468   2475     0    695   1109      6     10   0.276   0.002   0.000   0.282     2.294
   13          inf   1.6407e+08   1.6412e+08  11324   2461     0    537   1681      8     22   0.268   0.002   0.000   0.274     2.568
   14          inf   1.6409e+08   1.6411e+08  10234   2449     0    422   1512      3     15   0.244   0.002   0.000   0.249     2.818
   15          inf   1.6410e+08   1.6411e+08   9541   2443     0    291    984      5     11   0.262   0.002   0.000   0.267     3.085
   16          inf   1.6411e+08   1.6411e+08   8816   2435     0     99    824      4     12   0.237   0.002   0.000   0.242     3.327
   17          inf   1.6411e+08   1.6411e+08   8230   2431     0     34    620      2      6   0.251   0.002   0.000   0.256     3.583
   18          inf   1.6411e+08   1.6411e+08   8230   2432     0      0      0      1      0   0.217   0.004   0.000   0.221     3.804
   19   1.6411e+08   1.6411e+08   1.6411e+08   8230   2432     0     *0      0      0      0   0.303   0.005   0.000   0.308     4.112
CG optimal after 19 iterations. UB=164110896.961477 LB=164110709.050977 gap=1.879e+02 tol=1.641e+04  t_LP=4.022  t_PR=0.056  t_SP=0.006  t_Tot=4.120
[bounded-pricing] enabled=0 fired=0 priced=14825 rate=0.0%

# === STDOUT (result CSV) ===
Setting parameter 'LpMethod' to 2
Setting parameter 'GPUMode' to 2
Setting parameter 'Presolve' to 0
Setting parameter 'Crossover' to 0
instance,formulation,iterations,columns,objective,lower_bound,optimal,time,time_lp,time_pricing,time_separation
data/commalab/grid/grid10,path,19,6230,164110896.961477,164110709.050977,1,4.137,4.022,0.056,0.006
