# cmd: /usr/bin/time -o /tmp/mcfcg_mem_f4ac7bmq.txt -f %M build/mcfcg_cli data/commalab/grid/grid10 --solver copt --copt-gpu-mode 2 --formulation tree --max-iters 10000 --time-limit 1800.0
# outcome: ok
# returncode: 0
# peak_rss_kb: 510052
# peak_rss_source: measured
# === STDERR (CG iteration log + preamble) ===
Instance: 625 vertices, 2400 arcs, 2000 commodities, 593 sources
Solver: copt (gpu-mode 2), formulation: tree
Pricing threads: 32 (auto)
Slack mode: CommodityRows (struct=593, capped_arcs=2400)
[lp-config] backend=copt version=8.0.1 method=barrier exec=GPU presolve=off crossover=off tol=0.0001 threads=n/a(GPU)
   It           UB           LB       LP_obj   #col   #row  #slk   +col   -col   +cut   -cut    t_LP    t_PR    t_SP   t_Tot     t_acc
    1          inf   1.6221e+08   5.9300e+04   1186    593   593      0      0      0      0   0.248   0.005   0.000   0.253     0.253
    2          inf   1.6221e+08   5.9300e+05   1186    593   593      0      0      0      0   0.029   0.005   0.000   0.034     0.287
    3          inf   1.6221e+08   5.9216e+06   1186    593   590      0      0      0      0   0.029   0.004   0.000   0.033     0.320
    4          inf   1.6221e+08   5.5288e+07   1186    593   495      0      0      0      0   0.029   0.004   0.000   0.033     0.354
    5          inf   1.6221e+08   1.6218e+08   1186    910     1      0      0    317      0   0.030   0.004   0.000   0.035     0.388
    6          inf   1.6221e+08   2.8039e+08   1706    910   271    520      0      0      0   0.086   0.002   0.000   0.089     0.478
    7          inf   1.6221e+08   7.6387e+08   2250    913   299    544      0      3      0   0.102   0.002   0.000   0.105     0.583
    8          inf   1.6221e+08   1.3705e+09   2798    924   201    548      0     11      0   0.097   0.002   0.000   0.100     0.683
    9          inf   1.6221e+08   1.3036e+09   3359    965   158    561      0     41      0   0.113   0.002   0.000   0.117     0.800
   10          inf   1.6221e+08   9.8212e+08   3923   1010   105    564      0     45      0   0.131   0.002   0.000   0.135     0.935
   11          inf   1.6221e+08   1.6511e+08   4393    986     0    557     87     60     84   0.237   0.002   0.000   0.242     1.177
   12          inf   1.6285e+08   1.6463e+08   4669   1017     0    539    263     33      2   0.174   0.002   0.001   0.179     1.356
   13          inf   1.6335e+08   1.6449e+08   4925   1033     0    532    276     17      1   0.177   0.002   0.001   0.182     1.538
   14          inf   1.6355e+08   1.6439e+08   5140   1046     0    524    309     13      0   0.200   0.002   0.000   0.205     1.743
   15          inf   1.6374e+08   1.6432e+08   5264   1050     0    510    386     13      9   0.213   0.002   0.001   0.220     1.963
   16          inf   1.6381e+08   1.6426e+08   5320   1051     0    506    450      9      8   0.219   0.002   0.001   0.225     2.188
   17          inf   1.6388e+08   1.6422e+08   5138   1037     0    493    675      5     19   0.235   0.002   0.000   0.240     2.429
   18          inf   1.6397e+08   1.6418e+08   5045   1029     0    475    568      8     16   0.211   0.002   0.000   0.217     2.646
   19          inf   1.6399e+08   1.6416e+08   4983   1026     0    472    534      8     11   0.209   0.002   0.001   0.215     2.861
   20          inf   1.6401e+08   1.6414e+08   4944   1028     0    459    498      6      4   0.189   0.002   0.001   0.196     3.056
   21          inf   1.6405e+08   1.6413e+08   4870   1023     0    426    500      3      8   0.187   0.002   0.001   0.193     3.249
   22          inf   1.6407e+08   1.6412e+08   4796   1025     0    396    470      6      4   0.208   0.002   0.001   0.214     3.463
   23          inf   1.6408e+08   1.6412e+08   4700   1024     0    393    489      3      4   0.209   0.002   0.001   0.214     3.677
   24          inf   1.6410e+08   1.6411e+08   4629   1022     0    372    443      2      4   0.207   0.002   0.001   0.213     3.890
   25          inf   1.6410e+08   1.6411e+08   4542   1017     0    321    408      2      7   0.214   0.002   0.000   0.220     4.110
   26          inf   1.6410e+08   1.6411e+08   4457   1017     0    301    386      3      3   0.208   0.002   0.001   0.214     4.323
   27          inf   1.6411e+08   1.6411e+08   4370   1016     0    307    394      1      2   0.223   0.002   0.001   0.229     4.552
   28   1.6411e+08   1.6411e+08   1.6411e+08   4370   1016     0   *164      0      0      0   0.221   0.002   0.001   0.223     4.776
CG optimal after 28 iterations. UB=164110910.681725 LB=164110383.107979 gap=5.276e+02 tol=1.641e+04  t_LP=4.635  t_PR=0.077  t_SP=0.012  t_Tot=4.783
[bounded-pricing] enabled=0 fired=0 priced=20162 rate=0.0%

# === STDOUT (result CSV) ===
Setting parameter 'LpMethod' to 2
Setting parameter 'GPUMode' to 2
Setting parameter 'Presolve' to 0
Setting parameter 'Crossover' to 0
instance,formulation,iterations,columns,objective,lower_bound,optimal,time,time_lp,time_pricing,time_separation
data/commalab/grid/grid10,tree,28,3777,164110910.681725,164110383.107979,1,4.798,4.635,0.077,0.012
