# cmd: /usr/bin/time -o /tmp/mcfcg_mem_0cvgoluu.txt -f %M build/mcfcg_cli data/commalab/grid/grid7 --solver copt --copt-gpu-mode 2 --formulation path --max-iters 10000 --time-limit 1800.0
# outcome: ok
# returncode: 0
# peak_rss_kb: 475980
# peak_rss_source: measured
# === STDERR (CG iteration log + preamble) ===
Instance: 400 vertices, 1520 arcs, 400 commodities, 247 sources
Solver: copt (gpu-mode 2), formulation: path
Pricing threads: 32 (auto)
Slack mode: CommodityRows (struct=400, capped_arcs=1520)
[lp-config] backend=copt version=8.0.1 method=barrier exec=GPU presolve=off crossover=off tol=0.0001 threads=n/a(GPU)
   It           UB           LB       LP_obj   #col   #row  #slk   +col   -col   +cut   -cut    t_LP    t_PR    t_SP   t_Tot     t_acc
    1          inf   2.5727e+07   2.2330e+06    800    400   394      0      0      0      0   0.237   0.001   0.000   0.238     0.238
    2          inf   2.5727e+07   1.8829e+07    800    400   239      0      0      0      0   0.022   0.001   0.000   0.024     0.262
    3          inf   2.5727e+07   2.5727e+07    800    523     0      0      0    123      0   0.021   0.001   0.000   0.022     0.284
    4          inf   2.5727e+07   5.9583e+07   1048    523   132    248      0      0      0   0.044   0.001   0.000   0.045     0.328
    5          inf   2.5727e+07   5.9781e+07   1284    531    70    236      0      8      0   0.057   0.001   0.000   0.058     0.386
    6          inf   2.5727e+07   2.5889e+07   1481    568     0    197      0     37      0   0.075   0.001   0.000   0.076     0.462
    7          inf   2.5727e+07   2.5893e+07   1690    585     0    209      0     17      0   0.086   0.001   0.000   0.087     0.549
    8          inf   2.5839e+07   2.5876e+07   1832    591     0    142      0      6      0   0.089   0.001   0.000   0.090     0.639
    9          inf   2.5853e+07   2.5867e+07   1904    558     0     91     19      3     36   0.081   0.001   0.001   0.083     0.722
   10          inf   2.5861e+07   2.5865e+07   1873    560     0     40     71      3      1   0.074   0.001   0.000   0.075     0.797
   11   2.5864e+07   2.5863e+07   2.5864e+07   1873    560     0    *28      0      0      0   0.080   0.001   0.000   0.081     0.878
CG optimal after 11 iterations. UB=25864202.982148 LB=25863065.645587 gap=1.137e+03 tol=2.586e+03  t_LP=0.864  t_PR=0.009  t_SP=0.003  t_Tot=0.880
[bounded-pricing] enabled=0 fired=0 priced=3705 rate=0.0%

# === STDOUT (result CSV) ===
Setting parameter 'LpMethod' to 2
Setting parameter 'GPUMode' to 2
Setting parameter 'Presolve' to 0
Setting parameter 'Crossover' to 0
instance,formulation,iterations,columns,objective,lower_bound,optimal,time,time_lp,time_pricing,time_separation
data/commalab/grid/grid7,path,11,1473,25864202.982148,25863065.645587,1,0.891,0.864,0.009,0.003
