# cmd: /usr/bin/time -o /tmp/mcfcg_mem_vzm15h28.txt -f %M build/mcfcg_cli data/commalab/grid/grid6 --solver copt --copt-gpu-mode 2 --formulation tree --max-iters 10000 --time-limit 1800.0
# outcome: ok
# returncode: 0
# peak_rss_kb: 474128
# peak_rss_source: measured
# === STDERR (CG iteration log + preamble) ===
Instance: 225 vertices, 840 arcs, 200 commodities, 135 sources
Solver: copt (gpu-mode 2), formulation: tree
Pricing threads: 32 (auto)
Slack mode: CommodityRows (struct=135, capped_arcs=840)
[lp-config] backend=copt version=8.0.1 method=barrier exec=GPU presolve=off crossover=off tol=0.0001 threads=n/a(GPU)
   It           UB           LB       LP_obj   #col   #row  #slk   +col   -col   +cut   -cut    t_LP    t_PR    t_SP   t_Tot     t_acc
    1          inf   1.0284e+07   1.3500e+04    270    135   135      0      0      0      0   0.237   0.000   0.000   0.237     0.237
    2          inf   1.0284e+07   1.3500e+05    270    135   135      0      0      0      0   0.025   0.000   0.000   0.026     0.263
    3          inf   1.0284e+07   1.3338e+06    270    135   130      0      0      0      0   0.024   0.000   0.000   0.025     0.287
    4          inf   1.0284e+07   8.2519e+06    270    158    35      0      0     23      0   0.026   0.000   0.000   0.027     0.314
    5          inf   1.0284e+07   1.6194e+07    352    202    62     82      0     44      0   0.028   0.000   0.000   0.028     0.342
    6          inf   1.0284e+07   4.6956e+07    451    213    60    100      1     11      0   0.035   0.000   0.000   0.036     0.378
    7          inf   1.0284e+07   5.7345e+07    550    227    31     99      0     14      0   0.042   0.000   0.000   0.042     0.420
    8          inf   1.0284e+07   1.4221e+07    640    248     6     90      0     21      0   0.047   0.000   0.000   0.048     0.468
    9          inf   1.0284e+07   1.2123e+07    728    253     1     88      0      5      0   0.067   0.000   0.000   0.068     0.536
   10          inf   1.0347e+07   1.0415e+07    793    263     0     76     11     10      0   0.066   0.000   0.000   0.066     0.602
   11          inf   1.0347e+07   1.0415e+07    851    261     0     73     15      3      5   0.070   0.000   0.000   0.071     0.673
   12          inf   1.0381e+07   1.0407e+07    876    265     0     59     34      5      1   0.053   0.000   0.000   0.054     0.727
   13          inf   1.0387e+07   1.0405e+07    881    268     0     49     44      5      2   0.059   0.000   0.000   0.060     0.787
   14          inf   1.0393e+07   1.0403e+07    862    265     0     52     71      2      5   0.062   0.000   0.000   0.062     0.849
   15          inf   1.0397e+07   1.0402e+07    822    265     0     37     77      2      2   0.062   0.000   0.000   0.062     0.911
   16   1.0402e+07   1.0399e+07   1.0402e+07    776    261     0     24     70      0      4   0.056   0.000   0.000   0.057     0.968
   17   1.0401e+07   1.0400e+07   1.0401e+07    718    257     0     20     78      0      4   0.056   0.000   0.000   0.057     1.025
   18   1.0401e+07   1.0401e+07   1.0401e+07    718    258     0    *13      0      1      0   0.057   0.000   0.000   0.058     1.082
CG optimal after 18 iterations. UB=10401192.948593 LB=10400706.325678 gap=4.866e+02 tol=1.040e+03  t_LP=1.072  t_PR=0.006  t_SP=0.002  t_Tot=1.084
[bounded-pricing] enabled=0 fired=0 priced=3105 rate=0.0%

# === STDOUT (result CSV) ===
Setting parameter 'LpMethod' to 2
Setting parameter 'GPUMode' to 2
Setting parameter 'Presolve' to 0
Setting parameter 'Crossover' to 0
instance,formulation,iterations,columns,objective,lower_bound,optimal,time,time_lp,time_pricing,time_separation
data/commalab/grid/grid6,tree,18,583,10401192.948593,10400706.325678,1,1.095,1.072,0.006,0.002
