# cmd: /usr/bin/time -o /tmp/mcfcg_mem_0ld3vzpf.txt -f %M build/mcfcg_cli data/commalab/grid/grid2 --solver copt --copt-gpu-mode 2 --formulation tree --max-iters 10000 --time-limit 1800.0
# outcome: ok
# returncode: 0
# peak_rss_kb: 470024
# peak_rss_source: measured
# === STDERR (CG iteration log + preamble) ===
Instance: 25 vertices, 80 arcs, 100 commodities, 25 sources
Solver: copt (gpu-mode 2), formulation: tree
Pricing threads: 32 (auto)
Slack mode: CommodityRows (struct=25, capped_arcs=80)
[lp-config] backend=copt version=8.0.1 method=barrier exec=GPU presolve=off crossover=off tol=0.0001 threads=n/a(GPU)
   It           UB           LB       LP_obj   #col   #row  #slk   +col   -col   +cut   -cut    t_LP    t_PR    t_SP   t_Tot     t_acc
    1          inf   1.6769e+06   2.5000e+03     50     25    25      0      0      0      0   0.241   0.000   0.000   0.241     0.241
    2          inf   1.6769e+06   2.5000e+04     50     25    25      0      0      0      0   0.024   0.000   0.000   0.024     0.265
    3          inf   1.6769e+06   2.4682e+05     50     25    24      0      0      0      0   0.021   0.000   0.000   0.022     0.287
    4          inf   1.6769e+06   1.5673e+06     50     32     6      0      0      7      0   0.024   0.000   0.000   0.025     0.311
    5          inf   1.6769e+06   3.0013e+06     66     35    12     16      0      3      0   0.023   0.000   0.000   0.023     0.334
    6          inf   1.6769e+06   4.0893e+06     89     39    10     23      0      4      0   0.023   0.000   0.000   0.023     0.357
    7          inf   1.6769e+06   9.2755e+06    110     42     6     21      0      3      0   0.030   0.000   0.000   0.030     0.388
    8          inf   1.6769e+06   1.7523e+06    130     51     1     20      0      9      0   0.034   0.000   0.000   0.034     0.422
    9          inf   1.6769e+06   1.7588e+06    152     54     0     22      0      3      0   0.034   0.000   0.000   0.034     0.456
   10          inf   1.6769e+06   1.7172e+06    167     56     0     17      2      2      0   0.034   0.000   0.000   0.034     0.490
   11          inf   1.7027e+06   1.7074e+06    179     56     0     14      2      1      1   0.037   0.000   0.000   0.037     0.527
   12   1.7061e+06   1.7041e+06   1.7061e+06    173     54     0      8     14      0      2   0.033   0.000   0.000   0.033     0.560
   13   1.7061e+06   1.7041e+06   1.7055e+06    175     55     0     10      8      2      1   0.035   0.000   0.000   0.035     0.595
   14   1.7054e+06   1.7054e+06   1.7054e+06    175     55     0     *0      0      0      0   0.034   0.000   0.000   0.034     0.629
CG optimal after 14 iterations. UB=1705375.000000 LB=1705373.105300 gap=1.895e+00 tol=1.705e+02  t_LP=0.626  t_PR=0.003  t_SP=0.000  t_Tot=0.630
[bounded-pricing] enabled=0 fired=0 priced=500 rate=0.0%

# === STDOUT (result CSV) ===
Setting parameter 'LpMethod' to 2
Setting parameter 'GPUMode' to 2
Setting parameter 'Presolve' to 0
Setting parameter 'Crossover' to 0
instance,formulation,iterations,columns,objective,lower_bound,optimal,time,time_lp,time_pricing,time_separation
data/commalab/grid/grid2,tree,14,150,1705375.000000,1705373.105300,1,0.640,0.626,0.003,0.000
