# cmd: /usr/bin/time -o /tmp/mcfcg_mem_eshxrszw.txt -f %M build/mcfcg_cli data/commalab/grid/grid11 --solver copt --copt-gpu-mode 2 --formulation tree --max-iters 10000 --time-limit 1800.0
# outcome: ok
# returncode: 0
# peak_rss_kb: 504944
# peak_rss_source: measured
# === STDERR (CG iteration log + preamble) ===
Instance: 625 vertices, 2400 arcs, 4000 commodities, 625 sources
Solver: copt (gpu-mode 2), formulation: tree
Pricing threads: 32 (auto)
Slack mode: CommodityRows (struct=625, capped_arcs=2400)
[lp-config] backend=copt version=8.0.1 method=barrier exec=GPU presolve=off crossover=off tol=0.0001 threads=n/a(GPU)
   It           UB           LB       LP_obj   #col   #row  #slk   +col   -col   +cut   -cut    t_LP    t_PR    t_SP   t_Tot     t_acc
    1          inf   3.2684e+08   6.2500e+04   1250    625   625      0      0      0      0   0.246   0.006   0.000   0.251     0.251
    2          inf   3.2684e+08   6.2500e+05   1250    625   625      0      0      0      0   0.031   0.005   0.000   0.037     0.289
    3          inf   3.2684e+08   6.2500e+06   1250    625   625      0      0      0      0   0.027   0.005   0.000   0.033     0.321
    4          inf   3.2684e+08   6.2161e+07   1250    625   613      0      0      0      0   0.029   0.005   0.000   0.035     0.356
    5          inf   3.2684e+08   3.2192e+08   1250    817    31      0      0    192      0   0.030   0.005   0.001   0.036     0.392
    6          inf   3.2684e+08   4.3436e+08   1849    817   305    599      0      0      0   0.075   0.003   0.000   0.080     0.472
    7          inf   3.2684e+08   1.1206e+09   2453    819   310    604      0      2      0   0.087   0.003   0.000   0.092     0.563
    8          inf   3.2684e+08   1.3957e+09   3069    841   167    616      0     22      0   0.094   0.003   0.000   0.098     0.662
    9          inf   3.2684e+08   1.0416e+09   3689    863   103    620      0     22      0   0.113   0.003   0.000   0.118     0.780
   10          inf   3.2684e+08   4.0967e+08   4309    921    12    620      0     58      0   0.151   0.003   0.001   0.155     0.935
   11          inf   3.2684e+08   3.3056e+08   4840    889     0    620     89     11     43   0.195   0.003   0.001   0.201     1.136
   12          inf   3.2802e+08   3.3010e+08   5088    907     0    610    362     19      1   0.150   0.003   0.001   0.156     1.292
   13          inf   3.2844e+08   3.2985e+08   5426    916     0    604    266     10      1   0.148   0.002   0.001   0.154     1.447
   14          inf   3.2867e+08   3.2967e+08   5659    924     0    596    363     11      3   0.159   0.003   0.001   0.166     1.613
   15          inf   3.2875e+08   3.2953e+08   5783    928     0    597    473      9      5   0.189   0.003   0.001   0.197     1.809
   16          inf   3.2894e+08   3.2944e+08   5609    918     0    581    755     10     20   0.193   0.003   0.001   0.200     2.009
   17          inf   3.2904e+08   3.2938e+08   5414    914     0    578    773      7     11   0.189   0.002   0.001   0.196     2.205
   18          inf   3.2910e+08   3.2934e+08   5406    916     0    576    584      8      6   0.193   0.003   0.001   0.201     2.406
   19          inf   3.2914e+08   3.2931e+08   5359    917     0    548    595      5      4   0.178   0.002   0.001   0.185     2.591
   20          inf   3.2918e+08   3.2928e+08   5339    916     0    554    574      4      5   0.174   0.002   0.001   0.181     2.772
   21          inf   3.2922e+08   3.2927e+08   5239    917     0    519    619      4      3   0.194   0.002   0.001   0.201     2.973
   22          inf   3.2924e+08   3.2926e+08   5191    914     0    503    551      2      5   0.185   0.002   0.001   0.192     3.166
   23   3.2926e+08   3.2925e+08   3.2926e+08   5191    914     0   *485      0      0      0   0.189   0.002   0.001   0.192     3.358
CG optimal after 23 iterations. UB=329259548.208217 LB=329248454.922956 gap=1.109e+04 tol=3.293e+04  t_LP=3.219  t_PR=0.081  t_SP=0.012  t_Tot=3.365
[bounded-pricing] enabled=0 fired=0 priced=18125 rate=0.0%

# === STDOUT (result CSV) ===
Setting parameter 'LpMethod' to 2
Setting parameter 'GPUMode' to 2
Setting parameter 'Presolve' to 0
Setting parameter 'Crossover' to 0
instance,formulation,iterations,columns,objective,lower_bound,optimal,time,time_lp,time_pricing,time_separation
data/commalab/grid/grid11,tree,23,4566,329259548.208217,329248454.922956,1,3.381,3.219,0.081,0.012
