# cmd: /usr/bin/time -o /tmp/mcfcg_mem_j39vvkk_.txt -f %M build/mcfcg_cli data/commalab/grid/grid7 --solver copt --copt-gpu-mode 2 --formulation tree --max-iters 10000 --time-limit 1800.0
# outcome: ok
# returncode: 0
# peak_rss_kb: 476104
# peak_rss_source: measured
# === STDERR (CG iteration log + preamble) ===
Instance: 400 vertices, 1520 arcs, 400 commodities, 247 sources
Solver: copt (gpu-mode 2), formulation: tree
Pricing threads: 32 (auto)
Slack mode: CommodityRows (struct=247, capped_arcs=1520)
[lp-config] backend=copt version=8.0.1 method=barrier exec=GPU presolve=off crossover=off tol=0.0001 threads=n/a(GPU)
   It           UB           LB       LP_obj   #col   #row  #slk   +col   -col   +cut   -cut    t_LP    t_PR    t_SP   t_Tot     t_acc
    1          inf   2.5727e+07   2.4700e+04    494    247   247      0      0      0      0   0.353   0.001   0.000   0.354     0.354
    2          inf   2.5727e+07   2.4700e+05    494    247   247      0      0      0      0   0.160   0.001   0.000   0.161     0.516
    3          inf   2.5727e+07   2.4518e+06    494    247   242      0      0      0      0   0.150   0.001   0.000   0.151     0.666
    4          inf   2.5727e+07   1.7985e+07    494    249   101      0      0      2      0   0.151   0.001   0.000   0.152     0.818
    5          inf   2.5727e+07   3.5045e+07    533    346    30     39      0     97      0   0.156   0.000   0.000   0.156     0.975
    6          inf   2.5727e+07   6.4116e+07    712    354   113    184      5      8      0   0.169   0.001   0.001   0.170     1.145
    7          inf   2.5727e+07   8.5724e+07    893    363    64    181      0      9      0   0.177   0.000   0.000   0.178     1.323
    8          inf   2.5727e+07   3.2469e+07   1057    392    14    164      0     29      0   0.186   0.001   0.000   0.187     1.510
    9          inf   2.5781e+07   2.5898e+07   1210    408     0    153      0     16      0   0.196   0.001   0.000   0.197     1.707
   10          inf   2.5818e+07   2.5884e+07   1338    412     0    136      8      5      1   0.195   0.000   0.000   0.197     1.904
   11          inf   2.5846e+07   2.5873e+07   1421    397     0    108     25      5     20   0.191   0.000   0.000   0.192     2.096
   12          inf   2.5855e+07   2.5867e+07   1453    399     0     84     52      5      3   0.193   0.001   0.000   0.195     2.291
   13          inf   2.5857e+07   2.5865e+07   1425    398     0     59     87      2      3   0.216   0.000   0.000   0.218     2.508
   14          inf   2.5862e+07   2.5864e+07   1293    387     0     34    166      2     13   0.199   0.000   0.000   0.201     2.709
   15   2.5864e+07   2.5864e+07   2.5864e+07   1293    387     0    *22      0      0      0   0.194   0.001   0.000   0.195     2.904
CG optimal after 15 iterations. UB=25864146.388419 LB=25863606.365542 gap=5.400e+02 tol=2.586e+03  t_LP=2.886  t_PR=0.013  t_SP=0.003  t_Tot=2.907
[bounded-pricing] enabled=0 cut=0 priced=4940 rate=0.0%

# === STDOUT (result CSV) ===
Setting parameter 'LpMethod' to 2
Setting parameter 'GPUMode' to 2
Setting parameter 'Presolve' to 0
Setting parameter 'Crossover' to 0
instance,formulation,iterations,columns,objective,lower_bound,optimal,time,time_lp,time_pricing,time_separation
data/commalab/grid/grid7,tree,15,1046,25864146.388419,25863606.365542,1,2.926,2.886,0.013,0.003
