# cmd: /usr/bin/time -o /tmp/mcfcg_mem_wllk_fyt.txt -f %M build/mcfcg_cli data/commalab/planar/planar1000 --solver copt --copt-gpu-mode 2 --formulation path --max-iters 10000 --time-limit 1800.0
# outcome: ok
# returncode: 0
# peak_rss_kb: 1115652
# peak_rss_source: measured
# === STDERR (CG iteration log + preamble) ===
Instance: 1000 vertices, 5200 arcs, 20026 commodities, 1000 sources
Solver: copt (gpu-mode 2), formulation: path
Pricing threads: 32 (auto)
Slack mode: EdgeRows (struct=20026, capped_arcs=5200)
[lp-config] backend=copt version=8.0.1 method=barrier exec=GPU presolve=off crossover=off tol=0.0001 threads=n/a(GPU)
   It           UB           LB       LP_obj   #col   #row  #slk   +col   -col   +cut   -cut    t_LP    t_PR    t_SP   t_Tot     t_acc
    1          inf   3.1896e+09   3.1896e+09  20564  20564     0      0      0    538      0   0.261   0.018   0.010   0.290     0.290
    2          inf   3.1896e+09   1.4963e+10  39380  20564   538  18816      0      0      0   0.707   0.011   0.001   0.729     1.019
    3          inf   3.1896e+09   3.5498e+09  55481  20895     0  15770      0    331      0   0.587   0.010   0.010   0.625     1.644
    4          inf   3.1896e+09   4.8232e+09  73903  20950   162  18367      0     55      0   1.172   0.009   0.010   1.210     2.854
    5          inf   3.1896e+09   4.1159e+09  91698  21003    54  17742      0     53      0   1.527   0.010   0.015   1.573     4.427
    6          inf   3.1896e+09   3.5338e+09 108860  21005     0  17160      0      2      0   1.718   0.009   0.019   1.760     6.187
    7          inf   3.3143e+09   3.5004e+09 124730  21009     0  15866      0      4      0   1.957   0.012   0.026   2.013     8.200
    8          inf   3.3622e+09   3.4752e+09 131594  20815     0  15680   8622     12    206   2.030   0.012   0.033   2.212    10.412
    9          inf   3.3948e+09   3.4623e+09 134411  20751     0  14280  11399     14     78   1.698   0.012   0.028   1.866    12.279
   10          inf   3.4134e+09   3.4565e+09 132162  20661     0  13001  15160     15    105   1.560   0.011   0.027   1.715    13.994
   11          inf   3.4370e+09   3.4525e+09 122164  20605     0  10485  20427      8     64   1.462   0.011   0.024   1.597    15.591
   12          inf   3.4438e+09   3.4506e+09 114350  20586     0   9355  17150     10     29   1.375   0.011   0.020   1.497    17.088
   13          inf   3.4475e+09   3.4500e+09 107358  20567     0   6743  13716      4     23   1.314   0.010   0.018   1.427    18.515
   14          inf   3.4483e+09   3.4498e+09  99204  20558     0   3830  11975      3     12   1.156   0.011   0.017   1.260    19.775
   15          inf   3.4491e+09   3.4498e+09  91027  20544     0   1660   9823      2     16   0.962   0.010   0.014   1.053    20.828
   16   3.4496e+09   3.4491e+09   3.4496e+09  84397  20529     0   1716   8331      0     15   0.920   0.009   0.002   0.983    21.811
   17   3.4496e+09   3.4495e+09   3.4496e+09  84397  20529     0   *415      0      0      0   0.891   0.009   0.002   0.902    22.712
CG optimal after 17 iterations. UB=3449618257.586721 LB=3449546317.030853 gap=7.194e+04 tol=3.450e+05  t_LP=21.298  t_PR=0.209  t_SP=0.275  t_Tot=22.747
[bounded-pricing] enabled=0 fired=0 priced=19000 rate=0.0%

# === STDOUT (result CSV) ===
Setting parameter 'LpMethod' to 2
Setting parameter 'GPUMode' to 2
Setting parameter 'Presolve' to 0
Setting parameter 'Crossover' to 0
instance,formulation,iterations,columns,objective,lower_bound,optimal,time,time_lp,time_pricing,time_separation
data/commalab/planar/planar1000,path,17,83894,3449618257.586721,3449546317.030853,1,22.822,21.298,0.209,0.275
