# cmd: /usr/bin/time -o /tmp/mcfcg_mem_cfn2gsyb.txt -f %M build/mcfcg_cli data/commalab/planar/planar300 --solver copt --copt-gpu-mode 2 --formulation tree --max-iters 10000 --time-limit 1800.0
# outcome: ok
# returncode: 0
# peak_rss_kb: 482912
# peak_rss_source: measured
# === STDERR (CG iteration log + preamble) ===
Instance: 300 vertices, 1680 arcs, 3584 commodities, 300 sources
Solver: copt (gpu-mode 2), formulation: tree
Pricing threads: 32 (auto)
Slack mode: CommodityRows (struct=300, capped_arcs=1680)
[lp-config] backend=copt version=8.0.1 method=barrier exec=GPU presolve=off crossover=off tol=0.0001 threads=n/a(GPU)
   It           UB           LB       LP_obj   #col   #row  #slk   +col   -col   +cut   -cut    t_LP    t_PR    t_SP   t_Tot     t_acc
    1          inf   6.6936e+08   1.3575e+07    600    300   300      0      0      0      0   0.244   0.002   0.000   0.246     0.246
    2          inf   6.6936e+08   1.3575e+08    600    300   300      0      0      0      0   0.030   0.002   0.000   0.032     0.278
    3          inf   6.6936e+08   6.6907e+08    600    457     1      0      0    157      0   0.028   0.002   0.000   0.030     0.308
    4          inf   6.6936e+08   9.3512e+08    898    457   155    298      0      0      0   0.060   0.001   0.000   0.062     0.370
    5          inf   6.6936e+08   2.5164e+09   1196    457   172    298      0      0      0   0.067   0.001   0.000   0.069     0.439
    6          inf   6.6936e+08   4.3615e+09   1496    458   104    300      0      1      0   0.080   0.001   0.000   0.082     0.521
    7          inf   6.6936e+08   4.6940e+09   1796    461    81    300      0      3      0   0.080   0.001   0.000   0.083     0.604
    8          inf   6.6936e+08   3.6393e+09   2096    485    35    300      0     24      0   0.085   0.001   0.000   0.087     0.691
    9          inf   6.6936e+08   2.4909e+09   2345    437    29    300     51      7     55   0.109   0.001   0.000   0.112     0.803
   10          inf   6.6936e+08   6.9772e+08   2478    445     0    300    167     10      2   0.106   0.001   0.000   0.109     0.911
   11          inf   6.7811e+08   6.9512e+08   2579    450     0    300    199      5      0   0.089   0.001   0.000   0.091     1.003
   12          inf   6.8260e+08   6.9350e+08   2722    453     0    300    157      4      1   0.097   0.001   0.000   0.101     1.103
   13          inf   6.8414e+08   6.9235e+08   2824    454     0    300    198      1      0   0.090   0.001   0.000   0.093     1.196
   14          inf   6.8488e+08   6.9149e+08   2833    450     0    300    291      2      6   0.103   0.001   0.000   0.106     1.302
   15          inf   6.8693e+08   6.9085e+08   2748    449     0    300    385      1      2   0.103   0.001   0.000   0.107     1.408
   16          inf   6.8842e+08   6.9050e+08   2701    449     0    299    346      1      1   0.102   0.001   0.000   0.105     1.513
   17   6.9028e+08   6.8870e+08   6.9028e+08   2693    446     0    299    307      0      3   0.102   0.001   0.000   0.105     1.619
   18   6.9014e+08   6.8938e+08   6.9014e+08   2728    445     0    299    264      0      1   0.104   0.001   0.000   0.107     1.726
   19   6.9005e+08   6.8953e+08   6.9005e+08   2755    443     0    300    273      0      2   0.109   0.001   0.000   0.112     1.838
   20   6.9005e+08   6.8981e+08   6.9001e+08   2746    441     0    299    308      2      4   0.105   0.001   0.000   0.109     1.947
   21   6.9000e+08   6.8989e+08   6.9000e+08   2747    440     0    297    296      0      1   0.101   0.001   0.000   0.104     2.051
   22   6.9000e+08   6.8995e+08   6.8998e+08   2747    441     0   *299      0      1      0   0.119   0.001   0.000   0.121     2.172
CG optimal after 22 iterations. UB=689995036.770945 LB=689951388.174830 gap=4.365e+04 tol=6.900e+04  t_LP=2.114  t_PR=0.026  t_SP=0.007  t_Tot=2.175
[bounded-pricing] enabled=0 fired=0 priced=7800 rate=0.0%

# === STDOUT (result CSV) ===
Setting parameter 'LpMethod' to 2
Setting parameter 'GPUMode' to 2
Setting parameter 'Presolve' to 0
Setting parameter 'Crossover' to 0
instance,formulation,iterations,columns,objective,lower_bound,optimal,time,time_lp,time_pricing,time_separation
data/commalab/planar/planar300,tree,22,2447,689995036.770945,689951388.174830,1,2.188,2.114,0.026,0.007
