# cmd: /usr/bin/time -o /tmp/mcfcg_mem_z0z3qdmc.txt -f %M build/mcfcg_cli data/commalab/planar/planar1000 --solver copt --copt-gpu-mode 2 --formulation tree --max-iters 10000 --time-limit 1800.0
# outcome: ok
# returncode: 0
# peak_rss_kb: 683844
# peak_rss_source: measured
# === STDERR (CG iteration log + preamble) ===
Instance: 1000 vertices, 5200 arcs, 20026 commodities, 1000 sources
Solver: copt (gpu-mode 2), formulation: tree
Pricing threads: 32 (auto)
Slack mode: CommodityRows (struct=1000, capped_arcs=5200)
[lp-config] backend=copt version=8.0.1 method=barrier exec=GPU presolve=off crossover=off tol=0.0001 threads=n/a(GPU)
   It           UB           LB       LP_obj   #col   #row  #slk   +col   -col   +cut   -cut    t_LP    t_PR    t_SP   t_Tot     t_acc
    1          inf   3.1896e+09   8.7300e+06   2000   1000  1000      0      0      0      0   0.244   0.020   0.001   0.265     0.265
    2          inf   3.1896e+09   8.7300e+07   2000   1000  1000      0      0      0      0   0.031   0.022   0.001   0.053     0.319
    3          inf   3.1896e+09   8.7275e+08   2000   1000   998      0      0      0      0   0.031   0.020   0.001   0.052     0.370
    4          inf   3.1896e+09   3.1896e+09   2000   1538     0      0      0    538      0   0.033   0.020   0.003   0.056     0.426
    5          inf   3.1896e+09   6.1730e+09   2999   1538   602    999      0      0      0   0.335   0.011   0.001   0.353     0.779
    6          inf   3.1896e+09   2.5922e+10   3999   1538   647   1000      0      0      0   0.413   0.011   0.002   0.432     1.210
    7          inf   3.1896e+09   7.5058e+10   4998   1539   650    999      0      1      0   0.564   0.010   0.001   0.583     1.794
    8          inf   3.1896e+09   2.9327e+11   5998   1542   459   1000      0      3      0   0.673   0.011   0.001   0.695     2.488
    9          inf   3.1896e+09   3.0901e+11   6998   1555   345   1000      0     13      0   0.758   0.010   0.001   0.779     3.267
   10          inf   3.1896e+09   2.5421e+11   7628   1267   279   1000    370      9    297   0.806   0.010   0.001   0.838     4.104
   11          inf   3.1896e+09   1.7791e+11   7901   1360   187   1000    727     93      0   0.375   0.010   0.002   0.400     4.505
   12          inf   3.1896e+09   1.6188e+11   8168   1393   176   1000    733     33      0   0.473   0.009   0.003   0.499     5.004
   13          inf   3.1896e+09   1.0362e+11   8327   1447   116   1000    841     56      2   0.495   0.009   0.002   0.526     5.530
   14          inf   3.1896e+09   7.7369e+10   8504   1505    85   1000    823     59      1   0.581   0.010   0.001   0.613     6.143
   15          inf   3.1896e+09   4.9073e+10   8741   1544    54   1000    763     49     10   0.553   0.009   0.001   0.591     6.733
   16          inf   3.1896e+09   1.5044e+10   9008   1606    16   1000    733     67      5   0.686   0.009   0.002   0.722     7.455
   17          inf   3.1896e+09   6.4702e+09   9124   1629     3   1000    884     27      4   0.895   0.010   0.007   0.938     8.393
   18          inf   3.1896e+09   3.5636e+09   9292   1601     0   1000    832      7     35   0.874   0.009   0.003   0.911     9.304
   19          inf   3.2522e+09   3.5459e+09   9407   1595     0   1000    885      6     12   0.791   0.009   0.003   0.829    10.132
   20          inf   3.2548e+09   3.5323e+09   9526   1585     0   1000    881     12     22   0.733   0.009   0.003   0.770    10.902
   21          inf   3.2959e+09   3.5191e+09   9606   1590     0   1000    920     16     11   0.745   0.009   0.003   0.783    11.684
   22          inf   3.2959e+09   3.5083e+09   9527   1582     0   1000   1079      9     17   0.784   0.009   0.003   0.821    12.505
   23          inf   3.3213e+09   3.4985e+09   9202   1572     0   1000   1325     10     20   0.767   0.010   0.003   0.804    13.309
   24          inf   3.3489e+09   3.4908e+09   9147   1552     0   1000   1055     10     30   0.761   0.009   0.003   0.797    14.106
   25          inf   3.3595e+09   3.4830e+09   9242   1536     0   1000    905      9     25   0.730   0.009   0.003   0.767    14.873
   26          inf   3.3802e+09   3.4773e+09   9248   1523     0   1000    994     11     24   0.721   0.009   0.003   0.758    15.631
   27          inf   3.3860e+09   3.4721e+09   9304   1513     0   1000    944      9     19   0.711   0.009   0.003   0.747    16.378
   28          inf   3.3860e+09   3.4685e+09   9304   1509     0   1000   1000      9     13   0.692   0.010   0.003   0.730    17.108
   29          inf   3.3965e+09   3.4651e+09   9321   1515     0   1000    983     12      6   0.713   0.009   0.003   0.749    17.858
   30          inf   3.4045e+09   3.4620e+09   9332   1519     0   1000    989     18     14   0.710   0.009   0.003   0.746    18.604
   31          inf   3.4091e+09   3.4599e+09   9353   1506     0   1000    979      7     20   0.712   0.009   0.003   0.750    19.354
   32          inf   3.4199e+09   3.4578e+09   9409   1501     0   1000    944      8     13   0.700   0.009   0.003   0.736    20.090
   33          inf   3.4266e+09   3.4564e+09   9469   1500     0   1000    940      9     10   0.676   0.009   0.003   0.713    20.802
   34          inf   3.4283e+09   3.4549e+09   9440   1502     0   1000   1029      8      6   0.697   0.010   0.003   0.733    21.536
   35          inf   3.4319e+09   3.4536e+09   9447   1499     0   1000    993      7     10   0.686   0.010   0.003   0.725    22.260
   36          inf   3.4348e+09   3.4529e+09   9445   1500     0   1000   1002      5      4   0.714   0.010   0.003   0.752    23.012
   37          inf   3.4377e+09   3.4524e+09   9444   1499     0   1000   1001      8      9   0.689   0.009   0.003   0.726    23.738
   38          inf   3.4377e+09   3.4518e+09   9414   1497     0   1000   1030      5      7   0.689   0.009   0.003   0.726    24.464
   39          inf   3.4403e+09   3.4513e+09   9394   1496     0   1000   1020      7      8   0.715   0.010   0.003   0.752    25.215
   40          inf   3.4416e+09   3.4509e+09   9385   1496     0   1000   1009      3      3   0.693   0.009   0.003   0.729    25.945
   41          inf   3.4427e+09   3.4505e+09   9401   1497     0   1000    984      2      1   0.718   0.009   0.003   0.754    26.699
   42          inf   3.4442e+09   3.4503e+09   9393   1493     0   1000   1008      2      6   0.701   0.009   0.003   0.737    27.435
   43          inf   3.4460e+09   3.4501e+09   9424   1495     0   1000    969      7      5   0.725   0.009   0.003   0.762    28.197
   44          inf   3.4466e+09   3.4499e+09   9422   1496     0   1000   1002      3      2   0.743   0.010   0.003   0.780    28.977
   45          inf   3.4472e+09   3.4498e+09   9461   1500     0   1000    961      5      1   0.709   0.009   0.003   0.745    29.722
   46          inf   3.4472e+09   3.4498e+09   9444   1494     0   1000   1017      2      8   0.737   0.009   0.003   0.774    30.496
   47          inf   3.4484e+09   3.4497e+09   9474   1492     0   1000    970      1      3   0.720   0.010   0.003   0.756    31.252
   48   3.4497e+09   3.4488e+09   3.4497e+09   9444   1491     0   1000   1030      0      1   0.750   0.010   0.003   0.785    32.038
   49   3.4497e+09   3.4490e+09   3.4496e+09   9501   1489     0   1000    943      1      3   0.746   0.009   0.002   0.783    32.821
   50   3.4497e+09   3.4492e+09   3.4496e+09   9539   1491     0   1000    962      2      0   0.755   0.009   0.003   0.785    33.606
   51   3.4497e+09   3.4495e+09   3.4496e+09   9539   1494     0  *1000      0      3      0   0.785   0.009   0.003   0.797    34.403
CG optimal after 51 iterations. UB=3449684987.700026 LB=3449450764.662615 gap=2.342e+05 tol=3.450e+05  t_LP=32.740  t_PR=0.548  t_SP=0.122  t_Tot=34.420
[bounded-pricing] enabled=0 fired=0 priced=56000 rate=0.0%

# === STDOUT (result CSV) ===
Setting parameter 'LpMethod' to 2
Setting parameter 'GPUMode' to 2
Setting parameter 'Presolve' to 0
Setting parameter 'Crossover' to 0
instance,formulation,iterations,columns,objective,lower_bound,optimal,time,time_lp,time_pricing,time_separation
data/commalab/planar/planar1000,tree,51,8539,3449684987.700026,3449450764.662615,1,34.448,32.740,0.548,0.122
