# cmd: /usr/bin/time -o /tmp/mcfcg_mem_lk7vy_a_.txt -f %M build/mcfcg_cli data/commalab/planar/planar300 --solver copt --copt-gpu-mode 2 --formulation path --max-iters 10000 --time-limit 1800.0
# outcome: ok
# returncode: 0
# peak_rss_kb: 503120
# peak_rss_source: measured
# === STDERR (CG iteration log + preamble) ===
Instance: 300 vertices, 1680 arcs, 3584 commodities, 300 sources
Solver: copt (gpu-mode 2), formulation: path
Pricing threads: 32 (auto)
Slack mode: EdgeRows (struct=3584, capped_arcs=1680)
[lp-config] backend=copt version=8.0.1 method=barrier exec=GPU presolve=off crossover=off tol=0.0001 threads=n/a(GPU)
   It           UB           LB       LP_obj   #col   #row  #slk   +col   -col   +cut   -cut    t_LP    t_PR    t_SP   t_Tot     t_acc
    1          inf   6.6936e+08   6.6936e+08   3745   3745     0      0      0    161      0   0.246   0.002   0.001   0.249     0.249
    2          inf   6.6936e+08   3.7000e+09   6915   3745   161   3170      0      0      0   0.181   0.001   0.000   0.184     0.433
    3          inf   6.6936e+08   7.0836e+08   9444   3803     0   2471      0     58      0   0.099   0.001   0.001   0.102     0.535
    4          inf   6.6936e+08   7.2502e+08  12129   3809     8   2679      0      6      0   0.141   0.001   0.001   0.145     0.679
    5          inf   6.6938e+08   6.9411e+08  14346   3811     0   2215      0      2      0   0.161   0.001   0.001   0.164     0.843
    6   6.9139e+08   6.8592e+08   6.9139e+08  16023   3811     0   1677      0      0      0   0.176   0.001   0.000   0.178     1.022
    7   6.9037e+08   6.8886e+08   6.9037e+08  16733   3811     0    710      0      0      0   0.172   0.001   0.000   0.173     1.195
    8   6.9002e+08   6.8961e+08   6.9002e+08  15521   3757     0    527   1685      0     54   0.182   0.001   0.000   0.187     1.382
    9   6.9002e+08   6.8994e+08   6.8998e+08  14411   3742     0    191   1286      2     17   0.135   0.001   0.001   0.140     1.523
   10   6.8998e+08   6.8997e+08   6.8998e+08  14411   3742     0    *66      0      0      0   0.136   0.001   0.000   0.138     1.660
CG optimal after 10 iterations. UB=689979834.005920 LB=689967576.828964 gap=1.226e+04 tol=6.900e+04  t_LP=1.629  t_PR=0.014  t_SP=0.005  t_Tot=1.665
[bounded-pricing] enabled=0 fired=0 priced=3600 rate=0.0%

# === STDOUT (result CSV) ===
Setting parameter 'LpMethod' to 2
Setting parameter 'GPUMode' to 2
Setting parameter 'Presolve' to 0
Setting parameter 'Crossover' to 0
instance,formulation,iterations,columns,objective,lower_bound,optimal,time,time_lp,time_pricing,time_separation
data/commalab/planar/planar300,path,10,14253,689979834.005920,689967576.828964,1,1.681,1.629,0.014,0.005
