# cmd: /usr/bin/time -o /tmp/mcfcg_mem_ml0nvm2x.txt -f %M build/mcfcg_cli data/commalab/planar/planar150 --solver copt --copt-gpu-mode 2 --formulation tree --max-iters 10000 --time-limit 1800.0
# outcome: ok
# returncode: 0
# peak_rss_kb: 491624
# peak_rss_source: measured
# === STDERR (CG iteration log + preamble) ===
Instance: 150 vertices, 850 arcs, 2239 commodities, 150 sources
Solver: copt (gpu-mode 2), formulation: tree
Pricing threads: 32 (auto)
Slack mode: CommodityRows (struct=150, capped_arcs=850)
[lp-config] backend=copt version=8.0.1 method=barrier exec=GPU presolve=off crossover=off tol=0.0001 threads=n/a(GPU)
   It           UB           LB       LP_obj   #col   #row  #slk   +col   -col   +cut   -cut    t_LP    t_PR    t_SP   t_Tot     t_acc
    1          inf   4.6091e+08   2.8355e+07    300    150   150      0      0      0      0   0.242   0.001   0.000   0.242     0.242
    2          inf   4.6091e+08   2.7752e+08    300    150   137      0      0      0      0   0.031   0.001   0.000   0.031     0.274
    3          inf   4.6091e+08   4.6091e+08    300    366     0      0      0    216      0   0.034   0.001   0.000   0.035     0.309
    4          inf   4.6091e+08   1.9672e+09    447    366   120    147      0      0      0   0.059   0.000   0.000   0.060     0.368
    5          inf   4.6091e+08   1.1631e+10    597    366   109    150      0      0      0   0.066   0.000   0.000   0.067     0.436
    6          inf   4.6091e+08   3.5622e+10    747    370   103    150      0      4      0   0.073   0.000   0.000   0.073     0.509
    7          inf   4.6091e+08   6.3698e+10    897    372    88    150      0      2      0   0.076   0.000   0.000   0.077     0.586
    8          inf   4.6091e+08   5.5124e+10   1047    379    69    150      0      7      0   0.079   0.000   0.000   0.081     0.666
    9          inf   4.6091e+08   4.2550e+10   1131    394    55    150     66     15      0   0.079   0.000   0.000   0.080     0.747
   10          inf   4.6091e+08   3.5557e+10   1212    411    48    150     69     17      0   0.085   0.000   0.000   0.087     0.834
   11          inf   4.6091e+08   2.8457e+10   1255    420    35    150    107      9      0   0.095   0.000   0.000   0.096     0.930
   12          inf   4.6091e+08   2.0911e+10   1309    445    36    150     96     25      0   0.089   0.000   0.000   0.091     1.020
   13          inf   4.6091e+08   1.9028e+10   1358    454    29    150    101      9      0   0.104   0.000   0.000   0.105     1.125
   14          inf   4.6091e+08   1.3152e+10   1412    455    23    150     96     13     12   0.107   0.000   0.000   0.109     1.234
   15          inf   4.6091e+08   8.9930e+09   1458    469    19    150    104     14      0   0.116   0.000   0.000   0.118     1.352
   16          inf   4.6091e+08   3.0131e+09   1514    490     3    150     94     21      0   0.116   0.000   0.000   0.118     1.469
   17          inf   4.6091e+08   6.0626e+08   1525    481     0    150    139     10     19   0.142   0.000   0.000   0.144     1.613
   18          inf   4.6091e+08   5.9264e+08   1574    482     0    150    101      3      2   0.135   0.000   0.000   0.136     1.750
   19   5.8682e+08   4.6091e+08   5.8682e+08   1601    480     0    150    123      0      2   0.129   0.000   0.000   0.131     1.880
   20   5.8682e+08   4.7733e+08   5.8077e+08   1640    484     0    150    111      7      3   0.123   0.000   0.000   0.125     2.006
   21   5.8682e+08   4.9425e+08   5.7643e+08   1656    473     0    150    134      1     12   0.136   0.000   0.000   0.138     2.143
   22   5.8682e+08   5.0263e+08   5.7251e+08   1630    469     0    150    176      5      9   0.119   0.000   0.000   0.121     2.264
   23   5.8682e+08   5.0263e+08   5.6901e+08   1583    446     0    150    197      5     28   0.125   0.000   0.000   0.127     2.391
   24   5.8682e+08   5.0530e+08   5.6492e+08   1572    445     0    150    161      5      6   0.118   0.000   0.000   0.120     2.511
   25   5.8682e+08   5.1315e+08   5.6156e+08   1573    434     0    150    149      4     15   0.114   0.000   0.000   0.116     2.627
   26   5.8682e+08   5.2510e+08   5.5920e+08   1577    430     0    150    146      6     10   0.108   0.000   0.000   0.110     2.737
   27   5.8682e+08   5.2804e+08   5.5730e+08   1586    427     0    150    141      5      8   0.109   0.000   0.000   0.111     2.848
   28   5.8682e+08   5.2804e+08   5.5576e+08   1607    426     0    150    129      1      2   0.108   0.000   0.000   0.110     2.958
   29   5.8682e+08   5.3297e+08   5.5437e+08   1597    427     0    150    160      1      0   0.107   0.000   0.000   0.108     3.066
   30   5.8682e+08   5.3702e+08   5.5312e+08   1599    428     0    150    148      1      0   0.108   0.000   0.000   0.109     3.175
   31   5.8682e+08   5.3702e+08   5.5191e+08   1601    433     0    150    148      5      0   0.113   0.000   0.000   0.114     3.289
   32   5.8682e+08   5.3889e+08   5.5121e+08   1606    435     0    150    145      2      0   0.117   0.000   0.000   0.119     3.408
   33   5.8682e+08   5.3965e+08   5.5071e+08   1604    437     0    150    152      2      0   0.108   0.000   0.000   0.109     3.518
   34   5.5015e+08   5.3996e+08   5.5015e+08   1598    416     0    150    156      0     21   0.114   0.000   0.000   0.116     3.634
   35   5.4977e+08   5.4166e+08   5.4977e+08   1596    416     0    150    152      0      0   0.108   0.000   0.000   0.109     3.743
   36   5.4977e+08   5.4322e+08   5.4945e+08   1602    418     0    150    144      2      0   0.106   0.000   0.000   0.108     3.851
   37   5.4977e+08   5.4405e+08   5.4914e+08   1585    420     0    150    167      2      0   0.112   0.000   0.000   0.114     3.965
   38   5.4896e+08   5.4470e+08   5.4896e+08   1591    420     0    150    144      0      0   0.111   0.000   0.000   0.112     4.077
   39   5.4896e+08   5.4503e+08   5.4876e+08   1592    423     0    150    149      3      0   0.105   0.000   0.000   0.107     4.183
   40   5.4896e+08   5.4527e+08   5.4860e+08   1590    425     0    150    152      2      0   0.104   0.000   0.000   0.106     4.289
   41   5.4847e+08   5.4619e+08   5.4847e+08   1594    425     0    150    146      0      0   0.111   0.000   0.000   0.112     4.402
   42   5.4838e+08   5.4638e+08   5.4838e+08   1599    424     0    150    145      0      1   0.109   0.000   0.000   0.111     4.513
   43   5.4827e+08   5.4679e+08   5.4827e+08   1621    424     0    150    128      0      0   0.112   0.000   0.000   0.114     4.626
   44   5.4820e+08   5.4716e+08   5.4820e+08   1625    424     0    149    145      0      0   0.114   0.000   0.000   0.116     4.742
   45   5.4820e+08   5.4746e+08   5.4816e+08   1631    425     0    150    144      1      0   0.125   0.000   0.000   0.127     4.869
   46   5.4814e+08   5.4765e+08   5.4814e+08   1628    421     0    149    152      0      4   0.125   0.000   0.000   0.127     4.995
   47   5.4811e+08   5.4779e+08   5.4811e+08   1639    421     0    150    139      0      0   0.121   0.000   0.000   0.123     5.118
   48   5.4811e+08   5.4789e+08   5.4810e+08   1627    408     0    150    162      2     15   0.120   0.000   0.000   0.122     5.240
   49   5.4809e+08   5.4800e+08   5.4809e+08   1629    408     0    148    146      0      0   0.122   0.000   0.000   0.123     5.363
   50   5.4809e+08   5.4805e+08   5.4809e+08   1629    408     0   *150      0      0      0   0.116   0.000   0.000   0.117     5.480
CG optimal after 50 iterations. UB=548088129.405454 LB=548053597.992457 gap=3.453e+04 tol=5.481e+04  t_LP=5.403  t_PR=0.021  t_SP=0.010  t_Tot=5.484
[bounded-pricing] enabled=0 fired=0 priced=8100 rate=0.0%

# === STDOUT (result CSV) ===
Setting parameter 'LpMethod' to 2
Setting parameter 'GPUMode' to 2
Setting parameter 'Presolve' to 0
Setting parameter 'Crossover' to 0
instance,formulation,iterations,columns,objective,lower_bound,optimal,time,time_lp,time_pricing,time_separation
data/commalab/planar/planar150,tree,50,1479,548088129.405454,548053597.992457,1,5.497,5.403,0.021,0.010
