# cmd: /usr/bin/time -o /tmp/mcfcg_mem_8w5u9em5.txt -f %M build/mcfcg_cli data/intermodal/BUS-18424-0.txt.gz --solver copt --copt-gpu-mode 2 --formulation tree --max-iters 10000 --strategy pricer-heavy --bounded-pricing --time-limit 1800.0
# outcome: ok
# returncode: 0
# peak_rss_kb: 1077332
# peak_rss_source: measured
# === STDERR (CG iteration log + preamble) ===
Instance: 151455 vertices, 1338522 arcs, 18388 commodities, 18388 sources
Solver: copt (gpu-mode 2), formulation: tree
Pricing threads: 32 (auto)
Slack mode: CommodityRows (struct=18388, capped_arcs=1151624)
[lp-config] backend=copt version=8.0.1 method=barrier exec=GPU presolve=off crossover=off tol=0.0001 threads=n/a(GPU)
   It           UB           LB       LP_obj   #col   #row  #slk   +col   -col   +cut   -cut    t_LP    t_PR    t_SP   t_Tot     t_acc
    1          inf         -inf   4.7151e+05  36776  18454  1078      0      0     66      0   0.306   0.000   0.093   0.400     0.400
    2          inf         -inf   4.7582e+05  37652  18454  1435    876      0      0      0   0.048   0.123   0.094   0.266     0.666
    3          inf         -inf   4.8678e+05  37652  18496   136      0      0     42      0   0.053   0.000   0.092   0.146     0.812
    4          inf         -inf   4.8820e+05  37652  18498   237      0      0      2      0   0.063   0.000   0.092   0.155     0.967
    5          inf         -inf   4.8824e+05  37727  18498   240     75      0      0      0   0.063   0.041   0.090   0.195     1.162
    6          inf         -inf   5.0369e+05  37727  18505   225      0      0      7      0   0.063   0.000   0.090   0.154     1.316
    7          inf         -inf   5.0370e+05  37823  18482   227     96      0      0     23   0.066   0.046   0.091   0.204     1.520
    8          inf         -inf   5.4388e+05  37823  18483   194      0      0      1      0   0.063   0.000   0.091   0.154     1.674
    9          inf         -inf   5.4388e+05  37855  18453   195     32      0      0     30   0.063   0.043   0.090   0.198     1.872
   10          inf         -inf   5.7440e+05  37855  18456   210      0      0      3      0   0.065   0.000   0.091   0.156     2.028
   11          inf         -inf   5.7440e+05  37900  18454   211     45      0      0      2   0.065   0.042   0.091   0.199     2.227
   12          inf         -inf   6.8765e+05  37900  18462   178      0      0      8      0   0.065   0.000   0.092   0.157     2.384
   13          inf         -inf   6.8765e+05  38046  18456   178    146      0      0      6   0.065   0.069   0.090   0.225     2.610
   14          inf         -inf   8.0287e+05  38046  18467   116      0      0     11      0   0.062   0.000   0.091   0.153     2.763
   15          inf         -inf   8.0292e+05  38131  18466   124     85      0      0      1   0.064   0.060   0.090   0.216     2.978
   16          inf         -inf   7.7682e+05  38131  18470   129      0      0      4      0   0.065   0.000   0.090   0.156     3.135
   17          inf         -inf   7.7686e+05  38247  18465   132    116      0      0      5   0.066   0.052   0.090   0.210     3.345
   18          inf         -inf   1.2151e+06  38247  18467    95      0      0      2      0   0.066   0.000   0.090   0.157     3.502
   19          inf         -inf   1.2151e+06  38294  18453    96     47      0      0     14   0.068   0.042   0.091   0.201     3.703
   20          inf         -inf   1.9710e+06  38294  18466    95      0      0     13      0   0.059   0.000   0.091   0.151     3.854
   21          inf         -inf   1.9710e+06  38363  18460    95     69      0      0      6   0.065   0.057   0.091   0.213     4.067
   22          inf         -inf   1.9202e+06  38363  18462    73      0      0      2      0   0.066   0.000   0.092   0.159     4.226
   23          inf  -2.9708e+06   1.9202e+06  39028  18457    73    665      0      0      5   0.066   0.746   0.091   0.905     5.131
   24          inf  -2.9708e+06   4.8509e+05  39028  18477     0      0      0     20      0   0.067   0.000   0.093   0.161     5.292
   25          inf  -2.9708e+06   4.8517e+05  39028  18478     2      0      0      1      0   0.072   0.000   0.093   0.166     5.458
   26          inf  -2.9708e+06   4.8517e+05  39042  18475     2     14      0      0      3   0.073   0.041   0.092   0.208     5.666
   27   4.8517e+05   4.8448e+05   4.8517e+05  39293  18472     0    251      0      0      3   0.075   0.699   0.091   0.866     6.533
   28   4.8517e+05   4.8448e+05   4.8503e+05  39293  18474     0      0      0      2      0   0.076   0.000   0.091   0.167     6.700
   29   4.8517e+05   4.8448e+05   4.8503e+05  39293  18475     0      0      0      1      0   0.074   0.000   0.091   0.165     6.866
   30   4.8503e+05   4.8448e+05   4.8503e+05  39294  18456     0      1      0      0     19   0.074   0.040   0.090   0.205     7.070
   31   4.8503e+05   4.8448e+05   4.8503e+05  39294  18459     0      0      0      3      0   0.070   0.000   0.091   0.162     7.233
   32   4.8503e+05   4.8501e+05   4.8503e+05  39294  18459     0    *25      0      0      0   0.072   0.722   0.091   0.886     8.119
CG optimal after 32 iterations. UB=485032.000345 LB=485007.795000 gap=2.421e+01 tol=4.850e+01  t_LP=2.350  t_PR=3.559  t_SP=2.916  t_Tot=8.857
[bounded-pricing] enabled=1 fired=55124 priced=76055 rate=72.5%

# === STDOUT (result CSV) ===
Setting parameter 'LpMethod' to 2
Setting parameter 'GPUMode' to 2
Setting parameter 'Presolve' to 0
Setting parameter 'Crossover' to 0
instance,formulation,iterations,columns,objective,lower_bound,optimal,time,time_lp,time_pricing,time_separation
data/intermodal/BUS-18424-0.txt.gz,tree,32,20906,485032.000345,485007.795000,1,9.187,2.350,3.559,2.916
