# cmd: /usr/bin/time -o /tmp/mcfcg_mem_ujhoir1r.txt -f %M build/mcfcg_cli data/intermodal/SBT-43785-0.txt.gz --solver copt --copt-gpu-mode 2 --formulation tree --max-iters 10000 --strategy pricer-heavy --bounded-pricing --time-limit 1800.0
# outcome: ok
# returncode: 0
# peak_rss_kb: 2033500
# peak_rss_source: measured
# === STDERR (CG iteration log + preamble) ===
Instance: 238529 vertices, 3741246 arcs, 43757 commodities, 43757 sources
Solver: copt (gpu-mode 2), formulation: tree
Pricing threads: 32 (auto)
Slack mode: CommodityRows (struct=43757, capped_arcs=3494226)
[lp-config] backend=copt version=8.0.1 method=barrier exec=GPU presolve=off crossover=off tol=0.0001 threads=n/a(GPU)
   It           UB           LB       LP_obj   #col   #row  #slk   +col   -col   +cut   -cut    t_LP    t_PR    t_SP   t_Tot     t_acc
    1          inf         -inf   1.1175e+06  87514  43829   745      0      0     72      0   0.458   0.000   0.279   0.739     0.739
    2          inf         -inf   1.1284e+06  89098  43829  1264   1584      0      0      0   0.057   0.581   0.275   0.916     1.655
    3          inf         -inf   1.1237e+06  89098  43840     0      0      0     11      0   0.058   0.000   0.271   0.331     1.986
    4          inf         -inf   1.1238e+06  89246  43840    23    148      0      0      0   0.064   0.231   0.269   0.565     2.551
    5   1.1237e+06   1.1235e+06   1.1237e+06  89487  43840     0    241      0      0      0   0.062   8.494   0.269   8.826    11.376
    6   1.1236e+06   1.1236e+06   1.1236e+06  89487  43840     0     *1      0      0      0   0.064   8.484   0.273   8.821    20.197
CG optimal after 6 iterations. UB=1123600.000001 LB=1123593.830508 gap=6.169e+00 tol=1.124e+02  t_LP=0.763  t_PR=26.780  t_SP=1.635  t_Tot=29.187
[bounded-pricing] enabled=1 fired=87555 priced=133286 rate=65.7%

# === STDOUT (result CSV) ===
Setting parameter 'LpMethod' to 2
Setting parameter 'GPUMode' to 2
Setting parameter 'Presolve' to 0
Setting parameter 'Crossover' to 0
instance,formulation,iterations,columns,objective,lower_bound,optimal,time,time_lp,time_pricing,time_separation
data/intermodal/SBT-43785-0.txt.gz,tree,6,45730,1123600.000001,1123593.830508,1,30.054,0.763,26.780,1.635
