# cmd: /usr/bin/time -o /tmp/mcfcg_mem_01purdj6.txt -f %M build/mcfcg_cli data/intermodal/BUS-13160-0.txt.gz --solver copt --copt-gpu-mode 2 --formulation tree --max-iters 10000 --strategy pricer-heavy --bounded-pricing --time-limit 1800.0
# outcome: ok
# returncode: 0
# peak_rss_kb: 982676
# peak_rss_source: measured
# === STDERR (CG iteration log + preamble) ===
Instance: 140925 vertices, 1023858 arcs, 13135 commodities, 13135 sources
Solver: copt (gpu-mode 2), formulation: tree
Pricing threads: 32 (auto)
Slack mode: CommodityRows (struct=13135, capped_arcs=836960)
[lp-config] backend=copt version=8.0.1 method=barrier exec=GPU presolve=off crossover=off tol=0.0001 threads=n/a(GPU)
   It           UB           LB       LP_obj   #col   #row  #slk   +col   -col   +cut   -cut    t_LP    t_PR    t_SP   t_Tot     t_acc
    1          inf         -inf   3.3868e+05  26270  13208   783      0      0     73      0   0.375   0.000   0.076   0.451     0.451
    2          inf         -inf   3.4174e+05  26924  13208  1041    654      0      0      0   0.169   0.085   0.071   0.326     0.777
    3          inf         -inf   3.4913e+05  26924  13259    71      0      0     51      0   0.179   0.000   0.071   0.251     1.029
    4          inf         -inf   3.5030e+05  27288  13259   146    364      0      0      0   0.184   0.067   0.070   0.321     1.350
    5          inf         -inf   3.5357e+05  27288  13268    90      0      0      9      0   0.183   0.000   0.070   0.253     1.603
    6          inf         -inf   3.5362e+05  27404  13268    92    116      0      0      0   0.199   0.052   0.074   0.327     1.930
    7          inf         -inf   3.6396e+05  27404  13272    56      0      0      4      0   0.189   0.000   0.072   0.262     2.192
    8          inf         -inf   3.6397e+05  27511  13233    58    107      0      0     39   0.192   0.043   0.075   0.311     2.503
    9          inf         -inf   3.7153e+05  27511  13239    73      0      0      6      0   0.180   0.000   0.073   0.254     2.757
   10          inf         -inf   3.7158e+05  27604  13209    74     93      0      0     30   0.196   0.048   0.076   0.322     3.078
   11          inf         -inf   3.5741e+05  27604  13218    28      0      0      9      0   0.195   0.000   0.071   0.267     3.345
   12          inf         -inf   3.5742e+05  27686  13208    32     82      0      0     10   0.192   0.044   0.074   0.311     3.656
   13          inf         -inf   3.5354e+05  27686  13219    23      0      0     11      0   0.187   0.000   0.072   0.260     3.916
   14          inf         -inf   3.5355e+05  27749  13211    26     63      0      0      8   0.191   0.047   0.075   0.314     4.230
   15          inf   2.8844e+05   3.5453e+05  28063  13208    16    314      0      0      3   0.184   0.458   0.070   0.713     4.944
   16          inf   2.8844e+05   3.4838e+05  28063  13232     0      0      0     24      0   0.181   0.000   0.072   0.254     5.197
   17   3.4843e+05   2.8844e+05   3.4843e+05  28096  13228     0     33      0      0      4   0.185   0.049   0.072   0.308     5.505
   18   3.4843e+05   2.8844e+05   3.4840e+05  28096  13229     0      0      0      1      0   0.188   0.000   0.071   0.260     5.764
   19   3.4840e+05   3.4834e+05   3.4840e+05  28125  13221     0     29      0      0      8   0.188   0.464   0.072   0.724     6.488
   20   3.4840e+05   3.4834e+05   3.4836e+05  28125  13223     0      0      0      2      0   0.186   0.000   0.072   0.259     6.748
   21   3.4836e+05   3.4836e+05   3.4836e+05  28125  13223     0     *4      0      0      0   0.195   0.457   0.072   0.724     7.471
CG optimal after 21 iterations. UB=348361.500002 LB=348359.968724 gap=1.531e+00 tol=3.484e+01  t_LP=4.116  t_PR=2.275  t_SP=1.523  t_Tot=7.933
[bounded-pricing] enabled=1 cut=40200 priced=55194 rate=72.8%

# === STDOUT (result CSV) ===
Setting parameter 'LpMethod' to 2
Setting parameter 'GPUMode' to 2
Setting parameter 'Presolve' to 0
Setting parameter 'Crossover' to 0
instance,formulation,iterations,columns,objective,lower_bound,optimal,time,time_lp,time_pricing,time_separation
data/intermodal/BUS-13160-0.txt.gz,tree,21,14990,348361.500002,348359.968724,1,8.212,4.116,2.275,1.523
