# cmd: /usr/bin/time -o /tmp/mcfcg_mem_ooeyx5go.txt -f %M build/mcfcg_cli data/intermodal/BUS-7896-0.txt.gz --solver copt --copt-gpu-mode 2 --formulation tree --max-iters 10000 --strategy pricer-heavy --bounded-pricing --time-limit 1800.0
# outcome: ok
# returncode: 0
# peak_rss_kb: 840332
# peak_rss_source: measured
# === STDERR (CG iteration log + preamble) ===
Instance: 130395 vertices, 710935 arcs, 7883 commodities, 7883 sources
Solver: copt (gpu-mode 2), formulation: tree
Pricing threads: 32 (auto)
Slack mode: CommodityRows (struct=7883, capped_arcs=524037)
[lp-config] backend=copt version=8.0.1 method=barrier exec=GPU presolve=off crossover=off tol=0.0001 threads=n/a(GPU)
   It           UB           LB       LP_obj   #col   #row  #slk   +col   -col   +cut   -cut    t_LP    t_PR    t_SP   t_Tot     t_acc
    1          inf         -inf   2.0473e+05  15766   7960   475      0      0     77      0   0.364   0.000   0.051   0.416     0.416
    2          inf         -inf   2.0647e+05  16206   7960   631    440      0      0      0   0.155   0.050   0.055   0.261     0.677
    3          inf         -inf   2.1121e+05  16206   8031    48      0      0     71      0   0.173   0.000   0.052   0.225     0.903
    4          inf         -inf   2.1215e+05  16206   8035   112      0      0      4      0   0.172   0.000   0.060   0.233     1.135
    5          inf         -inf   2.1217e+05  16255   8035   112     49      0      0      0   0.174   0.030   0.064   0.268     1.403
    6          inf         -inf   2.2155e+05  16255   8036   111      0      0      1      0   0.174   0.000   0.063   0.237     1.640
    7          inf         -inf   2.2155e+05  16275   8011   111     20      0      0     25   0.172   0.029   0.062   0.263     1.904
    8          inf         -inf   2.4088e+05  16275   8013    82      0      0      2      0   0.178   0.000   0.059   0.238     2.142
    9          inf         -inf   2.4093e+05  16294   7967    86     19      0      0     46   0.179   0.035   0.062   0.277     2.418
   10          inf   1.3301e+04   2.5544e+05  16796   7967    80    502      0      0      0   0.180   0.209   0.060   0.450     2.869
   11          inf   1.3301e+04   2.1053e+05  16796   8008     0      0      0     41      0   0.177   0.000   0.052   0.229     3.098
   12          inf   1.3301e+04   2.1075e+05  16796   8019     3      0      0     11      0   0.183   0.000   0.057   0.240     3.338
   13          inf   1.3301e+04   2.1082e+05  16796   8020     5      0      0      1      0   0.181   0.000   0.062   0.244     3.582
   14          inf   1.3301e+04   2.1083e+05  16798   8006     6      2      0      0     14   0.182   0.026   0.058   0.266     3.849
   15          inf   1.9844e+05   2.1135e+05  17080   8005     5    282      0      0      1   0.178   0.228   0.055   0.463     4.311
   16          inf   1.9844e+05   2.1060e+05  17080   8013     0      0      0      8      0   0.178   0.000   0.049   0.227     4.539
   17   2.1060e+05   1.9844e+05   2.1060e+05  17085   7977     0      5      0      0     36   0.185   0.026   0.058   0.270     4.809
   18   2.1060e+05   1.9844e+05   2.1060e+05  17085   7980     0      0      0      3      0   0.175   0.000   0.057   0.233     5.042
   19   2.1060e+05   2.1051e+05   2.1060e+05  17154   7974     0     69      0      0      6   0.174   0.229   0.062   0.466     5.508
   20   2.1060e+05   2.1059e+05   2.1060e+05  17154   7974     0    *24      0      0      0   0.179   0.205   0.051   0.436     5.943
CG optimal after 20 iterations. UB=210595.000061 LB=210590.316884 gap=4.683e+00 tol=2.106e+01  t_LP=3.713  t_PR=1.315  t_SP=1.150  t_Tot=6.191
[bounded-pricing] enabled=1 cut=30979 priced=40274 rate=76.9%

# === STDOUT (result CSV) ===
Setting parameter 'LpMethod' to 2
Setting parameter 'GPUMode' to 2
Setting parameter 'Presolve' to 0
Setting parameter 'Crossover' to 0
instance,formulation,iterations,columns,objective,lower_bound,optimal,time,time_lp,time_pricing,time_separation
data/intermodal/BUS-7896-0.txt.gz,tree,20,9271,210595.000061,210590.316884,1,6.399,3.713,1.315,1.150
