# cmd: /usr/bin/time -o /tmp/mcfcg_mem__k13l4gx.txt -f %M build/mcfcg_cli data/intermodal/BUS-13160-0.txt.gz --solver copt --copt-gpu-mode 0 --formulation tree --max-iters 10000 --strategy pricer-heavy --pricing-cutoff --time-limit 1800.0
# outcome: ok
# returncode: 0
# peak_rss_kb: 549784
# peak_rss_source: measured
# === STDERR (CG iteration log + preamble) ===
Instance: 140925 vertices, 1023858 arcs, 13135 commodities, 13135 sources
Solver: copt (gpu-mode 0), formulation: tree
Pricing threads: 32 (auto)
Slack mode: CommodityRows (struct=13135, capped_arcs=836960)
[lp-config] backend=copt version=8.0.1 method=barrier exec=CPU presolve=off crossover=off tol=0.0001 threads=auto(32)
   It           UB           LB       LP_obj   #col   #row  #slk   +col   -col   +cut   -cut    t_LP    t_PR    t_SP   t_Tot     t_acc
    1          inf         -inf   3.3868e+05  26270  13208   783      0      0     73      0   0.044   0.000   0.070   0.115     0.115
    2          inf         -inf   3.4174e+05  26924  13208  1041    654      0      0      0   0.014   0.085   0.073   0.174     0.288
    3          inf         -inf   3.4913e+05  26924  13259    71      0      0     51      0   0.017   0.000   0.070   0.087     0.376
    4          inf         -inf   3.5030e+05  27288  13259   146    364      0      0      0   0.019   0.067   0.070   0.157     0.532
    5          inf         -inf   3.5357e+05  27288  13268    90      0      0      9      0   0.020   0.000   0.071   0.092     0.625
    6          inf         -inf   3.5362e+05  27404  13268    92    116      0      0      0   0.022   0.047   0.071   0.140     0.765
    7          inf         -inf   3.6396e+05  27404  13272    56      0      0      4      0   0.022   0.000   0.069   0.091     0.857
    8          inf         -inf   3.6397e+05  27511  13233    58    107      0      0     39   0.022   0.041   0.070   0.134     0.990
    9          inf         -inf   3.7153e+05  27511  13239    73      0      0      6      0   0.021   0.000   0.070   0.091     1.081
   10          inf         -inf   3.7158e+05  27604  13209    74     93      0      0     30   0.022   0.044   0.071   0.138     1.219
   11          inf         -inf   3.5741e+05  27604  13218    28      0      0      9      0   0.021   0.000   0.071   0.092     1.311
   12          inf         -inf   3.5742e+05  27686  13208    32     82      0      0     10   0.021   0.045   0.072   0.139     1.451
   13          inf         -inf   3.5354e+05  27686  13219    23      0      0     11      0   0.021   0.000   0.071   0.093     1.544
   14          inf         -inf   3.5355e+05  27749  13211    26     63      0      0      8   0.021   0.044   0.070   0.135     1.679
   15          inf   2.8844e+05   3.5453e+05  28063  13208    16    314      0      0      3   0.022   0.438   0.070   0.531     2.211
   16          inf   2.8844e+05   3.4838e+05  28063  13232     0      0      0     24      0   0.021   0.000   0.070   0.092     2.303
   17   3.4843e+05   2.8844e+05   3.4843e+05  28101  13228     0     38      0      0      4   0.023   0.049   0.069   0.142     2.445
   18   3.4843e+05   2.8844e+05   3.4840e+05  28101  13229     0      0      0      1      0   0.022   0.000   0.070   0.092     2.537
   19   3.4840e+05   3.4835e+05   3.4840e+05  28143  13222     0     42      0      0      7   0.023   0.454   0.070   0.547     3.084
   20   3.4840e+05   3.4835e+05   3.4836e+05  28143  13224     0      0      0      2      0   0.023   0.000   0.069   0.093     3.178
   21   3.4836e+05   3.4836e+05   3.4836e+05  28143  13224     0     *4      0      0      0   0.023   0.457   0.070   0.549     3.727
CG optimal after 21 iterations. UB=348361.500000 LB=348359.953041 gap=1.547e+00 tol=3.484e+01  t_LP=0.464  t_PR=2.245  t_SP=1.476  t_Tot=4.202
[pricing-cutoff] enabled=1 cut=40200 priced=55212 rate=72.8%

# === STDOUT (result CSV) ===
Setting parameter 'LpMethod' to 2
Setting parameter 'GPUMode' to 0
Setting parameter 'Presolve' to 0
Setting parameter 'Crossover' to 0
instance,formulation,iterations,columns,objective,lower_bound,optimal,time,time_lp,time_pricing,time_separation
data/intermodal/BUS-13160-0.txt.gz,tree,21,15008,348361.500000,348359.953041,1,4.454,0.464,2.245,1.476
