# cmd: /usr/bin/time -o /tmp/mcfcg_mem_50wr5cgj.txt -f %M build/mcfcg_cli data/transportation/Sydney_net.tntp.gz --solver copt --copt-gpu-mode 2 --formulation tree --max-iters 10000 --bounded-pricing --time-limit 1800.0
# outcome: ok
# returncode: 0
# peak_rss_kb: 9839976
# peak_rss_source: measured
# === STDERR (CG iteration log + preamble) ===
TNTP: net=data/transportation/Sydney_net.tntp.gz trips=data/transportation/Sydney_trips.tntp.gz coef=1.9
Instance: 33113 vertices, 75379 arcs, 3343560 commodities, 3257 sources
Solver: copt (gpu-mode 2), formulation: tree
Pricing threads: 32 (auto)
Slack mode: CommodityRows (struct=3257, capped_arcs=75379)
[lp-config] backend=copt version=8.0.1 method=barrier exec=GPU presolve=off crossover=off tol=0.0001 threads=n/a(GPU)
   It           UB           LB       LP_obj   #col   #row  #slk   +col   -col   +cut   -cut    t_LP    t_PR    t_SP   t_Tot     t_acc
    1          inf   6.4642e+05   1.5043e+05   6514   3257  3042      0      0      0      0   0.333   0.136   0.006   0.475     0.475
    2          inf   1.3602e+06   1.2093e+06   6514   3257  2028      0      0      0      0   0.039   0.647   0.011   0.697     1.172
    3          inf   4.6551e+06   4.6463e+06   6514   3477    91      0      0    220      0   0.037   1.718   0.025   1.780     2.953
    4          inf   4.6551e+06   5.5261e+06   9757   3482   706   3243      0      5      0   0.404   0.883   0.020   2.101     5.054
    5          inf   4.6551e+06   5.8426e+06  13011   3497   735   3254      0     15      0   0.557   0.891   0.035   2.310     7.363
    6          inf   4.6551e+06   5.8386e+06  16263   3552   223   3252      0     55      0   0.742   0.892   0.057   2.525     9.889
    7          inf   4.6551e+06   5.2367e+06  19511   3610    19   3248      0     58      0   1.369   0.889   0.075   3.170    13.058
    8          inf   4.6831e+06   4.9884e+06  22755   3618     0   3244      0      8      0   2.066   0.904   0.086   3.937    16.995
    9          inf   4.9585e+06   4.9804e+06  25875   3514     0   3243    123      1    105   2.167   0.886   0.074   4.269    21.264
   10          inf   4.9615e+06   4.9735e+06  27636   3516     0   3205   1444      3      1   1.356   0.892   0.118   3.438    24.701
   11          inf   4.9645e+06   4.9713e+06  28863   3508     0   3215   1988      1      9   1.517   0.857   0.128   3.556    28.257
   12          inf   4.9653e+06   4.9700e+06  28583   3469     0   3141   3421      1     40   1.399   0.907   0.139   3.384    31.641
   13          inf   4.9653e+06   4.9692e+06  27858   3420     0   3104   3829      2     51   1.121   0.896   0.131   3.078    34.719
   14          inf   4.9661e+06   4.9688e+06  26606   3403     0   3068   4320      2     19   0.828   0.845   0.128   2.711    37.430
   15   4.9685e+06   4.9661e+06   4.9685e+06  26184   3396     0   2917   3339      0      7   0.744   0.906   0.123   2.670    40.100
   16   4.9684e+06   4.9663e+06   4.9684e+06  25915   3394     0   2680   2949      0      2   0.650   0.911   0.121   2.547    42.647
   17   4.9683e+06   4.9664e+06   4.9683e+06  25610   3388     0   2306   2611      0      6   0.757   0.907   0.123   2.600    45.247
   18   4.9682e+06   4.9664e+06   4.9682e+06  24789   3388     0   2038   2859      0      0   0.644   0.878   0.121   2.411    47.657
   19   4.9682e+06   4.9664e+06   4.9682e+06  23614   3388     0   1747   2922      2      2   0.625   0.889   0.119   2.355    50.012
   20   4.9682e+06   4.9665e+06   4.9682e+06  21685   3387     0   1051   2980      0      1   0.643   0.893   0.113   2.260    52.272
   21   4.9682e+06   4.9665e+06   4.9682e+06  19775   3387     0    462   2372      0      0   0.574   0.893   0.103   2.013    54.285
   22   4.9682e+06   4.9665e+06   4.9682e+06  18115   3387     0    135   1795      0      0   0.606   0.892   0.092   1.930    56.215
   23   4.9682e+06   4.9665e+06   4.9682e+06  16467   3385     0     46   1694      0      2   0.536   0.888   0.084   1.810    58.025
   24   4.9682e+06   4.9665e+06   4.9682e+06  16467   3385     0      0      0      0      0   0.501   1.798   0.074   2.373    60.398
CG optimal after 24 iterations. UB=4968208.848142 LB=4966459.016654 gap=1.750e+03 tol=4.968e+02  t_LP=20.213  t_PR=23.826  t_SP=2.106  t_Tot=62.128
[bounded-pricing] enabled=1 fired=27413 priced=94453 rate=29.0%

# === STDOUT (result CSV) ===
Setting parameter 'LpMethod' to 2
Setting parameter 'GPUMode' to 2
Setting parameter 'Presolve' to 0
Setting parameter 'Crossover' to 0
instance,formulation,iterations,columns,objective,lower_bound,optimal,time,time_lp,time_pricing,time_separation
data/transportation/Sydney_net.tntp.gz,tree,24,13210,4968208.848142,4966459.016654,1,63.020,20.213,23.826,2.106
