# cmd: /usr/bin/time -o /tmp/mcfcg_mem_dz_yfrqf.txt -f %M build/mcfcg_cli data/transportation/ChicagoRegional_net.tntp.gz --solver copt --copt-gpu-mode 2 --formulation tree --max-iters 10000 --bounded-pricing --time-limit 1800.0
# outcome: ok
# returncode: 0
# peak_rss_kb: 5809496
# peak_rss_source: measured
# === STDERR (CG iteration log + preamble) ===
TNTP: net=data/transportation/ChicagoRegional_net.tntp.gz trips=data/transportation/ChicagoRegional_trips.tntp.gz coef=4.1
Instance: 12982 vertices, 39018 arcs, 2297945 commodities, 1771 sources
Solver: copt (gpu-mode 2), formulation: tree
Pricing threads: 32 (auto)
Slack mode: CommodityRows (struct=1771, capped_arcs=39018)
[lp-config] backend=copt version=8.0.1 method=barrier exec=GPU presolve=off crossover=off tol=0.0001 threads=n/a(GPU)
   It           UB           LB       LP_obj   #col   #row  #slk   +col   -col   +cut   -cut    t_LP    t_PR    t_SP   t_Tot     t_acc
    1          inf   3.7829e+05   2.1129e+04   3542   1771  1757      0      0      0      0   0.286   0.010   0.003   0.299     0.299
    2          inf   4.5599e+05   2.0846e+05   3542   1771  1717      0      0      0      0   0.036   0.021   0.004   0.060     0.360
    3          inf   1.8763e+06   1.8320e+06   3542   1771  1324      0      0      0      0   0.033   0.120   0.005   0.158     0.518
    4          inf   5.3742e+06   5.3728e+06   3542   2014    24      0      0    243      0   0.031   0.436   0.012   0.480     0.998
    5          inf   5.3742e+06   7.6699e+06   5301   2025   567   1759      0     11      0   0.255   0.225   0.008   0.753     1.751
    6          inf   5.3742e+06   1.5972e+07   7060   2028   585   1759      0      3      0   0.427   0.223   0.013   0.937     2.688
    7          inf   5.3742e+06   2.7241e+07   8819   2033   513   1759      0      5      0   0.550   0.221   0.018   1.053     3.741
    8          inf   5.3742e+06   3.8959e+07  10579   2053   325   1760      0     20      0   0.605   0.220   0.025   1.112     4.853
    9          inf   5.3742e+06   5.0896e+07  12344   2062   313   1765      0      9      0   0.749   0.220   0.031   1.288     6.141
   10          inf   5.3742e+06   3.9714e+07  14021   2011   166   1762     85     28     79   0.863   0.223   0.038   1.504     7.645
   11          inf   5.3742e+06   6.7789e+06  14951   2055     2   1763    833     48      4   0.816   0.225   0.045   1.439     9.085
   12          inf   5.3742e+06   8.0070e+06  15593   2078    11   1761   1119     25      2   0.862   0.226   0.032   1.480    10.565
   13          inf   5.4522e+06   5.5328e+06  15878   2086     0   1761   1476     10      2   0.874   0.227   0.051   1.511    12.076
   14          inf   5.4782e+06   5.5272e+06  16307   2083     0   1756   1327      3      6   0.907   0.227   0.049   1.547    13.622
   15          inf   5.4957e+06   5.5231e+06  16758   2085     0   1756   1305      7      5   0.914   0.231   0.050   1.559    15.182
   16          inf   5.5006e+06   5.5204e+06  16884   2078     0   1756   1630      4     11   0.938   0.227   0.054   1.583    16.764
   17          inf   5.5042e+06   5.5188e+06  16555   2066     0   1756   2085      4     16   0.979   0.228   0.054   1.622    18.387
   18          inf   5.5042e+06   5.5175e+06  15534   2035     0   1753   2774      2     33   0.998   0.228   0.052   1.628    20.014
   19          inf   5.5082e+06   5.5163e+06  15270   2022     0   1750   2014      3     16   0.835   0.222   0.047   1.458    21.472
   20          inf   5.5095e+06   5.5156e+06  15304   2022     0   1748   1714      3      3   0.808   0.223   0.047   1.427    22.899
   21          inf   5.5095e+06   5.5151e+06  15439   2017     0   1747   1612      1      6   0.840   0.222   0.047   1.455    24.354
   22          inf   5.5098e+06   5.5145e+06  15734   2014     0   1744   1449      2      5   0.894   0.227   0.047   1.515    25.869
   23          inf   5.5106e+06   5.5142e+06  15874   2015     0   1737   1597      4      3   0.916   0.228   0.049   1.546    27.415
   24   5.5140e+06   5.5108e+06   5.5140e+06  16132   2013     0   1736   1478      0      2   0.902   0.225   0.050   1.518    28.933
   25   5.5140e+06   5.5112e+06   5.5138e+06  15980   2008     0   1735   1887      1      6   0.929   0.225   0.049   1.561    30.494
   26   5.5140e+06   5.5117e+06   5.5137e+06  16108   2007     0   1724   1596      2      3   0.898   0.230   0.050   1.529    32.022
   27   5.5140e+06   5.5117e+06   5.5135e+06  16269   2007     0   1724   1563      1      1   0.933   0.230   0.051   1.570    33.593
   28   5.5140e+06   5.5117e+06   5.5134e+06  16127   2007     0   1720   1862      3      3   0.917   0.232   0.052   1.546    35.138
   29   5.5134e+06   5.5117e+06   5.5134e+06  16656   2005     0   1721   1192      0      2   0.841   0.232   0.050   1.461    36.599
   30   5.5133e+06   5.5120e+06   5.5133e+06  16928   2005     0   1703   1431      0      0   0.899   0.231   0.053   1.516    38.115
   31   5.5133e+06   5.5120e+06   5.5133e+06  17193   2005     0   1699   1434      1      1   0.927   0.230   0.051   1.563    39.678
   32   5.5133e+06   5.5121e+06   5.5133e+06  17504   2006     0   1683   1372      1      0   0.943   0.233   0.053   1.573    41.252
   33   5.5132e+06   5.5122e+06   5.5132e+06  17860   2006     0   1658   1302      0      0   1.002   0.233   0.054   1.632    42.884
   34   5.5132e+06   5.5122e+06   5.5132e+06  18400   2006     0   1642   1102      1      1   0.993   0.232   0.055   1.650    44.534
   35   5.5132e+06   5.5123e+06   5.5132e+06  18418   2007     0   1589   1571      1      0   1.025   0.232   0.058   1.671    46.205
   36   5.5132e+06   5.5123e+06   5.5132e+06  18526   2006     0   1567   1459      0      1   1.030   0.234   0.055   1.680    47.885
   37   5.5132e+06   5.5123e+06   5.5132e+06  18852   2005     0   1545   1219      0      1   1.032   0.239   0.059   1.686    49.571
   38   5.5132e+06   5.5123e+06   5.5132e+06  19257   2005     0   1499   1094      0      0   1.094   0.242   0.059   1.751    51.323
   39   5.5132e+06   5.5123e+06   5.5132e+06  19791   2005     0   1495    961      0      0   1.135   0.239   0.059   1.802    53.125
   40   5.5132e+06   5.5123e+06   5.5132e+06  20582   2004     0   1416    625      1      2   1.160   0.237   0.061   1.863    54.988
   41   5.5132e+06   5.5124e+06   5.5132e+06  21547   2005     0   1372    407      1      0   1.135   0.235   0.065   1.832    56.820
   42   5.5132e+06   5.5124e+06   5.5132e+06  22478   2005     0   1301    370      1      1   1.230   0.235   0.065   1.944    58.763
   43   5.5132e+06   5.5124e+06   5.5132e+06  23153   2005     0   1142    467      0      0   1.282   0.237   0.070   1.954    60.718
   44   5.5132e+06   5.5124e+06   5.5132e+06  23408   2005     0    713    458      0      0   1.294   0.245   0.070   1.913    62.630
   45   5.5132e+06   5.5124e+06   5.5132e+06  23697   2005     0    574    285      0      0   1.337   0.243   0.072   1.957    64.587
   46   5.5132e+06   5.5124e+06   5.5132e+06  23789   2005     0    507    415      0      0   1.361   0.245   0.076   1.957    66.544
   47   5.5132e+06   5.5124e+06   5.5132e+06  23892   2004     0    237    134      0      1   1.380   0.246   0.071   1.965    68.509
   48   5.5132e+06   5.5124e+06   5.5132e+06  23971   2001     0    240    161      0      3   1.425   0.246   0.075   2.017    70.526
   49   5.5132e+06   5.5124e+06   5.5132e+06  23818   2001     0     25    178      0      0   1.389   0.245   0.072   1.926    72.452
   50   5.5132e+06   5.5124e+06   5.5132e+06  23818   2002     0      0      0      1      0   1.339   0.486   0.070   1.895    74.347
   51   5.5132e+06   5.5124e+06   5.5132e+06  23991   2002     0    222     49      0      0   2.149   0.245   0.010   2.639    76.986
   52   5.5132e+06   5.5124e+06   5.5132e+06  23997   2002     0      8      2      0      0   1.333   0.241   0.064   1.856    78.842
   53   5.5132e+06   5.5124e+06   5.5132e+06  23987   2002     0      1     11      0      0   1.345   0.243   0.045   1.848    80.690
   54   5.5132e+06   5.5124e+06   5.5132e+06  23987   2002     0      0      0      0      0   1.339   0.474   0.046   1.859    82.549
CG optimal after 54 iterations. UB=5513156.234112 LB=5512372.754103 gap=7.835e+02 tol=5.513e+02  t_LP=51.416  t_PR=13.195  t_SP=2.572  t_Tot=83.066
[bounded-pricing] enabled=1 fired=26805 priced=108031 rate=24.8%

# === STDOUT (result CSV) ===
Setting parameter 'LpMethod' to 2
Setting parameter 'GPUMode' to 2
Setting parameter 'Presolve' to 0
Setting parameter 'Crossover' to 0
instance,formulation,iterations,columns,objective,lower_bound,optimal,time,time_lp,time_pricing,time_separation
data/transportation/ChicagoRegional_net.tntp.gz,tree,54,22216,5513156.234112,5512372.754103,1,83.581,51.416,13.195,2.572
