# cmd: /usr/bin/time -o /tmp/mcfcg_mem_iykgcsir.txt -f %M build/mcfcg_cli data/transportation/Barcelona_net.tntp.gz --solver copt --copt-gpu-mode 2 --formulation tree --max-iters 10000 --bounded-pricing --time-limit 1800.0
# outcome: ok
# returncode: 0
# peak_rss_kb: 499172
# peak_rss_source: measured
# === STDERR (CG iteration log + preamble) ===
TNTP: net=data/transportation/Barcelona_net.tntp.gz trips=data/transportation/Barcelona_trips.tntp.gz coef=5050.0
Instance: 1020 vertices, 2522 arcs, 7922 commodities, 97 sources
Solver: copt (gpu-mode 2), formulation: tree
Pricing threads: 32 (auto)
Slack mode: CommodityRows (struct=97, capped_arcs=2522)
[lp-config] backend=copt version=8.0.1 method=barrier exec=GPU presolve=off crossover=off tol=0.0001 threads=n/a(GPU)
   It           UB           LB       LP_obj   #col   #row  #slk   +col   -col   +cut   -cut    t_LP    t_PR    t_SP   t_Tot     t_acc
    1          inf   2.3745e+02   2.3756e+02    194    227     0      0      0    130      0   0.358   0.002   0.000   0.361     0.361
    2          inf   2.3745e+02   1.4151e+03    290    227    26     96      0      0      0   0.190   0.002   0.000   0.192     0.553
    3          inf   2.3745e+02   3.8452e+03    385    230    37     95      0      3      0   0.189   0.001   0.000   0.192     0.744
    4          inf   2.3745e+02   8.5308e+03    480    235    40     95      0      5      0   0.195   0.001   0.000   0.197     0.941
    5          inf   2.3745e+02   2.7493e+03    576    273    11     96      0     38      0   0.207   0.002   0.000   0.210     1.151
    6          inf   2.3745e+02   7.7570e+03    671    278    11     95      0      5      0   0.212   0.001   0.000   0.215     1.366
    7          inf   2.3745e+02   3.7874e+03    758    213     4     94      7      7     72   0.226   0.001   0.000   0.229     1.595
    8          inf   2.3745e+02   2.4832e+02    811    226     0     95     42     14      1   0.212   0.001   0.000   0.215     1.810
    9          inf   2.3854e+02   2.4684e+02    857    229     0     94     48      3      0   0.203   0.001   0.000   0.206     2.016
   10          inf   2.4061e+02   2.4619e+02    906    230     0     88     39      7      6   0.209   0.001   0.000   0.212     2.228
   11          inf   2.4156e+02   2.4525e+02    909    215     0     86     83      5     20   0.212   0.001   0.000   0.215     2.443
   12          inf   2.4156e+02   2.4471e+02    903    216     0     82     88      4      3   0.201   0.001   0.000   0.205     2.647
   13   2.4443e+02   2.4156e+02   2.4443e+02    868    205     0     80    115      0     11   0.203   0.001   0.000   0.207     2.854
   14   2.4443e+02   2.4237e+02   2.4417e+02    827    193     0     76    117      1     13   0.206   0.001   0.001   0.210     3.063
   15   2.4443e+02   2.4273e+02   2.4404e+02    813    194     0     73     87      5      4   0.201   0.001   0.000   0.204     3.268
   16   2.4443e+02   2.4287e+02   2.4395e+02    788    186     0     69     94      4     12   0.206   0.001   0.002   0.210     3.478
   17   2.4443e+02   2.4303e+02   2.4387e+02    773    187     0     69     84      4      3   0.206   0.001   0.000   0.210     3.688
   18   2.4443e+02   2.4311e+02   2.4379e+02    758    186     0     70     85      2      3   0.208   0.001   0.000   0.211     3.899
   19   2.4443e+02   2.4311e+02   2.4370e+02    735    187     0     62     85      2      1   0.203   0.001   0.000   0.206     4.105
   20   2.4443e+02   2.4311e+02   2.4366e+02    707    188     0     48     76      1      0   0.207   0.001   0.000   0.210     4.315
   21   2.4443e+02   2.4328e+02   2.4364e+02    683    187     0     43     67      2      3   0.207   0.001   0.000   0.209     4.524
   22   2.4360e+02   2.4328e+02   2.4360e+02    657    184     0     43     69      0      3   0.205   0.001   0.000   0.207     4.732
   23   2.4360e+02   2.4330e+02   2.4359e+02    630    182     0     35     62      1      3   0.208   0.001   0.001   0.212     4.944
   24   2.4360e+02   2.4330e+02   2.4356e+02    598    182     0     42     74      2      2   0.213   0.001   0.000   0.216     5.159
   25   2.4360e+02   2.4330e+02   2.4355e+02    583    182     0     30     45      1      1   0.209   0.001   0.001   0.213     5.372
   26   2.4355e+02   2.4336e+02   2.4355e+02    553    180     0     23     53      0      2   0.208   0.001   0.000   0.210     5.582
   27   2.4354e+02   2.4336e+02   2.4354e+02    542    180     0     26     37      0      0   0.203   0.001   0.000   0.206     5.788
   28   2.4353e+02   2.4338e+02   2.4353e+02    502    180     0     14     54      0      0   0.206   0.001   0.000   0.209     5.997
   29   2.4353e+02   2.4338e+02   2.4353e+02    472    179     0     18     48      0      1   0.209   0.001   0.000   0.212     6.209
   30   2.4352e+02   2.4339e+02   2.4352e+02    443    179     0     10     39      0      0   0.201   0.001   0.000   0.203     6.412
   31   2.4352e+02   2.4340e+02   2.4352e+02    421    179     0      8     30      0      0   0.204   0.001   0.000   0.206     6.619
   32   2.4352e+02   2.4340e+02   2.4352e+02    407    179     0      4     18      0      0   0.201   0.001   0.000   0.203     6.822
   33   2.4352e+02   2.4341e+02   2.4352e+02    386    178     0      2     23      0      1   0.201   0.001   0.000   0.203     7.025
   34   2.4352e+02   2.4341e+02   2.4352e+02    358    178     0      1     29      0      0   0.195   0.001   0.000   0.197     7.222
   35   2.4352e+02   2.4341e+02   2.4352e+02    338    178     0      1     21      0      0   0.196   0.001   0.000   0.198     7.420
   36   2.4352e+02   2.4341e+02   2.4352e+02    322    178     0      1     17      0      0   0.193   0.001   0.000   0.194     7.615
   37   2.4352e+02   2.4341e+02   2.4352e+02    314    178     0      1      9      0      0   0.195   0.001   0.000   0.196     7.811
   38   2.4352e+02   2.4341e+02   2.4352e+02    314    178     0      0      0      0      0   0.198   0.003   0.000   0.200     8.011
CG optimal after 38 iterations. UB=243.517071 LB=243.408431 gap=1.086e-01 tol=2.435e-02  t_LP=7.909  t_PR=0.053  t_SP=0.016  t_Tot=8.018
[bounded-pricing] enabled=1 cut=2015 priced=3977 rate=50.7%

# === STDOUT (result CSV) ===
Setting parameter 'LpMethod' to 2
Setting parameter 'GPUMode' to 2
Setting parameter 'Presolve' to 0
Setting parameter 'Crossover' to 0
instance,formulation,iterations,columns,objective,lower_bound,optimal,time,time_lp,time_pricing,time_separation
data/transportation/Barcelona_net.tntp.gz,tree,38,217,243.517071,243.408431,1,8.040,7.909,0.053,0.016
