# cmd: /usr/bin/time -o /tmp/mcfcg_mem_zln4v31m.txt -f %M build/mcfcg_cli data/transportation/BerlinCenter_net.tntp.gz --solver copt --copt-gpu-mode 2 --formulation tree --max-iters 10000 --bounded-pricing --time-limit 1800.0
# outcome: ok
# returncode: 0
# peak_rss_kb: 684876
# peak_rss_source: measured
# === STDERR (CG iteration log + preamble) ===
TNTP: net=data/transportation/BerlinCenter_net.tntp.gz trips=data/transportation/BerlinCenter_trips.tntp.gz coef=0.5
Instance: 12981 vertices, 28376 arcs, 49688 commodities, 865 sources
Solver: copt (gpu-mode 2), formulation: tree
Pricing threads: 32 (auto)
Slack mode: CommodityRows (struct=865, capped_arcs=28376)
[lp-config] backend=copt version=8.0.1 method=barrier exec=GPU presolve=off crossover=off tol=0.0001 threads=n/a(GPU)
   It           UB           LB       LP_obj   #col   #row  #slk   +col   -col   +cut   -cut    t_LP    t_PR    t_SP   t_Tot     t_acc
    1          inf   2.7321e+06   2.6017e+05   1730    865   853      0      0      0      0   0.249   0.003   0.002   0.254     0.254
    2          inf   4.3185e+06   2.4448e+06   1730    865   754      0      0      0      0   0.034   0.005   0.003   0.042     0.297
    3          inf   1.5994e+07   1.5789e+07   1730    891   303      0      0     26      0   0.031   0.039   0.003   0.073     0.370
    4          inf   1.5994e+07   4.0348e+07   2184   1138   237    454      0    247      0   0.043   0.038   0.003   0.090     0.460
    5          inf   1.5994e+07   1.0208e+08   2896   1185   376    712      0     47      0   0.110   0.039   0.003   0.161     0.621
    6          inf   1.5994e+07   3.1195e+08   3608   1251   303    746     34     66      0   0.127   0.043   0.003   0.184     0.805
    7          inf   1.5994e+07   7.6867e+08   4349   1299   254    741      0     48      0   0.160   0.046   0.004   0.217     1.022
    8          inf   1.5994e+07   1.4776e+09   5090   1365   193    741      0     66      0   0.192   0.041   0.004   0.247     1.269
    9          inf   1.5994e+07   2.1270e+09   5778   1402   158    745     57     37      0   0.266   0.041   0.005   0.325     1.594
   10          inf   1.5994e+07   1.7070e+09   6246   1384    94    743    275     26     44   0.321   0.040   0.004   0.381     1.976
   11          inf   1.5994e+07   1.4185e+09   6588   1418    47    719    377     38      4   0.301   0.053   0.005   0.375     2.351
   12          inf   1.5994e+07   5.3496e+08   6828   1448     7    717    477     46     16   0.318   0.049   0.005   0.389     2.740
   13          inf   1.5994e+07   1.1042e+09   7030   1476    15    710    508     41     13   0.354   0.048   0.005   0.426     3.165
   14          inf   1.5994e+07   3.6942e+08   7101   1483     1    683    612     29     22   0.455   0.042   0.005   0.520     3.685
   15          inf   2.6379e+07   2.8297e+07   7123   1485     0    680    658     19     17   0.355   0.041   0.005   0.419     4.104
   16          inf   2.6574e+07   2.8001e+07   7108   1490     0    678    693     13      8   0.369   0.043   0.006   0.437     4.541
   17          inf   2.7141e+07   2.7873e+07   7201   1481     0    660    567      8     17   0.377   0.042   0.005   0.443     4.984
   18          inf   2.7141e+07   2.7754e+07   7128   1466     0    659    732      6     21   0.378   0.043   0.005   0.444     5.428
   19          inf   2.7278e+07   2.7678e+07   6879   1434     0    618    867      8     40   0.397   0.044   0.006   0.465     5.893
   20          inf   2.7314e+07   2.7628e+07   6588   1389     0    621    912      4     49   0.394   0.043   0.005   0.459     6.352
   21          inf   2.7407e+07   2.7593e+07   6408   1363     0    487    667      2     28   0.296   0.043   0.005   0.360     6.713
   22          inf   2.7407e+07   2.7573e+07   6278   1357     0    462    592      8     14   0.328   0.047   0.005   0.396     7.108
   23          inf   2.7461e+07   2.7555e+07   6215   1344     0    484    547      5     18   0.291   0.047   0.005   0.359     7.467
   24          inf   2.7480e+07   2.7549e+07   6126   1338     0    462    551      4     10   0.271   0.045   0.005   0.337     7.804
   25          inf   2.7500e+07   2.7543e+07   6122   1331     0    451    455      2      9   0.268   0.046   0.005   0.333     8.137
   26          inf   2.7505e+07   2.7538e+07   6093   1330     0    420    449      1      2   0.275   0.048   0.005   0.341     8.479
   27   2.7534e+07   2.7511e+07   2.7534e+07   6106   1325     0    393    380      0      5   0.265   0.049   0.005   0.333     8.811
   28   2.7532e+07   2.7517e+07   2.7532e+07   6093   1323     0    388    401      0      2   0.289   0.047   0.005   0.354     9.166
   29   2.7532e+07   2.7524e+07   2.7530e+07   6030   1324     0    337    400      4      3   0.272   0.049   0.005   0.340     9.506
   30   2.7530e+07   2.7524e+07   2.7530e+07   6093   1324     0    427    364      0      0   0.282   0.048   0.005   0.347     9.853
   31   2.7530e+07   2.7526e+07   2.7530e+07   6113   1322     0    334    314      0      2   0.270   0.050   0.005   0.338    10.192
   32   2.7530e+07   2.7527e+07   2.7529e+07   6113   1323     0   *345      0      1      0   0.293   0.050   0.005   0.348    10.539
CG optimal after 32 iterations. UB=27529599.636449 LB=27527368.349914 gap=2.231e+03 tol=2.753e+03  t_LP=8.630  t_PR=1.398  t_SP=0.150  t_Tot=10.586
[bounded-pricing] enabled=1 fired=9315 priced=31140 rate=29.9%

# === STDOUT (result CSV) ===
Setting parameter 'LpMethod' to 2
Setting parameter 'GPUMode' to 2
Setting parameter 'Presolve' to 0
Setting parameter 'Crossover' to 0
instance,formulation,iterations,columns,objective,lower_bound,optimal,time,time_lp,time_pricing,time_separation
data/transportation/BerlinCenter_net.tntp.gz,tree,32,5248,27529599.636449,27527368.349914,1,10.630,8.630,1.398,0.150
