# cmd: /usr/bin/time -o /tmp/mcfcg_mem_2ndqajb1.txt -f %M build/mcfcg_cli data/transportation/Winnipeg_net.tntp.gz --solver copt --copt-gpu-mode 2 --formulation tree --max-iters 10000 --bounded-pricing --time-limit 1800.0
# outcome: ok
# returncode: 0
# peak_rss_kb: 503676
# peak_rss_source: measured
# === STDERR (CG iteration log + preamble) ===
TNTP: net=data/transportation/Winnipeg_net.tntp.gz trips=data/transportation/Winnipeg_trips.tntp.gz coef=2000.0
Instance: 1052 vertices, 2836 arcs, 4345 commodities, 135 sources
Solver: copt (gpu-mode 2), formulation: tree
Pricing threads: 32 (auto)
Slack mode: CommodityRows (struct=135, capped_arcs=2836)
[lp-config] backend=copt version=8.0.1 method=barrier exec=GPU presolve=off crossover=off tol=0.0001 threads=n/a(GPU)
   It           UB           LB       LP_obj   #col   #row  #slk   +col   -col   +cut   -cut    t_LP    t_PR    t_SP   t_Tot     t_acc
    1          inf   3.7412e+02   3.7371e+02    270    270     6      0      0    135      0   0.342   0.003   0.000   0.345     0.345
    2          inf   3.7412e+02   6.0255e+02    386    278    42    116      0      8      0   0.185   0.001   0.000   0.187     0.532
    3          inf   3.7412e+02   1.5701e+03    507    280    49    121      0      2      0   0.177   0.001   0.000   0.180     0.712
    4          inf   3.7412e+02   1.5336e+03    627    325    32    120      0     45      0   0.186   0.001   0.000   0.189     0.901
    5          inf   3.7412e+02   2.7161e+03    751    331    29    124      0      6      0   0.191   0.001   0.000   0.194     1.095
    6          inf   3.7412e+02   1.5587e+03    875    360    16    124      0     29      0   0.201   0.002   0.000   0.204     1.298
    7          inf   3.7412e+02   3.1884e+03    999    301    20    132      8      8     67   0.215   0.001   0.000   0.218     1.517
    8          inf   3.7412e+02   6.3601e+02   1079    333     2    126     46     43     11   0.222   0.001   0.000   0.226     1.742
    9          inf   3.7412e+02   1.8570e+03   1133    339     3    128     74      7      1   0.219   0.001   0.000   0.223     1.965
   10          inf   3.7412e+02   4.5033e+02   1182    321     0    121     72      9     27   0.242   0.002   0.000   0.247     2.212
   11          inf   3.8681e+02   4.4395e+02   1220    318     0    123     85      5      8   0.231   0.001   0.001   0.235     2.446
   12   4.3698e+02   4.0375e+02   4.3698e+02   1243    303     0    122     99      0     15   0.224   0.001   0.001   0.228     2.674
   13   4.3698e+02   4.0634e+02   4.3194e+02   1275    306     0    117     85      5      2   0.219   0.001   0.000   0.222     2.896
   14   4.3698e+02   4.0820e+02   4.2935e+02   1238    278     0    111    148      4     32   0.218   0.001   0.000   0.222     3.118
   15   4.3698e+02   4.0820e+02   4.2705e+02   1167    267     0    120    191      4     15   0.213   0.001   0.000   0.217     3.335
   16   4.2587e+02   4.1083e+02   4.2587e+02   1139    255     0    117    145      0     12   0.214   0.001   0.000   0.218     3.552
   17   4.2587e+02   4.1714e+02   4.2398e+02   1131    245     0    107    115      3     13   0.207   0.001   0.000   0.211     3.763
   18   4.2587e+02   4.1721e+02   4.2269e+02   1116    243     0    105    120      1      3   0.204   0.001   0.000   0.207     3.970
   19   4.2587e+02   4.1721e+02   4.2199e+02   1115    244     0    120    121      3      2   0.199   0.002   0.000   0.203     4.173
   20   4.2587e+02   4.1844e+02   4.2137e+02   1113    245     0     94     96      2      1   0.207   0.001   0.000   0.210     4.383
   21   4.2587e+02   4.1872e+02   4.2100e+02   1073    244     0     91    131      1      2   0.210   0.001   0.000   0.213     4.596
   22   4.2080e+02   4.1923e+02   4.2080e+02   1048    241     0     84    109      0      3   0.208   0.001   0.000   0.211     4.807
   23   4.2080e+02   4.1948e+02   4.2057e+02   1025    240     0     83    106      1      2   0.208   0.001   0.001   0.212     5.019
   24   4.2045e+02   4.1970e+02   4.2045e+02    986    237     0     64    103      0      3   0.205   0.002   0.001   0.209     5.228
   25   4.2045e+02   4.1975e+02   4.2035e+02    918    238     0     57    125      3      2   0.212   0.001   0.000   0.215     5.443
   26   4.2028e+02   4.1980e+02   4.2028e+02    880    236     0     54     92      0      2   0.203   0.001   0.000   0.207     5.650
   27   4.2021e+02   4.1996e+02   4.2021e+02    823    236     0     32     89      0      0   0.196   0.001   0.000   0.199     5.848
   28   4.2019e+02   4.1996e+02   4.2019e+02    806    236     0     57     74      0      0   0.206   0.001   0.001   0.209     6.058
   29   4.2019e+02   4.1996e+02   4.2018e+02    778    235     0     43     71      1      2   0.210   0.001   0.000   0.212     6.270
   30   4.2018e+02   4.1998e+02   4.2018e+02    723    235     0     13     68      0      0   0.208   0.001   0.000   0.211     6.481
   31   4.2017e+02   4.1998e+02   4.2017e+02    682    233     0     14     55      0      2   0.205   0.001   0.000   0.208     6.688
   32   4.2017e+02   4.2001e+02   4.2017e+02    632    233     0     10     60      0      0   0.204   0.001   0.000   0.207     6.895
   33   4.2017e+02   4.2002e+02   4.2017e+02    632    233     0      0      0      0      0   0.207   0.003   0.000   0.210     7.106
CG optimal after 33 iterations. UB=420.168948 LB=420.020626 gap=1.483e-01 tol=4.202e-02  t_LP=6.998  t_PR=0.053  t_SP=0.013  t_Tot=7.110
[bounded-pricing] enabled=1 cut=1875 priced=4860 rate=38.6%

# === STDOUT (result CSV) ===
Setting parameter 'LpMethod' to 2
Setting parameter 'GPUMode' to 2
Setting parameter 'Presolve' to 0
Setting parameter 'Crossover' to 0
instance,formulation,iterations,columns,objective,lower_bound,optimal,time,time_lp,time_pricing,time_separation
data/transportation/Winnipeg_net.tntp.gz,tree,33,497,420.168948,420.020626,1,7.132,6.998,0.053,0.013
