# cmd: /home/simon/code/my/mcfcg/build/mcfcg_cli /home/simon/code/my/mcfcg/data/commalab/grid/grid11 --solver mosek --formulation path --max-iters 10000 --time-limit 7200.0
# outcome: ok
# returncode: 0
# === STDERR (CG iteration log + preamble) ===
Instance: 625 vertices, 2400 arcs, 4000 commodities, 625 sources
Pricing threads: 32 (auto)
Slack mode: EdgeRows (struct=4000, capped_arcs=2400)
   It           UB           LB       LP_obj   #col   #row  #slk   +col   -col   +cut   -cut    t_LP    t_PR    t_SP   t_Tot     t_acc
    1          inf         -inf   3.2684e+08   4241   4241     0      0      0    241      0   0.014   0.004   0.002   0.020     0.020
    2          inf         -inf   3.9001e+08   7583   4241   241   3342      0      0      0   0.089   0.003   0.000   0.095     0.115
    3          inf         -inf   3.3040e+08   9985   4365     0   2278      0    124      0   0.101   0.003   0.002   0.110     0.225
    4          inf         -inf   3.3107e+08  12813   4388     7   2805      0     23      0   0.396   0.003   0.003   0.405     0.630
    5          inf         -inf   3.2983e+08  15113   4406     0   2282      0     18      0   0.500   0.002   0.003   0.508     1.137
    6          inf         -inf   3.2952e+08  17103   4419     0   1977      0     13      0   0.481   0.003   0.003   0.490     1.628
    7          inf         -inf   3.2936e+08  18533   4427     0   1422      0      8      0   0.440   0.003   0.005   0.450     2.078
    8          inf         -inf   3.2929e+08  17942   4359     0   1025   1548      6     74   0.499   0.002   0.005   0.510     2.588
    9          inf         -inf   3.2927e+08  16833   4314     0    563   1627      6     51   0.381   0.002   0.005   0.391     2.979
   10          inf         -inf   3.2926e+08  14216   4302     0    449   3054      2     14   0.342   0.003   0.004   0.353     3.332
   11          inf         -inf   3.2926e+08  12612   4292     0    233   1827      2     12   0.298   0.003   0.003   0.307     3.638
   12          inf         -inf   3.2926e+08  10866   4288     0     85   1827      1      5   0.267   0.003   0.002   0.274     3.913
   13   3.2926e+08   3.2926e+08   3.2926e+08  10866   4288     0    *25      0      0      0   0.333   0.003   0.000   0.336     4.248
CG optimal after 13 iterations. UB=329258130.439769 LB=329257552.795237 gap=5.776e+02 tol=3.293e+04  t_LP=4.140  t_PR=0.045  t_SP=0.036  t_Tot=4.257

# === STDOUT (result CSV) ===
instance,formulation,iterations,columns,objective,lower_bound,optimal,time,time_lp,time_pricing,time_separation
/home/simon/code/my/mcfcg/data/commalab/grid/grid11,path,13,10578,329258130.439769,329257552.795237,1,4.263,4.140,0.045,0.036
