# cmd: /home/simon/code/my/mcfcg/build/mcfcg_cli /home/simon/code/my/mcfcg/data/commalab/grid/grid15 --solver mosek --formulation tree --max-iters 10000 --time-limit 7200.0
# outcome: ok
# returncode: 0
# === STDERR (CG iteration log + preamble) ===
Instance: 1225 vertices, 4760 arcs, 32000 commodities, 1225 sources
Pricing threads: 32 (auto)
Slack mode: CommodityRows (struct=1225, capped_arcs=4760)
   It           UB           LB       LP_obj   #col   #row  #slk   +col   -col   +cut   -cut    t_LP    t_PR    t_SP   t_Tot     t_acc
    1          inf         -inf   1.2250e+05   2450   1225  1225      0      0      0      0   0.011   0.021   0.001   0.033     0.033
    2          inf         -inf   1.2250e+06   2450   1225  1225      0      0      0      0   0.001   0.019   0.001   0.020     0.053
    3          inf         -inf   1.2250e+07   2450   1225  1225      0      0      0      0   0.001   0.018   0.001   0.019     0.073
    4          inf         -inf   1.2250e+08   2450   1225  1225      0      0      0      0   0.001   0.018   0.001   0.019     0.092
    5          inf         -inf   1.2248e+09   2450   1225  1223      0      0      0      0   0.001   0.018   0.001   0.019     0.111
    6          inf         -inf   3.5815e+09   2450   1483     0      0      0    258      0   0.001   0.018   0.004   0.022     0.134
    7          inf         -inf   7.2061e+09   3675   1483   561   1225      0      0      0   0.325   0.009   0.001   0.346     0.480
    8          inf         -inf   5.7372e+09   4900   1489   348   1225      0      6      0   0.216   0.013   0.002   0.244     0.724
    9          inf         -inf   4.8170e+09   6125   1496   208   1225      0      7      0   0.275   0.010   0.003   0.301     1.025
   10          inf         -inf   4.1046e+09   7350   1519    89   1225      0     23      0   0.338   0.013   0.005   0.368     1.392
   11          inf         -inf   3.6312e+09   8575   1553     7   1225      0     34      0   0.594   0.014   0.007   0.629     2.022
   12          inf         -inf   3.6016e+09   9503   1434     0   1225    297      3    122   0.888   0.009   0.006   0.922     2.944
   13          inf         -inf   3.5992e+09  10326   1438     0   1225    402      7      3   0.448   0.014   0.006   0.484     3.428
   14          inf         -inf   3.5975e+09  10873   1446     0   1225    678      8      0   0.391   0.014   0.007   0.428     3.856
   15          inf         -inf   3.5966e+09  11278   1449     0   1225    820      4      1   0.389   0.013   0.007   0.427     4.283
   16          inf         -inf   3.5956e+09  11378   1451     0   1225   1125      9      7   0.478   0.014   0.007   0.519     4.802
   17          inf         -inf   3.5951e+09  10955   1443     0   1225   1648      7     15   0.601   0.013   0.008   0.639     5.441
   18          inf         -inf   3.5947e+09  10658   1440     0   1225   1522      2      5   0.525   0.013   0.008   0.564     6.005
   19          inf         -inf   3.5943e+09  10710   1439     0   1222   1170      6      7   0.626   0.013   0.007   0.667     6.672
   20          inf         -inf   3.5940e+09  10681   1436     0   1224   1253      3      6   0.452   0.013   0.008   0.493     7.165
   21          inf         -inf   3.5939e+09  10703   1435     0   1222   1200      2      3   0.689   0.012   0.007   0.727     7.892
   22          inf         -inf   3.5937e+09  10794   1436     0   1219   1128      4      3   0.663   0.013   0.008   0.701     8.593
   23          inf         -inf   3.5936e+09  10770   1436     0   1212   1236      2      2   0.478   0.012   0.007   0.516     9.109
   24   3.5936e+09   3.5933e+09   3.5936e+09  10770   1436     0  *1199      0      0      0   0.473   0.012   0.003   0.488     9.597
CG optimal after 24 iterations. UB=3593593407.085727 LB=3593289466.295011 gap=3.039e+05 tol=3.594e+05  t_LP=8.862  t_PR=0.362  t_SP=0.114  t_Tot=9.624

# === STDOUT (result CSV) ===
instance,formulation,iterations,columns,objective,lower_bound,optimal,time,time_lp,time_pricing,time_separation
/home/simon/code/my/mcfcg/data/commalab/grid/grid15,tree,24,9545,3593593407.085727,3593289466.295011,1,9.641,8.862,0.362,0.114
