# cmd: /home/simon/code/my/mcfcg/build/mcfcg_cli /home/simon/code/my/mcfcg/data/commalab/grid/grid14 --solver mosek --formulation path --max-iters 10000 --time-limit 7200.0
# outcome: ok
# returncode: 0
# === STDERR (CG iteration log + preamble) ===
Instance: 1225 vertices, 4760 arcs, 16000 commodities, 1225 sources
Pricing threads: 32 (auto)
Slack mode: EdgeRows (struct=16000, capped_arcs=4760)
   It           UB           LB       LP_obj   #col   #row  #slk   +col   -col   +cut   -cut    t_LP    t_PR    t_SP   t_Tot     t_acc
    1          inf         -inf   1.7977e+09  16217  16217     0      0      0    217      0   0.026   0.019   0.008   0.054     0.054
    2          inf         -inf   2.0002e+09  27921  16217   217  11704      0      0      0   0.436   0.012   0.001   0.458     0.512
    3          inf         -inf   1.8060e+09  35390  16292     0   7394      0     75      0   0.404   0.012   0.008   0.436     0.949
    4          inf         -inf   1.8060e+09  44296  16302     2   8896      0     10      0   1.027   0.012   0.009   1.061     2.009
    5          inf         -inf   1.8036e+09  50488  16311     0   6183      0      9      0   1.096   0.012   0.010   1.125     3.135
    6          inf         -inf   1.8029e+09  54903  16316     0   4410      0      5      0   1.123   0.012   0.012   1.153     4.287
    7          inf         -inf   1.8028e+09  57608  16318     0   2703      0      2      0   1.247   0.012   0.013   1.277     5.564
    8          inf         -inf   1.8027e+09  51465  16225     0   1189   7239      3     96   1.247   0.012   0.012   1.284     6.848
    9          inf         -inf   1.8027e+09  46457  16198     0    467   5448      3     30   0.878   0.010   0.012   0.911     7.759
   10   1.8027e+09   1.8027e+09   1.8027e+09  46457  16198     0   *334      0      0      0   0.821   0.012   0.001   0.835     8.594
CG optimal after 10 iterations. UB=1802673375.553939 LB=1802668373.138038 gap=5.002e+03 tol=1.803e+05  t_LP=8.306  t_PR=0.153  t_SP=0.087  t_Tot=8.624

# === STDOUT (result CSV) ===
instance,formulation,iterations,columns,objective,lower_bound,optimal,time,time_lp,time_pricing,time_separation
/home/simon/code/my/mcfcg/data/commalab/grid/grid14,path,10,46259,1802673375.553939,1802668373.138038,1,8.640,8.306,0.153,0.087
