# cmd: /home/simon/code/my/mcfcg/build/mcfcg_cli /home/simon/code/my/mcfcg/data/commalab/grid/grid15 --solver mosek --formulation path --max-iters 10000 --time-limit 7200.0
# outcome: ok
# returncode: 0
# === STDERR (CG iteration log + preamble) ===
Instance: 1225 vertices, 4760 arcs, 32000 commodities, 1225 sources
Pricing threads: 32 (auto)
Slack mode: EdgeRows (struct=32000, capped_arcs=4760)
   It           UB           LB       LP_obj   #col   #row  #slk   +col   -col   +cut   -cut    t_LP    t_PR    t_SP   t_Tot     t_acc
    1          inf         -inf   3.5815e+09  32258  32258     0      0      0    258      0   0.044   0.025   0.017   0.086     0.086
    2          inf         -inf   4.0496e+09  56579  32258   258  24321      0      0      0   1.137   0.009   0.001   1.165     1.251
    3          inf         -inf   3.6015e+09  72007  32353     0  15333      0     95      0   0.849   0.013   0.017   0.903     2.154
    4          inf         -inf   3.6012e+09  90997  32370     2  18973      0     17      0   2.262   0.009   0.019   2.317     4.472
    5          inf         -inf   3.5959e+09 105196  32379     0  14190      0      9      0   2.297   0.012   0.022   2.349     6.821
    6          inf         -inf   3.5944e+09 115521  32385     0  10319      0      6      0   2.843   0.012   0.028   2.897     9.718
    7          inf         -inf   3.5938e+09 123067  32388     0   7543      0      3      0   3.156   0.011   0.030   3.209    12.927
    8          inf         -inf   3.5936e+09 112500  32281     0   4103  14563      1    108   2.716   0.012   0.036   2.793    15.720
    9          inf         -inf   3.5935e+09 103127  32232     0   1627  10951      1     50   2.642   0.011   0.027   2.703    18.423
   10          inf         -inf   3.5935e+09  83846  32219     0    211  19479      1     14   1.916   0.011   0.022   1.971    20.394
   11          inf         -inf   3.5935e+09  71520  32212     0      3  12322      1      8   1.736   0.011   0.017   1.780    22.174
   12   3.5935e+09   3.5935e+09   3.5935e+09  71520  32212     0     *0      0      0      0   1.403   0.023   0.002   1.429    23.603
CG optimal after 12 iterations. UB=3593521554.373806 LB=3593517384.303135 gap=4.170e+03 tol=3.594e+05  t_LP=23.001  t_PR=0.203  t_SP=0.239  t_Tot=23.648

# === STDOUT (result CSV) ===
instance,formulation,iterations,columns,objective,lower_bound,optimal,time,time_lp,time_pricing,time_separation
/home/simon/code/my/mcfcg/data/commalab/grid/grid15,path,12,71308,3593521554.373806,3593517384.303135,1,23.668,23.001,0.203,0.239
