# cmd: /home/simon/code/my/mcfcg/build/mcfcg_cli /home/simon/code/my/mcfcg/data/commalab/grid/grid5 --solver mosek --formulation path --max-iters 10000 --time-limit 7200.0
# outcome: ok
# returncode: 0
# === STDERR (CG iteration log + preamble) ===
Instance: 225 vertices, 840 arcs, 100 commodities, 83 sources
Pricing threads: 32 (auto)
Slack mode: CommodityRows (struct=100, capped_arcs=840)
   It           UB           LB       LP_obj   #col   #row  #slk   +col   -col   +cut   -cut    t_LP    t_PR    t_SP   t_Tot     t_acc
    1          inf         -inf   5.5950e+05    200    100   100      0      0      0      0   0.008   0.001   0.000   0.009     0.009
    2          inf         -inf   4.3345e+06    200    107    35      0      0      7      0   0.000   0.000   0.000   0.001     0.009
    3          inf         -inf   7.3488e+06    225    123    19     25      0     16      0   0.001   0.000   0.000   0.001     0.011
    4          inf         -inf   9.2773e+06    267    133    22     42      0     10      0   0.002   0.000   0.000   0.002     0.013
    5          inf         -inf   6.4630e+06    305    147     8     38      0     14      0   0.002   0.000   0.000   0.002     0.015
    6          inf         -inf   5.0550e+06    340    152     2     36      1      5      0   0.003   0.000   0.000   0.003     0.018
    7   5.0505e+06   5.0452e+06   5.0505e+06    360    152     0     20      0      0      0   0.004   0.000   0.000   0.004     0.022
    8   5.0505e+06   5.0452e+06   5.0495e+06    366    153     0      8      2      1      0   0.004   0.000   0.000   0.004     0.026
    9   5.0497e+06   5.0494e+06   5.0497e+06    366    153     0     *3      0      0      0   0.004   0.000   0.000   0.004     0.030
CG optimal after 9 iterations. UB=5049695.999960 LB=5049378.181539 gap=3.178e+02 tol=5.050e+02  t_LP=0.027  t_PR=0.003  t_SP=0.000  t_Tot=0.031

# === STDOUT (result CSV) ===
instance,formulation,iterations,columns,objective,lower_bound,optimal,time,time_lp,time_pricing,time_separation
/home/simon/code/my/mcfcg/data/commalab/grid/grid5,path,9,266,5049695.999960,5049378.181539,1,0.034,0.027,0.003,0.000
