# cmd: /home/simon/code/my/mcfcg/build/mcfcg_cli /home/simon/code/my/mcfcg/data/commalab/grid/grid7 --solver mosek --formulation path --max-iters 10000 --time-limit 7200.0
# outcome: ok
# returncode: 0
# === STDERR (CG iteration log + preamble) ===
Instance: 400 vertices, 1520 arcs, 400 commodities, 247 sources
Pricing threads: 32 (auto)
Slack mode: CommodityRows (struct=400, capped_arcs=1520)
   It           UB           LB       LP_obj   #col   #row  #slk   +col   -col   +cut   -cut    t_LP    t_PR    t_SP   t_Tot     t_acc
    1          inf         -inf   2.2330e+06    800    400   394      0      0      0      0   0.010   0.001   0.000   0.011     0.011
    2          inf         -inf   1.8829e+07    800    400   239      0      0      0      0   0.000   0.001   0.000   0.002     0.013
    3          inf         -inf   2.5727e+07    800    523     0      0      0    123      0   0.000   0.001   0.000   0.002     0.015
    4          inf         -inf   5.9583e+07   1048    523   132    248      0      0      0   0.008   0.000   0.000   0.009     0.024
    5          inf         -inf   6.0352e+07   1280    530    74    232      0      7      0   0.011   0.000   0.000   0.012     0.036
    6          inf         -inf   4.2467e+07   1470    561     9    190      0     31      0   0.014   0.001   0.000   0.016     0.051
    7          inf         -inf   2.5905e+07   1687    581     0    217      0     20      0   0.035   0.001   0.000   0.036     0.088
    8          inf         -inf   2.5877e+07   1825    591     0    138      0     10      0   0.037   0.001   0.000   0.038     0.126
    9          inf         -inf   2.5869e+07   1918    564     0    110     17      7     34   0.041   0.001   0.000   0.043     0.169
   10          inf         -inf   2.5865e+07   1921    565     0     67     64      1      0   0.035   0.002   0.000   0.037     0.206
   11          inf         -inf   2.5864e+07   1847    563     0     21     95      1      3   0.031   0.001   0.000   0.032     0.238
   12   2.5864e+07   2.5863e+07   2.5864e+07   1847    563     0    *17      0      0      0   0.033   0.001   0.000   0.034     0.273
CG optimal after 12 iterations. UB=25864047.999845 LB=25863327.318274 gap=7.207e+02 tol=2.586e+03  t_LP=0.257  t_PR=0.013  t_SP=0.003  t_Tot=0.276

# === STDOUT (result CSV) ===
instance,formulation,iterations,columns,objective,lower_bound,optimal,time,time_lp,time_pricing,time_separation
/home/simon/code/my/mcfcg/data/commalab/grid/grid7,path,12,1447,25864047.999845,25863327.318274,1,0.279,0.257,0.013,0.003
