# cmd: /home/simon/code/my/mcfcg/build/mcfcg_cli /home/simon/code/my/mcfcg/data/commalab/grid/grid6 --solver mosek --formulation path --max-iters 10000 --time-limit 7200.0
# outcome: ok
# returncode: 0
# === STDERR (CG iteration log + preamble) ===
Instance: 225 vertices, 840 arcs, 200 commodities, 135 sources
Pricing threads: 32 (auto)
Slack mode: CommodityRows (struct=200, capped_arcs=840)
   It           UB           LB       LP_obj   #col   #row  #slk   +col   -col   +cut   -cut    t_LP    t_PR    t_SP   t_Tot     t_acc
    1          inf         -inf   1.1258e+06    400    200   198      0      0      0      0   0.010   0.001   0.000   0.012     0.012
    2          inf         -inf   8.7504e+06    400    213    82      0      0     13      0   0.000   0.000   0.000   0.001     0.012
    3          inf         -inf   1.7843e+07    481    270    56     81      0     57      0   0.002   0.000   0.000   0.003     0.015
    4          inf         -inf   2.8483e+07    611    289    72    130      0     19      0   0.005   0.000   0.000   0.006     0.021
    5          inf         -inf   2.2225e+07    737    310    40    126      0     21      0   0.005   0.000   0.000   0.006     0.027
    6          inf         -inf   1.2733e+07    870    332    11    139      6     22      0   0.008   0.000   0.000   0.009     0.036
    7          inf         -inf   1.0427e+07    983    344     0    113      0     12      0   0.009   0.000   0.000   0.010     0.046
    8          inf         -inf   1.0413e+07   1067    352     0     92      8      8      0   0.018   0.000   0.000   0.018     0.064
    9          inf         -inf   1.0408e+07   1116    349     0     65     16      4      7   0.018   0.000   0.000   0.019     0.084
   10          inf         -inf   1.0404e+07   1129    351     0     44     31      3      1   0.018   0.000   0.000   0.019     0.103
   11          inf         -inf   1.0403e+07   1087    350     0     31     73      2      3   0.020   0.000   0.000   0.020     0.123
   12   1.0402e+07   1.0400e+07   1.0402e+07    985    340     0     13    115      0     10   0.019   0.000   0.000   0.020     0.143
   13   1.0402e+07   1.0401e+07   1.0402e+07    985    340     0    *12      0      0      0   0.017   0.000   0.000   0.017     0.161
CG optimal after 13 iterations. UB=10401685.454665 LB=10400727.319180 gap=9.581e+02 tol=1.040e+03  t_LP=0.151  t_PR=0.005  t_SP=0.002  t_Tot=0.162

# === STDOUT (result CSV) ===
instance,formulation,iterations,columns,objective,lower_bound,optimal,time,time_lp,time_pricing,time_separation
/home/simon/code/my/mcfcg/data/commalab/grid/grid6,path,13,785,10401685.454665,10400727.319180,1,0.165,0.151,0.005,0.002
