# cmd: /home/simon/code/my/mcfcg/build/mcfcg_cli /home/simon/code/my/mcfcg/data/commalab/grid/grid9 --solver mosek --formulation path --max-iters 10000 --time-limit 7200.0
# outcome: ok
# returncode: 0
# === STDERR (CG iteration log + preamble) ===
Instance: 625 vertices, 2400 arcs, 1000 commodities, 495 sources
Pricing threads: 32 (auto)
Slack mode: CommodityRows (struct=1000, capped_arcs=2400)
   It           UB           LB       LP_obj   #col   #row  #slk   +col   -col   +cut   -cut    t_LP    t_PR    t_SP   t_Tot     t_acc
    1          inf         -inf   5.6336e+06   2000   1000   997      0      0      0      0   0.009   0.002   0.000   0.012     0.012
    2          inf         -inf   5.0596e+07   2000   1000   710      0      0      0      0   0.001   0.002   0.000   0.003     0.015
    3          inf         -inf   8.1702e+07   2000   1327     0      0      0    327      0   0.001   0.002   0.001   0.004     0.019
    4          inf         -inf   2.0615e+08   2742   1327   395    742      0      0      0   0.068   0.001   0.000   0.071     0.090
    5          inf         -inf   5.1103e+08   3494   1356   313    752      0     29      0   0.099   0.002   0.000   0.103     0.193
    6          inf         -inf   3.7891e+08   4263   1417   189    769      0     61      0   0.111   0.002   0.001   0.115     0.307
    7          inf         -inf   1.4102e+08   5064   1499    70    801      0     82      0   0.168   0.002   0.001   0.172     0.480
    8          inf         -inf   8.2889e+07   5773   1530     2    709      0     31      0   0.231   0.002   0.001   0.235     0.714
    9          inf         -inf   8.2778e+07   6294   1489     0    623    102     28     69   0.253   0.002   0.001   0.258     0.972
   10          inf         -inf   8.2732e+07   6658   1500     0    562    198     12      1   0.224   0.002   0.001   0.229     1.200
   11          inf         -inf   8.2692e+07   6833   1508     0    488    313     12      4   0.206   0.002   0.001   0.210     1.411
   12          inf         -inf   8.2676e+07   6806   1500     0    431    458      3     11   0.222   0.002   0.001   0.227     1.637
   13          inf         -inf   8.2663e+07   6369   1478     0    359    796      4     26   0.236   0.002   0.001   0.241     1.878
   14          inf         -inf   8.2657e+07   5914   1465     0    252    707      4     17   0.214   0.002   0.001   0.218     2.096
   15          inf         -inf   8.2654e+07   5497   1454     0    164    581      5     16   0.190   0.002   0.001   0.194     2.290
   16          inf         -inf   8.2653e+07   5026   1450     0     75    546      4      8   0.214   0.002   0.001   0.218     2.508
   17          inf         -inf   8.2653e+07   4634   1438     0     58    450      1     13   0.177   0.002   0.001   0.181     2.689
   18   8.2653e+07   8.2653e+07   8.2653e+07   4634   1438     0     *9      0      0      0   0.180   0.002   0.000   0.181     2.870
CG optimal after 18 iterations. UB=82652988.635411 LB=82652756.078459 gap=2.326e+02 tol=8.265e+03  t_LP=2.804  t_PR=0.034  t_SP=0.012  t_Tot=2.874

# === STDOUT (result CSV) ===
instance,formulation,iterations,columns,objective,lower_bound,optimal,time,time_lp,time_pricing,time_separation
/home/simon/code/my/mcfcg/data/commalab/grid/grid9,path,18,3634,82652988.635411,82652756.078459,1,2.879,2.804,0.034,0.012
