# cmd: /home/simon/code/my/mcfcg/build/mcfcg_cli /home/simon/code/my/mcfcg/data/commalab/grid/grid9 --solver mosek --formulation tree --max-iters 10000 --time-limit 7200.0
# outcome: ok
# returncode: 0
# === STDERR (CG iteration log + preamble) ===
Instance: 625 vertices, 2400 arcs, 1000 commodities, 495 sources
Pricing threads: 32 (auto)
Slack mode: CommodityRows (struct=495, capped_arcs=2400)
   It           UB           LB       LP_obj   #col   #row  #slk   +col   -col   +cut   -cut    t_LP    t_PR    t_SP   t_Tot     t_acc
    1          inf         -inf   4.9500e+04    990    495   495      0      0      0      0   0.008   0.003   0.000   0.011     0.011
    2          inf         -inf   4.9500e+05    990    495   495      0      0      0      0   0.000   0.002   0.000   0.003     0.014
    3          inf         -inf   4.9481e+06    990    495   493      0      0      0      0   0.000   0.002   0.000   0.003     0.017
    4          inf         -inf   4.1744e+07    990    495   314      0      0      0      0   0.000   0.002   0.000   0.003     0.020
    5          inf         -inf   8.1702e+07    990    823     0      0      0    328      0   0.000   0.002   0.001   0.003     0.023
    6          inf         -inf   1.7605e+08   1392    823   253    402      0      0      0   0.067   0.002   0.000   0.070     0.093
    7          inf         -inf   5.1433e+08   1804    826   217    412      0      3      0   0.076   0.002   0.000   0.079     0.172
    8          inf         -inf   4.6367e+08   2246    890   112    442      0     64      0   0.084   0.001   0.000   0.087     0.259
    9          inf         -inf   2.9759e+08   2691    938    64    445      0     48      0   0.127   0.001   0.001   0.130     0.390
   10          inf         -inf   1.0092e+08   3139    996    16    448      0     58      0   0.180   0.002   0.001   0.184     0.573
   11          inf         -inf   8.2965e+07   3469    932     0    418     88     23     87   0.206   0.002   0.001   0.210     0.783
   12          inf         -inf   8.2850e+07   3754    952     0    412    127     20      0   0.171   0.002   0.001   0.175     0.958
   13          inf         -inf   8.2793e+07   4000    966     0    388    142     15      1   0.149   0.002   0.001   0.153     1.111
   14          inf         -inf   8.2747e+07   4137    972     0    370    233     14      8   0.187   0.002   0.001   0.191     1.302
   15          inf         -inf   8.2718e+07   4199    981     0    355    293     20     11   0.165   0.002   0.001   0.170     1.472
   16          inf         -inf   8.2698e+07   4022    963     0    334    511     11     29   0.197   0.001   0.001   0.201     1.673
   17          inf         -inf   8.2683e+07   3888    956     0    313    447      8     15   0.167   0.002   0.001   0.171     1.844
   18          inf         -inf   8.2671e+07   3796    943     0    297    389      2     15   0.195   0.002   0.001   0.199     2.043
   19          inf         -inf   8.2663e+07   3705    944     0    275    366      9      8   0.153   0.002   0.001   0.158     2.201
   20          inf         -inf   8.2659e+07   3614    938     0    255    346      4     10   0.151   0.002   0.001   0.155     2.356
   21          inf         -inf   8.2656e+07   3478    936     0    208    344      4      6   0.185   0.001   0.001   0.188     2.544
   22          inf         -inf   8.2654e+07   3344    929     0    202    336      3     10   0.173   0.002   0.001   0.177     2.721
   23          inf         -inf   8.2653e+07   3281    931     0    187    250      3      1   0.168   0.002   0.001   0.172     2.893
   24          inf         -inf   8.2653e+07   3086    930     0     69    264      3      4   0.174   0.002   0.001   0.178     3.071
   25   8.2653e+07   8.2653e+07   8.2653e+07   3086    930     0   *105      0      0      0   0.170   0.002   0.000   0.171     3.243
CG optimal after 25 iterations. UB=82653024.862806 LB=82652595.924330 gap=4.289e+02 tol=8.265e+03  t_LP=3.155  t_PR=0.049  t_SP=0.015  t_Tot=3.248

# === STDOUT (result CSV) ===
instance,formulation,iterations,columns,objective,lower_bound,optimal,time,time_lp,time_pricing,time_separation
/home/simon/code/my/mcfcg/data/commalab/grid/grid9,tree,25,2591,82653024.862806,82652595.924330,1,3.252,3.155,0.049,0.015
