# cmd: /home/simon/code/my/mcfcg/build/mcfcg_cli /home/simon/code/my/mcfcg/data/commalab/grid/grid12 --solver mosek --formulation path --max-iters 10000 --time-limit 7200.0
# outcome: ok
# returncode: 0
# === STDERR (CG iteration log + preamble) ===
Instance: 900 vertices, 3480 arcs, 6000 commodities, 899 sources
Pricing threads: 32 (auto)
Slack mode: EdgeRows (struct=6000, capped_arcs=3480)
   It           UB           LB       LP_obj   #col   #row  #slk   +col   -col   +cut   -cut    t_LP    t_PR    t_SP   t_Tot     t_acc
    1          inf         -inf   5.7494e+08   6230   6230     0      0      0    230      0   0.017   0.009   0.003   0.029     0.029
    2          inf         -inf   6.6575e+08  11043   6230   230   4813      0      0      0   0.140   0.006   0.000   0.150     0.180
    3          inf         -inf   5.7846e+08  14216   6351     0   3052      0    121      0   0.156   0.005   0.003   0.168     0.348
    4          inf         -inf   5.7874e+08  18171   6358     1   3948      0      7      0   0.472   0.005   0.002   0.486     0.833
    5          inf         -inf   5.7762e+08  21017   6370     0   2834      0     12      0   0.401   0.005   0.004   0.414     1.247
    6          inf         -inf   5.7734e+08  22932   6390     0   1895      0     20      0   0.497   0.005   0.005   0.510     1.757
    7          inf         -inf   5.7725e+08  24527   6393     0   1592      0      3      0   0.536   0.005   0.005   0.550     2.307
    8          inf         -inf   5.7720e+08  22404   6308     0    689   2727      2     87   0.603   0.005   0.005   0.622     2.929
    9          inf         -inf   5.7719e+08  20489   6255     0    289   2151      2     55   0.465   0.004   0.006   0.480     3.409
   10   5.7719e+08   5.7718e+08   5.7719e+08  20489   6255     0   *129      0      0      0   0.394   0.005   0.001   0.400     3.809
CG optimal after 10 iterations. UB=577186780.374262 LB=577183135.928223 gap=3.644e+03 tol=5.772e+04  t_LP=3.681  t_PR=0.070  t_SP=0.036  t_Tot=3.823

# === STDOUT (result CSV) ===
instance,formulation,iterations,columns,objective,lower_bound,optimal,time,time_lp,time_pricing,time_separation
/home/simon/code/my/mcfcg/data/commalab/grid/grid12,path,10,20234,577186780.374262,577183135.928223,1,3.831,3.681,0.070,0.036
