# cmd: /home/simon/code/my/mcfcg/build/mcfcg_cli /home/simon/code/my/mcfcg/data/commalab/grid/grid14 --solver mosek --formulation tree --max-iters 10000 --time-limit 7200.0
# outcome: ok
# returncode: 0
# === STDERR (CG iteration log + preamble) ===
Instance: 1225 vertices, 4760 arcs, 16000 commodities, 1225 sources
Pricing threads: 32 (auto)
Slack mode: CommodityRows (struct=1225, capped_arcs=4760)
   It           UB           LB       LP_obj   #col   #row  #slk   +col   -col   +cut   -cut    t_LP    t_PR    t_SP   t_Tot     t_acc
    1          inf         -inf   1.2250e+05   2450   1225  1225      0      0      0      0   0.010   0.018   0.001   0.029     0.029
    2          inf         -inf   1.2250e+06   2450   1225  1225      0      0      0      0   0.001   0.019   0.001   0.020     0.049
    3          inf         -inf   1.2250e+07   2450   1225  1225      0      0      0      0   0.000   0.018   0.001   0.019     0.068
    4          inf         -inf   1.2250e+08   2450   1225  1225      0      0      0      0   0.000   0.019   0.001   0.020     0.088
    5          inf         -inf   1.1712e+09   2450   1225   967      0      0      0      0   0.001   0.018   0.001   0.019     0.107
    6          inf         -inf   1.7977e+09   2450   1442     0      0      0    217      0   0.001   0.018   0.003   0.021     0.129
    7          inf         -inf   4.6145e+09   3670   1442   606   1220      0      0      0   0.258   0.008   0.001   0.274     0.403
    8          inf         -inf   3.9003e+09   4894   1443   280   1224      0      1      0   0.181   0.013   0.002   0.204     0.608
    9          inf         -inf   2.5752e+09   6117   1468   108   1223      0     25      0   0.170   0.013   0.002   0.194     0.801
   10          inf         -inf   2.0026e+09   7342   1487    29   1225      0     19      0   0.268   0.013   0.003   0.293     1.094
   11          inf         -inf   1.8054e+09   8567   1502     0   1225      0     15      0   0.394   0.012   0.003   0.418     1.512
   12          inf         -inf   1.8045e+09   9586   1410     0   1223    204      7     99   0.391   0.013   0.004   0.422     1.934
   13          inf         -inf   1.8039e+09  10356   1416     0   1216    446      6      0   0.284   0.012   0.005   0.312     2.246
   14          inf         -inf   1.8035e+09  10908   1423     0   1217    665      7      0   0.276   0.013   0.004   0.305     2.551
   15          inf         -inf   1.8032e+09  11048   1424     0   1204   1064      4      3   0.345   0.012   0.005   0.375     2.926
   16          inf         -inf   1.8030e+09  10696   1419     0   1185   1537      1      6   0.353   0.013   0.005   0.383     3.309
   17          inf         -inf   1.8029e+09  10466   1413     0   1163   1393      4     10   0.338   0.012   0.005   0.367     3.677
   18   1.8028e+09   1.8025e+09   1.8028e+09  10377   1406     0   1143   1232      0      7   0.304   0.012   0.003   0.328     4.005
   19   1.8028e+09   1.8025e+09   1.8027e+09  10216   1407     0   1065   1226      3      2   0.340   0.013   0.006   0.370     4.376
   20   1.8028e+09   1.8025e+09   1.8027e+09  10087   1402     0   1060   1189      1      6   0.455   0.012   0.007   0.485     4.861
   21   1.8028e+09   1.8025e+09   1.8027e+09   9723   1401     0    821   1185      4      5   0.452   0.012   0.005   0.480     5.341
   22   1.8027e+09   1.8027e+09   1.8027e+09   9723   1401     0   *537      0      0      0   0.498   0.012   0.003   0.513     5.853
CG optimal after 22 iterations. UB=1802673420.124681 LB=1802669668.983855 gap=3.751e+03 tol=1.803e+05  t_LP=5.323  t_PR=0.322  t_SP=0.068  t_Tot=5.872

# === STDOUT (result CSV) ===
instance,formulation,iterations,columns,objective,lower_bound,optimal,time,time_lp,time_pricing,time_separation
/home/simon/code/my/mcfcg/data/commalab/grid/grid14,tree,22,8498,1802673420.124681,1802669668.983855,1,5.884,5.323,0.322,0.068
