# cmd: /home/simon/code/my/mcfcg/build/mcfcg_cli /home/simon/code/my/mcfcg/data/commalab/grid/grid8 --solver mosek --formulation tree --max-iters 10000 --time-limit 7200.0
# outcome: ok
# returncode: 0
# === STDERR (CG iteration log + preamble) ===
Instance: 625 vertices, 2400 arcs, 500 commodities, 343 sources
Pricing threads: 32 (auto)
Slack mode: CommodityRows (struct=343, capped_arcs=2400)
   It           UB           LB       LP_obj   #col   #row  #slk   +col   -col   +cut   -cut    t_LP    t_PR    t_SP   t_Tot     t_acc
    1          inf         -inf   3.4300e+04    686    343   343      0      0      0      0   0.009   0.002   0.000   0.011     0.011
    2          inf         -inf   3.4300e+05    686    343   343      0      0      0      0   0.000   0.002   0.000   0.002     0.013
    3          inf         -inf   3.4172e+06    686    343   338      0      0      0      0   0.000   0.002   0.000   0.002     0.015
    4          inf         -inf   2.6022e+07    686    344   167      0      0      1      0   0.000   0.001   0.000   0.002     0.017
    5          inf         -inf   4.6211e+07    709    593    16     23      0    249      0   0.001   0.001   0.000   0.003     0.020
    6          inf         -inf   1.0110e+08    981    596   174    274      2      3      0   0.032   0.001   0.000   0.034     0.054
    7          inf         -inf   2.2008e+08   1239    612   133    258      0     16      0   0.045   0.001   0.000   0.047     0.101
    8          inf         -inf   1.6423e+08   1514    663    53    275      0     51      0   0.048   0.001   0.000   0.050     0.151
    9          inf         -inf   8.3794e+07   1793    691    31    279      0     28      0   0.064   0.001   0.000   0.066     0.217
   10          inf         -inf   4.1814e+07   2052    716     0    260      1     25      0   0.109   0.001   0.001   0.111     0.328
   11          inf         -inf   4.1771e+07   2247    661     0    237     42     17     72   0.093   0.001   0.000   0.095     0.423
   12          inf         -inf   4.1752e+07   2423    671     0    233     57     12      2   0.080   0.001   0.000   0.083     0.507
   13          inf         -inf   4.1736e+07   2517    682     0    199    105     15      4   0.077   0.001   0.000   0.079     0.586
   14          inf         -inf   4.1728e+07   2539    677     0    180    158      6     11   0.091   0.001   0.000   0.093     0.679
   15          inf         -inf   4.1720e+07   2423    676     0    156    272      9     10   0.085   0.001   0.000   0.088     0.767
   16          inf         -inf   4.1717e+07   2318    670     0    152    257      5     11   0.083   0.001   0.000   0.086     0.853
   17          inf         -inf   4.1714e+07   2212    665     0    133    239      5     10   0.100   0.001   0.000   0.103     0.956
   18          inf         -inf   4.1712e+07   2134    663     0    115    193      6      8   0.075   0.001   0.000   0.078     1.033
   19          inf         -inf   4.1711e+07   2081    656     0    100    153      3     10   0.080   0.001   0.000   0.083     1.116
   20          inf         -inf   4.1711e+07   1995    652     0     64    150      2      6   0.070   0.001   0.000   0.072     1.188
   21   4.1711e+07   4.1709e+07   4.1711e+07   1995    652     0    *39      0      0      0   0.066   0.001   0.000   0.067     1.255
CG optimal after 21 iterations. UB=41710681.916839 LB=41709206.658857 gap=1.475e+03 tol=4.171e+03  t_LP=1.210  t_PR=0.027  t_SP=0.008  t_Tot=1.258

# === STDOUT (result CSV) ===
instance,formulation,iterations,columns,objective,lower_bound,optimal,time,time_lp,time_pricing,time_separation
/home/simon/code/my/mcfcg/data/commalab/grid/grid8,tree,21,1652,41710681.916839,41709206.658857,1,1.262,1.210,0.027,0.008
