# cmd: /home/simon/code/my/mcfcg/build/mcfcg_cli /home/simon/code/my/mcfcg/data/commalab/grid/grid1 --solver mosek --formulation path --max-iters 10000 --time-limit 7200.0
# outcome: ok
# returncode: 0
# === STDERR (CG iteration log + preamble) ===
Instance: 25 vertices, 80 arcs, 50 commodities, 23 sources
Pricing threads: 32 (auto)
Slack mode: CommodityRows (struct=50, capped_arcs=80)
   It           UB           LB       LP_obj   #col   #row  #slk   +col   -col   +cut   -cut    t_LP    t_PR    t_SP   t_Tot     t_acc
    1          inf         -inf   2.7970e+05    100     50    45      0      0      0      0   0.011   0.000   0.000   0.011     0.011
    2          inf         -inf   8.2017e+05    100     60     0      0      0     10      0   0.000   0.000   0.000   0.000     0.012
    3          inf         -inf   1.0895e+06    121     60    10     21      0      0      0   0.001   0.000   0.000   0.001     0.013
    4          inf         -inf   1.4561e+06    128     61     2      7      0      1      0   0.001   0.000   0.000   0.001     0.014
    5          inf         -inf   9.3524e+05    137     61     4      9      0      0      0   0.001   0.000   0.000   0.001     0.015
    6   8.2749e+05   8.2691e+05   8.2749e+05    138     61     0      1      0      0      0   0.001   0.000   0.000   0.001     0.016
    7   8.2749e+05   8.2691e+05   8.2732e+05    138     62     0      0      0      1      0   0.001   0.000   0.000   0.001     0.017
    8   8.2749e+05   8.2691e+05   8.2741e+05    137     60     1      1      2      0      2   0.001   0.000   0.000   0.001     0.018
    9   8.2732e+05   8.2732e+05   8.2732e+05    137     60     0     *0      0      0      0   0.001   0.000   0.000   0.001     0.019
CG optimal after 9 iterations. UB=827318.999975 LB=827318.076962 gap=9.230e-01 tol=8.273e+01  t_LP=0.017  t_PR=0.002  t_SP=0.000  t_Tot=0.020

# === STDOUT (result CSV) ===
instance,formulation,iterations,columns,objective,lower_bound,optimal,time,time_lp,time_pricing,time_separation
/home/simon/code/my/mcfcg/data/commalab/grid/grid1,path,9,87,827318.999975,827318.076962,1,0.023,0.017,0.002,0.000
