# cmd: /home/simon/code/my/mcfcg/build/mcfcg_cli /home/simon/code/my/mcfcg/data/commalab/grid/grid13 --solver mosek --formulation path --max-iters 10000 --time-limit 7200.0
# outcome: ok
# returncode: 0
# === STDERR (CG iteration log + preamble) ===
Instance: 900 vertices, 3480 arcs, 12000 commodities, 900 sources
Pricing threads: 32 (auto)
Slack mode: EdgeRows (struct=12000, capped_arcs=3480)
   It           UB           LB       LP_obj   #col   #row  #slk   +col   -col   +cut   -cut    t_LP    t_PR    t_SP   t_Tot     t_acc
    1          inf         -inf   1.1535e+09  12287  12287     0      0      0    287      0   0.021   0.009   0.006   0.037     0.037
    2          inf         -inf   1.3653e+09  22346  12287   287  10059      0      0      0   0.340   0.006   0.001   0.355     0.392
    3          inf         -inf   1.1624e+09  29093  12436     0   6598      0    149      0   0.335   0.006   0.006   0.360     0.751
    4          inf         -inf   1.1658e+09  37651  12466    19   8528      0     30      0   0.900   0.006   0.007   0.923     1.674
    5          inf         -inf   1.1610e+09  44623  12481     0   6957      0     15      0   0.974   0.004   0.010   0.995     2.669
    6          inf         -inf   1.1600e+09  50180  12491     0   5547      0     10      0   1.144   0.006   0.010   1.169     3.838
    7          inf         -inf   1.1596e+09  54368  12502     0   4177      0     11      0   1.236   0.006   0.013   1.264     5.101
    8          inf         -inf   1.1594e+09  51723  12400     0   2576   5119      3    105   1.205   0.006   0.014   1.237     6.338
    9          inf         -inf   1.1593e+09  49241  12339     0   1796   4217      5     66   1.000   0.006   0.012   1.029     7.368
   10          inf         -inf   1.1593e+09  40809  12322     0    483   8898      3     20   1.007   0.006   0.012   1.035     8.403
   11          inf         -inf   1.1593e+09  35468  12311     0    230   5560      1     12   0.831   0.005   0.010   0.855     9.257
   12   1.1593e+09   1.1593e+09   1.1593e+09  35468  12311     0     *5      0      0      0   0.711   0.006   0.001   0.718     9.975
CG optimal after 12 iterations. UB=1159320602.048093 LB=1159319248.900284 gap=1.353e+03 tol=1.159e+05  t_LP=9.702  t_PR=0.094  t_SP=0.101  t_Tot=9.996

# === STDOUT (result CSV) ===
instance,formulation,iterations,columns,objective,lower_bound,optimal,time,time_lp,time_pricing,time_separation
/home/simon/code/my/mcfcg/data/commalab/grid/grid13,path,12,35157,1159320602.048093,1159319248.900284,1,10.008,9.702,0.094,0.101
