# cmd: /home/simon/code/my/mcfcg/build/mcfcg_cli /home/simon/code/my/mcfcg/data/commalab/grid/grid3 --solver mosek --formulation tree --max-iters 10000 --time-limit 7200.0
# outcome: ok
# returncode: 0
# === STDERR (CG iteration log + preamble) ===
Instance: 100 vertices, 360 arcs, 50 commodities, 40 sources
Pricing threads: 32 (auto)
Slack mode: CommodityRows (struct=40, capped_arcs=360)
   It           UB           LB       LP_obj   #col   #row  #slk   +col   -col   +cut   -cut    t_LP    t_PR    t_SP   t_Tot     t_acc
    1          inf         -inf   4.0000e+03     80     40    40      0      0      0      0   0.008   0.000   0.000   0.008     0.008
    2          inf         -inf   4.0000e+04     80     40    40      0      0      0      0   0.000   0.000   0.000   0.000     0.008
    3          inf         -inf   3.9031e+05     80     40    35      0      0      0      0   0.000   0.000   0.000   0.000     0.009
    4          inf         -inf   1.4936e+06     80     50     1      0      0     10      0   0.000   0.000   0.000   0.000     0.009
    5          inf         -inf   1.6786e+06     97     50     9     17      0      0      0   0.001   0.000   0.000   0.001     0.010
    6          inf         -inf   1.8905e+06    104     53     4      7      0      3      0   0.001   0.000   0.000   0.001     0.011
    7          inf         -inf   1.6558e+06    116     55     2     12      0      2      0   0.001   0.000   0.000   0.001     0.012
    8          inf         -inf   1.5251e+06    122     56     0      6      0      1      0   0.001   0.000   0.000   0.001     0.014
    9   1.5247e+06   1.5246e+06   1.5247e+06    122     56     0     *1      0      0      0   0.001   0.000   0.000   0.001     0.015
CG optimal after 9 iterations. UB=1524730.000116 LB=1524598.240201 gap=1.318e+02 tol=1.525e+02  t_LP=0.013  t_PR=0.002  t_SP=0.000  t_Tot=0.016

# === STDOUT (result CSV) ===
instance,formulation,iterations,columns,objective,lower_bound,optimal,time,time_lp,time_pricing,time_separation
/home/simon/code/my/mcfcg/data/commalab/grid/grid3,tree,9,82,1524730.000116,1524598.240201,1,0.019,0.013,0.002,0.000
