# cmd: /home/simon/code/my/mcfcg/build/mcfcg_cli /home/simon/code/my/mcfcg/data/commalab/planar/planar150 --solver mosek --formulation path --max-iters 10000 --time-limit 7200.0
# outcome: ok
# returncode: 0
# === STDERR (CG iteration log + preamble) ===
Instance: 150 vertices, 850 arcs, 2239 commodities, 150 sources
Pricing threads: 32 (auto)
Slack mode: EdgeRows (struct=2239, capped_arcs=850)
   It           UB           LB       LP_obj   #col   #row  #slk   +col   -col   +cut   -cut    t_LP    t_PR    t_SP   t_Tot     t_acc
    1          inf         -inf   4.6091e+08   2455   2455     0      0      0    216      0   0.009   0.001   0.001   0.011     0.011
    2          inf         -inf   1.4441e+10   4637   2455   216   2182      0      0      0   0.117   0.000   0.000   0.119     0.130
    3          inf         -inf   5.7102e+08   6530   2571     0   1777      0    116      0   0.096   0.000   0.001   0.100     0.230
    4          inf         -inf   3.4057e+09   8590   2587    76   2044      0     16      0   0.246   0.001   0.001   0.250     0.480
    5          inf         -inf   2.9852e+09  10588   2629    30   1956      0     42      0   0.381   0.000   0.001   0.385     0.865
    6          inf         -inf   7.4105e+08  12516   2642     4   1915      0     13      0   0.343   0.000   0.001   0.346     1.211
    7          inf         -inf   6.1470e+08  14233   2651     1   1708      0      9      0   0.392   0.000   0.002   0.396     1.606
    8          inf         -inf   5.6220e+08  14753   2615     0   1557   1001      4     40   0.405   0.000   0.002   0.410     2.017
    9          inf         -inf   5.5500e+08  14999   2608     0   1437   1184      4     11   0.385   0.000   0.002   0.389     2.406
   10          inf         -inf   5.5180e+08  14602   2589     0   1079   1457      4     23   0.359   0.000   0.002   0.363     2.770
   11          inf         -inf   5.4916e+08  13754   2565     0    985   1809      4     28   0.370   0.000   0.002   0.375     3.144
   12   5.4846e+08   5.4704e+08   5.4846e+08  11952   2541     0    391   2169      0     24   0.250   0.000   0.000   0.252     3.397
   13   5.4846e+08   5.4704e+08   5.4809e+08  10443   2520     0    270   1758      2     23   0.189   0.000   0.001   0.192     3.589
   14   5.4846e+08   5.4704e+08   5.4809e+08   9321   2509     0     21   1132      2     13   0.193   0.000   0.001   0.196     3.785
   15   5.4809e+08   5.4808e+08   5.4809e+08   9321   2509     0     *6      0      0      0   0.178   0.000   0.000   0.179     3.964
CG optimal after 15 iterations. UB=548087748.079682 LB=548079710.809520 gap=8.037e+03 tol=5.481e+04  t_LP=3.913  t_PR=0.009  t_SP=0.018  t_Tot=3.967

# === STDOUT (result CSV) ===
instance,formulation,iterations,columns,objective,lower_bound,optimal,time,time_lp,time_pricing,time_separation
/home/simon/code/my/mcfcg/data/commalab/planar/planar150,path,15,9051,548087748.079682,548079710.809520,1,3.972,3.913,0.009,0.018
