# cmd: /home/simon/code/my/mcfcg/build/mcfcg_cli /home/simon/code/my/mcfcg/data/commalab/planar/planar300 --solver mosek --formulation tree --max-iters 10000 --time-limit 7200.0
# outcome: ok
# returncode: 0
# === STDERR (CG iteration log + preamble) ===
Instance: 300 vertices, 1680 arcs, 3584 commodities, 300 sources
Pricing threads: 32 (auto)
Slack mode: CommodityRows (struct=300, capped_arcs=1680)
   It           UB           LB       LP_obj   #col   #row  #slk   +col   -col   +cut   -cut    t_LP    t_PR    t_SP   t_Tot     t_acc
    1          inf         -inf   1.3575e+07    600    300   300      0      0      0      0   0.009   0.003   0.000   0.012     0.012
    2          inf         -inf   1.3575e+08    600    300   300      0      0      0      0   0.000   0.002   0.000   0.002     0.014
    3          inf         -inf   6.6907e+08    600    457     1      0      0    157      0   0.000   0.002   0.001   0.003     0.017
    4          inf         -inf   9.3512e+08    898    457   155    298      0      0      0   0.044   0.001   0.000   0.047     0.063
    5          inf         -inf   1.2181e+09   1198    457   140    300      0      0      0   0.044   0.001   0.000   0.047     0.110
    6          inf         -inf   1.1091e+09   1498    457    79    300      0      0      0   0.040   0.001   0.000   0.042     0.152
    7          inf         -inf   8.7519e+08   1798    475    34    300      0     18      0   0.053   0.001   0.001   0.056     0.209
    8          inf         -inf   7.7310e+08   2098    488    17    300      0     13      0   0.060   0.001   0.001   0.064     0.273
    9          inf         -inf   7.1452e+08   2334    451     4    300     64     10     47   0.075   0.001   0.001   0.079     0.351
   10          inf         -inf   6.9675e+08   2513    457     0    300    121      9      3   0.067   0.001   0.001   0.071     0.422
   11          inf         -inf   6.9432e+08   2669    458     0    300    144      1      0   0.074   0.001   0.001   0.077     0.499
   12          inf         -inf   6.9285e+08   2786    460     0    300    183      3      1   0.060   0.001   0.001   0.063     0.562
   13          inf         -inf   6.9182e+08   2836    457     0    300    250      1      4   0.053   0.001   0.001   0.057     0.619
   14   6.9122e+08   6.8655e+08   6.9122e+08   2834    454     0    300    302      0      3   0.069   0.001   0.000   0.072     0.691
   15   6.9074e+08   6.8743e+08   6.9074e+08   2729    447     0    300    405      0      7   0.057   0.001   0.000   0.060     0.751
   16   6.9074e+08   6.8743e+08   6.9042e+08   2717    447     0    299    311      2      2   0.065   0.001   0.001   0.069     0.820
   17   6.9074e+08   6.8743e+08   6.9026e+08   2744    446     0    300    273      1      2   0.063   0.001   0.001   0.067     0.887
   18   6.9011e+08   6.8943e+08   6.9011e+08   2749    444     0    299    294      0      2   0.063   0.001   0.000   0.066     0.953
   19   6.9011e+08   6.8943e+08   6.9003e+08   2737    443     0    299    311      1      2   0.068   0.001   0.001   0.072     1.025
   20   6.9000e+08   6.8980e+08   6.9000e+08   2764    442     0    296    269      0      1   0.071   0.001   0.000   0.074     1.098
   21   6.8999e+08   6.8993e+08   6.8999e+08   2764    442     0   *298      0      0      0   0.068   0.001   0.000   0.070     1.168
CG optimal after 21 iterations. UB=689986586.721676 LB=689927659.058039 gap=5.893e+04 tol=6.900e+04  t_LP=1.102  t_PR=0.031  t_SP=0.012  t_Tot=1.173

# === STDOUT (result CSV) ===
instance,formulation,iterations,columns,objective,lower_bound,optimal,time,time_lp,time_pricing,time_separation
/home/simon/code/my/mcfcg/data/commalab/planar/planar300,tree,21,2464,689986586.721676,689927659.058039,1,1.177,1.102,0.031,0.012
