# cmd: /home/simon/code/my/mcfcg/build/mcfcg_cli /home/simon/code/my/mcfcg/data/commalab/planar/planar50 --solver mosek --formulation path --max-iters 10000 --time-limit 7200.0
# outcome: ok
# returncode: 0
# === STDERR (CG iteration log + preamble) ===
Instance: 50 vertices, 250 arcs, 267 commodities, 50 sources
Pricing threads: 32 (auto)
Slack mode: EdgeRows (struct=267, capped_arcs=250)
   It           UB           LB       LP_obj   #col   #row  #slk   +col   -col   +cut   -cut    t_LP    t_PR    t_SP   t_Tot     t_acc
    1          inf         -inf   1.1503e+08    301    301     0      0      0     34      0   0.008   0.000   0.000   0.009     0.009
    2          inf         -inf   2.4408e+08    513    301    34    212      0      0      0   0.004   0.000   0.000   0.004     0.013
    3          inf         -inf   1.2149e+08    624    311     0    101      0     10      0   0.004   0.000   0.000   0.004     0.018
    4          inf         -inf   1.2847e+08    752    322     2    117      0     11      0   0.005   0.000   0.000   0.006     0.023
    5          inf         -inf   1.2437e+08    857    326     1    101      0      4      0   0.006   0.000   0.000   0.007     0.030
    6          inf         -inf   1.2240e+08    905    327     0     47      0      1      0   0.008   0.000   0.000   0.008     0.038
    7   1.2224e+08   1.2209e+08   1.2224e+08    921    327     0     16      0      0      0   0.007   0.000   0.000   0.007     0.045
    8   1.2221e+08   1.2217e+08   1.2221e+08    842    322     0     16     90      0      5   0.007   0.000   0.000   0.007     0.052
    9   1.2220e+08   1.2220e+08   1.2220e+08    842    322     0     *1      0      0      0   0.007   0.000   0.000   0.007     0.059
CG optimal after 9 iterations. UB=122200073.093727 LB=122198527.739058 gap=1.545e+03 tol=1.222e+04  t_LP=0.055  t_PR=0.002  t_SP=0.001  t_Tot=0.060

# === STDOUT (result CSV) ===
instance,formulation,iterations,columns,objective,lower_bound,optimal,time,time_lp,time_pricing,time_separation
/home/simon/code/my/mcfcg/data/commalab/planar/planar50,path,9,787,122200073.093727,122198527.739058,1,0.063,0.055,0.002,0.001
