# cmd: /home/simon/code/my/mcfcg/build/mcfcg_cli /home/simon/code/my/mcfcg/data/commalab/planar/planar800 --solver mosek --formulation tree --max-iters 10000 --time-limit 7200.0
# outcome: ok
# returncode: 0
# === STDERR (CG iteration log + preamble) ===
Instance: 800 vertices, 4388 arcs, 12756 commodities, 800 sources
Pricing threads: 32 (auto)
Slack mode: CommodityRows (struct=800, capped_arcs=4388)
   It           UB           LB       LP_obj   #col   #row  #slk   +col   -col   +cut   -cut    t_LP    t_PR    t_SP   t_Tot     t_acc
    1          inf         -inf   4.6119e+08   1600    800   793      0      0      0      0   0.010   0.013   0.001   0.023     0.023
    2          inf         -inf   1.1440e+09   1600   1017     0      0      0    217      0   0.000   0.011   0.002   0.013     0.037
    3          inf         -inf   2.5378e+09   2399   1017   357    799      0      0      0   0.173   0.007   0.001   0.186     0.223
    4          inf         -inf   2.9739e+09   3199   1017   320    800      0      0      0   0.208   0.007   0.001   0.220     0.443
    5          inf         -inf   2.6046e+09   3999   1021   219    800      0      4      0   0.231   0.007   0.002   0.245     0.688
    6          inf         -inf   2.2913e+09   4799   1022   156    800      0      1      0   0.231   0.008   0.002   0.247     0.936
    7          inf         -inf   1.8270e+09   5599   1028    90    800      0      6      0   0.225   0.008   0.003   0.242     1.177
    8          inf         -inf   1.4318e+09   6233    945    40    800    166      5     88   0.312   0.007   0.003   0.330     1.507
    9          inf         -inf   1.1762e+09   6513    960     0    800    520     15      0   0.227   0.007   0.003   0.244     1.751
   10          inf         -inf   1.1956e+09   6761    958     4    800    552      2      4   0.228   0.007   0.004   0.245     1.997
   11          inf         -inf   1.1721e+09   7006    961     0    799    554      4      1   0.174   0.007   0.003   0.192     2.189
   12          inf         -inf   1.1705e+09   7190    958     0    798    614      2      5   0.181   0.006   0.004   0.200     2.389
   13          inf         -inf   1.1695e+09   7294    959     0    800    696      7      6   0.178   0.007   0.004   0.197     2.585
   14   1.1688e+09   1.1617e+09   1.1688e+09   7166    952     0    800    928      0      7   0.179   0.007   0.002   0.193     2.778
   15   1.1682e+09   1.1643e+09   1.1682e+09   7091    948     0    797    872      0      4   0.174   0.007   0.002   0.189     2.967
   16   1.1679e+09   1.1654e+09   1.1679e+09   7005    945     0    799    885      0      3   0.173   0.007   0.002   0.188     3.154
   17   1.1679e+09   1.1654e+09   1.1676e+09   7059    942     0    795    741      3      6   0.208   0.007   0.004   0.227     3.382
   18   1.1679e+09   1.1654e+09   1.1675e+09   7132    941     0    796    723      3      4   0.253   0.007   0.004   0.271     3.652
   19   1.1674e+09   1.1668e+09   1.1674e+09   7176    940     0    793    749      0      1   0.183   0.007   0.002   0.198     3.850
   20   1.1674e+09   1.1668e+09   1.1674e+09   7202    940     0    786    760      1      1   0.186   0.007   0.004   0.205     4.055
   21   1.1674e+09   1.1668e+09   1.1674e+09   7232    931     0    793    763      1     10   0.209   0.007   0.004   0.227     4.282
   22   1.1674e+09   1.1673e+09   1.1674e+09   7232    931     0   *786      0      0      0   0.200   0.007   0.002   0.208     4.490
CG optimal after 22 iterations. UB=1167377048.303072 LB=1167333792.354684 gap=4.326e+04 tol=1.167e+05  t_LP=4.146  t_PR=0.176  t_SP=0.056  t_Tot=4.507

# === STDOUT (result CSV) ===
instance,formulation,iterations,columns,objective,lower_bound,optimal,time,time_lp,time_pricing,time_separation
/home/simon/code/my/mcfcg/data/commalab/planar/planar800,tree,22,6432,1167377048.303072,1167333792.354684,1,4.513,4.146,0.176,0.056
