# cmd: /home/simon/code/my/mcfcg/build/mcfcg_cli /home/simon/code/my/mcfcg/data/commalab/planar/planar300 --solver mosek --formulation path --max-iters 10000 --time-limit 7200.0
# outcome: ok
# returncode: 0
# === STDERR (CG iteration log + preamble) ===
Instance: 300 vertices, 1680 arcs, 3584 commodities, 300 sources
Pricing threads: 32 (auto)
Slack mode: EdgeRows (struct=3584, capped_arcs=1680)
   It           UB           LB       LP_obj   #col   #row  #slk   +col   -col   +cut   -cut    t_LP    t_PR    t_SP   t_Tot     t_acc
    1          inf         -inf   6.6936e+08   3745   3745     0      0      0    161      0   0.012   0.002   0.002   0.016     0.016
    2          inf         -inf   3.7000e+09   6915   3745   161   3170      0      0      0   0.126   0.001   0.000   0.130     0.146
    3          inf         -inf   7.0836e+08   9444   3803     0   2471      0     58      0   0.096   0.001   0.001   0.102     0.247
    4          inf         -inf   7.2502e+08  12130   3810     8   2679      0      7      0   0.176   0.001   0.002   0.182     0.430
    5          inf         -inf   6.9409e+08  14371   3812     0   2239      0      2      0   0.188   0.001   0.002   0.194     0.623
    6   6.9142e+08   6.8549e+08   6.9142e+08  16058   3812     0   1687      0      0      0   0.202   0.001   0.000   0.205     0.829
    7   6.9032e+08   6.8912e+08   6.9032e+08  16834   3812     0    776      0      0      0   0.231   0.001   0.000   0.234     1.063
    8   6.9000e+08   6.8989e+08   6.9000e+08  15391   3759     0    317   1707      0     53   0.229   0.001   0.000   0.233     1.296
    9   6.9000e+08   6.8989e+08   6.8998e+08  14262   3743     0    182   1295      1     17   0.171   0.001   0.002   0.176     1.472
   10   6.8998e+08   6.8998e+08   6.8998e+08  14262   3743     0     *4      0      0      0   0.151   0.001   0.000   0.152     1.624
CG optimal after 10 iterations. UB=689979161.979946 LB=689978956.966376 gap=2.050e+02 tol=6.900e+04  t_LP=1.583  t_PR=0.017  t_SP=0.010  t_Tot=1.630

# === STDOUT (result CSV) ===
instance,formulation,iterations,columns,objective,lower_bound,optimal,time,time_lp,time_pricing,time_separation
/home/simon/code/my/mcfcg/data/commalab/planar/planar300,path,10,14103,689979161.979946,689978956.966376,1,1.635,1.583,0.017,0.010
