# cmd: /home/simon/code/my/mcfcg/build/mcfcg_cli /home/simon/code/my/mcfcg/data/commalab/planar/planar80 --solver mosek --formulation tree --max-iters 10000 --time-limit 7200.0
# outcome: ok
# returncode: 0
# === STDERR (CG iteration log + preamble) ===
Instance: 80 vertices, 440 arcs, 543 commodities, 80 sources
Pricing threads: 32 (auto)
Slack mode: CommodityRows (struct=80, capped_arcs=440)
   It           UB           LB       LP_obj   #col   #row  #slk   +col   -col   +cut   -cut    t_LP    t_PR    t_SP   t_Tot     t_acc
    1          inf         -inf   1.7178e+07    160     80    80      0      0      0      0   0.010   0.001   0.000   0.010     0.010
    2          inf         -inf   1.3972e+08    160    126    30      0      0     46      0   0.000   0.000   0.000   0.000     0.011
    3          inf         -inf   2.7056e+08    235    130    64     75      0      4      0   0.003   0.000   0.000   0.003     0.014
    4          inf         -inf   4.6180e+08    314    134    47     79      0      4      0   0.004   0.000   0.000   0.005     0.019
    5          inf         -inf   3.6975e+08    393    148    34     79      0     14      0   0.005   0.000   0.000   0.006     0.024
    6          inf         -inf   3.2883e+08    467    159    29     80      6     11      0   0.005   0.000   0.000   0.006     0.030
    7          inf         -inf   2.5983e+08    546    178    15     79      0     19      0   0.007   0.000   0.000   0.007     0.037
    8          inf         -inf   2.4864e+08    607    184    15     80     19     11      5   0.008   0.000   0.000   0.009     0.046
    9          inf         -inf   2.1891e+08    657    196    10     80     30     12      0   0.010   0.000   0.000   0.011     0.057
   10          inf         -inf   1.9439e+08    697    208     2     80     40     13      1   0.010   0.000   0.000   0.011     0.068
   11          inf         -inf   1.9140e+08    733    210     2     80     44      3      1   0.017   0.000   0.000   0.017     0.085
   12          inf         -inf   1.8580e+08    777    212     0     79     35      3      1   0.012   0.000   0.000   0.013     0.098
   13          inf         -inf   1.8470e+08    802    213     0     80     55      1      0   0.012   0.000   0.000   0.012     0.110
   14          inf         -inf   1.8391e+08    827    215     0     80     55      3      1   0.012   0.000   0.000   0.013     0.123
   15          inf         -inf   1.8345e+08    826    213     0     80     81      1      3   0.013   0.000   0.000   0.013     0.136
   16   1.8306e+08   1.7989e+08   1.8306e+08    807    204     0     78     97      0      9   0.015   0.000   0.000   0.016     0.152
   17   1.8284e+08   1.8111e+08   1.8284e+08    803    199     0     78     82      0      5   0.014   0.000   0.000   0.015     0.167
   18   1.8284e+08   1.8111e+08   1.8270e+08    809    196     0     78     72      1      4   0.013   0.000   0.000   0.014     0.181
   19   1.8260e+08   1.8170e+08   1.8260e+08    799    196     0     75     85      0      0   0.012   0.000   0.000   0.013     0.194
   20   1.8260e+08   1.8170e+08   1.8254e+08    807    197     0     76     68      1      0   0.013   0.000   0.000   0.014     0.208
   21   1.8260e+08   1.8170e+08   1.8249e+08    796    195     0     73     84      1      3   0.013   0.000   0.000   0.013     0.221
   22   1.8260e+08   1.8170e+08   1.8244e+08    782    195     0     66     80      1      1   0.013   0.000   0.000   0.014     0.234
   23   1.8247e+08   1.8170e+08   1.8247e+08    792    191     0     67     57      0      4   0.013   0.000   0.000   0.013     0.248
   24   1.8247e+08   1.8170e+08   1.8244e+08    789    192     0     42     45      1      0   0.014   0.000   0.000   0.014     0.262
   25   1.8244e+08   1.8244e+08   1.8244e+08    789    192     0     *6      0      0      0   0.011   0.000   0.000   0.011     0.273
CG optimal after 25 iterations. UB=182436222.602863 LB=182436218.641119 gap=3.962e+00 tol=1.824e+04  t_LP=0.258  t_PR=0.006  t_SP=0.003  t_Tot=0.274

# === STDOUT (result CSV) ===
instance,formulation,iterations,columns,objective,lower_bound,optimal,time,time_lp,time_pricing,time_separation
/home/simon/code/my/mcfcg/data/commalab/planar/planar80,tree,25,709,182436222.602863,182436218.641119,1,0.278,0.258,0.006,0.003
