# cmd: /home/simon/code/my/mcfcg/build/mcfcg_cli /home/simon/code/my/mcfcg/data/commalab/planar/planar80 --solver mosek --formulation path --max-iters 10000 --time-limit 7200.0
# outcome: ok
# returncode: 0
# === STDERR (CG iteration log + preamble) ===
Instance: 80 vertices, 440 arcs, 543 commodities, 80 sources
Pricing threads: 32 (auto)
Slack mode: EdgeRows (struct=543, capped_arcs=440)
   It           UB           LB       LP_obj   #col   #row  #slk   +col   -col   +cut   -cut    t_LP    t_PR    t_SP   t_Tot     t_acc
    1          inf         -inf   1.6746e+08    634    634     0      0      0     91      0   0.009   0.000   0.000   0.010     0.010
    2          inf         -inf   2.5924e+09   1155    634    91    521      0      0      0   0.013   0.000   0.000   0.014     0.024
    3          inf         -inf   1.8987e+08   1610    676     0    413      0     42      0   0.013   0.000   0.000   0.014     0.038
    4          inf         -inf   2.8676e+08   2045    686    16    425      0     10      0   0.030   0.000   0.000   0.031     0.069
    5          inf         -inf   2.7527e+08   2379    694     6    326      0      8      0   0.041   0.000   0.000   0.043     0.111
    6          inf         -inf   1.8336e+08   2690    695     0    310      0      1      0   0.042   0.000   0.000   0.043     0.155
    7          inf         -inf   1.8266e+08   2850    697     0    158      0      2      0   0.042   0.000   0.000   0.042     0.197
    8   1.8248e+08   1.8223e+08   1.8248e+08   2706    684     0     81    212      0     13   0.042   0.000   0.000   0.042     0.239
    9   1.8244e+08   1.8244e+08   1.8244e+08   2706    684     0     *8      0      0      0   0.031   0.000   0.000   0.031     0.271
CG optimal after 9 iterations. UB=182438189.999812 LB=182436843.822899 gap=1.346e+03 tol=1.824e+04  t_LP=0.264  t_PR=0.003  t_SP=0.002  t_Tot=0.272

# === STDOUT (result CSV) ===
instance,formulation,iterations,columns,objective,lower_bound,optimal,time,time_lp,time_pricing,time_separation
/home/simon/code/my/mcfcg/data/commalab/planar/planar80,path,9,2565,182438189.999812,182436843.822899,1,0.276,0.264,0.003,0.002
