# cmd: /home/simon/code/my/mcfcg/build/mcfcg_cli /home/simon/code/my/mcfcg/data/commalab/planar/planar100 --solver mosek --formulation tree --max-iters 10000 --time-limit 7200.0
# outcome: ok
# returncode: 0
# === STDERR (CG iteration log + preamble) ===
Instance: 100 vertices, 532 arcs, 1085 commodities, 100 sources
Pricing threads: 32 (auto)
Slack mode: CommodityRows (struct=100, capped_arcs=532)
   It           UB           LB       LP_obj   #col   #row  #slk   +col   -col   +cut   -cut    t_LP    t_PR    t_SP   t_Tot     t_acc
    1          inf         -inf   3.1028e+06    200    100   100      0      0      0      0   0.008   0.001   0.000   0.009     0.009
    2          inf         -inf   3.0947e+07    200    100    99      0      0      0      0   0.000   0.000   0.000   0.000     0.010
    3          inf         -inf   2.0963e+08    200    162    15      0      0     62      0   0.000   0.000   0.000   0.001     0.010
    4          inf         -inf   2.9069e+08    293    163    67     93      0      1      0   0.005   0.000   0.000   0.005     0.015
    5          inf         -inf   4.3447e+08    392    166    51     99      0      3      0   0.005   0.000   0.000   0.005     0.020
    6          inf         -inf   4.0764e+08    491    173    37    100      1      7      0   0.005   0.000   0.000   0.006     0.026
    7          inf         -inf   3.2680e+08    591    185    22    100      0     12      0   0.006   0.000   0.000   0.007     0.033
    8          inf         -inf   2.8705e+08    691    194    12    100      0      9      0   0.008   0.000   0.000   0.009     0.042
    9          inf         -inf   2.4562e+08    775    204     2    100     16     13      3   0.011   0.000   0.000   0.012     0.053
   10          inf         -inf   2.4176e+08    839    208     1     99     35      4      0   0.012   0.000   0.000   0.012     0.066
   11          inf         -inf   2.3646e+08    906    203     0    100     33      1      6   0.014   0.000   0.000   0.015     0.081
   12          inf         -inf   2.3490e+08    953    206     0    100     53      3      0   0.013   0.000   0.000   0.014     0.095
   13          inf         -inf   2.3363e+08    985    206     0     98     66      3      3   0.013   0.000   0.000   0.014     0.109
   14          inf         -inf   2.3276e+08    994    208     0     98     89      3      1   0.014   0.000   0.000   0.014     0.123
   15   2.3226e+08   2.2940e+08   2.3226e+08    976    206     0     98    116      0      2   0.014   0.000   0.000   0.014     0.138
   16   2.3197e+08   2.3014e+08   2.3197e+08    960    201     0     97    113      0      5   0.013   0.000   0.000   0.014     0.151
   17   2.3197e+08   2.3014e+08   2.3175e+08    941    202     0     96    115      1      0   0.014   0.000   0.000   0.015     0.166
   18   2.3155e+08   2.3068e+08   2.3155e+08    939    197     0     96     98      0      5   0.014   0.000   0.000   0.015     0.181
   19   2.3144e+08   2.3102e+08   2.3144e+08    944    195     0     96     91      0      2   0.014   0.000   0.000   0.015     0.196
   20   2.3138e+08   2.3119e+08   2.3138e+08    941    195     0     93     96      0      0   0.014   0.000   0.000   0.014     0.210
   21   2.3136e+08   2.3124e+08   2.3136e+08    949    192     0     94     86      0      3   0.015   0.000   0.000   0.015     0.225
   22   2.3135e+08   2.3129e+08   2.3135e+08    931    190     0     77     95      0      2   0.015   0.000   0.000   0.015     0.241
   23   2.3134e+08   2.3133e+08   2.3134e+08    931    190     0    *56      0      0      0   0.014   0.000   0.000   0.014     0.255
CG optimal after 23 iterations. UB=231340710.377330 LB=231331681.986109 gap=9.028e+03 tol=2.313e+04  t_LP=0.240  t_PR=0.006  t_SP=0.003  t_Tot=0.257

# === STDOUT (result CSV) ===
instance,formulation,iterations,columns,objective,lower_bound,optimal,time,time_lp,time_pricing,time_separation
/home/simon/code/my/mcfcg/data/commalab/planar/planar100,tree,23,831,231340710.377330,231331681.986109,1,0.260,0.240,0.006,0.003
