# cmd: /home/simon/code/my/mcfcg/build/mcfcg_cli /home/simon/code/my/mcfcg/data/commalab/planar/planar500 --solver mosek --formulation tree --max-iters 10000 --time-limit 7200.0
# outcome: ok
# returncode: 0
# === STDERR (CG iteration log + preamble) ===
Instance: 500 vertices, 2842 arcs, 3525 commodities, 500 sources
Pricing threads: 32 (auto)
Slack mode: CommodityRows (struct=500, capped_arcs=2842)
   It           UB           LB       LP_obj   #col   #row  #slk   +col   -col   +cut   -cut    t_LP    t_PR    t_SP   t_Tot     t_acc
    1          inf         -inf   1.4003e+08   1000    500   486      0      0      0      0   0.010   0.005   0.000   0.015     0.015
    2          inf         -inf   4.7568e+08   1000    604     1      0      0    104      0   0.000   0.004   0.001   0.005     0.021
    3          inf         -inf   6.6299e+08   1457    604   142    457      0      0      0   0.025   0.002   0.000   0.030     0.050
    4          inf         -inf   7.2976e+08   1930    604   132    473      0      0      0   0.033   0.003   0.000   0.038     0.088
    5          inf         -inf   7.1415e+08   2414    604    74    484      0      0      0   0.045   0.003   0.000   0.049     0.137
    6          inf         -inf   5.4736e+08   2885    606    26    471      0      2      0   0.055   0.003   0.001   0.060     0.197
    7          inf         -inf   4.8503e+08   3353    607     1    468      0      1      0   0.059   0.003   0.001   0.065     0.262
    8          inf         -inf   4.8282e+08   3751    562     0    431     33      1     46   0.062   0.004   0.001   0.069     0.331
    9          inf         -inf   4.8232e+08   3894    563     0    420    277      1      0   0.036   0.002   0.001   0.041     0.372
   10   4.8206e+08   4.8157e+08   4.8206e+08   3959    563     0    379    314      0      0   0.049   0.002   0.000   0.053     0.425
   11   4.8206e+08   4.8157e+08   4.8199e+08   3783    563     0    263    439      1      1   0.054   0.002   0.001   0.059     0.484
   12   4.8206e+08   4.8157e+08   4.8198e+08   3379    562     0     94    498      1      2   0.046   0.002   0.001   0.050     0.535
   13   4.8198e+08   4.8198e+08   4.8198e+08   3379    562     0    *37      0      0      0   0.040   0.002   0.000   0.043     0.578
CG optimal after 13 iterations. UB=481982346.347633 LB=481982201.899831 gap=1.444e+02 tol=4.820e+04  t_LP=0.514  t_PR=0.044  t_SP=0.007  t_Tot=0.584

# === STDOUT (result CSV) ===
instance,formulation,iterations,columns,objective,lower_bound,optimal,time,time_lp,time_pricing,time_separation
/home/simon/code/my/mcfcg/data/commalab/planar/planar500,tree,13,2879,481982346.347633,481982201.899831,1,0.589,0.514,0.044,0.007
