# cmd: /home/simon/code/my/mcfcg/build/mcfcg_cli /home/simon/code/my/mcfcg/data/commalab/planar/planar500 --solver mosek --formulation path --max-iters 10000 --time-limit 7200.0
# outcome: ok
# returncode: 0
# === STDERR (CG iteration log + preamble) ===
Instance: 500 vertices, 2842 arcs, 3525 commodities, 500 sources
Pricing threads: 32 (auto)
Slack mode: EdgeRows (struct=3525, capped_arcs=2842)
   It           UB           LB       LP_obj   #col   #row  #slk   +col   -col   +cut   -cut    t_LP    t_PR    t_SP   t_Tot     t_acc
    1          inf         -inf   4.7613e+08   3629   3629     0      0      0    104      0   0.013   0.006   0.002   0.021     0.021
    2          inf         -inf   1.2011e+10   6020   3629   104   2391      0      0      0   0.105   0.003   0.000   0.110     0.131
    3          inf         -inf   4.8874e+08   7652   3636     0   1625      0      7      0   0.072   0.002   0.001   0.079     0.210
    4          inf         -inf   4.8458e+08   9442   3637     0   1789      0      1      0   0.110   0.002   0.001   0.116     0.326
    5   4.8313e+08   4.7771e+08   4.8313e+08  10418   3637     0    976      0      0      0   0.140   0.003   0.000   0.145     0.471
    6   4.8249e+08   4.8105e+08   4.8249e+08  11145   3637     0    727      0      0      0   0.136   0.003   0.000   0.141     0.611
    7   4.8202e+08   4.8192e+08   4.8202e+08  11386   3637     0    241      0      0      0   0.137   0.003   0.000   0.141     0.752
    8   4.8199e+08   4.8195e+08   4.8199e+08  11386   3637     0   *106      0      0      0   0.145   0.003   0.000   0.149     0.900
CG optimal after 8 iterations. UB=481985161.990215 LB=481947585.607150 gap=3.758e+04 tol=4.820e+04  t_LP=0.858  t_PR=0.034  t_SP=0.006  t_Tot=0.909

# === STDOUT (result CSV) ===
instance,formulation,iterations,columns,objective,lower_bound,optimal,time,time_lp,time_pricing,time_separation
/home/simon/code/my/mcfcg/data/commalab/planar/planar500,path,8,11274,481985161.990215,481947585.607150,1,0.915,0.858,0.034,0.006
