# cmd: /home/simon/code/my/mcfcg/build/mcfcg_cli /home/simon/code/my/mcfcg/data/commalab/planar/planar1000 --solver mosek --formulation path --max-iters 10000 --time-limit 7200.0
# outcome: ok
# returncode: 0
# === STDERR (CG iteration log + preamble) ===
Instance: 1000 vertices, 5200 arcs, 20026 commodities, 1000 sources
Pricing threads: 32 (auto)
Slack mode: EdgeRows (struct=20026, capped_arcs=5200)
   It           UB           LB       LP_obj   #col   #row  #slk   +col   -col   +cut   -cut    t_LP    t_PR    t_SP   t_Tot     t_acc
    1          inf         -inf   3.1896e+09  20564  20564     0      0      0    538      0   0.034   0.020   0.021   0.074     0.074
    2          inf         -inf   1.4963e+10  39380  20564   538  18816      0      0      0   1.427   0.011   0.002   1.459     1.534
    3          inf         -inf   3.5498e+09  55495  20895     0  15784      0    331      0   1.088   0.010   0.023   1.160     2.694
    4          inf         -inf   4.8213e+09  73833  20950   162  18283      0     55      0   3.039   0.010   0.023   3.096     5.790
    5          inf         -inf   4.1499e+09  91612  20996    53  17733      0     46      0   3.663   0.010   0.032   3.736     9.526
    6          inf         -inf   3.5335e+09 108884  20999     0  17269      0      3      0   2.988   0.010   0.038   3.059    12.584
    7          inf         -inf   3.5000e+09 124785  21005     0  15895      0      6      0   4.063   0.011   0.047   4.155    16.740
    8          inf         -inf   3.4779e+09 131258  20805     0  15310   8637      7    207   3.845   0.010   0.057   3.953    20.693
    9          inf         -inf   3.4629e+09 133978  20736     0  14245  11456     15     84   3.717   0.010   0.052   3.821    24.514
   10          inf         -inf   3.4562e+09 131094  20641     0  12388  15177      6    101   3.712   0.010   0.047   3.805    28.319
   11          inf         -inf   3.4527e+09 122451  20593     0  11660  20255      8     56   3.467   0.010   0.042   3.555    31.874
   12          inf         -inf   3.4509e+09 114348  20573     0   9079  17162      6     26   3.188   0.010   0.036   3.266    35.140
   13          inf         -inf   3.4503e+09 106463  20557     0   5720  13589      6     22   2.928   0.010   0.032   2.996    38.137
   14          inf         -inf   3.4499e+09 100439  20544     0   5135  11146      2     15   2.847   0.010   0.033   2.915    41.052
   15          inf         -inf   3.4497e+09  92097  20526     0   1711  10035      1     19   2.403   0.010   0.027   2.460    43.512
   16          inf         -inf   3.4496e+09  85279  20519     0    589   7400      1      8   2.126   0.010   0.025   2.177    45.690
   17          inf         -inf   3.4496e+09  81452  20515     0    790   4613      2      6   2.117   0.009   0.021   2.163    47.852
   18          inf         -inf   3.4496e+09  79465  20512     0    222   2206      2      5   1.834   0.010   0.019   1.876    49.728
   19   3.4496e+09   3.4496e+09   3.4496e+09  79465  20512     0     *4      0      0      0   1.980   0.009   0.002   1.992    51.720
CG optimal after 19 iterations. UB=3449610928.781264 LB=3449610052.314103 gap=8.765e+02 tol=3.450e+05  t_LP=50.466  t_PR=0.233  t_SP=0.579  t_Tot=51.753

# === STDOUT (result CSV) ===
instance,formulation,iterations,columns,objective,lower_bound,optimal,time,time_lp,time_pricing,time_separation
/home/simon/code/my/mcfcg/data/commalab/planar/planar1000,path,19,78979,3449610928.781264,3449610052.314103,1,51.785,50.466,0.233,0.579
