# cmd: /home/simon/code/my/mcfcg/build/mcfcg_cli /home/simon/code/my/mcfcg/data/commalab/planar/planar100 --solver mosek --formulation path --max-iters 10000 --time-limit 7200.0
# outcome: ok
# returncode: 0
# === STDERR (CG iteration log + preamble) ===
Instance: 100 vertices, 532 arcs, 1085 commodities, 100 sources
Pricing threads: 32 (auto)
Slack mode: EdgeRows (struct=1085, capped_arcs=532)
   It           UB           LB       LP_obj   #col   #row  #slk   +col   -col   +cut   -cut    t_LP    t_PR    t_SP   t_Tot     t_acc
    1          inf         -inf   2.1492e+08   1170   1170     0      0      0     85      0   0.011   0.000   0.001   0.012     0.012
    2          inf         -inf   6.4779e+08   2139   1170    85    969      0      0      0   0.020   0.000   0.000   0.021     0.033
    3          inf         -inf   2.3831e+08   2854   1199     0    686      0     29      0   0.020   0.000   0.000   0.021     0.054
    4          inf         -inf   2.4914e+08   3668   1208     8    805      0      9      0   0.035   0.000   0.000   0.036     0.090
    5          inf         -inf   2.3320e+08   4254   1210     0    584      0      2      0   0.041   0.000   0.000   0.042     0.133
    6          inf         -inf   2.3198e+08   4598   1215     0    339      0      5      0   0.041   0.000   0.001   0.043     0.175
    7          inf         -inf   2.3158e+08   4778   1221     0    174      0      6      0   0.054   0.000   0.001   0.056     0.231
    8   2.3139e+08   2.3125e+08   2.3139e+08   4283   1197     0     45    516      0     24   0.065   0.000   0.000   0.066     0.297
    9   2.3134e+08   2.3134e+08   2.3134e+08   4283   1197     0     *4      0      0      0   0.039   0.000   0.000   0.039     0.336
CG optimal after 9 iterations. UB=231340283.989322 LB=231336173.121954 gap=4.111e+03 tol=2.313e+04  t_LP=0.325  t_PR=0.004  t_SP=0.004  t_Tot=0.338

# === STDOUT (result CSV) ===
instance,formulation,iterations,columns,objective,lower_bound,optimal,time,time_lp,time_pricing,time_separation
/home/simon/code/my/mcfcg/data/commalab/planar/planar100,path,9,4171,231340283.989322,231336173.121954,1,0.342,0.325,0.004,0.004
