# cmd: /home/simon/code/my/mcfcg/build/mcfcg_cli /home/simon/code/my/mcfcg/data/commalab/planar/planar30 --solver mosek --formulation tree --max-iters 10000 --time-limit 7200.0
# outcome: ok
# returncode: 0
# === STDERR (CG iteration log + preamble) ===
Instance: 30 vertices, 150 arcs, 92 commodities, 29 sources
Pricing threads: 32 (auto)
Slack mode: CommodityRows (struct=29, capped_arcs=150)
   It           UB           LB       LP_obj   #col   #row  #slk   +col   -col   +cut   -cut    t_LP    t_PR    t_SP   t_Tot     t_acc
    1          inf         -inf   3.4328e+06     58     29    29      0      0      0      0   0.009   0.000   0.000   0.009     0.009
    2          inf         -inf   2.8978e+07     58     33    17      0      0      4      0   0.000   0.000   0.000   0.000     0.009
    3          inf         -inf   6.1844e+07     70     39     9     12      0      6      0   0.001   0.000   0.000   0.001     0.010
    4          inf         -inf   8.6710e+07     93     41    12     23      0      2      0   0.001   0.000   0.000   0.001     0.011
    5          inf         -inf   6.0922e+07    112     45     4     19      0      4      0   0.001   0.000   0.000   0.001     0.012
    6          inf         -inf   5.2407e+07    130     46     3     20      2      1      0   0.001   0.000   0.000   0.001     0.014
    7          inf         -inf   4.4702e+07    145     48     0     15      0      2      0   0.001   0.000   0.000   0.001     0.015
    8          inf         -inf   4.4352e+07    146     49     0      2      1      1      0   0.001   0.000   0.000   0.001     0.016
    9   4.4351e+07   4.4351e+07   4.4351e+07    146     49     0     *0      0      0      0   0.001   0.000   0.000   0.001     0.018
CG optimal after 9 iterations. UB=44350624.000733 LB=44350623.693916 gap=3.068e-01 tol=4.435e+03  t_LP=0.016  t_PR=0.002  t_SP=0.000  t_Tot=0.019

# === STDOUT (result CSV) ===
instance,formulation,iterations,columns,objective,lower_bound,optimal,time,time_lp,time_pricing,time_separation
/home/simon/code/my/mcfcg/data/commalab/planar/planar30,tree,9,117,44350624.000733,44350623.693916,1,0.022,0.016,0.002,0.000
