# cmd: /home/simon/code/my/mcfcg/build/mcfcg_cli /home/simon/code/my/mcfcg/data/commalab/planar/planar50 --solver mosek --formulation tree --max-iters 10000 --time-limit 7200.0
# outcome: ok
# returncode: 0
# === STDERR (CG iteration log + preamble) ===
Instance: 50 vertices, 250 arcs, 267 commodities, 50 sources
Pricing threads: 32 (auto)
Slack mode: CommodityRows (struct=50, capped_arcs=250)
   It           UB           LB       LP_obj   #col   #row  #slk   +col   -col   +cut   -cut    t_LP    t_PR    t_SP   t_Tot     t_acc
    1          inf         -inf   4.0970e+06    100     50    50      0      0      0      0   0.008   0.000   0.000   0.008     0.008
    2          inf         -inf   3.9142e+07    100     50    43      0      0      0      0   0.000   0.000   0.000   0.000     0.009
    3          inf         -inf   1.1503e+08    100     84     0      0      0     34      0   0.000   0.000   0.000   0.000     0.009
    4          inf         -inf   1.9455e+08    146     84    24     46      0      0      0   0.002   0.000   0.000   0.002     0.011
    5          inf         -inf   1.8629e+08    184     86    16     38      0      2      0   0.002   0.000   0.000   0.002     0.013
    6          inf         -inf   1.5496e+08    226     88    12     42      0      2      0   0.002   0.000   0.000   0.002     0.015
    7          inf         -inf   1.3884e+08    266     92     7     40      0      4      0   0.003   0.000   0.000   0.003     0.018
    8          inf         -inf   1.3466e+08    312     95     4     46      0      3      0   0.002   0.000   0.000   0.003     0.021
    9          inf         -inf   1.2503e+08    353     98     1     44      3      3      0   0.003   0.000   0.000   0.004     0.025
   10   1.2332e+08   1.1872e+08   1.2332e+08    365     96     0     38     26      0      2   0.004   0.000   0.000   0.004     0.029
   11   1.2270e+08   1.2093e+08   1.2270e+08    388     96     0     30      7      0      0   0.004   0.000   0.000   0.004     0.033
   12   1.2247e+08   1.2186e+08   1.2247e+08    386     96     0     23     25      0      0   0.003   0.000   0.000   0.004     0.036
   13   1.2233e+08   1.2194e+08   1.2233e+08    369     95     0     17     34      0      1   0.003   0.000   0.000   0.003     0.040
   14   1.2233e+08   1.2194e+08   1.2224e+08    330     90     0     11     50      1      6   0.004   0.000   0.000   0.004     0.044
   15   1.2222e+08   1.2207e+08   1.2222e+08    299     88     0     13     44      0      2   0.003   0.000   0.000   0.003     0.047
   16   1.2221e+08   1.2217e+08   1.2221e+08    273     86     0     14     40      0      2   0.002   0.000   0.000   0.003     0.050
   17   1.2220e+08   1.2219e+08   1.2220e+08    273     86     0     *4      0      0      0   0.002   0.000   0.000   0.002     0.052
CG optimal after 17 iterations. UB=122200285.321295 LB=122188642.027598 gap=1.164e+04 tol=1.222e+04  t_LP=0.047  t_PR=0.003  t_SP=0.001  t_Tot=0.054

# === STDOUT (result CSV) ===
instance,formulation,iterations,columns,objective,lower_bound,optimal,time,time_lp,time_pricing,time_separation
/home/simon/code/my/mcfcg/data/commalab/planar/planar50,tree,17,223,122200285.321295,122188642.027598,1,0.057,0.047,0.003,0.001
