# cmd: /usr/bin/time -o /tmp/mcfcg_mem_ppn5s88t.txt -f %M build/mcfcg_cli data/commalab/grid/grid9 --solver copt --copt-gpu-mode 2 --formulation path --max-iters 10000 --time-limit 1800.0
# outcome: ok
# returncode: 0
# peak_rss_kb: 523244
# peak_rss_source: measured
# === STDERR (CG iteration log + preamble) ===
Instance: 625 vertices, 2400 arcs, 1000 commodities, 495 sources
Solver: copt (gpu-mode 2), formulation: path
Pricing threads: 32 (auto)
Slack mode: CommodityRows (struct=1000, capped_arcs=2400)
[lp-config] backend=copt version=8.0.1 method=barrier exec=GPU presolve=off crossover=off tol=0.0001 threads=n/a(GPU)
   It           UB           LB       LP_obj   #col   #row  #slk   +col   -col   +cut   -cut    t_LP    t_PR    t_SP   t_Tot     t_acc
    1          inf   8.1702e+07   5.6336e+06   2000   1000   997      0      0      0      0   0.345   0.004   0.000   0.349     0.349
    2          inf   8.1702e+07   5.0596e+07   2000   1000   710      0      0      0      0   0.156   0.004   0.000   0.160     0.509
    3          inf   8.1702e+07   8.1702e+07   2000   1327     0      0      0    327      0   0.145   0.004   0.000   0.150     0.658
    4          inf   8.1702e+07   2.0615e+08   2742   1327   393    742      0      0      0   0.209   0.002   0.000   0.212     0.870
    5          inf   8.1702e+07   5.0315e+08   3504   1354   313    762      0     27      0   0.231   0.002   0.000   0.234     1.104
    6          inf   8.1702e+07   4.4585e+08   4262   1406   199    758      0     52      0   0.253   0.002   0.000   0.256     1.360
    7          inf   8.1702e+07   1.1838e+08   5018   1473    54    756      0     67      0   0.295   0.002   0.000   0.298     1.658
    8          inf   8.1723e+07   8.2884e+07   5740   1519     1    722      0     46      0   0.362   0.002   0.000   0.365     2.023
    9          inf   8.2350e+07   8.2784e+07   6257   1469     0    621    104     22     72   0.348   0.001   0.000   0.352     2.375
   10          inf   8.2502e+07   8.2725e+07   6585   1488     0    551    223     20      1   0.315   0.002   0.000   0.320     2.695
   11          inf   8.2550e+07   8.2690e+07   6716   1504     0    489    358     22      6   0.314   0.002   0.000   0.318     3.012
   12          inf   8.2595e+07   8.2675e+07   6664   1499     0    411    463      7     12   0.327   0.001   0.000   0.331     3.343
   13          inf   8.2618e+07   8.2662e+07   6179   1486     0    340    825      7     20   0.331   0.002   0.000   0.335     3.678
   14          inf   8.2634e+07   8.2657e+07   5697   1471     0    272    754      5     20   0.317   0.002   0.000   0.321     3.999
   15          inf   8.2644e+07   8.2655e+07   5324   1457     0    189    562      1     15   0.308   0.002   0.000   0.312     4.311
   16          inf   8.2650e+07   8.2653e+07   4980   1452     0    109    453      3      8   0.316   0.002   0.000   0.320     4.631
   17          inf   8.2652e+07   8.2653e+07   4719   1442     0     77    338      2     12   0.337   0.002   0.000   0.340     4.971
   18   8.2653e+07   8.2653e+07   8.2653e+07   4719   1442     0    *31      0      0      0   0.312   0.002   0.000   0.315     5.285
CG optimal after 18 iterations. UB=82653006.691510 LB=82652645.379330 gap=3.613e+02 tol=8.265e+03  t_LP=5.222  t_PR=0.044  t_SP=0.006  t_Tot=5.294
[pricing-cutoff] enabled=0 cut=0 priced=10890 rate=0.0%

# === STDOUT (result CSV) ===
Setting parameter 'LpMethod' to 2
Setting parameter 'GPUMode' to 2
Setting parameter 'Presolve' to 0
Setting parameter 'Crossover' to 0
instance,formulation,iterations,columns,objective,lower_bound,optimal,time,time_lp,time_pricing,time_separation
data/commalab/grid/grid9,path,18,3719,82653006.691510,82652645.379330,1,5.315,5.222,0.044,0.006
