# cmd: /usr/bin/time -o /tmp/mcfcg_mem_dy2e4hcq.txt -f %M build/mcfcg_cli data/commalab/grid/grid6 --solver copt --copt-gpu-mode 2 --formulation tree --max-iters 10000 --time-limit 1800.0
# outcome: ok
# returncode: 0
# peak_rss_kb: 483920
# peak_rss_source: measured
# === STDERR (CG iteration log + preamble) ===
Instance: 225 vertices, 840 arcs, 200 commodities, 135 sources
Solver: copt (gpu-mode 2), formulation: tree
Pricing threads: 32 (auto)
Slack mode: CommodityRows (struct=135, capped_arcs=840)
[lp-config] backend=copt version=8.0.1 method=barrier exec=GPU presolve=off crossover=off tol=0.0001 threads=n/a(GPU)
   It           UB           LB       LP_obj   #col   #row  #slk   +col   -col   +cut   -cut    t_LP    t_PR    t_SP   t_Tot     t_acc
    1          inf   1.0284e+07   1.3500e+04    270    135   135      0      0      0      0   0.343   0.001   0.000   0.344     0.344
    2          inf   1.0284e+07   1.3500e+05    270    135   135      0      0      0      0   0.155   0.001   0.000   0.156     0.499
    3          inf   1.0284e+07   1.3338e+06    270    135   130      0      0      0      0   0.147   0.001   0.000   0.148     0.647
    4          inf   1.0284e+07   8.2519e+06    270    158    35      0      0     23      0   0.149   0.001   0.000   0.150     0.797
    5          inf   1.0284e+07   1.6194e+07    352    202    62     82      0     44      0   0.148   0.000   0.000   0.148     0.945
    6          inf   1.0284e+07   4.6956e+07    451    213    60    100      1     11      0   0.157   0.000   0.000   0.157     1.103
    7          inf   1.0284e+07   5.7345e+07    550    227    31     99      0     14      0   0.166   0.000   0.000   0.167     1.269
    8          inf   1.0284e+07   1.4221e+07    640    250     6     90      0     23      0   0.173   0.000   0.000   0.174     1.443
    9          inf   1.0284e+07   1.2128e+07    728    257     1     88      0      7      0   0.193   0.000   0.000   0.194     1.637
   10          inf   1.0358e+07   1.0418e+07    796    271     0     78     10     14      0   0.195   0.000   0.000   0.196     1.833
   11          inf   1.0371e+07   1.0411e+07    851    271     0     73     18      6      6   0.186   0.000   0.000   0.187     2.020
   12          inf   1.0384e+07   1.0406e+07    878    272     0     61     34      3      2   0.186   0.000   0.000   0.187     2.206
   13          inf   1.0393e+07   1.0404e+07    876    272     0     46     48      2      2   0.196   0.000   0.000   0.197     2.403
   14          inf   1.0398e+07   1.0403e+07    836    270     0     35     75      1      3   0.184   0.000   0.000   0.185     2.588
   15          inf   1.0398e+07   1.0402e+07    789    269     0     33     80      1      2   0.190   0.000   0.000   0.190     2.778
   16          inf   1.0400e+07   1.0402e+07    724    263     0     13     78      2      8   0.187   0.000   0.000   0.188     2.966
   17          inf   1.0401e+07   1.0401e+07    680    263     0     16     60      2      2   0.193   0.000   0.000   0.193     3.160
   18          inf   1.0401e+07   1.0402e+07    664    265     0     28     44      2      0   0.187   0.000   0.000   0.188     3.348
   19   1.0402e+07   1.0401e+07   1.0402e+07    664    265     0     *4      0      0      0   0.182   0.000   0.000   0.183     3.531
CG optimal after 19 iterations. UB=10401646.004575 LB=10400726.858942 gap=9.191e+02 tol=1.040e+03  t_LP=3.518  t_PR=0.008  t_SP=0.003  t_Tot=3.533
[pricing-cutoff] enabled=0 cut=0 priced=3240 rate=0.0%

# === STDOUT (result CSV) ===
Setting parameter 'LpMethod' to 2
Setting parameter 'GPUMode' to 2
Setting parameter 'Presolve' to 0
Setting parameter 'Crossover' to 0
instance,formulation,iterations,columns,objective,lower_bound,optimal,time,time_lp,time_pricing,time_separation
data/commalab/grid/grid6,tree,19,529,10401646.004575,10400726.858942,1,3.549,3.518,0.008,0.003
