# cmd: /usr/bin/time -o /tmp/mcfcg_mem_t2vrbqy7.txt -f %M build/mcfcg_cli data/commalab/grid/grid8 --solver copt --copt-gpu-mode 2 --formulation path --max-iters 10000 --time-limit 1800.0
# outcome: ok
# returncode: 0
# peak_rss_kb: 503540
# peak_rss_source: measured
# === STDERR (CG iteration log + preamble) ===
Instance: 625 vertices, 2400 arcs, 500 commodities, 343 sources
Solver: copt (gpu-mode 2), formulation: path
Pricing threads: 32 (auto)
Slack mode: CommodityRows (struct=500, capped_arcs=2400)
[lp-config] backend=copt version=8.0.1 method=barrier exec=GPU presolve=off crossover=off tol=0.0001 threads=n/a(GPU)
   It           UB           LB       LP_obj   #col   #row  #slk   +col   -col   +cut   -cut    t_LP    t_PR    t_SP   t_Tot     t_acc
    1          inf   4.1328e+07   2.7778e+06   1000    500   499      0      0      0      0   0.340   0.003   0.000   0.344     0.344
    2          inf   4.1328e+07   2.5136e+07   1000    500   349      0      0      0      0   0.150   0.003   0.000   0.153     0.497
    3          inf   4.1328e+07   4.1328e+07   1000    776     0      0      0    276      0   0.141   0.003   0.000   0.144     0.641
    4          inf   4.1328e+07   1.0076e+08   1369    776   208    369      0      0      0   0.190   0.001   0.000   0.192     0.834
    5          inf   4.1328e+07   2.3437e+08   1721    799   176    352      0     23      0   0.202   0.001   0.000   0.204     1.037
    6          inf   4.1328e+07   1.6668e+08   2092    847    92    371      0     48      0   0.209   0.001   0.000   0.211     1.249
    7          inf   4.1328e+07   5.5419e+07   2460    908    23    368      0     61      0   0.251   0.001   0.000   0.253     1.502
    8          inf   4.1384e+07   4.1799e+07   2791    932     0    331      0     24      0   0.284   0.001   0.000   0.286     1.789
    9          inf   4.1620e+07   4.1763e+07   3016    858     0    268     43      9     83   0.274   0.001   0.000   0.277     2.065
   10          inf   4.1640e+07   4.1740e+07   3160    877     0    249    105     19      0   0.256   0.001   0.000   0.258     2.323
   11          inf   4.1662e+07   4.1728e+07   3264    881     0    214    110      8      4   0.255   0.001   0.000   0.257     2.581
   12          inf   4.1680e+07   4.1720e+07   3199    873     0    178    243      1      9   0.255   0.001   0.000   0.257     2.838
   13          inf   4.1694e+07   4.1715e+07   2958    849     0    151    392      2     26   0.263   0.001   0.001   0.266     3.104
   14          inf   4.1701e+07   4.1713e+07   2731    837     0     95    322      2     14   0.257   0.001   0.000   0.259     3.363
   15          inf   4.1707e+07   4.1711e+07   2597    831     0     87    221      4     10   0.257   0.001   0.000   0.260     3.623
   16          inf   4.1710e+07   4.1711e+07   2443    820     0     49    203      4     15   0.252   0.001   0.000   0.254     3.877
   17          inf   4.1711e+07   4.1711e+07   2290    813     0     19    172      1      8   0.259   0.001   0.000   0.261     4.139
   18          inf   4.1711e+07   4.1711e+07   2163    809     0      4    131      1      5   0.255   0.001   0.000   0.257     4.396
   19   4.1711e+07   4.1711e+07   4.1711e+07   2163    809     0     *0      0      0      0   0.250   0.002   0.000   0.253     4.649
CG optimal after 19 iterations. UB=41711146.809954 LB=41711098.845835 gap=4.796e+01 tol=4.171e+03  t_LP=4.602  t_PR=0.033  t_SP=0.006  t_Tot=4.654
[pricing-cutoff] enabled=0 cut=0 priced=8232 rate=0.0%

# === STDOUT (result CSV) ===
Setting parameter 'LpMethod' to 2
Setting parameter 'GPUMode' to 2
Setting parameter 'Presolve' to 0
Setting parameter 'Crossover' to 0
instance,formulation,iterations,columns,objective,lower_bound,optimal,time,time_lp,time_pricing,time_separation
data/commalab/grid/grid8,path,19,1663,41711146.809954,41711098.845835,1,4.674,4.602,0.033,0.006
