# cmd: /usr/bin/time -o /tmp/mcfcg_mem_4zvyeg7i.txt -f %M build/mcfcg_cli data/commalab/grid/grid13 --solver copt --copt-gpu-mode 2 --formulation tree --max-iters 10000 --time-limit 1800.0
# outcome: ok
# returncode: 0
# peak_rss_kb: 642696
# peak_rss_source: measured
# === STDERR (CG iteration log + preamble) ===
Instance: 900 vertices, 3480 arcs, 12000 commodities, 900 sources
Solver: copt (gpu-mode 2), formulation: tree
Pricing threads: 32 (auto)
Slack mode: CommodityRows (struct=900, capped_arcs=3480)
[lp-config] backend=copt version=8.0.1 method=barrier exec=GPU presolve=off crossover=off tol=0.0001 threads=n/a(GPU)
   It           UB           LB       LP_obj   #col   #row  #slk   +col   -col   +cut   -cut    t_LP    t_PR    t_SP   t_Tot     t_acc
    1          inf   1.1535e+09   9.0000e+04   1800    900   900      0      0      0      0   0.361   0.013   0.000   0.375     0.375
    2          inf   1.1535e+09   9.0000e+05   1800    900   900      0      0      0      0   0.166   0.013   0.000   0.180     0.554
    3          inf   1.1535e+09   9.0000e+06   1800    900   900      0      0      0      0   0.153   0.014   0.000   0.167     0.721
    4          inf   1.1535e+09   9.0000e+07   1800    900   900      0      0      0      0   0.155   0.013   0.000   0.168     0.889
    5          inf   1.1535e+09   8.3935e+08   1800    900   628      0      0      0      0   0.163   0.012   0.000   0.175     1.064
    6          inf   1.1535e+09   1.1535e+09   1800   1187     0      0      0    287      0   0.165   0.012   0.001   0.177     1.241
    7          inf   1.1535e+09   3.4211e+09   2693   1187   535    893      0      0      0   0.265   0.006   0.000   0.275     1.516
    8          inf   1.1535e+09   5.8399e+09   3590   1191   480    897      0      4      0   0.319   0.006   0.000   0.329     1.845
    9          inf   1.1535e+09   1.3450e+10   4490   1204   280    900      0     13      0   0.341   0.006   0.000   0.352     2.197
   10          inf   1.1535e+09   1.2688e+10   5390   1237   127    900      0     33      0   0.385   0.007   0.001   0.397     2.594
   11          inf   1.1535e+09   5.5738e+09   6290   1282    54    900      0     45      0   0.457   0.006   0.001   0.468     3.062
   12          inf   1.1535e+09   1.1630e+09   6929   1196     0    900    261     22    108   0.609   0.005   0.001   0.625     3.688
   13          inf   1.1554e+09   1.1620e+09   7399   1207     0    900    430     12      1   0.461   0.006   0.001   0.478     4.166
   14          inf   1.1571e+09   1.1613e+09   7841   1220     0    900    458     15      2   0.459   0.007   0.002   0.478     4.644
   15          inf   1.1571e+09   1.1607e+09   8185   1224     0    900    556      6      2   0.446   0.006   0.001   0.464     5.108
   16          inf   1.1579e+09   1.1604e+09   8389   1227     0    899    695      9      6   0.483   0.006   0.002   0.503     5.611
   17          inf   1.1584e+09   1.1600e+09   8226   1217     0    900   1063      3     13   0.490   0.006   0.003   0.511     6.122
   18          inf   1.1586e+09   1.1598e+09   7979   1205     0    898   1145      9     21   0.505   0.006   0.002   0.524     6.646
   19          inf   1.1588e+09   1.1596e+09   7952   1203     0    896    923      7      9   0.481   0.004   0.002   0.499     7.145
   20          inf   1.1590e+09   1.1595e+09   8005   1202     0    896    843      4      5   0.446   0.006   0.002   0.466     7.610
   21          inf   1.1591e+09   1.1595e+09   7975   1200     0    894    924      1      3   0.493   0.006   0.002   0.512     8.123
   22          inf   1.1592e+09   1.1594e+09   7954   1198     0    884    905      5      7   0.466   0.006   0.002   0.485     8.608
   23          inf   1.1592e+09   1.1594e+09   7974   1199     0    875    855      5      4   0.490   0.007   0.002   0.511     9.119
   24          inf   1.1593e+09   1.1593e+09   7956   1196     0    873    891      5      8   0.506   0.006   0.002   0.525     9.644
   25   1.1593e+09   1.1593e+09   1.1593e+09   7956   1196     0   *862      0      0      0   0.479   0.006   0.002   0.487    10.131
CG optimal after 25 iterations. UB=1159327640.772173 LB=1159280840.980136 gap=4.680e+04 tol=1.159e+05  t_LP=9.742  t_PR=0.203  t_SP=0.029  t_Tot=10.144
[pricing-cutoff] enabled=0 cut=0 priced=28800 rate=0.0%

# === STDOUT (result CSV) ===
Setting parameter 'LpMethod' to 2
Setting parameter 'GPUMode' to 2
Setting parameter 'Presolve' to 0
Setting parameter 'Crossover' to 0
instance,formulation,iterations,columns,objective,lower_bound,optimal,time,time_lp,time_pricing,time_separation
data/commalab/grid/grid13,tree,25,7056,1159327640.772173,1159280840.980136,1,10.176,9.742,0.203,0.029
