# cmd: /usr/bin/time -o /tmp/mcfcg_mem_52xafqi8.txt -f %M build/mcfcg_cli data/commalab/grid/grid11 --solver copt --copt-gpu-mode 2 --formulation tree --max-iters 10000 --time-limit 1800.0
# outcome: ok
# returncode: 0
# peak_rss_kb: 551584
# peak_rss_source: measured
# === STDERR (CG iteration log + preamble) ===
Instance: 625 vertices, 2400 arcs, 4000 commodities, 625 sources
Solver: copt (gpu-mode 2), formulation: tree
Pricing threads: 32 (auto)
Slack mode: CommodityRows (struct=625, capped_arcs=2400)
[lp-config] backend=copt version=8.0.1 method=barrier exec=GPU presolve=off crossover=off tol=0.0001 threads=n/a(GPU)
   It           UB           LB       LP_obj   #col   #row  #slk   +col   -col   +cut   -cut    t_LP    t_PR    t_SP   t_Tot     t_acc
    1          inf   3.2684e+08   6.2500e+04   1250    625   625      0      0      0      0   0.353   0.006   0.000   0.359     0.359
    2          inf   3.2684e+08   6.2500e+05   1250    625   625      0      0      0      0   0.163   0.006   0.000   0.169     0.528
    3          inf   3.2684e+08   6.2500e+06   1250    625   625      0      0      0      0   0.152   0.006   0.000   0.158     0.686
    4          inf   3.2684e+08   6.2161e+07   1250    625   613      0      0      0      0   0.153   0.006   0.000   0.159     0.845
    5          inf   3.2684e+08   3.2192e+08   1250    817    31      0      0    192      0   0.154   0.006   0.000   0.160     1.005
    6          inf   3.2684e+08   4.3436e+08   1849    817   305    599      0      0      0   0.198   0.003   0.000   0.203     1.207
    7          inf   3.2684e+08   1.1206e+09   2453    819   310    604      0      2      0   0.215   0.003   0.000   0.219     1.426
    8          inf   3.2684e+08   1.3957e+09   3069    841   167    616      0     22      0   0.223   0.003   0.000   0.227     1.653
    9          inf   3.2684e+08   1.0416e+09   3689    863   103    620      0     22      0   0.236   0.003   0.000   0.240     1.893
   10          inf   3.2684e+08   4.0967e+08   4309    921    12    620      0     58      0   0.285   0.002   0.001   0.289     2.183
   11          inf   3.2684e+08   3.3056e+08   4840    889     0    620     89     11     43   0.344   0.003   0.001   0.351     2.533
   12          inf   3.2802e+08   3.3010e+08   5088    907     0    610    362     19      1   0.273   0.003   0.001   0.280     2.813
   13          inf   3.2844e+08   3.2985e+08   5426    916     0    604    266     10      1   0.286   0.002   0.001   0.292     3.106
   14          inf   3.2867e+08   3.2967e+08   5659    924     0    596    363     11      3   0.305   0.002   0.001   0.312     3.418
   15          inf   3.2875e+08   3.2953e+08   5783    928     0    597    473      9      5   0.309   0.003   0.001   0.317     3.735
   16          inf   3.2894e+08   3.2944e+08   5609    916     0    581    755      8     20   0.321   0.003   0.001   0.329     4.064
   17          inf   3.2903e+08   3.2938e+08   5413    911     0    577    773      6     11   0.317   0.003   0.001   0.324     4.388
   18          inf   3.2911e+08   3.2934e+08   5385    910     0    559    587      5      6   0.313   0.003   0.001   0.320     4.709
   19          inf   3.2914e+08   3.2930e+08   5353    912     0    568    600      6      4   0.308   0.003   0.001   0.315     5.024
   20          inf   3.2919e+08   3.2928e+08   5322    912     0    538    569      4      4   0.314   0.003   0.001   0.321     5.345
   21          inf   3.2922e+08   3.2927e+08   5224    909     0    514    612      3      6   0.319   0.003   0.001   0.326     5.671
   22          inf   3.2923e+08   3.2926e+08   5194    902     0    508    538      1      8   0.312   0.003   0.001   0.319     5.991
   23          inf   3.2925e+08   3.2926e+08   5143    901     0    470    521      2      3   0.320   0.003   0.001   0.327     6.318
   24          inf   3.2925e+08   3.2926e+08   5043    897     0    385    485      1      5   0.351   0.003   0.001   0.359     6.677
   25          inf   3.2926e+08   3.2926e+08   4881    902     0    314    476      6      1   0.328   0.003   0.001   0.336     7.013
   26   3.2926e+08   3.2926e+08   3.2926e+08   4881    902     0    *26      0      0      0   0.314   0.003   0.001   0.318     7.330
CG optimal after 26 iterations. UB=329258295.659476 LB=329257772.104469 gap=5.236e+02 tol=3.293e+04  t_LP=7.164  t_PR=0.091  t_SP=0.015  t_Tot=7.338
[pricing-cutoff] enabled=0 cut=0 priced=20000 rate=0.0%

# === STDOUT (result CSV) ===
Setting parameter 'LpMethod' to 2
Setting parameter 'GPUMode' to 2
Setting parameter 'Presolve' to 0
Setting parameter 'Crossover' to 0
instance,formulation,iterations,columns,objective,lower_bound,optimal,time,time_lp,time_pricing,time_separation
data/commalab/grid/grid11,tree,26,4256,329258295.659476,329257772.104469,1,7.362,7.164,0.091,0.015
