# cmd: /usr/bin/time -o /tmp/mcfcg_mem_wv9h6bc9.txt -f %M build/mcfcg_cli data/commalab/grid/grid12 --solver copt --copt-gpu-mode 2 --formulation tree --max-iters 10000 --time-limit 1800.0
# outcome: ok
# returncode: 0
# peak_rss_kb: 569544
# peak_rss_source: measured
# === STDERR (CG iteration log + preamble) ===
Instance: 900 vertices, 3480 arcs, 6000 commodities, 899 sources
Solver: copt (gpu-mode 2), formulation: tree
Pricing threads: 32 (auto)
Slack mode: CommodityRows (struct=899, capped_arcs=3480)
[lp-config] backend=copt version=8.0.1 method=barrier exec=GPU presolve=off crossover=off tol=0.0001 threads=n/a(GPU)
   It           UB           LB       LP_obj   #col   #row  #slk   +col   -col   +cut   -cut    t_LP    t_PR    t_SP   t_Tot     t_acc
    1          inf   5.7494e+08   8.9900e+04   1798    899   899      0      0      0      0   0.360   0.012   0.000   0.373     0.373
    2          inf   5.7494e+08   8.9900e+05   1798    899   899      0      0      0      0   0.168   0.011   0.000   0.180     0.553
    3          inf   5.7494e+08   8.9900e+06   1798    899   899      0      0      0      0   0.153   0.012   0.000   0.166     0.719
    4          inf   5.7494e+08   8.9531e+07   1798    899   884      0      0      0      0   0.152   0.011   0.000   0.164     0.883
    5          inf   5.7494e+08   5.4926e+08   1798   1027   122      0      0    128      0   0.158   0.012   0.001   0.170     1.052
    6          inf   5.7494e+08   8.0124e+08   2630   1027   486    838      6      0      0   0.199   0.005   0.000   0.207     1.259
    7          inf   5.7494e+08   1.5191e+09   3495   1038   343    865      0     11      0   0.207   0.006   0.000   0.215     1.474
    8          inf   5.7494e+08   1.2550e+09   4369   1092   110    874      0     54      0   0.218   0.006   0.001   0.227     1.701
    9          inf   5.7494e+08   1.0511e+09   5257   1124    72    888      0     32      0   0.257   0.006   0.001   0.265     1.966
   10          inf   5.7494e+08   5.7843e+08   6141   1154     0    884      0     30      0   0.365   0.006   0.001   0.375     2.341
   11          inf   5.7575e+08   5.7804e+08   6875   1135     0    880    146     12     31   0.328   0.006   0.001   0.340     2.681
   12          inf   5.7655e+08   5.7769e+08   7438   1147     0    860    297     13      1   0.289   0.006   0.001   0.302     2.983
   13          inf   5.7679e+08   5.7748e+08   7849   1154     0    839    428      9      2   0.318   0.006   0.001   0.331     3.314
   14          inf   5.7696e+08   5.7735e+08   8020   1148     0    821    650      7     13   0.330   0.006   0.001   0.343     3.657
   15          inf   5.7704e+08   5.7728e+08   7803   1146     0    795   1012      7      9   0.304   0.006   0.001   0.319     3.976
   16          inf   5.7711e+08   5.7723e+08   7421   1143     0    748   1130      7     10   0.329   0.006   0.001   0.342     4.318
   17          inf   5.7716e+08   5.7720e+08   7170   1140     0    688    939      5      8   0.320   0.006   0.001   0.334     4.652
   18          inf   5.7717e+08   5.7719e+08   6874   1135     0    565    861      1      6   0.335   0.006   0.001   0.349     5.001
   19          inf   5.7717e+08   5.7719e+08   6452   1131     0    357    779      3      7   0.352   0.006   0.001   0.364     5.365
   20          inf   5.7719e+08   5.7719e+08   5954   1127     0    271    769      1      5   0.315   0.006   0.001   0.327     5.692
   21   5.7719e+08   5.7719e+08   5.7719e+08   5954   1127     0   *100      0      0      0   0.283   0.006   0.001   0.291     5.983
CG optimal after 21 iterations. UB=577186510.382103 LB=577185735.434955 gap=7.749e+02 tol=5.772e+04  t_LP=5.743  t_PR=0.164  t_SP=0.016  t_Tot=5.994
[pricing-cutoff] enabled=0 cut=0 priced=24273 rate=0.0%

# === STDOUT (result CSV) ===
Setting parameter 'LpMethod' to 2
Setting parameter 'GPUMode' to 2
Setting parameter 'Presolve' to 0
Setting parameter 'Crossover' to 0
instance,formulation,iterations,columns,objective,lower_bound,optimal,time,time_lp,time_pricing,time_separation
data/commalab/grid/grid12,tree,21,5055,577186510.382103,577185735.434955,1,6.021,5.743,0.164,0.016
