# cmd: /usr/bin/time -o /tmp/mcfcg_mem_971la0ez.txt -f %M build/mcfcg_cli data/commalab/grid/grid10 --solver copt --copt-gpu-mode 2 --formulation tree --max-iters 10000 --time-limit 1800.0
# outcome: ok
# returncode: 0
# peak_rss_kb: 552844
# peak_rss_source: measured
# === STDERR (CG iteration log + preamble) ===
Instance: 625 vertices, 2400 arcs, 2000 commodities, 593 sources
Solver: copt (gpu-mode 2), formulation: tree
Pricing threads: 32 (auto)
Slack mode: CommodityRows (struct=593, capped_arcs=2400)
[lp-config] backend=copt version=8.0.1 method=barrier exec=GPU presolve=off crossover=off tol=0.0001 threads=n/a(GPU)
   It           UB           LB       LP_obj   #col   #row  #slk   +col   -col   +cut   -cut    t_LP    t_PR    t_SP   t_Tot     t_acc
    1          inf   1.6221e+08   5.9300e+04   1186    593   593      0      0      0      0   0.355   0.005   0.000   0.360     0.360
    2          inf   1.6221e+08   5.9300e+05   1186    593   593      0      0      0      0   0.162   0.005   0.000   0.167     0.527
    3          inf   1.6221e+08   5.9216e+06   1186    593   590      0      0      0      0   0.155   0.004   0.000   0.160     0.686
    4          inf   1.6221e+08   5.5288e+07   1186    593   495      0      0      0      0   0.153   0.005   0.000   0.158     0.845
    5          inf   1.6221e+08   1.6218e+08   1186    910     1      0      0    317      0   0.156   0.005   0.000   0.161     1.006
    6          inf   1.6221e+08   2.8039e+08   1706    910   271    520      0      0      0   0.211   0.002   0.000   0.214     1.220
    7          inf   1.6221e+08   7.6387e+08   2250    913   299    544      0      3      0   0.229   0.002   0.000   0.232     1.453
    8          inf   1.6221e+08   1.3705e+09   2798    924   201    548      0     11      0   0.229   0.002   0.000   0.233     1.686
    9          inf   1.6221e+08   1.3036e+09   3359    965   158    561      0     41      0   0.248   0.002   0.000   0.252     1.937
   10          inf   1.6221e+08   9.8212e+08   3923   1010   105    564      0     45      0   0.267   0.002   0.000   0.271     2.208
   11          inf   1.6221e+08   1.6511e+08   4393    986     0    557     87     60     84   0.396   0.002   0.001   0.401     2.609
   12          inf   1.6285e+08   1.6463e+08   4669   1017     0    539    263     33      2   0.318   0.003   0.000   0.325     2.934
   13          inf   1.6335e+08   1.6449e+08   4925   1033     0    532    276     17      1   0.314   0.002   0.001   0.320     3.254
   14          inf   1.6355e+08   1.6439e+08   5140   1046     0    524    309     13      0   0.345   0.002   0.000   0.350     3.604
   15          inf   1.6374e+08   1.6432e+08   5264   1050     0    510    386     13      9   0.340   0.003   0.001   0.346     3.950
   16          inf   1.6381e+08   1.6426e+08   5320   1050     0    506    450      8      8   0.323   0.002   0.001   0.329     4.279
   17          inf   1.6389e+08   1.6422e+08   5136   1038     0    492    676      7     19   0.331   0.002   0.001   0.338     4.617
   18          inf   1.6398e+08   1.6418e+08   5038   1028     0    469    567      7     17   0.333   0.002   0.001   0.339     4.956
   19          inf   1.6398e+08   1.6415e+08   4995   1022     0    487    530      4     10   0.324   0.002   0.001   0.329     5.286
   20          inf   1.6404e+08   1.6414e+08   4932   1025     0    436    499      6      3   0.335   0.002   0.001   0.341     5.627
   21          inf   1.6404e+08   1.6413e+08   4882   1023     0    444    494      5      7   0.351   0.002   0.001   0.357     5.984
   22          inf   1.6407e+08   1.6412e+08   4797   1019     0    399    484      2      6   0.340   0.002   0.001   0.346     6.330
   23          inf   1.6409e+08   1.6412e+08   4685   1018     0    378    490      5      6   0.355   0.002   0.001   0.361     6.691
   24          inf   1.6409e+08   1.6411e+08   4629   1019     0    377    433      4      3   0.350   0.002   0.001   0.356     7.047
   25          inf   1.6410e+08   1.6411e+08   4490   1019     0    311    450      2      2   0.351   0.002   0.001   0.357     7.404
   26          inf   1.6411e+08   1.6411e+08   4376   1019     0    291    405      3      3   0.350   0.002   0.000   0.355     7.759
   27          inf   1.6411e+08   1.6411e+08   4324   1017     0    283    335      2      4   0.372   0.002   0.000   0.377     8.136
   28          inf   1.6411e+08   1.6411e+08   4066   1019     0     59    317      3      1   0.351   0.002   0.000   0.356     8.493
   29   1.6411e+08   1.6411e+08   1.6411e+08   4066   1019     0   *104      0      0      0   0.358   0.002   0.002   0.362     8.854
CG optimal after 29 iterations. UB=164110904.895253 LB=164110572.793227 gap=3.321e+02 tol=1.641e+04  t_LP=8.705  t_PR=0.084  t_SP=0.014  t_Tot=8.862
[pricing-cutoff] enabled=0 cut=0 priced=20755 rate=0.0%

# === STDOUT (result CSV) ===
Setting parameter 'LpMethod' to 2
Setting parameter 'GPUMode' to 2
Setting parameter 'Presolve' to 0
Setting parameter 'Crossover' to 0
instance,formulation,iterations,columns,objective,lower_bound,optimal,time,time_lp,time_pricing,time_separation
data/commalab/grid/grid10,tree,29,3473,164110904.895253,164110572.793227,1,8.883,8.705,0.084,0.014
