# cmd: /usr/bin/time -o /tmp/mcfcg_mem_k8pwipgg.txt -f %M build/mcfcg_cli data/commalab/grid/grid1 --solver copt --copt-gpu-mode 2 --formulation tree --max-iters 10000 --time-limit 1800.0
# outcome: ok
# returncode: 0
# peak_rss_kb: 473672
# peak_rss_source: measured
# === STDERR (CG iteration log + preamble) ===
Instance: 25 vertices, 80 arcs, 50 commodities, 23 sources
Solver: copt (gpu-mode 2), formulation: tree
Pricing threads: 32 (auto)
Slack mode: CommodityRows (struct=23, capped_arcs=80)
[lp-config] backend=copt version=8.0.1 method=barrier exec=GPU presolve=off crossover=off tol=0.0001 threads=n/a(GPU)
   It           UB           LB       LP_obj   #col   #row  #slk   +col   -col   +cut   -cut    t_LP    t_PR    t_SP   t_Tot     t_acc
    1          inf   8.2017e+05   2.3000e+03     46     23    23      0      0      0      0   0.344   0.000   0.000   0.344     0.344
    2          inf   8.2017e+05   2.3000e+04     46     23    23      0      0      0      0   0.150   0.000   0.000   0.150     0.495
    3          inf   8.2017e+05   2.0734e+05     46     23    19      0      0      0      0   0.141   0.001   0.000   0.142     0.637
    4          inf   8.2017e+05   8.1921e+05     46     29     1      0      0      6      0   0.145   0.000   0.000   0.145     0.782
    5          inf   8.2017e+05   9.8073e+05     57     32     5     11      0      3      0   0.141   0.000   0.000   0.141     0.924
    6          inf   8.2017e+05   1.1015e+06     70     35     7     13      0      3      0   0.144   0.000   0.000   0.145     1.068
    7          inf   8.2017e+05   1.2085e+06     78     35     3      8      0      0      0   0.146   0.000   0.000   0.146     1.215
    8   8.2864e+05   8.2017e+05   8.2864e+05     80     35     0      2      0      0      0   0.147   0.000   0.000   0.147     1.362
    9   8.2750e+05   8.2689e+05   8.2750e+05     82     35     0      2      0      0      0   0.153   0.000   0.000   0.153     1.515
   10   8.2736e+05   8.2699e+05   8.2736e+05     84     34     0      2      0      0      1   0.152   0.000   0.000   0.152     1.667
   11   8.2732e+05   8.2732e+05   8.2732e+05     84     34     0     *0      0      0      0   0.149   0.000   0.000   0.150     1.817
CG optimal after 11 iterations. UB=827319.000000 LB=827318.077000 gap=9.230e-01 tol=8.273e+01  t_LP=1.814  t_PR=0.003  t_SP=0.000  t_Tot=1.818
[pricing-cutoff] enabled=0 cut=0 priced=391 rate=0.0%

# === STDOUT (result CSV) ===
Setting parameter 'LpMethod' to 2
Setting parameter 'GPUMode' to 2
Setting parameter 'Presolve' to 0
Setting parameter 'Crossover' to 0
instance,formulation,iterations,columns,objective,lower_bound,optimal,time,time_lp,time_pricing,time_separation
data/commalab/grid/grid1,tree,11,61,827319.000000,827318.077000,1,1.833,1.814,0.003,0.000
