# cmd: /usr/bin/time -o /tmp/mcfcg_mem_moqasif9.txt -f %M build/mcfcg_cli data/commalab/grid/grid8 --solver copt --copt-gpu-mode 2 --formulation tree --max-iters 10000 --time-limit 1800.0
# outcome: ok
# returncode: 0
# peak_rss_kb: 504760
# peak_rss_source: measured
# === STDERR (CG iteration log + preamble) ===
Instance: 625 vertices, 2400 arcs, 500 commodities, 343 sources
Solver: copt (gpu-mode 2), formulation: tree
Pricing threads: 32 (auto)
Slack mode: CommodityRows (struct=343, capped_arcs=2400)
[lp-config] backend=copt version=8.0.1 method=barrier exec=GPU presolve=off crossover=off tol=0.0001 threads=n/a(GPU)
   It           UB           LB       LP_obj   #col   #row  #slk   +col   -col   +cut   -cut    t_LP    t_PR    t_SP   t_Tot     t_acc
    1          inf   4.1328e+07   3.4300e+04    686    343   343      0      0      0      0   0.350   0.002   0.000   0.352     0.352
    2          inf   4.1328e+07   3.4300e+05    686    343   343      0      0      0      0   0.157   0.002   0.000   0.159     0.511
    3          inf   4.1328e+07   3.4172e+06    686    343   338      0      0      0      0   0.151   0.002   0.000   0.154     0.665
    4          inf   4.1328e+07   2.6022e+07    686    344   167      0      0      1      0   0.154   0.002   0.000   0.157     0.821
    5          inf   4.1328e+07   4.6211e+07    709    593    16     23      0    249      0   0.154   0.001   0.000   0.155     0.977
    6          inf   4.1328e+07   1.0110e+08    981    596   174    274      2      3      0   0.182   0.001   0.000   0.184     1.161
    7          inf   4.1328e+07   2.1948e+08   1240    625   130    259      0     29      0   0.187   0.001   0.000   0.189     1.350
    8          inf   4.1328e+07   2.0672e+08   1518    670    71    278      0     45      0   0.204   0.001   0.000   0.206     1.557
    9          inf   4.1328e+07   9.7128e+07   1801    710    38    283      0     40      0   0.212   0.001   0.000   0.214     1.771
   10          inf   4.1328e+07   4.1873e+07   2065    745     0    265      1     35      0   0.274   0.001   0.000   0.276     2.047
   11          inf   4.1510e+07   4.1791e+07   2265    681     0    244     44      7     71   0.272   0.001   0.000   0.274     2.321
   12          inf   4.1604e+07   4.1761e+07   2420    688     0    225     70      9      2   0.243   0.001   0.000   0.245     2.566
   13          inf   4.1629e+07   4.1745e+07   2539    690     0    205     86      5      3   0.239   0.001   0.000   0.241     2.808
   14          inf   4.1648e+07   4.1734e+07   2577    689     0    190    152      6      7   0.258   0.001   0.000   0.260     3.068
   15          inf   4.1669e+07   4.1725e+07   2507    680     0    176    246      8     17   0.251   0.001   0.001   0.254     3.322
   16          inf   4.1681e+07   4.1720e+07   2332    661     0    153    328      5     24   0.253   0.001   0.000   0.256     3.578
   17          inf   4.1688e+07   4.1716e+07   2246    653     0    141    227      1      9   0.239   0.001   0.000   0.241     3.820
   18          inf   4.1697e+07   4.1713e+07   2177    653     0    123    192      5      5   0.241   0.001   0.000   0.244     4.063
   19          inf   4.1703e+07   4.1712e+07   2106    654     0    119    190      6      5   0.244   0.001   0.000   0.247     4.310
   20          inf   4.1706e+07   4.1711e+07   2014    650     0     86    178      3      7   0.250   0.001   0.000   0.252     4.562
   21          inf   4.1709e+07   4.1711e+07   1902    643     0     53    165      2      9   0.253   0.001   0.000   0.255     4.818
   22          inf   4.1710e+07   4.1711e+07   1811    642     0     30    121      2      3   0.238   0.001   0.000   0.240     5.058
   23          inf   4.1711e+07   4.1711e+07   1734    641     0     25    102      1      2   0.244   0.001   0.000   0.246     5.304
   24   4.1711e+07   4.1711e+07   4.1711e+07   1734    641     0    *10      0      0      0   0.241   0.001   0.000   0.242     5.547
CG optimal after 24 iterations. UB=41710751.404912 LB=41710673.446046 gap=7.796e+01 tol=4.171e+03  t_LP=5.492  t_PR=0.035  t_SP=0.008  t_Tot=5.552
[pricing-cutoff] enabled=0 cut=0 priced=9947 rate=0.0%

# === STDOUT (result CSV) ===
Setting parameter 'LpMethod' to 2
Setting parameter 'GPUMode' to 2
Setting parameter 'Presolve' to 0
Setting parameter 'Crossover' to 0
instance,formulation,iterations,columns,objective,lower_bound,optimal,time,time_lp,time_pricing,time_separation
data/commalab/grid/grid8,tree,24,1391,41710751.404912,41710673.446046,1,5.569,5.492,0.035,0.008
