# cmd: /usr/bin/time -o /tmp/mcfcg_mem_hcva1c93.txt -f %M build/mcfcg_cli data/commalab/grid/grid14 --solver copt --copt-gpu-mode 2 --formulation tree --max-iters 10000 --time-limit 1800.0
# outcome: ok
# returncode: 0
# peak_rss_kb: 652876
# peak_rss_source: measured
# === STDERR (CG iteration log + preamble) ===
Instance: 1225 vertices, 4760 arcs, 16000 commodities, 1225 sources
Solver: copt (gpu-mode 2), formulation: tree
Pricing threads: 32 (auto)
Slack mode: CommodityRows (struct=1225, capped_arcs=4760)
[lp-config] backend=copt version=8.0.1 method=barrier exec=GPU presolve=off crossover=off tol=0.0001 threads=n/a(GPU)
   It           UB           LB       LP_obj   #col   #row  #slk   +col   -col   +cut   -cut    t_LP    t_PR    t_SP   t_Tot     t_acc
    1          inf   1.7977e+09   1.2250e+05   2450   1225  1225      0      0      0      0   0.361   0.021   0.001   0.382     0.382
    2          inf   1.7977e+09   1.2250e+06   2450   1225  1225      0      0      0      0   0.169   0.024   0.001   0.194     0.576
    3          inf   1.7977e+09   1.2250e+07   2450   1225  1225      0      0      0      0   0.162   0.018   0.001   0.181     0.757
    4          inf   1.7977e+09   1.2250e+08   2450   1225  1225      0      0      0      0   0.154   0.026   0.001   0.181     0.938
    5          inf   1.7977e+09   1.1712e+09   2450   1225   967      0      0      0      0   0.160   0.026   0.001   0.187     1.125
    6          inf   1.7977e+09   1.7977e+09   2450   1442     0      0      0    217      0   0.167   0.024   0.001   0.192     1.317
    7          inf   1.7977e+09   4.6145e+09   3670   1442   606   1220      0      0      0   0.268   0.011   0.001   0.284     1.601
    8          inf   1.7977e+09   5.6097e+09   4892   1442   449   1222      0      0      0   0.310   0.012   0.001   0.327     1.928
    9          inf   1.7977e+09   6.4545e+09   6116   1456   315   1224      0     14      0   0.331   0.012   0.001   0.349     2.277
   10          inf   1.7977e+09   3.7732e+09   7341   1476    83   1225      0     20      0   0.380   0.012   0.001   0.399     2.676
   11          inf   1.7977e+09   1.8059e+09   8564   1498     0   1223      0     22      0   0.483   0.012   0.002   0.504     3.179
   12          inf   1.7997e+09   1.8047e+09   9585   1410     0   1224    203     10     98   0.474   0.014   0.002   0.503     3.683
   13          inf   1.8012e+09   1.8040e+09  10258   1422     0   1221    548     12      0   0.370   0.013   0.003   0.396     4.079
   14          inf   1.8013e+09   1.8035e+09  10824   1425     0   1216    650      6      3   0.409   0.012   0.002   0.437     4.516
   15          inf   1.8019e+09   1.8032e+09  11109   1427     0   1202    917      8      6   0.425   0.012   0.003   0.455     4.970
   16          inf   1.8022e+09   1.8030e+09  10794   1427     0   1192   1507      4      4   0.437   0.012   0.003   0.466     5.437
   17          inf   1.8024e+09   1.8029e+09  10416   1418     0   1170   1548      3     12   0.443   0.013   0.003   0.473     5.910
   18          inf   1.8025e+09   1.8028e+09  10248   1414     0   1137   1305      3      7   0.430   0.011   0.002   0.458     6.367
   19   1.8027e+09   1.8026e+09   1.8027e+09  10248   1414     0  *1090      0      0      0   0.439   0.012   0.002   0.454     6.821
CG optimal after 19 iterations. UB=1802710602.731804 LB=1802586010.948322 gap=1.246e+05 tol=1.803e+05  t_LP=6.370  t_PR=0.314  t_SP=0.032  t_Tot=6.839
[pricing-cutoff] enabled=0 cut=0 priced=31850 rate=0.0%

# === STDOUT (result CSV) ===
Setting parameter 'LpMethod' to 2
Setting parameter 'GPUMode' to 2
Setting parameter 'Presolve' to 0
Setting parameter 'Crossover' to 0
instance,formulation,iterations,columns,objective,lower_bound,optimal,time,time_lp,time_pricing,time_separation
data/commalab/grid/grid14,tree,19,9023,1802710602.731804,1802586010.948322,1,6.875,6.370,0.314,0.032
