# cmd: /usr/bin/time -o /tmp/mcfcg_mem_huu6pq5m.txt -f %M build/mcfcg_cli data/commalab/planar/planar500 --solver copt --copt-gpu-mode 2 --formulation tree --max-iters 10000 --time-limit 1800.0
# outcome: ok
# returncode: 0
# peak_rss_kb: 505980
# peak_rss_source: measured
# === STDERR (CG iteration log + preamble) ===
Instance: 500 vertices, 2842 arcs, 3525 commodities, 500 sources
Solver: copt (gpu-mode 2), formulation: tree
Pricing threads: 32 (auto)
Slack mode: CommodityRows (struct=500, capped_arcs=2842)
[lp-config] backend=copt version=8.0.1 method=barrier exec=GPU presolve=off crossover=off tol=0.0001 threads=n/a(GPU)
   It           UB           LB       LP_obj   #col   #row  #slk   +col   -col   +cut   -cut    t_LP    t_PR    t_SP   t_Tot     t_acc
    1          inf   4.7613e+08   1.4003e+08   1000    500   486      0      0      0      0   0.359   0.005   0.000   0.364     0.364
    2          inf   4.7613e+08   4.7568e+08   1000    604     1      0      0    104      0   0.170   0.005   0.000   0.176     0.540
    3          inf   4.7613e+08   6.6299e+08   1457    604   142    457      0      0      0   0.180   0.003   0.000   0.184     0.724
    4          inf   4.7613e+08   7.4618e+08   1926    604   151    469      0      0      0   0.202   0.003   0.000   0.206     0.930
    5          inf   4.7613e+08   9.6792e+08   2405    604   114    479      0      0      0   0.217   0.003   0.000   0.220     1.150
    6          inf   4.7613e+08   6.2765e+08   2890    606    36    485      0      2      0   0.222   0.003   0.000   0.226     1.376
    7          inf   4.7856e+08   4.8357e+08   3347    607     0    457      0      1      0   0.217   0.002   0.001   0.220     1.597
    8          inf   4.8078e+08   4.8278e+08   3744    561     0    428     31      1     47   0.222   0.002   0.000   0.227     1.823
    9          inf   4.8082e+08   4.8236e+08   3855    563     0    392    281      2      0   0.200   0.002   0.000   0.204     2.028
   10          inf   4.8149e+08   4.8209e+08   3897    568     0    358    316      5      0   0.207   0.003   0.001   0.212     2.240
   11   4.8201e+08   4.8183e+08   4.8201e+08   3777    567     0    275    395      0      1   0.215   0.002   0.001   0.220     2.460
   12   4.8199e+08   4.8196e+08   4.8199e+08   3777    567     0   *120      0      0      0   0.225   0.002   0.001   0.228     2.687
CG optimal after 12 iterations. UB=481987950.565405 LB=481956129.577043 gap=3.182e+04 tol=4.820e+04  t_LP=2.635  t_PR=0.042  t_SP=0.005  t_Tot=2.694
[pricing-cutoff] enabled=0 cut=0 priced=7500 rate=0.0%

# === STDOUT (result CSV) ===
Setting parameter 'LpMethod' to 2
Setting parameter 'GPUMode' to 2
Setting parameter 'Presolve' to 0
Setting parameter 'Crossover' to 0
instance,formulation,iterations,columns,objective,lower_bound,optimal,time,time_lp,time_pricing,time_separation
data/commalab/planar/planar500,tree,12,3277,481987950.565405,481956129.577043,1,2.716,2.635,0.042,0.005
