# cmd: /usr/bin/time -o /tmp/mcfcg_mem_79j6is5e.txt -f %M build/mcfcg_cli data/commalab/planar/planar150 --solver copt --copt-gpu-mode 2 --formulation tree --max-iters 10000 --time-limit 1800.0
# outcome: ok
# returncode: 0
# peak_rss_kb: 518828
# peak_rss_source: measured
# === STDERR (CG iteration log + preamble) ===
Instance: 150 vertices, 850 arcs, 2239 commodities, 150 sources
Solver: copt (gpu-mode 2), formulation: tree
Pricing threads: 32 (auto)
Slack mode: CommodityRows (struct=150, capped_arcs=850)
[lp-config] backend=copt version=8.0.1 method=barrier exec=GPU presolve=off crossover=off tol=0.0001 threads=n/a(GPU)
   It           UB           LB       LP_obj   #col   #row  #slk   +col   -col   +cut   -cut    t_LP    t_PR    t_SP   t_Tot     t_acc
    1          inf   4.6091e+08   2.8355e+07    300    150   150      0      0      0      0   0.351   0.001   0.000   0.352     0.352
    2          inf   4.6091e+08   2.7752e+08    300    150   137      0      0      0      0   0.164   0.001   0.000   0.165     0.517
    3          inf   4.6091e+08   4.6091e+08    300    366     0      0      0    216      0   0.162   0.001   0.000   0.162     0.679
    4          inf   4.6091e+08   1.9672e+09    447    366   120    147      0      0      0   0.179   0.000   0.000   0.180     0.859
    5          inf   4.6091e+08   1.1631e+10    597    366   109    150      0      0      0   0.191   0.000   0.000   0.192     1.051
    6          inf   4.6091e+08   3.5622e+10    747    370   103    150      0      4      0   0.202   0.000   0.000   0.203     1.254
    7          inf   4.6091e+08   6.3698e+10    897    372    88    150      0      2      0   0.203   0.001   0.000   0.204     1.458
    8          inf   4.6091e+08   5.5124e+10   1047    379    69    150      0      7      0   0.211   0.000   0.000   0.212     1.670
    9          inf   4.6091e+08   4.2550e+10   1131    394    55    150     66     15      0   0.220   0.000   0.000   0.221     1.892
   10          inf   4.6091e+08   3.5557e+10   1212    411    48    150     69     17      0   0.215   0.000   0.000   0.217     2.108
   11          inf   4.6091e+08   2.8457e+10   1255    420    35    150    107      9      0   0.227   0.000   0.000   0.228     2.337
   12          inf   4.6091e+08   2.0911e+10   1309    445    36    150     96     25      0   0.226   0.000   0.000   0.228     2.564
   13          inf   4.6091e+08   1.9028e+10   1358    454    29    150    101      9      0   0.236   0.000   0.000   0.237     2.801
   14          inf   4.6091e+08   1.3152e+10   1412    455    23    150     96     13     12   0.238   0.000   0.000   0.240     3.041
   15          inf   4.6091e+08   8.9930e+09   1458    468    19    150    104     13      0   0.241   0.000   0.000   0.243     3.284
   16          inf   4.6091e+08   3.0131e+09   1514    488     3    150     94     20      0   0.247   0.000   0.000   0.249     3.533
   17          inf   4.6091e+08   6.0626e+08   1525    477     0    150    139     10     21   0.289   0.000   0.000   0.291     3.824
   18          inf   4.6091e+08   5.9264e+08   1574    478     0    150    101      3      2   0.267   0.000   0.000   0.269     4.093
   19          inf   4.6091e+08   5.8682e+08   1600    477     0    150    124      2      3   0.265   0.000   0.001   0.267     4.359
   20          inf   4.6857e+08   5.8068e+08   1635    481     0    150    115      7      3   0.272   0.000   0.000   0.274     4.633
   21          inf   4.9682e+08   5.7678e+08   1652    472     0    150    133      1     10   0.258   0.000   0.000   0.260     4.894
   22          inf   4.9682e+08   5.7244e+08   1627    466     0    150    175      3      9   0.265   0.000   0.000   0.267     5.160
   23          inf   5.0554e+08   5.6767e+08   1584    455     0    150    193      5     16   0.259   0.000   0.000   0.261     5.421
   24          inf   5.1048e+08   5.6477e+08   1584    455     0    150    150      5      5   0.248   0.000   0.000   0.250     5.671
   25          inf   5.1633e+08   5.6088e+08   1581    453     0    150    153      1      3   0.259   0.000   0.000   0.261     5.932
   26          inf   5.2628e+08   5.5848e+08   1582    453     0    150    149      4      4   0.240   0.000   0.000   0.242     6.175
   27          inf   5.2628e+08   5.5665e+08   1601    455     0    150    131      4      2   0.249   0.000   0.001   0.251     6.426
   28   5.5526e+08   5.3039e+08   5.5526e+08   1610    453     0    150    141      0      2   0.259   0.000   0.000   0.260     6.686
   29   5.5526e+08   5.3565e+08   5.5395e+08   1623    420     0    150    137      3     36   0.244   0.000   0.000   0.245     6.932
   30   5.5526e+08   5.3565e+08   5.5272e+08   1606    415     0    150    167      2      7   0.231   0.000   0.000   0.233     7.165
   31   5.5526e+08   5.3565e+08   5.5199e+08   1593    416     0    150    163      1      0   0.240   0.000   0.000   0.241     7.406
   32   5.5526e+08   5.3914e+08   5.5126e+08   1594    414     0    150    149      3      5   0.240   0.000   0.000   0.242     7.648
   33   5.5526e+08   5.4034e+08   5.5069e+08   1600    417     0    150    144      3      0   0.239   0.000   0.000   0.241     7.888
   34   5.5526e+08   5.4139e+08   5.5021e+08   1582    418     0    150    168      4      3   0.240   0.000   0.000   0.242     8.130
   35   5.4975e+08   5.4233e+08   5.4975e+08   1584    418     0    150    148      0      0   0.241   0.000   0.000   0.243     8.373
   36   5.4975e+08   5.4243e+08   5.4934e+08   1595    419     0    150    139      2      1   0.247   0.000   0.000   0.249     8.622
   37   5.4975e+08   5.4354e+08   5.4909e+08   1598    422     0    150    147      3      0   0.256   0.000   0.000   0.258     8.880
   38   5.4975e+08   5.4459e+08   5.4887e+08   1609    423     0    150    139      1      0   0.237   0.000   0.000   0.238     9.118
   39   5.4975e+08   5.4555e+08   5.4864e+08   1612    403     0    150    147      1     21   0.239   0.000   0.000   0.241     9.359
   40   5.4852e+08   5.4591e+08   5.4852e+08   1608    401     0    150    154      0      2   0.243   0.000   0.000   0.245     9.604
   41   5.4838e+08   5.4618e+08   5.4838e+08   1626    401     0    150    132      0      0   0.237   0.000   0.000   0.239     9.843
   42   5.4838e+08   5.4680e+08   5.4827e+08   1628    401     0    149    147      1      1   0.251   0.000   0.000   0.253    10.096
   43   5.4838e+08   5.4714e+08   5.4821e+08   1621    401     0    149    156      1      1   0.251   0.000   0.000   0.253    10.348
   44   5.4816e+08   5.4731e+08   5.4816e+08   1619    401     0    150    152      0      0   0.249   0.000   0.000   0.251    10.599
   45   5.4816e+08   5.4752e+08   5.4813e+08   1623    403     0    150    146      2      0   0.251   0.000   0.000   0.252    10.852
   46   5.4816e+08   5.4786e+08   5.4811e+08   1625    403     0    150    148      1      1   0.259   0.000   0.000   0.261    11.112
   47   5.4810e+08   5.4797e+08   5.4810e+08   1630    403     0    149    144      0      0   0.261   0.000   0.000   0.263    11.375
   48   5.4809e+08   5.4800e+08   5.4809e+08   1642    403     0    149    137      0      0   0.260   0.000   0.000   0.261    11.637
   49   5.4809e+08   5.4806e+08   5.4809e+08   1642    403     0   *148      0      0      0   0.266   0.000   0.000   0.266    11.903
CG optimal after 49 iterations. UB=548087962.489113 LB=548064622.514009 gap=2.334e+04 tol=5.481e+04  t_LP=11.823  t_PR=0.020  t_SP=0.012  t_Tot=11.907
[pricing-cutoff] enabled=0 cut=0 priced=7950 rate=0.0%

# === STDOUT (result CSV) ===
Setting parameter 'LpMethod' to 2
Setting parameter 'GPUMode' to 2
Setting parameter 'Presolve' to 0
Setting parameter 'Crossover' to 0
instance,formulation,iterations,columns,objective,lower_bound,optimal,time,time_lp,time_pricing,time_separation
data/commalab/planar/planar150,tree,49,1492,548087962.489113,548064622.514009,1,11.927,11.823,0.020,0.012
