# cmd: /usr/bin/time -o /tmp/mcfcg_mem_de4pfhpa.txt -f %M build/mcfcg_cli data/commalab/planar/planar1000 --solver copt --copt-gpu-mode 2 --formulation tree --max-iters 10000 --time-limit 1800.0
# outcome: ok
# returncode: 0
# peak_rss_kb: 815960
# peak_rss_source: measured
# === STDERR (CG iteration log + preamble) ===
Instance: 1000 vertices, 5200 arcs, 20026 commodities, 1000 sources
Solver: copt (gpu-mode 2), formulation: tree
Pricing threads: 32 (auto)
Slack mode: CommodityRows (struct=1000, capped_arcs=5200)
[lp-config] backend=copt version=8.0.1 method=barrier exec=GPU presolve=off crossover=off tol=0.0001 threads=n/a(GPU)
   It           UB           LB       LP_obj   #col   #row  #slk   +col   -col   +cut   -cut    t_LP    t_PR    t_SP   t_Tot     t_acc
    1          inf   3.1896e+09   8.7300e+06   2000   1000  1000      0      0      0      0   0.365   0.024   0.001   0.390     0.390
    2          inf   3.1896e+09   8.7300e+07   2000   1000  1000      0      0      0      0   0.165   0.024   0.001   0.191     0.580
    3          inf   3.1896e+09   8.7275e+08   2000   1000   998      0      0      0      0   0.159   0.024   0.001   0.183     0.764
    4          inf   3.1896e+09   3.1896e+09   2000   1538     0      0      0    538      0   0.161   0.025   0.002   0.187     0.951
    5          inf   3.1896e+09   6.1730e+09   2999   1538   602    999      0      0      0   0.473   0.011   0.001   0.490     1.441
    6          inf   3.1896e+09   2.5922e+10   3999   1538   647   1000      0      0      0   0.626   0.012   0.001   0.645     2.087
    7          inf   3.1896e+09   7.5058e+10   4998   1539   650    999      0      1      0   0.726   0.011   0.001   0.746     2.832
    8          inf   3.1896e+09   2.9327e+11   5998   1542   459   1000      0      3      0   0.834   0.010   0.001   0.855     3.687
    9          inf   3.1896e+09   3.0901e+11   6998   1555   345   1000      0     13      0   0.893   0.011   0.001   0.915     4.602
   10          inf   3.1896e+09   2.5421e+11   7628   1267   279   1000    370      9    297   0.992   0.011   0.001   1.025     5.627
   11          inf   3.1896e+09   1.7791e+11   7901   1360   187   1000    727     93      0   0.511   0.012   0.002   0.538     6.165
   12          inf   3.1896e+09   1.6188e+11   8168   1393   176   1000    733     33      0   0.593   0.012   0.002   0.621     6.786
   13          inf   3.1896e+09   1.0362e+11   8327   1447   116   1000    841     56      2   0.637   0.010   0.001   0.669     7.455
   14          inf   3.1896e+09   7.7369e+10   8504   1505    85   1000    823     59      1   0.718   0.012   0.001   0.753     8.208
   15          inf   3.1896e+09   4.9073e+10   8741   1544    54   1000    763     49     10   0.737   0.009   0.001   0.771     8.979
   16          inf   3.1896e+09   1.5044e+10   9008   1606    16   1000    733     67      5   0.807   0.013   0.002   0.845     9.824
   17          inf   3.1896e+09   6.4702e+09   9124   1629     3   1000    884     27      4   1.023   0.012   0.003   1.066    10.890
   18          inf   3.1896e+09   3.5636e+09   9292   1601     0   1000    832      7     35   1.019   0.010   0.003   1.059    11.949
   19          inf   3.2522e+09   3.5459e+09   9407   1595     0   1000    885      6     12   0.954   0.011   0.003   0.991    12.940
   20          inf   3.2548e+09   3.5323e+09   9526   1586     0   1000    881     13     22   0.873   0.011   0.003   0.914    13.854
   21          inf   3.2908e+09   3.5193e+09   9600   1595     0   1000    926     20     11   0.919   0.011   0.003   0.957    14.811
   22          inf   3.2979e+09   3.5085e+09   9530   1582     0   1000   1070      4     17   0.932   0.012   0.003   0.973    15.783
   23          inf   3.3388e+09   3.4975e+09   9211   1572     0   1000   1319      9     19   0.944   0.011   0.003   0.984    16.767
   24          inf   3.3443e+09   3.4891e+09   9140   1547     0   1000   1071      9     34   0.928   0.013   0.003   0.969    17.736
   25          inf   3.3616e+09   3.4828e+09   9237   1526     0   1000    903      8     29   0.863   0.011   0.003   0.903    18.639
   26          inf   3.3728e+09   3.4772e+09   9259   1503     0   1000    978      6     29   0.909   0.011   0.003   0.947    19.587
   27          inf   3.3799e+09   3.4724e+09   9318   1492     0   1000    941      8     19   0.829   0.012   0.003   0.867    20.454
   28          inf   3.3799e+09   3.4684e+09   9304   1497     0   1000   1014     20     15   0.809   0.011   0.003   0.846    21.300
   29          inf   3.3962e+09   3.4650e+09   9326   1500     0   1000    978     15     12   0.833   0.011   0.003   0.872    22.172
   30          inf   3.4063e+09   3.4622e+09   9336   1505     0   1000    990     12      7   0.853   0.012   0.003   0.892    23.064
   31          inf   3.4108e+09   3.4599e+09   9365   1501     0   1000    971      9     13   0.893   0.012   0.003   0.933    23.997
   32          inf   3.4192e+09   3.4580e+09   9379   1493     0   1000    986     13     21   0.865   0.011   0.003   0.903    24.899
   33          inf   3.4211e+09   3.4566e+09   9373   1496     0   1000   1006      8      5   0.866   0.011   0.003   0.904    25.803
   34          inf   3.4288e+09   3.4554e+09   9384   1490     0   1000    989      3      9   0.869   0.011   0.003   0.907    26.710
   35          inf   3.4323e+09   3.4542e+09   9369   1486     0   1000   1015      7     11   0.838   0.012   0.003   0.880    27.591
   36          inf   3.4325e+09   3.4534e+09   9366   1489     0   1000   1003      8      5   0.840   0.010   0.003   0.876    28.467
   37          inf   3.4348e+09   3.4525e+09   9384   1488     0   1000    982      5      6   0.817   0.011   0.004   0.855    29.322
   38          inf   3.4368e+09   3.4518e+09   9430   1485     0   1000    954      5      8   0.842   0.010   0.003   0.880    30.202
   39          inf   3.4398e+09   3.4514e+09   9404   1487     0   1000   1026      5      3   0.860   0.011   0.003   0.897    31.098
   40          inf   3.4406e+09   3.4510e+09   9391   1486     0   1000   1013      6      7   0.826   0.011   0.003   0.863    31.962
   41          inf   3.4428e+09   3.4507e+09   9434   1488     0   1000    957      8      6   0.830   0.011   0.003   0.868    32.830
   42          inf   3.4446e+09   3.4504e+09   9422   1486     0   1000   1012      3      5   0.862   0.011   0.003   0.900    33.730
   43          inf   3.4450e+09   3.4502e+09   9429   1485     0   1000    993      3      4   0.872   0.012   0.003   0.911    34.641
   44          inf   3.4461e+09   3.4500e+09   9452   1487     0   1000    977      4      2   0.858   0.012   0.004   0.899    35.540
   45          inf   3.4473e+09   3.4499e+09   9454   1488     0   1000    998      1      0   0.854   0.010   0.003   0.886    36.425
   46          inf   3.4478e+09   3.4498e+09   9473   1491     0   1000    981      4      1   0.867   0.009   0.003   0.904    37.329
   47          inf   3.4484e+09   3.4497e+09   9527   1491     0   1000    946      5      5   0.894   0.011   0.003   0.934    38.263
   48   3.4497e+09   3.4489e+09   3.4497e+09   9533   1488     0   1000    994      0      3   0.863   0.011   0.003   0.897    39.160
   49   3.4497e+09   3.4491e+09   3.4496e+09   9565   1486     0   1000    968      1      3   0.909   0.011   0.003   0.949    40.109
   50   3.4497e+09   3.4493e+09   3.4496e+09   9606   1488     0   1000    959      3      1   0.903   0.011   0.003   0.941    41.050
   51   3.4497e+09   3.4494e+09   3.4496e+09   9606   1489     0  *1000      0      1      0   0.925   0.011   0.005   0.940    41.990
CG optimal after 51 iterations. UB=3449670930.526391 LB=3449390051.063023 gap=2.809e+05 tol=3.450e+05  t_LP=40.239  t_PR=0.640  t_SP=0.123  t_Tot=42.017
[pricing-cutoff] enabled=0 cut=0 priced=56000 rate=0.0%

# === STDOUT (result CSV) ===
Setting parameter 'LpMethod' to 2
Setting parameter 'GPUMode' to 2
Setting parameter 'Presolve' to 0
Setting parameter 'Crossover' to 0
instance,formulation,iterations,columns,objective,lower_bound,optimal,time,time_lp,time_pricing,time_separation
data/commalab/planar/planar1000,tree,51,8606,3449670930.526391,3449390051.063023,1,42.060,40.239,0.640,0.123
