# cmd: /usr/bin/time -o /tmp/mcfcg_mem_zspgjv7y.txt -f %M build/mcfcg_cli data/intermodal/SBT-31275-0.txt.gz --solver copt --copt-gpu-mode 0 --formulation tree --max-iters 10000 --strategy pricer-heavy --bounded-pricing --time-limit 1800.0
# outcome: ok
# returncode: 0
# peak_rss_kb: 1454024
# peak_rss_source: measured
# === STDERR (CG iteration log + preamble) ===
Instance: 213509 vertices, 2760366 arcs, 31252 commodities, 31252 sources
Solver: copt (gpu-mode 0), formulation: tree
Pricing threads: 32 (auto)
Slack mode: CommodityRows (struct=31252, capped_arcs=2513346)
[lp-config] backend=copt version=8.0.1 method=barrier exec=CPU presolve=off crossover=off tol=0.0001 threads=auto(32)
   It           UB           LB       LP_obj   #col   #row  #slk   +col   -col   +cut   -cut    t_LP    t_PR    t_SP   t_Tot     t_acc
    1          inf         -inf   7.9697e+05  62504  31318   523      0      0     66      0   0.107   0.000   0.193   0.301     0.301
    2          inf         -inf   8.0461e+05  63528  31318   892   1024      0      0      0   0.020   0.292   0.190   0.504     0.805
    3          inf         -inf   8.0139e+05  63528  31331     0      0      0     13      0   0.023   0.000   0.188   0.213     1.018
    4          inf         -inf   8.0149e+05  63669  31331    20    141      0      0      0   0.026   0.159   0.189   0.375     1.393
    5   8.0138e+05   8.0084e+05   8.0138e+05  63790  31331     0    121      0      0      0   0.024   4.575   0.189   4.789     6.183
    6   8.0132e+05   8.0132e+05   8.0132e+05  63790  31331     0     *0      0      0      0   0.025   9.199   0.188   9.411    15.594
CG optimal after 6 iterations. UB=801323.000000 LB=801319.663709 gap=3.336e+00 tol=8.013e+01  t_LP=0.226  t_PR=19.093  t_SP=1.137  t_Tot=20.462
[bounded-pricing] enabled=1 fired=93804 priced=126342 rate=74.2%

# === STDOUT (result CSV) ===
Setting parameter 'LpMethod' to 2
Setting parameter 'GPUMode' to 0
Setting parameter 'Presolve' to 0
Setting parameter 'Crossover' to 0
instance,formulation,iterations,columns,objective,lower_bound,optimal,time,time_lp,time_pricing,time_separation
data/intermodal/SBT-31275-0.txt.gz,tree,6,32538,801323.000000,801319.663709,1,21.100,0.226,19.093,1.137
