# cmd: /home/simon/code/my/mcfcg/build/mcfcg_cli /home/simon/code/my/mcfcg/data/commalab/grid/grid13 --solver copt --formulation tree --max-iters 10000 --time-limit 7200.0
# outcome: ok
# returncode: 0
# === STDERR (CG iteration log + preamble) ===
Instance: 900 vertices, 3480 arcs, 12000 commodities, 900 sources
Pricing threads: 32 (auto)
Slack mode: CommodityRows (struct=900, capped_arcs=3480)
   It           UB           LB       LP_obj   #col   #row  #slk   +col   -col   +cut   -cut    t_LP    t_PR    t_SP   t_Tot     t_acc
    1          inf   1.1535e+09   9.0000e+04   1800    900   900      0      0      0      0   0.262   0.012   0.000   0.274     0.274
    2          inf   1.1535e+09   9.0000e+05   1800    900   900      0      0      0      0   0.080   0.012   0.000   0.092     0.366
    3          inf   1.1535e+09   9.0000e+06   1800    900   900      0      0      0      0   0.063   0.012   0.000   0.075     0.441
    4          inf   1.1535e+09   9.0000e+07   1800    900   900      0      0      0      0   0.073   0.011   0.000   0.084     0.525
    5          inf   1.1535e+09   8.3935e+08   1800    900   628      0      0      0      0   0.062   0.011   0.000   0.073     0.599
    6          inf   1.1535e+09   1.1535e+09   1800   1187     0      0      0    287      0   0.066   0.012   0.001   0.079     0.677
    7          inf   1.1535e+09   3.4211e+09   2693   1187   535    893      0      0      0   0.162   0.007   0.000   0.173     0.850
    8          inf   1.1535e+09   5.8399e+09   3590   1191   480    897      0      4      0   0.224   0.006   0.000   0.234     1.084
    9          inf   1.1535e+09   1.3450e+10   4490   1204   280    900      0     13      0   0.222   0.006   0.000   0.232     1.316
   10          inf   1.1535e+09   1.2688e+10   5390   1237   127    900      0     33      0   0.274   0.006   0.001   0.285     1.601
   11          inf   1.1535e+09   5.5738e+09   6290   1282    54    900      0     45      0   0.331   0.005   0.001   0.341     1.942
   12          inf   1.1535e+09   1.1630e+09   6929   1196     0    900    261     22    108   0.456   0.006   0.001   0.473     2.415
   13          inf   1.1554e+09   1.1620e+09   7399   1207     0    900    430     12      1   0.333   0.005   0.002   0.350     2.766
   14          inf   1.1571e+09   1.1613e+09   7841   1220     0    900    458     15      2   0.345   0.006   0.001   0.363     3.129
   15          inf   1.1571e+09   1.1607e+09   8185   1224     0    900    556      6      2   0.326   0.006   0.002   0.345     3.473
   16          inf   1.1579e+09   1.1604e+09   8389   1227     0    899    695      9      6   0.359   0.006   0.002   0.379     3.852
   17          inf   1.1584e+09   1.1600e+09   8226   1217     0    900   1063      3     13   0.358   0.006   0.002   0.378     4.230
   18          inf   1.1586e+09   1.1598e+09   7979   1205     0    898   1145      9     21   0.379   0.005   0.002   0.399     4.629
   19          inf   1.1588e+09   1.1596e+09   7952   1203     0    896    923      7      9   0.345   0.006   0.002   0.365     4.994
   20          inf   1.1590e+09   1.1595e+09   8005   1202     0    896    843      4      5   0.320   0.005   0.002   0.339     5.333
   21          inf   1.1591e+09   1.1595e+09   7975   1200     0    894    924      1      3   0.365   0.006   0.002   0.384     5.718
   22          inf   1.1592e+09   1.1594e+09   7954   1198     0    884    905      5      7   0.366   0.006   0.002   0.385     6.103
   23          inf   1.1592e+09   1.1594e+09   7974   1199     0    875    855      5      4   0.370   0.006   0.002   0.390     6.492
   24          inf   1.1593e+09   1.1593e+09   7956   1196     0    873    891      5      8   0.362   0.005   0.002   0.382     6.874
   25   1.1593e+09   1.1593e+09   1.1593e+09   7956   1196     0   *862      0      0      0   0.349   0.005   0.002   0.355     7.230
CG optimal after 25 iterations. UB=1159327640.772175 LB=1159280840.980137 gap=4.680e+04 tol=1.159e+05  t_LP=6.853  t_PR=0.188  t_SP=0.027  t_Tot=7.243

# === STDOUT (result CSV) ===
Setting parameter 'LpMethod' to 2
Setting parameter 'GPUMode' to 2
Setting parameter 'Presolve' to 0
Setting parameter 'Crossover' to 0
instance,formulation,iterations,columns,objective,lower_bound,optimal,time,time_lp,time_pricing,time_separation
/home/simon/code/my/mcfcg/data/commalab/grid/grid13,tree,25,7056,1159327640.772175,1159280840.980137,1,7.275,6.853,0.188,0.027
