# cmd: /home/simon/code/my/mcfcg/build/mcfcg_cli /home/simon/code/my/mcfcg/data/commalab/grid/grid1 --solver copt --formulation path --max-iters 10000 --time-limit 7200.0
# outcome: ok
# returncode: 0
# === STDERR (CG iteration log + preamble) ===
Instance: 25 vertices, 80 arcs, 50 commodities, 23 sources
Pricing threads: 32 (auto)
Slack mode: CommodityRows (struct=50, capped_arcs=80)
   It           UB           LB       LP_obj   #col   #row  #slk   +col   -col   +cut   -cut    t_LP    t_PR    t_SP   t_Tot     t_acc
    1          inf   8.2017e+05   2.7970e+05    100     50    45      0      0      0      0   0.365   0.000   0.000   0.365     0.365
    2          inf   8.2017e+05   8.2017e+05    100     60     0      0      0     10      0   0.068   0.000   0.000   0.068     0.433
    3          inf   8.2017e+05   1.0895e+06    121     60    10     21      0      0      0   0.054   0.000   0.000   0.054     0.487
    4          inf   8.2017e+05   1.4561e+06    128     61     2      7      0      1      0   0.055   0.000   0.000   0.055     0.542
    5          inf   8.2017e+05   9.3524e+05    137     61     4      9      0      0      0   0.058   0.000   0.000   0.058     0.600
    6   8.2756e+05   8.2685e+05   8.2756e+05    139     61     0      2      0      0      0   0.061   0.000   0.000   0.061     0.661
    7   8.2756e+05   8.2732e+05   8.2732e+05    139     62     0      0      0      1      0   0.056   0.000   0.000   0.057     0.718
    8   8.2756e+05   8.2732e+05   8.2741e+05    138     60     1      1      2      0      2   0.057   0.000   0.000   0.057     0.775
    9   8.2732e+05   8.2732e+05   8.2732e+05    138     60     0     *0      0      0      0   0.055   0.000   0.000   0.055     0.830
CG optimal after 9 iterations. UB=827319.000028 LB=827318.077000 gap=9.230e-01 tol=8.273e+01  t_LP=0.828  t_PR=0.003  t_SP=0.000  t_Tot=0.832

# === STDOUT (result CSV) ===
Setting parameter 'LpMethod' to 2
Setting parameter 'GPUMode' to 2
Setting parameter 'Presolve' to 0
Setting parameter 'Crossover' to 0
instance,formulation,iterations,columns,objective,lower_bound,optimal,time,time_lp,time_pricing,time_separation
/home/simon/code/my/mcfcg/data/commalab/grid/grid1,path,9,88,827319.000028,827318.077000,1,0.848,0.828,0.003,0.000
