# cmd: /home/simon/code/my/mcfcg/build/mcfcg_cli /home/simon/code/my/mcfcg/data/commalab/grid/grid15 --solver copt --formulation path --max-iters 10000 --time-limit 7200.0
# outcome: ok
# returncode: 0
# === STDERR (CG iteration log + preamble) ===
Instance: 1225 vertices, 4760 arcs, 32000 commodities, 1225 sources
Pricing threads: 32 (auto)
Slack mode: EdgeRows (struct=32000, capped_arcs=4760)
   It           UB           LB       LP_obj   #col   #row  #slk   +col   -col   +cut   -cut    t_LP    t_PR    t_SP   t_Tot     t_acc
    1          inf   3.5815e+09   3.5815e+09  32258  32258     0      0      0    258      0   0.290   0.024   0.007   0.321     0.321
    2          inf   3.5815e+09   4.0496e+09  56579  32258   258  24321      0      0      0   0.423   0.012   0.001   0.450     0.771
    3          inf   3.5815e+09   3.6015e+09  72007  32353     0  15333      0     95      0   0.535   0.011   0.007   0.569     1.340
    4          inf   3.5815e+09   3.6011e+09  91018  32371     2  18993      0     18      0   1.016   0.011   0.008   1.052     2.392
    5          inf   3.5891e+09   3.5959e+09 104995  32379     0  13969      0      8      0   1.074   0.012   0.010   1.111     3.503
    6          inf   3.5920e+09   3.5943e+09 114784  32384     0   9784      0      5      0   1.140   0.009   0.013   1.173     4.676
    7          inf   3.5928e+09   3.5938e+09 122314  32391     0   7523      0      7      0   1.337   0.011   0.016   1.375     6.051
    8          inf   3.5933e+09   3.5936e+09 110898  32283     0   3635  14943      2    110   1.415   0.011   0.017   1.532     7.582
    9          inf   3.5935e+09   3.5935e+09 100656  32236     0   1381  11576      2     49   1.162   0.011   0.012   1.254     8.836
   10          inf   3.5935e+09   3.5935e+09  80761  32225     0    122  20006      1     12   0.769   0.010   0.010   0.841     9.677
   11   3.5935e+09   3.5935e+09   3.5935e+09  80761  32225     0    *24      0      0      0   0.786   0.009   0.002   0.797    10.474
CG optimal after 11 iterations. UB=3593521815.953281 LB=3593517462.131052 gap=4.354e+03 tol=3.594e+05  t_LP=9.946  t_PR=0.172  t_SP=0.102  t_Tot=10.515

# === STDOUT (result CSV) ===
Setting parameter 'LpMethod' to 2
Setting parameter 'GPUMode' to 2
Setting parameter 'Presolve' to 0
Setting parameter 'Crossover' to 0
instance,formulation,iterations,columns,objective,lower_bound,optimal,time,time_lp,time_pricing,time_separation
/home/simon/code/my/mcfcg/data/commalab/grid/grid15,path,11,80536,3593521815.953281,3593517462.131052,1,10.584,9.946,0.172,0.102
