# cmd: /home/simon/code/my/mcfcg/build/mcfcg_cli /home/simon/code/my/mcfcg/data/commalab/grid/grid10 --solver copt --formulation tree --max-iters 10000 --time-limit 7200.0
# outcome: ok
# returncode: 0
# === STDERR (CG iteration log + preamble) ===
Instance: 625 vertices, 2400 arcs, 2000 commodities, 593 sources
Pricing threads: 32 (auto)
Slack mode: CommodityRows (struct=593, capped_arcs=2400)
   It           UB           LB       LP_obj   #col   #row  #slk   +col   -col   +cut   -cut    t_LP    t_PR    t_SP   t_Tot     t_acc
    1          inf   1.6221e+08   5.9300e+04   1186    593   593      0      0      0      0   0.257   0.004   0.000   0.261     0.261
    2          inf   1.6221e+08   5.9300e+05   1186    593   593      0      0      0      0   0.082   0.004   0.000   0.086     0.347
    3          inf   1.6221e+08   5.9216e+06   1186    593   590      0      0      0      0   0.079   0.004   0.000   0.084     0.431
    4          inf   1.6221e+08   5.5288e+07   1186    593   495      0      0      0      0   0.074   0.003   0.000   0.078     0.508
    5          inf   1.6221e+08   1.6218e+08   1186    910     1      0      0    317      0   0.060   0.004   0.000   0.065     0.573
    6          inf   1.6221e+08   2.8039e+08   1706    910   271    520      0      0      0   0.112   0.002   0.000   0.115     0.688
    7          inf   1.6221e+08   7.6387e+08   2250    913   299    544      0      3      0   0.129   0.002   0.000   0.132     0.820
    8          inf   1.6221e+08   1.3705e+09   2798    924   201    548      0     11      0   0.145   0.002   0.000   0.148     0.968
    9          inf   1.6221e+08   1.3036e+09   3359    965   158    561      0     41      0   0.142   0.002   0.000   0.145     1.113
   10          inf   1.6221e+08   9.8212e+08   3923   1010   105    564      0     45      0   0.165   0.002   0.000   0.169     1.282
   11          inf   1.6221e+08   1.6511e+08   4393    986     0    557     87     60     84   0.270   0.002   0.000   0.275     1.557
   12          inf   1.6285e+08   1.6463e+08   4669   1017     0    539    263     33      2   0.213   0.002   0.000   0.218     1.775
   13          inf   1.6335e+08   1.6449e+08   4925   1033     0    532    276     17      1   0.200   0.002   0.000   0.205     1.981
   14          inf   1.6355e+08   1.6439e+08   5140   1046     0    524    309     13      0   0.215   0.002   0.001   0.219     2.200
   15          inf   1.6374e+08   1.6432e+08   5264   1050     0    510    386     13      9   0.223   0.002   0.001   0.229     2.429
   16          inf   1.6381e+08   1.6426e+08   5320   1050     0    506    450      8      8   0.245   0.002   0.001   0.251     2.680
   17          inf   1.6389e+08   1.6422e+08   5136   1039     0    492    676      8     19   0.233   0.002   0.001   0.239     2.919
   18          inf   1.6398e+08   1.6418e+08   5034   1024     0    469    571      3     18   0.226   0.002   0.001   0.231     3.150
   19          inf   1.6398e+08   1.6415e+08   4984   1024     0    482    532      9      9   0.223   0.002   0.001   0.229     3.378
   20          inf   1.6402e+08   1.6414e+08   4946   1027     0    460    498      7      4   0.222   0.003   0.001   0.229     3.607
   21          inf   1.6406e+08   1.6413e+08   4882   1026     0    431    495      8      9   0.248   0.002   0.000   0.253     3.860
   22          inf   1.6408e+08   1.6412e+08   4806   1026     0    395    471      5      5   0.253   0.002   0.001   0.258     4.119
   23          inf   1.6409e+08   1.6412e+08   4713   1026     0    376    469      6      6   0.240   0.002   0.001   0.245     4.364
   24          inf   1.6409e+08   1.6411e+08   4637   1025     0    361    437      1      2   0.253   0.002   0.001   0.258     4.622
   25          inf   1.6410e+08   1.6411e+08   4508   1022     0    336    465      3      6   0.251   0.002   0.001   0.256     4.878
   26          inf   1.6411e+08   1.6411e+08   4412   1019     0    310    406      1      4   0.249   0.002   0.001   0.255     5.133
   27          inf   1.6411e+08   1.6411e+08   4300   1018     0    266    378      2      3   0.267   0.002   0.001   0.272     5.406
   28   1.6411e+08   1.6411e+08   1.6411e+08   4300   1018     0   *164      0      0      0   0.249   0.002   0.000   0.251     5.657
CG optimal after 28 iterations. UB=164110898.013209 LB=164110570.135484 gap=3.279e+02 tol=1.641e+04  t_LP=5.525  t_PR=0.068  t_SP=0.012  t_Tot=5.662

# === STDOUT (result CSV) ===
Setting parameter 'LpMethod' to 2
Setting parameter 'GPUMode' to 2
Setting parameter 'Presolve' to 0
Setting parameter 'Crossover' to 0
instance,formulation,iterations,columns,objective,lower_bound,optimal,time,time_lp,time_pricing,time_separation
/home/simon/code/my/mcfcg/data/commalab/grid/grid10,tree,28,3707,164110898.013209,164110570.135484,1,5.684,5.525,0.068,0.012
