# cmd: /home/simon/code/my/mcfcg/build/mcfcg_cli /home/simon/code/my/mcfcg/data/commalab/grid/grid7 --solver cuopt --formulation path --max-iters 10000 --time-limit 7200.0
# outcome: ok
# returncode: 0
# === STDERR (CG iteration log + preamble) ===
Instance: 400 vertices, 1520 arcs, 400 commodities, 247 sources
Pricing threads: 32 (auto)
Slack mode: CommodityRows (struct=400, capped_arcs=1520)
   It           UB           LB       LP_obj   #col   #row  #slk   +col   -col   +cut   -cut    t_LP    t_PR    t_SP   t_Tot     t_acc
    1          inf   2.5727e+07   2.2330e+06    800    400   396      0      0      0      0   0.376   0.001   0.000   0.378     0.378
    2          inf   2.5727e+07   1.8829e+07    800    400   252      0      0      0      0   0.027   0.001   0.000   0.028     0.406
    3          inf   2.5727e+07   2.5727e+07    800    523     1      0      0    123      0   0.028   0.001   0.000   0.030     0.436
    4          inf   2.5727e+07   6.0048e+07   1050    523   136    250      0      0      0   0.074   0.001   0.000   0.075     0.511
    5          inf   2.5727e+07   6.3314e+07   1277    530    73    227      0      7      0   0.076   0.001   0.000   0.077     0.588
    6          inf   2.5727e+07   2.7747e+07   1487    565    10    210      0     35      0   0.114   0.001   0.000   0.115     0.703
    7          inf   2.5727e+07   2.6109e+07   1698    575     3    211      0     10      0   0.131   0.001   0.000   0.132     0.835
    8          inf   2.5829e+07   2.5878e+07   1832    581     0    134      0      6      0   0.080   0.001   0.000   0.081     0.916
    9          inf   2.5844e+07   2.5870e+07   1957    577     0    125      0      7     11   0.080   0.001   0.000   0.082     0.997
   10          inf   2.5859e+07   2.5867e+07   2028    579     0     75      4      3      1   0.081   0.001   0.000   0.082     1.080
   11   2.5865e+07   2.5861e+07   2.5865e+07   2064    579     0     43      7      0      0   0.083   0.001   0.000   0.084     1.163
   12   2.5865e+07   2.5863e+07   2.5864e+07   2064    580     0    *22      0      1      0   0.083   0.001   0.000   0.084     1.247
CG optimal after 12 iterations. UB=25864739.900349 LB=25862922.377439 gap=1.818e+03 tol=2.586e+03  t_LP=1.233  t_PR=0.011  t_SP=0.003  t_Tot=1.249

# === STDOUT (result CSV) ===
instance,formulation,iterations,columns,objective,lower_bound,optimal,time,time_lp,time_pricing,time_separation
/home/simon/code/my/mcfcg/data/commalab/grid/grid7,path,12,1664,25864739.900349,25862922.377439,1,1.257,1.233,0.011,0.003
