# cmd: /home/simon/code/my/mcfcg/build/mcfcg_cli /home/simon/code/my/mcfcg/data/commalab/grid/grid1 --solver cuopt --formulation path --max-iters 10000 --time-limit 7200.0
# outcome: ok
# returncode: 0
# === STDERR (CG iteration log + preamble) ===
Instance: 25 vertices, 80 arcs, 50 commodities, 23 sources
Pricing threads: 32 (auto)
Slack mode: CommodityRows (struct=50, capped_arcs=80)
   It           UB           LB       LP_obj   #col   #row  #slk   +col   -col   +cut   -cut    t_LP    t_PR    t_SP   t_Tot     t_acc
    1          inf   8.2017e+05   2.7970e+05    100     50    45      0      0      0      0   0.358   0.000   0.000   0.358     0.358
    2          inf   8.2017e+05   8.2017e+05    100     60     3      0      0     10      0   0.022   0.000   0.000   0.022     0.380
    3          inf   8.2017e+05   1.0895e+06    121     60    10     21      0      0      0   0.026   0.000   0.000   0.026     0.406
    4          inf   8.2017e+05   1.4561e+06    128     61     2      7      0      1      0   0.026   0.000   0.000   0.026     0.432
    5          inf   8.2017e+05   9.3524e+05    137     61     4      9      0      0      0   0.026   0.000   0.000   0.026     0.458
    6   8.2749e+05   8.2691e+05   8.2749e+05    138     61     0      1      0      0      0   0.025   0.000   0.000   0.025     0.483
    7   8.2749e+05   8.2732e+05   8.2732e+05    138     62     0      0      0      1      0   0.030   0.000   0.000   0.030     0.513
    8   8.2749e+05   8.2732e+05   8.2741e+05    137     61     1      1      2      0      1   0.031   0.000   0.000   0.031     0.544
    9   8.2732e+05   8.2732e+05   8.2732e+05    137     61     0     *0      0      0      0   0.026   0.000   0.000   0.027     0.571
CG optimal after 9 iterations. UB=827319.057029 LB=827318.074480 gap=9.825e-01 tol=8.273e+01  t_LP=0.568  t_PR=0.003  t_SP=0.000  t_Tot=0.572

# === STDOUT (result CSV) ===
instance,formulation,iterations,columns,objective,lower_bound,optimal,time,time_lp,time_pricing,time_separation
/home/simon/code/my/mcfcg/data/commalab/grid/grid1,path,9,87,827319.057029,827318.074480,1,0.578,0.568,0.003,0.000
