# cmd: /home/simon/code/my/mcfcg/build/mcfcg_cli /home/simon/code/my/mcfcg/data/commalab/grid/grid6 --solver copt --formulation tree --max-iters 10000 --time-limit 7200.0
# outcome: ok
# returncode: 0
# === STDERR (CG iteration log + preamble) ===
Instance: 225 vertices, 840 arcs, 200 commodities, 135 sources
Pricing threads: 32 (auto)
Slack mode: CommodityRows (struct=135, capped_arcs=840)
   It           UB           LB       LP_obj   #col   #row  #slk   +col   -col   +cut   -cut    t_LP    t_PR    t_SP   t_Tot     t_acc
    1          inf   1.0284e+07   1.3500e+04    270    135   135      0      0      0      0   0.253   0.001   0.000   0.253     0.253
    2          inf   1.0284e+07   1.3500e+05    270    135   135      0      0      0      0   0.078   0.001   0.000   0.079     0.333
    3          inf   1.0284e+07   1.3338e+06    270    135   130      0      0      0      0   0.076   0.000   0.000   0.077     0.409
    4          inf   1.0284e+07   8.2519e+06    270    158    35      0      0     23      0   0.073   0.000   0.000   0.073     0.483
    5          inf   1.0284e+07   1.6194e+07    352    202    62     82      0     44      0   0.057   0.000   0.000   0.058     0.541
    6          inf   1.0284e+07   4.6956e+07    451    213    60    100      1     11      0   0.065   0.000   0.000   0.066     0.606
    7          inf   1.0284e+07   5.7345e+07    550    231    31     99      0     18      0   0.071   0.000   0.000   0.072     0.678
    8          inf   1.0284e+07   2.0274e+07    645    248    12     95      0     17      0   0.079   0.000   0.000   0.080     0.758
    9          inf   1.0284e+07   1.0434e+07    732    263     0     87      0     15      0   0.088   0.000   0.000   0.089     0.846
   10          inf   1.0337e+07   1.0421e+07    802    271     0     85     15      8      0   0.088   0.000   0.000   0.089     0.936
   11          inf   1.0368e+07   1.0412e+07    853    268     0     67     16      3      6   0.097   0.000   0.000   0.098     1.033
   12          inf   1.0384e+07   1.0408e+07    884    271     0     62     31      4      1   0.097   0.000   0.000   0.098     1.131
   13          inf   1.0391e+07   1.0405e+07    889    268     0     50     45      2      5   0.094   0.000   0.000   0.095     1.226
   14          inf   1.0395e+07   1.0404e+07    853    269     0     45     81      4      3   0.090   0.000   0.000   0.091     1.317
   15          inf   1.0398e+07   1.0403e+07    817    267     0     36     72      2      4   0.087   0.000   0.000   0.088     1.404
   16          inf   1.0400e+07   1.0402e+07    747    265     0     15     85      1      3   0.088   0.000   0.000   0.088     1.493
   17          inf   1.0400e+07   1.0402e+07    694    264     0     18     71      2      3   0.087   0.000   0.000   0.088     1.581
   18          inf   1.0400e+07   1.0402e+07    667    263     0     18     45      1      2   0.093   0.000   0.000   0.094     1.674
   19   1.0402e+07   1.0402e+07   1.0402e+07    667    263     0     *5      0      0      0   0.089   0.000   0.000   0.090     1.764
CG optimal after 19 iterations. UB=10401703.152473 LB=10401555.526711 gap=1.476e+02 tol=1.040e+03  t_LP=1.751  t_PR=0.008  t_SP=0.003  t_Tot=1.767

# === STDOUT (result CSV) ===
Setting parameter 'LpMethod' to 2
Setting parameter 'GPUMode' to 2
Setting parameter 'Presolve' to 0
Setting parameter 'Crossover' to 0
instance,formulation,iterations,columns,objective,lower_bound,optimal,time,time_lp,time_pricing,time_separation
/home/simon/code/my/mcfcg/data/commalab/grid/grid6,tree,19,532,10401703.152473,10401555.526711,1,1.786,1.751,0.008,0.003
