# cmd: /home/simon/code/my/mcfcg/build/mcfcg_cli /home/simon/code/my/mcfcg/data/commalab/grid/grid14 --solver cuopt --formulation path --max-iters 10000 --time-limit 7200.0
# outcome: ok
# returncode: 0
# === STDERR (CG iteration log + preamble) ===
Instance: 1225 vertices, 4760 arcs, 16000 commodities, 1225 sources
Pricing threads: 32 (auto)
Slack mode: EdgeRows (struct=16000, capped_arcs=4760)
   It           UB           LB       LP_obj   #col   #row  #slk   +col   -col   +cut   -cut    t_LP    t_PR    t_SP   t_Tot     t_acc
    1          inf   1.7977e+09   1.7977e+09  16217  16217     0      0      0    217      0   0.461   0.023   0.005   0.489     0.489
    2          inf   1.7977e+09   2.0002e+09  27921  16217   217  11704      0      0      0   0.321   0.011   0.001   0.339     0.828
    3          inf   1.7977e+09   1.8060e+09  35393  16292     0   7397      0     75      0   0.313   0.011   0.004   0.335     1.163
    4          inf   1.7977e+09   1.8061e+09  44290  16303     5   8886      0     11      0   0.476   0.011   0.002   0.495     1.658
    5          inf   1.8013e+09   1.8036e+09  50617  16311     0   6319      0      8      0   0.475   0.010   0.002   0.492     2.150
    6          inf   1.8021e+09   1.8030e+09  55211  16315     0   4590      0      4      0   0.561   0.011   0.002   0.578     2.728
    7          inf   1.8024e+09   1.8028e+09  58258  16316     0   3046      0      1      0   0.594   0.011   0.002   0.610     3.338
    8          inf   1.8026e+09   1.8027e+09  58863  16222     0   1223    524      4     98   0.585   0.011   0.002   0.609     3.947
    9   1.8027e+09   1.8027e+09   1.8027e+09  58863  16222     0   *270      0      0      0   0.484   0.007   0.001   0.493     4.440
CG optimal after 9 iterations. UB=1802674817.132898 LB=1802667384.283152 gap=7.433e+03 tol=1.803e+05  t_LP=4.271  t_PR=0.130  t_SP=0.019  t_Tot=4.465

# === STDOUT (result CSV) ===
instance,formulation,iterations,columns,objective,lower_bound,optimal,time,time_lp,time_pricing,time_separation
/home/simon/code/my/mcfcg/data/commalab/grid/grid14,path,9,58641,1802674817.132898,1802667384.283152,1,4.481,4.271,0.130,0.019
