# cmd: /home/simon/code/my/mcfcg/build/mcfcg_cli /home/simon/code/my/mcfcg/data/commalab/grid/grid9 --solver cuopt --formulation tree --max-iters 10000 --time-limit 7200.0
# outcome: ok
# returncode: 0
# === STDERR (CG iteration log + preamble) ===
Instance: 625 vertices, 2400 arcs, 1000 commodities, 495 sources
Pricing threads: 32 (auto)
Slack mode: CommodityRows (struct=495, capped_arcs=2400)
   It           UB           LB       LP_obj   #col   #row  #slk   +col   -col   +cut   -cut    t_LP    t_PR    t_SP   t_Tot     t_acc
    1          inf   8.1702e+07   4.9985e+04    990    495   495      0      0      0      0   0.360   0.004   0.000   0.364     0.364
    2          inf   8.1702e+07   4.9567e+05    990    495   495      0      0      0      0   0.020   0.004   0.000   0.024     0.389
    3          inf   8.1702e+07   4.9482e+06    990    495   493      0      0      0      0   0.025   0.003   0.000   0.028     0.417
    4          inf   8.1702e+07   4.1744e+07    990    495   315      0      0      0      0   0.021   0.003   0.000   0.024     0.441
    5          inf   8.1702e+07   8.1702e+07    990    822     4      0      0    327      0   0.020   0.003   0.000   0.023     0.464
    6          inf   8.1702e+07   1.7662e+08   1397    822   251    407      0      0      0   0.101   0.002   0.000   0.104     0.568
    7          inf   8.1702e+07   4.9898e+08   1815    825   214    418      0      3      0   0.107   0.003   0.000   0.111     0.678
    8          inf   8.1702e+07   4.6737e+08   2243    876   116    428      0     51      0   0.128   0.002   0.000   0.131     0.809
    9          inf   8.1702e+07   2.7808e+08   2679    926    55    436      0     50      0   0.127   0.001   0.000   0.130     0.939
   10          inf   8.1702e+07   1.1683e+08   3130    985    20    451      0     59      0   0.137   0.001   0.000   0.140     1.079
   11          inf   8.1702e+07   8.2946e+07   3523   1013     0    417     24     28      0   0.207   0.002   0.000   0.210     1.289
   12          inf   8.2244e+07   8.2846e+07   3896   1028     0    409     36     15      0   0.188   0.002   0.000   0.191     1.480
   13          inf   8.2388e+07   8.2792e+07   4273   1038     0    388     11     10      0   0.194   0.002   0.000   0.197     1.676
   14          inf   8.2487e+07   8.2745e+07   4615   1044     0    366     24      6      0   0.158   0.002   0.000   0.161     1.838
   15          inf   8.2516e+07   8.2713e+07   4892   1046     0    345     68      2      0   0.152   0.002   0.001   0.155     1.993
   16          inf   8.2564e+07   8.2691e+07   5066   1050     0    319    145      4      0   0.155   0.002   0.000   0.158     2.152
   17          inf   8.2597e+07   8.2678e+07   5368   1052     0    302      0      2      0   0.201   0.002   0.000   0.203     2.355
   18          inf   8.2607e+07   8.2668e+07   5665   1054     0    297      0      2      0   0.213   0.002   0.000   0.215     2.570
   19          inf   8.2629e+07   8.2662e+07   5793   1060     0    253    125      6      0   0.177   0.002   0.000   0.180     2.750
   20          inf   8.2636e+07   8.2658e+07   5971   1063     0    250     72      3      0   0.180   0.001   0.000   0.183     2.933
   21          inf   8.2642e+07   8.2656e+07   6177   1064     0    212      6      1      0   0.163   0.002   0.000   0.166     3.099
   22   8.2655e+07   8.2647e+07   8.2655e+07   6177   1064     0   *192      0      0      0   0.174   0.002   0.001   0.176     3.275
CG optimal after 22 iterations. UB=82654657.792226 LB=82646700.103570 gap=7.958e+03 tol=8.265e+03  t_LP=3.207  t_PR=0.048  t_SP=0.009  t_Tot=3.279

# === STDOUT (result CSV) ===
instance,formulation,iterations,columns,objective,lower_bound,optimal,time,time_lp,time_pricing,time_separation
/home/simon/code/my/mcfcg/data/commalab/grid/grid9,tree,22,5682,82654657.792226,82646700.103570,1,3.287,3.207,0.048,0.009
