# cmd: /home/simon/code/my/mcfcg/build/mcfcg_cli /home/simon/code/my/mcfcg/data/commalab/grid/grid10 --solver copt --formulation path --max-iters 10000 --time-limit 7200.0
# outcome: ok
# returncode: 0
# === STDERR (CG iteration log + preamble) ===
Instance: 625 vertices, 2400 arcs, 2000 commodities, 593 sources
Pricing threads: 32 (auto)
Slack mode: CommodityRows (struct=2000, capped_arcs=2400)
   It           UB           LB       LP_obj   #col   #row  #slk   +col   -col   +cut   -cut    t_LP    t_PR    t_SP   t_Tot     t_acc
    1          inf   1.6221e+08   1.1189e+07   4000   2000  1987      0      0      0      0   0.263   0.004   0.000   0.267     0.267
    2          inf   1.6221e+08   9.9736e+07   4000   2000  1410      0      0      0      0   0.076   0.004   0.000   0.081     0.348
    3          inf   1.6221e+08   1.6221e+08   4000   2320     0      0      0    320      0   0.057   0.004   0.001   0.061     0.409
    4          inf   1.6221e+08   3.9375e+08   5453   2320   742   1453      0      0      0   0.140   0.002   0.000   0.143     0.552
    5          inf   1.6221e+08   8.1998e+08   6926   2339   606   1473      0     19      0   0.177   0.002   0.000   0.181     0.733
    6          inf   1.6221e+08   6.3927e+08   8440   2406   340   1514      0     67      0   0.179   0.002   0.000   0.182     0.915
    7          inf   1.6221e+08   2.6916e+08   9965   2458   163   1525      0     52      0   0.217   0.002   0.000   0.221     1.136
    8          inf   1.6292e+08   1.6450e+08  11325   2499     0   1360      0     41      0   0.298   0.002   0.000   0.301     1.438
    9          inf   1.6375e+08   1.6432e+08  12244   2451     0   1144    225     24     72   0.299   0.002   0.000   0.305     1.743
   10          inf   1.6390e+08   1.6422e+08  12750   2471     0   1001    495     20      0   0.277   0.002   0.000   0.283     2.025
   11          inf   1.6399e+08   1.6416e+08  12882   2479     0    901    769     13      5   0.273   0.002   0.000   0.279     2.304
   12          inf   1.6405e+08   1.6414e+08  12468   2475     0    695   1109      6     10   0.266   0.002   0.000   0.273     2.577
   13          inf   1.6407e+08   1.6412e+08  11324   2462     0    537   1681      9     22   0.265   0.002   0.000   0.270     2.847
   14          inf   1.6409e+08   1.6411e+08  10244   2450     0    422   1502      3     15   0.273   0.002   0.000   0.278     3.125
   15          inf   1.6410e+08   1.6411e+08   9544   2444     0    291    991      5     11   0.274   0.002   0.000   0.279     3.405
   16          inf   1.6411e+08   1.6411e+08   8836   2436     0    125    833      4     12   0.272   0.002   0.000   0.277     3.681
   17   1.6411e+08   1.6411e+08   1.6411e+08   8836   2436     0    *15      0      0      0   0.263   0.002   0.000   0.265     3.946
CG optimal after 17 iterations. UB=164110898.273301 LB=164110582.822429 gap=3.155e+02 tol=1.641e+04  t_LP=3.869  t_PR=0.043  t_SP=0.006  t_Tot=3.953

# === STDOUT (result CSV) ===
Setting parameter 'LpMethod' to 2
Setting parameter 'GPUMode' to 2
Setting parameter 'Presolve' to 0
Setting parameter 'Crossover' to 0
instance,formulation,iterations,columns,objective,lower_bound,optimal,time,time_lp,time_pricing,time_separation
/home/simon/code/my/mcfcg/data/commalab/grid/grid10,path,17,6836,164110898.273301,164110582.822429,1,3.977,3.869,0.043,0.006
