# cmd: /home/simon/code/my/mcfcg/build/mcfcg_cli /home/simon/code/my/mcfcg/data/commalab/grid/grid9 --solver copt --formulation tree --max-iters 10000 --time-limit 7200.0
# outcome: ok
# returncode: 0
# === STDERR (CG iteration log + preamble) ===
Instance: 625 vertices, 2400 arcs, 1000 commodities, 495 sources
Pricing threads: 32 (auto)
Slack mode: CommodityRows (struct=495, capped_arcs=2400)
   It           UB           LB       LP_obj   #col   #row  #slk   +col   -col   +cut   -cut    t_LP    t_PR    t_SP   t_Tot     t_acc
    1          inf   8.1702e+07   4.9500e+04    990    495   495      0      0      0      0   0.257   0.003   0.000   0.261     0.261
    2          inf   8.1702e+07   4.9500e+05    990    495   495      0      0      0      0   0.078   0.003   0.000   0.081     0.342
    3          inf   8.1702e+07   4.9481e+06    990    495   493      0      0      0      0   0.077   0.003   0.000   0.081     0.423
    4          inf   8.1702e+07   4.1744e+07    990    495   314      0      0      0      0   0.073   0.003   0.000   0.076     0.499
    5          inf   8.1702e+07   8.1702e+07    990    822     0      0      0    327      0   0.060   0.003   0.000   0.063     0.562
    6          inf   8.1702e+07   1.7605e+08   1392    822   253    402      0      0      0   0.110   0.002   0.000   0.112     0.675
    7          inf   8.1702e+07   5.2113e+08   1810    826   224    418      0      4      0   0.122   0.001   0.000   0.124     0.799
    8          inf   8.1702e+07   6.8576e+08   2243    881   143    433      0     55      0   0.124   0.001   0.000   0.127     0.925
    9          inf   8.1702e+07   6.2611e+08   2683    918   109    440      0     37      0   0.142   0.002   0.000   0.145     1.071
   10          inf   8.1702e+07   1.4245e+08   3114    984    26    431      0     66      0   0.181   0.002   0.000   0.184     1.255
   11          inf   8.1702e+07   8.2942e+07   3457    921     0    430     87     24     87   0.232   0.001   0.000   0.236     1.491
   12          inf   8.2258e+07   8.2834e+07   3713    950     0    403    147     29      0   0.188   0.001   0.000   0.191     1.682
   13          inf   8.2328e+07   8.2789e+07   3959    954     0    389    143      8      4   0.197   0.002   0.000   0.201     1.883
   14          inf   8.2452e+07   8.2747e+07   4132    961     0    378    205     16      9   0.200   0.001   0.000   0.204     2.086
   15          inf   8.2517e+07   8.2719e+07   4187    970     0    348    293     18      9   0.211   0.001   0.000   0.215     2.301
   16          inf   8.2559e+07   8.2699e+07   4005    948     0    328    510      4     26   0.207   0.001   0.000   0.211     2.512
   17          inf   8.2580e+07   8.2681e+07   3847    948     0    305    463     11     11   0.204   0.001   0.000   0.207     2.720
   18          inf   8.2606e+07   8.2672e+07   3781    943     0    302    368      7     12   0.208   0.001   0.000   0.212     2.932
   19          inf   8.2621e+07   8.2664e+07   3663    935     0    267    385      3     11   0.211   0.001   0.000   0.214     3.146
   20          inf   8.2628e+07   8.2659e+07   3572    941     0    248    339      9      3   0.212   0.001   0.000   0.216     3.362
   21          inf   8.2639e+07   8.2656e+07   3463    939     0    229    338      4      6   0.214   0.002   0.000   0.218     3.579
   22          inf   8.2644e+07   8.2654e+07   3357    941     0    202    308      6      4   0.216   0.002   0.000   0.220     3.799
   23          inf   8.2648e+07   8.2654e+07   3266    935     0    171    262      2      8   0.207   0.001   0.000   0.211     4.010
   24          inf   8.2651e+07   8.2653e+07   3164    926     0    170    272      1     10   0.221   0.001   0.000   0.224     4.235
   25          inf   8.2652e+07   8.2653e+07   3050    922     0     83    197      1      5   0.214   0.002   0.001   0.217     4.452
   26          inf   8.2653e+07   8.2653e+07   2880    921     0     40    210      1      2   0.211   0.002   0.000   0.215     4.666
   27          inf   8.2653e+07   8.2653e+07   2739    921     0      4    145      3      3   0.193   0.001   0.000   0.196     4.863
   28   8.2653e+07   8.2653e+07   8.2653e+07   2739    921     0     *0      0      0      0   0.186   0.003   0.000   0.189     5.052
CG optimal after 28 iterations. UB=82652946.678665 LB=82652852.007321 gap=9.467e+01 tol=8.265e+03  t_LP=4.956  t_PR=0.057  t_SP=0.010  t_Tot=5.058

# === STDOUT (result CSV) ===
Setting parameter 'LpMethod' to 2
Setting parameter 'GPUMode' to 2
Setting parameter 'Presolve' to 0
Setting parameter 'Crossover' to 0
instance,formulation,iterations,columns,objective,lower_bound,optimal,time,time_lp,time_pricing,time_separation
/home/simon/code/my/mcfcg/data/commalab/grid/grid9,tree,28,2244,82652946.678665,82652852.007321,1,5.080,4.956,0.057,0.010
