# cmd: /home/simon/code/my/mcfcg/build/mcfcg_cli /home/simon/code/my/mcfcg/data/commalab/grid/grid3 --solver copt --formulation path --max-iters 10000 --time-limit 7200.0
# outcome: ok
# returncode: 0
# === STDERR (CG iteration log + preamble) ===
Instance: 100 vertices, 360 arcs, 50 commodities, 40 sources
Pricing threads: 32 (auto)
Slack mode: CommodityRows (struct=50, capped_arcs=360)
   It           UB           LB       LP_obj   #col   #row  #slk   +col   -col   +cut   -cut    t_LP    t_PR    t_SP   t_Tot     t_acc
    1          inf   1.5205e+06   2.8416e+05    100     50    48      0      0      0      0   0.248   0.000   0.000   0.248     0.248
    2          inf   1.5205e+06   1.5065e+06    100     59     4      0      0      9      0   0.068   0.000   0.000   0.069     0.317
    3          inf   1.5205e+06   1.6534e+06    117     65     9     17      0      6      0   0.053   0.000   0.000   0.053     0.370
    4          inf   1.5205e+06   1.7193e+06    130     67     4     13      0      2      0   0.064   0.000   0.000   0.064     0.434
    5          inf   1.5226e+06   1.5250e+06    138     68     0      8      0      1      0   0.057   0.000   0.000   0.057     0.491
    6          inf   1.5243e+06   1.5243e+06    138     69     0      0      0      1      0   0.057   0.000   0.000   0.057     0.548
    7   1.5247e+06   1.5246e+06   1.5247e+06    140     69     0      2      0      0      0   0.057   0.000   0.000   0.057     0.605
    8   1.5246e+06   1.5246e+06   1.5246e+06    140     69     0     *0      0      0      0   0.056   0.000   0.000   0.056     0.661
CG optimal after 8 iterations. UB=1524642.001492 LB=1524640.240195 gap=1.761e+00 tol=1.525e+02  t_LP=0.658  t_PR=0.003  t_SP=0.000  t_Tot=0.662

# === STDOUT (result CSV) ===
Setting parameter 'LpMethod' to 2
Setting parameter 'GPUMode' to 2
Setting parameter 'Presolve' to 0
Setting parameter 'Crossover' to 0
instance,formulation,iterations,columns,objective,lower_bound,optimal,time,time_lp,time_pricing,time_separation
/home/simon/code/my/mcfcg/data/commalab/grid/grid3,path,8,90,1524642.001492,1524640.240195,1,0.678,0.658,0.003,0.000
