# cmd: /home/simon/code/my/mcfcg/build/mcfcg_cli /home/simon/code/my/mcfcg/data/commalab/grid/grid10 --solver cuopt --formulation tree --max-iters 10000 --time-limit 7200.0
# outcome: ok
# returncode: 0
# === STDERR (CG iteration log + preamble) ===
Instance: 625 vertices, 2400 arcs, 2000 commodities, 593 sources
Pricing threads: 32 (auto)
Slack mode: CommodityRows (struct=593, capped_arcs=2400)
   It           UB           LB       LP_obj   #col   #row  #slk   +col   -col   +cut   -cut    t_LP    t_PR    t_SP   t_Tot     t_acc
    1          inf   1.6221e+08   6.0418e+04   1186    593   593      0      0      0      0   0.352   0.005   0.000   0.358     0.358
    2          inf   1.6221e+08   5.9438e+05   1186    593   593      0      0      0      0   0.021   0.004   0.000   0.025     0.383
    3          inf   1.6221e+08   5.9229e+06   1186    593   591      0      0      0      0   0.020   0.004   0.000   0.025     0.407
    4          inf   1.6221e+08   5.5288e+07   1186    593   496      0      0      0      0   0.024   0.004   0.000   0.028     0.436
    5          inf   1.6221e+08   1.6219e+08   1186    910     1      0      0    317      0   0.022   0.004   0.001   0.027     0.462
    6          inf   1.6221e+08   2.8098e+08   1712    910   271    526      0      0      0   0.111   0.002   0.000   0.114     0.577
    7          inf   1.6221e+08   7.6592e+08   2247    915   289    535      0      5      0   0.114   0.002   0.000   0.118     0.694
    8          inf   1.6221e+08   9.2825e+08   2808    936   163    561      0     21      0   0.136   0.002   0.000   0.139     0.834
    9          inf   1.6221e+08   5.9129e+08   3373    971    76    565      0     35      0   0.139   0.002   0.001   0.143     0.977
   10          inf   1.6221e+08   3.2562e+08   3930   1021    26    557      0     50      0   0.145   0.002   0.001   0.149     1.126
   11          inf   1.6221e+08   1.6506e+08   4404   1069     0    560     86     48      0   0.234   0.002   0.001   0.238     1.364
   12          inf   1.6254e+08   1.6469e+08   4836   1090     0    539    107     21      0   0.221   0.002   0.001   0.225     1.588
   13          inf   1.6336e+08   1.6452e+08   5343   1104     0    541     34     14      0   0.212   0.002   0.001   0.216     1.804
   14          inf   1.6358e+08   1.6440e+08   5818   1112     0    529     54      8      0   0.178   0.002   0.001   0.183     1.987
   15          inf   1.6373e+08   1.6431e+08   6237   1118     0    514     95      6      0   0.208   0.002   0.001   0.212     2.199
   16          inf   1.6386e+08   1.6425e+08   6552   1124     0    497    182      6      0   0.163   0.002   0.001   0.168     2.367
   17          inf   1.6388e+08   1.6421e+08   6981   1126     0    488     59      2      0   0.210   0.002   0.001   0.214     2.581
   18          inf   1.6398e+08   1.6418e+08   7440   1131     0    465      6      5      0   0.211   0.002   0.001   0.215     2.796
   19   1.6416e+08   1.6402e+08   1.6416e+08   7879   1131     0    447      8      0      0   0.209   0.002   0.001   0.213     3.010
   20   1.6416e+08   1.6404e+08   1.6414e+08   8304   1133     0    432      7      2      0   0.221   0.002   0.001   0.226     3.235
   21   1.6416e+08   1.6406e+08   1.6413e+08   8715   1136     0    422     11      3      0   0.227   0.002   0.001   0.232     3.467
   22   1.6416e+08   1.6408e+08   1.6412e+08   9118   1138     0    403      0      2      0   0.233   0.002   0.001   0.236     3.703
   23   1.6412e+08   1.6409e+08   1.6412e+08   9457   1138     0    370     31      0      0   0.201   0.002   0.001   0.205     3.908
   24   1.6412e+08   1.6410e+08   1.6412e+08   9795   1139     0    338      0      1      0   0.207   0.002   0.001   0.211     4.119
   25   1.6412e+08   1.6410e+08   1.6411e+08   9795   1142     0   *288      0      3      0   0.204   0.002   0.001   0.207     4.326
CG optimal after 25 iterations. UB=164117715.341095 LB=164104650.087652 gap=1.307e+04 tol=1.641e+04  t_LP=4.222  t_PR=0.071  t_SP=0.013  t_Tot=4.333

# === STDOUT (result CSV) ===
instance,formulation,iterations,columns,objective,lower_bound,optimal,time,time_lp,time_pricing,time_separation
/home/simon/code/my/mcfcg/data/commalab/grid/grid10,tree,25,9202,164117715.341095,164104650.087652,1,4.343,4.222,0.071,0.013
