# cmd: /home/simon/code/my/mcfcg/build/mcfcg_cli /home/simon/code/my/mcfcg/data/commalab/grid/grid3 --solver cuopt --formulation tree --max-iters 10000 --time-limit 7200.0
# outcome: ok
# returncode: 0
# === STDERR (CG iteration log + preamble) ===
Instance: 100 vertices, 360 arcs, 50 commodities, 40 sources
Pricing threads: 32 (auto)
Slack mode: CommodityRows (struct=40, capped_arcs=360)
   It           UB           LB       LP_obj   #col   #row  #slk   +col   -col   +cut   -cut    t_LP    t_PR    t_SP   t_Tot     t_acc
    1          inf   1.5205e+06   4.0092e+03     80     40    40      0      0      0      0   0.357   0.001   0.000   0.358     0.358
    2          inf   1.5205e+06   4.0011e+04     80     40    40      0      0      0      0   0.018   0.000   0.000   0.018     0.376
    3          inf   1.5205e+06   3.9031e+05     80     40    35      0      0      0      0   0.018   0.000   0.000   0.018     0.394
    4          inf   1.5205e+06   1.4936e+06     80     50     1      0      0     10      0   0.018   0.000   0.000   0.018     0.413
    5          inf   1.5205e+06   1.6786e+06     97     50     9     17      0      0      0   0.027   0.000   0.000   0.028     0.440
    6          inf   1.5205e+06   1.8905e+06    105     53     4      8      0      3      0   0.027   0.000   0.000   0.028     0.468
    7          inf   1.5205e+06   1.6558e+06    117     55     2     12      0      2      0   0.027   0.000   0.000   0.027     0.495
    8          inf   1.5225e+06   1.5251e+06    123     56     0      6      0      1      0   0.029   0.000   0.000   0.029     0.524
    9   1.5247e+06   1.5246e+06   1.5247e+06    123     56     0     *1      0      0      0   0.032   0.000   0.000   0.033     0.557
CG optimal after 9 iterations. UB=1524733.208944 LB=1524598.032183 gap=1.352e+02 tol=1.525e+02  t_LP=0.554  t_PR=0.003  t_SP=0.000  t_Tot=0.558

# === STDOUT (result CSV) ===
instance,formulation,iterations,columns,objective,lower_bound,optimal,time,time_lp,time_pricing,time_separation
/home/simon/code/my/mcfcg/data/commalab/grid/grid3,tree,9,83,1524733.208944,1524598.032183,1,0.564,0.554,0.003,0.000
