# cmd: /home/simon/code/my/mcfcg/build/mcfcg_cli /home/simon/code/my/mcfcg/data/commalab/grid/grid10 --solver cuopt --formulation path --max-iters 10000 --time-limit 7200.0
# outcome: ok
# returncode: 0
# === STDERR (CG iteration log + preamble) ===
Instance: 625 vertices, 2400 arcs, 2000 commodities, 593 sources
Pricing threads: 32 (auto)
Slack mode: CommodityRows (struct=2000, capped_arcs=2400)
   It           UB           LB       LP_obj   #col   #row  #slk   +col   -col   +cut   -cut    t_LP    t_PR    t_SP   t_Tot     t_acc
    1          inf   1.6221e+08   1.1189e+07   4000   2000  1990      0      0      0      0   0.394   0.004   0.000   0.399     0.399
    2          inf   1.6221e+08   9.9736e+07   4000   2000  1463      0      0      0      0   0.040   0.004   0.000   0.045     0.443
    3          inf   1.6221e+08   1.6221e+08   4000   2320    68      0      0    320      0   0.041   0.005   0.001   0.047     0.490
    4          inf   1.6221e+08   4.0682e+08   5458   2320   711   1458      0      0      0   0.162   0.002   0.000   0.166     0.656
    5          inf   1.6221e+08   9.0093e+08   6932   2334   650   1474      0     14      0   0.177   0.002   0.000   0.180     0.837
    6          inf   1.6221e+08   5.3469e+08   8449   2415   319   1517      0     81      0   0.195   0.002   0.001   0.199     1.035
    7          inf   1.6221e+08   3.1735e+08   9972   2454   151   1523      0     39      0   0.201   0.001   0.001   0.204     1.240
    8          inf   1.6301e+08   1.6448e+08  11295   2506     0   1323      0     52      0   0.218   0.002   0.001   0.222     1.461
    9          inf   1.6366e+08   1.6432e+08  12499   2514     0   1204      0     16      8   0.224   0.002   0.001   0.228     1.689
   10          inf   1.6390e+08   1.6421e+08  13520   2533     0   1021      0     19      0   0.227   0.002   0.001   0.231     1.920
   11          inf   1.6400e+08   1.6416e+08  14364   2540     0    844      0     12      5   0.220   0.002   0.001   0.224     2.144
   12          inf   1.6406e+08   1.6413e+08  15017   2541     0    653      0      4      3   0.225   0.002   0.000   0.229     2.373
   13          inf   1.6408e+08   1.6412e+08  15547   2544     0    530      0      5      2   0.272   0.002   0.000   0.276     2.649
   14          inf   1.6410e+08   1.6411e+08  15988   2546     0    441      0      4      2   0.302   0.002   0.000   0.305     2.955
   15          inf   1.6411e+08   1.6411e+08  16262   2508     0    277      3      2     40   0.259   0.002   0.000   0.264     3.219
   16   1.6411e+08   1.6411e+08   1.6411e+08  16262   2508     0   *224      0      0      0   0.287   0.002   0.000   0.289     3.508
CG optimal after 16 iterations. UB=164111361.111987 LB=164109255.000275 gap=2.106e+03 tol=1.641e+04  t_LP=3.443  t_PR=0.044  t_SP=0.008  t_Tot=3.513

# === STDOUT (result CSV) ===
instance,formulation,iterations,columns,objective,lower_bound,optimal,time,time_lp,time_pricing,time_separation
/home/simon/code/my/mcfcg/data/commalab/grid/grid10,path,16,14262,164111361.111987,164109255.000275,1,3.522,3.443,0.044,0.008
