# cmd: /home/simon/code/my/mcfcg/build/mcfcg_cli /home/simon/code/my/mcfcg/data/commalab/grid/grid11 --solver copt --formulation tree --max-iters 10000 --time-limit 7200.0
# outcome: ok
# returncode: 0
# === STDERR (CG iteration log + preamble) ===
Instance: 625 vertices, 2400 arcs, 4000 commodities, 625 sources
Pricing threads: 32 (auto)
Slack mode: CommodityRows (struct=625, capped_arcs=2400)
   It           UB           LB       LP_obj   #col   #row  #slk   +col   -col   +cut   -cut    t_LP    t_PR    t_SP   t_Tot     t_acc
    1          inf   3.2684e+08   6.2500e+04   1250    625   625      0      0      0      0   0.259   0.005   0.000   0.265     0.265
    2          inf   3.2684e+08   6.2500e+05   1250    625   625      0      0      0      0   0.082   0.005   0.000   0.087     0.351
    3          inf   3.2684e+08   6.2500e+06   1250    625   625      0      0      0      0   0.075   0.005   0.000   0.080     0.431
    4          inf   3.2684e+08   6.2161e+07   1250    625   613      0      0      0      0   0.060   0.005   0.000   0.065     0.496
    5          inf   3.2684e+08   3.2192e+08   1250    817    31      0      0    192      0   0.064   0.004   0.000   0.069     0.565
    6          inf   3.2684e+08   4.3436e+08   1849    817   305    599      0      0      0   0.105   0.002   0.000   0.109     0.674
    7          inf   3.2684e+08   1.1206e+09   2453    819   310    604      0      2      0   0.115   0.002   0.000   0.119     0.794
    8          inf   3.2684e+08   1.3957e+09   3069    841   167    616      0     22      0   0.128   0.002   0.000   0.133     0.926
    9          inf   3.2684e+08   1.0416e+09   3689    863   103    620      0     22      0   0.135   0.002   0.000   0.139     1.065
   10          inf   3.2684e+08   4.0967e+08   4309    921    12    620      0     58      0   0.188   0.002   0.001   0.192     1.258
   11          inf   3.2684e+08   3.3056e+08   4840    889     0    620     89     11     43   0.235   0.002   0.001   0.241     1.498
   12          inf   3.2802e+08   3.3010e+08   5088    907     0    610    362     19      1   0.186   0.002   0.001   0.192     1.690
   13          inf   3.2844e+08   3.2985e+08   5426    916     0    604    266     10      1   0.196   0.002   0.001   0.203     1.893
   14          inf   3.2867e+08   3.2967e+08   5659    924     0    596    363     11      3   0.200   0.002   0.001   0.207     2.100
   15          inf   3.2875e+08   3.2953e+08   5783    928     0    597    473      9      5   0.201   0.002   0.001   0.208     2.308
   16          inf   3.2894e+08   3.2944e+08   5609    919     0    581    755     11     20   0.218   0.002   0.001   0.226     2.534
   17          inf   3.2904e+08   3.2938e+08   5412    915     0    576    773      7     11   0.205   0.002   0.001   0.212     2.746
   18          inf   3.2910e+08   3.2934e+08   5401    914     0    572    583      5      6   0.218   0.002   0.001   0.225     2.971
   19          inf   3.2915e+08   3.2931e+08   5362    914     0    556    595      5      5   0.206   0.002   0.001   0.214     3.185
   20          inf   3.2919e+08   3.2928e+08   5352    914     0    548    558      5      5   0.214   0.002   0.001   0.221     3.405
   21          inf   3.2921e+08   3.2927e+08   5269    916     0    530    613      5      3   0.205   0.002   0.001   0.212     3.617
   22   3.2926e+08   3.2924e+08   3.2926e+08   5269    916     0   *498      0      0      0   0.199   0.002   0.001   0.202     3.818
CG optimal after 22 iterations. UB=329262857.032794 LB=329236905.675412 gap=2.595e+04 tol=3.293e+04  t_LP=3.695  t_PR=0.066  t_SP=0.012  t_Tot=3.826

# === STDOUT (result CSV) ===
Setting parameter 'LpMethod' to 2
Setting parameter 'GPUMode' to 2
Setting parameter 'Presolve' to 0
Setting parameter 'Crossover' to 0
instance,formulation,iterations,columns,objective,lower_bound,optimal,time,time_lp,time_pricing,time_separation
/home/simon/code/my/mcfcg/data/commalab/grid/grid11,tree,22,4644,329262857.032794,329236905.675412,1,3.849,3.695,0.066,0.012
