# cmd: /home/simon/code/my/mcfcg/build/mcfcg_cli /home/simon/code/my/mcfcg/data/commalab/grid/grid7 --solver copt --formulation tree --max-iters 10000 --time-limit 7200.0
# outcome: ok
# returncode: 0
# === STDERR (CG iteration log + preamble) ===
Instance: 400 vertices, 1520 arcs, 400 commodities, 247 sources
Pricing threads: 32 (auto)
Slack mode: CommodityRows (struct=247, capped_arcs=1520)
   It           UB           LB       LP_obj   #col   #row  #slk   +col   -col   +cut   -cut    t_LP    t_PR    t_SP   t_Tot     t_acc
    1          inf   2.5727e+07   2.4700e+04    494    247   247      0      0      0      0   0.253   0.001   0.000   0.255     0.255
    2          inf   2.5727e+07   2.4700e+05    494    247   247      0      0      0      0   0.076   0.001   0.000   0.077     0.332
    3          inf   2.5727e+07   2.4518e+06    494    247   242      0      0      0      0   0.059   0.001   0.000   0.060     0.392
    4          inf   2.5727e+07   1.7985e+07    494    249   101      0      0      2      0   0.073   0.001   0.000   0.074     0.466
    5          inf   2.5727e+07   3.5045e+07    533    346    30     39      0     97      0   0.061   0.001   0.000   0.062     0.528
    6          inf   2.5727e+07   6.4116e+07    712    354   113    184      5      8      0   0.072   0.001   0.000   0.073     0.601
    7          inf   2.5727e+07   8.5724e+07    893    362    64    181      0      8      0   0.079   0.001   0.000   0.080     0.680
    8          inf   2.5727e+07   3.2468e+07   1055    394    14    162      0     32      0   0.092   0.000   0.000   0.093     0.773
    9          inf   2.5780e+07   2.5898e+07   1209    413     0    154      0     19      0   0.102   0.001   0.000   0.103     0.876
   10          inf   2.5813e+07   2.5884e+07   1346    418     0    145      8      6      1   0.101   0.001   0.000   0.102     0.978
   11          inf   2.5844e+07   2.5874e+07   1433    402     0    112     25      4     20   0.095   0.001   0.000   0.096     1.074
   12          inf   2.5853e+07   2.5869e+07   1463    405     0     85     55      5      2   0.101   0.001   0.000   0.102     1.177
   13          inf   2.5858e+07   2.5866e+07   1443    402     0     65     85      2      5   0.102   0.000   0.000   0.103     1.280
   14          inf   2.5862e+07   2.5865e+07   1325    388     0     41    159      1     15   0.104   0.000   0.000   0.105     1.385
   15          inf   2.5864e+07   2.5864e+07   1204    382     0     21    142      1      7   0.091   0.001   0.000   0.093     1.477
   16   2.5864e+07   2.5864e+07   2.5864e+07   1204    382     0    *18      0      0      0   0.089   0.001   0.000   0.089     1.567
CG optimal after 16 iterations. UB=25864090.632467 LB=25863610.117285 gap=4.805e+02 tol=2.586e+03  t_LP=1.548  t_PR=0.013  t_SP=0.003  t_Tot=1.569

# === STDOUT (result CSV) ===
Setting parameter 'LpMethod' to 2
Setting parameter 'GPUMode' to 2
Setting parameter 'Presolve' to 0
Setting parameter 'Crossover' to 0
instance,formulation,iterations,columns,objective,lower_bound,optimal,time,time_lp,time_pricing,time_separation
/home/simon/code/my/mcfcg/data/commalab/grid/grid7,tree,16,957,25864090.632467,25863610.117285,1,1.589,1.548,0.013,0.003
