# cmd: /home/simon/code/my/mcfcg/build/mcfcg_cli /home/simon/code/my/mcfcg/data/commalab/grid/grid13 --solver cuopt --formulation path --max-iters 10000 --time-limit 7200.0
# outcome: ok
# returncode: 0
# === STDERR (CG iteration log + preamble) ===
Instance: 900 vertices, 3480 arcs, 12000 commodities, 900 sources
Pricing threads: 32 (auto)
Slack mode: EdgeRows (struct=12000, capped_arcs=3480)
   It           UB           LB       LP_obj   #col   #row  #slk   +col   -col   +cut   -cut    t_LP    t_PR    t_SP   t_Tot     t_acc
    1          inf   1.1535e+09   1.1535e+09  12287  12287     0      0      0    287      0   0.439   0.011   0.003   0.453     0.453
    2          inf   1.1535e+09   1.3653e+09  22346  12287   287  10059      0      0      0   0.336   0.007   0.000   0.347     0.801
    3          inf   1.1543e+09   1.1624e+09  29093  12436     0   6598      0    149      0   0.295   0.007   0.003   0.310     1.110
    4          inf   1.1543e+09   1.1658e+09  37559  12465    29   8437      0     29      0   0.494   0.006   0.002   0.508     1.618
    5          inf   1.1563e+09   1.1610e+09  44393  12483     0   6816      0     18      0   0.511   0.006   0.001   0.525     2.142
    6          inf   1.1578e+09   1.1600e+09  50191  12492     0   5789      0      9      0   0.531   0.005   0.002   0.542     2.684
    7          inf   1.1589e+09   1.1596e+09  54343  12500     0   4144      0      8      0   0.598   0.006   0.001   0.609     3.294
    8          inf   1.1592e+09   1.1594e+09  56292  12403     0   2793    747      6    103   0.608   0.006   0.001   0.627     3.921
    9          inf   1.1592e+09   1.1593e+09  57822  12339     0   1772    178      1     65   0.560   0.006   0.001   0.577     4.499
   10          inf   1.1593e+09   1.1593e+09  57615  12322     0   1065   1255      3     20   0.495   0.006   0.001   0.513     5.012
   11   1.1593e+09   1.1593e+09   1.1593e+09  57615  12322     0   *446      0      0      0   0.515   0.004   0.001   0.521     5.533
CG optimal after 11 iterations. UB=1159321682.118316 LB=1159314453.499246 gap=7.229e+03 tol=1.159e+05  t_LP=5.382  t_PR=0.088  t_SP=0.017  t_Tot=5.551

# === STDOUT (result CSV) ===
instance,formulation,iterations,columns,objective,lower_bound,optimal,time,time_lp,time_pricing,time_separation
/home/simon/code/my/mcfcg/data/commalab/grid/grid13,path,11,57293,1159321682.118316,1159314453.499246,1,5.568,5.382,0.088,0.017
