# cmd: /home/simon/code/my/mcfcg/build/mcfcg_cli /home/simon/code/my/mcfcg/data/commalab/grid/grid14 --solver copt --formulation path --max-iters 10000 --time-limit 7200.0
# outcome: ok
# returncode: 0
# === STDERR (CG iteration log + preamble) ===
Instance: 1225 vertices, 4760 arcs, 16000 commodities, 1225 sources
Pricing threads: 32 (auto)
Slack mode: EdgeRows (struct=16000, capped_arcs=4760)
   It           UB           LB       LP_obj   #col   #row  #slk   +col   -col   +cut   -cut    t_LP    t_PR    t_SP   t_Tot     t_acc
    1          inf   1.7977e+09   1.7977e+09  16217  16217     0      0      0    217      0   0.271   0.023   0.003   0.297     0.297
    2          inf   1.7977e+09   2.0002e+09  27921  16217   217  11704      0      0      0   0.261   0.011   0.001   0.278     0.576
    3          inf   1.7977e+09   1.8060e+09  35390  16292     0   7394      0     75      0   0.278   0.011   0.003   0.299     0.875
    4          inf   1.7977e+09   1.8061e+09  44284  16303     3   8883      0     11      0   0.464   0.008   0.004   0.483     1.358
    5          inf   1.8013e+09   1.8036e+09  50555  16311     0   6263      0      8      0   0.549   0.010   0.005   0.569     1.928
    6          inf   1.8021e+09   1.8030e+09  55224  16316     0   4664      0      5      0   0.547   0.008   0.006   0.566     2.493
    7          inf   1.8024e+09   1.8028e+09  57917  16318     0   2691      0      2      0   0.585   0.010   0.006   0.605     3.098
    8          inf   1.8026e+09   1.8027e+09  51774  16222     0   1016   7063      2     98   0.566   0.007   0.006   0.608     3.706
    9          inf   1.8027e+09   1.8027e+09  47049  16195     0    440   5138      2     29   0.505   0.010   0.005   0.546     4.252
   10   1.8027e+09   1.8027e+09   1.8027e+09  47049  16195     0   *173      0      0      0   0.459   0.010   0.001   0.470     4.722
CG optimal after 10 iterations. UB=1802673131.435332 LB=1802670185.347070 gap=2.946e+03 tol=1.803e+05  t_LP=4.484  t_PR=0.134  t_SP=0.040  t_Tot=4.749

# === STDOUT (result CSV) ===
Setting parameter 'LpMethod' to 2
Setting parameter 'GPUMode' to 2
Setting parameter 'Presolve' to 0
Setting parameter 'Crossover' to 0
instance,formulation,iterations,columns,objective,lower_bound,optimal,time,time_lp,time_pricing,time_separation
/home/simon/code/my/mcfcg/data/commalab/grid/grid14,path,10,46854,1802673131.435332,1802670185.347070,1,4.795,4.484,0.134,0.040
