# cmd: /home/simon/code/my/mcfcg/build/mcfcg_cli /home/simon/code/my/mcfcg/data/commalab/grid/grid1 --solver cuopt --formulation tree --max-iters 10000 --time-limit 7200.0
# outcome: ok
# returncode: 0
# === STDERR (CG iteration log + preamble) ===
Instance: 25 vertices, 80 arcs, 50 commodities, 23 sources
Pricing threads: 32 (auto)
Slack mode: CommodityRows (struct=23, capped_arcs=80)
   It           UB           LB       LP_obj   #col   #row  #slk   +col   -col   +cut   -cut    t_LP    t_PR    t_SP   t_Tot     t_acc
    1          inf   8.2017e+05   2.3058e+03     46     23    23      0      0      0      0   0.353   0.000   0.000   0.354     0.354
    2          inf   8.2017e+05   2.3006e+04     46     23    23      0      0      0      0   0.021   0.000   0.000   0.022     0.375
    3          inf   8.2017e+05   2.0735e+05     46     23    19      0      0      0      0   0.017   0.000   0.000   0.017     0.392
    4          inf   8.2017e+05   8.1921e+05     46     29     1      0      0      6      0   0.019   0.000   0.000   0.019     0.411
    5          inf   8.2017e+05   9.8073e+05     57     32     5     11      0      3      0   0.024   0.000   0.000   0.024     0.436
    6          inf   8.2017e+05   1.1015e+06     70     35     7     13      0      3      0   0.027   0.000   0.000   0.027     0.463
    7          inf   8.2017e+05   1.2085e+06     78     35     3      8      0      0      0   0.028   0.000   0.000   0.028     0.492
    8   8.2864e+05   8.2017e+05   8.2864e+05     81     35     0      3      0      0      0   0.028   0.000   0.000   0.028     0.520
    9   8.2750e+05   8.2689e+05   8.2750e+05     83     35     0      2      0      0      0   0.029   0.000   0.000   0.030     0.549
   10   8.2736e+05   8.2699e+05   8.2736e+05     85     35     0      2      0      0      0   0.028   0.000   0.000   0.028     0.578
   11   8.2732e+05   8.2732e+05   8.2732e+05     85     35     0     *0      0      0      0   0.026   0.000   0.000   0.026     0.604
CG optimal after 11 iterations. UB=827319.968940 LB=827317.889725 gap=2.079e+00 tol=8.273e+01  t_LP=0.601  t_PR=0.003  t_SP=0.000  t_Tot=0.605

# === STDOUT (result CSV) ===
instance,formulation,iterations,columns,objective,lower_bound,optimal,time,time_lp,time_pricing,time_separation
/home/simon/code/my/mcfcg/data/commalab/grid/grid1,tree,11,62,827319.968940,827317.889725,1,0.611,0.601,0.003,0.000
