# cmd: /home/simon/code/my/mcfcg/build/mcfcg_cli /home/simon/code/my/mcfcg/data/commalab/grid/grid8 --solver copt --formulation path --max-iters 10000 --time-limit 7200.0
# outcome: ok
# returncode: 0
# === STDERR (CG iteration log + preamble) ===
Instance: 625 vertices, 2400 arcs, 500 commodities, 343 sources
Pricing threads: 32 (auto)
Slack mode: CommodityRows (struct=500, capped_arcs=2400)
   It           UB           LB       LP_obj   #col   #row  #slk   +col   -col   +cut   -cut    t_LP    t_PR    t_SP   t_Tot     t_acc
    1          inf   4.1328e+07   2.7778e+06   1000    500   499      0      0      0      0   0.250   0.002   0.000   0.253     0.253
    2          inf   4.1328e+07   2.5136e+07   1000    500   349      0      0      0      0   0.072   0.002   0.000   0.074     0.326
    3          inf   4.1328e+07   4.1328e+07   1000    776     0      0      0    276      0   0.052   0.002   0.000   0.054     0.380
    4          inf   4.1328e+07   1.0076e+08   1369    776   208    369      0      0      0   0.097   0.001   0.000   0.098     0.479
    5          inf   4.1328e+07   2.3437e+08   1721    799   176    352      0     23      0   0.106   0.001   0.000   0.108     0.586
    6          inf   4.1328e+07   1.6668e+08   2092    847    92    371      0     48      0   0.112   0.001   0.000   0.114     0.700
    7          inf   4.1328e+07   5.5419e+07   2460    908    23    368      0     61      0   0.154   0.001   0.000   0.156     0.856
    8          inf   4.1384e+07   4.1799e+07   2791    932     0    331      0     24      0   0.175   0.001   0.000   0.177     1.033
    9          inf   4.1620e+07   4.1763e+07   3016    858     0    268     43      9     83   0.171   0.001   0.000   0.173     1.206
   10          inf   4.1640e+07   4.1740e+07   3160    877     0    249    105     19      0   0.161   0.001   0.000   0.163     1.369
   11          inf   4.1662e+07   4.1728e+07   3264    879     0    214    110      6      4   0.155   0.001   0.000   0.157     1.526
   12          inf   4.1680e+07   4.1720e+07   3195    872     0    174    243      2      9   0.152   0.001   0.000   0.154     1.681
   13          inf   4.1696e+07   4.1715e+07   2946    847     0    142    391      1     26   0.150   0.001   0.000   0.152     1.832
   14          inf   4.1703e+07   4.1712e+07   2730    837     0    111    327      5     15   0.147   0.001   0.000   0.149     1.982
   15          inf   4.1708e+07   4.1711e+07   2591    833     0     82    221      7     11   0.161   0.001   0.000   0.163     2.145
   16          inf   4.1710e+07   4.1711e+07   2417    818     0     32    206      1     16   0.157   0.001   0.000   0.159     2.304
   17          inf   4.1711e+07   4.1711e+07   2252    814     0     19    184      2      6   0.147   0.001   0.000   0.149     2.453
   18   4.1711e+07   4.1711e+07   4.1711e+07   2252    814     0     *5      0      0      0   0.148   0.001   0.000   0.150     2.603
CG optimal after 18 iterations. UB=41711151.172971 LB=41711045.232242 gap=1.059e+02 tol=4.171e+03  t_LP=2.566  t_PR=0.022  t_SP=0.005  t_Tot=2.606

# === STDOUT (result CSV) ===
Setting parameter 'LpMethod' to 2
Setting parameter 'GPUMode' to 2
Setting parameter 'Presolve' to 0
Setting parameter 'Crossover' to 0
instance,formulation,iterations,columns,objective,lower_bound,optimal,time,time_lp,time_pricing,time_separation
/home/simon/code/my/mcfcg/data/commalab/grid/grid8,path,18,1752,41711151.172971,41711045.232242,1,2.625,2.566,0.022,0.005
