# cmd: /home/simon/code/my/mcfcg/build/mcfcg_cli /home/simon/code/my/mcfcg/data/commalab/grid/grid5 --solver cuopt --formulation tree --max-iters 10000 --time-limit 7200.0
# outcome: ok
# returncode: 0
# === STDERR (CG iteration log + preamble) ===
Instance: 225 vertices, 840 arcs, 100 commodities, 83 sources
Pricing threads: 32 (auto)
Slack mode: CommodityRows (struct=83, capped_arcs=840)
   It           UB           LB       LP_obj   #col   #row  #slk   +col   -col   +cut   -cut    t_LP    t_PR    t_SP   t_Tot     t_acc
    1          inf   5.0295e+06   8.3321e+03    166     83    83      0      0      0      0   0.359   0.001   0.000   0.360     0.360
    2          inf   5.0295e+06   8.3038e+04    166     83    83      0      0      0      0   0.018   0.000   0.000   0.019     0.378
    3          inf   5.0295e+06   8.1754e+05    166     83    77      0      0      0      0   0.023   0.000   0.000   0.024     0.402
    4          inf   5.0295e+06   4.4510e+06    166    104    17      0      0     21      0   0.022   0.000   0.000   0.022     0.424
    5          inf   5.0295e+06   7.4634e+06    206    108    24     40      0      4      0   0.030   0.000   0.000   0.031     0.455
    6          inf   5.0295e+06   8.2410e+06    240    129    12     34      0     21      0   0.032   0.000   0.000   0.033     0.487
    7          inf   5.0295e+06   5.6016e+06    287    136    10     47      0      7      0   0.039   0.000   0.000   0.039     0.527
    8          inf   5.0295e+06   5.0564e+06    320    137     0     33      0      1      0   0.042   0.000   0.000   0.042     0.569
    9          inf   5.0446e+06   5.0512e+06    338    139     0     18      0      2      0   0.049   0.000   0.000   0.049     0.618
   10          inf   5.0483e+06   5.0500e+06    345    140     0      8      1      1      0   0.050   0.000   0.000   0.050     0.669
   11   5.0497e+06   5.0489e+06   5.0497e+06    351    140     0     10      4      0      0   0.048   0.000   0.000   0.048     0.717
   12   5.0496e+06   5.0491e+06   5.0496e+06    352    140     0     11     10      0      0   0.051   0.000   0.000   0.051     0.769
   13   5.0496e+06   5.0495e+06   5.0496e+06    352    141     0     *3      0      1      0   0.051   0.000   0.000   0.051     0.820
CG optimal after 13 iterations. UB=5049640.823930 LB=5049524.641309 gap=1.162e+02 tol=5.050e+02  t_LP=0.815  t_PR=0.004  t_SP=0.001  t_Tot=0.821

# === STDOUT (result CSV) ===
instance,formulation,iterations,columns,objective,lower_bound,optimal,time,time_lp,time_pricing,time_separation
/home/simon/code/my/mcfcg/data/commalab/grid/grid5,tree,13,269,5049640.823930,5049524.641309,1,0.828,0.815,0.004,0.001
