# cmd: /home/simon/code/my/mcfcg/build/mcfcg_cli /home/simon/code/my/mcfcg/data/commalab/grid/grid4 --solver cuopt --formulation path --max-iters 10000 --time-limit 7200.0
# outcome: ok
# returncode: 0
# === STDERR (CG iteration log + preamble) ===
Instance: 100 vertices, 360 arcs, 100 commodities, 63 sources
Pricing threads: 32 (auto)
Slack mode: CommodityRows (struct=100, capped_arcs=360)
   It           UB           LB       LP_obj   #col   #row  #slk   +col   -col   +cut   -cut    t_LP    t_PR    t_SP   t_Tot     t_acc
    1          inf   3.0156e+06   5.4674e+05    200    100    97      0      0      0      0   0.365   0.000   0.000   0.366     0.366
    2          inf   3.0156e+06   2.9899e+06    200    120     7      0      0     20      0   0.027   0.000   0.000   0.027     0.393
    3          inf   3.0156e+06   3.2758e+06    252    126    24     52      0      6      0   0.028   0.000   0.000   0.028     0.421
    4          inf   3.0156e+06   4.2678e+06    286    130    13     34      0      4      0   0.032   0.000   0.000   0.032     0.453
    5          inf   3.0156e+06   3.0340e+06    320    134     1     34      0      4      0   0.031   0.000   0.000   0.032     0.485
    6          inf   3.0306e+06   3.0324e+06    328    140     0      8      0      6      0   0.035   0.000   0.000   0.035     0.520
    7   3.0319e+06   3.0315e+06   3.0319e+06    334    140     0      6      0      0      0   0.037   0.000   0.000   0.037     0.557
    8   3.0317e+06   3.0317e+06   3.0317e+06    334    140     0     *0      0      0      0   0.037   0.000   0.000   0.037     0.594
CG optimal after 8 iterations. UB=3031695.184639 LB=3031691.498715 gap=3.686e+00 tol=3.032e+02  t_LP=0.592  t_PR=0.002  t_SP=0.000  t_Tot=0.595

# === STDOUT (result CSV) ===
instance,formulation,iterations,columns,objective,lower_bound,optimal,time,time_lp,time_pricing,time_separation
/home/simon/code/my/mcfcg/data/commalab/grid/grid4,path,8,234,3031695.184639,3031691.498715,1,0.602,0.592,0.002,0.000
