# cmd: /home/simon/code/my/mcfcg/build/mcfcg_cli /home/simon/code/my/mcfcg/data/commalab/grid/grid14 --solver copt --formulation tree --max-iters 10000 --time-limit 7200.0
# outcome: ok
# returncode: 0
# === STDERR (CG iteration log + preamble) ===
Instance: 1225 vertices, 4760 arcs, 16000 commodities, 1225 sources
Pricing threads: 32 (auto)
Slack mode: CommodityRows (struct=1225, capped_arcs=4760)
   It           UB           LB       LP_obj   #col   #row  #slk   +col   -col   +cut   -cut    t_LP    t_PR    t_SP   t_Tot     t_acc
    1          inf   1.7977e+09   1.2250e+05   2450   1225  1225      0      0      0      0   0.261   0.023   0.001   0.285     0.285
    2          inf   1.7977e+09   1.2250e+06   2450   1225  1225      0      0      0      0   0.084   0.023   0.001   0.108     0.392
    3          inf   1.7977e+09   1.2250e+07   2450   1225  1225      0      0      0      0   0.081   0.022   0.001   0.104     0.497
    4          inf   1.7977e+09   1.2250e+08   2450   1225  1225      0      0      0      0   0.075   0.022   0.001   0.098     0.595
    5          inf   1.7977e+09   1.1712e+09   2450   1225   967      0      0      0      0   0.063   0.024   0.001   0.087     0.682
    6          inf   1.7977e+09   1.7977e+09   2450   1442     0      0      0    217      0   0.067   0.022   0.001   0.090     0.772
    7          inf   1.7977e+09   4.6145e+09   3670   1442   606   1220      0      0      0   0.158   0.011   0.001   0.174     0.946
    8          inf   1.7977e+09   5.6097e+09   4892   1442   449   1222      0      0      0   0.206   0.011   0.001   0.221     1.167
    9          inf   1.7977e+09   6.4545e+09   6116   1456   315   1224      0     14      0   0.221   0.011   0.001   0.238     1.405
   10          inf   1.7977e+09   3.7732e+09   7341   1476    83   1225      0     20      0   0.250   0.011   0.001   0.268     1.673
   11          inf   1.7977e+09   1.8059e+09   8564   1498     0   1223      0     22      0   0.321   0.010   0.002   0.339     2.012
   12          inf   1.7997e+09   1.8047e+09   9585   1410     0   1224    203     10     98   0.389   0.010   0.002   0.414     2.426
   13          inf   1.8012e+09   1.8040e+09  10258   1422     0   1221    548     12      0   0.283   0.010   0.002   0.306     2.732
   14          inf   1.8014e+09   1.8035e+09  10825   1424     0   1216    649      5      3   0.262   0.010   0.002   0.288     3.020
   15          inf   1.8020e+09   1.8032e+09  11111   1426     0   1203    917      8      6   0.307   0.012   0.003   0.337     3.356
   16          inf   1.8022e+09   1.8030e+09  10793   1424     0   1189   1507      2      4   0.318   0.010   0.003   0.345     3.701
   17          inf   1.8024e+09   1.8029e+09  10420   1417     0   1171   1544      5     12   0.317   0.010   0.002   0.345     4.046
   18          inf   1.8025e+09   1.8028e+09  10255   1411     0   1140   1305      1      7   0.307   0.011   0.002   0.333     4.379
   19          inf   1.8026e+09   1.8027e+09  10180   1406     0   1066   1141      1      6   0.298   0.010   0.002   0.324     4.704
   20          inf   1.8026e+09   1.8027e+09  10032   1404     0   1061   1209      2      4   0.296   0.010   0.003   0.321     5.025
   21          inf   1.8027e+09   1.8027e+09   9708   1403     0    911   1235      3      4   0.315   0.010   0.002   0.339     5.364
   22          inf   1.8027e+09   1.8027e+09   9433   1403     0    776   1051      2      2   0.333   0.009   0.002   0.357     5.720
   23   1.8027e+09   1.8027e+09   1.8027e+09   9433   1403     0   *326      0      0      0   0.302   0.010   0.002   0.315     6.035
CG optimal after 23 iterations. UB=1802672984.500499 LB=1802670877.490988 gap=2.107e+03 tol=1.803e+05  t_LP=5.513  t_PR=0.333  t_SP=0.039  t_Tot=6.056

# === STDOUT (result CSV) ===
Setting parameter 'LpMethod' to 2
Setting parameter 'GPUMode' to 2
Setting parameter 'Presolve' to 0
Setting parameter 'Crossover' to 0
instance,formulation,iterations,columns,objective,lower_bound,optimal,time,time_lp,time_pricing,time_separation
/home/simon/code/my/mcfcg/data/commalab/grid/grid14,tree,23,8208,1802672984.500499,1802670877.490988,1,6.090,5.513,0.333,0.039
