# cmd: /home/simon/code/my/mcfcg/build/mcfcg_cli /home/simon/code/my/mcfcg/data/commalab/grid/grid12 --solver cuopt --formulation tree --max-iters 10000 --time-limit 7200.0
# outcome: ok
# returncode: 0
# === STDERR (CG iteration log + preamble) ===
Instance: 900 vertices, 3480 arcs, 6000 commodities, 899 sources
Pricing threads: 32 (auto)
Slack mode: CommodityRows (struct=899, capped_arcs=3480)
   It           UB           LB       LP_obj   #col   #row  #slk   +col   -col   +cut   -cut    t_LP    t_PR    t_SP   t_Tot     t_acc
    1          inf   5.7494e+08   1.1972e+05   1798    899   899      0      0      0      0   0.353   0.010   0.000   0.364     0.364
    2          inf   5.7494e+08   9.3654e+05   1798    899   899      0      0      0      0   0.024   0.010   0.000   0.034     0.399
    3          inf   5.7494e+08   9.0331e+06   1798    899   899      0      0      0      0   0.021   0.009   0.000   0.030     0.429
    4          inf   5.7494e+08   8.9532e+07   1798    899   884      0      0      0      0   0.026   0.009   0.000   0.036     0.464
    5          inf   5.7494e+08   5.4926e+08   1798   1027   122      0      0    128      0   0.026   0.009   0.001   0.036     0.500
    6          inf   5.7494e+08   8.0124e+08   2630   1027   486    838      6      0      0   0.086   0.006   0.000   0.093     0.594
    7          inf   5.7494e+08   1.4865e+09   3495   1038   338    865      0     11      0   0.101   0.005   0.000   0.108     0.702
    8          inf   5.7494e+08   1.0669e+09   4367   1094    88    872      0     56      0   0.111   0.006   0.001   0.120     0.822
    9          inf   5.7494e+08   9.0074e+08   5257   1121    56    890      0     27      0   0.112   0.005   0.001   0.120     0.942
   10          inf   5.7494e+08   5.7832e+08   6137   1146     0    880      0     25      0   0.152   0.005   0.001   0.161     1.102
   11          inf   5.7599e+08   5.7797e+08   7018   1158     0    881      0     12      0   0.138   0.007   0.001   0.148     1.250
   12          inf   5.7656e+08   5.7766e+08   7871   1175     0    854      1     17      0   0.140   0.006   0.001   0.150     1.400
   13   5.7749e+08   5.7681e+08   5.7749e+08   8707   1175     0    845      9      0      0   0.147   0.006   0.001   0.157     1.557
   14   5.7749e+08   5.7697e+08   5.7737e+08   9504   1176     0    808     11      1      0   0.152   0.005   0.001   0.162     1.719
   15   5.7749e+08   5.7704e+08   5.7728e+08  10239   1177     0    795     60      1      0   0.154   0.006   0.001   0.164     1.883
   16   5.7749e+08   5.7709e+08   5.7723e+08  10978   1179     0    746      7      2      0   0.158   0.006   0.001   0.169     2.053
   17   5.7749e+08   5.7714e+08   5.7721e+08  11658   1184     0    686      6      5      0   0.168   0.006   0.001   0.180     2.232
   18   5.7749e+08   5.7716e+08   5.7719e+08  12261   1187     0    603      0      3      0   0.180   0.005   0.001   0.188     2.420
   19   5.7749e+08   5.7718e+08   5.7720e+08  12724   1190     0    465      2      3      0   0.184   0.006   0.002   0.195     2.616
   20   5.7749e+08   5.7718e+08   5.7720e+08  12853   1192     0    208     79      2      0   0.182   0.006   0.001   0.193     2.808
   21   5.7749e+08   5.7718e+08   5.7719e+08  12956   1193     0    103      0      2      1   0.186   0.005   0.001   0.194     3.003
   22   5.7719e+08   5.7718e+08   5.7719e+08  12956   1193     0    *38      0      0      0   0.180   0.005   0.001   0.186     3.189
CG optimal after 22 iterations. UB=577193758.390790 LB=577183557.793579 gap=1.020e+04 tol=5.772e+04  t_LP=2.979  t_PR=0.152  t_SP=0.021  t_Tot=3.198

# === STDOUT (result CSV) ===
instance,formulation,iterations,columns,objective,lower_bound,optimal,time,time_lp,time_pricing,time_separation
/home/simon/code/my/mcfcg/data/commalab/grid/grid12,tree,22,12057,577193758.390790,577183557.793579,1,3.210,2.979,0.152,0.021
