# cmd: /home/simon/code/my/mcfcg/build/mcfcg_cli /home/simon/code/my/mcfcg/data/commalab/grid/grid5 --solver copt --formulation path --max-iters 10000 --time-limit 7200.0
# outcome: ok
# returncode: 0
# === STDERR (CG iteration log + preamble) ===
Instance: 225 vertices, 840 arcs, 100 commodities, 83 sources
Pricing threads: 32 (auto)
Slack mode: CommodityRows (struct=100, capped_arcs=840)
   It           UB           LB       LP_obj   #col   #row  #slk   +col   -col   +cut   -cut    t_LP    t_PR    t_SP   t_Tot     t_acc
    1          inf   5.0295e+06   5.5950e+05    200    100   100      0      0      0      0   0.261   0.000   0.000   0.261     0.261
    2          inf   5.0295e+06   4.3345e+06    200    107    35      0      0      7      0   0.068   0.000   0.000   0.068     0.329
    3          inf   5.0295e+06   7.3488e+06    225    123    19     25      0     16      0   0.059   0.000   0.000   0.060     0.390
    4          inf   5.0295e+06   9.2773e+06    267    133    22     42      0     10      0   0.062   0.000   0.000   0.062     0.452
    5          inf   5.0295e+06   6.4630e+06    305    147     8     38      0     14      0   0.066   0.001   0.000   0.067     0.519
    6          inf   5.0295e+06   5.0550e+06    340    152     2     36      1      5      0   0.078   0.000   0.000   0.079     0.598
    7          inf   5.0439e+06   5.0505e+06    361    155     0     21      0      3      0   0.067   0.000   0.000   0.068     0.665
    8          inf   5.0488e+06   5.0499e+06    372    156     0     14      3      1      0   0.072   0.000   0.000   0.073     0.738
    9          inf   5.0495e+06   5.0497e+06    371    157     0      2      3      1      0   0.071   0.000   0.000   0.072     0.810
   10   5.0497e+06   5.0497e+06   5.0497e+06    371    157     0     *0      0      0      0   0.071   0.000   0.000   0.072     0.881
CG optimal after 10 iterations. UB=5049688.500001 LB=5049682.681600 gap=5.818e+00 tol=5.050e+02  t_LP=0.875  t_PR=0.004  t_SP=0.001  t_Tot=0.883

# === STDOUT (result CSV) ===
Setting parameter 'LpMethod' to 2
Setting parameter 'GPUMode' to 2
Setting parameter 'Presolve' to 0
Setting parameter 'Crossover' to 0
instance,formulation,iterations,columns,objective,lower_bound,optimal,time,time_lp,time_pricing,time_separation
/home/simon/code/my/mcfcg/data/commalab/grid/grid5,path,10,271,5049688.500001,5049682.681600,1,0.900,0.875,0.004,0.001
