# cmd: /home/simon/code/my/mcfcg/build/mcfcg_cli /home/simon/code/my/mcfcg/data/commalab/grid/grid9 --solver copt --formulation path --max-iters 10000 --time-limit 7200.0
# outcome: ok
# returncode: 0
# === STDERR (CG iteration log + preamble) ===
Instance: 625 vertices, 2400 arcs, 1000 commodities, 495 sources
Pricing threads: 32 (auto)
Slack mode: CommodityRows (struct=1000, capped_arcs=2400)
   It           UB           LB       LP_obj   #col   #row  #slk   +col   -col   +cut   -cut    t_LP    t_PR    t_SP   t_Tot     t_acc
    1          inf   8.1702e+07   5.6336e+06   2000   1000   997      0      0      0      0   0.253   0.004   0.000   0.258     0.258
    2          inf   8.1702e+07   5.0596e+07   2000   1000   710      0      0      0      0   0.073   0.003   0.000   0.076     0.334
    3          inf   8.1702e+07   8.1702e+07   2000   1327     0      0      0    327      0   0.054   0.003   0.000   0.057     0.391
    4          inf   8.1702e+07   2.0615e+08   2742   1327   393    742      0      0      0   0.111   0.002   0.000   0.114     0.505
    5          inf   8.1702e+07   5.0315e+08   3504   1354   313    762      0     27      0   0.133   0.001   0.000   0.136     0.640
    6          inf   8.1702e+07   4.4585e+08   4262   1406   199    758      0     52      0   0.150   0.001   0.000   0.152     0.793
    7          inf   8.1702e+07   1.1838e+08   5018   1473    54    756      0     67      0   0.192   0.001   0.000   0.195     0.987
    8          inf   8.1723e+07   8.2884e+07   5740   1519     1    722      0     46      0   0.255   0.001   0.000   0.258     1.245
    9          inf   8.2350e+07   8.2784e+07   6257   1469     0    621    104     22     72   0.224   0.001   0.000   0.228     1.473
   10          inf   8.2502e+07   8.2725e+07   6585   1485     0    551    223     17      1   0.209   0.001   0.000   0.213     1.686
   11          inf   8.2563e+07   8.2689e+07   6714   1501     0    486    357     22      6   0.219   0.002   0.000   0.223     1.909
   12          inf   8.2595e+07   8.2673e+07   6635   1499     0    385    464      9     11   0.220   0.001   0.000   0.224     2.134
   13          inf   8.2618e+07   8.2661e+07   6150   1481     0    338    823      2     20   0.222   0.001   0.000   0.226     2.360
   14          inf   8.2637e+07   8.2656e+07   5635   1466     0    248    763      5     20   0.237   0.001   0.000   0.240     2.599
   15          inf   8.2647e+07   8.2654e+07   5237   1453     0    175    573      2     15   0.219   0.001   0.000   0.223     2.822
   16          inf   8.2650e+07   8.2653e+07   4909   1448     0    117    445      2      7   0.219   0.001   0.000   0.222     3.045
   17          inf   8.2651e+07   8.2653e+07   4614   1444     0     80    375      4      8   0.209   0.001   0.000   0.212     3.257
   18   8.2653e+07   8.2653e+07   8.2653e+07   4614   1444     0    *10      0      0      0   0.231   0.002   0.000   0.233     3.490
CG optimal after 18 iterations. UB=82652988.573547 LB=82652766.188823 gap=2.224e+02 tol=8.265e+03  t_LP=3.431  t_PR=0.035  t_SP=0.006  t_Tot=3.494

# === STDOUT (result CSV) ===
Setting parameter 'LpMethod' to 2
Setting parameter 'GPUMode' to 2
Setting parameter 'Presolve' to 0
Setting parameter 'Crossover' to 0
instance,formulation,iterations,columns,objective,lower_bound,optimal,time,time_lp,time_pricing,time_separation
/home/simon/code/my/mcfcg/data/commalab/grid/grid9,path,18,3614,82652988.573547,82652766.188823,1,3.516,3.431,0.035,0.006
