# cmd: /home/simon/code/my/mcfcg/build/mcfcg_cli /home/simon/code/my/mcfcg/data/commalab/grid/grid11 --solver cuopt --formulation tree --max-iters 10000 --time-limit 7200.0
# outcome: ok
# returncode: 0
# === STDERR (CG iteration log + preamble) ===
Instance: 625 vertices, 2400 arcs, 4000 commodities, 625 sources
Pricing threads: 32 (auto)
Slack mode: CommodityRows (struct=625, capped_arcs=2400)
   It           UB           LB       LP_obj   #col   #row  #slk   +col   -col   +cut   -cut    t_LP    t_PR    t_SP   t_Tot     t_acc
    1          inf   3.2684e+08   7.9627e+04   1250    625   625      0      0      0      0   0.356   0.004   0.000   0.361     0.361
    2          inf   3.2684e+08   6.2724e+05   1250    625   625      0      0      0      0   0.021   0.004   0.000   0.025     0.386
    3          inf   3.2684e+08   6.2524e+06   1250    625   625      0      0      0      0   0.024   0.004   0.000   0.028     0.414
    4          inf   3.2684e+08   6.2161e+07   1250    625   613      0      0      0      0   0.025   0.005   0.000   0.030     0.445
    5          inf   3.2684e+08   3.2192e+08   1250    817    33      0      0    192      0   0.025   0.005   0.001   0.031     0.475
    6          inf   3.2684e+08   4.3752e+08   1849    817   310    599      0      0      0   0.088   0.002   0.000   0.092     0.567
    7          inf   3.2684e+08   1.1463e+09   2451    821   316    602      0      4      0   0.100   0.002   0.000   0.104     0.671
    8          inf   3.2684e+08   1.1265e+09   3068    834   135    617      0     13      0   0.110   0.003   0.001   0.114     0.785
    9          inf   3.2684e+08   5.7056e+08   3685    893    36    617      0     59      0   0.104   0.003   0.001   0.109     0.894
   10          inf   3.2684e+08   3.9156e+08   4304    920    10    619      0     27      0   0.137   0.003   0.001   0.141     1.036
   11          inf   3.2684e+08   3.3028e+08   4901    932     0    620     23     12      0   0.153   0.003   0.001   0.158     1.193
   12          inf   3.2823e+08   3.2999e+08   5504    944     0    607      4     12      0   0.145   0.003   0.001   0.150     1.343
   13          inf   3.2852e+08   3.2976e+08   6096    955     0    604     12     11      0   0.154   0.003   0.001   0.160     1.503
   14   3.2960e+08   3.2866e+08   3.2960e+08   6661    955     0    597     32      0      0   0.151   0.003   0.001   0.156     1.659
   15   3.2960e+08   3.2890e+08   3.2948e+08   7171    959     0    585     75      4      0   0.155   0.002   0.001   0.160     1.820
   16   3.2960e+08   3.2899e+08   3.2941e+08   7600    962     0    585    156      3      0   0.154   0.003   0.001   0.160     1.979
   17   3.2960e+08   3.2910e+08   3.2934e+08   8119    971     0    568     49      9      0   0.157   0.003   0.001   0.163     2.142
   18   3.2960e+08   3.2913e+08   3.2931e+08   8640    973     0    559     38      2      0   0.166   0.003   0.001   0.172     2.314
   19   3.2960e+08   3.2918e+08   3.2929e+08   9167    976     0    527      0      3      0   0.171   0.003   0.001   0.176     2.489
   20   3.2928e+08   3.2922e+08   3.2928e+08   9691    976     0    526      2      0      0   0.175   0.002   0.001   0.181     2.671
   21   3.2928e+08   3.2924e+08   3.2927e+08  10165    981     0    483      9      5      0   0.186   0.002   0.002   0.193     2.864
   22   3.2926e+08   3.2925e+08   3.2926e+08  10165    981     0   *473      0      0      0   0.198   0.003   0.001   0.202     3.066
CG optimal after 22 iterations. UB=329264490.657285 LB=329246753.611575 gap=1.774e+04 tol=3.293e+04  t_LP=2.955  t_PR=0.070  t_SP=0.015  t_Tot=3.072

# === STDOUT (result CSV) ===
instance,formulation,iterations,columns,objective,lower_bound,optimal,time,time_lp,time_pricing,time_separation
/home/simon/code/my/mcfcg/data/commalab/grid/grid11,tree,22,9540,329264490.657285,329246753.611575,1,3.082,2.955,0.070,0.015
