# cmd: /home/simon/code/my/mcfcg/build/mcfcg_cli /home/simon/code/my/mcfcg/data/commalab/grid/grid14 --solver cuopt --formulation tree --max-iters 10000 --time-limit 7200.0
# outcome: ok
# returncode: 0
# === STDERR (CG iteration log + preamble) ===
Instance: 1225 vertices, 4760 arcs, 16000 commodities, 1225 sources
Pricing threads: 32 (auto)
Slack mode: CommodityRows (struct=1225, capped_arcs=4760)
   It           UB           LB       LP_obj   #col   #row  #slk   +col   -col   +cut   -cut    t_LP    t_PR    t_SP   t_Tot     t_acc
    1          inf   1.7977e+09   2.1280e+05   2450   1225  1225      0      0      0      0   0.366   0.021   0.001   0.388     0.388
    2          inf   1.7977e+09   1.3189e+06   2450   1225  1225      0      0      0      0   0.022   0.021   0.001   0.044     0.432
    3          inf   1.7977e+09   1.2369e+07   2450   1225  1225      0      0      0      0   0.022   0.020   0.001   0.043     0.474
    4          inf   1.7977e+09   1.2260e+08   2450   1225  1225      0      0      0      0   0.027   0.018   0.001   0.046     0.520
    5          inf   1.7977e+09   1.1712e+09   2450   1225   967      0      0      0      0   0.029   0.017   0.001   0.048     0.568
    6          inf   1.7977e+09   1.7977e+09   2450   1442     9      0      0    217      0   0.027   0.017   0.002   0.046     0.614
    7          inf   1.7977e+09   4.6507e+09   3672   1442   600   1222      0      0      0   0.119   0.012   0.001   0.137     0.750
    8          inf   1.7977e+09   3.9009e+09   4897   1442   276   1225      0      0      0   0.151   0.012   0.001   0.169     0.919
    9          inf   1.7977e+09   2.5398e+09   6120   1469   101   1223      0     27      0   0.156   0.013   0.002   0.175     1.094
   10          inf   1.7977e+09   2.0315e+09   7345   1486    33   1225      0     17      0   0.168   0.012   0.002   0.185     1.280
   11          inf   1.7977e+09   1.8053e+09   8569   1502     0   1224      0     16      0   0.204   0.012   0.002   0.224     1.503
   12          inf   1.8005e+09   1.8046e+09   9792   1505     0   1223      0      3      0   0.190   0.012   0.002   0.209     1.712
   13          inf   1.8014e+09   1.8039e+09  11010   1510     0   1218      0      5      0   0.199   0.012   0.002   0.217     1.930
   14          inf   1.8017e+09   1.8034e+09  12219   1512     0   1209      0      2      0   0.226   0.012   0.003   0.245     2.175
   15          inf   1.8021e+09   1.8032e+09  13420   1515     0   1201      0      3      0   0.234   0.012   0.003   0.254     2.429
   16          inf   1.8022e+09   1.8030e+09  14613   1519     0   1196      3      4      0   0.254   0.012   0.003   0.279     2.708
   17   1.8028e+09   1.8024e+09   1.8028e+09  15779   1519     0   1167      1      0      0   0.271   0.012   0.002   0.295     3.002
   18   1.8027e+09   1.8026e+09   1.8027e+09  16854   1519     0   1110     35      0      0   0.306   0.012   0.002   0.329     3.332
   19   1.8027e+09   1.8026e+09   1.8027e+09  16854   1519     0  *1075      0      0      0   0.312   0.012   0.003   0.327     3.659
CG optimal after 19 iterations. UB=1802734976.149298 LB=1802585364.143539 gap=1.496e+05 tol=1.803e+05  t_LP=3.284  t_PR=0.289  t_SP=0.034  t_Tot=3.677

# === STDOUT (result CSV) ===
instance,formulation,iterations,columns,objective,lower_bound,optimal,time,time_lp,time_pricing,time_separation
/home/simon/code/my/mcfcg/data/commalab/grid/grid14,tree,19,15629,1802734976.149298,1802585364.143539,1,3.688,3.284,0.289,0.034
