# cmd: /home/simon/code/my/mcfcg/build/mcfcg_cli /home/simon/code/my/mcfcg/data/commalab/grid/grid7 --solver copt --formulation path --max-iters 10000 --time-limit 7200.0
# outcome: ok
# returncode: 0
# === STDERR (CG iteration log + preamble) ===
Instance: 400 vertices, 1520 arcs, 400 commodities, 247 sources
Pricing threads: 32 (auto)
Slack mode: CommodityRows (struct=400, capped_arcs=1520)
   It           UB           LB       LP_obj   #col   #row  #slk   +col   -col   +cut   -cut    t_LP    t_PR    t_SP   t_Tot     t_acc
    1          inf   2.5727e+07   2.2330e+06    800    400   394      0      0      0      0   0.254   0.001   0.000   0.255     0.255
    2          inf   2.5727e+07   1.8829e+07    800    400   239      0      0      0      0   0.075   0.001   0.000   0.077     0.332
    3          inf   2.5727e+07   2.5727e+07    800    523     0      0      0    123      0   0.066   0.001   0.000   0.068     0.400
    4          inf   2.5727e+07   5.9583e+07   1048    523   132    248      0      0      0   0.073   0.001   0.000   0.074     0.474
    5          inf   2.5727e+07   5.9781e+07   1284    531    70    236      0      8      0   0.087   0.001   0.000   0.088     0.562
    6          inf   2.5727e+07   2.5889e+07   1481    568     0    197      0     37      0   0.101   0.001   0.000   0.102     0.665
    7          inf   2.5727e+07   2.5893e+07   1690    585     0    209      0     17      0   0.116   0.001   0.000   0.117     0.782
    8          inf   2.5839e+07   2.5876e+07   1832    591     0    142      0      6      0   0.116   0.001   0.000   0.118     0.900
    9          inf   2.5853e+07   2.5867e+07   1904    558     0     91     19      3     36   0.114   0.001   0.000   0.115     1.015
   10          inf   2.5861e+07   2.5865e+07   1873    561     0     40     71      4      1   0.100   0.001   0.000   0.101     1.116
   11   2.5864e+07   2.5863e+07   2.5864e+07   1873    561     0    *21      0      0      0   0.108   0.001   0.000   0.109     1.225
CG optimal after 11 iterations. UB=25864203.139016 LB=25863046.578859 gap=1.157e+03 tol=2.586e+03  t_LP=1.211  t_PR=0.011  t_SP=0.002  t_Tot=1.227

# === STDOUT (result CSV) ===
Setting parameter 'LpMethod' to 2
Setting parameter 'GPUMode' to 2
Setting parameter 'Presolve' to 0
Setting parameter 'Crossover' to 0
instance,formulation,iterations,columns,objective,lower_bound,optimal,time,time_lp,time_pricing,time_separation
/home/simon/code/my/mcfcg/data/commalab/grid/grid7,path,11,1473,25864203.139016,25863046.578859,1,1.245,1.211,0.011,0.002
