# cmd: /home/simon/code/my/mcfcg/build/mcfcg_cli /home/simon/code/my/mcfcg/data/commalab/grid/grid12 --solver cuopt --formulation path --max-iters 10000 --time-limit 7200.0
# outcome: ok
# returncode: 0
# === STDERR (CG iteration log + preamble) ===
Instance: 900 vertices, 3480 arcs, 6000 commodities, 899 sources
Pricing threads: 32 (auto)
Slack mode: EdgeRows (struct=6000, capped_arcs=3480)
   It           UB           LB       LP_obj   #col   #row  #slk   +col   -col   +cut   -cut    t_LP    t_PR    t_SP   t_Tot     t_acc
    1          inf   5.7494e+08   5.7494e+08   6230   6230     0      0      0    230      0   0.414   0.011   0.002   0.427     0.427
    2          inf   5.7494e+08   6.6575e+08  11043   6230   230   4813      0      0      0   0.214   0.005   0.000   0.222     0.650
    3          inf   5.7526e+08   5.7846e+08  14216   6351     0   3052      0    121      0   0.159   0.005   0.002   0.168     0.818
    4          inf   5.7526e+08   5.7876e+08  18197   6359     1   3973      0      8      0   0.335   0.005   0.001   0.344     1.162
    5          inf   5.7624e+08   5.7764e+08  21068   6375     0   2855      0     16      0   0.273   0.005   0.001   0.281     1.443
    6          inf   5.7691e+08   5.7734e+08  23241   6395     0   2153      0     20      0   0.276   0.006   0.001   0.284     1.727
    7          inf   5.7707e+08   5.7724e+08  24729   6398     0   1485      0      3      0   0.320   0.005   0.001   0.327     2.054
    8          inf   5.7715e+08   5.7720e+08  25368   6316     0    922    201      5     87   0.306   0.005   0.001   0.317     2.371
    9          inf   5.7718e+08   5.7719e+08  25750   6262     0    438      2      1     55   0.283   0.005   0.001   0.293     2.664
   10   5.7719e+08   5.7719e+08   5.7719e+08  25750   6262     0    *38      0      0      0   0.248   0.004   0.001   0.253     2.917
CG optimal after 10 iterations. UB=577186870.163923 LB=577185299.146906 gap=1.571e+03 tol=5.772e+04  t_LP=2.828  t_PR=0.067  t_SP=0.009  t_Tot=2.928

# === STDOUT (result CSV) ===
instance,formulation,iterations,columns,objective,lower_bound,optimal,time,time_lp,time_pricing,time_separation
/home/simon/code/my/mcfcg/data/commalab/grid/grid12,path,10,25488,577186870.163923,577185299.146906,1,2.939,2.828,0.067,0.009
