# cmd: /home/simon/code/my/mcfcg/build/mcfcg_cli /home/simon/code/my/mcfcg/data/commalab/grid/grid11 --solver cuopt --formulation path --max-iters 10000 --time-limit 7200.0
# outcome: ok
# returncode: 0
# === STDERR (CG iteration log + preamble) ===
Instance: 625 vertices, 2400 arcs, 4000 commodities, 625 sources
Pricing threads: 32 (auto)
Slack mode: EdgeRows (struct=4000, capped_arcs=2400)
   It           UB           LB       LP_obj   #col   #row  #slk   +col   -col   +cut   -cut    t_LP    t_PR    t_SP   t_Tot     t_acc
    1          inf   3.2684e+08   3.2684e+08   4241   4241     0      0      0    241      0   0.407   0.004   0.001   0.412     0.412
    2          inf   3.2684e+08   3.9001e+08   7583   4241   241   3342      0      0      0   0.166   0.003   0.000   0.171     0.583
    3          inf   3.2704e+08   3.3040e+08   9989   4365     0   2282      0    124      0   0.166   0.002   0.001   0.172     0.754
    4          inf   3.2704e+08   3.3110e+08  12800   4384     7   2792      0     19      0   0.242   0.002   0.001   0.247     1.001
    5          inf   3.2826e+08   3.2983e+08  15098   4405     0   2277      0     21      0   0.223   0.002   0.001   0.228     1.229
    6          inf   3.2878e+08   3.2953e+08  16999   4420     0   1886      0     15      0   0.272   0.002   0.001   0.277     1.506
    7          inf   3.2905e+08   3.2936e+08  18513   4433     0   1501      0     13      0   0.280   0.002   0.001   0.285     1.791
    8          inf   3.2915e+08   3.2931e+08  19057   4363     0   1213    599      3     73   0.277   0.002   0.000   0.283     2.074
    9          inf   3.2920e+08   3.2927e+08  18717   4318     0    825   1120      8     53   0.233   0.003   0.001   0.241     2.315
   10          inf   3.2925e+08   3.2926e+08  17726   4312     0    490   1475      7     13   0.232   0.002   0.001   0.239     2.554
   11          inf   3.2925e+08   3.2926e+08  17635   4301     0    175    255      1     12   0.228   0.003   0.000   0.234     2.787
   12          inf   3.2926e+08   3.2926e+08  17243   4295     0    127    513      1      7   0.270   0.003   0.000   0.276     3.064
   13   3.2926e+08   3.2926e+08   3.2926e+08  17243   4295     0     *1      0      0      0   0.206   0.003   0.000   0.209     3.273
CG optimal after 13 iterations. UB=329258298.830611 LB=329257898.821534 gap=4.000e+02 tol=3.293e+04  t_LP=3.203  t_PR=0.041  t_SP=0.008  t_Tot=3.282

# === STDOUT (result CSV) ===
instance,formulation,iterations,columns,objective,lower_bound,optimal,time,time_lp,time_pricing,time_separation
/home/simon/code/my/mcfcg/data/commalab/grid/grid11,path,13,16948,329258298.830611,329257898.821534,1,3.292,3.203,0.041,0.008
