# cmd: /home/simon/code/my/mcfcg/build/mcfcg_cli /home/simon/code/my/mcfcg/data/commalab/grid/grid6 --solver copt --formulation path --max-iters 10000 --time-limit 7200.0
# outcome: ok
# returncode: 0
# === STDERR (CG iteration log + preamble) ===
Instance: 225 vertices, 840 arcs, 200 commodities, 135 sources
Pricing threads: 32 (auto)
Slack mode: CommodityRows (struct=200, capped_arcs=840)
   It           UB           LB       LP_obj   #col   #row  #slk   +col   -col   +cut   -cut    t_LP    t_PR    t_SP   t_Tot     t_acc
    1          inf   1.0284e+07   1.1258e+06    400    200   198      0      0      0      0   0.255   0.001   0.000   0.256     0.256
    2          inf   1.0284e+07   8.7504e+06    400    213    82      0      0     13      0   0.075   0.002   0.000   0.077     0.333
    3          inf   1.0284e+07   1.7843e+07    481    270    56     81      0     57      0   0.076   0.000   0.000   0.076     0.409
    4          inf   1.0284e+07   2.8483e+07    611    289    72    130      0     19      0   0.072   0.000   0.000   0.073     0.482
    5          inf   1.0284e+07   2.1995e+07    740    314    40    129      0     25      0   0.075   0.000   0.000   0.076     0.558
    6          inf   1.0284e+07   1.1928e+07    870    335     8    134      4     21      0   0.082   0.000   0.000   0.082     0.640
    7          inf   1.0301e+07   1.0423e+07    983    354     0    113      0     19      0   0.099   0.000   0.000   0.100     0.740
    8          inf   1.0369e+07   1.0413e+07   1066    356     0     91      8      2      0   0.102   0.000   0.000   0.103     0.843
    9          inf   1.0391e+07   1.0405e+07   1100    355     0     54     20      5      6   0.103   0.000   0.000   0.104     0.947
   10          inf   1.0396e+07   1.0403e+07   1107    358     0     42     35      4      1   0.094   0.000   0.000   0.095     1.042
   11   1.0402e+07   1.0399e+07   1.0402e+07   1065    351     0     30     72      0      7   0.098   0.000   0.000   0.099     1.141
   12   1.0402e+07   1.0401e+07   1.0402e+07    953    345     0      5    117      2      8   0.095   0.000   0.000   0.096     1.237
   13   1.0402e+07   1.0402e+07   1.0402e+07    953    346     0     *3      0      1      0   0.097   0.000   0.000   0.098     1.335
CG optimal after 13 iterations. UB=10402097.330219 LB=10401706.911228 gap=3.904e+02 tol=1.040e+03  t_LP=1.324  t_PR=0.007  t_SP=0.002  t_Tot=1.337

# === STDOUT (result CSV) ===
Setting parameter 'LpMethod' to 2
Setting parameter 'GPUMode' to 2
Setting parameter 'Presolve' to 0
Setting parameter 'Crossover' to 0
instance,formulation,iterations,columns,objective,lower_bound,optimal,time,time_lp,time_pricing,time_separation
/home/simon/code/my/mcfcg/data/commalab/grid/grid6,path,13,753,10402097.330219,10401706.911228,1,1.355,1.324,0.007,0.002
