# cmd: /home/simon/code/my/mcfcg/build/mcfcg_cli /home/simon/code/my/mcfcg/data/commalab/grid/grid12 --solver copt --formulation tree --max-iters 10000 --time-limit 7200.0
# outcome: ok
# returncode: 0
# === STDERR (CG iteration log + preamble) ===
Instance: 900 vertices, 3480 arcs, 6000 commodities, 899 sources
Pricing threads: 32 (auto)
Slack mode: CommodityRows (struct=899, capped_arcs=3480)
   It           UB           LB       LP_obj   #col   #row  #slk   +col   -col   +cut   -cut    t_LP    t_PR    t_SP   t_Tot     t_acc
    1          inf   5.7494e+08   8.9900e+04   1798    899   899      0      0      0      0   0.260   0.011   0.000   0.272     0.272
    2          inf   5.7494e+08   8.9900e+05   1798    899   899      0      0      0      0   0.083   0.011   0.000   0.094     0.366
    3          inf   5.7494e+08   8.9900e+06   1798    899   899      0      0      0      0   0.073   0.010   0.000   0.083     0.449
    4          inf   5.7494e+08   8.9531e+07   1798    899   884      0      0      0      0   0.058   0.011   0.000   0.069     0.519
    5          inf   5.7494e+08   5.4926e+08   1798   1027   122      0      0    128      0   0.062   0.011   0.001   0.073     0.592
    6          inf   5.7494e+08   8.0124e+08   2630   1027   486    838      6      0      0   0.103   0.005   0.000   0.110     0.702
    7          inf   5.7494e+08   1.5191e+09   3495   1039   343    865      0     12      0   0.108   0.004   0.000   0.114     0.816
    8          inf   5.7494e+08   1.2550e+09   4369   1094   110    874      0     55      0   0.118   0.006   0.001   0.126     0.943
    9          inf   5.7494e+08   1.0678e+09   5258   1121    75    889      0     27      0   0.183   0.005   0.001   0.192     1.135
   10          inf   5.7494e+08   5.7845e+08   6144   1150     0    886      0     29      0   0.247   0.005   0.001   0.255     1.390
   11          inf   5.7575e+08   5.7804e+08   6869   1128     0    877    152      9     31   0.203   0.005   0.001   0.214     1.604
   12          inf   5.7658e+08   5.7771e+08   7448   1146     0    869    290     19      1   0.177   0.005   0.001   0.188     1.792
   13          inf   5.7674e+08   5.7752e+08   7862   1155     0    845    431     11      2   0.207   0.005   0.001   0.219     2.011
   14          inf   5.7694e+08   5.7739e+08   8052   1147     0    839    649      5     13   0.236   0.005   0.001   0.248     2.259
   15          inf   5.7701e+08   5.7730e+08   7853   1146     0    816   1015      4      5   0.207   0.005   0.001   0.219     2.478
   16          inf   5.7708e+08   5.7725e+08   7523   1132     0    766   1096      1     15   0.235   0.004   0.001   0.246     2.725
   17          inf   5.7712e+08   5.7721e+08   7272   1130     0    695    946      5      7   0.221   0.005   0.001   0.233     2.958
   18          inf   5.7716e+08   5.7720e+08   7048   1129     0    647    871      5      6   0.218   0.004   0.001   0.229     3.187
   19          inf   5.7717e+08   5.7719e+08   6825   1128     0    622    845      5      6   0.226   0.005   0.001   0.238     3.425
   20          inf   5.7718e+08   5.7719e+08   6330   1126     0    278    773      4      6   0.196   0.005   0.001   0.207     3.632
   21          inf   5.7719e+08   5.7719e+08   5780   1122     0    161    711      1      5   0.194   0.004   0.001   0.203     3.835
   22          inf   5.7719e+08   5.7719e+08   5228   1120     0     95    647      1      3   0.174   0.004   0.001   0.184     4.019
   23   5.7719e+08   5.7719e+08   5.7719e+08   5228   1120     0    *41      0      0      0   0.178   0.005   0.001   0.184     4.203
CG optimal after 23 iterations. UB=577186503.902173 LB=577185834.307175 gap=6.696e+02 tol=5.772e+04  t_LP=3.969  t_PR=0.151  t_SP=0.017  t_Tot=4.215

# === STDOUT (result CSV) ===
Setting parameter 'LpMethod' to 2
Setting parameter 'GPUMode' to 2
Setting parameter 'Presolve' to 0
Setting parameter 'Crossover' to 0
instance,formulation,iterations,columns,objective,lower_bound,optimal,time,time_lp,time_pricing,time_separation
/home/simon/code/my/mcfcg/data/commalab/grid/grid12,tree,23,4329,577186503.902173,577185834.307175,1,4.242,3.969,0.151,0.017
