# cmd: /home/simon/code/my/mcfcg/build/mcfcg_cli /home/simon/code/my/mcfcg/data/commalab/grid/grid3 --solver cuopt --formulation path --max-iters 10000 --time-limit 7200.0
# outcome: ok
# returncode: 0
# === STDERR (CG iteration log + preamble) ===
Instance: 100 vertices, 360 arcs, 50 commodities, 40 sources
Pricing threads: 32 (auto)
Slack mode: CommodityRows (struct=50, capped_arcs=360)
   It           UB           LB       LP_obj   #col   #row  #slk   +col   -col   +cut   -cut    t_LP    t_PR    t_SP   t_Tot     t_acc
    1          inf   1.5205e+06   2.8416e+05    100     50    48      0      0      0      0   0.365   0.001   0.000   0.365     0.365
    2          inf   1.5205e+06   1.5065e+06    100     59     7      0      0      9      0   0.022   0.000   0.000   0.022     0.388
    3          inf   1.5205e+06   1.6636e+06    119     63    10     19      0      4      0   0.054   0.000   0.000   0.054     0.442
    4          inf   1.5205e+06   1.7193e+06    131     66     4     12      0      3      0   0.028   0.001   0.000   0.028     0.470
    5          inf   1.5226e+06   1.5250e+06    139     67     0      8      0      1      0   0.027   0.000   0.000   0.027     0.497
    6   1.5247e+06   1.5246e+06   1.5247e+06    141     67     0      2      0      0      0   0.028   0.000   0.000   0.029     0.526
    7   1.5247e+06   1.5246e+06   1.5246e+06    142     68     0      1      0      1      0   0.028   0.000   0.000   0.028     0.554
    8   1.5246e+06   1.5246e+06   1.5246e+06    142     68     0     *0      0      0      0   0.027   0.000   0.000   0.027     0.582
CG optimal after 8 iterations. UB=1524642.152109 LB=1524640.234353 gap=1.918e+00 tol=1.525e+02  t_LP=0.579  t_PR=0.003  t_SP=0.000  t_Tot=0.583

# === STDOUT (result CSV) ===
instance,formulation,iterations,columns,objective,lower_bound,optimal,time,time_lp,time_pricing,time_separation
/home/simon/code/my/mcfcg/data/commalab/grid/grid3,path,8,92,1524642.152109,1524640.234353,1,0.589,0.579,0.003,0.000
