# cmd: /home/simon/code/my/mcfcg/build/mcfcg_cli /home/simon/code/my/mcfcg/data/commalab/grid/grid8 --solver cuopt --formulation tree --max-iters 10000 --time-limit 7200.0
# outcome: ok
# returncode: 0
# === STDERR (CG iteration log + preamble) ===
Instance: 625 vertices, 2400 arcs, 500 commodities, 343 sources
Pricing threads: 32 (auto)
Slack mode: CommodityRows (struct=343, capped_arcs=2400)
   It           UB           LB       LP_obj   #col   #row  #slk   +col   -col   +cut   -cut    t_LP    t_PR    t_SP   t_Tot     t_acc
    1          inf   4.1328e+07   3.4610e+04    686    343   343      0      0      0      0   0.358   0.003   0.000   0.361     0.361
    2          inf   4.1328e+07   3.4335e+05    686    343   343      0      0      0      0   0.020   0.002   0.000   0.023     0.384
    3          inf   4.1328e+07   3.4173e+06    686    343   338      0      0      0      0   0.021   0.002   0.000   0.024     0.408
    4          inf   4.1328e+07   2.6022e+07    686    344   167      0      0      1      0   0.022   0.002   0.000   0.025     0.432
    5          inf   4.1328e+07   4.6211e+07    709    593    16     23      0    249      0   0.027   0.001   0.000   0.029     0.462
    6          inf   4.1328e+07   1.0110e+08    982    596   174    275      2      3      0   0.084   0.001   0.000   0.086     0.548
    7          inf   4.1328e+07   2.2001e+08   1241    617   132    259      0     21      0   0.086   0.001   0.000   0.088     0.636
    8          inf   4.1328e+07   1.7693e+08   1520    665    67    279      0     48      0   0.100   0.001   0.000   0.102     0.737
    9          inf   4.1328e+07   6.3109e+07   1807    708    28    287      0     43      0   0.113   0.001   0.000   0.115     0.853
   10          inf   4.1328e+07   4.1842e+07   2066    739     0    260      1     31      0   0.158   0.001   0.001   0.161     1.014
   11          inf   4.1522e+07   4.1783e+07   2292    751     0    238     12     12      0   0.130   0.001   0.000   0.132     1.146
   12          inf   4.1609e+07   4.1757e+07   2499    767     0    221     14     16      0   0.129   0.001   0.000   0.132     1.278
   13          inf   4.1641e+07   4.1740e+07   2678    772     0    203     24      5      0   0.129   0.001   0.000   0.131     1.409
   14          inf   4.1661e+07   4.1729e+07   2822    777     0    187     43      5      0   0.129   0.002   0.000   0.131     1.540
   15          inf   4.1678e+07   4.1722e+07   2910    781     0    174     86      4      0   0.144   0.001   0.001   0.148     1.688
   16          inf   4.1690e+07   4.1717e+07   3022    782     0    148     36      1      0   0.137   0.001   0.000   0.139     1.827
   17          inf   4.1696e+07   4.1714e+07   3124    785     0    136     34      3      0   0.139   0.001   0.000   0.141     1.968
   18          inf   4.1703e+07   4.1712e+07   3224    786     0    112     12      1      0   0.134   0.001   0.000   0.136     2.105
   19          inf   4.1706e+07   4.1711e+07   3305    787     0     94     13      1      0   0.161   0.001   0.000   0.163     2.268
   20   4.1711e+07   4.1709e+07   4.1711e+07   3305    787     0    *63      0      0      0   0.148   0.001   0.000   0.150     2.417
CG optimal after 20 iterations. UB=41711368.799269 LB=41708803.681077 gap=2.565e+03 tol=4.171e+03  t_LP=2.371  t_PR=0.033  t_SP=0.008  t_Tot=2.421

# === STDOUT (result CSV) ===
instance,formulation,iterations,columns,objective,lower_bound,optimal,time,time_lp,time_pricing,time_separation
/home/simon/code/my/mcfcg/data/commalab/grid/grid8,tree,20,2962,41711368.799269,41708803.681077,1,2.429,2.371,0.033,0.008
