# cmd: /home/simon/code/my/mcfcg/build/mcfcg_cli /home/simon/code/my/mcfcg/data/commalab/grid/grid6 --solver cuopt --formulation tree --max-iters 10000 --time-limit 7200.0
# outcome: ok
# returncode: 0
# === STDERR (CG iteration log + preamble) ===
Instance: 225 vertices, 840 arcs, 200 commodities, 135 sources
Pricing threads: 32 (auto)
Slack mode: CommodityRows (struct=135, capped_arcs=840)
   It           UB           LB       LP_obj   #col   #row  #slk   +col   -col   +cut   -cut    t_LP    t_PR    t_SP   t_Tot     t_acc
    1          inf   1.0284e+07   1.3588e+04    270    135   135      0      0      0      0   0.357   0.000   0.000   0.357     0.357
    2          inf   1.0284e+07   1.3508e+05    270    135   135      0      0      0      0   0.022   0.000   0.000   0.022     0.379
    3          inf   1.0284e+07   1.3338e+06    270    135   130      0      0      0      0   0.021   0.000   0.000   0.022     0.401
    4          inf   1.0284e+07   8.2519e+06    270    159    35      0      0     24      0   0.025   0.000   0.000   0.025     0.426
    5          inf   1.0284e+07   1.6279e+07    352    202    63     82      0     43      0   0.055   0.000   0.000   0.055     0.481
    6          inf   1.0284e+07   4.6168e+07    448    214    59     97      1     12      0   0.048   0.000   0.000   0.049     0.530
    7          inf   1.0284e+07   4.8666e+07    549    233    38    101      0     19      0   0.058   0.000   0.000   0.058     0.589
    8          inf   1.0284e+07   1.4306e+07    644    255     9     95      0     22      0   0.061   0.000   0.000   0.062     0.651
    9          inf   1.0284e+07   1.2128e+07    732    266     1     88      0     11      0   0.070   0.000   0.000   0.071     0.722
   10          inf   1.0334e+07   1.0425e+07    811    274     0     85      6      8      0   0.063   0.000   0.000   0.063     0.785
   11          inf   1.0376e+07   1.0415e+07    875    276     0     77     13      2      0   0.066   0.000   0.000   0.067     0.852
   12          inf   1.0380e+07   1.0408e+07    916    279     0     64     23      3      0   0.064   0.000   0.000   0.065     0.917
   13          inf   1.0389e+07   1.0406e+07    949    280     0     57     24      1      0   0.065   0.000   0.000   0.065     0.982
   14          inf   1.0392e+07   1.0404e+07    953    283     0     51     47      3      0   0.067   0.000   0.000   0.068     1.050
   15          inf   1.0398e+07   1.0402e+07    937    287     0     30     46      4      0   0.067   0.000   0.000   0.068     1.118
   16   1.0402e+07   1.0399e+07   1.0402e+07    898    287     0     31     70      0      0   0.067   0.000   0.000   0.068     1.186
   17   1.0402e+07   1.0400e+07   1.0402e+07    898    287     0     21     21      0      0   0.067   0.000   0.000   0.068     1.254
   18   1.0402e+07   1.0401e+07   1.0402e+07    898    287     0     *9      0      0      0   0.070   0.000   0.000   0.070     1.324
CG optimal after 18 iterations. UB=10401708.409427 LB=10401068.905909 gap=6.395e+02 tol=1.040e+03  t_LP=1.313  t_PR=0.006  t_SP=0.003  t_Tot=1.326

# === STDOUT (result CSV) ===
instance,formulation,iterations,columns,objective,lower_bound,optimal,time,time_lp,time_pricing,time_separation
/home/simon/code/my/mcfcg/data/commalab/grid/grid6,tree,18,763,10401708.409427,10401068.905909,1,1.332,1.313,0.006,0.003
