# cmd: /home/simon/code/my/mcfcg/build/mcfcg_cli /home/simon/code/my/mcfcg/data/commalab/grid/grid9 --solver cuopt --formulation path --max-iters 10000 --time-limit 7200.0
# outcome: ok
# returncode: 0
# === STDERR (CG iteration log + preamble) ===
Instance: 625 vertices, 2400 arcs, 1000 commodities, 495 sources
Pricing threads: 32 (auto)
Slack mode: CommodityRows (struct=1000, capped_arcs=2400)
   It           UB           LB       LP_obj   #col   #row  #slk   +col   -col   +cut   -cut    t_LP    t_PR    t_SP   t_Tot     t_acc
    1          inf   8.1702e+07   5.6336e+06   2000   1000   997      0      0      0      0   0.380   0.003   0.000   0.384     0.384
    2          inf   8.1702e+07   5.0596e+07   2000   1000   723      0      0      0      0   0.032   0.003   0.000   0.035     0.419
    3          inf   8.1702e+07   8.1702e+07   2000   1327     8      0      0    327      0   0.032   0.003   0.001   0.036     0.454
    4          inf   8.1702e+07   2.0750e+08   2745   1327   396    745      0      0      0   0.115   0.001   0.001   0.118     0.572
    5          inf   8.1702e+07   5.1136e+08   3505   1352   314    760      0     25      0   0.169   0.002   0.000   0.172     0.745
    6          inf   8.1702e+07   3.4248e+08   4262   1425   183    757      0     73      0   0.166   0.001   0.000   0.169     0.913
    7          inf   8.1702e+07   1.2484e+08   5051   1474    69    789      0     49      0   0.156   0.002   0.000   0.159     1.072
    8          inf   8.1932e+07   8.2861e+07   5716   1519     2    665      0     45      0   0.181   0.002   0.001   0.184     1.256
    9          inf   8.2330e+07   8.2778e+07   6345   1535     0    629      0     30     14   0.191   0.002   0.000   0.194     1.450
   10          inf   8.2507e+07   8.2722e+07   6895   1543     0    550      0      8      0   0.186   0.002   0.000   0.189     1.639
   11          inf   8.2560e+07   8.2692e+07   7404   1549     0    509      0      6      0   0.189   0.001   0.000   0.191     1.830
   12          inf   8.2601e+07   8.2676e+07   7783   1559     0    379      0     12      2   0.201   0.002   0.000   0.203     2.033
   13          inf   8.2621e+07   8.2663e+07   8136   1561     0    353      0      3      1   0.197   0.002   0.000   0.200     2.233
   14          inf   8.2638e+07   8.2656e+07   8389   1539     0    257      4      2     24   0.176   0.002   0.000   0.180     2.413
   15   8.2654e+07   8.2646e+07   8.2654e+07   8389   1539     0   *237      0      0      0   0.192   0.002   0.000   0.194     2.607
CG optimal after 15 iterations. UB=82654133.389522 LB=82646284.580126 gap=7.849e+03 tol=8.265e+03  t_LP=2.564  t_PR=0.032  t_SP=0.006  t_Tot=2.613

# === STDOUT (result CSV) ===
instance,formulation,iterations,columns,objective,lower_bound,optimal,time,time_lp,time_pricing,time_separation
/home/simon/code/my/mcfcg/data/commalab/grid/grid9,path,15,7389,82654133.389522,82646284.580126,1,2.621,2.564,0.032,0.006
