# cmd: /home/simon/code/my/mcfcg/build/mcfcg_cli /home/simon/code/my/mcfcg/data/commalab/grid/grid4 --solver cuopt --formulation tree --max-iters 10000 --time-limit 7200.0
# outcome: ok
# returncode: 0
# === STDERR (CG iteration log + preamble) ===
Instance: 100 vertices, 360 arcs, 100 commodities, 63 sources
Pricing threads: 32 (auto)
Slack mode: CommodityRows (struct=63, capped_arcs=360)
   It           UB           LB       LP_obj   #col   #row  #slk   +col   -col   +cut   -cut    t_LP    t_PR    t_SP   t_Tot     t_acc
    1          inf   3.0156e+06   6.3214e+03    126     63    63      0      0      0      0   0.357   0.000   0.000   0.357     0.357
    2          inf   3.0156e+06   6.3023e+04    126     63    63      0      0      0      0   0.018   0.000   0.000   0.019     0.376
    3          inf   3.0156e+06   6.1061e+05    126     63    57      0      0      0      0   0.021   0.000   0.000   0.022     0.398
    4          inf   3.0156e+06   2.8543e+06    126     79     5      0      0     16      0   0.019   0.000   0.000   0.019     0.417
    5          inf   3.0156e+06   3.3182e+06    160     88    12     34      0      9      0   0.029   0.000   0.000   0.029     0.446
    6          inf   3.0156e+06   4.7878e+06    197     90    13     37      0      2      0   0.031   0.000   0.000   0.032     0.477
    7          inf   3.0156e+06   3.7998e+06    225     95     6     28      0      5      0   0.035   0.000   0.000   0.035     0.513
    8          inf   3.0156e+06   3.0828e+06    253    101     1     28      0      6      0   0.040   0.000   0.000   0.040     0.553
    9          inf   3.0257e+06   3.0332e+06    272    103     0     19      0      2      0   0.041   0.000   0.000   0.041     0.594
   10   3.0326e+06   3.0301e+06   3.0326e+06    279    103     0      8      1      0      0   0.042   0.000   0.000   0.042     0.637
   11   3.0323e+06   3.0307e+06   3.0323e+06    284    103     0      8      3      0      0   0.044   0.000   0.000   0.044     0.680
   12   3.0323e+06   3.0317e+06   3.0317e+06    270    103     0      3     17      1      1   0.044   0.000   0.000   0.044     0.725
   13   3.0317e+06   3.0317e+06   3.0317e+06    270    103     0     *2      0      0      0   0.047   0.000   0.000   0.047     0.772
CG optimal after 13 iterations. UB=3031695.207469 LB=3031691.418879 gap=3.789e+00 tol=3.032e+02  t_LP=0.768  t_PR=0.004  t_SP=0.000  t_Tot=0.773

# === STDOUT (result CSV) ===
instance,formulation,iterations,columns,objective,lower_bound,optimal,time,time_lp,time_pricing,time_separation
/home/simon/code/my/mcfcg/data/commalab/grid/grid4,tree,13,207,3031695.207469,3031691.418879,1,0.780,0.768,0.004,0.000
