# cmd: /home/simon/code/my/mcfcg/build/mcfcg_cli /home/simon/code/my/mcfcg/data/commalab/grid/grid2 --solver copt --formulation path --max-iters 10000 --time-limit 7200.0
# outcome: ok
# returncode: 0
# === STDERR (CG iteration log + preamble) ===
Instance: 25 vertices, 80 arcs, 100 commodities, 25 sources
Pricing threads: 32 (auto)
Slack mode: EdgeRows (struct=100, capped_arcs=80)
   It           UB           LB       LP_obj   #col   #row  #slk   +col   -col   +cut   -cut    t_LP    t_PR    t_SP   t_Tot     t_acc
    1          inf   1.6769e+06   1.6769e+06    117    117     0      0      0     17      0   0.244   0.000   0.000   0.244     0.244
    2          inf   1.6769e+06   2.0390e+06    177    117    17     60      0      0      0   0.070   0.000   0.000   0.071     0.315
    3          inf   1.6845e+06   1.7041e+06    203    125     0     18      0      8      0   0.058   0.001   0.000   0.059     0.373
    4          inf   1.6845e+06   1.7347e+06    246    132     2     36      0      7      0   0.059   0.000   0.000   0.059     0.433
    5          inf   1.7029e+06   1.7055e+06    254    136     0      4      0      4      0   0.061   0.000   0.000   0.061     0.494
    6          inf   1.7029e+06   1.7063e+06    264    137     0      9      0      1      0   0.059   0.000   0.000   0.060     0.554
    7   1.7054e+06   1.7052e+06   1.7054e+06    270    137     0      6      0      0      0   0.061   0.000   0.000   0.061     0.614
    8   1.7054e+06   1.7054e+06   1.7054e+06    270    137     0     *0      0      0      0   0.061   0.000   0.000   0.061     0.676
CG optimal after 8 iterations. UB=1705378.000000 LB=1705376.105300 gap=1.895e+00 tol=1.705e+02  t_LP=0.673  t_PR=0.003  t_SP=0.000  t_Tot=0.677

# === STDOUT (result CSV) ===
Setting parameter 'LpMethod' to 2
Setting parameter 'GPUMode' to 2
Setting parameter 'Presolve' to 0
Setting parameter 'Crossover' to 0
instance,formulation,iterations,columns,objective,lower_bound,optimal,time,time_lp,time_pricing,time_separation
/home/simon/code/my/mcfcg/data/commalab/grid/grid2,path,8,233,1705378.000000,1705376.105300,1,0.693,0.673,0.003,0.000
