# cmd: /home/simon/code/my/mcfcg/build/mcfcg_cli /home/simon/code/my/mcfcg/data/commalab/grid/grid15 --solver copt --formulation tree --max-iters 10000 --time-limit 7200.0
# outcome: ok
# returncode: 0
# === STDERR (CG iteration log + preamble) ===
Instance: 1225 vertices, 4760 arcs, 32000 commodities, 1225 sources
Pricing threads: 32 (auto)
Slack mode: CommodityRows (struct=1225, capped_arcs=4760)
   It           UB           LB       LP_obj   #col   #row  #slk   +col   -col   +cut   -cut    t_LP    t_PR    t_SP   t_Tot     t_acc
    1          inf   3.5815e+09   1.2250e+05   2450   1225  1225      0      0      0      0   0.264   0.021   0.001   0.286     0.286
    2          inf   3.5815e+09   1.2250e+06   2450   1225  1225      0      0      0      0   0.088   0.022   0.001   0.111     0.397
    3          inf   3.5815e+09   1.2250e+07   2450   1225  1225      0      0      0      0   0.078   0.023   0.001   0.102     0.499
    4          inf   3.5815e+09   1.2250e+08   2450   1225  1225      0      0      0      0   0.060   0.021   0.001   0.082     0.582
    5          inf   3.5815e+09   1.2248e+09   2450   1225  1223      0      0      0      0   0.064   0.016   0.001   0.081     0.662
    6          inf   3.5815e+09   3.5815e+09   2450   1483     0      0      0    258      0   0.064   0.020   0.001   0.086     0.748
    7          inf   3.5815e+09   7.2061e+09   3675   1483   561   1225      0      0      0   0.236   0.013   0.001   0.256     1.004
    8          inf   3.5815e+09   1.0864e+10   4900   1484   606   1225      0      1      0   0.289   0.011   0.001   0.308     1.312
    9          inf   3.5815e+09   2.2924e+10   6125   1496   294   1225      0     12      0   0.305   0.013   0.002   0.328     1.639
   10          inf   3.5815e+09   2.1194e+10   7350   1509   189   1225      0     13      0   0.371   0.011   0.001   0.393     2.032
   11          inf   3.5815e+09   8.4827e+09   8575   1528    52   1225      0     19      0   0.424   0.012   0.001   0.446     2.478
   12          inf   3.5815e+09   3.6020e+09   9585   1429     0   1225    215     21    120   0.644   0.008   0.003   0.678     3.156
   13          inf   3.5853e+09   3.5994e+09  10229   1440     0   1225    581     14      3   0.342   0.011   0.003   0.374     3.530
   14          inf   3.5884e+09   3.5977e+09  10706   1456     0   1225    748     17      1   0.396   0.011   0.003   0.432     3.962
   15          inf   3.5884e+09   3.5969e+09  11080   1457     0   1225    851      5      4   0.412   0.010   0.004   0.448     4.410
   16          inf   3.5905e+09   3.5961e+09  11307   1457     0   1225    998      4      4   0.448   0.011   0.003   0.485     4.895
   17          inf   3.5914e+09   3.5954e+09  11027   1452     0   1225   1505      2      7   0.452   0.010   0.003   0.488     5.382
   18          inf   3.5919e+09   3.5949e+09  10683   1442     0   1223   1567      2     12   0.434   0.011   0.003   0.470     5.852
   19          inf   3.5919e+09   3.5944e+09  10692   1435     0   1225   1216      7     14   0.444   0.011   0.004   0.481     6.333
   20          inf   3.5924e+09   3.5941e+09  10759   1437     0   1222   1155      5      3   0.378   0.011   0.004   0.414     6.747
   21          inf   3.5927e+09   3.5939e+09  10672   1436     0   1225   1312      4      5   0.412   0.011   0.003   0.449     7.196
   22          inf   3.5931e+09   3.5938e+09  10678   1436     0   1219   1213      4      4   0.423   0.011   0.003   0.460     7.656
   23          inf   3.5932e+09   3.5937e+09  10725   1433     0   1219   1172      1      4   0.427   0.011   0.004   0.463     8.119
   24          inf   3.5932e+09   3.5936e+09  10752   1432     0   1211   1184      1      2   0.382   0.012   0.004   0.421     8.539
   25          inf   3.5934e+09   3.5936e+09  10715   1431     0   1204   1241      3      4   0.411   0.012   0.003   0.448     8.988
   26          inf   3.5934e+09   3.5935e+09  10641   1429     0   1167   1241      1      3   0.429   0.010   0.003   0.464     9.452
   27   3.5935e+09   3.5935e+09   3.5935e+09  10641   1429     0  *1188      0      0      0   0.384   0.012   0.003   0.399     9.851
CG optimal after 27 iterations. UB=3593524417.115293 LB=3593491656.138134 gap=3.276e+04 tol=3.594e+05  t_LP=9.061  t_PR=0.376  t_SP=0.065  t_Tot=9.872

# === STDOUT (result CSV) ===
Setting parameter 'LpMethod' to 2
Setting parameter 'GPUMode' to 2
Setting parameter 'Presolve' to 0
Setting parameter 'Crossover' to 0
instance,formulation,iterations,columns,objective,lower_bound,optimal,time,time_lp,time_pricing,time_separation
/home/simon/code/my/mcfcg/data/commalab/grid/grid15,tree,27,9416,3593524417.115293,3593491656.138134,1,9.916,9.061,0.376,0.065
