# cmd: /home/simon/code/my/mcfcg/build/mcfcg_cli /home/simon/code/my/mcfcg/data/commalab/grid/grid11 --solver copt --formulation path --max-iters 10000 --time-limit 7200.0
# outcome: ok
# returncode: 0
# === STDERR (CG iteration log + preamble) ===
Instance: 625 vertices, 2400 arcs, 4000 commodities, 625 sources
Pricing threads: 32 (auto)
Slack mode: EdgeRows (struct=4000, capped_arcs=2400)
   It           UB           LB       LP_obj   #col   #row  #slk   +col   -col   +cut   -cut    t_LP    t_PR    t_SP   t_Tot     t_acc
    1          inf   3.2684e+08   3.2684e+08   4241   4241     0      0      0    241      0   0.258   0.005   0.002   0.265     0.265
    2          inf   3.2684e+08   3.9001e+08   7583   4241   241   3342      0      0      0   0.132   0.003   0.000   0.136     0.401
    3          inf   3.2704e+08   3.3040e+08   9985   4365     0   2278      0    124      0   0.147   0.002   0.001   0.151     0.552
    4          inf   3.2704e+08   3.3108e+08  12798   4383     7   2795      0     18      0   0.245   0.002   0.001   0.250     0.802
    5          inf   3.2825e+08   3.2984e+08  15087   4403     0   2269      0     20      0   0.272   0.002   0.001   0.278     1.080
    6          inf   3.2870e+08   3.2952e+08  17060   4421     0   1955      0     18      0   0.248   0.002   0.001   0.254     1.334
    7          inf   3.2899e+08   3.2939e+08  18621   4430     0   1552      0      9      0   0.276   0.002   0.002   0.282     1.616
    8          inf   3.2916e+08   3.2931e+08  18028   4361     0   1105   1629      4     73   0.326   0.002   0.002   0.336     1.952
    9          inf   3.2921e+08   3.2927e+08  17037   4318     0    747   1695      7     50   0.264   0.002   0.002   0.274     2.227
   10          inf   3.2924e+08   3.2926e+08  14522   4308     0    499   3004      4     14   0.239   0.002   0.001   0.249     2.475
   11          inf   3.2925e+08   3.2926e+08  12661   4298     0    360   2211      3     13   0.219   0.002   0.001   0.228     2.703
   12          inf   3.2926e+08   3.2926e+08  11187   4292     0    149   1617      1      7   0.229   0.002   0.001   0.236     2.938
   13          inf   3.2926e+08   3.2926e+08  10116   4283     0     60   1122      2     11   0.209   0.002   0.001   0.216     3.154
   14          inf   3.2926e+08   3.2926e+08   9493   4274     0      4    618      1     10   0.233   0.002   0.001   0.239     3.393
   15          inf   3.2926e+08   3.2926e+08   9494   4275     0      0      0      1      0   0.208   0.004   0.001   0.213     3.606
   16   3.2926e+08   3.2926e+08   3.2926e+08   9494   4275     0     *0      0      0      0   0.198   0.004   0.000   0.203     3.809
CG optimal after 16 iterations. UB=329258288.882180 LB=329257909.714968 gap=3.792e+02 tol=3.293e+04  t_LP=3.703  t_PR=0.048  t_SP=0.018  t_Tot=3.817

# === STDOUT (result CSV) ===
Setting parameter 'LpMethod' to 2
Setting parameter 'GPUMode' to 2
Setting parameter 'Presolve' to 0
Setting parameter 'Crossover' to 0
instance,formulation,iterations,columns,objective,lower_bound,optimal,time,time_lp,time_pricing,time_separation
/home/simon/code/my/mcfcg/data/commalab/grid/grid11,path,16,9219,329258288.882180,329257909.714968,1,3.844,3.703,0.048,0.018
