# cmd: /home/simon/code/my/mcfcg/build/mcfcg_cli /home/simon/code/my/mcfcg/data/commalab/grid/grid15 --solver cuopt --formulation tree --max-iters 10000 --time-limit 7200.0
# outcome: ok
# returncode: 0
# === STDERR (CG iteration log + preamble) ===
Instance: 1225 vertices, 4760 arcs, 32000 commodities, 1225 sources
Pricing threads: 32 (auto)
Slack mode: CommodityRows (struct=1225, capped_arcs=4760)
   It           UB           LB       LP_obj   #col   #row  #slk   +col   -col   +cut   -cut    t_LP    t_PR    t_SP   t_Tot     t_acc
    1          inf   3.5815e+09   3.0182e+05   2450   1225  1225      0      0      0      0   0.373   0.025   0.001   0.400     0.400
    2          inf   3.5815e+09   1.4065e+06   2450   1225  1225      0      0      0      0   0.022   0.024   0.001   0.047     0.447
    3          inf   3.5815e+09   1.2450e+07   2450   1225  1225      0      0      0      0   0.022   0.021   0.001   0.043     0.490
    4          inf   3.5815e+09   1.2273e+08   2450   1225  1225      0      0      0      0   0.026   0.019   0.001   0.046     0.536
    5          inf   3.5815e+09   1.2248e+09   2450   1225  1223      0      0      0      0   0.029   0.018   0.001   0.048     0.584
    6          inf   3.5815e+09   3.5816e+09   2450   1483     0      0      0    258      0   0.028   0.017   0.003   0.047     0.631
    7          inf   3.5815e+09   7.2061e+09   3675   1483   563   1225      0      0      0   0.154   0.012   0.001   0.174     0.805
    8          inf   3.5815e+09   5.7363e+09   4900   1489   348   1225      0      6      0   0.177   0.013   0.001   0.199     1.004
    9          inf   3.5815e+09   4.8170e+09   6125   1496   207   1225      0      7      0   1.099   0.014   0.002   1.122     2.126
   10          inf   3.5815e+09   4.0734e+09   7350   1523    87   1225      0     27      0   1.123   0.013   0.003   1.145     3.271
   11          inf   3.5815e+09   3.6212e+09   8575   1554     4   1225      0     31      0   1.816   0.013   0.003   1.839     5.110
   12          inf   3.5815e+09   3.6013e+09   9798   1557     0   1225      2      3      0   1.116   0.010   0.003   1.139     6.249
   13          inf   3.5875e+09   3.5990e+09  11023   1558     0   1225      0      1      0   0.842   0.013   0.003   0.864     7.113
   14          inf   3.5875e+09   3.5974e+09  12248   1560     0   1225      0      2      0   0.803   0.014   0.004   0.826     7.940
   15   3.5963e+09   3.5899e+09   3.5963e+09  13473   1560     0   1225      0      0      0   0.865   0.013   0.004   0.889     8.829
   16   3.5963e+09   3.5908e+09   3.5955e+09  14697   1561     0   1225      1      1      0   0.883   0.013   0.004   0.914     9.743
   17   3.5949e+09   3.5918e+09   3.5949e+09  15920   1561     0   1225      2      0      0   0.978   0.013   0.003   1.008    10.751
   18   3.5945e+09   3.5925e+09   3.5945e+09  17143   1561     0   1223      0      0      0   1.009   0.008   0.003   1.025    11.777
   19   3.5945e+09   3.5925e+09   3.5941e+09  18363   1564     0   1224      4      3      0   1.096   0.012   0.004   1.127    12.904
   20   3.5945e+09   3.5927e+09   3.5939e+09  19586   1565     0   1223      0      1      0   1.119   0.012   0.004   1.141    14.045
   21   3.5945e+09   3.5931e+09   3.5938e+09  20806   1568     0   1220      0      3      0   1.143   0.013   0.004   1.167    15.213
   22   3.5937e+09   3.5932e+09   3.5937e+09  22010   1568     0   1204      0      0      0   1.384   0.013   0.004   1.408    16.620
   23   3.5937e+09   3.5934e+09   3.5936e+09  22010   1570     0  *1200      0      2      0   1.332   0.014   0.004   1.350    17.971
CG optimal after 23 iterations. UB=3593690429.386726 LB=3593362858.689907 gap=3.276e+05 tol=3.594e+05  t_LP=17.440  t_PR=0.358  t_SP=0.059  t_Tot=17.994

# === STDOUT (result CSV) ===
instance,formulation,iterations,columns,objective,lower_bound,optimal,time,time_lp,time_pricing,time_separation
/home/simon/code/my/mcfcg/data/commalab/grid/grid15,tree,23,20785,3593690429.386726,3593362858.689907,1,18.007,17.440,0.358,0.059
