# cmd: /home/simon/code/my/mcfcg/build/mcfcg_cli /home/simon/code/my/mcfcg/data/commalab/grid/grid2 --solver cuopt --formulation path --max-iters 10000 --time-limit 7200.0
# outcome: ok
# returncode: 0
# === STDERR (CG iteration log + preamble) ===
Instance: 25 vertices, 80 arcs, 100 commodities, 25 sources
Pricing threads: 32 (auto)
Slack mode: EdgeRows (struct=100, capped_arcs=80)
   It           UB           LB       LP_obj   #col   #row  #slk   +col   -col   +cut   -cut    t_LP    t_PR    t_SP   t_Tot     t_acc
    1          inf   1.6769e+06   1.6769e+06    117    117     0      0      0     17      0   0.366   0.000   0.000   0.366     0.366
    2          inf   1.6769e+06   2.0390e+06    177    117    17     60      0      0      0   0.065   0.000   0.000   0.065     0.431
    3          inf   1.6845e+06   1.7041e+06    203    125     0     18      0      8      0   0.061   0.000   0.000   0.061     0.492
    4          inf   1.6845e+06   1.7347e+06    246    132     2     36      0      7      0   0.033   0.001   0.000   0.034     0.526
    5          inf   1.7031e+06   1.7055e+06    256    136     0      6      0      4      0   0.036   0.000   0.000   0.036     0.562
    6          inf   1.7031e+06   1.7063e+06    266    137     0      9      0      1      0   0.035   0.000   0.000   0.036     0.598
    7   1.7054e+06   1.7052e+06   1.7054e+06    272    137     0      6      0      0      0   0.037   0.000   0.000   0.038     0.635
    8   1.7054e+06   1.7054e+06   1.7054e+06    272    137     0     *0      0      0      0   0.037   0.000   0.000   0.037     0.673
CG optimal after 8 iterations. UB=1705378.014320 LB=1705376.104464 gap=1.910e+00 tol=1.705e+02  t_LP=0.670  t_PR=0.003  t_SP=0.000  t_Tot=0.674

# === STDOUT (result CSV) ===
instance,formulation,iterations,columns,objective,lower_bound,optimal,time,time_lp,time_pricing,time_separation
/home/simon/code/my/mcfcg/data/commalab/grid/grid2,path,8,235,1705378.014320,1705376.104464,1,0.681,0.670,0.003,0.000
