# cmd: /home/simon/code/my/mcfcg/build/mcfcg_cli /home/simon/code/my/mcfcg/data/intermodal/SBT-18765-0.txt.gz --solver copt --formulation path --max-iters 10000 --strategy pricer-heavy --time-limit 7200.0
# outcome: ok
# returncode: 0
# === STDERR (CG iteration log + preamble) ===
Instance: 188487 vertices, 1782614 arcs, 18745 commodities, 18745 sources
Pricing threads: 32 (auto)
Slack mode: CommodityRows (struct=18745, capped_arcs=1535594)
   It           UB           LB       LP_obj   #col   #row  #slk   +col   -col   +cut   -cut    t_LP    t_PR    t_SP   t_Tot     t_acc
    1          inf         -inf   4.7848e+05  37490  18814   327      0      0     69      0   0.396   0.000   0.126   0.523     0.523
    2          inf         -inf   4.8278e+05  38151  18814   549    661      0      0      0   0.088   0.158   0.120   0.368     0.891
    3          inf         -inf   4.8145e+05  38151  18831    12      0      0     17      0   0.081   0.000   0.120   0.202     1.092
    4          inf         -inf   4.8156e+05  38151  18832    25      0      0      1      0   0.085   0.000   0.120   0.206     1.299
    5          inf         -inf   4.8165e+05  38172  18832    30     21      0      0      0   0.077   0.048   0.121   0.247     1.545
    6          inf   4.7013e+05   4.8629e+05  38421  18832    27    249      0      0      0   0.078   2.044   0.121   2.244     3.789
    7   4.8111e+05   4.8106e+05   4.8111e+05  38432  18815     0     11      0      0     17   0.079   1.962   0.122   2.163     5.952
    8   4.8111e+05   4.8106e+05   4.8111e+05  38432  18816     0      0      0      1      0   0.078   0.000   0.122   0.201     6.153
    9   4.8111e+05   4.8107e+05   4.8111e+05  38432  18816     0     *7      0      0      0   0.078   1.997   0.122   2.197     8.349
CG optimal after 9 iterations. UB=481107.500187 LB=481069.624949 gap=3.788e+01 tol=4.811e+01  t_LP=1.040  t_PR=8.259  t_SP=1.093  t_Tot=10.400

# === STDOUT (result CSV) ===
Setting parameter 'LpMethod' to 2
Setting parameter 'GPUMode' to 2
Setting parameter 'Presolve' to 0
Setting parameter 'Crossover' to 0
instance,formulation,iterations,columns,objective,lower_bound,optimal,time,time_lp,time_pricing,time_separation
/home/simon/code/my/mcfcg/data/intermodal/SBT-18765-0.txt.gz,path,9,19687,481107.500187,481069.624949,1,10.865,1.040,8.259,1.093
