# cmd: /home/simon/code/my/mcfcg/build/mcfcg_cli /home/simon/code/my/mcfcg/data/intermodal/SBT-56295-0.txt.gz --solver copt --formulation path --max-iters 10000 --strategy pricer-heavy --time-limit 7200.0
# outcome: ok
# returncode: 0
# === STDERR (CG iteration log + preamble) ===
Instance: 263559 vertices, 4725174 arcs, 56269 commodities, 56269 sources
Pricing threads: 32 (auto)
Slack mode: CommodityRows (struct=56269, capped_arcs=4478154)
   It           UB           LB       LP_obj   #col   #row  #slk   +col   -col   +cut   -cut    t_LP    t_PR    t_SP   t_Tot     t_acc
    1          inf         -inf   1.4398e+06 112538  56332   974      0      0     63      0   0.523   0.000   0.350   0.875     0.875
    2          inf         -inf   1.4541e+06 114364  56332  1658   1826      0      0      0   0.098   0.870   0.343   1.315     2.190
    3          inf         -inf   1.4482e+06 114364  56349     7      0      0     17      0   0.108   0.000   0.356   0.466     2.656
    4          inf         -inf   1.4484e+06 114364  56351    42      0      0      2      0   0.111   0.000   0.340   0.453     3.109
    5          inf         -inf   1.4484e+06 114416  56351    42     52      0      0      0   0.116   0.152   0.344   0.612     3.722
    6          inf   1.4445e+06   1.4488e+06 114987  56351    45    571      0      0      0   0.112  14.896   0.339  15.349    19.070
    7          inf   1.4445e+06   1.4479e+06 114987  56352     0      0      0      1      0   0.120   0.000   0.358   0.481    19.551
    8   1.4479e+06   1.4445e+06   1.4479e+06 115020  56311     0     33      0      0     41   0.114   0.155   0.358   0.630    20.181
    9   1.4479e+06   1.4445e+06   1.4479e+06 115020  56317     0      0      0      6      0   0.107   0.000   0.347   0.456    20.637
   10   1.4479e+06   1.4477e+06   1.4479e+06 115020  56317     0    *30      0      0      0   0.109  15.011   0.345  15.465    36.102
CG optimal after 10 iterations. UB=1447869.000000 LB=1447747.227038 gap=1.218e+02 tol=1.448e+02  t_LP=1.518  t_PR=46.073  t_SP=3.480  t_Tot=51.094

# === STDOUT (result CSV) ===
Setting parameter 'LpMethod' to 2
Setting parameter 'GPUMode' to 2
Setting parameter 'Presolve' to 0
Setting parameter 'Crossover' to 0
instance,formulation,iterations,columns,objective,lower_bound,optimal,time,time_lp,time_pricing,time_separation
/home/simon/code/my/mcfcg/data/intermodal/SBT-56295-0.txt.gz,path,10,58751,1447869.000000,1447747.227038,1,52.261,1.518,46.073,3.480
