# cmd: /home/simon/code/my/mcfcg/build/mcfcg_cli /home/simon/code/my/mcfcg/data/intermodal/SBT-6255-0.txt.gz --solver cuopt --formulation path --max-iters 10000 --strategy pricer-heavy --time-limit 7200.0
# outcome: ok
# returncode: 0
# === STDERR (CG iteration log + preamble) ===
Instance: 163487 vertices, 809375 arcs, 6251 commodities, 6251 sources
Pricing threads: 32 (auto)
Slack mode: CommodityRows (struct=6251, capped_arcs=562355)
   It           UB           LB       LP_obj   #col   #row  #slk   +col   -col   +cut   -cut    t_LP    t_PR    t_SP   t_Tot     t_acc
    1          inf         -inf   1.5957e+05  12502   6351   120      0      0    100      0   0.390   0.000   0.060   0.450     0.450
    2          inf         -inf   1.6193e+05  12842   6351   241    340      0      0      0   0.081   0.054   0.061   0.198     0.648
    3          inf         -inf   1.6080e+05  12842   6369     6      0      0     18      0   0.104   0.000   0.060   0.164     0.813
    4          inf         -inf   1.6086e+05  12842   6370    13      0      0      1      0   0.084   0.000   0.062   0.146     0.959
    5          inf         -inf   1.6086e+05  12849   6370    13      7      0      0      0   0.057   0.027   0.061   0.146     1.105
    6          inf   1.5653e+05   1.6287e+05  12995   6370    12    146      0      0      0   0.058   0.388   0.057   0.503     1.608
    7          inf   1.5653e+05   1.6061e+05  12995   6376     0      0      0      6      0   0.054   0.000   0.058   0.112     1.720
    8   1.6061e+05   1.6059e+05   1.6061e+05  12995   6376     0     *1      0      0      0   0.054   0.398   0.059   0.510     2.230
CG optimal after 8 iterations. UB=160606.003575 LB=160593.791389 gap=1.221e+01 tol=1.606e+01  t_LP=0.882  t_PR=1.283  t_SP=0.477  t_Tot=2.647

# === STDOUT (result CSV) ===
instance,formulation,iterations,columns,objective,lower_bound,optimal,time,time_lp,time_pricing,time_separation
/home/simon/code/my/mcfcg/data/intermodal/SBT-6255-0.txt.gz,path,8,6744,160606.003575,160593.791389,1,2.836,0.882,1.283,0.477
