# cmd: /home/simon/code/my/mcfcg/build/mcfcg_cli /home/simon/code/my/mcfcg/data/intermodal/SBT-18765-0.txt.gz --solver copt --formulation tree --max-iters 10000 --strategy pricer-heavy --time-limit 7200.0
# outcome: ok
# returncode: 0
# === STDERR (CG iteration log + preamble) ===
Instance: 188487 vertices, 1782614 arcs, 18745 commodities, 18745 sources
Pricing threads: 32 (auto)
Slack mode: CommodityRows (struct=18745, capped_arcs=1535594)
   It           UB           LB       LP_obj   #col   #row  #slk   +col   -col   +cut   -cut    t_LP    t_PR    t_SP   t_Tot     t_acc
    1          inf         -inf   4.7848e+05  37490  18814   327      0      0     69      0   0.386   0.000   0.125   0.512     0.512
    2          inf         -inf   4.8278e+05  38150  18814   549    660      0      0      0   0.086   0.168   0.127   0.383     0.895
    3          inf         -inf   4.8145e+05  38150  18833    12      0      0     19      0   0.082   0.000   0.133   0.216     1.111
    4          inf         -inf   4.8156e+05  38150  18834    25      0      0      1      0   0.079   0.000   0.124   0.203     1.314
    5          inf         -inf   4.8165e+05  38171  18834    30     21      0      0      0   0.078   0.048   0.122   0.248     1.563
    6          inf   4.7023e+05   4.8629e+05  38420  18834    27    249      0      0      0   0.074   1.963   0.123   2.160     3.723
    7   4.8111e+05   4.8106e+05   4.8111e+05  38431  18817     0     11      0      0     17   0.074   1.969   0.122   2.166     5.889
    8   4.8111e+05   4.8106e+05   4.8111e+05  38431  18818     0      0      0      1      0   0.076   0.000   0.122   0.199     6.088
    9   4.8111e+05   4.8107e+05   4.8111e+05  38431  18818     0     *7      0      0      0   0.076   2.018   0.124   2.218     8.306
CG optimal after 9 iterations. UB=481107.500000 LB=481069.921790 gap=3.758e+01 tol=4.811e+01  t_LP=1.010  t_PR=8.198  t_SP=1.122  t_Tot=10.338

# === STDOUT (result CSV) ===
Setting parameter 'LpMethod' to 2
Setting parameter 'GPUMode' to 2
Setting parameter 'Presolve' to 0
Setting parameter 'Crossover' to 0
instance,formulation,iterations,columns,objective,lower_bound,optimal,time,time_lp,time_pricing,time_separation
/home/simon/code/my/mcfcg/data/intermodal/SBT-18765-0.txt.gz,tree,9,19686,481107.500000,481069.921790,1,10.813,1.010,8.198,1.122
