# cmd: /home/simon/code/my/mcfcg/build/mcfcg_cli /home/simon/code/my/mcfcg/data/intermodal/BUS-23688-0.txt.gz --solver cuopt --formulation tree --max-iters 10000 --strategy pricer-heavy --time-limit 7200.0
# outcome: ok
# returncode: 0
# === STDERR (CG iteration log + preamble) ===
Instance: 161993 vertices, 1653437 arcs, 23643 commodities, 23643 sources
Pricing threads: 32 (auto)
Slack mode: CommodityRows (struct=23643, capped_arcs=1466539)
   It           UB           LB       LP_obj   #col   #row  #slk   +col   -col   +cut   -cut    t_LP    t_PR    t_SP   t_Tot     t_acc
    1          inf         -inf   6.0693e+05  47286  23709  1478      0      0     66      0   0.479   0.000   0.118   0.598     0.598
    2          inf         -inf   6.1290e+05  48448  23709  1888   1162      0      0      0   0.126   0.226   0.117   0.472     1.070
    3          inf         -inf   6.2610e+05  48448  23765   101      0      0     56      0   0.130   0.000   0.123   0.253     1.323
    4          inf         -inf   6.2845e+05  49518  23765   301   1070      0      0      0   0.115   0.237   0.113   0.468     1.791
    5          inf         -inf   6.2675e+05  49518  23780    66      0      0     15      0   0.112   0.000   0.113   0.226     2.017
    6          inf         -inf   6.2690e+05  49518  23786    84      0      0      6      0   0.115   0.000   0.113   0.229     2.246
    7          inf         -inf   6.2694e+05  49590  23760    87     72      0      0     26   0.127   0.062   0.113   0.303     2.549
    8          inf   5.8712e+05   6.2830e+05  50843  23751    74   1253      0      0      9   0.117   1.147   0.113   1.380     3.930
    9          inf   5.8712e+05   6.2488e+05  50843  23764     5      0      0     13      0   0.122   0.000   0.113   0.237     4.166
   10          inf   5.8712e+05   6.2496e+05  50914  23727     5     71      0      0     37   0.126   0.095   0.115   0.338     4.504
   11          inf   5.8712e+05   6.2495e+05  50914  23730     0      0      0      3      0   0.159   0.000   0.113   0.273     4.777
   12   6.2495e+05   5.8712e+05   6.2495e+05  50951  23722     0     37      0      0      8   0.157   0.062   0.113   0.334     5.111
   13   6.2495e+05   5.8712e+05   6.2495e+05  50951  23724     0      0      0      2      0   0.120   0.000   0.113   0.234     5.345
   14   6.2495e+05   5.8712e+05   6.2495e+05  50958  23710     0      7      0      0     14   0.123   0.054   0.112   0.292     5.636
   15   6.2495e+05   5.8712e+05   6.2495e+05  50958  23713     0      0      0      3      0   0.113   0.000   0.113   0.227     5.864
   16   6.2495e+05   6.2467e+05   6.2495e+05  51090  23704     0    132      0      0      9   0.117   1.191   0.112   1.422     7.285
   17   6.2495e+05   6.2467e+05   6.2488e+05  51090  23712     0      0      0      8      0   0.121   0.000   0.114   0.236     7.521
   18   6.2488e+05   6.2484e+05   6.2488e+05  51090  23712     0    *13      0      0      0   0.123   1.191   0.112   1.426     8.947
CG optimal after 18 iterations. UB=624882.011536 LB=624837.616357 gap=4.440e+01 tol=6.249e+01  t_LP=2.602  t_PR=5.392  t_SP=2.055  t_Tot=10.075

# === STDOUT (result CSV) ===
instance,formulation,iterations,columns,objective,lower_bound,optimal,time,time_lp,time_pricing,time_separation
/home/simon/code/my/mcfcg/data/intermodal/BUS-23688-0.txt.gz,tree,18,27447,624882.011536,624837.616357,1,10.422,2.602,5.392,2.055
