# cmd: /home/simon/code/my/mcfcg/build/mcfcg_cli /home/simon/code/my/mcfcg/data/intermodal/SBT-43785-0.txt.gz --solver copt --formulation path --max-iters 10000 --strategy pricer-heavy --time-limit 7200.0
# outcome: ok
# returncode: 0
# === STDERR (CG iteration log + preamble) ===
Instance: 238529 vertices, 3741246 arcs, 43757 commodities, 43757 sources
Pricing threads: 32 (auto)
Slack mode: CommodityRows (struct=43757, capped_arcs=3494226)
   It           UB           LB       LP_obj   #col   #row  #slk   +col   -col   +cut   -cut    t_LP    t_PR    t_SP   t_Tot     t_acc
    1          inf         -inf   1.1175e+06  87514  43829   745      0      0     72      0   0.489   0.000   0.284   0.775     0.775
    2          inf         -inf   1.1284e+06  89103  43829  1264   1589      0      0      0   0.093   0.594   0.280   0.971     1.745
    3          inf         -inf   1.1237e+06  89103  43840     0      0      0     11      0   0.107   0.000   0.277   0.386     2.131
    4          inf         -inf   1.1238e+06  89259  43840    23    156      0      0      0   0.109   0.253   0.285   0.648     2.779
    5   1.1237e+06   1.1234e+06   1.1237e+06  89500  43840     0    241      0      0      0   0.109   8.945   0.274   9.329    12.108
    6   1.1236e+06   1.1235e+06   1.1236e+06  89500  43840     0     *1      0      0      0   0.105   8.948   0.274   9.327    21.436
CG optimal after 6 iterations. UB=1123600.000000 LB=1123516.958731 gap=8.304e+01 tol=1.124e+02  t_LP=1.012  t_PR=27.815  t_SP=1.673  t_Tot=30.510

# === STDOUT (result CSV) ===
Setting parameter 'LpMethod' to 2
Setting parameter 'GPUMode' to 2
Setting parameter 'Presolve' to 0
Setting parameter 'Crossover' to 0
instance,formulation,iterations,columns,objective,lower_bound,optimal,time,time_lp,time_pricing,time_separation
/home/simon/code/my/mcfcg/data/intermodal/SBT-43785-0.txt.gz,path,6,45743,1123600.000000,1123516.958731,1,31.435,1.012,27.815,1.673
