# cmd: /home/simon/code/my/mcfcg/build/mcfcg_cli /home/simon/code/my/mcfcg/data/intermodal/BUS-2632-0.txt.gz --solver copt --formulation tree --max-iters 10000 --strategy pricer-heavy --time-limit 7200.0
# outcome: ok
# returncode: 0
# === STDERR (CG iteration log + preamble) ===
Instance: 119865 vertices, 397362 arcs, 2628 commodities, 2628 sources
Pricing threads: 32 (auto)
Slack mode: CommodityRows (struct=2628, capped_arcs=210464)
   It           UB           LB       LP_obj   #col   #row  #slk   +col   -col   +cut   -cut    t_LP    t_PR    t_SP   t_Tot     t_acc
    1          inf         -inf   6.8906e+04   5256   2722   161      0      0     94      0   0.266   0.000   0.032   0.298     0.298
    2          inf         -inf   6.9679e+04   5424   2722   229    168      0      0      0   0.080   0.027   0.036   0.144     0.442
    3          inf         -inf   7.1144e+04   5424   2793    14      0      0     71      0   0.062   0.000   0.034   0.097     0.539
    4          inf         -inf   7.2231e+04   5561   2793    45    137      0      0      0   0.067   0.029   0.037   0.133     0.672
    5          inf         -inf   7.2672e+04   5561   2818    13      0      0     25      0   0.067   0.000   0.033   0.100     0.772
    6          inf         -inf   7.2837e+04   5561   2823    19      0      0      5      0   0.071   0.000   0.035   0.106     0.878
    7          inf         -inf   7.2865e+04   5585   2805    21     24      0      0     18   0.074   0.019   0.036   0.129     1.007
    8          inf         -inf   7.4673e+04   5585   2807    13      0      0      2      0   0.069   0.000   0.035   0.105     1.112
    9          inf         -inf   7.4683e+04   5590   2787    14      5      0      0     20   0.070   0.015   0.030   0.115     1.226
   10          inf         -inf   7.6790e+04   5590   2792    15      0      0      5      0   0.072   0.000   0.032   0.105     1.331
   11          inf         -inf   7.6790e+04   5599   2757    15      9      0      0     35   0.072   0.017   0.034   0.123     1.454
   12          inf         -inf   7.6464e+04   5599   2760    17      0      0      3      0   0.067   0.000   0.035   0.102     1.556
   13          inf         -inf   7.6469e+04   5605   2751    18      6      0      0      9   0.069   0.016   0.031   0.116     1.673
   14          inf         -inf   8.6678e+04   5605   2757    13      0      0      6      0   0.072   0.000   0.029   0.101     1.773
   15          inf         -inf   8.6679e+04   5612   2757    13      7      0      0      0   0.071   0.020   0.035   0.126     1.900
   16          inf         -inf   9.1383e+04   5612   2758    11      0      0      1      0   0.071   0.000   0.035   0.106     2.006
   17          inf         -inf   9.1383e+04   5620   2751    12      8      0      0      7   0.071   0.015   0.031   0.118     2.124
   18          inf         -inf   9.0318e+04   5620   2762    10      0      0     11      0   0.068   0.000   0.032   0.100     2.225
   19          inf         -inf   9.0338e+04   5620   2763    11      0      0      1      0   0.071   0.000   0.036   0.106     2.331
   20          inf  -2.2490e+04   9.0338e+04   5795   2758    11    175      0      0      5   0.070   0.101   0.036   0.208     2.539
   21          inf  -2.2490e+04   7.1036e+04   5795   2773     0      0      0     15      0   0.068   0.000   0.028   0.097     2.636
   22          inf  -2.2490e+04   7.1050e+04   5795   2776     0      0      0      3      0   0.075   0.000   0.030   0.105     2.741
   23   7.1050e+04  -2.2490e+04   7.1050e+04   5797   2774     0      2      0      0      2   0.087   0.018   0.034   0.140     2.881
   24   7.1050e+04   7.0927e+04   7.1050e+04   5847   2774     0     50      0      0      0   0.069   0.062   0.035   0.167     3.048
   25   7.1050e+04   7.0927e+04   7.1028e+04   5847   2777     0      0      0      3      0   0.076   0.000   0.030   0.106     3.154
   26   7.1033e+04   7.0927e+04   7.1033e+04   5849   2759     0      2      0      0     18   0.076   0.015   0.034   0.126     3.279
   27   7.1033e+04   7.1010e+04   7.1033e+04   5860   2752     0     11      0      0      7   0.073   0.062   0.032   0.169     3.448
   28   7.1033e+04   7.1010e+04   7.1027e+04   5860   2760     0      0      0      8      0   0.071   0.000   0.031   0.102     3.550
   29   7.1027e+04   7.1010e+04   7.1027e+04   5867   2758     0      7      0      0      2   0.072   0.020   0.035   0.127     3.677
   30   7.1027e+04   7.1019e+04   7.1027e+04   5871   2747     0      4      0      0     11   0.072   0.057   0.032   0.162     3.839
   31   7.1027e+04   7.1019e+04   7.1027e+04   5871   2749     0      0      0      2      0   0.070   0.000   0.029   0.098     3.937
   32   7.1027e+04   7.1022e+04   7.1027e+04   5871   2749     0     *0      0      0      0   0.071   0.076   0.034   0.182     4.120
CG optimal after 32 iterations. UB=71026.500000 LB=71021.870400 gap=4.630e+00 tol=7.103e+00  t_LP=2.482  t_PR=0.652  t_SP=1.058  t_Tot=4.204

# === STDOUT (result CSV) ===
Setting parameter 'LpMethod' to 2
Setting parameter 'GPUMode' to 2
Setting parameter 'Presolve' to 0
Setting parameter 'Crossover' to 0
instance,formulation,iterations,columns,objective,lower_bound,optimal,time,time_lp,time_pricing,time_separation
/home/simon/code/my/mcfcg/data/intermodal/BUS-2632-0.txt.gz,tree,32,3243,71026.500000,71021.870400,1,4.342,2.482,0.652,1.058
