# cmd: /home/simon/code/my/mcfcg/build/mcfcg_cli /home/simon/code/my/mcfcg/data/intermodal/BUS-23688-0.txt.gz --solver copt --formulation path --max-iters 10000 --strategy pricer-heavy --time-limit 7200.0
# outcome: ok
# returncode: 0
# === STDERR (CG iteration log + preamble) ===
Instance: 161993 vertices, 1653437 arcs, 23643 commodities, 23643 sources
Pricing threads: 32 (auto)
Slack mode: CommodityRows (struct=23643, capped_arcs=1466539)
   It           UB           LB       LP_obj   #col   #row  #slk   +col   -col   +cut   -cut    t_LP    t_PR    t_SP   t_Tot     t_acc
    1          inf         -inf   6.0693e+05  47286  23709  1421      0      0     66      0   0.384   0.000   0.115   0.501     0.501
    2          inf         -inf   6.1290e+05  48452  23709  1888   1166      0      0      0   0.090   0.223   0.111   0.426     0.927
    3          inf         -inf   6.2761e+05  48452  23756   198      0      0     47      0   0.106   0.000   0.111   0.218     1.145
    4          inf         -inf   6.2939e+05  48452  23758   346      0      0      2      0   0.123   0.000   0.111   0.234     1.380
    5          inf         -inf   6.2940e+05  48557  23758   348    105      0      0      0   0.124   0.055   0.113   0.292     1.672
    6          inf         -inf   6.5941e+05  48557  23759   343      0      0      1      0   0.116   0.000   0.111   0.228     1.900
    7          inf         -inf   6.5941e+05  48592  23737   346     35      0      0     22   0.117   0.052   0.110   0.281     2.181
    8          inf         -inf   7.2767e+05  48592  23738   303      0      0      1      0   0.109   0.000   0.110   0.220     2.401
    9          inf         -inf   7.2768e+05  48634  23705   303     42      0      0     33   0.113   0.048   0.110   0.273     2.674
   10          inf         -inf   7.5832e+05  48634  23716   316      0      0     11      0   0.102   0.000   0.112   0.214     2.888
   11          inf         -inf   7.6106e+05  48838  23712   327    204      0      0      4   0.110   0.067   0.111   0.289     3.177
   12          inf         -inf   9.3726e+05  48838  23717   260      0      0      5      0   0.108   0.000   0.112   0.222     3.398
   13          inf         -inf   9.3728e+05  48930  23714   263     92      0      0      3   0.126   0.073   0.119   0.320     3.718
   14          inf  -1.1404e+06   1.2491e+06  50397  23714   244   1467      0      0      0   0.129   1.096   0.111   1.339     5.057
   15          inf  -1.1404e+06   6.2475e+05  50397  23756     0      0      0     42      0   0.113   0.000   0.115   0.229     5.287
   16          inf  -1.1404e+06   6.2516e+05  50397  23769    19      0      0     13      0   0.148   0.000   0.115   0.264     5.551
   17          inf  -1.1404e+06   6.2528e+05  50397  23774    23      0      0      5      0   0.136   0.000   0.117   0.254     5.805
   18          inf  -1.1404e+06   6.2531e+05  50454  23768    26     57      0      0      6   0.141   0.055   0.113   0.310     6.115
   19          inf  -1.1404e+06   6.2544e+05  50454  23771     9      0      0      3      0   0.131   0.000   0.112   0.244     6.359
   20          inf  -1.1404e+06   6.2544e+05  50484  23753    12     30      0      0     18   0.134   0.057   0.111   0.304     6.662
   21          inf  -1.1404e+06   6.2538e+05  50484  23756     4      0      0      3      0   0.121   0.000   0.111   0.234     6.896
   22          inf   6.1761e+05   6.2538e+05  51282  23717     4    798      0      0     39   0.129   1.188   0.117   1.436     8.332
   23          inf   6.1761e+05   6.2489e+05  51282  23732     0      0      0     15      0   0.125   0.000   0.111   0.236     8.568
   24          inf   6.1761e+05   6.2491e+05  51282  23733     0      0      0      1      0   0.129   0.000   0.121   0.251     8.819
   25   6.2491e+05   6.1761e+05   6.2491e+05  51308  23729     0     26      0      0      4   0.127   0.053   0.112   0.294     9.113
   26   6.2491e+05   6.1761e+05   6.2490e+05  51308  23730     0      0      0      1      0   0.123   0.000   0.111   0.235     9.348
   27   6.2490e+05   6.2475e+05   6.2490e+05  51464  23728     0    156      0      0      2   0.129   1.142   0.112   1.385    10.733
   28   6.2490e+05   6.2475e+05   6.2488e+05  51464  23732     0      0      0      4      0   0.129   0.000   0.111   0.241    10.974
   29   6.2488e+05   6.2484e+05   6.2488e+05  51464  23732     0    *12      0      0      0   0.138   1.152   0.111   1.401    12.375
CG optimal after 29 iterations. UB=624881.500288 LB=624839.827708 gap=4.167e+01 tol=6.249e+01  t_LP=3.811  t_PR=6.419  t_SP=3.267  t_Tot=13.533

# === STDOUT (result CSV) ===
Setting parameter 'LpMethod' to 2
Setting parameter 'GPUMode' to 2
Setting parameter 'Presolve' to 0
Setting parameter 'Crossover' to 0
instance,formulation,iterations,columns,objective,lower_bound,optimal,time,time_lp,time_pricing,time_separation
/home/simon/code/my/mcfcg/data/intermodal/BUS-23688-0.txt.gz,path,29,27821,624881.500288,624839.827708,1,13.974,3.811,6.419,3.267
