# cmd: /home/simon/code/my/mcfcg/build/mcfcg_cli /home/simon/code/my/mcfcg/data/intermodal/BUS-7896-0.txt.gz --solver cuopt --formulation path --max-iters 10000 --strategy pricer-heavy --time-limit 7200.0
# outcome: ok
# returncode: 0
# === STDERR (CG iteration log + preamble) ===
Instance: 130395 vertices, 710935 arcs, 7883 commodities, 7883 sources
Pricing threads: 32 (auto)
Slack mode: CommodityRows (struct=7883, capped_arcs=524037)
   It           UB           LB       LP_obj   #col   #row  #slk   +col   -col   +cut   -cut    t_LP    t_PR    t_SP   t_Tot     t_acc
    1          inf         -inf   2.0473e+05  15766   7960   475      0      0     77      0   0.396   0.000   0.052   0.448     0.448
    2          inf         -inf   2.0647e+05  16207   7960   631    441      0      0      0   0.077   0.051   0.052   0.182     0.630
    3          inf         -inf   2.1091e+05  16207   8036    30      0      0     76      0   0.066   0.000   0.051   0.117     0.747
    4          inf         -inf   2.1187e+05  16207   8038    98      0      0      2      0   0.097   0.000   0.056   0.153     0.900
    5          inf         -inf   2.1187e+05  16238   8038    98     31      0      0      0   0.073   0.025   0.060   0.157     1.058
    6          inf   1.6838e+05   2.1646e+05  16816   8038   111    578      0      0      0   0.078   0.204   0.055   0.339     1.396
    7          inf   1.6838e+05   2.1071e+05  16816   8046     2      0      0      8      0   0.075   0.000   0.050   0.125     1.521
    8          inf   1.6838e+05   2.1071e+05  16816   8047     2      0      0      1      0   0.087   0.000   0.053   0.140     1.662
    9          inf   1.6838e+05   2.1072e+05  16816   8050     2      0      0      3      0   0.081   0.000   0.059   0.141     1.803
   10          inf   1.6838e+05   2.1072e+05  16819   7988     2      3      0      0     62   0.083   0.029   0.062   0.175     1.977
   11          inf   1.6838e+05   2.1118e+05  16819   7991     2      0      0      3      0   0.076   0.000   0.057   0.134     2.112
   12          inf   1.6838e+05   2.1118e+05  16835   7957     2     16      0      0     34   0.121   0.027   0.058   0.206     2.318
   13          inf   1.6838e+05   2.1163e+05  16835   7964     2      0      0      7      0   0.089   0.000   0.052   0.141     2.459
   14          inf   1.6838e+05   2.1163e+05  16836   7960     2      1      0      0      4   0.074   0.023   0.052   0.150     2.609
   15          inf   1.6838e+05   2.1164e+05  16836   7961     3      0      0      1      0   0.073   0.000   0.050   0.123     2.732
   16          inf   2.0292e+05   2.1164e+05  16984   7959     3    148      0      0      2   0.074   0.222   0.056   0.353     3.085
   17          inf   2.0292e+05   2.1059e+05  16984   7964     0      0      0      5      0   0.081   0.000   0.049   0.130     3.215
   18   2.1059e+05   2.0292e+05   2.1059e+05  16998   7962     0     14      0      0      2   0.077   0.025   0.051   0.154     3.368
   19   2.1059e+05   2.0292e+05   2.1059e+05  16998   7963     0      0      0      1      0   0.121   0.000   0.050   0.172     3.540
   20   2.1059e+05   2.1058e+05   2.1059e+05  16998   7963     0     *5      0      0      0   0.077   0.220   0.058   0.355     3.895
CG optimal after 20 iterations. UB=210593.004598 LB=210575.845543 gap=1.716e+01 tol=2.106e+01  t_LP=1.975  t_PR=1.082  t_SP=1.082  t_Tot=4.151

# === STDOUT (result CSV) ===
instance,formulation,iterations,columns,objective,lower_bound,optimal,time,time_lp,time_pricing,time_separation
/home/simon/code/my/mcfcg/data/intermodal/BUS-7896-0.txt.gz,path,20,9115,210593.004598,210575.845543,1,4.313,1.975,1.082,1.082
