# cmd: /home/simon/code/my/mcfcg/build/mcfcg_cli /home/simon/code/my/mcfcg/data/intermodal/BUS-13160-0.txt.gz --solver copt --formulation path --max-iters 10000 --strategy pricer-heavy --time-limit 7200.0
# outcome: ok
# returncode: 0
# === STDERR (CG iteration log + preamble) ===
Instance: 140925 vertices, 1023858 arcs, 13135 commodities, 13135 sources
Pricing threads: 32 (auto)
Slack mode: CommodityRows (struct=13135, capped_arcs=836960)
   It           UB           LB       LP_obj   #col   #row  #slk   +col   -col   +cut   -cut    t_LP    t_PR    t_SP   t_Tot     t_acc
    1          inf         -inf   3.3868e+05  26270  13208   783      0      0     73      0   0.282   0.000   0.071   0.354     0.354
    2          inf         -inf   3.4174e+05  26944  13208  1041    674      0      0      0   0.090   0.092   0.072   0.255     0.608
    3          inf         -inf   3.4963e+05  26944  13256   102      0      0     48      0   0.085   0.000   0.072   0.157     0.766
    4          inf         -inf   3.5073e+05  26944  13258   167      0      0      2      0   0.093   0.000   0.071   0.164     0.930
    5          inf         -inf   3.5073e+05  26990  13258   168     46      0      0      0   0.093   0.032   0.070   0.195     1.125
    6          inf         -inf   3.6154e+05  26990  13259   185      0      0      1      0   0.094   0.000   0.075   0.170     1.294
    7          inf         -inf   3.6155e+05  27024  13229   186     34      0      0     30   0.095   0.031   0.069   0.196     1.491
    8          inf   1.8846e+05   3.9558e+05  27795  13219   132    771      0      0     10   0.085   0.412   0.070   0.568     2.059
    9          inf   1.8846e+05   3.4902e+05  27795  13267     8      0      0     48      0   0.097   0.000   0.075   0.173     2.232
   10          inf   1.8846e+05   3.4918e+05  28035  13252    17    240      0      0     15   0.110   0.080   0.070   0.261     2.493
   11          inf   1.8846e+05   3.5092e+05  28035  13255     7      0      0      3      0   0.101   0.000   0.070   0.171     2.664
   12          inf   1.8846e+05   3.5093e+05  28074  13253     9     39      0      0      2   0.107   0.037   0.069   0.214     2.878
   13          inf   3.3491e+05   3.5096e+05  28206  13251     5    132      0      0      2   0.104   0.433   0.072   0.610     3.487
   14   3.4837e+05   3.4834e+05   3.4837e+05  28206  13251     0     *7      0      0      0   0.102   0.422   0.070   0.594     4.081
CG optimal after 14 iterations. UB=348367.000000 LB=348337.868850 gap=2.913e+01 tol=3.484e+01  t_LP=1.537  t_PR=1.977  t_SP=0.995  t_Tot=4.521

# === STDOUT (result CSV) ===
Setting parameter 'LpMethod' to 2
Setting parameter 'GPUMode' to 2
Setting parameter 'Presolve' to 0
Setting parameter 'Crossover' to 0
instance,formulation,iterations,columns,objective,lower_bound,optimal,time,time_lp,time_pricing,time_separation
/home/simon/code/my/mcfcg/data/intermodal/BUS-13160-0.txt.gz,path,14,15071,348367.000000,348337.868850,1,4.809,1.537,1.977,0.995
