# cmd: /home/simon/code/my/mcfcg/build/mcfcg_cli /home/simon/code/my/mcfcg/data/intermodal/BUS-18424-0.txt.gz --solver copt --formulation tree --max-iters 10000 --strategy pricer-heavy --time-limit 7200.0
# outcome: ok
# returncode: 0
# === STDERR (CG iteration log + preamble) ===
Instance: 151455 vertices, 1338522 arcs, 18388 commodities, 18388 sources
Pricing threads: 32 (auto)
Slack mode: CommodityRows (struct=18388, capped_arcs=1151624)
   It           UB           LB       LP_obj   #col   #row  #slk   +col   -col   +cut   -cut    t_LP    t_PR    t_SP   t_Tot     t_acc
    1          inf         -inf   4.7151e+05  36776  18454  1078      0      0     66      0   0.308   0.000   0.101   0.410     0.410
    2          inf         -inf   4.7582e+05  37652  18454  1435    876      0      0      0   0.094   0.144   0.094   0.333     0.743
    3          inf         -inf   4.8678e+05  37652  18496   136      0      0     42      0   0.083   0.000   0.092   0.176     0.919
    4          inf         -inf   4.8820e+05  37652  18498   237      0      0      2      0   0.098   0.000   0.093   0.191     1.110
    5          inf         -inf   4.8824e+05  37736  18498   240     84      0      0      0   0.090   0.043   0.098   0.231     1.341
    6          inf         -inf   5.0368e+05  37736  18505   224      0      0      7      0   0.090   0.000   0.091   0.182     1.523
    7          inf         -inf   5.0369e+05  37840  18482   226    104      0      0     23   0.095   0.046   0.091   0.232     1.755
    8          inf         -inf   5.3728e+05  37840  18483   179      0      0      1      0   0.091   0.000   0.093   0.184     1.939
    9          inf         -inf   5.3729e+05  37872  18454   181     32      0      0     29   0.091   0.043   0.094   0.229     2.168
   10          inf         -inf   5.6715e+05  37872  18457   196      0      0      3      0   0.090   0.000   0.091   0.182     2.350
   11          inf         -inf   5.6715e+05  37901  18455   197     29      0      0      2   0.092   0.038   0.092   0.223     2.573
   12          inf         -inf   6.8040e+05  37901  18458   176      0      0      3      0   0.095   0.000   0.094   0.190     2.763
   13          inf         -inf   6.8040e+05  37933  18450   176     32      0      0      8   0.103   0.039   0.092   0.235     2.998
   14          inf         -inf   9.2553e+05  37933  18451   161      0      0      1      0   0.092   0.000   0.092   0.184     3.182
   15          inf         -inf   9.2553e+05  37934  18450   161      1      0      0      1   0.093   0.050   0.092   0.235     3.418
   16          inf         -inf   1.1033e+06  37934  18452   187      0      0      2      0   0.088   0.000   0.092   0.181     3.598
   17          inf         -inf   1.1033e+06  38020  18448   187     86      0      0      4   0.088   0.056   0.091   0.236     3.834
   18          inf         -inf   1.4818e+06  38020  18449   151      0      0      1      0   0.093   0.000   0.092   0.186     4.020
   19          inf  -5.3980e+06   1.4818e+06  39026  18446   151   1006      0      0      3   0.090   0.760   0.092   0.945     4.965
   20          inf  -5.3980e+06   4.8490e+05  39026  18486     0      0      0     40      0   0.087   0.000   0.091   0.179     5.144
   21          inf  -5.3980e+06   4.8518e+05  39026  18492    11      0      0      6      0   0.103   0.000   0.097   0.201     5.345
   22          inf  -5.3980e+06   4.8521e+05  39026  18496    11      0      0      4      0   0.107   0.000   0.091   0.198     5.543
   23          inf  -5.3980e+06   4.8521e+05  39029  18495    14      3      0      0      1   0.109   0.041   0.091   0.241     5.784
   24          inf   4.8391e+05   4.8527e+05  39422  18495     2    393      0      0      0   0.108   0.716   0.092   0.917     6.701
   25          inf   4.8391e+05   4.8504e+05  39422  18499     0      0      0      4      0   0.100   0.000   0.092   0.193     6.894
   26          inf   4.8391e+05   4.8504e+05  39422  18500     0      0      0      1      0   0.109   0.000   0.093   0.203     7.097
   27   4.8504e+05   4.8391e+05   4.8504e+05  39423  18460     0      1      0      0     40   0.111   0.047   0.091   0.251     7.347
   28   4.8504e+05   4.8391e+05   4.8504e+05  39423  18467     0      0      0      7      0   0.103   0.000   0.095   0.199     7.546
   29   4.8504e+05   4.8391e+05   4.8504e+05  39426  18464     0      3      0      0      3   0.107   0.055   0.093   0.256     7.802
   30   4.8504e+05   4.8391e+05   4.8504e+05  39426  18466     0      0      0      2      0   0.103   0.000   0.092   0.195     7.997
   31   4.8504e+05   4.8391e+05   4.8504e+05  39428  18453     0      2      0      0     13   0.107   0.042   0.094   0.245     8.241
   32   4.8504e+05   4.8391e+05   4.8504e+05  39428  18456     0      0      0      3      0   0.105   0.000   0.091   0.196     8.437
   33   4.8504e+05   4.8391e+05   4.8504e+05  39433  18455     0      5      0      0      1   0.108   0.052   0.091   0.252     8.690
   34   4.8504e+05   4.8391e+05   4.8504e+05  39433  18461     0      0      0      6      0   0.098   0.000   0.091   0.190     8.880
   35   4.8504e+05   4.8391e+05   4.8504e+05  39437  18454     0      4      0      0      7   0.106   0.051   0.091   0.249     9.129
   36   4.8504e+05   4.8391e+05   4.8504e+05  39437  18459     0      0      0      5      0   0.102   0.000   0.095   0.198     9.327
   37   4.8504e+05   4.8391e+05   4.8504e+05  39440  18457     0      3      0      0      2   0.106   0.053   0.092   0.252     9.578
   38   4.8504e+05   4.8391e+05   4.8504e+05  39440  18458     0      0      0      1      0   0.101   0.000   0.091   0.192     9.770
   39   4.8504e+05   4.8489e+05   4.8504e+05  39534  18455     0     94      0      0      3   0.108   0.767   0.091   0.967    10.738
   40   4.8504e+05   4.8489e+05   4.8503e+05  39534  18458     0      0      0      3      0   0.104   0.000   0.092   0.197    10.934
   41   4.8504e+05   4.8489e+05   4.8503e+05  39534  18459     0      0      0      1      0   0.106   0.000   0.092   0.199    11.134
   42   4.8503e+05   4.8499e+05   4.8503e+05  39534  18459     0    *10      0      0      0   0.108   0.780   0.093   0.981    12.115
CG optimal after 42 iterations. UB=485027.000001 LB=484990.001099 gap=3.700e+01 tol=4.850e+01  t_LP=4.365  t_PR=4.554  t_SP=3.889  t_Tot=12.848

# === STDOUT (result CSV) ===
Setting parameter 'LpMethod' to 2
Setting parameter 'GPUMode' to 2
Setting parameter 'Presolve' to 0
Setting parameter 'Crossover' to 0
instance,formulation,iterations,columns,objective,lower_bound,optimal,time,time_lp,time_pricing,time_separation
/home/simon/code/my/mcfcg/data/intermodal/BUS-18424-0.txt.gz,tree,42,21146,485027.000001,484990.001099,1,13.217,4.365,4.554,3.889
