# cmd: /home/simon/code/my/mcfcg/build/mcfcg_cli /home/simon/code/my/mcfcg/data/intermodal/BUS-7896-0.txt.gz --solver cuopt --formulation tree --max-iters 10000 --strategy pricer-heavy --time-limit 7200.0
# outcome: ok
# returncode: 0
# === STDERR (CG iteration log + preamble) ===
Instance: 130395 vertices, 710935 arcs, 7883 commodities, 7883 sources
Pricing threads: 32 (auto)
Slack mode: CommodityRows (struct=7883, capped_arcs=524037)
   It           UB           LB       LP_obj   #col   #row  #slk   +col   -col   +cut   -cut    t_LP    t_PR    t_SP   t_Tot     t_acc
    1          inf         -inf   2.0473e+05  15766   7960   475      0      0     77      0   0.397   0.000   0.053   0.450     0.450
    2          inf         -inf   2.0647e+05  16205   7960   631    439      0      0      0   0.101   0.062   0.053   0.217     0.667
    3          inf         -inf   2.1095e+05  16205   8034    33      0      0     74      0   0.103   0.000   0.054   0.157     0.824
    4          inf         -inf   2.1189e+05  16205   8036    98      0      0      2      0   0.074   0.000   0.054   0.128     0.952
    5          inf         -inf   2.1189e+05  16236   8036    98     31      0      0      0   0.063   0.025   0.057   0.145     1.097
    6          inf   1.6645e+05   2.1649e+05  16797   8036   107    561      0      0      0   0.102   0.210   0.052   0.365     1.463
    7          inf   1.6645e+05   2.1070e+05  16797   8045     2      0      0      9      0   0.067   0.000   0.050   0.118     1.580
    8          inf   1.6645e+05   2.1071e+05  16797   8046     2      0      0      1      0   0.071   0.000   0.050   0.121     1.702
    9          inf   1.6645e+05   2.1071e+05  16797   8048     2      0      0      2      0   0.071   0.000   0.057   0.129     1.830
   10          inf   1.6645e+05   2.1071e+05  16799   7985     2      2      0      0     63   0.072   0.028   0.063   0.164     1.994
   11          inf   1.6645e+05   2.1118e+05  16799   7992     2      0      0      7      0   0.068   0.000   0.058   0.127     2.121
   12          inf   1.6645e+05   2.1118e+05  16821   7960     2     22      0      0     32   0.072   0.031   0.060   0.163     2.284
   13          inf   1.6645e+05   2.1162e+05  16821   7967     2      0      0      7      0   0.110   0.000   0.056   0.166     2.450
   14          inf   1.6645e+05   2.1163e+05  16822   7963     2      1      0      0      4   0.108   0.023   0.055   0.187     2.637
   15          inf   1.6645e+05   2.1164e+05  16822   7964     3      0      0      1      0   0.082   0.000   0.051   0.133     2.770
   16          inf   2.0291e+05   2.1164e+05  16971   7962     3    149      0      0      2   0.064   0.228   0.057   0.350     3.120
   17          inf   2.0291e+05   2.1059e+05  16971   7966     0      0      0      4      0   0.107   0.000   0.051   0.159     3.279
   18   2.1060e+05   2.0291e+05   2.1060e+05  16981   7962     0     10      0      0      4   0.104   0.024   0.052   0.181     3.459
   19   2.1060e+05   2.0291e+05   2.1060e+05  16981   7964     0      0      0      2      0   0.104   0.000   0.049   0.154     3.614
   20   2.1060e+05   2.1058e+05   2.1060e+05  16995   7961     0     14      0      0      3   0.109   0.227   0.053   0.390     4.003
   21   2.1060e+05   2.1058e+05   2.1059e+05  16995   7964     0      0      0      3      0   0.068   0.000   0.050   0.118     4.121
   22   2.1059e+05   2.1058e+05   2.1059e+05  16995   7964     0     *2      0      0      0   0.068   0.224   0.051   0.343     4.464
CG optimal after 22 iterations. UB=210592.002122 LB=210577.200286 gap=1.480e+01 tol=2.106e+01  t_LP=2.186  t_PR=1.325  t_SP=1.184  t_Tot=4.708

# === STDOUT (result CSV) ===
instance,formulation,iterations,columns,objective,lower_bound,optimal,time,time_lp,time_pricing,time_separation
/home/simon/code/my/mcfcg/data/intermodal/BUS-7896-0.txt.gz,tree,22,9112,210592.002122,210577.200286,1,4.866,2.186,1.325,1.184
