# cmd: /home/simon/code/my/mcfcg/build/mcfcg_cli /home/simon/code/my/mcfcg/data/intermodal/BUS-23688-0.txt.gz --solver cuopt --formulation path --max-iters 10000 --strategy pricer-heavy --time-limit 7200.0
# outcome: ok
# returncode: 0
# === STDERR (CG iteration log + preamble) ===
Instance: 161993 vertices, 1653437 arcs, 23643 commodities, 23643 sources
Pricing threads: 32 (auto)
Slack mode: CommodityRows (struct=23643, capped_arcs=1466539)
   It           UB           LB       LP_obj   #col   #row  #slk   +col   -col   +cut   -cut    t_LP    t_PR    t_SP   t_Tot     t_acc
    1          inf         -inf   6.0693e+05  47286  23709  1421      0      0     66      0   0.512   0.000   0.120   0.634     0.634
    2          inf         -inf   6.1290e+05  48449  23709  1888   1163      0      0      0   0.128   0.220   0.118   0.467     1.101
    3          inf         -inf   6.2610e+05  48449  23765   101      0      0     56      0   0.123   0.000   0.117   0.241     1.342
    4          inf         -inf   6.2846e+05  49528  23765   301   1079      0      0      0   0.129   0.229   0.113   0.474     1.816
    5          inf         -inf   6.2674e+05  49528  23782    64      0      0     17      0   0.179   0.000   0.116   0.296     2.112
    6          inf         -inf   6.2689e+05  49528  23788    81      0      0      6      0   0.177   0.000   0.117   0.295     2.407
    7          inf         -inf   6.2694e+05  49601  23763    89     73      0      0     25   0.184   0.062   0.112   0.360     2.766
    8          inf   5.8710e+05   6.2829e+05  50854  23754    75   1253      0      0      9   0.142   1.164   0.112   1.421     4.187
    9          inf   5.8710e+05   6.2488e+05  50854  23767     5      0      0     13      0   0.169   0.000   0.112   0.283     4.470
   10          inf   5.8710e+05   6.2496e+05  50924  23730     5     70      0      0     37   0.150   0.092   0.111   0.355     4.824
   11          inf   5.8710e+05   6.2495e+05  50924  23735     1      0      0      5      0   0.142   0.000   0.114   0.257     5.081
   12          inf   5.8710e+05   6.2495e+05  50967  23725     1     43      0      0     10   0.149   0.059   0.114   0.323     5.405
   13          inf   5.8710e+05   6.2495e+05  50967  23726     0      0      0      1      0   0.147   0.000   0.112   0.260     5.665
   14          inf   5.8710e+05   6.2495e+05  50967  23727     0      0      0      1      0   0.149   0.000   0.115   0.265     5.929
   15   6.2495e+05   5.8710e+05   6.2495e+05  50972  23705     0      5      0      0     22   0.145   0.051   0.113   0.310     6.239
   16   6.2495e+05   5.8710e+05   6.2495e+05  50972  23711     0      0      0      6      0   0.138   0.000   0.117   0.256     6.495
   17   6.2495e+05   5.8710e+05   6.2495e+05  50978  23707     0      6      0      0      4   0.144   0.068   0.114   0.328     6.823
   18   6.2495e+05   5.8710e+05   6.2495e+05  50978  23710     0      0      0      3      0   0.175   0.000   0.115   0.292     7.115
   19   6.2495e+05   5.8710e+05   6.2495e+05  50978  23711     0      0      0      1      0   0.142   0.000   0.115   0.258     7.373
   20   6.2495e+05   6.2463e+05   6.2495e+05  51130  23706     0    152      0      0      5   0.142   1.113   0.112   1.369     8.741
   21   6.2495e+05   6.2463e+05   6.2488e+05  51130  23709     0      0      0      3      0   0.144   0.000   0.118   0.263     9.005
   22   6.2488e+05   6.2484e+05   6.2488e+05  51130  23709     0    *13      0      0      0   0.178   1.175   0.112   1.465    10.469
CG optimal after 22 iterations. UB=624882.020465 LB=624837.619486 gap=4.440e+01 tol=6.249e+01  t_LP=3.689  t_PR=5.333  t_SP=2.519  t_Tot=11.570

# === STDOUT (result CSV) ===
instance,formulation,iterations,columns,objective,lower_bound,optimal,time,time_lp,time_pricing,time_separation
/home/simon/code/my/mcfcg/data/intermodal/BUS-23688-0.txt.gz,path,22,27487,624882.020465,624837.619486,1,11.925,3.689,5.333,2.519
