# cmd: /home/simon/code/my/mcfcg/build/mcfcg_cli /home/simon/code/my/mcfcg/data/intermodal/BUS-18424-0.txt.gz --solver copt --formulation path --max-iters 10000 --strategy pricer-heavy --time-limit 7200.0
# outcome: ok
# returncode: 0
# === STDERR (CG iteration log + preamble) ===
Instance: 151455 vertices, 1338522 arcs, 18388 commodities, 18388 sources
Pricing threads: 32 (auto)
Slack mode: CommodityRows (struct=18388, capped_arcs=1151624)
   It           UB           LB       LP_obj   #col   #row  #slk   +col   -col   +cut   -cut    t_LP    t_PR    t_SP   t_Tot     t_acc
    1          inf         -inf   4.7151e+05  36776  18454  1078      0      0     66      0   0.298   0.000   0.095   0.394     0.394
    2          inf         -inf   4.7582e+05  37652  18454  1435    876      0      0      0   0.098   0.140   0.090   0.330     0.724
    3          inf         -inf   4.8678e+05  37652  18496   136      0      0     42      0   0.095   0.000   0.091   0.187     0.911
    4          inf         -inf   4.8820e+05  37652  18498   237      0      0      2      0   0.104   0.000   0.091   0.195     1.107
    5          inf         -inf   4.8824e+05  37736  18498   240     84      0      0      0   0.101   0.042   0.091   0.234     1.341
    6          inf         -inf   5.0368e+05  37736  18505   224      0      0      7      0   0.102   0.000   0.091   0.195     1.535
    7          inf         -inf   5.0369e+05  37840  18482   226    104      0      0     23   0.100   0.045   0.096   0.242     1.777
    8          inf         -inf   5.3728e+05  37840  18483   179      0      0      1      0   0.097   0.000   0.091   0.189     1.966
    9          inf         -inf   5.3728e+05  37872  18453   181     32      0      0     30   0.096   0.048   0.095   0.240     2.206
   10          inf         -inf   5.6714e+05  37872  18456   196      0      0      3      0   0.099   0.000   0.091   0.191     2.396
   11          inf         -inf   5.6714e+05  37901  18454   197     29      0      0      2   0.098   0.038   0.091   0.228     2.625
   12          inf         -inf   6.8040e+05  37901  18457   176      0      0      3      0   0.099   0.000   0.091   0.191     2.816
   13          inf         -inf   6.8040e+05  37933  18449   176     32      0      0      8   0.102   0.042   0.095   0.240     3.056
   14          inf         -inf   9.2552e+05  37933  18450   161      0      0      1      0   0.100   0.000   0.092   0.193     3.249
   15          inf         -inf   9.2552e+05  37934  18449   161      1      0      0      1   0.105   0.050   0.090   0.246     3.495
   16          inf         -inf   1.1033e+06  37934  18451   187      0      0      2      0   0.100   0.000   0.090   0.191     3.686
   17          inf         -inf   1.1033e+06  38020  18447   187     86      0      0      4   0.106   0.055   0.091   0.254     3.939
   18          inf         -inf   1.4818e+06  38020  18448   151      0      0      1      0   0.107   0.000   0.091   0.199     4.138
   19          inf  -5.4575e+06   1.4818e+06  39009  18445   151    989      0      0      3   0.102   0.761   0.091   0.957     5.095
   20          inf  -5.4575e+06   4.8490e+05  39009  18485     0      0      0     40      0   0.100   0.000   0.092   0.193     5.288
   21          inf  -5.4575e+06   4.8519e+05  39009  18491    11      0      0      6      0   0.131   0.000   0.090   0.222     5.510
   22          inf  -5.4575e+06   4.8522e+05  39009  18495    11      0      0      4      0   0.128   0.000   0.090   0.219     5.729
   23          inf  -5.4575e+06   4.8522e+05  39012  18494    14      3      0      0      1   0.134   0.044   0.093   0.271     6.000
   24          inf  -5.4575e+06   4.8529e+05  39012  18495     2      0      0      1      0   0.121   0.000   0.093   0.214     6.214
   25          inf  -5.4575e+06   4.8529e+05  39015  18484     2      3      0      0     11   0.121   0.039   0.096   0.257     6.471
   26          inf  -5.4575e+06   4.8529e+05  39015  18488     0      0      0      4      0   0.119   0.000   0.091   0.211     6.682
   27   4.8529e+05  -5.4575e+06   4.8529e+05  39016  18449     0      1      0      0     39   0.130   0.046   0.091   0.268     6.950
   28   4.8529e+05  -5.4575e+06   4.8529e+05  39016  18455     0      0      0      6      0   0.108   0.000   0.092   0.201     7.151
   29   4.8529e+05  -5.4575e+06   4.8529e+05  39025  18448     0      9      0      0      7   0.113   0.046   0.093   0.253     7.404
   30   4.8529e+05  -5.4575e+06   4.8527e+05  39025  18450     1      0      0      2      0   0.116   0.000   0.093   0.209     7.613
   31   4.8529e+05   4.8346e+05   4.8527e+05  39482  18449     1    457      0      0      1   0.116   0.775   0.110   1.002     8.615
   32   4.8529e+05   4.8346e+05   4.8503e+05  39482  18470     0      0      0     21      0   0.105   0.000   0.090   0.196     8.811
   33   4.8529e+05   4.8346e+05   4.8505e+05  39482  18471     0      0      0      1      0   0.116   0.000   0.090   0.207     9.018
   34   4.8505e+05   4.8346e+05   4.8505e+05  39484  18465     0      2      0      0      6   0.116   0.044   0.090   0.251     9.269
   35   4.8505e+05   4.8346e+05   4.8505e+05  39484  18467     0      0      0      2      0   0.110   0.000   0.091   0.202     9.471
   36   4.8505e+05   4.8346e+05   4.8505e+05  39485  18466     0      1      0      0      1   0.117   0.044   0.091   0.253     9.724
   37   4.8505e+05   4.8489e+05   4.8505e+05  39615  18459     0    130      0      0      7   0.114   0.712   0.094   0.922    10.646
   38   4.8505e+05   4.8489e+05   4.8503e+05  39615  18461     0      0      0      2      0   0.111   0.000   0.090   0.202    10.848
   39   4.8505e+05   4.8489e+05   4.8503e+05  39615  18462     0      0      0      1      0   0.114   0.000   0.093   0.208    11.056
   40   4.8503e+05   4.8489e+05   4.8503e+05  39616  18453     0      1      0      0      9   0.116   0.041   0.093   0.251    11.306
   41   4.8503e+05   4.8489e+05   4.8503e+05  39616  18457     0      0      0      4      0   0.116   0.000   0.091   0.208    11.514
   42   4.8503e+05   4.8499e+05   4.8503e+05  39616  18457     0    *19      0      0      0   0.117   0.795   0.090   1.002    12.516
CG optimal after 42 iterations. UB=485027.500000 LB=484987.380067 gap=4.012e+01 tol=4.850e+01  t_LP=4.798  t_PR=4.533  t_SP=3.871  t_Tot=13.243

# === STDOUT (result CSV) ===
Setting parameter 'LpMethod' to 2
Setting parameter 'GPUMode' to 2
Setting parameter 'Presolve' to 0
Setting parameter 'Crossover' to 0
instance,formulation,iterations,columns,objective,lower_bound,optimal,time,time_lp,time_pricing,time_separation
/home/simon/code/my/mcfcg/data/intermodal/BUS-18424-0.txt.gz,path,42,21228,485027.500000,484987.380067,1,13.606,4.798,4.533,3.871
