# cmd: /home/simon/code/my/mcfcg/build/mcfcg_cli /home/simon/code/my/mcfcg/data/intermodal/BUS-7896-0.txt.gz --solver copt --formulation tree --max-iters 10000 --strategy pricer-heavy --time-limit 7200.0
# outcome: ok
# returncode: 0
# === STDERR (CG iteration log + preamble) ===
Instance: 130395 vertices, 710935 arcs, 7883 commodities, 7883 sources
Pricing threads: 32 (auto)
Slack mode: CommodityRows (struct=7883, capped_arcs=524037)
   It           UB           LB       LP_obj   #col   #row  #slk   +col   -col   +cut   -cut    t_LP    t_PR    t_SP   t_Tot     t_acc
    1          inf         -inf   2.0473e+05  15766   7960   475      0      0     77      0   0.274   0.000   0.050   0.325     0.325
    2          inf         -inf   2.0647e+05  16206   7960   631    440      0      0      0   0.071   0.059   0.055   0.186     0.511
    3          inf         -inf   2.1121e+05  16206   8031    48      0      0     71      0   0.074   0.000   0.050   0.125     0.636
    4          inf         -inf   2.1215e+05  16206   8035   112      0      0      4      0   0.078   0.000   0.052   0.131     0.767
    5          inf         -inf   2.1217e+05  16264   8035   112     58      0      0      0   0.076   0.026   0.054   0.156     0.923
    6          inf   1.5296e+05   2.2155e+05  16789   8035   111    525      0      0      0   0.075   0.208   0.053   0.336     1.259
    7          inf   1.5296e+05   2.1073e+05  16789   8054     2      0      0     19      0   0.080   0.000   0.050   0.130     1.389
    8          inf   1.5296e+05   2.1082e+05  16789   8055     4      0      0      1      0   0.082   0.000   0.051   0.134     1.523
    9          inf   1.5296e+05   2.1082e+05  16791   8004     4      2      0      0     51   0.086   0.026   0.057   0.170     1.693
   10          inf   1.5296e+05   2.1130e+05  16791   8005     4      0      0      1      0   0.082   0.000   0.056   0.139     1.832
   11          inf   2.0043e+05   2.1130e+05  16987   7995     4    196      0      0     10   0.085   0.243   0.061   0.390     2.222
   12          inf   2.0043e+05   2.1061e+05  16987   7999     0      0      0      4      0   0.084   0.000   0.051   0.135     2.357
   13   2.1061e+05   2.0043e+05   2.1061e+05  17008   7970     0     21      0      0     29   0.088   0.024   0.051   0.163     2.520
   14   2.1061e+05   2.0043e+05   2.1060e+05  17008   7971     0      0      0      1      0   0.084   0.000   0.050   0.134     2.655
   15   2.1060e+05   2.1056e+05   2.1060e+05  17051   7971     0     43      0      0      0   0.087   0.217   0.055   0.359     3.014
   16   2.1059e+05   2.1058e+05   2.1059e+05  17051   7971     0     *8      0      0      0   0.084   0.193   0.049   0.326     3.340
CG optimal after 16 iterations. UB=210593.501491 LB=210575.695613 gap=1.781e+01 tol=2.106e+01  t_LP=1.490  t_PR=1.225  t_SP=0.846  t_Tot=3.571

# === STDOUT (result CSV) ===
Setting parameter 'LpMethod' to 2
Setting parameter 'GPUMode' to 2
Setting parameter 'Presolve' to 0
Setting parameter 'Crossover' to 0
instance,formulation,iterations,columns,objective,lower_bound,optimal,time,time_lp,time_pricing,time_separation
/home/simon/code/my/mcfcg/data/intermodal/BUS-7896-0.txt.gz,tree,16,9168,210593.501491,210575.695613,1,3.785,1.490,1.225,0.846
