# cmd: /home/simon/code/my/mcfcg/build/mcfcg_cli /home/simon/code/my/mcfcg/data/intermodal/BUS-2632-0.txt.gz --solver cuopt --formulation tree --max-iters 10000 --strategy pricer-heavy --time-limit 7200.0
# outcome: ok
# returncode: 0
# === STDERR (CG iteration log + preamble) ===
Instance: 119865 vertices, 397362 arcs, 2628 commodities, 2628 sources
Pricing threads: 32 (auto)
Slack mode: CommodityRows (struct=2628, capped_arcs=210464)
   It           UB           LB       LP_obj   #col   #row  #slk   +col   -col   +cut   -cut    t_LP    t_PR    t_SP   t_Tot     t_acc
    1          inf         -inf   6.8907e+04   5256   2724   161      0      0     96      0   0.378   0.000   0.033   0.411     0.411
    2          inf         -inf   6.9679e+04   5423   2724   229    167      0      0      0   0.070   0.021   0.032   0.123     0.534
    3          inf         -inf   7.1142e+04   5423   2801    16      0      0     77      0   0.042   0.000   0.032   0.074     0.608
    4          inf         -inf   7.2127e+04   5423   2802    42      0      0      1      0   0.043   0.000   0.034   0.078     0.685
    5          inf         -inf   7.2145e+04   5430   2802    43      7      0      0      0   0.044   0.017   0.035   0.097     0.782
    6          inf         -inf   7.6806e+04   5430   2804    45      0      0      2      0   0.045   0.000   0.035   0.080     0.862
    7          inf         -inf   7.6822e+04   5437   2784    46      7      0      0     20   0.045   0.019   0.036   0.101     0.963
    8          inf   2.8240e+04   8.4155e+04   5657   2775    37    220      0      0      9   0.050   0.074   0.032   0.157     1.120
    9          inf   2.8240e+04   7.1558e+04   5657   2817     2      0      0     42      0   0.051   0.000   0.029   0.080     1.200
   10          inf   2.8240e+04   7.1655e+04   5657   2818     7      0      0      1      0   0.050   0.000   0.034   0.084     1.284
   11          inf   6.6807e+04   7.1656e+04   5785   2802     7    128      0      0     16   0.050   0.079   0.036   0.166     1.450
   12          inf   6.6807e+04   7.1028e+04   5785   2803     0      0      0      1      0   0.048   0.000   0.029   0.078     1.527
   13   7.1028e+04   6.6807e+04   7.1028e+04   5791   2796     0      6      0      0      7   0.049   0.015   0.035   0.099     1.626
   14   7.1028e+04   7.0986e+04   7.1028e+04   5816   2765     0     25      0      0     31   0.048   0.057   0.034   0.139     1.766
   15   7.1028e+04   7.0986e+04   7.1027e+04   5816   2771     0      0      0      6      0   0.046   0.000   0.028   0.074     1.839
   16   7.1027e+04   7.0986e+04   7.1027e+04   5826   2761     0     10      0      0     10   0.048   0.017   0.032   0.098     1.937
   17   7.1027e+04   7.1022e+04   7.1027e+04   5826   2761     0     *0      0      0      0   0.046   0.118   0.034   0.198     2.135
CG optimal after 17 iterations. UB=71026.501033 LB=71021.874258 gap=4.627e+00 tol=7.103e+00  t_LP=1.151  t_PR=0.497  t_SP=0.560  t_Tot=2.215

# === STDOUT (result CSV) ===
instance,formulation,iterations,columns,objective,lower_bound,optimal,time,time_lp,time_pricing,time_separation
/home/simon/code/my/mcfcg/data/intermodal/BUS-2632-0.txt.gz,tree,17,3198,71026.501033,71021.874258,1,2.320,1.151,0.497,0.560
