# cmd: /home/simon/code/my/mcfcg/build/mcfcg_cli /home/simon/code/my/mcfcg/data/intermodal/SBT-56295-0.txt.gz --solver cuopt --formulation tree --max-iters 10000 --strategy pricer-heavy --time-limit 7200.0
# outcome: ok
# returncode: 0
# === STDERR (CG iteration log + preamble) ===
Instance: 263559 vertices, 4725174 arcs, 56269 commodities, 56269 sources
Pricing threads: 32 (auto)
Slack mode: CommodityRows (struct=56269, capped_arcs=4478154)
   It           UB           LB       LP_obj   #col   #row  #slk   +col   -col   +cut   -cut    t_LP    t_PR    t_SP   t_Tot     t_acc
    1          inf         -inf   1.4398e+06 112538  56332  1054      0      0     63      0   0.571   0.000   0.361   0.934     0.934
    2          inf         -inf   1.4541e+06 114364  56332  1658   1826      0      0      0   0.174   0.862   0.361   1.401     2.335
    3          inf         -inf   1.4482e+06 114364  56349     6      0      0     17      0   0.168   0.000   0.365   0.535     2.870
    4          inf         -inf   1.4484e+06 114364  56351    41      0      0      2      0   0.176   0.000   0.359   0.538     3.407
    5          inf         -inf   1.4484e+06 114416  56351    41     52      0      0      0   0.171   0.152   0.364   0.687     4.095
    6          inf   1.4445e+06   1.4488e+06 114985  56351    44    569      0      0      0   0.168  14.911   0.376  15.457    19.552
    7          inf   1.4445e+06   1.4479e+06 114985  56352     0      0      0      1      0   0.166   0.000   0.362   0.530    20.081
    8   1.4479e+06   1.4445e+06   1.4479e+06 115014  56311     0     29      0      0     41   0.167   0.153   0.365   0.688    20.769
    9   1.4479e+06   1.4445e+06   1.4479e+06 115014  56317     0      0      0      6      0   0.160   0.000   0.358   0.520    21.289
   10   1.4479e+06   1.4477e+06   1.4479e+06 115014  56317     0    *30      0      0      0   0.164  15.055   0.359  15.578    36.867
CG optimal after 10 iterations. UB=1447869.012400 LB=1447747.232074 gap=1.218e+02 tol=1.448e+02  t_LP=2.084  t_PR=46.012  t_SP=3.629  t_Tot=51.750

# === STDOUT (result CSV) ===
instance,formulation,iterations,columns,objective,lower_bound,optimal,time,time_lp,time_pricing,time_separation
/home/simon/code/my/mcfcg/data/intermodal/SBT-56295-0.txt.gz,tree,10,58745,1447869.012400,1447747.232074,1,52.875,2.084,46.012,3.629
