# cmd: /home/simon/code/my/mcfcg/build/mcfcg_cli /home/simon/code/my/mcfcg/data/intermodal/SBT-43785-0.txt.gz --solver copt --formulation tree --max-iters 10000 --strategy pricer-heavy --time-limit 7200.0
# outcome: ok
# returncode: 0
# === STDERR (CG iteration log + preamble) ===
Instance: 238529 vertices, 3741246 arcs, 43757 commodities, 43757 sources
Pricing threads: 32 (auto)
Slack mode: CommodityRows (struct=43757, capped_arcs=3494226)
   It           UB           LB       LP_obj   #col   #row  #slk   +col   -col   +cut   -cut    t_LP    t_PR    t_SP   t_Tot     t_acc
    1          inf         -inf   1.1175e+06  87514  43829   745      0      0     72      0   0.479   0.000   0.282   0.763     0.763
    2          inf         -inf   1.1284e+06  89098  43829  1264   1584      0      0      0   0.091   0.626   0.278   0.998     1.761
    3          inf         -inf   1.1237e+06  89098  43840     0      0      0     11      0   0.094   0.000   0.270   0.366     2.128
    4          inf         -inf   1.1238e+06  89246  43840    23    148      0      0      0   0.092   0.241   0.277   0.610     2.738
    5   1.1237e+06   1.1234e+06   1.1237e+06  89487  43840     0    241      0      0      0   0.096   8.840   0.271   9.208    11.946
    6   1.1236e+06   1.1235e+06   1.1236e+06  89487  43840     0     *1      0      0      0   0.091   8.918   0.271   9.280    21.226
CG optimal after 6 iterations. UB=1123600.000001 LB=1123517.013469 gap=8.299e+01 tol=1.124e+02  t_LP=0.943  t_PR=27.620  t_SP=1.649  t_Tot=30.222

# === STDOUT (result CSV) ===
Setting parameter 'LpMethod' to 2
Setting parameter 'GPUMode' to 2
Setting parameter 'Presolve' to 0
Setting parameter 'Crossover' to 0
instance,formulation,iterations,columns,objective,lower_bound,optimal,time,time_lp,time_pricing,time_separation
/home/simon/code/my/mcfcg/data/intermodal/SBT-43785-0.txt.gz,tree,6,45730,1123600.000001,1123517.013469,1,31.155,0.943,27.620,1.649
