# cmd: /home/simon/code/my/mcfcg/build/mcfcg_cli /home/simon/code/my/mcfcg/data/intermodal/BUS-13160-0.txt.gz --solver cuopt --formulation tree --max-iters 10000 --strategy pricer-heavy --time-limit 7200.0
# outcome: ok
# returncode: 0
# === STDERR (CG iteration log + preamble) ===
Instance: 140925 vertices, 1023858 arcs, 13135 commodities, 13135 sources
Pricing threads: 32 (auto)
Slack mode: CommodityRows (struct=13135, capped_arcs=836960)
   It           UB           LB       LP_obj   #col   #row  #slk   +col   -col   +cut   -cut    t_LP    t_PR    t_SP   t_Tot     t_acc
    1          inf         -inf   3.3868e+05  26270  13209   821      0      0     74      0   0.391   0.000   0.077   0.469     0.469
    2          inf         -inf   3.4174e+05  26944  13209  1041    674      0      0      0   0.081   0.094   0.075   0.252     0.721
    3          inf         -inf   3.4912e+05  26944  13260    70      0      0     51      0   0.068   0.000   0.076   0.144     0.865
    4          inf         -inf   3.5029e+05  26944  13262   145      0      0      2      0   0.112   0.000   0.071   0.183     1.048
    5          inf         -inf   3.5029e+05  26990  13262   146     46      0      0      0   0.100   0.033   0.071   0.204     1.252
    6          inf   3.0612e+05   3.5645e+05  27811  13262   162    821      0      0      0   0.075   0.442   0.071   0.590     1.842
    7          inf   3.0612e+05   3.4900e+05  27811  13293     7      0      0     31      0   0.120   0.000   0.072   0.192     2.035
    8          inf   3.0612e+05   3.4910e+05  27811  13294    15      0      0      1      0   0.128   0.000   0.073   0.202     2.236
    9          inf   3.0612e+05   3.4910e+05  27814  13242    16      3      0      0     52   0.089   0.031   0.071   0.191     2.427
   10          inf   3.0612e+05   3.5100e+05  27814  13245     9      0      0      3      0   0.088   0.000   0.071   0.160     2.587
   11          inf   3.3330e+05   3.5100e+05  28137  13243     9    323      0      0      2   0.084   0.470   0.073   0.629     3.216
   12          inf   3.3330e+05   3.4837e+05  28137  13246     0      0      0      3      0   0.087   0.000   0.072   0.160     3.376
   13          inf   3.3330e+05   3.4837e+05  28171  13211     2     34      0      0     35   0.088   0.037   0.070   0.196     3.572
   14          inf   3.3330e+05   3.4837e+05  28171  13215     0      0      0      4      0   0.086   0.000   0.071   0.158     3.729
   15   3.4837e+05   3.4832e+05   3.4837e+05  28198  13214     0     27      0      0      1   0.090   0.447   0.075   0.613     4.342
   16   3.4836e+05   3.4834e+05   3.4836e+05  28198  13214     0     *1      0      0      0   0.130   0.451   0.075   0.656     4.998
CG optimal after 16 iterations. UB=348361.505109 LB=348338.086824 gap=2.342e+01 tol=3.484e+01  t_LP=1.817  t_PR=2.460  t_SP=1.163  t_Tot=5.454

# === STDOUT (result CSV) ===
instance,formulation,iterations,columns,objective,lower_bound,optimal,time,time_lp,time_pricing,time_separation
/home/simon/code/my/mcfcg/data/intermodal/BUS-13160-0.txt.gz,tree,16,15063,348361.505109,348338.086824,1,5.677,1.817,2.460,1.163
