# cmd: /home/simon/code/my/mcfcg/build/mcfcg_cli /home/simon/code/my/mcfcg/data/intermodal/BUS-13160-0.txt.gz --solver copt --formulation tree --max-iters 10000 --strategy pricer-heavy --time-limit 7200.0
# outcome: ok
# returncode: 0
# === STDERR (CG iteration log + preamble) ===
Instance: 140925 vertices, 1023858 arcs, 13135 commodities, 13135 sources
Pricing threads: 32 (auto)
Slack mode: CommodityRows (struct=13135, capped_arcs=836960)
   It           UB           LB       LP_obj   #col   #row  #slk   +col   -col   +cut   -cut    t_LP    t_PR    t_SP   t_Tot     t_acc
    1          inf         -inf   3.3868e+05  26270  13208   783      0      0     73      0   0.369   0.000   0.071   0.441     0.441
    2          inf         -inf   3.4174e+05  26924  13208  1041    654      0      0      0   0.083   0.094   0.071   0.250     0.691
    3          inf         -inf   3.4913e+05  26924  13259    71      0      0     51      0   0.078   0.000   0.072   0.151     0.842
    4          inf         -inf   3.5030e+05  27323  13259   146    399      0      0      0   0.086   0.070   0.071   0.228     1.070
    5          inf         -inf   3.5341e+05  27323  13269    81      0      0     10      0   0.084   0.000   0.072   0.157     1.227
    6          inf         -inf   3.5346e+05  27504  13269    82    181      0      0      0   0.089   0.056   0.071   0.217     1.444
    7          inf         -inf   3.6270e+05  27504  13271    45      0      0      2      0   0.087   0.000   0.070   0.158     1.602
    8          inf         -inf   3.6273e+05  27504  13273    47      0      0      2      0   0.091   0.000   0.071   0.162     1.764
    9          inf         -inf   3.6273e+05  27537  13212    50     33      0      0     61   0.097   0.037   0.070   0.204     1.968
   10          inf         -inf   3.6850e+05  27537  13220    65      0      0      8      0   0.084   0.000   0.071   0.156     2.124
   11          inf         -inf   3.6856e+05  27636  13205    68     99      0      0     15   0.087   0.054   0.070   0.214     2.337
   12          inf         -inf   3.5382e+05  27636  13213    26      0      0      8      0   0.087   0.000   0.072   0.160     2.497
   13          inf         -inf   3.5382e+05  27712  13210    29     76      0      0      3   0.086   0.042   0.071   0.200     2.697
   14          inf         -inf   3.5152e+05  27712  13218    20      0      0      8      0   0.085   0.000   0.072   0.157     2.855
   15          inf         -inf   3.5154e+05  27801  13209    24     89      0      0      9   0.090   0.044   0.071   0.206     3.061
   16          inf         -inf   3.5198e+05  27801  13211    12      0      0      2      0   0.086   0.000   0.071   0.158     3.219
   17          inf         -inf   3.5198e+05  27847  13202    12     46      0      0      9   0.092   0.037   0.070   0.199     3.418
   18          inf         -inf   3.5153e+05  27847  13211    10      0      0      9      0   0.085   0.000   0.074   0.160     3.578
   19          inf         -inf   3.5153e+05  27866  13202    10     19      0      0      9   0.086   0.034   0.071   0.193     3.771
   20          inf         -inf   3.5252e+05  27866  13204     9      0      0      2      0   0.084   0.000   0.070   0.154     3.925
   21          inf   3.0461e+05   3.5252e+05  28154  13200     9    288      0      0      4   0.089   0.456   0.075   0.622     4.547
   22          inf   3.0461e+05   3.4834e+05  28154  13225     0      0      0     25      0   0.086   0.000   0.071   0.158     4.705
   23          inf   3.0461e+05   3.4839e+05  28194  13223     1     40      0      0      2   0.090   0.054   0.070   0.215     4.920
   24   3.4837e+05   3.4833e+05   3.4837e+05  28224  13222     0     30      0      0      1   0.083   0.412   0.070   0.566     5.486
   25   3.4837e+05   3.4833e+05   3.4836e+05  28224  13224     0      0      0      2      0   0.089   0.000   0.074   0.163     5.649
   26   3.4836e+05   3.4834e+05   3.4836e+05  28224  13224     0     *2      0      0      0   0.086   0.455   0.072   0.613     6.262
CG optimal after 26 iterations. UB=348361.500163 LB=348336.740538 gap=2.476e+01 tol=3.484e+01  t_LP=2.541  t_PR=2.306  t_SP=1.855  t_Tot=6.724

# === STDOUT (result CSV) ===
Setting parameter 'LpMethod' to 2
Setting parameter 'GPUMode' to 2
Setting parameter 'Presolve' to 0
Setting parameter 'Crossover' to 0
instance,formulation,iterations,columns,objective,lower_bound,optimal,time,time_lp,time_pricing,time_separation
/home/simon/code/my/mcfcg/data/intermodal/BUS-13160-0.txt.gz,tree,26,15089,348361.500163,348336.740538,1,7.009,2.541,2.306,1.855
