# cmd: /home/simon/code/my/mcfcg/build/mcfcg_cli /home/simon/code/my/mcfcg/data/intermodal/SBT-56295-0.txt.gz --solver copt --formulation tree --max-iters 10000 --strategy pricer-heavy --time-limit 7200.0
# outcome: ok
# returncode: 0
# === STDERR (CG iteration log + preamble) ===
Instance: 263559 vertices, 4725174 arcs, 56269 commodities, 56269 sources
Pricing threads: 32 (auto)
Slack mode: CommodityRows (struct=56269, capped_arcs=4478154)
   It           UB           LB       LP_obj   #col   #row  #slk   +col   -col   +cut   -cut    t_LP    t_PR    t_SP   t_Tot     t_acc
    1          inf         -inf   1.4398e+06 112538  56332   974      0      0     63      0   0.539   0.000   0.352   0.893     0.893
    2          inf         -inf   1.4541e+06 114364  56332  1658   1826      0      0      0   0.104   0.890   0.344   1.342     2.235
    3          inf         -inf   1.4482e+06 114364  56350     7      0      0     18      0   0.100   0.000   0.370   0.472     2.707
    4          inf         -inf   1.4484e+06 114364  56352    42      0      0      2      0   0.099   0.000   0.347   0.448     3.155
    5          inf         -inf   1.4484e+06 114416  56352    42     52      0      0      0   0.105   0.153   0.344   0.603     3.759
    6          inf   1.4445e+06   1.4488e+06 114986  56352    45    570      0      0      0   0.105  15.090   0.348  15.545    19.304
    7          inf   1.4445e+06   1.4479e+06 114986  56353     0      0      0      1      0   0.106   0.000   0.366   0.474    19.778
    8   1.4479e+06   1.4445e+06   1.4479e+06 115019  56312     0     33      0      0     41   0.101   0.150   0.348   0.602    20.380
    9   1.4479e+06   1.4445e+06   1.4479e+06 115019  56320     0      0      0      8      0   0.099   0.000   0.348   0.450    20.830
   10   1.4479e+06   1.4477e+06   1.4479e+06 115019  56320     0    *30      0      0      0   0.103  15.079   0.357  15.539    36.369
CG optimal after 10 iterations. UB=1447869.000000 LB=1447747.204200 gap=1.218e+02 tol=1.448e+02  t_LP=1.462  t_PR=46.383  t_SP=3.525  t_Tot=51.395

# === STDOUT (result CSV) ===
Setting parameter 'LpMethod' to 2
Setting parameter 'GPUMode' to 2
Setting parameter 'Presolve' to 0
Setting parameter 'Crossover' to 0
instance,formulation,iterations,columns,objective,lower_bound,optimal,time,time_lp,time_pricing,time_separation
/home/simon/code/my/mcfcg/data/intermodal/SBT-56295-0.txt.gz,tree,10,58750,1447869.000000,1447747.204200,1,52.543,1.462,46.383,3.525
