# cmd: /home/simon/code/my/mcfcg/build/mcfcg_cli /home/simon/code/my/mcfcg/data/intermodal/SBT-6255-0.txt.gz --solver copt --formulation path --max-iters 10000 --strategy pricer-heavy --time-limit 7200.0
# outcome: ok
# returncode: 0
# === STDERR (CG iteration log + preamble) ===
Instance: 163487 vertices, 809375 arcs, 6251 commodities, 6251 sources
Pricing threads: 32 (auto)
Slack mode: CommodityRows (struct=6251, capped_arcs=562355)
   It           UB           LB       LP_obj   #col   #row  #slk   +col   -col   +cut   -cut    t_LP    t_PR    t_SP   t_Tot     t_acc
    1          inf         -inf   1.5957e+05  12502   6351   120      0      0    100      0   0.344   0.000   0.062   0.407     0.407
    2          inf         -inf   1.6193e+05  12845   6351   241    343      0      0      0   0.065   0.055   0.059   0.180     0.587
    3          inf         -inf   1.6084e+05  12845   6369     7      0      0     18      0   0.064   0.000   0.057   0.121     0.708
    4          inf         -inf   1.6089e+05  12845   6370    14      0      0      1      0   0.064   0.000   0.058   0.122     0.830
    5          inf         -inf   1.6089e+05  12852   6370    14      7      0      0      0   0.064   0.026   0.057   0.146     0.977
    6          inf   1.5447e+05   1.6290e+05  13009   6370    13    157      0      0      0   0.063   0.378   0.056   0.498     1.475
    7          inf   1.5447e+05   1.6061e+05  13009   6376     0      0      0      6      0   0.065   0.000   0.058   0.124     1.599
    8   1.6061e+05   1.6058e+05   1.6061e+05  13017   6328     0      8      0      0     48   0.066   0.400   0.058   0.525     2.123
    9   1.6061e+05   1.6058e+05   1.6061e+05  13017   6338     0      0      0     10      0   0.064   0.000   0.056   0.121     2.244
   10   1.6061e+05   1.6059e+05   1.6061e+05  13017   6338     0     *0      0      0      0   0.064   0.400   0.057   0.521     2.766
CG optimal after 10 iterations. UB=160606.000000 LB=160594.247700 gap=1.175e+01 tol=1.606e+01  t_LP=0.924  t_PR=1.668  t_SP=0.578  t_Tot=3.175

# === STDOUT (result CSV) ===
Setting parameter 'LpMethod' to 2
Setting parameter 'GPUMode' to 2
Setting parameter 'Presolve' to 0
Setting parameter 'Crossover' to 0
instance,formulation,iterations,columns,objective,lower_bound,optimal,time,time_lp,time_pricing,time_separation
/home/simon/code/my/mcfcg/data/intermodal/SBT-6255-0.txt.gz,path,10,6766,160606.000000,160594.247700,1,3.416,0.924,1.668,0.578
