# cmd: /home/simon/code/my/mcfcg/build/mcfcg_cli /home/simon/code/my/mcfcg/data/intermodal/BUS-2632-0.txt.gz --solver copt --formulation path --max-iters 10000 --strategy pricer-heavy --time-limit 7200.0
# outcome: ok
# returncode: 0
# === STDERR (CG iteration log + preamble) ===
Instance: 119865 vertices, 397362 arcs, 2628 commodities, 2628 sources
Pricing threads: 32 (auto)
Slack mode: CommodityRows (struct=2628, capped_arcs=210464)
   It           UB           LB       LP_obj   #col   #row  #slk   +col   -col   +cut   -cut    t_LP    t_PR    t_SP   t_Tot     t_acc
    1          inf         -inf   6.8907e+04   5256   2722   161      0      0     94      0   0.263   0.000   0.031   0.295     0.295
    2          inf         -inf   6.9679e+04   5426   2722   229    170      0      0      0   0.079   0.027   0.034   0.141     0.435
    3          inf         -inf   7.1144e+04   5426   2793    14      0      0     71      0   0.068   0.000   0.032   0.100     0.535
    4          inf         -inf   7.2241e+04   5566   2793    46    140      0      0      0   0.068   0.025   0.032   0.126     0.661
    5          inf         -inf   7.2671e+04   5566   2817    13      0      0     24      0   0.071   0.000   0.033   0.104     0.765
    6          inf         -inf   7.2842e+04   5566   2821    19      0      0      4      0   0.078   0.000   0.036   0.114     0.879
    7          inf         -inf   7.2859e+04   5589   2803    20     23      0      0     18   0.076   0.019   0.036   0.131     1.009
    8          inf         -inf   7.4669e+04   5589   2807    14      0      0      4      0   0.073   0.000   0.033   0.106     1.115
    9          inf         -inf   7.4679e+04   5599   2786    15     10      0      0     21   0.072   0.019   0.036   0.128     1.243
   10          inf         -inf   7.6257e+04   5599   2791    14      0      0      5      0   0.074   0.000   0.035   0.109     1.352
   11          inf         -inf   7.6257e+04   5608   2754    14      9      0      0     37   0.074   0.020   0.035   0.129     1.481
   12          inf         -inf   7.5871e+04   5608   2758    14      0      0      4      0   0.075   0.000   0.029   0.104     1.585
   13          inf         -inf   7.5877e+04   5618   2750    15     10      0      0      8   0.072   0.015   0.030   0.117     1.702
   14          inf         -inf   8.0486e+04   5618   2755    11      0      0      5      0   0.071   0.000   0.030   0.102     1.804
   15          inf         -inf   8.0516e+04   5629   2752    13     11      0      0      3   0.071   0.018   0.035   0.124     1.928
   16          inf         -inf   8.0495e+04   5629   2761    10      0      0      9      0   0.074   0.000   0.036   0.110     2.038
   17          inf         -inf   8.0512e+04   5637   2755    11      8      0      0      6   0.074   0.015   0.030   0.120     2.158
   18          inf         -inf   9.0864e+04   5637   2758    11      0      0      3      0   0.074   0.000   0.033   0.107     2.265
   19          inf         -inf   9.0865e+04   5640   2756    11      3      0      0      2   0.076   0.019   0.036   0.131     2.396
   20          inf         -inf   9.1392e+04   5640   2757     9      0      0      1      0   0.075   0.000   0.035   0.111     2.507
   21          inf         -inf   9.1392e+04   5640   2758     9      0      0      1      0   0.076   0.000   0.037   0.113     2.620
   22          inf         -inf   9.1392e+04   5643   2756     9      3      0      0      2   0.076   0.018   0.035   0.129     2.749
   23          inf         -inf   9.6550e+04   5643   2759     9      0      0      3      0   0.080   0.000   0.037   0.117     2.867
   24          inf         -inf   9.6550e+04   5646   2758     9      3      0      0      1   0.092   0.019   0.036   0.147     3.013
   25          inf         -inf   1.0005e+05   5646   2764     6      0      0      6      0   0.077   0.000   0.036   0.113     3.127
   26          inf         -inf   1.0005e+05   5664   2758     6     18      0      0      6   0.079   0.019   0.036   0.134     3.261
   27          inf         -inf   2.0352e+05   5664   2759     6      0      0      1      0   0.077   0.000   0.035   0.112     3.373
   28          inf  -3.7726e+05   2.0352e+05   5813   2758     6    149      0      0      1   0.079   0.090   0.036   0.206     3.579
   29          inf  -3.7726e+05   7.1030e+04   5813   2779     0      0      0     21      0   0.077   0.000   0.030   0.107     3.686
   30   7.1041e+04  -3.7726e+05   7.1041e+04   5827   2775     0     14      0      0      4   0.081   0.022   0.035   0.138     3.824
   31   7.1039e+04   7.0976e+04   7.1039e+04   5853   2774     0     26      0      0      1   0.081   0.065   0.035   0.182     4.006
   32   7.1039e+04   7.0976e+04   7.1030e+04   5853   2779     0      0      0      5      0   0.078   0.000   0.035   0.113     4.119
   33   7.1031e+04   7.0976e+04   7.1031e+04   5864   2777     0     11      0      0      2   0.081   0.018   0.033   0.132     4.251
   34   7.1031e+04   7.1018e+04   7.1031e+04   5873   2758     0      9      0      0     19   0.079   0.062   0.034   0.175     4.426
   35   7.1031e+04   7.1018e+04   7.1027e+04   5873   2764     0      0      0      6      0   0.077   0.000   0.032   0.108     4.534
   36   7.1027e+04   7.1018e+04   7.1027e+04   5875   2750     0      2      0      0     14   0.079   0.022   0.035   0.136     4.671
   37   7.1027e+04   7.1018e+04   7.1027e+04   5875   2754     0      0      0      4      0   0.075   0.000   0.032   0.107     4.778
   38   7.1027e+04   7.1021e+04   7.1027e+04   5875   2754     0     *1      0      0      0   0.080   0.084   0.036   0.200     4.978
CG optimal after 38 iterations. UB=71026.500000 LB=71020.623753 gap=5.876e+00 tol=7.103e+00  t_LP=3.081  t_PR=0.668  t_SP=1.291  t_Tot=5.054

# === STDOUT (result CSV) ===
Setting parameter 'LpMethod' to 2
Setting parameter 'GPUMode' to 2
Setting parameter 'Presolve' to 0
Setting parameter 'Crossover' to 0
instance,formulation,iterations,columns,objective,lower_bound,optimal,time,time_lp,time_pricing,time_separation
/home/simon/code/my/mcfcg/data/intermodal/BUS-2632-0.txt.gz,path,38,3247,71026.500000,71020.623753,1,5.197,3.081,0.668,1.291
