# cmd: /home/simon/code/my/mcfcg/build/mcfcg_cli /home/simon/code/my/mcfcg/data/intermodal/SBT-31275-0.txt.gz --solver copt --formulation path --max-iters 10000 --strategy pricer-heavy --time-limit 7200.0
# outcome: ok
# returncode: 0
# === STDERR (CG iteration log + preamble) ===
Instance: 213509 vertices, 2760366 arcs, 31252 commodities, 31252 sources
Pricing threads: 32 (auto)
Slack mode: CommodityRows (struct=31252, capped_arcs=2513346)
   It           UB           LB       LP_obj   #col   #row  #slk   +col   -col   +cut   -cut    t_LP    t_PR    t_SP   t_Tot     t_acc
    1          inf         -inf   7.9697e+05  62504  31318   523      0      0     66      0   0.440   0.000   0.189   0.630     0.630
    2          inf         -inf   8.0461e+05  63530  31318   892   1026      0      0      0   0.086   0.293   0.196   0.577     1.207
    3          inf         -inf   8.0139e+05  63530  31331     0      0      0     13      0   0.094   0.000   0.189   0.285     1.492
    4          inf         -inf   8.0149e+05  63674  31331    20    144      0      0      0   0.101   0.166   0.200   0.468     1.960
    5   8.0138e+05   8.0067e+05   8.0138e+05  63794  31331     0    120      0      0      0   0.098   4.867   0.188   5.153     7.113
    6   8.0132e+05   8.0126e+05   8.0132e+05  63794  31331     0    *10      0      0      0   0.090   4.789   0.189   5.068    12.181
CG optimal after 6 iterations. UB=801323.000001 LB=801260.858116 gap=6.214e+01 tol=8.013e+01  t_LP=0.909  t_PR=15.058  t_SP=1.150  t_Tot=17.124

# === STDOUT (result CSV) ===
Setting parameter 'LpMethod' to 2
Setting parameter 'GPUMode' to 2
Setting parameter 'Presolve' to 0
Setting parameter 'Crossover' to 0
instance,formulation,iterations,columns,objective,lower_bound,optimal,time,time_lp,time_pricing,time_separation
/home/simon/code/my/mcfcg/data/intermodal/SBT-31275-0.txt.gz,path,6,32542,801323.000001,801260.858116,1,17.818,0.909,15.058,1.150
