# cmd: /home/simon/code/my/mcfcg/build/mcfcg_cli /home/simon/code/my/mcfcg/data/intermodal/BUS-18424-0.txt.gz --solver cuopt --formulation path --max-iters 10000 --strategy pricer-heavy --time-limit 7200.0
# outcome: ok
# returncode: 0
# === STDERR (CG iteration log + preamble) ===
Instance: 151455 vertices, 1338522 arcs, 18388 commodities, 18388 sources
Pricing threads: 32 (auto)
Slack mode: CommodityRows (struct=18388, capped_arcs=1151624)
   It           UB           LB       LP_obj   #col   #row  #slk   +col   -col   +cut   -cut    t_LP    t_PR    t_SP   t_Tot     t_acc
    1          inf         -inf   4.7151e+05  36776  18454  1078      0      0     66      0   0.449   0.000   0.094   0.544     0.544
    2          inf         -inf   4.7582e+05  37650  18454  1435    874      0      0      0   0.108   0.155   0.100   0.365     0.908
    3          inf         -inf   4.8634e+05  37650  18497   108      0      0     43      0   0.100   0.000   0.093   0.194     1.102
    4          inf         -inf   4.8788e+05  38299  18497   222    649      0      0      0   0.108   0.128   0.092   0.330     1.432
    5          inf         -inf   4.9522e+05  38299  18508    89      0      0     11      0   0.105   0.000   0.098   0.204     1.636
    6          inf         -inf   4.9534e+05  38299  18513    99      0      0      5      0   0.116   0.000   0.093   0.210     1.846
    7          inf         -inf   4.9534e+05  38319  18490   101     20      0      0     23   0.113   0.041   0.090   0.245     2.091
    8          inf   4.1260e+05   5.0682e+05  39184  18483   101    865      0      0      7   0.113   0.714   0.093   0.922     3.013
    9          inf   4.1260e+05   4.8493e+05  39184  18511     0      0      0     28      0   0.114   0.000   0.092   0.207     3.219
   10          inf   4.1260e+05   4.8510e+05  39184  18513    11      0      0      2      0   0.125   0.000   0.101   0.227     3.446
   11          inf   4.1260e+05   4.8510e+05  39196  18480    11     12      0      0     33   0.128   0.037   0.096   0.262     3.708
   12          inf   4.1260e+05   4.8520e+05  39196  18482     6      0      0      2      0   0.125   0.000   0.092   0.218     3.926
   13          inf   4.1260e+05   4.8520e+05  39197  18477     6      1      0      0      5   0.123   0.040   0.090   0.254     4.180
   14          inf   4.1260e+05   4.8527e+05  39197  18478     5      0      0      1      0   0.118   0.000   0.091   0.210     4.390
   15          inf   4.1260e+05   4.8527e+05  39199  18452     5      2      0      0     26   0.121   0.039   0.098   0.259     4.648
   16          inf   4.1260e+05   4.8531e+05  39199  18456     5      0      0      4      0   0.116   0.000   0.091   0.208     4.856
   17          inf   4.8079e+05   4.8531e+05  39418  18454     5    219      0      0      2   0.120   0.739   0.090   0.950     5.806
   18          inf   4.8079e+05   4.8503e+05  39418  18461     0      0      0      7      0   0.122   0.000   0.090   0.213     6.019
   19   4.8503e+05   4.8079e+05   4.8503e+05  39424  18460     0      6      0      0      1   0.121   0.058   0.090   0.270     6.289
   20   4.8503e+05   4.8079e+05   4.8503e+05  39424  18461     0      0      0      1      0   0.118   0.000   0.090   0.209     6.498
   21   4.8503e+05   4.8495e+05   4.8503e+05  39483  18460     0     59      0      0      1   0.140   0.718   0.090   0.950     7.448
   22   4.8503e+05   4.8495e+05   4.8503e+05  39483  18461     0      0      0      1      0   0.119   0.000   0.091   0.211     7.658
   23   4.8503e+05   4.8499e+05   4.8503e+05  39483  18461     0     *2      0      0      0   0.121   0.759   0.092   0.972     8.631
CG optimal after 23 iterations. UB=485025.545150 LB=484992.530131 gap=3.302e+01 tol=4.850e+01  t_LP=3.043  t_PR=4.155  t_SP=2.136  t_Tot=9.359

# === STDOUT (result CSV) ===
instance,formulation,iterations,columns,objective,lower_bound,optimal,time,time_lp,time_pricing,time_separation
/home/simon/code/my/mcfcg/data/intermodal/BUS-18424-0.txt.gz,path,23,21095,485025.545150,484992.530131,1,9.638,3.043,4.155,2.136
