# cmd: /home/simon/code/my/mcfcg/build/mcfcg_cli /home/simon/code/my/mcfcg/data/intermodal/SBT-31275-0.txt.gz --solver copt --formulation tree --max-iters 10000 --strategy pricer-heavy --time-limit 7200.0
# outcome: ok
# returncode: 0
# === STDERR (CG iteration log + preamble) ===
Instance: 213509 vertices, 2760366 arcs, 31252 commodities, 31252 sources
Pricing threads: 32 (auto)
Slack mode: CommodityRows (struct=31252, capped_arcs=2513346)
   It           UB           LB       LP_obj   #col   #row  #slk   +col   -col   +cut   -cut    t_LP    t_PR    t_SP   t_Tot     t_acc
    1          inf         -inf   7.9697e+05  62504  31318   523      0      0     66      0   0.456   0.000   0.194   0.652     0.652
    2          inf         -inf   8.0461e+05  63528  31318   892   1024      0      0      0   0.084   0.293   0.195   0.576     1.227
    3          inf         -inf   8.0139e+05  63528  31331     0      0      0     13      0   0.083   0.000   0.191   0.276     1.503
    4          inf         -inf   8.0149e+05  63669  31331    20    141      0      0      0   0.087   0.159   0.188   0.435     1.938
    5   8.0138e+05   8.0079e+05   8.0138e+05  63790  31331     0    121      0      0      0   0.081   4.719   0.191   4.992     6.930
    6   8.0132e+05   8.0126e+05   8.0132e+05  63790  31331     0     *0      0      0      0   0.080   9.402   0.190   9.672    16.602
CG optimal after 6 iterations. UB=801323.000000 LB=801264.507100 gap=5.849e+01 tol=8.013e+01  t_LP=0.871  t_PR=19.348  t_SP=1.150  t_Tot=21.377

# === STDOUT (result CSV) ===
Setting parameter 'LpMethod' to 2
Setting parameter 'GPUMode' to 2
Setting parameter 'Presolve' to 0
Setting parameter 'Crossover' to 0
instance,formulation,iterations,columns,objective,lower_bound,optimal,time,time_lp,time_pricing,time_separation
/home/simon/code/my/mcfcg/data/intermodal/SBT-31275-0.txt.gz,tree,6,32538,801323.000000,801264.507100,1,22.086,0.871,19.348,1.150
