# cmd: /home/simon/code/my/mcfcg/build/mcfcg_cli /home/simon/code/my/mcfcg/data/intermodal/BUS-18424-0.txt.gz --solver cuopt --formulation tree --max-iters 10000 --strategy pricer-heavy --time-limit 7200.0
# outcome: ok
# returncode: 0
# === STDERR (CG iteration log + preamble) ===
Instance: 151455 vertices, 1338522 arcs, 18388 commodities, 18388 sources
Pricing threads: 32 (auto)
Slack mode: CommodityRows (struct=18388, capped_arcs=1151624)
   It           UB           LB       LP_obj   #col   #row  #slk   +col   -col   +cut   -cut    t_LP    t_PR    t_SP   t_Tot     t_acc
    1          inf         -inf   4.7151e+05  36776  18456  1125      0      0     68      0   0.467   0.000   0.094   0.562     0.562
    2          inf         -inf   4.7582e+05  37653  18456  1435    877      0      0      0   0.092   0.142   0.095   0.331     0.893
    3          inf         -inf   4.8625e+05  37653  18499   103      0      0     43      0   0.114   0.000   0.093   0.208     1.101
    4          inf         -inf   4.8778e+05  38260  18499   217    607      0      0      0   0.089   0.131   0.092   0.314     1.416
    5          inf         -inf   4.9511e+05  38260  18513    88      0      0     14      0   0.093   0.000   0.091   0.185     1.601
    6          inf         -inf   4.9528e+05  38260  18518    98      0      0      5      0   0.102   0.000   0.091   0.194     1.794
    7          inf         -inf   4.9528e+05  38280  18493   100     20      0      0     25   0.100   0.041   0.095   0.238     2.032
    8          inf   4.1199e+05   5.0676e+05  39234  18486    99    954      0      0      7   0.142   0.725   0.091   0.960     2.993
    9          inf   4.1199e+05   4.8493e+05  39234  18513     0      0      0     27      0   0.139   0.000   0.093   0.233     3.226
   10          inf   4.1199e+05   4.8509e+05  39234  18515    11      0      0      2      0   0.108   0.000   0.091   0.200     3.426
   11          inf   4.1199e+05   4.8509e+05  39252  18481    11     18      0      0     34   0.115   0.038   0.102   0.255     3.681
   12          inf   4.1199e+05   4.8520e+05  39252  18483     6      0      0      2      0   0.101   0.000   0.092   0.194     3.875
   13          inf   4.1199e+05   4.8520e+05  39253  18478     6      1      0      0      5   0.104   0.043   0.093   0.241     4.116
   14          inf   4.1199e+05   4.8527e+05  39253  18479     5      0      0      1      0   0.099   0.000   0.091   0.191     4.307
   15          inf   4.1199e+05   4.8527e+05  39255  18453     5      2      0      0     26   0.101   0.038   0.093   0.233     4.540
   16          inf   4.1199e+05   4.8530e+05  39255  18456     5      0      0      3      0   0.137   0.000   0.091   0.229     4.769
   17          inf   4.8076e+05   4.8530e+05  39534  18454     5    279      0      0      2   0.101   0.764   0.091   0.958     5.727
   18          inf   4.8076e+05   4.8503e+05  39534  18460     0      0      0      6      0   0.101   0.000   0.093   0.195     5.922
   19   4.8503e+05   4.8076e+05   4.8503e+05  39541  18459     0      7      0      0      1   0.144   0.055   0.093   0.293     6.215
   20   4.8503e+05   4.8076e+05   4.8503e+05  39541  18460     0      0      0      1      0   0.102   0.000   0.091   0.194     6.409
   21   4.8503e+05   4.8499e+05   4.8503e+05  39541  18460     0     *5      0      0      0   0.146   0.771   0.090   1.007     7.416
CG optimal after 21 iterations. UB=485026.504713 LB=484991.409986 gap=3.509e+01 tol=4.850e+01  t_LP=2.699  t_PR=3.494  t_SP=1.949  t_Tot=8.164

# === STDOUT (result CSV) ===
instance,formulation,iterations,columns,objective,lower_bound,optimal,time,time_lp,time_pricing,time_separation
/home/simon/code/my/mcfcg/data/intermodal/BUS-18424-0.txt.gz,tree,21,21153,485026.504713,484991.409986,1,8.447,2.699,3.494,1.949
