# cmd: /home/simon/code/my/mcfcg/build/mcfcg_cli /home/simon/code/my/mcfcg/data/commalab/planar/planar80 --solver cuopt --formulation tree --max-iters 10000 --time-limit 7200.0
# outcome: ok
# returncode: 0
# === STDERR (CG iteration log + preamble) ===
Instance: 80 vertices, 440 arcs, 543 commodities, 80 sources
Pricing threads: 32 (auto)
Slack mode: CommodityRows (struct=80, capped_arcs=440)
   It           UB           LB       LP_obj   #col   #row  #slk   +col   -col   +cut   -cut    t_LP    t_PR    t_SP   t_Tot     t_acc
    1          inf   1.6746e+08   1.7179e+07    160     80    80      0      0      0      0   0.356   0.001   0.000   0.356     0.356
    2          inf   1.6746e+08   1.3972e+08    160    126    30      0      0     46      0   0.024   0.000   0.000   0.024     0.381
    3          inf   1.6746e+08   2.7056e+08    235    130    64     75      0      4      0   0.040   0.000   0.000   0.040     0.421
    4          inf   1.6746e+08   4.6180e+08    314    134    47     79      0      4      0   0.047   0.000   0.000   0.048     0.468
    5          inf   1.6746e+08   3.6976e+08    394    148    34     80      0     14      0   0.056   0.000   0.000   0.056     0.524
    6          inf   1.6746e+08   3.2965e+08    468    160    28     80      6     12      0   0.050   0.000   0.000   0.051     0.575
    7          inf   1.6746e+08   2.6616e+08    548    174    18     80      0     14      0   0.057   0.000   0.000   0.058     0.633
    8          inf   1.6746e+08   2.4280e+08    605    190    14     80     23     16      0   0.060   0.000   0.000   0.060     0.693
    9          inf   1.6746e+08   2.1971e+08    650    196     8     80     35      6      0   0.068   0.000   0.000   0.069     0.762
   10          inf   1.6746e+08   1.9170e+08    687    219     1     80     43     23      0   0.070   0.000   0.000   0.071     0.833
   11          inf   1.6746e+08   1.9645e+08    718    220     5     80     49      1      0   0.072   0.000   0.000   0.073     0.905
   12          inf   1.6746e+08   1.8606e+08    761    224     1     80     37      4      0   0.072   0.000   0.000   0.073     0.978
   13          inf   1.7665e+08   1.8488e+08    792    226     0     79     48      2      0   0.071   0.000   0.000   0.071     1.050
   14   1.8417e+08   1.7858e+08   1.8417e+08    821    226     0     79     50      0      0   0.065   0.000   0.000   0.066     1.116
   15   1.8417e+08   1.7873e+08   1.8363e+08    826    227     0     80     75      1      0   0.067   0.000   0.000   0.068     1.183
   16   1.8329e+08   1.7971e+08   1.8329e+08    811    227     0     80     95      0      0   0.064   0.000   0.000   0.064     1.247
   17   1.8299e+08   1.8065e+08   1.8299e+08    823    227     0     77     65      0      0   0.070   0.000   0.000   0.071     1.319
   18   1.8279e+08   1.8138e+08   1.8279e+08    804    227     0     73     92      0      0   0.070   0.000   0.000   0.071     1.390
   19   1.8263e+08   1.8168e+08   1.8263e+08    797    227     0     77     84      0      0   0.068   0.000   0.000   0.069     1.458
   20   1.8252e+08   1.8182e+08   1.8252e+08    804    227     0     75     68      0      0   0.068   0.000   0.000   0.068     1.527
   21   1.8246e+08   1.8201e+08   1.8246e+08    813    227     0     77     68      0      0   0.072   0.000   0.000   0.072     1.599
   22   1.8246e+08   1.8236e+08   1.8244e+08    810    228     0     74     77      1      0   0.076   0.000   0.000   0.076     1.675
   23   1.8244e+08   1.8241e+08   1.8244e+08    812    228     0     67     65      0      0   0.075   0.000   0.000   0.076     1.751
   24   1.8244e+08   1.8244e+08   1.8244e+08    812    228     0    *42      0      0      0   0.068   0.000   0.000   0.068     1.819
CG optimal after 24 iterations. UB=182436231.402815 LB=182436217.372240 gap=1.403e+01 tol=1.824e+04  t_LP=1.806  t_PR=0.006  t_SP=0.003  t_Tot=1.821

# === STDOUT (result CSV) ===
instance,formulation,iterations,columns,objective,lower_bound,optimal,time,time_lp,time_pricing,time_separation
/home/simon/code/my/mcfcg/data/commalab/planar/planar80,tree,24,732,182436231.402815,182436217.372240,1,1.828,1.806,0.006,0.003
