# cmd: /home/simon/code/my/mcfcg/build/mcfcg_cli /home/simon/code/my/mcfcg/data/commalab/planar/planar500 --solver cuopt --formulation tree --max-iters 10000 --time-limit 7200.0
# outcome: ok
# returncode: 0
# === STDERR (CG iteration log + preamble) ===
Instance: 500 vertices, 2842 arcs, 3525 commodities, 500 sources
Pricing threads: 32 (auto)
Slack mode: CommodityRows (struct=500, capped_arcs=2842)
   It           UB           LB       LP_obj   #col   #row  #slk   +col   -col   +cut   -cut    t_LP    t_PR    t_SP   t_Tot     t_acc
    1          inf   4.7613e+08   1.4003e+08   1000    500   486      0      0      0      0   0.357   0.005   0.000   0.362     0.362
    2          inf   4.7613e+08   4.7568e+08   1000    604     1      0      0    104      0   0.021   0.005   0.000   0.026     0.387
    3          inf   4.7613e+08   6.6299e+08   1457    604   142    457      0      0      0   0.069   0.002   0.000   0.073     0.460
    4          inf   4.7613e+08   7.2976e+08   1930    604   132    473      0      0      0   0.079   0.002   0.000   0.083     0.543
    5          inf   4.7613e+08   7.1415e+08   2414    604    74    484      0      0      0   0.093   0.002   0.000   0.097     0.639
    6          inf   4.7613e+08   5.4736e+08   2885    606    26    471      0      2      0   0.099   0.002   0.000   0.102     0.742
    7          inf   4.7613e+08   4.8503e+08   3354    607     1    469      0      1      0   0.091   0.002   0.001   0.095     0.837
    8          inf   4.8085e+08   4.8282e+08   3761    608     0    431     24      1      0   0.078   0.002   0.000   0.082     0.919
    9          inf   4.8085e+08   4.8231e+08   4045    609     0    423    139      1      0   0.096   0.002   0.000   0.100     1.019
   10   4.8205e+08   4.8147e+08   4.8205e+08   4310    609     0    390    125      0      0   0.093   0.002   0.001   0.097     1.116
   11   4.8200e+08   4.8194e+08   4.8200e+08   4348    609     0    291    253      0      0   0.105   0.002   0.001   0.109     1.225
   12   4.8198e+08   4.8198e+08   4.8198e+08   4348    609     0   *199      0      0      0   0.100   0.003   0.002   0.104     1.330
CG optimal after 12 iterations. UB=481983905.455888 LB=481977429.369143 gap=6.476e+03 tol=4.820e+04  t_LP=1.278  t_PR=0.040  t_SP=0.007  t_Tot=1.336

# === STDOUT (result CSV) ===
instance,formulation,iterations,columns,objective,lower_bound,optimal,time,time_lp,time_pricing,time_separation
/home/simon/code/my/mcfcg/data/commalab/planar/planar500,tree,12,3848,481983905.455888,481977429.369143,1,1.345,1.278,0.040,0.007
