# cmd: /home/simon/code/my/mcfcg/build/mcfcg_cli /home/simon/code/my/mcfcg/data/commalab/planar/planar1000 --solver copt --formulation tree --max-iters 10000 --time-limit 7200.0
# outcome: ok
# returncode: 0
# === STDERR (CG iteration log + preamble) ===
Instance: 1000 vertices, 5200 arcs, 20026 commodities, 1000 sources
Pricing threads: 32 (auto)
Slack mode: CommodityRows (struct=1000, capped_arcs=5200)
   It           UB           LB       LP_obj   #col   #row  #slk   +col   -col   +cut   -cut    t_LP    t_PR    t_SP   t_Tot     t_acc
    1          inf   3.1896e+09   8.7300e+06   2000   1000  1000      0      0      0      0   0.263   0.024   0.001   0.287     0.287
    2          inf   3.1896e+09   8.7300e+07   2000   1000  1000      0      0      0      0   0.084   0.021   0.001   0.106     0.393
    3          inf   3.1896e+09   8.7275e+08   2000   1000   998      0      0      0      0   0.079   0.023   0.001   0.104     0.496
    4          inf   3.1896e+09   3.1896e+09   2000   1538     0      0      0    538      0   0.065   0.022   0.002   0.089     0.585
    5          inf   3.1896e+09   6.1730e+09   2999   1538   602    999      0      0      0   0.365   0.010   0.001   0.381     0.967
    6          inf   3.1896e+09   2.5922e+10   3999   1538   647   1000      0      0      0   0.468   0.008   0.001   0.483     1.450
    7          inf   3.1896e+09   7.5058e+10   4998   1539   650    999      0      1      0   0.587   0.010   0.001   0.606     2.056
    8          inf   3.1896e+09   2.9327e+11   5998   1542   459   1000      0      3      0   0.683   0.009   0.001   0.701     2.758
    9          inf   3.1896e+09   3.0901e+11   6998   1555   345   1000      0     13      0   0.763   0.010   0.001   0.783     3.540
   10          inf   3.1896e+09   2.5421e+11   7628   1267   279   1000    370      9    297   0.791   0.010   0.002   0.824     4.364
   11          inf   3.1896e+09   1.7791e+11   7901   1360   187   1000    727     93      0   0.387   0.010   0.001   0.412     4.776
   12          inf   3.1896e+09   1.6188e+11   8168   1393   176   1000    733     33      0   0.448   0.010   0.003   0.475     5.251
   13          inf   3.1896e+09   1.0362e+11   8327   1447   116   1000    841     56      2   0.500   0.010   0.001   0.531     5.782
   14          inf   3.1896e+09   7.7369e+10   8504   1505    85   1000    823     59      1   0.585   0.010   0.001   0.618     6.400
   15          inf   3.1896e+09   4.9073e+10   8741   1544    54   1000    763     49     10   0.618   0.009   0.001   0.650     7.050
   16          inf   3.1896e+09   1.5044e+10   9008   1606    16   1000    733     67      5   0.684   0.009   0.002   0.723     7.773
   17          inf   3.1896e+09   6.4702e+09   9124   1629     3   1000    884     27      4   0.841   0.010   0.002   0.879     8.652
   18          inf   3.1896e+09   3.5636e+09   9292   1601     0   1000    832      7     35   0.874   0.009   0.003   0.910     9.563
   19          inf   3.2522e+09   3.5459e+09   9407   1595     0   1000    885      6     12   0.781   0.010   0.003   0.820    10.382
   20          inf   3.2548e+09   3.5323e+09   9526   1586     0   1000    881     13     22   0.736   0.009   0.003   0.772    11.155
   21          inf   3.2908e+09   3.5193e+09   9600   1591     0   1000    926     16     11   0.770   0.008   0.002   0.808    11.962
   22          inf   3.2981e+09   3.5085e+09   9529   1582     0   1000   1071      8     17   0.769   0.009   0.003   0.804    12.767
   23          inf   3.3244e+09   3.4974e+09   9210   1571     0   1000   1319     10     21   0.770   0.010   0.003   0.807    13.574
   24          inf   3.3520e+09   3.4889e+09   9145   1545     0   1000   1065      9     35   0.758   0.010   0.003   0.797    14.370
   25          inf   3.3645e+09   3.4831e+09   9248   1528     0   1000    897     12     29   0.707   0.009   0.003   0.749    15.119
   26          inf   3.3818e+09   3.4771e+09   9262   1501     0   1000    986      3     30   0.728   0.008   0.003   0.763    15.882
   27          inf   3.3835e+09   3.4721e+09   9298   1492     0   1000    964     12     21   0.684   0.009   0.003   0.719    16.601
   28          inf   3.3875e+09   3.4687e+09   9281   1493     0   1000   1017     13     12   0.671   0.009   0.003   0.706    17.306
   29          inf   3.3960e+09   3.4659e+09   9285   1494     0   1000    996     11     10   0.675   0.008   0.003   0.709    18.015
   30          inf   3.4045e+09   3.4625e+09   9302   1500     0   1000    983     14      8   0.663   0.008   0.003   0.697    18.712
   31          inf   3.4102e+09   3.4606e+09   9317   1497     0   1000    985      7     10   0.685   0.009   0.003   0.720    19.432
   32          inf   3.4157e+09   3.4584e+09   9352   1501     0   1000    965     10      6   0.693   0.009   0.003   0.728    20.160
   33          inf   3.4221e+09   3.4570e+09   9406   1503     0   1000    946      9      7   0.697   0.009   0.003   0.733    20.894
   34          inf   3.4272e+09   3.4555e+09   9445   1503     0   1000    961      6      6   0.689   0.009   0.003   0.725    21.619
   35          inf   3.4272e+09   3.4546e+09   9425   1496     0   1000   1020      3     10   0.707   0.008   0.004   0.754    22.372
   36          inf   3.4329e+09   3.4535e+09   9420   1490     0   1000   1005      7     13   0.714   0.009   0.003   0.749    23.122
   37          inf   3.4341e+09   3.4528e+09   9414   1493     0   1000   1006      6      3   0.659   0.009   0.003   0.697    23.818
   38          inf   3.4370e+09   3.4522e+09   9403   1489     0   1000   1011      4      8   0.676   0.008   0.003   0.709    24.527
   39          inf   3.4380e+09   3.4515e+09   9380   1490     0   1000   1023      7      6   0.669   0.009   0.003   0.705    25.233
   40          inf   3.4410e+09   3.4510e+09   9387   1486     0   1000    993      1      5   0.648   0.010   0.003   0.683    25.916
   41          inf   3.4432e+09   3.4507e+09   9372   1490     0   1000   1015      5      1   0.691   0.009   0.003   0.726    26.642
   42          inf   3.4434e+09   3.4503e+09   9421   1492     0   1000    951      6      4   0.692   0.009   0.003   0.728    27.371
   43          inf   3.4455e+09   3.4501e+09   9413   1493     0   1000   1008      5      4   0.686   0.007   0.003   0.721    28.091
   44          inf   3.4468e+09   3.4500e+09   9471   1495     0   1000    942      6      4   0.720   0.009   0.003   0.756    28.847
   45          inf   3.4473e+09   3.4498e+09   9460   1496     0   1000   1011      1      0   0.745   0.009   0.003   0.775    29.623
   46          inf   3.4479e+09   3.4498e+09   9488   1494     0   1000    972      3      5   0.749   0.010   0.003   0.786    30.408
   47          inf   3.4485e+09   3.4497e+09   9515   1490     0   1000    973      2      6   0.765   0.008   0.003   0.800    31.208
   48          inf   3.4488e+09   3.4497e+09   9542   1490     0   1000    973      3      3   0.770   0.009   0.003   0.807    32.015
   49          inf   3.4491e+09   3.4496e+09   9522   1486     0   1000   1020      3      7   0.744   0.008   0.003   0.778    32.794
   50          inf   3.4493e+09   3.4496e+09   9529   1489     0   1000    993      3      0   0.724   0.008   0.003   0.753    33.547
   51   3.4496e+09   3.4495e+09   3.4496e+09   9529   1489     0  *1000      0      0      0   0.743   0.008   0.003   0.753    34.300
CG optimal after 51 iterations. UB=3449614178.594213 LB=3449496723.926472 gap=1.175e+05 tol=3.450e+05  t_LP=32.660  t_PR=0.527  t_SP=0.118  t_Tot=34.322

# === STDOUT (result CSV) ===
Setting parameter 'LpMethod' to 2
Setting parameter 'GPUMode' to 2
Setting parameter 'Presolve' to 0
Setting parameter 'Crossover' to 0
instance,formulation,iterations,columns,objective,lower_bound,optimal,time,time_lp,time_pricing,time_separation
/home/simon/code/my/mcfcg/data/commalab/planar/planar1000,tree,51,8529,3449614178.594213,3449496723.926472,1,34.368,32.660,0.527,0.118
