# cmd: /home/simon/code/my/mcfcg/build/mcfcg_cli /home/simon/code/my/mcfcg/data/commalab/planar/planar100 --solver cuopt --formulation path --max-iters 10000 --time-limit 7200.0
# outcome: ok
# returncode: 0
# === STDERR (CG iteration log + preamble) ===
Instance: 100 vertices, 532 arcs, 1085 commodities, 100 sources
Pricing threads: 32 (auto)
Slack mode: EdgeRows (struct=1085, capped_arcs=532)
   It           UB           LB       LP_obj   #col   #row  #slk   +col   -col   +cut   -cut    t_LP    t_PR    t_SP   t_Tot     t_acc
    1          inf   2.1492e+08   2.1492e+08   1170   1170     0      0      0     85      0   0.381   0.000   0.000   0.382     0.382
    2          inf   2.1492e+08   6.4779e+08   2139   1170    85    969      0      0      0   0.106   0.000   0.000   0.107     0.489
    3          inf   2.1783e+08   2.3831e+08   2854   1199     0    686      0     29      0   0.110   0.000   0.000   0.111     0.600
    4          inf   2.1783e+08   2.4915e+08   3674   1208     8    811      0      9      0   0.107   0.000   0.000   0.108     0.708
    5          inf   2.2580e+08   2.3321e+08   4274   1210     0    598      0      2      0   0.101   0.000   0.000   0.102     0.810
    6          inf   2.3008e+08   2.3194e+08   4621   1215     0    342      0      5      0   0.137   0.000   0.000   0.138     0.947
    7          inf   2.3087e+08   2.3157e+08   4843   1220     0    217      0      5      0   0.124   0.000   0.000   0.124     1.072
    8          inf   2.3128e+08   2.3135e+08   4351   1200     0     49    521      1     21   0.099   0.000   0.000   0.100     1.172
    9   2.3135e+08   2.3130e+08   2.3135e+08   3994   1197     0     21    375      0      3   0.095   0.000   0.000   0.096     1.268
   10   2.3134e+08   2.3134e+08   2.3134e+08   3994   1197     0     *3      0      0      0   0.114   0.000   0.000   0.114     1.382
CG optimal after 10 iterations. UB=231340014.608191 LB=231336697.176262 gap=3.317e+03 tol=2.313e+04  t_LP=1.374  t_PR=0.004  t_SP=0.002  t_Tot=1.384

# === STDOUT (result CSV) ===
instance,formulation,iterations,columns,objective,lower_bound,optimal,time,time_lp,time_pricing,time_separation
/home/simon/code/my/mcfcg/data/commalab/planar/planar100,path,10,3882,231340014.608191,231336697.176262,1,1.391,1.374,0.004,0.002
