# cmd: /home/simon/code/my/mcfcg/build/mcfcg_cli /home/simon/code/my/mcfcg/data/commalab/planar/planar30 --solver cuopt --formulation tree --max-iters 10000 --time-limit 7200.0
# outcome: ok
# returncode: 0
# === STDERR (CG iteration log + preamble) ===
Instance: 30 vertices, 150 arcs, 92 commodities, 29 sources
Pricing threads: 32 (auto)
Slack mode: CommodityRows (struct=29, capped_arcs=150)
   It           UB           LB       LP_obj   #col   #row  #slk   +col   -col   +cut   -cut    t_LP    t_PR    t_SP   t_Tot     t_acc
    1          inf   4.3134e+07   3.4330e+06     58     29    29      0      0      0      0   0.354   0.000   0.000   0.354     0.354
    2          inf   4.3134e+07   2.8978e+07     58     33    17      0      0      4      0   0.024   0.000   0.000   0.024     0.378
    3          inf   4.3134e+07   6.1844e+07     70     39     9     12      0      6      0   0.025   0.000   0.000   0.025     0.403
    4          inf   4.3134e+07   8.6710e+07     93     41    12     23      0      2      0   0.026   0.000   0.000   0.026     0.429
    5          inf   4.3134e+07   6.0922e+07    112     45     4     19      0      4      0   0.030   0.000   0.000   0.031     0.460
    6          inf   4.3134e+07   5.2407e+07    130     46     3     20      2      1      0   0.033   0.000   0.000   0.033     0.493
    7          inf   4.3168e+07   4.4702e+07    145     48     0     15      0      2      0   0.031   0.000   0.000   0.032     0.524
    8   4.4352e+07   4.4335e+07   4.4352e+07    150     48     0      6      1      0      0   0.031   0.000   0.000   0.032     0.556
    9   4.4352e+07   4.4345e+07   4.4345e+07    148     49     0      1      3      1      0   0.035   0.000   0.000   0.036     0.592
   10   4.4351e+07   4.4351e+07   4.4351e+07    148     49     0     *6      0      0      0   0.035   0.000   0.000   0.035     0.627
CG optimal after 10 iterations. UB=44350629.394555 LB=44350622.888062 gap=6.506e+00 tol=4.435e+03  t_LP=0.624  t_PR=0.003  t_SP=0.000  t_Tot=0.629

# === STDOUT (result CSV) ===
instance,formulation,iterations,columns,objective,lower_bound,optimal,time,time_lp,time_pricing,time_separation
/home/simon/code/my/mcfcg/data/commalab/planar/planar30,tree,10,119,44350629.394555,44350622.888062,1,0.635,0.624,0.003,0.000
