# cmd: /home/simon/code/my/mcfcg/build/mcfcg_cli /home/simon/code/my/mcfcg/data/commalab/planar/planar300 --solver cuopt --formulation tree --max-iters 10000 --time-limit 7200.0
# outcome: ok
# returncode: 0
# === STDERR (CG iteration log + preamble) ===
Instance: 300 vertices, 1680 arcs, 3584 commodities, 300 sources
Pricing threads: 32 (auto)
Slack mode: CommodityRows (struct=300, capped_arcs=1680)
   It           UB           LB       LP_obj   #col   #row  #slk   +col   -col   +cut   -cut    t_LP    t_PR    t_SP   t_Tot     t_acc
    1          inf   6.6936e+08   1.3580e+07    600    300   300      0      0      0      0   0.352   0.003   0.000   0.355     0.355
    2          inf   6.6936e+08   1.3575e+08    600    300   300      0      0      0      0   0.019   0.002   0.000   0.021     0.376
    3          inf   6.6936e+08   6.6907e+08    600    457     1      0      0    157      0   0.020   0.002   0.000   0.022     0.399
    4          inf   6.6936e+08   9.3512e+08    898    457   155    298      0      0      0   0.074   0.001   0.000   0.076     0.475
    5          inf   6.6936e+08   1.2181e+09   1198    457   140    300      0      0      0   0.085   0.001   0.000   0.088     0.562
    6          inf   6.6936e+08   1.1091e+09   1498    457    79    300      0      0      0   0.088   0.001   0.000   0.090     0.653
    7          inf   6.6936e+08   8.7505e+08   1798    475    34    300      0     18      0   0.086   0.001   0.000   0.089     0.742
    8          inf   6.6936e+08   7.7495e+08   2098    485    17    300      0     10      0   0.103   0.001   0.000   0.105     0.846
    9          inf   6.6936e+08   7.0174e+08   2340    500     0    300     58     15      0   0.147   0.001   0.000   0.150     0.996
   10          inf   6.6936e+08   6.9825e+08   2537    502     0    300    103      2      0   0.125   0.001   0.000   0.128     1.124
   11          inf   6.8032e+08   6.9485e+08   2710    503     0    300    127      1      0   0.112   0.001   0.000   0.114     1.238
   12   6.9331e+08   6.8172e+08   6.9331e+08   2876    503     0    300    134      0      0   0.108   0.001   0.000   0.111     1.349
   13   6.9331e+08   6.8527e+08   6.9199e+08   2971    506     0    300    205      3      0   0.114   0.001   0.000   0.117     1.466
   14   6.9331e+08   6.8636e+08   6.9123e+08   3009    507     0    300    262      1      0   0.112   0.001   0.000   0.115     1.581
   15   6.9077e+08   6.8774e+08   6.9077e+08   2984    507     0    300    325      0      0   0.121   0.001   0.000   0.123     1.704
   16   6.9077e+08   6.8849e+08   6.9041e+08   2940    508     0    297    341      1      0   0.122   0.001   0.000   0.124     1.829
   17   6.9022e+08   6.8902e+08   6.9022e+08   2957    508     0    300    283      0      0   0.128   0.001   0.000   0.130     1.959
   18   6.9009e+08   6.8934e+08   6.9009e+08   3040    508     0    300    217      0      0   0.120   0.002   0.001   0.125     2.084
   19   6.9003e+08   6.8966e+08   6.9003e+08   3196    508     0    300    144      0      0   0.134   0.001   0.000   0.136     2.221
   20   6.9000e+08   6.8988e+08   6.9000e+08   3411    508     0    299     84      0      0   0.128   0.001   0.000   0.131     2.351
   21   6.8998e+08   6.8994e+08   6.8998e+08   3411    508     0   *298      0      0      0   0.147   0.001   0.000   0.148     2.499
CG optimal after 21 iterations. UB=689981660.257373 LB=689943071.310029 gap=3.859e+04 tol=6.900e+04  t_LP=2.446  t_PR=0.030  t_SP=0.009  t_Tot=2.504

# === STDOUT (result CSV) ===
instance,formulation,iterations,columns,objective,lower_bound,optimal,time,time_lp,time_pricing,time_separation
/home/simon/code/my/mcfcg/data/commalab/planar/planar300,tree,21,3111,689981660.257373,689943071.310029,1,2.512,2.446,0.030,0.009
