# cmd: /home/simon/code/my/mcfcg/build/mcfcg_cli /home/simon/code/my/mcfcg/data/commalab/planar/planar100 --solver cuopt --formulation tree --max-iters 10000 --time-limit 7200.0
# outcome: ok
# returncode: 0
# === STDERR (CG iteration log + preamble) ===
Instance: 100 vertices, 532 arcs, 1085 commodities, 100 sources
Pricing threads: 32 (auto)
Slack mode: CommodityRows (struct=100, capped_arcs=532)
   It           UB           LB       LP_obj   #col   #row  #slk   +col   -col   +cut   -cut    t_LP    t_PR    t_SP   t_Tot     t_acc
    1          inf   2.1492e+08   3.1044e+06    200    100   100      0      0      0      0   0.360   0.000   0.000   0.360     0.360
    2          inf   2.1492e+08   3.0948e+07    200    100    99      0      0      0      0   0.022   0.000   0.000   0.023     0.383
    3          inf   2.1492e+08   2.0963e+08    200    162    16      0      0     62      0   0.020   0.000   0.000   0.020     0.403
    4          inf   2.1492e+08   2.9590e+08    294    163    70     94      0      1      0   0.047   0.000   0.000   0.048     0.451
    5          inf   2.1492e+08   4.4586e+08    394    166    53    100      0      3      0   0.053   0.001   0.000   0.054     0.505
    6          inf   2.1492e+08   3.9853e+08    492    174    30     99      1      8      0   0.054   0.000   0.000   0.055     0.560
    7          inf   2.1492e+08   3.4045e+08    592    179    24    100      0      5      0   0.058   0.000   0.000   0.059     0.618
    8          inf   2.1492e+08   2.8994e+08    692    190    13    100      0     11      0   0.058   0.000   0.000   0.059     0.677
    9          inf   2.1492e+08   2.4940e+08    772    211     4     98     18     21      0   0.062   0.000   0.000   0.063     0.740
   10          inf   2.1492e+08   2.4014e+08    836    216     1     99     35      5      0   0.068   0.000   0.000   0.069     0.809
   11   2.3613e+08   2.2307e+08   2.3613e+08    886    216     0    100     50      0      0   0.068   0.000   0.000   0.069     0.877
   12   2.3613e+08   2.2606e+08   2.3469e+08    931    218     0     99     54      2      0   0.066   0.000   0.000   0.067     0.944
   13   2.3613e+08   2.2749e+08   2.3329e+08    962    219     0    100     69      1      0   0.065   0.000   0.000   0.065     1.010
   14   2.3613e+08   2.2805e+08   2.3259e+08    990    220     0     98     70      1      0   0.066   0.000   0.000   0.067     1.076
   15   2.3613e+08   2.2997e+08   2.3221e+08    968    221     0     99    121      1      0   0.072   0.000   0.000   0.072     1.149
   16   2.3613e+08   2.2997e+08   2.3192e+08    939    222     0     98    127      1      0   0.068   0.000   0.000   0.069     1.218
   17   2.3167e+08   2.3043e+08   2.3167e+08    948    222     0     97     88      0      0   0.068   0.000   0.000   0.069     1.287
   18   2.3152e+08   2.3094e+08   2.3152e+08    946    222     0     95     97      0      0   0.071   0.000   0.000   0.072     1.359
   19   2.3144e+08   2.3106e+08   2.3144e+08    956    222     0     96     86      0      0   0.070   0.000   0.000   0.071     1.430
   20   2.3138e+08   2.3116e+08   2.3138e+08    954    222     0     93     95      0      0   0.072   0.000   0.000   0.072     1.502
   21   2.3136e+08   2.3126e+08   2.3136e+08    982    222     0     90     62      0      0   0.073   0.000   0.000   0.074     1.576
   22   2.3135e+08   2.3131e+08   2.3135e+08    998    222     0     81     65      0      0   0.076   0.000   0.000   0.076     1.652
   23   2.3134e+08   2.3133e+08   2.3134e+08    998    222     0    *73      0      0      0   0.078   0.000   0.000   0.078     1.731
CG optimal after 23 iterations. UB=231340201.476814 LB=231334381.199767 gap=5.820e+03 tol=2.313e+04  t_LP=1.715  t_PR=0.007  t_SP=0.004  t_Tot=1.733

# === STDOUT (result CSV) ===
instance,formulation,iterations,columns,objective,lower_bound,optimal,time,time_lp,time_pricing,time_separation
/home/simon/code/my/mcfcg/data/commalab/planar/planar100,tree,23,898,231340201.476814,231334381.199767,1,1.740,1.715,0.007,0.004
