# cmd: /home/simon/code/my/mcfcg/build/mcfcg_cli /home/simon/code/my/mcfcg/data/commalab/planar/planar800 --solver cuopt --formulation tree --max-iters 10000 --time-limit 7200.0
# outcome: ok
# returncode: 0
# === STDERR (CG iteration log + preamble) ===
Instance: 800 vertices, 4388 arcs, 12756 commodities, 800 sources
Pricing threads: 32 (auto)
Slack mode: CommodityRows (struct=800, capped_arcs=4388)
   It           UB           LB       LP_obj   #col   #row  #slk   +col   -col   +cut   -cut    t_LP    t_PR    t_SP   t_Tot     t_acc
    1          inf   1.1440e+09   4.6119e+08   1600    800   793      0      0      0      0   0.351   0.013   0.001   0.365     0.365
    2          inf   1.1440e+09   1.1440e+09   1600   1017     1      0      0    217      0   0.021   0.014   0.002   0.036     0.401
    3          inf   1.1440e+09   2.5395e+09   2399   1017   358    799      0      0      0   0.125   0.008   0.001   0.137     0.538
    4          inf   1.1440e+09   2.9649e+09   3199   1017   318    800      0      0      0   0.138   0.007   0.001   0.149     0.687
    5          inf   1.1440e+09   2.5634e+09   3999   1020   215    800      0      3      0   0.148   0.007   0.001   0.158     0.845
    6          inf   1.1440e+09   2.2287e+09   4798   1021   148    799      0      1      0   0.200   0.007   0.001   0.210     1.056
    7          inf   1.1440e+09   1.8865e+09   5597   1026    95    799      0      5      0   0.196   0.006   0.002   0.207     1.263
    8          inf   1.1440e+09   1.5319e+09   6278   1028    49    800    119      2      0   0.179   0.007   0.001   0.192     1.455
    9          inf   1.1440e+09   1.2421e+09   6795   1038    11    800    283     10      0   0.262   0.007   0.002   0.276     1.731
   10          inf   1.1440e+09   1.1744e+09   7424   1040     0    800    171      2      0   0.234   0.006   0.002   0.246     1.977
   11          inf   1.1571e+09   1.1723e+09   8100   1041     0    799    123      1      0   0.206   0.007   0.002   0.219     2.196
   12          inf   1.1601e+09   1.1707e+09   8797   1042     0    800    103      1      0   0.208   0.007   0.002   0.221     2.418
   13   1.1693e+09   1.1610e+09   1.1693e+09   9491   1042     0    798    104      0      0   0.210   0.006   0.002   0.224     2.642
   14   1.1693e+09   1.1635e+09   1.1687e+09  10137   1043     0    800    154      1      0   0.220   0.006   0.002   0.234     2.876
   15   1.1682e+09   1.1646e+09   1.1682e+09  10727   1043     0    797    207      0      0   0.233   0.006   0.002   0.248     3.124
   16   1.1682e+09   1.1655e+09   1.1678e+09  11319   1044     0    798    206      1      0   0.252   0.006   0.002   0.267     3.390
   17   1.1676e+09   1.1657e+09   1.1676e+09  10447   1044     0    799   1671      0      0   0.256   0.007   0.002   0.273     3.663
   18   1.1675e+09   1.1668e+09   1.1675e+09  11212   1044     0    795     30      0      0   0.263   0.006   0.002   0.277     3.940
   19   1.1674e+09   1.1671e+09   1.1674e+09  11997   1044     0    793      8      0      0   0.290   0.007   0.002   0.305     4.245
   20   1.1674e+09   1.1671e+09   1.1674e+09  11303   1044     0    794   1488      0      0   0.298   0.006   0.002   0.315     4.560
   21   1.1674e+09   1.1673e+09   1.1674e+09  12057   1044     0    786     32      0      0   0.309   0.006   0.002   0.324     4.883
   22   1.1674e+09   1.1673e+09   1.1674e+09  12057   1044     0   *778      0      0      0   0.325   0.006   0.002   0.333     5.217
CG optimal after 22 iterations. UB=1167379465.941646 LB=1167314287.765085 gap=6.518e+04 tol=1.167e+05  t_LP=4.921  t_PR=0.176  t_SP=0.038  t_Tot=5.233

# === STDOUT (result CSV) ===
instance,formulation,iterations,columns,objective,lower_bound,optimal,time,time_lp,time_pricing,time_separation
/home/simon/code/my/mcfcg/data/commalab/planar/planar800,tree,22,11257,1167379465.941646,1167314287.765085,1,5.244,4.921,0.176,0.038
