# cmd: /home/simon/code/my/mcfcg/build/mcfcg_cli /home/simon/code/my/mcfcg/data/commalab/planar/planar800 --solver cuopt --formulation path --max-iters 10000 --time-limit 7200.0
# outcome: ok
# returncode: 0
# === STDERR (CG iteration log + preamble) ===
Instance: 800 vertices, 4388 arcs, 12756 commodities, 800 sources
Pricing threads: 32 (auto)
Slack mode: EdgeRows (struct=12756, capped_arcs=4388)
   It           UB           LB       LP_obj   #col   #row  #slk   +col   -col   +cut   -cut    t_LP    t_PR    t_SP   t_Tot     t_acc
    1          inf   1.1440e+09   1.1440e+09  12973  12973     0      0      0    217      0   0.441   0.013   0.005   0.459     0.459
    2          inf   1.1440e+09   1.5566e+11  23473  12973   217  10500      0      0      0   0.620   0.007   0.001   0.633     1.091
    3          inf   1.1440e+09   1.1904e+09  31703  13012     0   8191      0     39      0   0.305   0.007   0.003   0.321     1.412
    4          inf   1.1440e+09   1.2665e+09  40761  13020     3   9050      0      8      0   0.442   0.007   0.002   0.458     1.871
    5          inf   1.1446e+09   1.1730e+09  48367  13021     0   7605      0      1      0   0.430   0.004   0.001   0.440     2.311
    6          inf   1.1581e+09   1.1693e+09  54736  13022     0   6368      0      1      0   0.538   0.006   0.001   0.552     2.863
    7          inf   1.1643e+09   1.1679e+09  60105  13025     0   5366      0      3      0   0.539   0.006   0.002   0.552     3.415
    8   1.1675e+09   1.1671e+09   1.1675e+09  62043  13025     0   3824   1886      0      0   0.599   0.006   0.002   0.617     4.032
    9   1.1675e+09   1.1672e+09   1.1674e+09  64212  13026     0   3476   1308      1      0   0.567   0.006   0.002   0.584     4.616
   10   1.1674e+09   1.1673e+09   1.1674e+09  64212  13026     0  *2989      0      0      0   0.596   0.006   0.002   0.604     5.219
CG optimal after 10 iterations. UB=1167402891.650346 LB=1167290866.335166 gap=1.120e+05 tol=1.167e+05  t_LP=5.076  t_PR=0.088  t_SP=0.019  t_Tot=5.240

# === STDOUT (result CSV) ===
instance,formulation,iterations,columns,objective,lower_bound,optimal,time,time_lp,time_pricing,time_separation
/home/simon/code/my/mcfcg/data/commalab/planar/planar800,path,10,63942,1167402891.650346,1167290866.335166,1,5.259,5.076,0.088,0.019
