# cmd: /home/simon/code/my/mcfcg/build/mcfcg_cli /home/simon/code/my/mcfcg/data/commalab/planar/planar150 --solver copt --formulation tree --max-iters 10000 --time-limit 7200.0
# outcome: ok
# returncode: 0
# === STDERR (CG iteration log + preamble) ===
Instance: 150 vertices, 850 arcs, 2239 commodities, 150 sources
Pricing threads: 32 (auto)
Slack mode: CommodityRows (struct=150, capped_arcs=850)
   It           UB           LB       LP_obj   #col   #row  #slk   +col   -col   +cut   -cut    t_LP    t_PR    t_SP   t_Tot     t_acc
    1          inf   4.6091e+08   2.8355e+07    300    150   150      0      0      0      0   0.256   0.001   0.000   0.257     0.257
    2          inf   4.6091e+08   2.7752e+08    300    150   137      0      0      0      0   0.082   0.001   0.000   0.083     0.339
    3          inf   4.6091e+08   4.6091e+08    300    366     0      0      0    216      0   0.080   0.001   0.000   0.081     0.421
    4          inf   4.6091e+08   1.9672e+09    447    366   120    147      0      0      0   0.093   0.000   0.000   0.094     0.515
    5          inf   4.6091e+08   1.1631e+10    597    366   109    150      0      0      0   0.100   0.000   0.000   0.101     0.615
    6          inf   4.6091e+08   3.5622e+10    747    370   103    150      0      4      0   0.100   0.000   0.000   0.101     0.716
    7          inf   4.6091e+08   6.3698e+10    897    372    88    150      0      2      0   0.104   0.000   0.000   0.106     0.822
    8          inf   4.6091e+08   5.5124e+10   1047    379    69    150      0      7      0   0.106   0.000   0.000   0.107     0.929
    9          inf   4.6091e+08   4.2550e+10   1131    394    55    150     66     15      0   0.109   0.000   0.000   0.111     1.040
   10          inf   4.6091e+08   3.5557e+10   1212    411    48    150     69     17      0   0.119   0.000   0.000   0.121     1.161
   11          inf   4.6091e+08   2.8457e+10   1255    420    35    150    107      9      0   0.123   0.000   0.000   0.124     1.285
   12          inf   4.6091e+08   2.0911e+10   1309    445    36    150     96     25      0   0.127   0.000   0.000   0.128     1.413
   13          inf   4.6091e+08   1.9028e+10   1358    454    29    150    101      9      0   0.138   0.000   0.000   0.139     1.552
   14          inf   4.6091e+08   1.3152e+10   1412    455    23    150     96     13     12   0.135   0.000   0.000   0.137     1.689
   15          inf   4.6091e+08   8.9930e+09   1458    469    19    150    104     14      0   0.146   0.000   0.000   0.147     1.837
   16          inf   4.6091e+08   3.0131e+09   1514    490     3    150     94     21      0   0.162   0.000   0.000   0.164     2.000
   17          inf   4.6091e+08   6.0626e+08   1525    481     0    150    139     10     19   0.171   0.000   0.000   0.173     2.174
   18          inf   4.6091e+08   5.9264e+08   1574    482     0    150    101      3      2   0.155   0.000   0.000   0.157     2.331
   19   5.8682e+08   4.6091e+08   5.8682e+08   1601    480     0    150    123      0      2   0.161   0.000   0.000   0.163     2.494
   20   5.8682e+08   4.7733e+08   5.8077e+08   1640    484     0    150    111      7      3   0.151   0.000   0.000   0.153     2.647
   21   5.8682e+08   4.9425e+08   5.7643e+08   1656    473     0    150    134      1     12   0.156   0.000   0.000   0.158     2.805
   22   5.8682e+08   5.0263e+08   5.7251e+08   1630    467     0    150    176      3      9   0.150   0.000   0.000   0.152     2.957
   23   5.8682e+08   5.0263e+08   5.6899e+08   1582    445     0    150    198      5     27   0.159   0.000   0.000   0.161     3.118
   24   5.8682e+08   5.0657e+08   5.6490e+08   1574    442     0    150    158      4      7   0.152   0.000   0.000   0.153     3.271
   25   5.8682e+08   5.1696e+08   5.6198e+08   1573    432     0    150    151      6     16   0.141   0.000   0.000   0.143     3.414
   26   5.8682e+08   5.2569e+08   5.5929e+08   1571    424     0    150    152      2     10   0.145   0.000   0.000   0.147     3.561
   27   5.8682e+08   5.2977e+08   5.5755e+08   1578    420     0    150    143      7     11   0.145   0.000   0.000   0.147     3.708
   28   5.8682e+08   5.2977e+08   5.5558e+08   1596    417     0    150    132      3      6   0.147   0.000   0.000   0.149     3.857
   29   5.8682e+08   5.3337e+08   5.5449e+08   1588    415     0    150    158      4      6   0.144   0.000   0.000   0.146     4.003
   30   5.8682e+08   5.3435e+08   5.5337e+08   1591    414     0    150    147      8      9   0.137   0.000   0.000   0.139     4.142
   31   5.8682e+08   5.3687e+08   5.5247e+08   1589    417     0    150    152      7      4   0.132   0.000   0.000   0.134     4.276
   32   5.8682e+08   5.3734e+08   5.5164e+08   1594    415     0    150    145      2      4   0.138   0.000   0.000   0.139     4.415
   33   5.8682e+08   5.3811e+08   5.5087e+08   1612    413     0    150    132      4      6   0.141   0.000   0.000   0.143     4.558
   34   5.8682e+08   5.4111e+08   5.5016e+08   1614    410     0    150    148      3      6   0.133   0.000   0.000   0.135     4.694
   35   5.8682e+08   5.4259e+08   5.4977e+08   1609    412     0    150    155      3      1   0.144   0.000   0.000   0.146     4.839
   36   5.8682e+08   5.4259e+08   5.4938e+08   1618    411     0    150    141      1      2   0.146   0.000   0.000   0.148     4.987
   37   5.8682e+08   5.4346e+08   5.4908e+08   1632    403     0    150    136      1      9   0.146   0.000   0.000   0.148     5.135
   38   5.8682e+08   5.4529e+08   5.4884e+08   1618    404     0    150    164      3      2   0.140   0.000   0.000   0.142     5.277
   39   5.8682e+08   5.4589e+08   5.4861e+08   1611    407     0    150    157      4      1   0.133   0.000   0.000   0.135     5.412
   40   5.8682e+08   5.4612e+08   5.4851e+08   1623    404     0    150    138      1      4   0.142   0.000   0.000   0.144     5.556
   41   5.8682e+08   5.4646e+08   5.4840e+08   1627    404     0    150    146      1      1   0.132   0.000   0.000   0.134     5.690
   42   5.4829e+08   5.4646e+08   5.4829e+08   1628    401     0    150    149      0      3   0.138   0.000   0.000   0.140     5.830
   43   5.4822e+08   5.4714e+08   5.4822e+08   1626    400     0    150    152      0      1   0.136   0.000   0.000   0.138     5.968
   44   5.4822e+08   5.4733e+08   5.4817e+08   1621    401     0    149    154      1      0   0.149   0.000   0.000   0.151     6.119
   45   5.4814e+08   5.4755e+08   5.4814e+08   1645    401     0    150    126      0      0   0.150   0.000   0.000   0.151     6.270
   46   5.4814e+08   5.4777e+08   5.4812e+08   1653    402     0    149    141      1      0   0.156   0.000   0.000   0.158     6.428
   47   5.4814e+08   5.4787e+08   5.4810e+08   1650    404     0    149    152      2      0   0.157   0.000   0.000   0.158     6.586
   48   5.4809e+08   5.4801e+08   5.4809e+08   1649    404     0    150    151      0      0   0.168   0.000   0.000   0.170     6.756
   49   5.4809e+08   5.4806e+08   5.4809e+08   1649    404     0   *150      0      0      0   0.155   0.000   0.000   0.156     6.912
CG optimal after 49 iterations. UB=548087971.289364 LB=548059043.179994 gap=2.893e+04 tol=5.481e+04  t_LP=6.832  t_PR=0.019  t_SP=0.011  t_Tot=6.916

# === STDOUT (result CSV) ===
Setting parameter 'LpMethod' to 2
Setting parameter 'GPUMode' to 2
Setting parameter 'Presolve' to 0
Setting parameter 'Crossover' to 0
instance,formulation,iterations,columns,objective,lower_bound,optimal,time,time_lp,time_pricing,time_separation
/home/simon/code/my/mcfcg/data/commalab/planar/planar150,tree,49,1499,548087971.289364,548059043.179994,1,6.937,6.832,0.019,0.011
