# cmd: /home/simon/code/my/mcfcg/build/mcfcg_cli /home/simon/code/my/mcfcg/data/commalab/planar/planar300 --solver cuopt --formulation path --max-iters 10000 --time-limit 7200.0
# outcome: ok
# returncode: 0
# === STDERR (CG iteration log + preamble) ===
Instance: 300 vertices, 1680 arcs, 3584 commodities, 300 sources
Pricing threads: 32 (auto)
Slack mode: EdgeRows (struct=3584, capped_arcs=1680)
   It           UB           LB       LP_obj   #col   #row  #slk   +col   -col   +cut   -cut    t_LP    t_PR    t_SP   t_Tot     t_acc
    1          inf   6.6936e+08   6.6936e+08   3745   3745     0      0      0    161      0   0.404   0.002   0.001   0.407     0.407
    2          inf   6.6936e+08   3.7000e+09   6915   3745   161   3170      0      0      0   0.236   0.001   0.000   0.239     0.647
    3          inf   6.6936e+08   7.0836e+08   9444   3803     0   2471      0     58      0   0.123   0.001   0.001   0.127     0.774
    4          inf   6.6936e+08   7.2504e+08  12134   3810     8   2683      0      7      0   0.248   0.001   0.000   0.251     1.025
    5          inf   6.6936e+08   6.9411e+08  14432   3812     0   2296      0      2      0   0.187   0.001   0.000   0.190     1.215
    6   6.9142e+08   6.8597e+08   6.9142e+08  16019   3812     0   1587      0      0      0   0.189   0.001   0.000   0.191     1.406
    7   6.9038e+08   6.8831e+08   6.9038e+08  17515   3812     0   1496      0      0      0   0.229   0.001   0.000   0.231     1.637
    8   6.9001e+08   6.8988e+08   6.9001e+08  16663   3807     0    783   1630      0      5   0.192   0.001   0.000   0.196     1.834
    9   6.9001e+08   6.8995e+08   6.8998e+08  16664   3808     0   *399      0      1      0   0.196   0.001   0.000   0.198     2.032
CG optimal after 9 iterations. UB=690012015.250031 LB=689948078.253823 gap=6.394e+04 tol=6.900e+04  t_LP=2.005  t_PR=0.016  t_SP=0.004  t_Tot=2.038

# === STDOUT (result CSV) ===
instance,formulation,iterations,columns,objective,lower_bound,optimal,time,time_lp,time_pricing,time_separation
/home/simon/code/my/mcfcg/data/commalab/planar/planar300,path,9,16440,690012015.250031,689948078.253823,1,2.047,2.005,0.016,0.004
