# cmd: /home/simon/code/my/mcfcg/build/mcfcg_cli /home/simon/code/my/mcfcg/data/commalab/planar/planar800 --solver copt --formulation path --max-iters 10000 --time-limit 7200.0
# outcome: ok
# returncode: 0
# === STDERR (CG iteration log + preamble) ===
Instance: 800 vertices, 4388 arcs, 12756 commodities, 800 sources
Pricing threads: 32 (auto)
Slack mode: EdgeRows (struct=12756, capped_arcs=4388)
   It           UB           LB       LP_obj   #col   #row  #slk   +col   -col   +cut   -cut    t_LP    t_PR    t_SP   t_Tot     t_acc
    1          inf   1.1440e+09   1.1440e+09  12973  12973     0      0      0    217      0   0.273   0.013   0.005   0.290     0.290
    2          inf   1.1440e+09   1.5566e+11  23473  12973   217  10500      0      0      0   0.731   0.006   0.001   0.743     1.033
    3          inf   1.1440e+09   1.1904e+09  31703  13012     0   8191      0     39      0   0.338   0.005   0.003   0.354     1.387
    4          inf   1.1440e+09   1.2665e+09  40756  13020     3   9045      0      8      0   0.506   0.006   0.003   0.523     1.910
    5          inf   1.1447e+09   1.1730e+09  48264  13021     0   7507      0      1      0   0.489   0.006   0.004   0.505     2.415
    6          inf   1.1582e+09   1.1693e+09  54198  13022     0   5933      0      1      0   0.476   0.006   0.004   0.492     2.907
    7          inf   1.1641e+09   1.1678e+09  58664  13024     0   4464      0      2      0   0.591   0.006   0.005   0.608     3.516
    8   1.1675e+09   1.1669e+09   1.1675e+09  55857  12935     0   3224   5942      0     89   0.658   0.005   0.001   0.689     4.205
    9   1.1675e+09   1.1673e+09   1.1674e+09  53053  12913     0   1969   4751      2     24   0.442   0.006   0.005   0.473     4.678
   10   1.1674e+09   1.1673e+09   1.1674e+09  53053  12913     0  *1868      0      0      0   0.391   0.005   0.001   0.397     5.075
CG optimal after 10 iterations. UB=1167385798.522222 LB=1167292803.934026 gap=9.299e+04 tol=1.167e+05  t_LP=4.893  t_PR=0.081  t_SP=0.032  t_Tot=5.094

# === STDOUT (result CSV) ===
Setting parameter 'LpMethod' to 2
Setting parameter 'GPUMode' to 2
Setting parameter 'Presolve' to 0
Setting parameter 'Crossover' to 0
instance,formulation,iterations,columns,objective,lower_bound,optimal,time,time_lp,time_pricing,time_separation
/home/simon/code/my/mcfcg/data/commalab/planar/planar800,path,10,52896,1167385798.522222,1167292803.934026,1,5.139,4.893,0.081,0.032
