# cmd: /home/simon/code/my/mcfcg/build/mcfcg_cli /home/simon/code/my/mcfcg/data/commalab/planar/planar80 --solver cuopt --formulation path --max-iters 10000 --time-limit 7200.0
# outcome: ok
# returncode: 0
# === STDERR (CG iteration log + preamble) ===
Instance: 80 vertices, 440 arcs, 543 commodities, 80 sources
Pricing threads: 32 (auto)
Slack mode: EdgeRows (struct=543, capped_arcs=440)
   It           UB           LB       LP_obj   #col   #row  #slk   +col   -col   +cut   -cut    t_LP    t_PR    t_SP   t_Tot     t_acc
    1          inf   1.6746e+08   1.6746e+08    637    637     0      0      0     94      0   0.365   0.000   0.000   0.366     0.366
    2          inf   1.6746e+08   2.5924e+09   1160    637    91    523      0      0      0   0.103   0.000   0.000   0.103     0.469
    3          inf   1.6746e+08   1.8997e+08   1615    677     0    415      0     40      0   0.062   0.000   0.000   0.063     0.532
    4          inf   1.6746e+08   2.7750e+08   2054    685    14    431      0      8      0   0.097   0.000   0.000   0.098     0.630
    5          inf   1.6746e+08   2.7548e+08   2403    693     6    341      0      8      0   0.098   0.000   0.000   0.099     0.729
    6   1.8348e+08   1.7947e+08   1.8348e+08   2685    693     0    282      0      0      0   0.087   0.000   0.000   0.088     0.817
    7   1.8348e+08   1.8120e+08   1.8264e+08   2882    696     0    194      0      3      0   0.120   0.000   0.000   0.120     0.937
    8   1.8348e+08   1.8230e+08   1.8245e+08   2826    697     0    167    224      1      0   0.088   0.000   0.000   0.089     1.026
    9   1.8244e+08   1.8244e+08   1.8244e+08   2826    697     0    *12      0      0      0   0.091   0.000   0.000   0.091     1.117
CG optimal after 9 iterations. UB=182438137.624194 LB=182438131.395179 gap=6.229e+00 tol=1.824e+04  t_LP=1.111  t_PR=0.003  t_SP=0.002  t_Tot=1.118

# === STDOUT (result CSV) ===
instance,formulation,iterations,columns,objective,lower_bound,optimal,time,time_lp,time_pricing,time_separation
/home/simon/code/my/mcfcg/data/commalab/planar/planar80,path,9,2672,182438137.624194,182438131.395179,1,1.125,1.111,0.003,0.002
