# cmd: /home/simon/code/my/mcfcg/build/mcfcg_cli /home/simon/code/my/mcfcg/data/commalab/planar/planar30 --solver copt --formulation tree --max-iters 10000 --time-limit 7200.0
# outcome: ok
# returncode: 0
# === STDERR (CG iteration log + preamble) ===
Instance: 30 vertices, 150 arcs, 92 commodities, 29 sources
Pricing threads: 32 (auto)
Slack mode: CommodityRows (struct=29, capped_arcs=150)
   It           UB           LB       LP_obj   #col   #row  #slk   +col   -col   +cut   -cut    t_LP    t_PR    t_SP   t_Tot     t_acc
    1          inf   4.3134e+07   3.4328e+06     58     29    29      0      0      0      0   0.256   0.000   0.000   0.257     0.257
    2          inf   4.3134e+07   2.8978e+07     58     33    17      0      0      4      0   0.081   0.000   0.000   0.081     0.338
    3          inf   4.3134e+07   6.6437e+07     70     39     9     12      0      6      0   0.069   0.000   0.000   0.070     0.408
    4          inf   4.3134e+07   1.0650e+08     94     44    12     24      0      5      0   0.052   0.000   0.000   0.053     0.460
    5          inf   4.3134e+07   6.8035e+07    114     48     4     20      0      4      0   0.060   0.000   0.000   0.061     0.521
    6          inf   4.3134e+07   5.2153e+07    134     53     2     20      0      5      0   0.064   0.000   0.000   0.065     0.586
    7          inf   4.3134e+07   4.4709e+07    149     54     0     15      0      1      0   0.064   0.000   0.000   0.065     0.650
    8   4.4377e+07   4.4190e+07   4.4377e+07    159     54     0     11      1      0      0   0.061   0.000   0.000   0.061     0.711
    9   4.4353e+07   4.4346e+07   4.4353e+07    159     53     0      1      1      0      1   0.061   0.000   0.000   0.061     0.772
   10   4.4351e+07   4.4348e+07   4.4351e+07    159     53     0     *1      0      0      0   0.062   0.000   0.000   0.062     0.834
CG optimal after 10 iterations. UB=44350800.800132 LB=44347500.255333 gap=3.301e+03 tol=4.435e+03  t_LP=0.831  t_PR=0.003  t_SP=0.000  t_Tot=0.835

# === STDOUT (result CSV) ===
Setting parameter 'LpMethod' to 2
Setting parameter 'GPUMode' to 2
Setting parameter 'Presolve' to 0
Setting parameter 'Crossover' to 0
instance,formulation,iterations,columns,objective,lower_bound,optimal,time,time_lp,time_pricing,time_separation
/home/simon/code/my/mcfcg/data/commalab/planar/planar30,tree,10,130,44350800.800132,44347500.255333,1,0.852,0.831,0.003,0.000
