# cmd: /home/simon/code/my/mcfcg/build/mcfcg_cli /home/simon/code/my/mcfcg/data/commalab/planar/planar2500 --solver copt --formulation path --max-iters 10000 --time-limit 7200.0
# outcome: ok
# returncode: 0
# === STDERR (CG iteration log + preamble) ===
Instance: 2500 vertices, 12990 arcs, 81430 commodities, 2500 sources
Pricing threads: 32 (auto)
Slack mode: EdgeRows (struct=81430, capped_arcs=12990)
   It           UB           LB       LP_obj   #col   #row  #slk   +col   -col   +cut   -cut    t_LP    t_PR    t_SP   t_Tot     t_acc
    1          inf   1.0946e+10   1.0946e+10  83123  83123     0      0      0   1693      0   0.359   0.099   0.110   0.567     0.567
    2          inf   1.0946e+10   2.9836e+12 133123  83123  1693  50000      0      0      0   5.290   0.055   0.003   5.396     5.964
    3          inf   1.0946e+10   2.3308e+10 184285  84285     7  50000      0   1162      0   6.263   0.069   0.097   6.543    12.507
    4          inf   1.0946e+10   1.1431e+12 234326  84326  1058  50000      0     41      0  20.321   0.071   0.138  20.661    33.168
    5          inf   1.0946e+10   5.3163e+12 284512  84512  1236  50000      0    186      0  26.494   0.069   0.181  26.818    59.986
    6          inf   1.0946e+10   2.2724e+12 334826  84826   509  50000      0    314      0  40.452   0.060   0.244  40.839   100.826
    7          inf   1.0946e+10   6.1045e+12 384877  84877   677  50000      0     51      0  55.126   0.075   0.284  55.635   156.461
    8          inf   1.0946e+10   2.8568e+12 398771  84486   424  50000  35715     70    461  75.307   0.076   0.340  77.196   233.656
    9          inf   1.0946e+10   5.1209e+11 407527  84464   150  50000  41222     46     68  41.517   0.075   0.324  43.298   276.955
   10          inf   1.0946e+10   1.3377e+10 414578  84223     0  50000  42708     24    265  30.368   0.075   0.298  32.096   309.050
   11          inf   1.1217e+10   1.3207e+10 426961  83825     0  50000  37219     30    428  17.791   0.072   0.293  19.428   328.478
   12          inf   1.1582e+10   1.3088e+10 435213  83716     0  50000  41639     69    178  15.697   0.074   0.267  17.206   345.684
   13          inf   1.1699e+10   1.3010e+10 440997  83544     0  50000  44044     61    233  15.271   0.073   0.265  16.761   362.446
   14          inf   1.1903e+10   1.2938e+10 441493  83465     0  50000  49425     69    148  13.425   0.075   0.258  14.895   377.341
   15          inf   1.2033e+10   1.2881e+10 429731  83367     0  50000  61664     78    176  12.226   0.073   0.257  13.651   390.991
   16          inf   1.2123e+10   1.2831e+10 425320  83335     0  50000  54379     55     87  11.521   0.076   0.242  12.884   403.875
   17          inf   1.2253e+10   1.2788e+10 426653  83328     0  50000  48660     65     72  11.116   0.074   0.233  12.474   416.350
   18          inf   1.2342e+10   1.2756e+10 428549  83318     0  50000  48094     45     55  10.745   0.066   0.241  12.108   428.457
   19          inf   1.2409e+10   1.2730e+10 430113  83328     0  50000  48446     62     52   9.881   0.075   0.260  11.273   439.731
   20          inf   1.2475e+10   1.2711e+10 431291  83326     0  50000  48820     47     49   9.944   0.076   0.239  11.311   451.042
   21          inf   1.2516e+10   1.2697e+10 431797  83312     0  50000  49480     28     42  10.423   0.073   0.246  11.783   462.825
   22          inf   1.2545e+10   1.2685e+10 432090  83303     0  50000  49698     44     53  10.026   0.077   0.248  11.393   474.218
   23          inf   1.2584e+10   1.2677e+10 432268  83295     0  50000  49814     38     46   9.458   0.076   0.239  10.810   485.029
   24          inf   1.2607e+10   1.2672e+10 433705  83285     0  50000  48553     40     50   9.661   0.077   0.246  11.009   496.038
   25          inf   1.2625e+10   1.2667e+10 434985  83276     0  50000  48711     28     37   9.722   0.073   0.246  11.093   507.131
   26          inf   1.2638e+10   1.2665e+10 437009  83270     0  50000  47970     25     31   9.650   0.071   0.244  11.014   518.145
   27          inf   1.2649e+10   1.2664e+10 439913  83266     0  50000  47092     26     30   9.082   0.075   0.246  10.474   528.619
   28          inf   1.2656e+10   1.2663e+10 444587  83268     0  50000  45328     22     20   9.767   0.073   0.251  11.203   539.822
   29          inf   1.2660e+10   1.2662e+10 461572  83259     0  50000  33006     10     19  11.301   0.057   0.260  12.721   552.544
   30          inf   1.2662e+10   1.2662e+10 453988  83244     0  15391  22960      3     18  10.529   0.059   0.259  11.992   564.536
   31          inf   1.2662e+10   1.2662e+10 436906  83235     0   2459  19532      2     11   9.294   0.059   0.256  10.709   575.245
   32   1.2662e+10   1.2662e+10   1.2662e+10 436906  83235     0   *309      0      0      0   8.859   0.057   0.010   8.927   584.172
CG optimal after 32 iterations. UB=12662327987.228233 LB=12662325336.532991 gap=2.651e+03 tol=1.266e+06  t_LP=546.885  t_PR=2.437  t_SP=7.323  t_Tot=584.324

# === STDOUT (result CSV) ===
Setting parameter 'LpMethod' to 2
Setting parameter 'GPUMode' to 2
Setting parameter 'Presolve' to 0
Setting parameter 'Crossover' to 0
instance,formulation,iterations,columns,objective,lower_bound,optimal,time,time_lp,time_pricing,time_separation
/home/simon/code/my/mcfcg/data/commalab/planar/planar2500,path,32,435101,12662327987.228233,12662325336.532991,1,584.680,546.885,2.437,7.323
