# cmd: /home/simon/code/my/mcfcg/build/mcfcg_cli /home/simon/code/my/mcfcg/data/commalab/planar/planar150 --solver cuopt --formulation path --max-iters 10000 --time-limit 7200.0
# outcome: ok
# returncode: 0
# === STDERR (CG iteration log + preamble) ===
Instance: 150 vertices, 850 arcs, 2239 commodities, 150 sources
Pricing threads: 32 (auto)
Slack mode: EdgeRows (struct=2239, capped_arcs=850)
   It           UB           LB       LP_obj   #col   #row  #slk   +col   -col   +cut   -cut    t_LP    t_PR    t_SP   t_Tot     t_acc
    1          inf   4.6091e+08   4.6091e+08   2455   2455     0      0      0    216      0   0.396   0.001   0.001   0.398     0.398
    2          inf   4.6091e+08   1.4441e+10   4637   2455   216   2182      0      0      0   0.226   0.000   0.000   0.228     0.626
    3          inf   4.6103e+08   5.7102e+08   6537   2571     0   1784      0    116      0   0.100   0.000   0.001   0.102     0.728
    4          inf   4.6103e+08   3.4056e+09   8599   2587    75   2046      0     16      0   0.229   0.000   0.000   0.231     0.959
    5          inf   4.6103e+08   2.3471e+09  10620   2627    23   1981      0     40      0   0.345   0.000   0.001   0.348     1.306
    6          inf   4.6103e+08   8.2424e+08  12582   2642    13   1947      0     15      0   0.309   0.000   0.000   0.311     1.617
    7          inf   4.7830e+08   5.7269e+08  14340   2650     0   1750      0      8      0   0.248   0.000   0.000   0.250     1.867
    8          inf   5.2626e+08   5.6068e+08  15029   2655     0   1594    910      5      0   0.250   0.000   0.000   0.253     2.120
    9   5.5399e+08   5.3468e+08   5.5399e+08  15299   2655     0   1334   1064      0      0   0.275   0.001   0.000   0.277     2.398
   10   5.5399e+08   5.4121e+08   5.5047e+08  15270   2656     0   1230   1260      1      0   0.249   0.000   0.000   0.252     2.649
   11   5.4931e+08   5.4439e+08   5.4931e+08  14555   2656     0    930   1645      0      0   0.277   0.000   0.000   0.279     2.928
   12   5.4931e+08   5.4686e+08   5.4849e+08  12503   2660     0    666   2722      4      0   0.236   0.000   0.000   0.239     3.167
   13   5.4814e+08   5.4765e+08   5.4814e+08  11426   2660     0    350   1427      0      0   0.215   0.001   0.000   0.217     3.385
   14   5.4809e+08   5.4808e+08   5.4809e+08  11426   2660     0    *82      0      0      0   0.221   0.000   0.000   0.222     3.606
CG optimal after 14 iterations. UB=548087605.889261 LB=548081459.572660 gap=6.146e+03 tol=5.481e+04  t_LP=3.577  t_PR=0.010  t_SP=0.005  t_Tot=3.610

# === STDOUT (result CSV) ===
instance,formulation,iterations,columns,objective,lower_bound,optimal,time,time_lp,time_pricing,time_separation
/home/simon/code/my/mcfcg/data/commalab/planar/planar150,path,14,11005,548087605.889261,548081459.572660,1,3.618,3.577,0.010,0.005
