# cmd: /home/simon/code/my/mcfcg/build/mcfcg_cli /home/simon/code/my/mcfcg/data/commalab/planar/planar1000 --solver cuopt --formulation tree --max-iters 10000 --time-limit 7200.0
# outcome: ok
# returncode: 0
# === STDERR (CG iteration log + preamble) ===
Instance: 1000 vertices, 5200 arcs, 20026 commodities, 1000 sources
Pricing threads: 32 (auto)
Slack mode: CommodityRows (struct=1000, capped_arcs=5200)
   It           UB           LB       LP_obj   #col   #row  #slk   +col   -col   +cut   -cut    t_LP    t_PR    t_SP   t_Tot     t_acc
    1          inf   3.1896e+09   8.9123e+06   2000   1000  1000      0      0      0      0   0.363   0.020   0.001   0.384     0.384
    2          inf   3.1896e+09   8.7512e+07   2000   1000  1000      0      0      0      0   0.025   0.019   0.001   0.045     0.429
    3          inf   3.1896e+09   8.7278e+08   2000   1000   998      0      0      0      0   0.025   0.017   0.001   0.043     0.471
    4          inf   3.1896e+09   3.1897e+09   2000   1538     0      0      0    538      0   0.025   0.016   0.004   0.045     0.516
    5          inf   3.1896e+09   6.1730e+09   2999   1538   602    999      0      0      0   0.748   0.011   0.001   0.765     1.281
    6          inf   3.1896e+09   6.2031e+09   3999   1538   506   1000      0      0      0   1.187   0.011   0.001   1.205     2.487
    7          inf   3.1896e+09   5.7822e+09   4999   1541   435   1000      0      3      0   0.995   0.008   0.001   1.010     3.497
    8          inf   3.1896e+09   5.3774e+09   5999   1546   365   1000      0      5      0   1.227   0.011   0.002   1.245     4.742
    9          inf   3.1896e+09   5.0416e+09   6999   1549   316   1000      0      3      0   1.380   0.011   0.002   1.399     6.141
   10          inf   3.1896e+09   4.7189e+09   7550   1562   256   1000    449     13      0   2.022   0.011   0.002   2.044     8.185
   11          inf   3.1896e+09   4.4296e+09   7932   1583   209   1000    618     21      0   1.498   0.011   0.003   1.520     9.705
   12          inf   3.1896e+09   4.2319e+09   8166   1604   162   1000    766     21      0   1.687   0.011   0.003   1.709    11.414
   13          inf   3.1896e+09   4.0070e+09   8414   1627   122   1000    752     23      0   1.701   0.011   0.003   1.723    13.136
   14          inf   3.1896e+09   3.8396e+09   8675   1652    77   1000    739     25      0   1.915   0.011   0.003   1.937    15.073
   15          inf   3.1896e+09   3.6949e+09   8971   1705    40   1000    704     53      0   1.896   0.010   0.003   1.919    16.992
   16          inf   3.1896e+09   3.6271e+09   9175   1726    24   1000    796     21      0   1.964   0.010   0.003   1.986    18.978
   17          inf   3.1896e+09   3.5678e+09   9447   1751     6   1000    728     25      0   1.876   0.010   0.003   1.899    20.877
   18          inf   3.2637e+09   3.5376e+09   9945   1759     0   1000    502      8      0   1.559   0.010   0.003   1.580    22.457
   19          inf   3.3149e+09   3.5247e+09  10381   1767     0   1000    564      8      0   1.564   0.011   0.003   1.587    24.044
   20          inf   3.3320e+09   3.5111e+09  10801   1777     0   1000    580     10      0   1.501   0.011   0.003   1.525    25.568
   21          inf   3.3320e+09   3.5003e+09  11081   1783     0   1000    720      6      0   1.552   0.011   0.003   1.576    27.145
   22          inf   3.3384e+09   3.4898e+09  11244   1786     0   1000    837      3      0   1.636   0.010   0.003   1.659    28.804
   23          inf   3.3739e+09   3.4829e+09  11498   1790     0   1000    746      4      0   1.618   0.010   0.003   1.641    30.445
   24          inf   3.3814e+09   3.4773e+09  11127   1794     0   1000   1371      4      0   1.658   0.011   0.003   1.685    32.130
   25          inf   3.3913e+09   3.4720e+09  11336   1796     0   1000    791      2      0   1.692   0.008   0.003   1.714    33.844
   26          inf   3.3929e+09   3.4669e+09  11489   1798     0   1000    847      2      0   1.854   0.011   0.003   1.879    35.723
   27          inf   3.4047e+09   3.4638e+09  11879   1801     0   1000    610      3      0   1.758   0.011   0.003   1.782    37.505
   28   3.4612e+09   3.4138e+09   3.4612e+09  12337   1801     0   1000    542      0      0   2.235   0.011   0.003   2.260    39.765
   29   3.4612e+09   3.4180e+09   3.4586e+09  13092   1802     0   1000    245      1      0   1.994   0.011   0.003   2.019    41.783
   30   3.4612e+09   3.4257e+09   3.4566e+09  12748   1803     0   1000   1344      1      0   1.938   0.011   0.005   1.966    43.749
   31   3.4554e+09   3.4267e+09   3.4554e+09  13463   1803     0   1000    285      0      0   2.238   0.011   0.003   2.264    46.013
   32   3.4554e+09   3.4305e+09   3.4542e+09  14366   1804     0   1000     97      1      0   2.181   0.011   0.003   2.206    48.219
   33   3.4530e+09   3.4346e+09   3.4530e+09  14728   1804     0   1000    638      0      0   2.276   0.011   0.004   2.302    50.521
   34   3.4530e+09   3.4361e+09   3.4521e+09  15451   1806     0   1000    277      2      0   2.495   0.011   0.004   2.521    53.042
   35   3.4530e+09   3.4402e+09   3.4514e+09  16340   1807     0   1000    111      1      0   2.509   0.011   0.004   2.536    55.578
   36   3.4530e+09   3.4424e+09   3.4508e+09  17167   1808     0   1000    173      1      0   2.449   0.008   0.004   2.473    58.051
   37   3.4505e+09   3.4433e+09   3.4505e+09  17972   1808     0   1000    195      0      0   2.766   0.010   0.004   2.793    60.844
   38   3.4502e+09   3.4446e+09   3.4502e+09  18800   1808     0   1000    172      0      0   2.719   0.011   0.004   2.747    63.591
   39   3.4502e+09   3.4461e+09   3.4501e+09  19741   1810     0   1000     59      2      0   3.010   0.011   0.005   3.038    66.629
   40   3.4499e+09   3.4470e+09   3.4499e+09  20637   1810     0   1000    104      0      0   3.089   0.012   0.004   3.118    69.747
   41   3.4499e+09   3.4478e+09   3.4498e+09  21612   1813     0   1000     25      3      0   3.069   0.012   0.005   3.099    72.846
   42   3.4499e+09   3.4483e+09   3.4497e+09  22612   1814     0   1000      0      1      0   3.281   0.011   0.005   3.302    76.148
   43   3.4497e+09   3.4487e+09   3.4497e+09  22989   1814     0   1000    623      0      0   3.524   0.008   0.005   3.552    79.700
   44   3.4497e+09   3.4491e+09   3.4497e+09  23898   1814     0   1000     91      0      0   3.605   0.011   0.005   3.635    83.335
   45   3.4496e+09   3.4492e+09   3.4496e+09  24875   1814     0   1000     23      0      0   3.872   0.012   0.005   3.905    87.240
   46   3.4496e+09   3.4495e+09   3.4496e+09  24875   1814     0  *1000      0      0      0   4.039   0.011   0.005   4.056    91.296
CG optimal after 46 iterations. UB=3449637974.552319 LB=3449455852.042127 gap=1.821e+05 tol=3.450e+05  t_LP=90.215  t_PR=0.534  t_SP=0.147  t_Tot=91.315

# === STDOUT (result CSV) ===
instance,formulation,iterations,columns,objective,lower_bound,optimal,time,time_lp,time_pricing,time_separation
/home/simon/code/my/mcfcg/data/commalab/planar/planar1000,tree,46,23875,3449637974.552319,3449455852.042127,1,91.344,90.215,0.534,0.147
