# cmd: /home/simon/code/my/mcfcg/build/mcfcg_cli /home/simon/code/my/mcfcg/data/commalab/planar/planar50 --solver cuopt --formulation tree --max-iters 10000 --time-limit 7200.0
# outcome: ok
# returncode: 0
# === STDERR (CG iteration log + preamble) ===
Instance: 50 vertices, 250 arcs, 267 commodities, 50 sources
Pricing threads: 32 (auto)
Slack mode: CommodityRows (struct=50, capped_arcs=250)
   It           UB           LB       LP_obj   #col   #row  #slk   +col   -col   +cut   -cut    t_LP    t_PR    t_SP   t_Tot     t_acc
    1          inf   1.1503e+08   4.0977e+06    100     50    50      0      0      0      0   0.359   0.000   0.000   0.360     0.360
    2          inf   1.1503e+08   3.9142e+07    100     50    43      0      0      0      0   0.019   0.000   0.000   0.020     0.379
    3          inf   1.1503e+08   1.1503e+08    100     84     0      0      0     34      0   0.019   0.000   0.000   0.019     0.398
    4          inf   1.1503e+08   1.9455e+08    146     84    24     46      0      0      0   0.035   0.000   0.000   0.036     0.434
    5          inf   1.1503e+08   1.8629e+08    184     86    16     38      0      2      0   0.037   0.000   0.000   0.037     0.471
    6          inf   1.1503e+08   1.5496e+08    226     88    12     42      0      2      0   0.039   0.000   0.000   0.039     0.511
    7          inf   1.1503e+08   1.3884e+08    268     92     7     42      0      4      0   0.046   0.000   0.000   0.046     0.557
    8          inf   1.1503e+08   1.3466e+08    314     95     4     46      0      3      0   0.047   0.000   0.000   0.047     0.604
    9          inf   1.1503e+08   1.2503e+08    355     98     1     44      3      3      0   0.051   0.000   0.000   0.051     0.655
   10   1.2332e+08   1.1868e+08   1.2332e+08    370     98     0     41     26      0      0   0.053   0.000   0.000   0.053     0.708
   11   1.2271e+08   1.2091e+08   1.2271e+08    395     98     0     32      7      0      0   0.053   0.000   0.000   0.053     0.762
   12   1.2271e+08   1.2195e+08   1.2247e+08    405     99     0     35     25      1      0   0.058   0.000   0.000   0.058     0.820
   13   1.2229e+08   1.2205e+08   1.2229e+08    388     99     0     18     35      0      0   0.051   0.000   0.000   0.051     0.871
   14   1.2229e+08   1.2213e+08   1.2222e+08    356    100     0     17     49      1      0   0.050   0.000   0.000   0.051     0.922
   15   1.2221e+08   1.2213e+08   1.2221e+08    334    100     0     19     41      0      0   0.053   0.000   0.000   0.053     0.975
   16   1.2220e+08   1.2216e+08   1.2220e+08    302    100     0     12     44      0      0   0.050   0.000   0.000   0.050     1.025
   17   1.2220e+08   1.2220e+08   1.2220e+08    302    100     0     *5      0      0      0   0.046   0.000   0.000   0.046     1.071
CG optimal after 17 iterations. UB=122199720.423130 LB=122199666.659765 gap=5.376e+01 tol=1.222e+04  t_LP=1.065  t_PR=0.003  t_SP=0.001  t_Tot=1.073

# === STDOUT (result CSV) ===
instance,formulation,iterations,columns,objective,lower_bound,optimal,time,time_lp,time_pricing,time_separation
/home/simon/code/my/mcfcg/data/commalab/planar/planar50,tree,17,252,122199720.423130,122199666.659765,1,1.079,1.065,0.003,0.001
