# cmd: /home/simon/code/my/mcfcg/build/mcfcg_cli /home/simon/code/my/mcfcg/data/commalab/planar/planar1000 --solver cuopt --formulation path --max-iters 10000 --time-limit 7200.0
# outcome: ok
# returncode: 0
# === STDERR (CG iteration log + preamble) ===
Instance: 1000 vertices, 5200 arcs, 20026 commodities, 1000 sources
Pricing threads: 32 (auto)
Slack mode: EdgeRows (struct=20026, capped_arcs=5200)
   It           UB           LB       LP_obj   #col   #row  #slk   +col   -col   +cut   -cut    t_LP    t_PR    t_SP   t_Tot     t_acc
    1          inf   3.1896e+09   3.1897e+09  20564  20564     0      0      0    538      0   0.480   0.020   0.012   0.512     0.512
    2          inf   3.1896e+09   1.4963e+10  39380  20564   538  18816      0      0      0   1.241   0.010   0.001   1.262     1.774
    3          inf   3.1896e+09   3.5498e+09  55481  20895     0  15770      0    331      0   0.661   0.007   0.009   0.694     2.467
    4          inf   3.1896e+09   4.8232e+09  73903  20950   162  18367      0     55      0   1.523   0.010   0.003   1.554     4.021
    5          inf   3.1896e+09   4.1159e+09  91704  21003    54  17748      0     53      0   1.776   0.010   0.005   1.808     5.829
    6          inf   3.1896e+09   3.5338e+09 109058  21005     0  17352      0      2      0   1.705   0.009   0.002   1.733     7.563
    7          inf   3.3139e+09   3.5004e+09 125102  21009     0  16040      0      4      0   1.750   0.009   0.003   1.778     9.340
    8          inf   3.3625e+09   3.4753e+09 133507  20932     0  15832   7350     12     89   1.835   0.010   0.004   1.891    11.232
    9          inf   3.3927e+09   3.4638e+09 138498  20920     0  14555   9552      8     20   1.923   0.010   0.003   1.980    13.212
   10          inf   3.4205e+09   3.4565e+09 138287  20810     0  13613  13714      4    114   1.819   0.010   0.003   1.876    15.088
   11          inf   3.4327e+09   3.4526e+09 130092  20675     0  13003  21063      4    139   1.720   0.010   0.003   1.781    16.869
   12          inf   3.4448e+09   3.4507e+09 126899  20661     0  11668  14847      3     17   1.518   0.010   0.003   1.573    18.442
   13          inf   3.4475e+09   3.4501e+09 126744  20656     0  10112  10262      2      7   1.603   0.010   0.003   1.655    20.097
   14          inf   3.4485e+09   3.4498e+09 125870  20613     0   7813   8644      4     47   1.529   0.009   0.004   1.580    21.677
   15   3.4497e+09   3.4489e+09   3.4497e+09 124545  20604     0   3788   5104      0      9   1.381   0.009   0.003   1.424    23.100
   16   3.4496e+09   3.4495e+09   3.4496e+09 124545  20604     0  *3830      0      0      0   1.400   0.009   0.003   1.413    24.514
CG optimal after 16 iterations. UB=3449612752.141863 LB=3449543384.714239 gap=6.937e+04 tol=3.450e+05  t_LP=23.864  t_PR=0.193  t_SP=0.062  t_Tot=24.544

# === STDOUT (result CSV) ===
instance,formulation,iterations,columns,objective,lower_bound,optimal,time,time_lp,time_pricing,time_separation
/home/simon/code/my/mcfcg/data/commalab/planar/planar1000,path,16,123967,3449612752.141863,3449543384.714239,1,24.584,23.864,0.193,0.062
