# cmd: /home/simon/code/my/mcfcg/build/mcfcg_cli /home/simon/code/my/mcfcg/data/commalab/planar/planar100 --solver copt --formulation tree --max-iters 10000 --time-limit 7200.0
# outcome: ok
# returncode: 0
# === STDERR (CG iteration log + preamble) ===
Instance: 100 vertices, 532 arcs, 1085 commodities, 100 sources
Pricing threads: 32 (auto)
Slack mode: CommodityRows (struct=100, capped_arcs=532)
   It           UB           LB       LP_obj   #col   #row  #slk   +col   -col   +cut   -cut    t_LP    t_PR    t_SP   t_Tot     t_acc
    1          inf   2.1492e+08   3.1028e+06    200    100   100      0      0      0      0   0.251   0.001   0.000   0.252     0.252
    2          inf   2.1492e+08   3.0947e+07    200    100    99      0      0      0      0   0.077   0.001   0.000   0.077     0.329
    3          inf   2.1492e+08   2.0963e+08    200    162    15      0      0     62      0   0.079   0.000   0.000   0.080     0.409
    4          inf   2.1492e+08   3.1972e+08    293    162    74     93      0      0      0   0.081   0.000   0.000   0.081     0.490
    5          inf   2.1492e+08   1.1438e+09    393    169    49    100      0      7      0   0.072   0.000   0.000   0.073     0.563
    6          inf   2.1492e+08   2.0337e+09    492    173    51     99      0      4      0   0.068   0.000   0.000   0.069     0.632
    7          inf   2.1492e+08   4.4727e+09    592    186    32    100      0     13      0   0.071   0.000   0.000   0.071     0.704
    8          inf   2.1492e+08   3.8664e+09    692    196    18    100      0     10      0   0.072   0.000   0.000   0.073     0.777
    9          inf   2.1492e+08   1.7664e+09    766    199     6    100     26     10      7   0.080   0.000   0.000   0.080     0.857
   10          inf   2.1492e+08   2.3816e+08    834    209     0    100     32     10      0   0.094   0.000   0.000   0.095     0.952
   11          inf   2.1715e+08   2.3571e+08    885    213     0     99     48      4      0   0.091   0.000   0.000   0.092     1.044
   12          inf   2.2527e+08   2.3469e+08    933    214     0     99     51      1      0   0.091   0.000   0.000   0.092     1.136
   13   2.3365e+08   2.2782e+08   2.3365e+08    966    214     0     98     65      0      0   0.087   0.000   0.000   0.088     1.224
   14   2.3365e+08   2.2847e+08   2.3288e+08    990    214     0     98     74      1      1   0.093   0.000   0.000   0.094     1.318
   15   2.3221e+08   2.2970e+08   2.3221e+08    966    213     0     99    123      0      1   0.089   0.000   0.000   0.090     1.408
   16   2.3221e+08   2.3010e+08   2.3177e+08    947    208     0     95    114      1      6   0.092   0.000   0.000   0.093     1.501
   17   2.3161e+08   2.3070e+08   2.3161e+08    942    208     0     95    100      0      0   0.092   0.000   0.000   0.093     1.594
   18   2.3145e+08   2.3073e+08   2.3145e+08    934    208     0     94    102      0      0   0.093   0.000   0.000   0.094     1.689
   19   2.3139e+08   2.3110e+08   2.3139e+08    937    191     0     93     90      0     17   0.090   0.000   0.000   0.091     1.779
   20   2.3136e+08   2.3122e+08   2.3136e+08    926    189     0     93    104      0      2   0.091   0.000   0.000   0.092     1.871
   21   2.3134e+08   2.3127e+08   2.3134e+08    922    188     0     91     95      0      1   0.095   0.000   0.000   0.096     1.967
   22   2.3134e+08   2.3134e+08   2.3134e+08    922    189     0    *62      0      1      0   0.087   0.000   0.000   0.087     2.054
CG optimal after 22 iterations. UB=231344992.214060 LB=231339110.401256 gap=5.882e+03 tol=2.313e+04  t_LP=2.037  t_PR=0.007  t_SP=0.003  t_Tot=2.056

# === STDOUT (result CSV) ===
Setting parameter 'LpMethod' to 2
Setting parameter 'GPUMode' to 2
Setting parameter 'Presolve' to 0
Setting parameter 'Crossover' to 0
instance,formulation,iterations,columns,objective,lower_bound,optimal,time,time_lp,time_pricing,time_separation
/home/simon/code/my/mcfcg/data/commalab/planar/planar100,tree,22,822,231344992.214060,231339110.401256,1,2.074,2.037,0.007,0.003
