# cmd: /home/simon/code/my/mcfcg/build/mcfcg_cli /home/simon/code/my/mcfcg/data/commalab/planar/planar30 --solver copt --formulation path --max-iters 10000 --time-limit 7200.0
# outcome: ok
# returncode: 0
# === STDERR (CG iteration log + preamble) ===
Instance: 30 vertices, 150 arcs, 92 commodities, 29 sources
Pricing threads: 32 (auto)
Slack mode: CommodityRows (struct=92, capped_arcs=150)
   It           UB           LB       LP_obj   #col   #row  #slk   +col   -col   +cut   -cut    t_LP    t_PR    t_SP   t_Tot     t_acc
    1          inf   4.3134e+07   4.3130e+07    184    109     1      0      0     17      0   0.256   0.000   0.000   0.257     0.257
    2          inf   4.3134e+07   4.8730e+07    235    109    26     51      0      0      0   0.079   0.000   0.000   0.079     0.336
    3          inf   4.3134e+07   6.6842e+07    273    111    11     38      0      2      0   0.060   0.000   0.000   0.061     0.396
    4          inf   4.3134e+07   4.4632e+07    286    114     2     13      0      3      0   0.065   0.000   0.000   0.065     0.461
    5          inf   4.3225e+07   4.4467e+07    300    115     0     14      0      1      0   0.063   0.000   0.000   0.063     0.525
    6          inf   4.4335e+07   4.4350e+07    302    116     0      2      0      1      0   0.065   0.000   0.000   0.065     0.590
    7   4.4351e+07   4.4351e+07   4.4351e+07    302    116     0     *0      0      0      0   0.066   0.000   0.000   0.066     0.656
CG optimal after 7 iterations. UB=44350624.000425 LB=44350623.718525 gap=2.819e-01 tol=4.435e+03  t_LP=0.654  t_PR=0.002  t_SP=0.000  t_Tot=0.658

# === STDOUT (result CSV) ===
Setting parameter 'LpMethod' to 2
Setting parameter 'GPUMode' to 2
Setting parameter 'Presolve' to 0
Setting parameter 'Crossover' to 0
instance,formulation,iterations,columns,objective,lower_bound,optimal,time,time_lp,time_pricing,time_separation
/home/simon/code/my/mcfcg/data/commalab/planar/planar30,path,7,210,44350624.000425,44350623.718525,1,0.675,0.654,0.002,0.000
