# cmd: /home/simon/code/my/mcfcg/build/mcfcg_cli /home/simon/code/my/mcfcg/data/commalab/planar/planar50 --solver cuopt --formulation path --max-iters 10000 --time-limit 7200.0
# outcome: ok
# returncode: 0
# === STDERR (CG iteration log + preamble) ===
Instance: 50 vertices, 250 arcs, 267 commodities, 50 sources
Pricing threads: 32 (auto)
Slack mode: EdgeRows (struct=267, capped_arcs=250)
   It           UB           LB       LP_obj   #col   #row  #slk   +col   -col   +cut   -cut    t_LP    t_PR    t_SP   t_Tot     t_acc
    1          inf   1.1503e+08   1.1503e+08    301    301     0      0      0     34      0   0.362   0.000   0.000   0.363     0.363
    2          inf   1.1503e+08   2.4408e+08    513    301    34    212      0      0      0   0.056   0.000   0.000   0.056     0.419
    3          inf   1.1782e+08   1.2149e+08    624    311     0    101      0     10      0   0.043   0.000   0.000   0.043     0.462
    4          inf   1.1782e+08   1.2847e+08    752    322     2    117      0     11      0   0.049   0.000   0.000   0.050     0.511
    5          inf   1.1782e+08   1.2437e+08    864    326     1    108      0      4      0   0.057   0.000   0.000   0.057     0.569
    6          inf   1.2151e+08   1.2240e+08    912    327     0     47      0      1      0   0.087   0.000   0.000   0.088     0.656
    7   1.2223e+08   1.2209e+08   1.2223e+08    935    327     0     23      0      0      0   0.083   0.000   0.000   0.083     0.740
    8   1.2220e+08   1.2220e+08   1.2220e+08    935    327     0     *3      0      0      0   0.052   0.000   0.000   0.053     0.793
CG optimal after 8 iterations. UB=122200079.466352 LB=122198527.723820 gap=1.552e+03 tol=1.222e+04  t_LP=0.790  t_PR=0.002  t_SP=0.001  t_Tot=0.794

# === STDOUT (result CSV) ===
instance,formulation,iterations,columns,objective,lower_bound,optimal,time,time_lp,time_pricing,time_separation
/home/simon/code/my/mcfcg/data/commalab/planar/planar50,path,8,875,122200079.466352,122198527.723820,1,0.801,0.790,0.002,0.001
