# cmd: /home/simon/code/my/mcfcg/build/mcfcg_cli /home/simon/code/my/mcfcg/data/commalab/planar/planar500 --solver cuopt --formulation path --max-iters 10000 --time-limit 7200.0
# outcome: ok
# returncode: 0
# === STDERR (CG iteration log + preamble) ===
Instance: 500 vertices, 2842 arcs, 3525 commodities, 500 sources
Pricing threads: 32 (auto)
Slack mode: EdgeRows (struct=3525, capped_arcs=2842)
   It           UB           LB       LP_obj   #col   #row  #slk   +col   -col   +cut   -cut    t_LP    t_PR    t_SP   t_Tot     t_acc
    1          inf   4.7613e+08   4.7614e+08   3629   3629     0      0      0    104      0   0.408   0.005   0.001   0.414     0.414
    2          inf   4.7613e+08   1.2011e+10   6020   3629   104   2391      0      0      0   0.247   0.002   0.000   0.252     0.666
    3          inf   4.7613e+08   4.8874e+08   7652   3636     0   1625      0      7      0   0.093   0.002   0.001   0.098     0.763
    4          inf   4.7613e+08   4.8458e+08   9442   3637     0   1789      0      1      0   0.115   0.002   0.000   0.119     0.882
    5   4.8313e+08   4.7771e+08   4.8313e+08  10530   3637     0   1088      0      0      0   0.160   0.002   0.000   0.164     1.046
    6   4.8249e+08   4.8105e+08   4.8249e+08  11343   3637     0    813      0      0      0   0.169   0.002   0.000   0.173     1.219
    7   4.8202e+08   4.8193e+08   4.8202e+08  11813   3637     0    470      0      0      0   0.151   0.002   0.000   0.155     1.373
    8   4.8198e+08   4.8198e+08   4.8198e+08  11813   3637     0   *248      0      0      0   0.129   0.002   0.000   0.132     1.505
CG optimal after 8 iterations. UB=481982718.460206 LB=481981097.298273 gap=1.621e+03 tol=4.820e+04  t_LP=1.474  t_PR=0.029  t_SP=0.004  t_Tot=1.513

# === STDOUT (result CSV) ===
instance,formulation,iterations,columns,objective,lower_bound,optimal,time,time_lp,time_pricing,time_separation
/home/simon/code/my/mcfcg/data/commalab/planar/planar500,path,8,11701,481982718.460206,481981097.298273,1,1.523,1.474,0.029,0.004
