# cmd: /home/simon/code/my/mcfcg/build/mcfcg_cli /home/simon/code/my/mcfcg/data/commalab/planar/planar500 --solver copt --formulation tree --max-iters 10000 --time-limit 7200.0
# outcome: ok
# returncode: 0
# === STDERR (CG iteration log + preamble) ===
Instance: 500 vertices, 2842 arcs, 3525 commodities, 500 sources
Pricing threads: 32 (auto)
Slack mode: CommodityRows (struct=500, capped_arcs=2842)
   It           UB           LB       LP_obj   #col   #row  #slk   +col   -col   +cut   -cut    t_LP    t_PR    t_SP   t_Tot     t_acc
    1          inf   4.7613e+08   1.4003e+08   1000    500   486      0      0      0      0   0.265   0.006   0.000   0.271     0.271
    2          inf   4.7613e+08   4.7568e+08   1000    604     1      0      0    104      0   0.086   0.005   0.000   0.091     0.362
    3          inf   4.7613e+08   6.6299e+08   1457    604   142    457      0      0      0   0.102   0.002   0.000   0.106     0.468
    4          inf   4.7613e+08   7.4618e+08   1926    604   151    469      0      0      0   0.095   0.002   0.000   0.099     0.566
    5          inf   4.7613e+08   9.6792e+08   2405    604   114    479      0      0      0   0.116   0.002   0.000   0.120     0.686
    6          inf   4.7613e+08   6.2765e+08   2890    606    36    485      0      2      0   0.120   0.002   0.000   0.123     0.809
    7          inf   4.7856e+08   4.8357e+08   3347    607     0    457      0      1      0   0.110   0.002   0.001   0.114     0.923
    8          inf   4.8078e+08   4.8278e+08   3744    561     0    428     31      1     47   0.113   0.002   0.001   0.117     1.040
    9          inf   4.8082e+08   4.8236e+08   3855    564     0    392    281      3      0   0.101   0.002   0.000   0.105     1.145
   10          inf   4.8148e+08   4.8209e+08   3889    567     0    350    316      3      0   0.108   0.002   0.000   0.112     1.256
   11   4.8201e+08   4.8189e+08   4.8201e+08   3775    566     0    280    394      0      1   0.107   0.002   0.000   0.111     1.368
   12   4.8199e+08   4.8197e+08   4.8199e+08   3775    566     0   *114      0      0      0   0.107   0.002   0.001   0.109     1.477
CG optimal after 12 iterations. UB=481987762.304847 LB=481968592.822719 gap=1.917e+04 tol=4.820e+04  t_LP=1.430  t_PR=0.036  t_SP=0.005  t_Tot=1.484

# === STDOUT (result CSV) ===
Setting parameter 'LpMethod' to 2
Setting parameter 'GPUMode' to 2
Setting parameter 'Presolve' to 0
Setting parameter 'Crossover' to 0
instance,formulation,iterations,columns,objective,lower_bound,optimal,time,time_lp,time_pricing,time_separation
/home/simon/code/my/mcfcg/data/commalab/planar/planar500,tree,12,3275,481987762.304847,481968592.822719,1,1.506,1.430,0.036,0.005
