# cmd: /home/simon/code/my/mcfcg/build/mcfcg_cli /home/simon/code/my/mcfcg/data/commalab/planar/planar1000 --solver copt --formulation path --max-iters 10000 --time-limit 7200.0
# outcome: ok
# returncode: 0
# === STDERR (CG iteration log + preamble) ===
Instance: 1000 vertices, 5200 arcs, 20026 commodities, 1000 sources
Pricing threads: 32 (auto)
Slack mode: EdgeRows (struct=20026, capped_arcs=5200)
   It           UB           LB       LP_obj   #col   #row  #slk   +col   -col   +cut   -cut    t_LP    t_PR    t_SP   t_Tot     t_acc
    1          inf   3.1896e+09   3.1896e+09  20564  20564     0      0      0    538      0   0.292   0.014   0.008   0.314     0.314
    2          inf   3.1896e+09   1.4963e+10  39380  20564   538  18816      0      0      0   0.684   0.008   0.001   0.703     1.017
    3          inf   3.1896e+09   3.5498e+09  55481  20895     0  15770      0    331      0   0.626   0.008   0.009   0.660     1.677
    4          inf   3.1896e+09   4.8232e+09  73903  20950   162  18367      0     55      0   1.208   0.009   0.011   1.247     2.924
    5          inf   3.1896e+09   4.1159e+09  91698  21003    54  17742      0     53      0   1.561   0.008   0.015   1.604     4.528
    6          inf   3.1896e+09   3.5338e+09 108860  21005     0  17160      0      2      0   1.746   0.008   0.020   1.789     6.317
    7          inf   3.3143e+09   3.5004e+09 124730  21009     0  15866      0      4      0   1.968   0.011   0.025   2.024     8.341
    8          inf   3.3622e+09   3.4752e+09 131594  20815     0  15680   8622     12    206   2.020   0.011   0.033   2.230    10.571
    9          inf   3.3948e+09   3.4623e+09 134411  20751     0  14280  11399     14     78   1.740   0.010   0.027   1.907    12.478
   10          inf   3.4134e+09   3.4565e+09 132162  20661     0  13001  15160     15    105   1.591   0.010   0.026   1.743    14.221
   11          inf   3.4370e+09   3.4525e+09 122164  20605     0  10485  20427      8     64   1.492   0.011   0.025   1.643    15.864
   12          inf   3.4438e+09   3.4506e+09 114350  20586     0   9355  17150     10     29   1.381   0.009   0.021   1.500    17.365
   13          inf   3.4475e+09   3.4500e+09 107358  20567     0   6743  13716      4     23   1.351   0.009   0.017   1.461    18.825
   14          inf   3.4483e+09   3.4498e+09  99204  20558     0   3830  11975      3     12   1.204   0.009   0.017   1.306    20.132
   15          inf   3.4491e+09   3.4498e+09  91027  20544     0   1660   9823      2     16   0.997   0.009   0.015   1.090    21.221
   16   3.4496e+09   3.4491e+09   3.4496e+09  84397  20529     0   1716   8331      0     15   0.945   0.008   0.002   1.010    22.232
   17   3.4496e+09   3.4495e+09   3.4496e+09  84397  20529     0   *415      0      0      0   0.909   0.008   0.002   0.919    23.151
CG optimal after 17 iterations. UB=3449618257.586776 LB=3449546317.030851 gap=7.194e+04 tol=3.450e+05  t_LP=21.714  t_PR=0.187  t_SP=0.273  t_Tot=23.177

# === STDOUT (result CSV) ===
Setting parameter 'LpMethod' to 2
Setting parameter 'GPUMode' to 2
Setting parameter 'Presolve' to 0
Setting parameter 'Crossover' to 0
instance,formulation,iterations,columns,objective,lower_bound,optimal,time,time_lp,time_pricing,time_separation
/home/simon/code/my/mcfcg/data/commalab/planar/planar1000,path,17,83894,3449618257.586776,3449546317.030851,1,23.267,21.714,0.187,0.273
