# cmd: /home/simon/code/my/mcfcg/build/mcfcg_cli /home/simon/code/my/mcfcg/data/commalab/planar/planar500 --solver copt --formulation path --max-iters 10000 --time-limit 7200.0
# outcome: ok
# returncode: 0
# === STDERR (CG iteration log + preamble) ===
Instance: 500 vertices, 2842 arcs, 3525 commodities, 500 sources
Pricing threads: 32 (auto)
Slack mode: EdgeRows (struct=3525, capped_arcs=2842)
   It           UB           LB       LP_obj   #col   #row  #slk   +col   -col   +cut   -cut    t_LP    t_PR    t_SP   t_Tot     t_acc
    1          inf   4.7613e+08   4.7613e+08   3629   3629     0      0      0    104      0   0.258   0.005   0.001   0.264     0.264
    2          inf   4.7613e+08   1.2011e+10   6020   3629   104   2391      0      0      0   0.251   0.003   0.000   0.256     0.519
    3          inf   4.7613e+08   4.8874e+08   7652   3636     0   1625      0      7      0   0.121   0.002   0.001   0.126     0.645
    4          inf   4.7613e+08   4.8458e+08   9442   3637     0   1789      0      1      0   0.141   0.002   0.001   0.145     0.790
    5   4.8313e+08   4.7771e+08   4.8313e+08  10423   3637     0    981      0      0      0   0.153   0.002   0.000   0.157     0.947
    6   4.8249e+08   4.8105e+08   4.8249e+08  11150   3637     0    727      0      0      0   0.134   0.002   0.000   0.138     1.085
    7   4.8202e+08   4.8192e+08   4.8202e+08  11391   3637     0    241      0      0      0   0.153   0.002   0.000   0.156     1.240
    8   4.8199e+08   4.8195e+08   4.8199e+08  11391   3637     0   *106      0      0      0   0.148   0.002   0.000   0.150     1.391
CG optimal after 8 iterations. UB=481985162.109297 LB=481947756.306199 gap=3.741e+04 tol=4.820e+04  t_LP=1.360  t_PR=0.026  t_SP=0.004  t_Tot=1.397

# === STDOUT (result CSV) ===
Setting parameter 'LpMethod' to 2
Setting parameter 'GPUMode' to 2
Setting parameter 'Presolve' to 0
Setting parameter 'Crossover' to 0
instance,formulation,iterations,columns,objective,lower_bound,optimal,time,time_lp,time_pricing,time_separation
/home/simon/code/my/mcfcg/data/commalab/planar/planar500,path,8,11279,481985162.109297,481947756.306199,1,1.419,1.360,0.026,0.004
