# cmd: /home/simon/code/my/mcfcg/build/mcfcg_cli /home/simon/code/my/mcfcg/data/commalab/planar/planar100 --solver copt --formulation path --max-iters 10000 --time-limit 7200.0
# outcome: ok
# returncode: 0
# === STDERR (CG iteration log + preamble) ===
Instance: 100 vertices, 532 arcs, 1085 commodities, 100 sources
Pricing threads: 32 (auto)
Slack mode: EdgeRows (struct=1085, capped_arcs=532)
   It           UB           LB       LP_obj   #col   #row  #slk   +col   -col   +cut   -cut    t_LP    t_PR    t_SP   t_Tot     t_acc
    1          inf   2.1492e+08   2.1492e+08   1170   1170     0      0      0     85      0   0.247   0.000   0.000   0.248     0.248
    2          inf   2.1492e+08   6.4779e+08   2139   1170    85    969      0      0      0   0.100   0.000   0.000   0.101     0.349
    3          inf   2.1783e+08   2.3831e+08   2854   1199     0    686      0     29      0   0.090   0.000   0.000   0.091     0.440
    4          inf   2.1783e+08   2.4915e+08   3671   1208     8    808      0      9      0   0.099   0.001   0.000   0.100     0.540
    5          inf   2.2588e+08   2.3322e+08   4257   1210     0    584      0      2      0   0.113   0.000   0.000   0.114     0.654
    6          inf   2.3008e+08   2.3194e+08   4600   1216     0    337      0      6      0   0.103   0.000   0.000   0.104     0.758
    7          inf   2.3099e+08   2.3158e+08   4738   1221     0    133      0      5      0   0.103   0.000   0.000   0.103     0.861
    8   2.3139e+08   2.3124e+08   2.3139e+08   4262   1197     0     71    523      0     24   0.102   0.000   0.000   0.104     0.965
    9   2.3134e+08   2.3134e+08   2.3134e+08   4262   1197     0     *5      0      0      0   0.096   0.000   0.000   0.096     1.061
CG optimal after 9 iterations. UB=231340800.000047 LB=231336169.376083 gap=4.631e+03 tol=2.313e+04  t_LP=1.053  t_PR=0.005  t_SP=0.002  t_Tot=1.064

# === STDOUT (result CSV) ===
Setting parameter 'LpMethod' to 2
Setting parameter 'GPUMode' to 2
Setting parameter 'Presolve' to 0
Setting parameter 'Crossover' to 0
instance,formulation,iterations,columns,objective,lower_bound,optimal,time,time_lp,time_pricing,time_separation
/home/simon/code/my/mcfcg/data/commalab/planar/planar100,path,9,4150,231340800.000047,231336169.376083,1,1.082,1.053,0.005,0.002
