# cmd: /home/simon/code/my/mcfcg/build/mcfcg_cli /home/simon/code/my/mcfcg/data/commalab/planar/planar50 --solver copt --formulation path --max-iters 10000 --time-limit 7200.0
# outcome: ok
# returncode: 0
# === STDERR (CG iteration log + preamble) ===
Instance: 50 vertices, 250 arcs, 267 commodities, 50 sources
Pricing threads: 32 (auto)
Slack mode: EdgeRows (struct=267, capped_arcs=250)
   It           UB           LB       LP_obj   #col   #row  #slk   +col   -col   +cut   -cut    t_LP    t_PR    t_SP   t_Tot     t_acc
    1          inf   1.1503e+08   1.1503e+08    301    301     0      0      0     34      0   0.246   0.000   0.000   0.246     0.246
    2          inf   1.1503e+08   2.4408e+08    513    301    34    212      0      0      0   0.079   0.000   0.000   0.079     0.326
    3          inf   1.1775e+08   1.2149e+08    624    311     0    101      0     10      0   0.064   0.000   0.000   0.064     0.390
    4          inf   1.1775e+08   1.2847e+08    752    322     2    117      0     11      0   0.066   0.000   0.000   0.067     0.457
    5          inf   1.1775e+08   1.2437e+08    856    326     1    100      0      4      0   0.069   0.000   0.000   0.069     0.526
    6          inf   1.2154e+08   1.2240e+08    902    327     0     45      0      1      0   0.068   0.000   0.000   0.069     0.595
    7   1.2224e+08   1.2210e+08   1.2224e+08    918    327     0     16      0      0      0   0.071   0.000   0.001   0.073     0.667
    8   1.2221e+08   1.2219e+08   1.2221e+08    827    322     0      4     90      0      5   0.072   0.000   0.000   0.072     0.740
    9   1.2220e+08   1.2220e+08   1.2220e+08    827    322     0     *0      0      0      0   0.068   0.000   0.000   0.069     0.809
CG optimal after 9 iterations. UB=122199689.000011 LB=122199688.172894 gap=8.271e-01 tol=1.222e+04  t_LP=0.803  t_PR=0.003  t_SP=0.003  t_Tot=0.810

# === STDOUT (result CSV) ===
Setting parameter 'LpMethod' to 2
Setting parameter 'GPUMode' to 2
Setting parameter 'Presolve' to 0
Setting parameter 'Crossover' to 0
instance,formulation,iterations,columns,objective,lower_bound,optimal,time,time_lp,time_pricing,time_separation
/home/simon/code/my/mcfcg/data/commalab/planar/planar50,path,9,772,122199689.000011,122199688.172894,1,0.827,0.803,0.003,0.003
