# cmd: /home/simon/code/my/mcfcg/build/mcfcg_cli /home/simon/code/my/mcfcg/data/commalab/planar/planar80 --solver copt --formulation tree --max-iters 10000 --time-limit 7200.0
# outcome: ok
# returncode: 0
# === STDERR (CG iteration log + preamble) ===
Instance: 80 vertices, 440 arcs, 543 commodities, 80 sources
Pricing threads: 32 (auto)
Slack mode: CommodityRows (struct=80, capped_arcs=440)
   It           UB           LB       LP_obj   #col   #row  #slk   +col   -col   +cut   -cut    t_LP    t_PR    t_SP   t_Tot     t_acc
    1          inf   1.6746e+08   1.7178e+07    160     80    80      0      0      0      0   0.259   0.000   0.000   0.259     0.259
    2          inf   1.6746e+08   1.3972e+08    160    126    30      0      0     46      0   0.082   0.000   0.000   0.082     0.341
    3          inf   1.6746e+08   4.0133e+08    235    130    64     75      0      4      0   0.076   0.000   0.000   0.077     0.418
    4          inf   1.6746e+08   1.9983e+09    311    133    61     76      0      3      0   0.067   0.000   0.000   0.068     0.485
    5          inf   1.6746e+08   7.9506e+09    391    141    46     80      0      8      0   0.070   0.000   0.000   0.070     0.556
    6          inf   1.6746e+08   1.4360e+10    466    155    36     78      3     14      0   0.069   0.000   0.000   0.069     0.625
    7          inf   1.6746e+08   1.2852e+10    546    171    29     80      0     16      0   0.070   0.000   0.000   0.071     0.696
    8          inf   1.6746e+08   1.1286e+10    594    185    20     80     32     17      3   0.075   0.000   0.000   0.076     0.771
    9          inf   1.6746e+08   5.8733e+09    640    195    11     80     34     10      0   0.083   0.000   0.000   0.084     0.856
   10          inf   1.6746e+08   1.5496e+09    687    207     5     80     33     12      0   0.082   0.000   0.000   0.083     0.939
   11          inf   1.6746e+08   3.2484e+08    717    219     1     80     50     12      0   0.091   0.000   0.000   0.092     1.031
   12          inf   1.7011e+08   1.8824e+08    749    221     0     80     48      2      0   0.094   0.000   0.000   0.095     1.126
   13          inf   1.7568e+08   1.8635e+08    782    221     0     80     47      1      1   0.094   0.000   0.000   0.094     1.221
   14          inf   1.7680e+08   1.8494e+08    820    224     0     80     42      5      2   0.090   0.000   0.000   0.090     1.311
   15   1.8406e+08   1.7821e+08   1.8406e+08    851    222     0     80     49      0      2   0.089   0.000   0.000   0.090     1.401
   16   1.8406e+08   1.7960e+08   1.8356e+08    845    218     0     79     85      3      7   0.091   0.000   0.000   0.092     1.493
   17   1.8406e+08   1.7960e+08   1.8320e+08    812    211     0     80    113      2      9   0.090   0.000   0.000   0.090     1.583
   18   1.8406e+08   1.8066e+08   1.8293e+08    786    201     0     79    105      1     11   0.090   0.000   0.000   0.090     1.673
   19   1.8406e+08   1.8120e+08   1.8278e+08    789    202     0     75     72      1      0   0.085   0.000   0.000   0.086     1.759
   20   1.8406e+08   1.8151e+08   1.8264e+08    794    203     0     75     70      1      0   0.086   0.000   0.000   0.086     1.846
   21   1.8406e+08   1.8195e+08   1.8255e+08    806    204     0     76     64      1      0   0.097   0.000   0.000   0.098     1.944
   22   1.8249e+08   1.8209e+08   1.8249e+08    808    204     0     74     72      0      0   0.093   0.000   0.000   0.094     2.038
   23   1.8246e+08   1.8227e+08   1.8246e+08    807    204     0     72     73      0      0   0.097   0.000   0.000   0.098     2.136
   24   1.8246e+08   1.8240e+08   1.8244e+08    809    205     0     70     68      1      0   0.102   0.000   0.000   0.103     2.239
   25   1.8244e+08   1.8244e+08   1.8244e+08    809    205     0    *41      0      0      0   0.093   0.000   0.000   0.094     2.332
CG optimal after 25 iterations. UB=182438134.018297 LB=182438131.611492 gap=2.407e+00 tol=1.824e+04  t_LP=2.315  t_PR=0.006  t_SP=0.004  t_Tot=2.335

# === STDOUT (result CSV) ===
Setting parameter 'LpMethod' to 2
Setting parameter 'GPUMode' to 2
Setting parameter 'Presolve' to 0
Setting parameter 'Crossover' to 0
instance,formulation,iterations,columns,objective,lower_bound,optimal,time,time_lp,time_pricing,time_separation
/home/simon/code/my/mcfcg/data/commalab/planar/planar80,tree,25,729,182438134.018297,182438131.611492,1,2.354,2.315,0.006,0.004
