# cmd: /home/simon/code/my/mcfcg/build/mcfcg_cli /home/simon/code/my/mcfcg/data/commalab/planar/planar30 --solver cuopt --formulation path --max-iters 10000 --time-limit 7200.0
# outcome: ok
# returncode: 0
# === STDERR (CG iteration log + preamble) ===
Instance: 30 vertices, 150 arcs, 92 commodities, 29 sources
Pricing threads: 32 (auto)
Slack mode: CommodityRows (struct=92, capped_arcs=150)
   It           UB           LB       LP_obj   #col   #row  #slk   +col   -col   +cut   -cut    t_LP    t_PR    t_SP   t_Tot     t_acc
    1          inf   4.3134e+07   4.3130e+07    184    109     1      0      0     17      0   0.358   0.000   0.000   0.359     0.359
    2          inf   4.3134e+07   4.8730e+07    235    109    26     51      0      0      0   0.060   0.000   0.000   0.060     0.419
    3          inf   4.3134e+07   6.6842e+07    273    111    11     38      0      2      0   0.060   0.000   0.000   0.060     0.479
    4          inf   4.3134e+07   4.4632e+07    288    114     2     15      0      3      0   0.061   0.000   0.000   0.061     0.540
    5          inf   4.3134e+07   4.4467e+07    305    115     0     17      0      1      0   0.032   0.000   0.000   0.033     0.573
    6   4.4363e+07   4.4310e+07   4.4363e+07    308    115     0      3      0      0      0   0.034   0.000   0.000   0.034     0.607
    7   4.4363e+07   4.4345e+07   4.4345e+07    308    116     0      0      0      1      0   0.036   0.000   0.000   0.036     0.643
    8   4.4351e+07   4.4351e+07   4.4351e+07    308    116     0     *0      0      0      0   0.034   0.000   0.000   0.034     0.677
CG optimal after 8 iterations. UB=44350631.189773 LB=44350622.812455 gap=8.377e+00 tol=4.435e+03  t_LP=0.675  t_PR=0.002  t_SP=0.000  t_Tot=0.678

# === STDOUT (result CSV) ===
instance,formulation,iterations,columns,objective,lower_bound,optimal,time,time_lp,time_pricing,time_separation
/home/simon/code/my/mcfcg/data/commalab/planar/planar30,path,8,216,44350631.189773,44350622.812455,1,0.684,0.675,0.002,0.000
