# cmd: /home/simon/code/my/mcfcg/build/mcfcg_cli /home/simon/code/my/mcfcg/data/transportation/Barcelona_net.tntp.gz --solver copt --formulation tree --max-iters 10000 --time-limit 7200.0
# outcome: ok
# returncode: 0
# === STDERR (CG iteration log + preamble) ===
TNTP: net=/home/simon/code/my/mcfcg/data/transportation/Barcelona_net.tntp.gz trips=/home/simon/code/my/mcfcg/data/transportation/Barcelona_trips.tntp.gz coef=5050.0
Instance: 1020 vertices, 2522 arcs, 7922 commodities, 97 sources
Pricing threads: 32 (auto)
Slack mode: CommodityRows (struct=97, capped_arcs=2522)
   It           UB           LB       LP_obj   #col   #row  #slk   +col   -col   +cut   -cut    t_LP    t_PR    t_SP   t_Tot     t_acc
    1          inf   2.3750e+02   2.3756e+02    194    227     0      0      0    130      0   0.245   0.002   0.000   0.247     0.247
    2          inf   2.3750e+02   1.4151e+03    290    227    26     96      0      0      0   0.099   0.001   0.000   0.101     0.348
    3          inf   2.3750e+02   3.8404e+03    385    230    37     95      0      3      0   0.083   0.001   0.000   0.085     0.433
    4          inf   2.3750e+02   8.6050e+03    480    233    39     95      0      3      0   0.092   0.001   0.000   0.094     0.527
    5          inf   2.3750e+02   3.6162e+03    575    251    11     95      0     18      0   0.094   0.001   0.000   0.096     0.623
    6          inf   2.3750e+02   8.1185e+03    671    257    15     96      0      6      0   0.102   0.001   0.000   0.104     0.726
    7          inf   2.3750e+02   1.8433e+03    758    191     3     95      8      3     69   0.114   0.001   0.000   0.117     0.843
    8          inf   2.3750e+02   2.4800e+02    810    207     0     94     42     17      1   0.101   0.001   0.000   0.104     0.947
    9          inf   2.3762e+02   2.4678e+02    845    213     0     91     56      6      0   0.095   0.001   0.000   0.098     1.045
   10          inf   2.4061e+02   2.4585e+02    903    216     0     93     35      8      5   0.096   0.001   0.000   0.099     1.144
   11          inf   2.4099e+02   2.4518e+02    913    213     0     86     76      3      6   0.101   0.001   0.000   0.104     1.248
   12   2.4483e+02   2.4133e+02   2.4483e+02    906    209     0     84     91      0      4   0.105   0.001   0.000   0.107     1.355
   13   2.4483e+02   2.4244e+02   2.4443e+02    858    209     0     79    127      4      4   0.106   0.001   0.000   0.109     1.464
   14   2.4431e+02   2.4244e+02   2.4431e+02    843    197     0     78     93      0     12   0.101   0.001   0.000   0.103     1.568
   15   2.4431e+02   2.4294e+02   2.4418e+02    822    193     0     75     96      3      7   0.098   0.001   0.000   0.101     1.669
   16   2.4431e+02   2.4294e+02   2.4400e+02    799    187     0     74     97      2      8   0.094   0.001   0.000   0.097     1.766
   17   2.4392e+02   2.4294e+02   2.4392e+02    790    185     0     71     80      0      2   0.098   0.001   0.000   0.100     1.866
   18   2.4392e+02   2.4294e+02   2.4380e+02    783    190     0     68     75      8      3   0.103   0.001   0.000   0.105     1.972
   19   2.4376e+02   2.4318e+02   2.4376e+02    781    188     0     64     66      0      2   0.093   0.001   0.000   0.096     2.068
   20   2.4376e+02   2.4318e+02   2.4372e+02    770    189     0     62     73      3      2   0.094   0.001   0.000   0.097     2.165
   21   2.4370e+02   2.4326e+02   2.4370e+02    747    185     0     45     68      0      4   0.099   0.001   0.000   0.102     2.266
   22   2.4370e+02   2.4326e+02   2.4364e+02    731    186     0     53     69      3      2   0.093   0.001   0.000   0.096     2.362
   23   2.4361e+02   2.4329e+02   2.4361e+02    693    184     0     41     79      0      2   0.101   0.001   0.000   0.103     2.465
   24   2.4357e+02   2.4329e+02   2.4357e+02    655    182     0     41     79      0      2   0.099   0.001   0.000   0.101     2.566
   25   2.4357e+02   2.4334e+02   2.4356e+02    624    183     0     30     61      1      0   0.097   0.001   0.000   0.100     2.666
   26   2.4355e+02   2.4339e+02   2.4355e+02    576    183     0     21     69      0      0   0.091   0.001   0.000   0.094     2.760
   27   2.4354e+02   2.4339e+02   2.4354e+02    554    182     0     27     49      0      1   0.094   0.001   0.000   0.096     2.856
   28   2.4353e+02   2.4339e+02   2.4353e+02    521    177     0     25     58      0      5   0.102   0.001   0.000   0.104     2.961
   29   2.4353e+02   2.4342e+02   2.4353e+02    490    177     0     10     41      0      0   0.100   0.001   0.000   0.102     3.062
   30   2.4352e+02   2.4342e+02   2.4352e+02    463    177     0     11     38      0      0   0.094   0.001   0.000   0.096     3.159
   31   2.4352e+02   2.4342e+02   2.4352e+02    433    177     0      9     39      0      0   0.096   0.001   0.000   0.098     3.257
   32   2.4352e+02   2.4342e+02   2.4352e+02    415    175     0      6     24      0      2   0.095   0.001   0.000   0.097     3.354
   33   2.4352e+02   2.4343e+02   2.4352e+02    389    173     0      3     29      0      2   0.094   0.001   0.000   0.096     3.451
   34   2.4352e+02   2.4343e+02   2.4352e+02    363    173     0      3     29      0      0   0.092   0.001   0.000   0.094     3.544
   35   2.4352e+02   2.4343e+02   2.4352e+02    349    173     0      1     15      0      0   0.093   0.001   0.000   0.095     3.639
   36   2.4352e+02   2.4343e+02   2.4352e+02    337    173     0      2     14      0      0   0.090   0.001   0.000   0.092     3.732
   37   2.4352e+02   2.4343e+02   2.4352e+02    324    173     0      5     18      0      0   0.089   0.001   0.000   0.091     3.822
   38   2.4352e+02   2.4343e+02   2.4352e+02    312    173     0      2     14      0      0   0.096   0.001   0.000   0.098     3.920
   39   2.4352e+02   2.4343e+02   2.4352e+02    312    173     0      2      2      0      0   0.096   0.001   0.000   0.098     4.018
   40   2.4352e+02   2.4344e+02   2.4352e+02    312    173     0      0      0      0      0   0.096   0.002   0.000   0.098     4.116
CG optimal after 40 iterations. UB=243.515136 LB=243.436526 gap=7.861e-02 tol=2.435e-02  t_LP=4.020  t_PR=0.047  t_SP=0.012  t_Tot=4.121

# === STDOUT (result CSV) ===
Setting parameter 'LpMethod' to 2
Setting parameter 'GPUMode' to 2
Setting parameter 'Presolve' to 0
Setting parameter 'Crossover' to 0
instance,formulation,iterations,columns,objective,lower_bound,optimal,time,time_lp,time_pricing,time_separation
/home/simon/code/my/mcfcg/data/transportation/Barcelona_net.tntp.gz,tree,40,215,243.515136,243.436526,1,4.141,4.020,0.047,0.012
