# cmd: /home/simon/code/my/mcfcg/build/mcfcg_cli /home/simon/code/my/mcfcg/data/transportation/Sydney_net.tntp.gz --solver copt --formulation path --max-iters 10000 --time-limit 7200.0
# outcome: ok
# returncode: 0
# === STDERR (CG iteration log + preamble) ===
TNTP: net=/home/simon/code/my/mcfcg/data/transportation/Sydney_net.tntp.gz trips=/home/simon/code/my/mcfcg/data/transportation/Sydney_trips.tntp.gz coef=1.9
Instance: 33113 vertices, 75379 arcs, 3343560 commodities, 3257 sources
Pricing threads: 32 (auto)
Slack mode: EdgeRows (struct=3343560, capped_arcs=75379)
   It           UB           LB       LP_obj   #col   #row  #slk   +col   -col   +cut   -cut    t_LP    t_PR    t_SP   t_Tot     t_acc
    1          inf   4.9542e+06   4.9560e+06 3343934 3343934     0      0      0    374      0   4.647   1.624   0.928   7.220     7.220
    2          inf   4.9542e+06   1.4287e+07 3393934 3343934   374  50000      0      0      0  37.763   1.141   0.070  39.140    46.360
    3          inf   4.9542e+06   7.1300e+07 3443934 3343934   281  50000      0      0      0  54.569   0.972   0.083  55.809   102.169
    4          inf   4.9542e+06   4.4518e+08 3493938 3343938   207  50000      0      4      0  58.804   1.003   0.511  60.469   162.638
    5          inf   4.9542e+06   2.3781e+09 3543943 3343943   159  50000      0      5      0  54.115   0.994   0.522  55.821   218.459
    6          inf   4.9542e+06   1.1235e+10 3593946 3343946   110  50000      0      3      0  42.523   0.984   0.545  44.205   262.664
    7          inf   4.9542e+06   7.3874e+10 3643948 3343948    90  50000      0      2      0  42.228   0.984   0.527  43.884   306.548
    8          inf   4.9542e+06   1.2438e+11 3659753 3343873    53  50000  34120      3     78  44.309   0.944   0.537  48.521   355.069
    9          inf   4.9542e+06   4.7597e+10 3660972 3343821    29  50000  48729      4     56  48.042   0.944   0.456  51.696   406.765
   10          inf   4.9542e+06   1.4553e+10 3679772 3343784    15  50000  31163      0     37  39.335   0.968   0.095  42.403   449.168
   11          inf   4.9542e+06   4.1333e+09 3701163 3343746     3  50000  28571      1     39  41.982   0.961   0.316  45.196   494.363
   12   4.9899e+06   4.9542e+06   4.9899e+06 3737241 3343695     0  50000  13871      0     51  26.263   0.977   0.094  29.018   523.382
   13   4.9899e+06   4.9542e+06   4.9847e+06 3771172 3343672     0  50000  16046      2     25  25.486   0.905   0.254  28.300   551.681
   14   4.9899e+06   4.9542e+06   4.9821e+06 3740354 3343670     0  50000  80816      8     10  20.642   0.902   0.243  23.435   575.116
   15   4.9899e+06   4.9542e+06   4.9804e+06 3737149 3343662     0  50000  53197      1      9  48.114   0.906   0.215  50.860   625.976
   16   4.9899e+06   4.9542e+06   4.9769e+06 3747342 3343660     0  50000  39805      6      8  29.558   0.895   0.217  32.311   658.287
   17   4.9899e+06   4.9542e+06   4.9744e+06 3751267 3343663     0  50000  46078      5      2  31.785   0.929   0.215  34.595   692.882
   18   4.9899e+06   4.9575e+06   4.9728e+06 3746225 3343690     0  50000  55069     29      2  29.287   0.835   0.278  32.214   725.095
   19   4.9899e+06   4.9600e+06   4.9714e+06 3749857 3343698     0  50000  46376      9      1  30.995   0.871   0.261  33.979   759.074
   20   4.9899e+06   4.9624e+06   4.9708e+06 3743100 3343703     0  50000  56762      5      0  45.052   0.825   0.262  47.436   806.510
   21   4.9899e+06   4.9636e+06   4.9698e+06 3749253 3343721     0  50000  43865     20      2 3217.766   0.850   0.285 3220.903  4027.413
   22   4.9899e+06   4.9636e+06   4.9696e+06 3740516 3343718     0  50000  58734      1      4  24.188   0.842   0.286  27.298  4054.711
   23   4.9694e+06   4.9651e+06   4.9694e+06 3742760 3343717     0  50000  47755      0      1  34.538   0.842   0.093  37.322  4092.033
   24   4.9694e+06   4.9659e+06   4.9689e+06 3747389 3343703     0  50000  45357      5     19  26.089   0.800   0.299  29.155  4121.188
   25   4.9694e+06   4.9661e+06   4.9685e+06 3764511 3343704     0  50000  32879      1      0  33.432   0.790   0.297  35.842  4157.030
   26   4.9694e+06   4.9663e+06   4.9683e+06 3783598 3343700     0  48479  29388      4      8  27.775   0.814   0.293  30.906  4187.936
   27   4.9694e+06   4.9664e+06   4.9682e+06 3741522 3343690     0   5505  47571      1     11  24.209   0.811   0.299  27.159  4215.095
   28   4.9682e+06   4.9664e+06   4.9682e+06 3724374 3343690     0   9486  26634      0      0  30.468   0.803   0.105  32.454  4247.549
   29   4.9682e+06   4.9665e+06   4.9682e+06 3724374 3343690     0      0      0      0      0  32.603   1.525   0.095  34.250  4281.799
CG optimal after 29 iterations. UB=4968208.658598 LB=4966458.798087 gap=1.750e+03 tol=4.968e+02  t_LP=4206.568  t_PR=35.712  t_SP=8.677  t_Tot=4289.870

# === STDOUT (result CSV) ===
Setting parameter 'LpMethod' to 2
Setting parameter 'GPUMode' to 2
Setting parameter 'Presolve' to 0
Setting parameter 'Crossover' to 0
instance,formulation,iterations,columns,objective,lower_bound,optimal,time,time_lp,time_pricing,time_separation
/home/simon/code/my/mcfcg/data/transportation/Sydney_net.tntp.gz,path,29,3724244,4968208.658598,4966458.798087,1,4292.240,4206.568,35.712,8.677
