# cmd: /home/simon/code/my/mcfcg/build/mcfcg_cli /home/simon/code/my/mcfcg/data/transportation/Philadelphia_net.tntp.gz --solver cuopt --formulation tree --max-iters 10000 --time-limit 7200.0
# outcome: ok
# returncode: 0
# === STDERR (CG iteration log + preamble) ===
TNTP: net=/home/simon/code/my/mcfcg/data/transportation/Philadelphia_net.tntp.gz trips=/home/simon/code/my/mcfcg/data/transportation/Philadelphia_trips.tntp.gz coef=7.0
Instance: 13389 vertices, 40003 arcs, 1151166 commodities, 1489 sources
Pricing threads: 32 (auto)
Slack mode: CommodityRows (struct=1489, capped_arcs=40003)
   It           UB           LB       LP_obj   #col   #row  #slk   +col   -col   +cut   -cut    t_LP    t_PR    t_SP   t_Tot     t_acc
    1          inf   2.5095e+07   2.9294e+04   2978   1489  1489      0      0      0      0   0.368   0.336   0.007   0.711     0.711
    2          inf   2.5095e+07   2.6974e+05   2978   1489  1485      0      0      0      0   0.025   0.342   0.008   0.375     1.085
    3          inf   2.5095e+07   2.6695e+06   2978   1489  1439      0      0      0      0   0.030   0.341   0.008   0.378     1.464
    4          inf   2.5095e+07   1.7209e+07   2978   1625   445      0      0    136      0   0.032   0.340   0.010   0.382     1.846
    5          inf   2.5095e+07   3.7130e+07   4456   1734   832   1478      0    109      0   0.110   0.178   0.008   0.486     2.332
    6          inf   2.5095e+07   1.1358e+08   5907   1795   738   1489     38     61      0   0.536   0.170   0.012   0.924     3.256
    7          inf   2.5095e+07   2.9389e+08   7396   1817   728   1489      0     22      0   1.467   0.182   0.006   1.830     5.086
    8          inf   2.5095e+07   6.6374e+08   8885   1843   548   1489      0     26      0   1.261   0.168   0.020   1.627     6.713
    9          inf   2.5095e+07   8.7226e+08  10374   1922   343   1489      0     79      0   1.472   0.167   0.026   1.839     8.552
   10          inf   2.5095e+07   8.0763e+08  11370   2035   198   1489    493    113      0   2.127   0.170   0.032   2.558    11.110
   11          inf   2.5095e+07   5.9591e+08  11988   2103   155   1489    871     68      0   2.485   0.173   0.034   2.909    14.019
   12          inf   2.5095e+07   3.4601e+08  12555   2166    70   1489    922     63      0   3.018   0.171   0.034   3.450    17.469
   13          inf   2.5095e+07   1.2377e+08  13214   2233    28   1489    830     67      0   3.162   0.170   0.036   3.591    21.061
   14          inf   2.5095e+07   4.9288e+07  13864   2298     8   1489    839     65      0   3.771   0.175   0.039   4.211    25.272
   15          inf   2.5095e+07   2.5929e+07  15105   2329     0   1489    248     31      0   3.909   0.176   0.036   4.364    29.635
   16          inf   2.5095e+07   2.7946e+07  16540   2338     1   1489     54      9      0   3.203   0.177   0.043   3.683    33.318
   17          inf   2.5296e+07   2.5778e+07  17958   2358     0   1488     70     20      0   3.528   0.178   0.044   4.016    37.334
   18          inf   2.5347e+07   2.5734e+07  19359   2361     0   1487     86      3      0   3.516   0.178   0.046   4.005    41.339
   19          inf   2.5391e+07   2.5703e+07  20732   2329     0   1487    114      3     35   3.692   0.185   0.048   4.210    45.550
   20          inf   2.5425e+07   2.5672e+07  22018   2309     0   1489    203      6     26   3.839   0.185   0.051   4.369    49.919
   21          inf   2.5450e+07   2.5654e+07  23370   2308     0   1487    135      5      6   3.756   0.182   0.054   4.301    54.219
   22          inf   2.5452e+07   2.5641e+07  24515   2304     0   1489    344      6     10   4.272   0.182   0.059   4.823    59.043
   23          inf   2.5488e+07   2.5630e+07  25781   2287     0   1489    223      3     20   4.532   0.182   0.061   5.102    64.145
   24          inf   2.5505e+07   2.5623e+07  26391   2262     0   1487    877      3     28   4.540   0.177   0.062   5.099    69.244
   25          inf   2.5524e+07   2.5615e+07  27329   2247     0   1487    549      6     21   4.787   0.176   0.064   5.357    74.601
   26          inf   2.5524e+07   2.5608e+07  28736   2243     0   1486     79      2      6   4.977   0.180   0.072   5.579    80.180
   27          inf   2.5528e+07   2.5603e+07  30024   2233     0   1487    199      5     15   5.076   0.177   0.071   5.681    85.861
   28          inf   2.5531e+07   2.5599e+07  30320   2191     0   1487   1191      5     47   5.299   0.179   0.075   5.899    91.761
   29          inf   2.5541e+07   2.5596e+07  31786   2191     0   1485     19      4      4   4.911   0.176   0.075   5.532    97.292
   30          inf   2.5544e+07   2.5592e+07  33226   2194     0   1488     48      6      3   5.455   0.179   0.066   6.073   103.366
   31          inf   2.5546e+07   2.5590e+07  34709   2197     0   1485      2      5      2   5.685   0.178   0.070   6.313   109.679
   32          inf   2.5551e+07   2.5588e+07  36168   2192     0   1487     28      2      7   5.782   0.178   0.072   6.422   116.100
   33          inf   2.5555e+07   2.5586e+07  37647   2191     0   1484      5      2      3   5.951   0.176   0.074   6.614   122.714
   34          inf   2.5559e+07   2.5584e+07  39127   2193     0   1484      4      2      0   6.333   0.178   0.059   6.960   129.674
   35          inf   2.5561e+07   2.5583e+07  40387   2182     0   1485    225      2     13   6.588   0.178   0.067   7.281   136.956
   36          inf   2.5561e+07   2.5582e+07  41867   2185     0   1483      3      5      2   6.663   0.179   0.067   7.367   144.323
   37          inf   2.5564e+07   2.5582e+07  42192   2182     0   1484   1159      3      6   6.900   0.180   0.070   7.582   151.906
   38   2.5581e+07   2.5565e+07   2.5581e+07  43655   2181     0   1476     13      0      1   7.006   0.175   0.077   7.706   159.612
   39   2.5581e+07   2.5567e+07   2.5581e+07  42914   2168     0   1468   2209      1     14   7.221   0.177   0.084   7.975   167.587
   40   2.5580e+07   2.5567e+07   2.5580e+07  44375   2155     0   1474     13      0     13   7.118   0.176   0.080   7.806   175.392
   41   2.5580e+07   2.5568e+07   2.5580e+07  45829   2156     0   1461      7      2      1   7.182   0.175   0.086   7.922   183.315
   42   2.5580e+07   2.5568e+07   2.5579e+07  47300   2156     0   1480      9      2      2   7.673   0.179   0.090   8.421   191.736
   43   2.5579e+07   2.5569e+07   2.5579e+07  48764   2156     0   1470      6      0      0   7.805   0.173   0.094   8.544   200.280
   44   2.5579e+07   2.5569e+07   2.5579e+07  50236   2157     0   1474      2      1      0   8.297   0.170   0.098   9.041   209.321
   45   2.5578e+07   2.5570e+07   2.5578e+07  51701   2154     0   1470      5      0      3   8.712   0.177   0.103   9.520   218.841
   46   2.5578e+07   2.5570e+07   2.5578e+07  53130   2153     0   1431      2      0      1   8.651   0.167   0.097   9.446   228.287
   47   2.5578e+07   2.5571e+07   2.5578e+07  52436   2132     0   1421   2115      0     21   8.818   0.169   0.089   9.630   237.917
   48   2.5578e+07   2.5571e+07   2.5578e+07  53797   2132     0   1362      1      0      0   8.261   0.163   0.094   8.996   246.913
   49   2.5578e+07   2.5571e+07   2.5578e+07  55131   2133     0   1335      1      2      1   8.922   0.159   0.094   9.705   256.618
   50   2.5578e+07   2.5571e+07   2.5578e+07  56319   2133     0   1188      0      0      0   8.930   0.163   0.088   9.307   265.925
   51   2.5578e+07   2.5572e+07   2.5578e+07  57514   2134     0   1195      0      1      0   9.312   0.172   0.094   9.699   275.624
   52   2.5578e+07   2.5572e+07   2.5578e+07  58735   2133     0   1222      1      0      1   9.388   0.166   0.094  10.221   285.845
   53   2.5578e+07   2.5572e+07   2.5578e+07  59630   2133     0    895      0      0      0   9.660   0.170   0.065   9.991   295.837
   54   2.5578e+07   2.5572e+07   2.5578e+07  60596   2132     0    966      0      0      1   9.747   0.174   0.067  10.118   305.955
   55   2.5578e+07   2.5572e+07   2.5578e+07  61305   2132     0    709      0      0      0   9.664   0.171   0.070   9.985   315.939
   56   2.5578e+07   2.5572e+07   2.5578e+07  62076   2132     0    771      0      0      0  10.132   0.174   0.070  10.461   326.400
   57   2.5578e+07   2.5572e+07   2.5578e+07  62723   2131     0    655      8      0      1  10.158   0.171   0.073  10.929   337.329
   58   2.5578e+07   2.5572e+07   2.5578e+07  63278   2130     0    560      5      0      1   9.883   0.174   0.077  10.663   347.993
   59   2.5578e+07   2.5572e+07   2.5578e+07  63652   2130     0    374      0      0      0  10.077   0.175   0.077  10.371   358.363
   60   2.5578e+07   2.5572e+07   2.5578e+07  63960   2130     0    308      0      0      0  10.061   0.172   0.081  10.349   368.713
   61   2.5578e+07   2.5572e+07   2.5578e+07  64203   2130     0    243      0      0      0  10.264   0.168   0.079  10.541   379.254
   62   2.5578e+07   2.5572e+07   2.5578e+07  64346   2130     0    143      0      0      0  10.194   0.177   0.081  10.473   389.727
   63   2.5578e+07   2.5572e+07   2.5578e+07  64526   2131     0    181      1      1      0  10.408   0.174   0.082  11.141   400.868
   64   2.5578e+07   2.5572e+07   2.5578e+07  64583   2131     0     57      0      0      0  10.475   0.180   0.084  10.748   411.616
   65   2.5578e+07   2.5572e+07   2.5578e+07  64633   2131     0     50      0      0      0  10.343   0.180   0.083  10.614   422.230
   66   2.5578e+07   2.5572e+07   2.5578e+07  64649   2130     0     16      0      0      1  10.258   0.173   0.088  10.554   432.784
   67   2.5578e+07   2.5572e+07   2.5578e+07  64656   2130     0      7      0      0      0  10.294   0.179   0.081  10.557   443.341
   68   2.5578e+07   2.5572e+07   2.5578e+07  64658   2130     0      2      0      0      0  10.425   0.179   0.083  10.689   454.030
   69   2.5578e+07   2.5572e+07   2.5578e+07  64661   2130     0      3      0      0      0  10.294   0.179   0.083  10.559   464.589
   70   2.5578e+07   2.5572e+07   2.5578e+07  64562   2130     0      4    103      0      0  10.194   0.183   0.084  10.933   475.522
   71   2.5578e+07   2.5572e+07   2.5578e+07  64494   2130     0      2     70      0      0  10.284   0.184   0.085  11.006   486.528
   72   2.5578e+07   2.5572e+07   2.5578e+07  64497   2130     0      3      0      0      0  10.359   0.176   0.080  10.618   497.146
   73   2.5578e+07   2.5572e+07   2.5578e+07  64452   2129     0      2     47      0      1  10.589   0.176   0.081  11.329   508.475
   74   2.5578e+07   2.5572e+07   2.5578e+07  64454   2129     0      2      0      0      0  10.506   0.178   0.082  10.767   519.242
   75   2.5578e+07   2.5572e+07   2.5578e+07  64456   2129     0      2      0      0      0  10.408   0.174   0.082  10.665   529.907
   76   2.5578e+07   2.5572e+07   2.5578e+07  64238   2129     0      1    219      0      0  10.554   0.175   0.080  11.258   541.165
   77   2.5578e+07   2.5572e+07   2.5578e+07  64242   2129     0      4      0      0      0  10.346   0.172   0.082  10.602   551.768
   78   2.5578e+07   2.5572e+07   2.5578e+07  64243   2129     0      2      1      0      0  10.341   0.170   0.082  11.046   562.813
   79   2.5578e+07   2.5572e+07   2.5578e+07  64244   2129     0      1      0      0      0  10.290   0.181   0.060  10.532   573.345
   80   2.5578e+07   2.5572e+07   2.5578e+07  64245   2129     0      1      0      0      0  10.348   0.174   0.059  10.583   583.928
   81   2.5578e+07   2.5572e+07   2.5578e+07  64376   2129     0    131      0      0      0  10.313   0.179   0.061  10.565   594.494
   82   2.5578e+07   2.5572e+07   2.5578e+07  64384   2128     0      8      0      0      1  10.334   0.175   0.066  10.610   605.104
   83   2.5578e+07   2.5572e+07   2.5578e+07  64163   2128     0      1    222      0      0  10.260   0.177   0.060  10.950   616.054
   84   2.5578e+07   2.5572e+07   2.5578e+07  64163   2128     0      0      0      0      0  10.308   0.353   0.063  10.723   626.778
CG optimal after 84 iterations. UB=25577817.001652 LB=25572077.120129 gap=5.740e+03 tol=2.558e+03  t_LP=584.125  t_PR=15.949  t_SP=5.482  t_Tot=627.175

# === STDOUT (result CSV) ===
instance,formulation,iterations,columns,objective,lower_bound,optimal,time,time_lp,time_pricing,time_separation
/home/simon/code/my/mcfcg/data/transportation/Philadelphia_net.tntp.gz,tree,84,62674,25577817.001652,25572077.120129,1,627.420,584.125,15.949,5.482
