# cmd: /home/simon/code/my/mcfcg/build/mcfcg_cli /home/simon/code/my/mcfcg/data/transportation/Philadelphia_net.tntp.gz --solver copt --formulation path --max-iters 10000 --time-limit 7200.0
# outcome: ok
# returncode: 0
# === STDERR (CG iteration log + preamble) ===
TNTP: net=/home/simon/code/my/mcfcg/data/transportation/Philadelphia_net.tntp.gz trips=/home/simon/code/my/mcfcg/data/transportation/Philadelphia_trips.tntp.gz coef=7.0
Instance: 13389 vertices, 40003 arcs, 1151166 commodities, 1489 sources
Pricing threads: 32 (auto)
Slack mode: EdgeRows (struct=1151166, capped_arcs=40003)
   It           UB           LB       LP_obj   #col   #row  #slk   +col   -col   +cut   -cut    t_LP    t_PR    t_SP   t_Tot     t_acc
    1          inf   2.5095e+07   2.5101e+07 1152093 1152093     0      0      0    927      0   1.794   0.313   0.643   2.757     2.757
    2          inf   2.5095e+07   6.9281e+07 1202093 1152093   927  50000      0      0      0  24.783   0.431   0.025  25.393    28.150
    3          inf   2.5095e+07   3.2271e+08 1252148 1152148   755  50000      0     55      0  38.698   0.326   0.376  39.535    67.685
    4          inf   2.5095e+07   2.3270e+09 1302189 1152189   724  50000      0     41      0  44.557   0.368   0.395  45.475   113.160
    5          inf   2.5095e+07   1.8371e+10 1352206 1152206   671  50000      0     17      0  51.503   0.340   0.409  52.388   165.548
    6          inf   2.5095e+07   1.4129e+11 1402223 1152223   587  50000      0     17      0  54.590   0.358   0.417  55.512   221.060
    7          inf   2.5095e+07   1.0921e+12 1452238 1152238   567  50000      0     15      0  51.419   0.328   0.430  52.294   273.354
    8          inf   2.5095e+07   1.1218e+12 1452136 1152136   490  50000  50000      8    110  48.068   0.335   0.545  50.841   324.195
    9          inf   2.5095e+07   7.7505e+11 1452160 1152103   418  50000  49943     13     46  41.639   0.337   0.351  43.990   368.185
   10          inf   2.5095e+07   5.9289e+11 1452880 1152080   336  50000  49257     10     33  37.659   0.338   0.318  39.845   408.030
CG stopped after 10 iterations. UB=592886985112.493164 LB=25095130.011093 gap=5.929e+11 tol=5.929e+07  t_LP=415.781  t_PR=6.029  t_SP=3.909  t_Tot=431.657

# === STDOUT (result CSV) ===
Setting parameter 'LpMethod' to 2
Setting parameter 'GPUMode' to 2
Setting parameter 'Presolve' to 0
Setting parameter 'Crossover' to 0
instance,formulation,iterations,columns,objective,lower_bound,optimal,time,time_lp,time_pricing,time_separation
/home/simon/code/my/mcfcg/data/transportation/Philadelphia_net.tntp.gz,path,10,1451966,592886985112.493164,25095130.011093,0,432.717,415.781,6.029,3.909
