# cmd: /home/simon/code/my/mcfcg/build/mcfcg_cli /home/simon/code/my/mcfcg/data/transportation/ChicagoSketch_net.tntp.gz --solver copt --formulation tree --max-iters 10000 --time-limit 7200.0
# outcome: ok
# returncode: 0
# === STDERR (CG iteration log + preamble) ===
TNTP: net=/home/simon/code/my/mcfcg/data/transportation/ChicagoSketch_net.tntp.gz trips=/home/simon/code/my/mcfcg/data/transportation/ChicagoSketch_trips.tntp.gz coef=2.4
Instance: 933 vertices, 2950 arcs, 93513 commodities, 386 sources
Pricing threads: 32 (auto)
Slack mode: CommodityRows (struct=386, capped_arcs=2950)
   It           UB           LB       LP_obj   #col   #row  #slk   +col   -col   +cut   -cut    t_LP    t_PR    t_SP   t_Tot     t_acc
    1          inf   6.6870e+06   9.6191e+03    772    386   386      0      0      0      0   0.256   0.009   0.000   0.265     0.265
    2          inf   6.6870e+06   9.6191e+04    772    386   386      0      0      0      0   0.074   0.009   0.000   0.083     0.348
    3          inf   6.6870e+06   9.1394e+05    772    386   339      0      0      0      0   0.058   0.008   0.000   0.066     0.414
    4          inf   6.6870e+06   5.1857e+06    772    396    99      0      0     10      0   0.061   0.006   0.000   0.068     0.482
    5          inf   6.6870e+06   1.1395e+07   1119    408   109    347      0     12      0   0.067   0.004   0.000   0.075     0.557
    6          inf   6.6870e+06   7.7027e+06   1446    425    25    339     12     17      0   0.081   0.004   0.001   0.089     0.647
    7          inf   6.6870e+06   8.2942e+06   1826    427    37    380      0      2      0   0.091   0.003   0.001   0.097     0.744
    8          inf   6.6870e+06   7.8568e+06   2202    433     3    376      0      6      0   0.095   0.004   0.001   0.103     0.847
    9          inf   6.6870e+06   6.8556e+06   2584    433     3    382      0      0      0   0.107   0.004   0.001   0.115     0.962
   10          inf   6.6981e+06   6.7124e+06   2905    433     0    373     52      1      1   0.097   0.004   0.001   0.109     1.071
   11   6.7078e+06   6.7019e+06   6.7078e+06   3127    432     0    369    147      0      1   0.100   0.004   0.001   0.112     1.183
   12   6.7078e+06   6.7052e+06   6.7065e+06   3151    431     0    323    299      2      3   0.100   0.003   0.002   0.112     1.295
   13   6.7061e+06   6.7054e+06   6.7061e+06   3096    427     0    292    347      0      4   0.104   0.004   0.002   0.116     1.411
   14   6.7061e+06   6.7055e+06   6.7059e+06   3096    428     0   *184      0      1      0   0.100   0.004   0.001   0.106     1.516
CG optimal after 14 iterations. UB=6706062.939289 LB=6705480.662097 gap=5.823e+02 tol=6.706e+02  t_LP=1.391  t_PR=0.084  t_SP=0.012  t_Tot=1.530

# === STDOUT (result CSV) ===
Setting parameter 'LpMethod' to 2
Setting parameter 'GPUMode' to 2
Setting parameter 'Presolve' to 0
Setting parameter 'Crossover' to 0
instance,formulation,iterations,columns,objective,lower_bound,optimal,time,time_lp,time_pricing,time_separation
/home/simon/code/my/mcfcg/data/transportation/ChicagoSketch_net.tntp.gz,tree,14,2710,6706062.939289,6705480.662097,1,1.554,1.391,0.084,0.012
