# cmd: /home/simon/code/my/mcfcg/build/mcfcg_cli /home/simon/code/my/mcfcg/data/transportation/ChicagoSketch_net.tntp.gz --solver copt --formulation path --max-iters 10000 --time-limit 7200.0
# outcome: ok
# returncode: 0
# === STDERR (CG iteration log + preamble) ===
TNTP: net=/home/simon/code/my/mcfcg/data/transportation/ChicagoSketch_net.tntp.gz trips=/home/simon/code/my/mcfcg/data/transportation/ChicagoSketch_trips.tntp.gz coef=2.4
Instance: 933 vertices, 2950 arcs, 93513 commodities, 386 sources
Pricing threads: 32 (auto)
Slack mode: EdgeRows (struct=93513, capped_arcs=2950)
   It           UB           LB       LP_obj   #col   #row  #slk   +col   -col   +cut   -cut    t_LP    t_PR    t_SP   t_Tot     t_acc
    1          inf   6.6870e+06   6.6874e+06  93557  93557     0      0      0     44      0   0.381   0.007   0.006   0.394     0.394
    2          inf   6.6870e+06   7.5938e+06 121997  93557    44  28440      0      0      0   0.429   0.003   0.001   0.445     0.839
    3          inf   6.7048e+06   6.7081e+06 124465  93560     0   2465      0      3      0   0.576   0.003   0.003   0.584     1.423
    4   6.7059e+06   6.7051e+06   6.7059e+06 125021  93560     0    556      0      0      0   0.716   0.003   0.001   0.721     2.144
    5   6.7059e+06   6.7056e+06   6.7059e+06 125021  93560     0     *0      0      0      0   0.505   0.006   0.001   0.513     2.656
CG optimal after 5 iterations. UB=6705856.174016 LB=6705551.822722 gap=3.044e+02 tol=6.706e+02  t_LP=2.607  t_PR=0.101  t_SP=0.012  t_Tot=2.735

# === STDOUT (result CSV) ===
Setting parameter 'LpMethod' to 2
Setting parameter 'GPUMode' to 2
Setting parameter 'Presolve' to 0
Setting parameter 'Crossover' to 0
instance,formulation,iterations,columns,objective,lower_bound,optimal,time,time_lp,time_pricing,time_separation
/home/simon/code/my/mcfcg/data/transportation/ChicagoSketch_net.tntp.gz,path,5,124974,6705856.174016,6705551.822722,1,2.793,2.607,0.101,0.012
