# cmd: /home/simon/code/my/mcfcg/build/mcfcg_cli /home/simon/code/my/mcfcg/data/transportation/ChicagoRegional_net.tntp.gz --solver copt --formulation tree --max-iters 10000 --time-limit 7200.0
# outcome: ok
# returncode: 0
# === STDERR (CG iteration log + preamble) ===
TNTP: net=/home/simon/code/my/mcfcg/data/transportation/ChicagoRegional_net.tntp.gz trips=/home/simon/code/my/mcfcg/data/transportation/ChicagoRegional_trips.tntp.gz coef=4.1
Instance: 12982 vertices, 39018 arcs, 2297945 commodities, 1771 sources
Pricing threads: 32 (auto)
Slack mode: CommodityRows (struct=1771, capped_arcs=39018)
   It           UB           LB       LP_obj   #col   #row  #slk   +col   -col   +cut   -cut    t_LP    t_PR    t_SP   t_Tot     t_acc
    1          inf   5.4984e+06   2.1129e+04   3542   1771  1757      0      0      0      0   0.303   0.416   0.003   0.722     0.722
    2          inf   5.4984e+06   2.0846e+05   3542   1771  1717      0      0      0      0   0.087   0.409   0.003   0.499     1.221
    3          inf   5.4984e+06   1.8320e+06   3542   1771  1324      0      0      0      0   0.081   0.406   0.004   0.491     1.712
    4          inf   5.4984e+06   5.3728e+06   3542   2014    24      0      0    243      0   0.061   0.429   0.011   0.502     2.214
    5          inf   5.4984e+06   7.6699e+06   5301   2025   567   1759      0     11      0   0.276   0.219   0.008   0.742     2.955
    6          inf   5.4984e+06   1.5972e+07   7060   2028   585   1759      0      3      0   0.465   0.217   0.013   0.945     3.900
    7          inf   5.4984e+06   2.7241e+07   8819   2033   513   1759      0      5      0   0.576   0.216   0.019   1.046     4.947
    8          inf   5.4984e+06   3.8959e+07  10579   2053   325   1760      0     20      0   0.632   0.213   0.025   1.106     6.053
    9          inf   5.4984e+06   5.0896e+07  12344   2062   313   1765      0      9      0   0.776   0.207   0.030   1.272     7.325
   10          inf   5.4984e+06   3.9714e+07  14021   2011   166   1762     85     28     79   0.898   0.209   0.039   1.525     8.850
   11          inf   5.4984e+06   6.7789e+06  14951   2055     2   1763    833     48      4   0.838   0.212   0.046   1.453    10.302
   12          inf   5.4984e+06   8.0070e+06  15593   2078    11   1761   1119     25      2   0.933   0.210   0.031   1.531    11.833
   13          inf   5.4984e+06   5.5328e+06  15878   2086     0   1761   1476     10      2   0.915   0.211   0.048   1.535    13.368
   14          inf   5.4984e+06   5.5272e+06  16307   2083     0   1756   1327      3      6   0.935   0.213   0.052   1.557    14.925
   15          inf   5.4984e+06   5.5231e+06  16758   2085     0   1756   1305      7      5   0.952   0.211   0.050   1.578    16.504
   16          inf   5.5006e+06   5.5204e+06  16884   2079     0   1756   1630      5     11   0.963   0.209   0.053   1.591    18.095
   17          inf   5.5042e+06   5.5188e+06  16554   2067     0   1756   2086      4     16   0.992   0.219   0.060   1.633    19.728
   18          inf   5.5042e+06   5.5175e+06  15535   2036     0   1753   2772      2     33   0.997   0.205   0.053   1.611    21.338
   19          inf   5.5082e+06   5.5163e+06  15274   2023     0   1750   2011      3     16   0.915   0.205   0.051   1.533    22.872
   20          inf   5.5097e+06   5.5156e+06  15315   2023     0   1749   1708      3      3   0.881   0.204   0.046   1.491    24.363
   21          inf   5.5097e+06   5.5150e+06  15472   2017     0   1744   1587      1      7   0.918   0.208   0.047   1.522    25.886
   22          inf   5.5104e+06   5.5145e+06  15781   2014     0   1745   1436      2      5   0.913   0.204   0.048   1.513    27.399
   23          inf   5.5104e+06   5.5143e+06  15963   2014     0   1740   1558      3      3   0.903   0.204   0.049   1.503    28.902
   24          inf   5.5111e+06   5.5140e+06  15930   2015     0   1740   1773      3      2   0.963   0.210   0.051   1.580    30.483
   25          inf   5.5111e+06   5.5139e+06  15965   2012     0   1733   1698      2      5   0.982   0.205   0.051   1.593    32.075
   26   5.5137e+06   5.5116e+06   5.5137e+06  16096   2008     0   1729   1598      0      4   0.929   0.203   0.050   1.529    33.604
   27   5.5137e+06   5.5117e+06   5.5135e+06  16261   2010     0   1720   1555      4      2   0.945   0.204   0.049   1.553    35.157
   28   5.5135e+06   5.5117e+06   5.5135e+06  16447   2009     0   1721   1535      0      1   0.964   0.202   0.052   1.554    36.711
   29   5.5135e+06   5.5117e+06   5.5134e+06  16633   2009     0   1719   1533      2      2   0.955   0.203   0.051   1.562    38.273
   30   5.5135e+06   5.5121e+06   5.5133e+06  17034   2009     0   1700   1299      1      1   0.968   0.214   0.053   1.582    39.856
   31   5.5133e+06   5.5121e+06   5.5133e+06  17248   2008     0   1697   1483      0      1   0.994   0.205   0.054   1.600    41.455
   32   5.5133e+06   5.5121e+06   5.5133e+06  17390   2007     0   1682   1540      1      2   0.999   0.207   0.052   1.624    43.079
   33   5.5132e+06   5.5122e+06   5.5132e+06  17678   2007     0   1662   1374      0      0   1.053   0.208   0.054   1.678    44.757
   34   5.5132e+06   5.5122e+06   5.5132e+06  17541   2003     0   1654   1791      0      4   1.080   0.212   0.055   1.717    46.475
   35   5.5132e+06   5.5122e+06   5.5132e+06  17748   2003     0   1644   1437      1      1   1.033   0.210   0.053   1.650    48.124
   36   5.5132e+06   5.5123e+06   5.5132e+06  17959   2003     0   1609   1398      0      0   1.017   0.213   0.059   1.646    49.771
   37   5.5132e+06   5.5123e+06   5.5132e+06  17992   2004     0   1592   1559      1      0   1.080   0.211   0.056   1.708    51.478
   38   5.5132e+06   5.5123e+06   5.5132e+06  18473   2004     0   1541   1060      1      1   1.094   0.205   0.054   1.722    53.201
   39   5.5132e+06   5.5123e+06   5.5132e+06  19361   2006     0   1514    626      2      0   1.106   0.217   0.056   1.774    54.974
   40   5.5132e+06   5.5123e+06   5.5132e+06  20198   2006     0   1435    598      0      0   1.145   0.208   0.060   1.806    56.780
   41   5.5132e+06   5.5123e+06   5.5132e+06  20942   2006     0   1390    646      0      0   1.183   0.205   0.061   1.832    58.612
   42   5.5132e+06   5.5124e+06   5.5132e+06  21786   2006     0   1231    387      0      0   1.213   0.205   0.064   1.858    60.469
   43   5.5132e+06   5.5124e+06   5.5132e+06  22569   2006     0   1038    255      0      0   1.291   0.204   0.066   1.928    62.397
   44   5.5132e+06   5.5124e+06   5.5132e+06  23093   2006     0    877    353      0      0   1.325   0.205   0.068   1.932    64.329
   45   5.5132e+06   5.5124e+06   5.5132e+06  23592   2005     0    705    206      0      1   1.296   0.204   0.070   1.915    66.244
   46   5.5132e+06   5.5124e+06   5.5132e+06  23828   2003     0    519    283      0      2   1.349   0.203   0.073   1.940    68.184
   47   5.5132e+06   5.5124e+06   5.5132e+06  23337   2001     0    244    735      0      2   1.388   0.216   0.077   1.974    70.158
   48   5.5132e+06   5.5124e+06   5.5132e+06  23423   2001     0    120     34      0      0   1.351   0.209   0.070   1.864    72.022
   49   5.5132e+06   5.5124e+06   5.5132e+06  23418   2001     0     27     32      0      0   1.382   0.207   0.065   1.881    73.903
   50   5.5132e+06   5.5124e+06   5.5132e+06  23410   2001     0     14     22      0      0   1.356   0.209   0.064   1.849    75.752
   51   5.5132e+06   5.5124e+06   5.5132e+06  23343   2001     0      1     68      0      0   1.360   0.213   0.057   1.847    77.599
   52   5.5132e+06   5.5124e+06   5.5132e+06  23322   2001     0      1     22      0      0   1.345   0.214   0.057   1.831    79.430
   53   5.5132e+06   5.5124e+06   5.5132e+06  23322   2001     0      0      0      0      0   1.342   0.421   0.057   1.820    81.250
CG optimal after 53 iterations. UB=5513156.290067 LB=5512375.319140 gap=7.810e+02 tol=5.513e+02  t_LP=50.698  t_PR=12.598  t_SP=2.550  t_Tot=81.745

# === STDOUT (result CSV) ===
Setting parameter 'LpMethod' to 2
Setting parameter 'GPUMode' to 2
Setting parameter 'Presolve' to 0
Setting parameter 'Crossover' to 0
instance,formulation,iterations,columns,objective,lower_bound,optimal,time,time_lp,time_pricing,time_separation
/home/simon/code/my/mcfcg/data/transportation/ChicagoRegional_net.tntp.gz,tree,53,21551,5513156.290067,5512375.319140,1,82.347,50.698,12.598,2.550
