# cmd: /home/simon/code/my/mcfcg/build/mcfcg_cli /home/simon/code/my/mcfcg/data/transportation/BerlinCenter_net.tntp.gz --solver copt --formulation tree --max-iters 10000 --time-limit 7200.0
# outcome: ok
# returncode: 0
# === STDERR (CG iteration log + preamble) ===
TNTP: net=/home/simon/code/my/mcfcg/data/transportation/BerlinCenter_net.tntp.gz trips=/home/simon/code/my/mcfcg/data/transportation/BerlinCenter_trips.tntp.gz coef=0.5
Instance: 12981 vertices, 28376 arcs, 49688 commodities, 865 sources
Pricing threads: 32 (auto)
Slack mode: CommodityRows (struct=865, capped_arcs=28376)
   It           UB           LB       LP_obj   #col   #row  #slk   +col   -col   +cut   -cut    t_LP    t_PR    t_SP   t_Tot     t_acc
    1          inf   2.6118e+07   2.6017e+05   1730    865   853      0      0      0      0   0.262   0.065   0.003   0.330     0.330
    2          inf   2.6118e+07   2.4448e+06   1730    865   754      0      0      0      0   0.086   0.058   0.003   0.147     0.477
    3          inf   2.6118e+07   1.5789e+07   1730    891   303      0      0     26      0   0.078   0.057   0.003   0.138     0.615
    4          inf   2.6118e+07   4.0348e+07   2184   1138   237    454      0    247      0   0.071   0.033   0.003   0.112     0.726
    5          inf   2.6118e+07   1.0208e+08   2896   1185   376    712      0     47      0   0.136   0.038   0.003   0.183     0.910
    6          inf   2.6118e+07   3.1195e+08   3608   1251   303    746     34     66      0   0.152   0.038   0.003   0.205     1.115
    7          inf   2.6118e+07   7.6867e+08   4349   1299   254    741      0     48      0   0.170   0.041   0.003   0.222     1.337
    8          inf   2.6118e+07   1.4776e+09   5090   1365   193    741      0     66      0   0.204   0.032   0.004   0.246     1.583
    9          inf   2.6118e+07   2.1270e+09   5778   1402   158    745     57     37      0   0.308   0.037   0.004   0.363     1.946
   10          inf   2.6118e+07   1.7070e+09   6246   1384    94    743    275     26     44   0.321   0.035   0.004   0.377     2.322
   11          inf   2.6118e+07   1.4185e+09   6588   1418    47    719    377     38      4   0.343   0.043   0.005   0.407     2.730
   12          inf   2.6118e+07   5.3496e+08   6828   1448     7    717    477     46     16   0.352   0.043   0.005   0.416     3.146
   13          inf   2.6118e+07   1.1042e+09   7030   1476    15    710    508     41     13   0.384   0.042   0.005   0.450     3.596
   14          inf   2.6118e+07   3.6942e+08   7101   1483     1    683    612     29     22   0.461   0.035   0.005   0.519     4.115
   15          inf   2.6379e+07   2.8297e+07   7123   1485     0    680    658     19     17   0.375   0.039   0.005   0.436     4.551
   16          inf   2.6574e+07   2.8001e+07   7108   1490     0    678    693     13      8   0.399   0.038   0.005   0.461     5.012
   17          inf   2.7141e+07   2.7873e+07   7201   1481     0    660    567      8     17   0.395   0.034   0.005   0.453     5.464
   18          inf   2.7141e+07   2.7754e+07   7128   1466     0    659    732      6     21   0.396   0.034   0.005   0.453     5.918
   19          inf   2.7278e+07   2.7678e+07   6879   1434     0    618    867      8     40   0.399   0.040   0.005   0.463     6.381
   20          inf   2.7314e+07   2.7628e+07   6588   1389     0    621    912      4     49   0.397   0.042   0.005   0.463     6.844
   21          inf   2.7407e+07   2.7593e+07   6408   1363     0    487    667      2     28   0.320   0.041   0.005   0.382     7.225
   22          inf   2.7407e+07   2.7573e+07   6278   1357     0    462    592      8     14   0.324   0.036   0.005   0.381     7.606
   23          inf   2.7461e+07   2.7555e+07   6215   1344     0    484    547      5     18   0.307   0.038   0.005   0.366     7.972
   24          inf   2.7480e+07   2.7549e+07   6126   1338     0    462    551      4     10   0.291   0.039   0.005   0.350     8.322
   25          inf   2.7500e+07   2.7543e+07   6122   1331     0    451    455      2      9   0.308   0.039   0.005   0.367     8.689
   26          inf   2.7505e+07   2.7538e+07   6093   1330     0    420    449      1      2   0.308   0.040   0.005   0.367     9.056
   27   2.7534e+07   2.7511e+07   2.7534e+07   6106   1325     0    393    380      0      5   0.287   0.039   0.005   0.344     9.400
   28   2.7532e+07   2.7517e+07   2.7532e+07   6093   1323     0    388    401      0      2   0.311   0.044   0.005   0.374     9.774
   29   2.7532e+07   2.7524e+07   2.7530e+07   6030   1324     0    337    400      4      3   0.303   0.041   0.005   0.363    10.137
   30   2.7530e+07   2.7524e+07   2.7530e+07   6093   1324     0    427    364      0      0   0.311   0.038   0.005   0.366    10.503
   31   2.7530e+07   2.7526e+07   2.7530e+07   6113   1322     0    334    314      0      2   0.300   0.042   0.005   0.360    10.864
   32   2.7530e+07   2.7527e+07   2.7529e+07   6113   1323     0   *345      0      1      0   0.323   0.040   0.005   0.368    11.232
CG optimal after 32 iterations. UB=27529599.636449 LB=27527365.769766 gap=2.234e+03 tol=2.753e+03  t_LP=9.384  t_PR=1.349  t_SP=0.143  t_Tot=11.277

# === STDOUT (result CSV) ===
Setting parameter 'LpMethod' to 2
Setting parameter 'GPUMode' to 2
Setting parameter 'Presolve' to 0
Setting parameter 'Crossover' to 0
instance,formulation,iterations,columns,objective,lower_bound,optimal,time,time_lp,time_pricing,time_separation
/home/simon/code/my/mcfcg/data/transportation/BerlinCenter_net.tntp.gz,tree,32,5248,27529599.636449,27527365.769766,1,11.331,9.384,1.349,0.143
