# cmd: /home/simon/code/my/mcfcg/build/mcfcg_cli /home/simon/code/my/mcfcg/data/transportation/Winnipeg_net.tntp.gz --solver copt --formulation tree --max-iters 10000 --time-limit 7200.0
# outcome: ok
# returncode: 0
# === STDERR (CG iteration log + preamble) ===
TNTP: net=/home/simon/code/my/mcfcg/data/transportation/Winnipeg_net.tntp.gz trips=/home/simon/code/my/mcfcg/data/transportation/Winnipeg_trips.tntp.gz coef=2000.0
Instance: 1052 vertices, 2836 arcs, 4345 commodities, 135 sources
Pricing threads: 32 (auto)
Slack mode: CommodityRows (struct=135, capped_arcs=2836)
   It           UB           LB       LP_obj   #col   #row  #slk   +col   -col   +cut   -cut    t_LP    t_PR    t_SP   t_Tot     t_acc
    1          inf   3.9643e+02   3.7371e+02    270    270     6      0      0    135      0   0.248   0.003   0.000   0.251     0.251
    2          inf   3.9643e+02   6.0255e+02    386    278    42    116      0      8      0   0.100   0.001   0.000   0.102     0.353
    3          inf   3.9643e+02   1.5717e+03    507    280    51    121      0      2      0   0.082   0.001   0.000   0.084     0.437
    4          inf   3.9643e+02   1.5637e+03    622    332    28    115      0     52      0   0.089   0.001   0.000   0.092     0.529
    5          inf   3.9643e+02   2.7107e+03    746    337    30    124      0      5      0   0.101   0.001   0.000   0.104     0.633
    6          inf   3.9643e+02   1.6720e+03    873    361    16    127      0     24      0   0.113   0.001   0.002   0.117     0.750
    7          inf   3.9643e+02   3.0869e+03    993    306    16    129      9     14     69   0.120   0.001   0.000   0.123     0.872
    8          inf   3.9643e+02   5.6455e+02   1078    348     1    126     41     55     13   0.126   0.001   0.000   0.129     1.002
    9          inf   3.9643e+02   2.0139e+03   1141    351     9    128     65      4      1   0.134   0.001   0.000   0.138     1.139
   10          inf   3.9643e+02   9.9180e+02   1181    332     1    126     86     13     32   0.125   0.001   0.000   0.128     1.268
   11          inf   3.9643e+02   4.5648e+02   1218    331     0    123     86      1      2   0.133   0.001   0.000   0.136     1.404
   12          inf   3.9643e+02   4.4742e+02   1239    325     0    121    100     10     16   0.123   0.001   0.001   0.127     1.530
   13          inf   4.0174e+02   4.3994e+02   1272    317     0    119     86      3     11   0.133   0.001   0.000   0.137     1.667
   14          inf   4.0174e+02   4.3323e+02   1252    282     0    116    136      4     39   0.128   0.001   0.001   0.131     1.798
   15          inf   4.0539e+02   4.2906e+02   1242    283     0    117    127      9      8   0.112   0.001   0.000   0.116     1.913
   16          inf   4.0539e+02   4.2733e+02   1187    278     0    116    171      4      9   0.115   0.001   0.000   0.119     2.032
   17   4.2611e+02   4.0891e+02   4.2611e+02   1141    271     0    111    157      0      7   0.112   0.001   0.000   0.115     2.147
   18   4.2611e+02   4.1719e+02   4.2524e+02   1138    261     0    113    116      2     12   0.109   0.001   0.000   0.112     2.259
   19   4.2611e+02   4.1719e+02   4.2321e+02   1117    251     0    112    133      3     13   0.106   0.001   0.000   0.109     2.368
   20   4.2611e+02   4.1719e+02   4.2259e+02   1102    249     0    107    122      2      4   0.106   0.001   0.000   0.109     2.477
   21   4.2611e+02   4.1728e+02   4.2208e+02   1075    242     0    101    128      1      8   0.102   0.001   0.000   0.105     2.581
   22   4.2611e+02   4.1801e+02   4.2161e+02   1071    242     0     99    103      1      1   0.109   0.001   0.000   0.112     2.694
   23   4.2611e+02   4.1875e+02   4.2106e+02   1043    242     0     92    120      3      3   0.108   0.001   0.000   0.110     2.804
   24   4.2611e+02   4.1875e+02   4.2079e+02   1019    243     0     91    115      2      1   0.103   0.001   0.000   0.106     2.910
   25   4.2611e+02   4.1942e+02   4.2070e+02    988    242     0     82    113      1      2   0.103   0.001   0.000   0.106     3.016
   26   4.2048e+02   4.1960e+02   4.2048e+02    963    240     0     71     96      0      2   0.101   0.001   0.000   0.104     3.120
   27   4.2037e+02   4.1986e+02   4.2037e+02    918    237     0     50     95      0      3   0.099   0.001   0.000   0.102     3.222
   28   4.2027e+02   4.1986e+02   4.2027e+02    888    235     0     63     93      0      2   0.096   0.001   0.000   0.099     3.320
   29   4.2027e+02   4.1987e+02   4.2024e+02    862    236     0     44     70      2      1   0.093   0.001   0.000   0.096     3.416
   30   4.2021e+02   4.1994e+02   4.2021e+02    792    236     0     37    107      0      0   0.094   0.001   0.000   0.097     3.513
   31   4.2021e+02   4.2001e+02   4.2018e+02    731    235     0     19     80      1      2   0.101   0.001   0.000   0.104     3.617
   32   4.2017e+02   4.2007e+02   4.2017e+02    675    235     0      6     62      0      0   0.098   0.001   0.000   0.100     3.717
   33   4.2017e+02   4.2007e+02   4.2017e+02    661    235     0     42     56      0      0   0.096   0.001   0.000   0.098     3.815
   34   4.2017e+02   4.2008e+02   4.2017e+02    595    235     0      3     69      0      0   0.105   0.001   0.000   0.107     3.922
   35   4.2017e+02   4.2008e+02   4.2017e+02    557    232     0      1     39      0      3   0.099   0.001   0.000   0.101     4.023
   36   4.2017e+02   4.2008e+02   4.2017e+02    561    232     0     41     37      0      0   0.095   0.001   0.000   0.097     4.120
   37   4.2017e+02   4.2008e+02   4.2017e+02    535    232     0      2     28      0      0   0.099   0.001   0.000   0.101     4.221
   38   4.2017e+02   4.2008e+02   4.2017e+02    524    232     0      2     13      0      0   0.097   0.001   0.001   0.100     4.321
   39   4.2017e+02   4.2008e+02   4.2017e+02    481    232     0      2     45      0      0   0.101   0.001   0.000   0.104     4.424
   40   4.2017e+02   4.2008e+02   4.2017e+02    511    231     0     41     11      0      1   0.105   0.001   0.000   0.107     4.532
   41   4.2017e+02   4.2008e+02   4.2017e+02    510    231     0      1      2      0      0   0.098   0.001   0.000   0.100     4.631
   42   4.2017e+02   4.2008e+02   4.2017e+02    510    231     0      0      0      0      0   0.103   0.003   0.000   0.106     4.737
CG optimal after 42 iterations. UB=420.165967 LB=420.078530 gap=8.744e-02 tol=4.202e-02  t_LP=4.618  t_PR=0.054  t_SP=0.017  t_Tot=4.743

# === STDOUT (result CSV) ===
Setting parameter 'LpMethod' to 2
Setting parameter 'GPUMode' to 2
Setting parameter 'Presolve' to 0
Setting parameter 'Crossover' to 0
instance,formulation,iterations,columns,objective,lower_bound,optimal,time,time_lp,time_pricing,time_separation
/home/simon/code/my/mcfcg/data/transportation/Winnipeg_net.tntp.gz,tree,42,375,420.165967,420.078530,1,4.765,4.618,0.054,0.017
