# cmd: /home/simon/code/my/mcfcg/build/mcfcg_cli /home/simon/code/my/mcfcg/data/transportation/Sydney_net.tntp.gz --solver copt --formulation tree --max-iters 10000 --time-limit 7200.0
# outcome: ok
# returncode: 0
# === STDERR (CG iteration log + preamble) ===
TNTP: net=/home/simon/code/my/mcfcg/data/transportation/Sydney_net.tntp.gz trips=/home/simon/code/my/mcfcg/data/transportation/Sydney_trips.tntp.gz coef=1.9
Instance: 33113 vertices, 75379 arcs, 3343560 commodities, 3257 sources
Pricing threads: 32 (auto)
Slack mode: CommodityRows (struct=3257, capped_arcs=75379)
   It           UB           LB       LP_obj   #col   #row  #slk   +col   -col   +cut   -cut    t_LP    t_PR    t_SP   t_Tot     t_acc
    1          inf   4.9542e+06   1.5043e+05   6514   3257  3042      0      0      0      0   0.357   1.715   0.006   2.078     2.078
    2          inf   4.9542e+06   1.2093e+06   6514   3257  2028      0      0      0      0   0.084   1.755   0.011   1.850     3.928
    3          inf   4.9542e+06   4.6463e+06   6514   3477    91      0      0    220      0   0.088   1.748   0.025   1.861     5.789
    4          inf   4.9542e+06   5.5261e+06   9757   3482   706   3243      0      5      0   0.437   0.875   0.019   2.132     7.920
    5          inf   4.9542e+06   5.8426e+06  13011   3497   735   3254      0     15      0   0.574   0.897   0.037   2.360    10.281
    6          inf   4.9542e+06   5.8386e+06  16263   3552   223   3252      0     55      0   0.755   0.884   0.056   2.556    12.837
    7          inf   4.9542e+06   5.2367e+06  19511   3610    19   3248      0     58      0   1.396   0.882   0.078   3.211    16.047
    8          inf   4.9542e+06   4.9884e+06  22755   3618     0   3244      0      8      0   2.056   0.888   0.088   3.945    19.992
    9          inf   4.9585e+06   4.9804e+06  25875   3514     0   3243    123      1    105   2.198   0.892   0.074   4.343    24.336
   10          inf   4.9615e+06   4.9735e+06  27636   3516     0   3205   1444      3      1   1.395   0.878   0.116   3.497    27.833
   11          inf   4.9645e+06   4.9713e+06  28863   3508     0   3215   1988      1      9   1.553   0.851   0.135   3.608    31.441
   12          inf   4.9653e+06   4.9700e+06  28583   3471     0   3141   3421      3     40   1.431   0.848   0.134   3.381    34.822
   13          inf   4.9653e+06   4.9692e+06  27865   3422     0   3105   3823      2     51   1.162   0.847   0.135   3.086    37.908
   14   4.9688e+06   4.9660e+06   4.9688e+06  26634   3403     0   3085   4316      0     19   0.824   0.858   0.138   2.732    40.640
   15   4.9685e+06   4.9662e+06   4.9685e+06  26208   3398     0   2906   3332      0      5   0.732   0.852   0.125   2.632    43.272
   16   4.9684e+06   4.9663e+06   4.9684e+06  25999   3396     0   2737   2946      0      2   0.714   0.846   0.134   2.577    45.849
   17   4.9683e+06   4.9664e+06   4.9683e+06  25585   3390     0   2228   2642      0      6   0.713   0.833   0.122   2.493    48.342
   18   4.9683e+06   4.9664e+06   4.9682e+06  24751   3391     0   1873   2707      1      0   0.681   0.844   0.121   2.400    50.742
   19   4.9682e+06   4.9665e+06   4.9682e+06  22739   3389     0   1480   3492      0      2   0.700   0.863   0.123   2.391    53.133
   20   4.9682e+06   4.9665e+06   4.9682e+06  20886   3388     0   1114   2967      0      1   0.644   0.829   0.113   2.223    55.356
   21   4.9682e+06   4.9665e+06   4.9682e+06  18855   3386     0    339   2370      0      2   0.631   0.863   0.102   2.019    57.375
   22   4.9682e+06   4.9665e+06   4.9682e+06  17143   3386     0    209   1921      0      0   0.571   0.832   0.089   1.847    59.223
   23   4.9682e+06   4.9665e+06   4.9682e+06  15828   3386     0     52   1367      0      0   0.585   0.828   0.078   1.757    60.980
   24   4.9682e+06   4.9665e+06   4.9682e+06  15351   3382     0      5    482      0      4   0.526   0.802   0.072   1.603    62.583
   25   4.9682e+06   4.9665e+06   4.9682e+06  15253   3382     0      3    101      0      0   0.486   0.826   0.071   1.564    64.147
   26   4.9682e+06   4.9665e+06   4.9682e+06  15253   3382     0      0      0      0      0   0.495   1.655   0.060   2.210    66.357
CG optimal after 26 iterations. UB=4968208.835929 LB=4966457.509255 gap=1.751e+03 tol=4.968e+02  t_LP=21.787  t_PR=27.395  t_SP=2.263  t_Tot=68.061

# === STDOUT (result CSV) ===
Setting parameter 'LpMethod' to 2
Setting parameter 'GPUMode' to 2
Setting parameter 'Presolve' to 0
Setting parameter 'Crossover' to 0
instance,formulation,iterations,columns,objective,lower_bound,optimal,time,time_lp,time_pricing,time_separation
/home/simon/code/my/mcfcg/data/transportation/Sydney_net.tntp.gz,tree,26,11996,4968208.835929,4966457.509255,1,69.108,21.787,27.395,2.263
