# cmd: /home/simon/code/my/mcfcg/build/mcfcg_cli /home/simon/code/my/mcfcg/data/transportation/ChicagoSketch_net.tntp.gz --solver cuopt --formulation tree --max-iters 10000 --time-limit 7200.0
# outcome: ok
# returncode: 0
# === STDERR (CG iteration log + preamble) ===
TNTP: net=/home/simon/code/my/mcfcg/data/transportation/ChicagoSketch_net.tntp.gz trips=/home/simon/code/my/mcfcg/data/transportation/ChicagoSketch_trips.tntp.gz coef=2.4
Instance: 933 vertices, 2950 arcs, 93513 commodities, 386 sources
Pricing threads: 32 (auto)
Slack mode: CommodityRows (struct=386, capped_arcs=2950)
   It           UB           LB       LP_obj   #col   #row  #slk   +col   -col   +cut   -cut    t_LP    t_PR    t_SP   t_Tot     t_acc
    1          inf   6.6870e+06   9.6755e+03    772    386   386      0      0      0      0   0.352   0.008   0.000   0.361     0.361
    2          inf   6.6870e+06   9.6246e+04    772    386   386      0      0      0      0   0.019   0.008   0.000   0.027     0.388
    3          inf   6.6870e+06   9.1395e+05    772    386   341      0      0      0      0   0.019   0.008   0.000   0.027     0.416
    4          inf   6.6870e+06   5.1857e+06    772    396    99      0      0     10      0   0.020   0.008   0.000   0.029     0.444
    5          inf   6.6870e+06   1.1397e+07   1119    408   107    347      0     12      0   0.079   0.004   0.000   0.087     0.531
    6          inf   6.6870e+06   7.7025e+06   1452    425    25    338      5     17      0   0.054   0.004   0.001   0.065     0.596
    7          inf   6.6870e+06   8.2942e+06   1831    429    37    379      0      4      0   0.061   0.004   0.001   0.071     0.667
    8          inf   6.6870e+06   8.0027e+06   2208    433     6    377      0      4      0   0.065   0.005   0.001   0.075     0.741
    9          inf   6.6870e+06   6.7167e+06   2584    434     0    376      0      1      0   0.085   0.005   0.001   0.094     0.835
   10          inf   6.6975e+06   6.7108e+06   2924    435     0    342      2      1      0   0.067   0.004   0.001   0.079     0.914
   11   6.7073e+06   6.7041e+06   6.7073e+06   3209    434     0    288      3      0      1   0.065   0.003   0.001   0.075     0.989
   12   6.7065e+06   6.7047e+06   6.7065e+06   3437    433     0    257     29      0      1   0.063   0.004   0.001   0.074     1.064
   13   6.7061e+06   6.7054e+06   6.7061e+06   3437    433     0   *168      0      0      0   0.063   0.004   0.001   0.069     1.133
CG optimal after 13 iterations. UB=6706094.611805 LB=6705448.437955 gap=6.462e+02 tol=6.706e+02  t_LP=1.011  t_PR=0.080  t_SP=0.010  t_Tot=1.143

# === STDOUT (result CSV) ===
instance,formulation,iterations,columns,objective,lower_bound,optimal,time,time_lp,time_pricing,time_separation
/home/simon/code/my/mcfcg/data/transportation/ChicagoSketch_net.tntp.gz,tree,13,3051,6706094.611805,6705448.437955,1,1.151,1.011,0.080,0.010
