# cmd: /home/simon/code/my/mcfcg/build/mcfcg_cli /home/simon/code/my/mcfcg/data/transportation/Philadelphia_net.tntp.gz --solver copt --formulation tree --max-iters 10000 --time-limit 7200.0
# outcome: ok
# returncode: 0
# === STDERR (CG iteration log + preamble) ===
TNTP: net=/home/simon/code/my/mcfcg/data/transportation/Philadelphia_net.tntp.gz trips=/home/simon/code/my/mcfcg/data/transportation/Philadelphia_trips.tntp.gz coef=7.0
Instance: 13389 vertices, 40003 arcs, 1151166 commodities, 1489 sources
Pricing threads: 32 (auto)
Slack mode: CommodityRows (struct=1489, capped_arcs=40003)
   It           UB           LB       LP_obj   #col   #row  #slk   +col   -col   +cut   -cut    t_LP    t_PR    t_SP   t_Tot     t_acc
    1          inf   2.5095e+07   2.6999e+04   2978   1489  1489      0      0      0      0   0.261   0.341   0.003   0.605     0.605
    2          inf   2.5095e+07   2.6971e+05   2978   1489  1485      0      0      0      0   0.088   0.337   0.003   0.428     1.033
    3          inf   2.5095e+07   2.6695e+06   2978   1489  1438      0      0      0      0   0.088   0.337   0.003   0.429     1.461
    4          inf   2.5095e+07   1.7209e+07   2978   1625   442      0      0    136      0   0.064   0.331   0.007   0.402     1.864
    5          inf   2.5095e+07   3.7087e+07   4454   1736   836   1476      0    111      0   0.233   0.176   0.006   0.566     2.430
    6          inf   2.5095e+07   1.1360e+08   5902   1795   740   1489     41     59      0   0.492   0.172   0.009   0.882     3.312
    7          inf   2.5095e+07   3.0583e+08   7391   1821   756   1489      0     26      0   0.699   0.168   0.014   1.069     4.381
    8          inf   2.5095e+07   8.6726e+08   8880   1854   641   1489      0     33      0   0.835   0.170   0.007   1.206     5.587
    9          inf   2.5095e+07   1.7714e+09  10369   1895   572   1489      0     41      0   1.075   0.177   0.008   1.447     7.034
   10          inf   2.5095e+07   2.8379e+09  11323   1932   401   1488    534     66     29   1.321   0.167   0.033   1.786     8.820
   11          inf   2.5095e+07   4.0829e+09  11802   1989   386   1489   1010     73     16   1.663   0.181   0.010   2.128    10.948
   12          inf   2.5095e+07   5.6841e+09  12339   2070   276   1489    952     90      9   1.966   0.192   0.018   2.460    13.408
   13          inf   2.5095e+07   5.0132e+09  12746   2136   162   1489   1082     73      7   2.556   0.178   0.028   3.070    16.478
   14          inf   2.5095e+07   3.6909e+09  13181   2181   111   1489   1054     61     16   3.112   0.178   0.038   3.638    20.116
   15          inf   2.5095e+07   4.2520e+08  13508   2274     9   1489   1162     97      4   3.719   0.187   0.014   4.250    24.366
   16          inf   2.5095e+07   2.5928e+07  13807   2285     0   1489   1190     21     10  10.667   0.178   0.034  11.221    35.587
   17          inf   2.5274e+07   2.5839e+07  14166   2286     0   1489   1130     11     10  10.092   0.175   0.035  10.645    46.232
   18          inf   2.5274e+07   2.5778e+07  14472   2280     0   1489   1183     16     22   4.260   0.172   0.037   4.812    51.044
   19          inf   2.5329e+07   2.5731e+07  14633   2284     0   1489   1328     16     12  10.481   0.175   0.041  11.042    62.086
   20          inf   2.5329e+07   2.5704e+07  14527   2260     0   1489   1595      7     31  11.364   0.176   0.041  11.936    74.023
   21          inf   2.5412e+07   2.5678e+07  13832   2223     0   1489   2184      6     43  11.131   0.175   0.037  11.679    85.701
   22          inf   2.5465e+07   2.5663e+07  13506   2184     0   1489   1815      9     48   9.887   0.173   0.036  10.432    96.133
   23          inf   2.5465e+07   2.5644e+07  13450   2168     0   1489   1545     18     34   3.770   0.173   0.034   4.303   100.436
   24          inf   2.5484e+07   2.5633e+07  13575   2164     0   1489   1364     14     18   3.640   0.175   0.034   4.161   104.598
   25          inf   2.5484e+07   2.5624e+07  13675   2155     0   1489   1389     11     20   3.583   0.174   0.034   4.108   108.705
   26          inf   2.5499e+07   2.5616e+07  13749   2154     0   1489   1415     14     15   3.566   0.174   0.034   4.094   112.799
   27          inf   2.5510e+07   2.5610e+07  13782   2151     0   1489   1456     11     14   3.590   0.171   0.034   4.120   116.919
   28          inf   2.5516e+07   2.5604e+07  13824   2146     0   1488   1446      9     14   3.623   0.173   0.036   4.156   121.075
   29          inf   2.5523e+07   2.5601e+07  13740   2142     0   1489   1573      9     13   3.649   0.173   0.035   4.177   125.252
   30          inf   2.5538e+07   2.5597e+07  13816   2131     0   1489   1413      8     19   3.621   0.171   0.034   4.146   129.398
   31          inf   2.5542e+07   2.5594e+07  13818   2123     0   1489   1487      6     14   3.567   0.178   0.038   4.114   133.512
   32          inf   2.5542e+07   2.5592e+07  13849   2121     0   1488   1457      8     10   3.515   0.177   0.036   4.039   137.551
   33          inf   2.5549e+07   2.5590e+07  13832   2128     0   1488   1505     10      3   3.569   0.173   0.037   4.098   141.649
   34          inf   2.5549e+07   2.5588e+07  13838   2124     0   1489   1483      3      7   3.616   0.175   0.036   4.144   145.794
   35          inf   2.5552e+07   2.5586e+07  13876   2120     0   1488   1450      3      7   3.666   0.173   0.035   4.188   149.981
   36          inf   2.5554e+07   2.5585e+07  14065   2118     0   1489   1300      7      9   3.566   0.173   0.035   4.100   154.081
   37          inf   2.5554e+07   2.5583e+07  14159   2123     0   1488   1394     13      8   3.591   0.178   0.038   4.128   158.208
   38          inf   2.5558e+07   2.5583e+07  14197   2120     0   1489   1451      2      5   3.782   0.180   0.037   4.321   162.529
   39          inf   2.5562e+07   2.5582e+07  14279   2120     0   1488   1406      4      4   3.705   0.173   0.037   4.244   166.773
   40          inf   2.5563e+07   2.5581e+07  14238   2117     0   1488   1529      2      5   3.786   0.172   0.037   4.322   171.094
   41          inf   2.5565e+07   2.5581e+07  14362   2114     0   1488   1364      4      7   3.817   0.172   0.037   4.356   175.450
   42          inf   2.5565e+07   2.5580e+07  14364   2113     0   1489   1487      3      4   3.820   0.174   0.036   4.350   179.800
   43          inf   2.5565e+07   2.5580e+07  14328   2109     0   1487   1523      2      6   3.695   0.182   0.036   4.238   184.038
   44          inf   2.5566e+07   2.5579e+07  14317   2111     0   1487   1498      4      2   3.664   0.173   0.037   4.190   188.228
   45   2.5579e+07   2.5567e+07   2.5579e+07  14456   2108     0   1488   1349      0      3   3.719   0.171   0.036   4.230   192.458
   46   2.5579e+07   2.5567e+07   2.5579e+07  14447   2108     0   1487   1496      2      2   3.769   0.173   0.038   4.302   196.760
   47   2.5579e+07   2.5569e+07   2.5579e+07  14695   2108     0   1487   1239      1      1   3.734   0.173   0.038   4.270   201.030
   48   2.5579e+07   2.5569e+07   2.5578e+07  14763   2107     0   1487   1419      2      3   3.874   0.182   0.037   4.417   205.447
   49   2.5579e+07   2.5570e+07   2.5578e+07  14912   2108     0   1487   1338      2      1   3.821   0.173   0.039   4.363   209.811
   50   2.5579e+07   2.5570e+07   2.5578e+07  14818   2110     0   1487   1581      4      2   3.841   0.182   0.038   4.397   214.207
   51   2.5579e+07   2.5571e+07   2.5578e+07  15022   2109     0   1486   1282      2      3   3.910   0.179   0.040   4.473   218.680
   52   2.5579e+07   2.5571e+07   2.5578e+07  15292   2113     0   1486   1216      4      0   3.978   0.184   0.039   4.503   223.183
   53   2.5579e+07   2.5571e+07   2.5578e+07  15679   2114     0   1487   1100      2      1   4.164   0.177   0.043   4.726   227.909
   54   2.5579e+07   2.5571e+07   2.5578e+07  16193   2116     0   1485    971      2      0   6.470   0.182   0.041   7.016   234.925
   55   2.5578e+07   2.5571e+07   2.5578e+07  16474   2115     0   1485   1204      0      1  10.439   0.190   0.042  11.005   245.930
   56   2.5578e+07   2.5571e+07   2.5578e+07  16882   2112     0   1485   1077      0      3  10.635   0.176   0.043  11.188   257.118
   57   2.5578e+07   2.5572e+07   2.5578e+07  17338   2112     0   1485   1029      1      1  10.719   0.174   0.042  11.309   268.427
   58   2.5578e+07   2.5572e+07   2.5578e+07  17624   2112     0   1485   1199      0      0  11.160   0.169   0.042  11.672   280.099
   59   2.5578e+07   2.5572e+07   2.5578e+07  17792   2110     0   1485   1317      0      2  11.452   0.170   0.042  12.005   292.103
   60   2.5578e+07   2.5572e+07   2.5578e+07  18478   2110     0   1483    797      0      0  11.537   0.170   0.045  12.065   304.168
   61   2.5578e+07   2.5572e+07   2.5578e+07  19087   2108     0   1483    874      1      3  12.474   0.173   0.048  13.087   317.256
   62   2.5577e+07   2.5572e+07   2.5577e+07  19895   2107     0   1473    665      0      1  13.064   0.168   0.047  13.664   330.920
   63   2.5577e+07   2.5572e+07   2.5577e+07  20766   2106     0   1460    589      0      1  15.816   0.171   0.051  16.438   347.358
   64   2.5577e+07   2.5572e+07   2.5577e+07  21701   2106     0   1446    511      1      1  20.023   0.169   0.053  20.694   368.052
   65   2.5577e+07   2.5572e+07   2.5577e+07  22819   2105     0   1421    303      0      1  21.171   0.172   0.054  21.827   389.880
   66   2.5577e+07   2.5572e+07   2.5577e+07  24069   2106     0   1384    134      1      0  22.170   0.170   0.058  22.816   412.696
   67   2.5577e+07   2.5572e+07   2.5577e+07  25174   2105     0   1232    127      0      1  28.613   0.170   0.058  29.318   442.014
   68   2.5577e+07   2.5572e+07   2.5577e+07  26010   2106     0   1016    180      1      0  38.844   0.177   0.064  39.495   481.509
   69   2.5577e+07   2.5572e+07   2.5577e+07  26758   2105     0    798     50      0      1  42.151   0.179   0.065  42.845   524.354
   70   2.5577e+07   2.5572e+07   2.5577e+07  27024   2104     0    388    122      0      1  44.126   0.179   0.065  44.778   569.132
   71   2.5577e+07   2.5572e+07   2.5577e+07  26963   2104     0    111    172      0      0  44.723   0.176   0.068  45.243   614.374
   72   2.5577e+07   2.5572e+07   2.5577e+07  26842   2103     0     11    132      0      1  44.214   0.179   0.068  44.813   659.187
   73   2.5577e+07   2.5572e+07   2.5577e+07  26862   2104     0     29      9      1      0  44.285   0.173   0.066  44.847   704.034
   74   2.5577e+07   2.5572e+07   2.5577e+07  26830   2102     0      4     36      0      2  43.624   0.176   0.059  44.213   748.247
   75   2.5577e+07   2.5572e+07   2.5577e+07  26843   2106     0     19      6      4      0  43.564   0.180   0.062  44.110   792.358
   76   2.5577e+07   2.5572e+07   2.5577e+07  26822   2105     0      2     23      0      1  44.440   0.186   0.071  45.043   837.400
   77   2.5577e+07   2.5572e+07   2.5577e+07  26794   2105     0      1     29      0      0  44.371   0.180   0.059  44.889   882.289
   78   2.5577e+07   2.5572e+07   2.5577e+07  26790   2105     0      2      6      0      0  44.839   0.184   0.059  45.347   927.636
   79   2.5577e+07   2.5572e+07   2.5577e+07  26790   2105     0      0      0      0      0  44.746   0.354   0.059  45.158   972.795
CG optimal after 79 iterations. UB=25577477.821056 LB=25572121.027682 gap=5.357e+03 tol=2.558e+03  t_LP=930.941  t_PR=15.065  t_SP=3.030  t_Tot=973.172

# === STDOUT (result CSV) ===
Setting parameter 'LpMethod' to 2
Setting parameter 'GPUMode' to 2
Setting parameter 'Presolve' to 0
Setting parameter 'Crossover' to 0
instance,formulation,iterations,columns,objective,lower_bound,optimal,time,time_lp,time_pricing,time_separation
/home/simon/code/my/mcfcg/data/transportation/Philadelphia_net.tntp.gz,tree,79,25301,25577477.821056,25572121.027682,1,973.749,930.941,15.065,3.030
