# cmd: /home/simon/code/my/mcfcg/build/mcfcg_cli /home/simon/code/my/mcfcg/data/transportation/Barcelona_net.tntp.gz --solver copt --formulation path --max-iters 10000 --time-limit 7200.0
# outcome: ok
# returncode: 0
# === STDERR (CG iteration log + preamble) ===
TNTP: net=/home/simon/code/my/mcfcg/data/transportation/Barcelona_net.tntp.gz trips=/home/simon/code/my/mcfcg/data/transportation/Barcelona_trips.tntp.gz coef=5050.0
Instance: 1020 vertices, 2522 arcs, 7922 commodities, 97 sources
Pricing threads: 32 (auto)
Slack mode: EdgeRows (struct=7922, capped_arcs=2522)
   It           UB           LB       LP_obj   #col   #row  #slk   +col   -col   +cut   -cut    t_LP    t_PR    t_SP   t_Tot     t_acc
    1          inf   2.3750e+02   2.3756e+02   8052   8052     0      0      0    130      0   0.267   0.002   0.002   0.271     0.271
    2          inf   2.3750e+02   4.3230e+03  13407   8052   130   5355      0      0      0   0.355   0.001   0.000   0.359     0.630
    3          inf   2.3872e+02   2.4631e+02  16269   8130     0   2784      0     78      0   0.188   0.001   0.001   0.194     0.824
    4          inf   2.3872e+02   2.8812e+02  19699   8136     5   3424      0      6      0   0.322   0.001   0.001   0.329     1.153
    5          inf   2.4172e+02   2.4464e+02  22237   8137     0   2537      0      1      0   0.359   0.001   0.001   0.364     1.517
    6          inf   2.4281e+02   2.4388e+02  23688   8141     0   1447      0      4      0   0.373   0.001   0.002   0.379     1.895
    7   2.4359e+02   2.4332e+02   2.4359e+02  24334   8141     0    646      0      0      0   0.366   0.002   0.000   0.369     2.264
    8   2.4351e+02   2.4344e+02   2.4351e+02  20846   8072     0     76   3495      0     69   0.392   0.001   0.000   0.402     2.666
    9   2.4351e+02   2.4345e+02   2.4351e+02  18279   8036     0      8   2539      3     39   0.295   0.001   0.001   0.303     2.969
   10   2.4351e+02   2.4345e+02   2.4351e+02  14552   8028     0     15   3734      0      8   0.218   0.001   0.000   0.223     3.192
   11   2.4351e+02   2.4345e+02   2.4351e+02  14552   8028     0      0      0      0      0   0.163   0.002   0.000   0.165     3.357
CG optimal after 11 iterations. UB=243.505729 LB=243.448261 gap=5.747e-02 tol=2.435e-02  t_LP=3.299  t_PR=0.021  t_SP=0.011  t_Tot=3.366

# === STDOUT (result CSV) ===
Setting parameter 'LpMethod' to 2
Setting parameter 'GPUMode' to 2
Setting parameter 'Presolve' to 0
Setting parameter 'Crossover' to 0
instance,formulation,iterations,columns,objective,lower_bound,optimal,time,time_lp,time_pricing,time_separation
/home/simon/code/my/mcfcg/data/transportation/Barcelona_net.tntp.gz,path,11,14446,243.505729,243.448261,1,3.397,3.299,0.021,0.011
