# cmd: /home/simon/code/my/mcfcg/build/mcfcg_cli /home/simon/code/my/mcfcg/data/transportation/Birmingham_net.tntp.gz --solver copt --formulation path --max-iters 10000 --time-limit 7200.0
# outcome: ok
# returncode: 0
# === STDERR (CG iteration log + preamble) ===
TNTP: net=/home/simon/code/my/mcfcg/data/transportation/Birmingham_net.tntp.gz trips=/home/simon/code/my/mcfcg/data/transportation/Birmingham_trips.tntp.gz coef=0.9
Instance: 14639 vertices, 33937 arcs, 471637 commodities, 898 sources
Pricing threads: 32 (auto)
Slack mode: EdgeRows (struct=471637, capped_arcs=33937)
   It           UB           LB       LP_obj   #col   #row  #slk   +col   -col   +cut   -cut    t_LP    t_PR    t_SP   t_Tot     t_acc
    1          inf   2.1008e+05   2.1212e+05 473068 473068     0      0      0   1431      0   0.877   0.199   0.237   1.317     1.317
    2          inf   2.1008e+05   2.2151e+06 523068 473068  1431  50000      0      0      0  19.936   0.222   0.011  20.307    21.624
    3          inf   2.1008e+05   8.1600e+06 573692 473692   973  50000      0    624      0  24.299   0.180   0.223  24.813    46.438
    4          inf   2.1008e+05   1.8917e+07 623998 473998   872  50000      0    306      0  35.906   0.199   0.202  36.423    82.860
    5          inf   2.1008e+05   4.4823e+07 674116 474116   686  50000      0    118      0  38.907   0.181   0.218  39.396   122.257
    6          inf   2.1008e+05   1.2667e+07 724232 474232   384  50000      0    116      0  45.485   0.187   0.238  46.042   168.299
    7          inf   2.1008e+05   1.7826e+06 774301 474301   131  50000      0     69      0  45.964   0.183   0.303  46.573   214.872
    8          inf   2.1008e+05   1.4623e+06 800065 473984    18  50000  23919     24    341  41.762   0.181   0.295  43.595   258.466
    9          inf   2.1008e+05   2.1866e+05 829414 473544     0  50000  20211     21    461  25.594   0.174   0.246  27.210   285.677
   10          inf   2.1008e+05   2.1739e+05 860053 473266     0  50000  19083     50    328  23.032   0.165   0.243  24.561   310.237
   11          inf   2.1152e+05   2.1683e+05 884451 473034     0  50000  25370     37    269  19.432   0.155   0.206  20.807   331.045
   12          inf   2.1234e+05   2.1643e+05 890751 472835     0  50000  43501     27    226  18.701   0.149   0.191  19.964   351.008
   13          inf   2.1280e+05   2.1614e+05 865749 472732     0  50000  74899     38    141  17.099   0.143   0.177  18.269   369.277
   14          inf   2.1309e+05   2.1595e+05 845760 472678     0  50000  69935     30     84  16.530   0.131   0.160  17.651   386.928
   15          inf   2.1328e+05   2.1582e+05 832366 472658     0  50000  63374     27     47  15.869   0.118   0.148  16.926   403.854
   16          inf   2.1345e+05   2.1573e+05 825855 472640     0  50000  56493     31     49  15.579   0.110   0.144  16.610   420.464
   17          inf   2.1353e+05   2.1568e+05 817416 472642     0  40911  49352     37     35  15.022   0.094   0.146  15.997   436.461
   18          inf   2.1357e+05   2.1565e+05 783054 472639     0  11043  45402     22     25  15.298   0.100   0.142  16.265   452.726
   19          inf   2.1359e+05   2.1565e+05 740276 472622     0   3364  46125      7     24  15.305   0.102   0.130  16.165   468.891
   20          inf   2.1359e+05   2.1565e+05 696390 472606     0   1886  45756      3     19  14.649   0.091   0.123  15.441   484.332
   21          inf   2.1360e+05   2.1565e+05 651053 472581     0    218  45530      5     30  14.644   0.098   0.103  15.362   499.694
   22          inf   2.1360e+05   2.1565e+05 609859 472566     0    232  41411      1     16  14.464   0.099   0.091  15.125   514.819
   23   2.1565e+05   2.1360e+05   2.1565e+05 578153 472527     0    185  31852      0     39  14.797   0.091   0.017  15.274   530.093
   24   2.1565e+05   2.1360e+05   2.1565e+05 564351 472524     0      1  13800      6      9  13.861   0.101   0.073  14.412   544.505
   25   2.1565e+05   2.1360e+05   2.1565e+05 559252 472513     0    582   5670      3     14  13.649   0.099   0.070  14.187   558.693
   26   2.1565e+05   2.1360e+05   2.1565e+05 555029 472515     0    696   4921      7      5  13.642   0.099   0.068  14.169   572.861
   27   2.1565e+05   2.1360e+05   2.1565e+05 553967 472509     0      5   1061      0      6  13.600   0.092   0.014  14.036   586.897
   28   2.1565e+05   2.1360e+05   2.1565e+05 553971 472513     0      0      0      4      0  13.620   0.190   0.065  13.878   600.775
   29   2.1565e+05   2.1360e+05   2.1565e+05 553971 472513     0      0      0      0      0  13.363   0.159   0.015  13.540   614.316
CG optimal after 29 iterations. UB=215647.408255 LB=213597.546111 gap=2.050e+03 tol=2.156e+01  t_LP=590.889  t_PR=4.996  t_SP=4.301  t_Tot=615.222

# === STDOUT (result CSV) ===
Setting parameter 'LpMethod' to 2
Setting parameter 'GPUMode' to 2
Setting parameter 'Presolve' to 0
Setting parameter 'Crossover' to 0
instance,formulation,iterations,columns,objective,lower_bound,optimal,time,time_lp,time_pricing,time_separation
/home/simon/code/my/mcfcg/data/transportation/Birmingham_net.tntp.gz,path,29,553095,215647.408255,213597.546111,1,615.867,590.889,4.996,4.301
