# cmd: /home/simon/code/my/mcfcg/build/mcfcg_cli /home/simon/code/my/mcfcg/data/transportation/BerlinCenter_net.tntp.gz --solver cuopt --formulation path --max-iters 10000 --time-limit 7200.0
# outcome: ok
# returncode: 0
# === STDERR (CG iteration log + preamble) ===
TNTP: net=/home/simon/code/my/mcfcg/data/transportation/BerlinCenter_net.tntp.gz trips=/home/simon/code/my/mcfcg/data/transportation/BerlinCenter_trips.tntp.gz coef=0.5
Instance: 12981 vertices, 28376 arcs, 49688 commodities, 865 sources
Pricing threads: 32 (auto)
Slack mode: EdgeRows (struct=49688, capped_arcs=28376)
   It           UB           LB       LP_obj   #col   #row  #slk   +col   -col   +cut   -cut    t_LP    t_PR    t_SP   t_Tot     t_acc
    1          inf   2.6118e+07   2.6122e+07  50223  50223     0      0      0    535      0   0.620   0.074   0.010   0.704     0.704
    2          inf   2.6118e+07   1.2022e+08  83150  50223   535  32927      0      0      0   0.923   0.047   0.003   0.999     1.702
    3          inf   2.6632e+07   2.7704e+07  96348  50922     0  12499      0    699      0   0.736   0.041   0.018   0.810     2.513
    4          inf   2.6632e+07   3.2545e+07 110967  51353    57  14188      0    431      0   2.487   0.043   0.013   2.561     5.073
    5          inf   2.6632e+07   2.8071e+07 117809  51382     2   6813      0     29      0   2.188   0.044   0.006   2.247     7.320
    6          inf   2.6632e+07   2.8155e+07 122088  51389     7   4272      0      7      0   2.363   0.046   0.005   2.421     9.742
    7          inf   2.6964e+07   2.7564e+07 123705  51391     0   1615      0      2      0   2.207   0.044   0.005   2.260    12.002
    8   2.7543e+07   2.7500e+07   2.7543e+07 123466  51289     0   1005   1142      0    102   2.343   0.043   0.005   2.418    14.420
    9   2.7543e+07   2.7526e+07   2.7531e+07 123127  50711     0    658    419      2    580   2.026   0.044   0.005   2.101    16.521
   10   2.7543e+07   2.7528e+07   2.7529e+07 122718  50856     0    268    822    585    440   1.604   0.029   0.018   1.678    18.199
   11   2.7543e+07   2.7528e+07   2.7529e+07 121154  51208     0    381   2297    368     16   1.879   0.044   0.009   1.960    20.160
   12   2.7529e+07   2.7528e+07   2.7529e+07 121154  51208     0     *5      0      0      0   1.856   0.044   0.005   1.905    22.065
CG optimal after 12 iterations. UB=27529210.455709 LB=27528407.725190 gap=8.027e+02 tol=2.753e+03  t_LP=21.232  t_PR=0.622  t_SP=0.100  t_Tot=22.145

# === STDOUT (result CSV) ===
instance,formulation,iterations,columns,objective,lower_bound,optimal,time,time_lp,time_pricing,time_separation
/home/simon/code/my/mcfcg/data/transportation/BerlinCenter_net.tntp.gz,path,12,119634,27529210.455709,27528407.725190,1,22.182,21.232,0.622,0.100
