# cmd: /usr/bin/time -o /tmp/mcfcg_mem_dli76b3w.txt -f %M build/mcfcg_cli data/intermodal/SBT-6255-0.txt.gz --solver highs --formulation tree --max-iters 10000 --strategy pricer-heavy --time-limit 7200.0
# outcome: ok
# returncode: 0
# peak_rss_kb: 706488
# peak_rss_source: measured
# === STDERR (CG iteration log + preamble) ===
Instance: 163487 vertices, 809375 arcs, 6251 commodities, 6251 sources
Solver: highs, formulation: tree
Pricing threads: 32 (auto)
Slack mode: CommodityRows (struct=6251, capped_arcs=562355)
[lp-config] backend=highs version=1.15.1-04024d701f method=hipo exec=CPU presolve=off crossover=off tol=0.0001 threads=auto(32)
   It           UB           LB       LP_obj   #col   #row  #slk   +col   -col   +cut   -cut    t_LP    t_PR    t_SP   t_Tot     t_acc
    1          inf         -inf   1.5957e+05  12502   6351   120      0      0    100      0   0.092   0.000   0.061   0.153     0.153
    2          inf         -inf   1.6193e+05  12845   6351   241    343      0      0      0   0.142   0.059   0.062   0.265     0.417
    3          inf         -inf   1.6080e+05  12845   6369     6      0      0     18      0   0.157   0.000   0.060   0.217     0.635
    4          inf         -inf   1.6086e+05  12845   6370    13      0      0      1      0   0.170   0.000   0.064   0.234     0.869
    5          inf         -inf   1.6086e+05  12852   6370    13      7      0      0      0   0.167   0.032   0.069   0.268     1.137
    6          inf   1.5651e+05   1.6287e+05  13003   6370    12    151      0      0      0   0.169   0.406   0.063   0.638     1.776
    7          inf   1.5651e+05   1.6061e+05  13003   6374     0      0      0      4      0   0.171   0.000   0.058   0.229     2.005
    8   1.6061e+05   1.6059e+05   1.6061e+05  13003   6374     0     *1      0      0      0   0.180   0.417   0.063   0.661     2.666
CG optimal after 8 iterations. UB=160606.000009 LB=160593.898330 gap=1.210e+01 tol=1.606e+01  t_LP=1.248  t_PR=1.342  t_SP=0.499  t_Tot=3.093
[bounded-pricing] enabled=0 cut=0 priced=19163 rate=0.0%

# === STDOUT (result CSV) ===
instance,formulation,iterations,columns,objective,lower_bound,optimal,time,time_lp,time_pricing,time_separation
data/intermodal/SBT-6255-0.txt.gz,tree,8,6752,160606.000009,160593.898330,1,3.283,1.248,1.342,0.499
