# cmd: /usr/bin/time -o /tmp/mcfcg_mem_0eeg69bv.txt -f %M build/mcfcg_cli data/intermodal/BUS-13160-0.txt.gz --solver highs --formulation path --max-iters 10000 --strategy pricer-heavy --time-limit 7200.0
# outcome: ok
# returncode: 0
# peak_rss_kb: 812840
# peak_rss_source: measured
# === STDERR (CG iteration log + preamble) ===
Instance: 140925 vertices, 1023858 arcs, 13135 commodities, 13135 sources
Solver: highs, formulation: path
Pricing threads: 32 (auto)
Slack mode: CommodityRows (struct=13135, capped_arcs=836960)
[lp-config] backend=highs version=1.15.1-04024d701f method=hipo exec=CPU presolve=off crossover=off tol=0.0001 threads=auto(32)
   It           UB           LB       LP_obj   #col   #row  #slk   +col   -col   +cut   -cut    t_LP    t_PR    t_SP   t_Tot     t_acc
    1          inf         -inf   3.3868e+05  26270  13208   783      0      0     73      0   0.254   0.000   0.068   0.323     0.323
    2          inf         -inf   3.4174e+05  26922  13208  1041    652      0      0      0   0.552   0.103   0.072   0.729     1.052
    3          inf         -inf   3.4916e+05  26922  13259    73      0      0     51      0   0.610   0.000   0.068   0.679     1.731
    4          inf         -inf   3.5034e+05  27317  13259   149    395      0      0      0   0.795   0.079   0.071   0.947     2.678
    5          inf         -inf   3.5346e+05  27317  13271    82      0      0     12      0   0.789   0.000   0.069   0.858     3.537
    6          inf         -inf   3.5350e+05  27522  13271    84    205      0      0      0   0.803   0.065   0.077   0.945     4.481
    7          inf         -inf   3.6275e+05  27522  13274    48      0      0      3      0   0.834   0.000   0.070   0.905     5.387
    8          inf         -inf   3.6278e+05  27611  13236    52     89      0      0     38   0.919   0.040   0.074   1.034     6.421
    9          inf         -inf   3.6910e+05  27611  13241    67      0      0      5      0   0.907   0.000   0.069   0.977     7.398
   10          inf         -inf   3.6914e+05  27698  13205    68     87      0      0     36   0.910   0.042   0.075   1.027     8.425
   11          inf         -inf   3.5523e+05  27698  13213    21      0      0      8      0   0.964   0.000   0.073   1.037     9.462
   12          inf         -inf   3.5524e+05  27698  13214    27      0      0      1      0   0.990   0.000   0.071   1.062    10.523
   13          inf         -inf   3.5524e+05  27699  13202    27      1      0      0     12   0.993   0.029   0.071   1.094    11.617
   14          inf         -inf   3.5541e+05  27699  13205    22      0      0      3      0   0.993   0.000   0.068   1.062    12.679
   15          inf   3.1583e+05   3.5541e+05  28045  13197    22    346      0      0      8   0.962   0.489   0.075   1.527    14.206
   16          inf   3.1583e+05   3.4833e+05  28045  13228     2      0      0     31      0   0.831   0.000   0.067   0.899    15.105
   17          inf   3.1583e+05   3.4840e+05  28104  13225     5     59      0      0      3   0.917   0.063   0.070   1.051    16.156
   18          inf   3.4832e+05   3.4837e+05  28143  13225     1     39      0      0      0   0.922   0.439   0.068   1.429    17.585
   19   3.4836e+05   3.4834e+05   3.4836e+05  28143  13225     0     *2      0      0      0   0.970   0.454   0.066   1.490    19.075
CG optimal after 19 iterations. UB=348361.500062 LB=348337.840882 gap=2.366e+01 tol=3.484e+01  t_LP=15.916  t_PR=2.282  t_SP=1.342  t_Tot=19.554
[bounded-pricing] enabled=0 cut=0 priced=55135 rate=0.0%

# === STDOUT (result CSV) ===
instance,formulation,iterations,columns,objective,lower_bound,optimal,time,time_lp,time_pricing,time_separation
data/intermodal/BUS-13160-0.txt.gz,path,19,15008,348361.500062,348337.840882,1,19.765,15.916,2.282,1.342
