# cmd: /usr/bin/time -o /tmp/mcfcg_mem_dnb8j6pp.txt -f %M build/mcfcg_cli data/intermodal/BUS-23688-0.txt.gz --solver highs --formulation tree --max-iters 10000 --strategy pricer-heavy --time-limit 7200.0
# outcome: ok
# returncode: 0
# peak_rss_kb: 1033980
# peak_rss_source: measured
# === STDERR (CG iteration log + preamble) ===
Instance: 161993 vertices, 1653437 arcs, 23643 commodities, 23643 sources
Solver: highs, formulation: tree
Pricing threads: 32 (auto)
Slack mode: CommodityRows (struct=23643, capped_arcs=1466539)
[lp-config] backend=highs version=1.15.1-04024d701f method=hipo exec=CPU presolve=off crossover=off tol=0.0001 threads=auto(32)
   It           UB           LB       LP_obj   #col   #row  #slk   +col   -col   +cut   -cut    t_LP    t_PR    t_SP   t_Tot     t_acc
    1          inf         -inf   6.0693e+05  47286  23709  1421      0      0     66      0   0.354   0.000   0.127   0.482     0.482
    2          inf         -inf   6.1290e+05  48449  23709  1888   1163      0      0      0   0.739   0.253   0.119   1.115     1.597
    3          inf         -inf   6.2720e+05  48449  23757   171      0      0     48      0   1.078   0.000   0.119   1.198     2.795
    4          inf         -inf   6.2909e+05  48449  23759   325      0      0      2      0   1.234   0.000   0.125   1.360     4.155
    5          inf         -inf   6.2910e+05  48555  23759   327    106      0      0      0   1.117   0.054   0.114   1.286     5.441
    6          inf         -inf   6.4594e+05  48555  23760   318      0      0      1      0   1.089   0.000   0.114   1.204     6.645
    7          inf         -inf   6.4594e+05  48589  23736   319     34      0      0     24   1.075   0.054   0.113   1.243     7.888
    8          inf         -inf   7.1517e+05  48589  23737   280      0      0      1      0   1.330   0.000   0.115   1.446     9.334
    9          inf         -inf   7.1519e+05  48631  23700   280     42      0      0     37   1.319   0.050   0.114   1.483    10.817
   10          inf         -inf   7.4626e+05  48631  23713   295      0      0     13      0   1.131   0.000   0.111   1.243    12.060
   11          inf         -inf   7.4898e+05  48812  23709   305    181      0      0      4   1.188   0.070   0.113   1.372    13.432
   12          inf         -inf   8.6867e+05  48812  23716   261      0      0      7      0   1.227   0.000   0.115   1.343    14.775
   13          inf         -inf   8.6879e+05  48962  23712   274    150      0      0      4   1.267   0.070   0.115   1.453    16.228
   14          inf         -inf   1.2410e+06  48962  23714   236      0      0      2      0   1.394   0.000   0.114   1.508    17.737
   15          inf  -1.1066e+06   1.2410e+06  50204  23714   236   1242      0      0      0   1.417   1.301   0.113   2.833    20.570
   16          inf  -1.1066e+06   6.2470e+05  50204  23757     0      0      0     43      0   1.250   0.000   0.116   1.367    21.937
   17          inf  -1.1066e+06   6.2516e+05  50204  23771    18      0      0     14      0   1.800   0.000   0.124   1.925    23.862
   18          inf  -1.1066e+06   6.2526e+05  50204  23776    23      0      0      5      0   1.514   0.000   0.119   1.634    25.496
   19          inf  -1.1066e+06   6.2529e+05  50267  23766    25     63      0      0     10   1.500   0.057   0.121   1.679    27.175
   20          inf  -1.1066e+06   6.2545e+05  50267  23767    11      0      0      1      0   1.447   0.000   0.115   1.563    28.737
   21          inf  -1.1066e+06   6.2545e+05  50267  23768    11      0      0      1      0   1.396   0.000   0.121   1.518    30.255
   22          inf  -1.1066e+06   6.2545e+05  50306  23725    11     39      0      0     43   1.428   0.050   0.121   1.599    31.855
   23          inf  -1.1066e+06   6.2544e+05  50306  23729     3      0      0      4      0   1.241   0.000   0.116   1.358    33.213
   24          inf  -1.1066e+06   6.2545e+05  50306  23730     3      0      0      1      0   1.270   0.000   0.124   1.395    34.608
   25          inf  -1.1066e+06   6.2545e+05  50308  23713     3      2      0      0     17   1.241   0.046   0.115   1.402    36.010
   26          inf  -1.1066e+06   6.2546e+05  50308  23714     3      0      0      1      0   1.278   0.000   0.117   1.396    37.406
   27          inf   6.1582e+05   6.2546e+05  51108  23713     3    800      0      0      1   1.206   1.385   0.140   2.734    40.139
   28          inf   6.1582e+05   6.2490e+05  51108  23727     0      0      0     14      0   1.339   0.000   0.117   1.457    41.596
   29   6.2491e+05   6.1582e+05   6.2491e+05  51151  23724     0     43      0      0      3   1.540   0.130   0.128   1.800    43.396
   30   6.2491e+05   6.1582e+05   6.2490e+05  51151  23728     0      0      0      4      0   1.535   0.000   0.116   1.651    45.047
   31   6.2490e+05   6.2483e+05   6.2490e+05  51196  23727     0     45      0      0      1   1.512   1.293   0.117   2.922    47.969
   32   6.2488e+05   6.2484e+05   6.2488e+05  51196  23727     0     *0      0      0      0   1.418   2.468   0.116   4.003    51.971
CG optimal after 32 iterations. UB=624881.500102 LB=624840.234695 gap=4.127e+01 tol=6.249e+01  t_LP=40.874  t_PR=8.509  t_SP=3.782  t_Tot=53.200
[bounded-pricing] enabled=0 cut=0 priced=145242 rate=0.0%

# === STDOUT (result CSV) ===
instance,formulation,iterations,columns,objective,lower_bound,optimal,time,time_lp,time_pricing,time_separation
data/intermodal/BUS-23688-0.txt.gz,tree,32,27553,624881.500102,624840.234695,1,53.541,40.874,8.509,3.782
