# cmd: /usr/bin/time -o /tmp/mcfcg_mem_ss8l3trq.txt -f %M build/mcfcg_cli data/intermodal/BUS-13160-0.txt.gz --solver highs --formulation tree --max-iters 10000 --strategy pricer-heavy --time-limit 7200.0
# outcome: ok
# returncode: 0
# peak_rss_kb: 799400
# peak_rss_source: measured
# === STDERR (CG iteration log + preamble) ===
Instance: 140925 vertices, 1023858 arcs, 13135 commodities, 13135 sources
Solver: highs, formulation: tree
Pricing threads: 32 (auto)
Slack mode: CommodityRows (struct=13135, capped_arcs=836960)
[lp-config] backend=highs version=1.15.1-04024d701f method=hipo exec=CPU presolve=off crossover=off tol=0.0001 threads=auto(32)
   It           UB           LB       LP_obj   #col   #row  #slk   +col   -col   +cut   -cut    t_LP    t_PR    t_SP   t_Tot     t_acc
    1          inf         -inf   3.3868e+05  26270  13208   783      0      0     73      0   0.174   0.000   0.071   0.246     0.246
    2          inf         -inf   3.4174e+05  26943  13208  1041    673      0      0      0   0.316   0.105   0.076   0.500     0.746
    3          inf         -inf   3.4912e+05  26943  13259    70      0      0     51      0   0.461   0.000   0.074   0.536     1.282
    4          inf         -inf   3.5029e+05  26943  13261   145      0      0      2      0   0.582   0.000   0.075   0.658     1.939
    5          inf         -inf   3.5029e+05  26989  13261   146     46      0      0      0   0.552   0.035   0.073   0.661     2.600
    6          inf         -inf   3.5643e+05  26989  13262   163      0      0      1      0   0.490   0.000   0.072   0.562     3.163
    7          inf         -inf   3.5645e+05  27023  13231   162     34      0      0     31   0.492   0.033   0.070   0.595     3.758
    8          inf         -inf   3.8515e+05  27023  13233   112      0      0      2      0   0.529   0.000   0.073   0.603     4.361
    9          inf         -inf   3.8516e+05  27084  13192   115     61      0      0     41   0.516   0.037   0.072   0.625     4.986
   10          inf         -inf   3.9481e+05  27084  13200   127      0      0      8      0   0.499   0.000   0.071   0.570     5.556
   11          inf         -inf   3.9485e+05  27171  13197   128     87      0      0      3   0.522   0.042   0.071   0.635     6.192
   12          inf         -inf   3.8451e+05  27171  13204    86      0      0      7      0   0.524   0.000   0.070   0.595     6.787
   13          inf         -inf   3.8452e+05  27263  13202    90     92      0      0      2   0.553   0.050   0.076   0.680     7.467
   14          inf         -inf   3.8875e+05  27263  13210    74      0      0      8      0   0.559   0.000   0.073   0.632     8.100
   15          inf         -inf   3.8949e+05  27378  13210    82    115      0      0      0   0.586   0.057   0.073   0.717     8.817
   16          inf         -inf   3.6033e+05  27378  13224    27      0      0     14      0   0.563   0.000   0.072   0.635     9.452
   17          inf         -inf   3.7540e+05  27542  13217    50    164      0      0      7   0.569   0.057   0.079   0.706    10.158
   18          inf         -inf   3.8089e+05  27542  13232    15      0      0     15      0   0.607   0.000   0.074   0.682    10.839
   19          inf         -inf   3.8090e+05  27652  13225    15    110      0      0      7   0.629   0.054   0.074   0.757    11.597
   20          inf         -inf   3.9214e+05  27652  13227    14      0      0      2      0   0.589   0.000   0.072   0.662    12.259
   21          inf   1.5966e+05   3.9214e+05  28072  13217    14    420      0      0     10   0.618   0.546   0.074   1.239    13.497
   22          inf   1.5966e+05   3.4835e+05  28072  13239     0      0      0     22      0   0.599   0.000   0.073   0.673    14.170
   23   3.4840e+05   1.5966e+05   3.4840e+05  28102  13230     0     30      0      0      9   0.631   0.052   0.072   0.756    14.926
   24   3.4838e+05   3.4830e+05   3.4838e+05  28170  13227     0     68      0      0      3   0.643   0.454   0.074   1.171    16.097
   25   3.4838e+05   3.4830e+05   3.4836e+05  28170  13228     0      0      0      1      0   0.605   0.000   0.072   0.678    16.775
   26   3.4836e+05   3.4834e+05   3.4836e+05  28170  13228     0     *1      0      0      0   0.611   0.514   0.073   1.198    17.973
CG optimal after 26 iterations. UB=348361.500139 LB=348338.124514 gap=2.338e+01 tol=3.484e+01  t_LP=14.021  t_PR=2.507  t_SP=1.898  t_Tot=18.446
[bounded-pricing] enabled=0 cut=0 priced=55038 rate=0.0%

# === STDOUT (result CSV) ===
instance,formulation,iterations,columns,objective,lower_bound,optimal,time,time_lp,time_pricing,time_separation
data/intermodal/BUS-13160-0.txt.gz,tree,26,15035,348361.500139,348338.124514,1,18.648,14.021,2.507,1.898
