# cmd: /usr/bin/time -o /tmp/mcfcg_mem_jfe_l7sj.txt -f %M build/mcfcg_cli data/intermodal/SBT-31275-0.txt.gz --solver highs --formulation path --max-iters 10000 --strategy pricer-heavy --time-limit 7200.0
# outcome: ok
# returncode: 0
# peak_rss_kb: 1439672
# peak_rss_source: measured
# === STDERR (CG iteration log + preamble) ===
Instance: 213509 vertices, 2760366 arcs, 31252 commodities, 31252 sources
Solver: highs, formulation: path
Pricing threads: 32 (auto)
Slack mode: CommodityRows (struct=31252, capped_arcs=2513346)
[lp-config] backend=highs version=1.15.1-04024d701f method=hipo exec=CPU presolve=off crossover=off tol=0.0001 threads=auto(32)
   It           UB           LB       LP_obj   #col   #row  #slk   +col   -col   +cut   -cut    t_LP    t_PR    t_SP   t_Tot     t_acc
    1          inf         -inf   7.9697e+05  62504  31318   523      0      0     66      0   0.622   0.000   0.188   0.812     0.812
    2          inf         -inf   8.0461e+05  63528  31318   892   1024      0      0      0   1.460   0.318   0.187   1.967     2.779
    3          inf         -inf   8.0139e+05  63528  31330     0      0      0     12      0   1.725   0.000   0.187   1.913     4.692
    4          inf         -inf   8.0149e+05  63663  31330    20    135      0      0      0   1.918   0.177   0.201   2.297     6.989
    5   8.0138e+05   8.0082e+05   8.0138e+05  63792  31330     0    129      0      0      0   1.690   5.373   0.191   7.255    14.244
    6   8.0132e+05   8.0126e+05   8.0132e+05  63792  31330     0     *8      0      0      0   1.727   5.357   0.196   7.281    21.525
CG optimal after 6 iterations. UB=801323.005889 LB=801260.829212 gap=6.218e+01 tol=8.013e+01  t_LP=9.142  t_PR=16.352  t_SP=1.150  t_Tot=26.651
[bounded-pricing] enabled=0 cut=0 priced=95089 rate=0.0%

# === STDOUT (result CSV) ===
instance,formulation,iterations,columns,objective,lower_bound,optimal,time,time_lp,time_pricing,time_separation
data/intermodal/SBT-31275-0.txt.gz,path,6,32540,801323.005889,801260.829212,1,27.197,9.142,16.352,1.150
