# cmd: /usr/bin/time -o /tmp/mcfcg_mem_woeudeb1.txt -f %M build/mcfcg_cli data/intermodal/BUS-2632-0.txt.gz --solver highs --formulation path --max-iters 10000 --strategy pricer-heavy --time-limit 7200.0
# outcome: ok
# returncode: 0
# peak_rss_kb: 526376
# peak_rss_source: measured
# === STDERR (CG iteration log + preamble) ===
Instance: 119865 vertices, 397362 arcs, 2628 commodities, 2628 sources
Solver: highs, formulation: path
Pricing threads: 32 (auto)
Slack mode: CommodityRows (struct=2628, capped_arcs=210464)
[lp-config] backend=highs version=1.15.1-04024d701f method=hipo exec=CPU presolve=off crossover=off tol=0.0001 threads=auto(32)
   It           UB           LB       LP_obj   #col   #row  #slk   +col   -col   +cut   -cut    t_LP    t_PR    t_SP   t_Tot     t_acc
    1          inf         -inf   6.8907e+04   5256   2722   161      0      0     94      0   0.056   0.000   0.030   0.086     0.086
    2          inf         -inf   6.9679e+04   5423   2722   229    167      0      0      0   0.089   0.021   0.030   0.141     0.227
    3          inf         -inf   7.1126e+04   5423   2803    14      0      0     81      0   0.110   0.000   0.030   0.141     0.367
    4          inf         -inf   7.2127e+04   5423   2804    42      0      0      1      0   0.125   0.000   0.032   0.157     0.525
    5          inf         -inf   7.2145e+04   5430   2804    43      7      0      0      0   0.129   0.015   0.034   0.178     0.703
    6          inf         -inf   7.6806e+04   5430   2806    45      0      0      2      0   0.148   0.000   0.032   0.181     0.884
    7          inf         -inf   7.6822e+04   5438   2786    46      8      0      0     20   0.138   0.021   0.035   0.194     1.077
    8          inf   1.3098e+04   8.4155e+04   5667   2777    37    229      0      0      9   0.139   0.087   0.030   0.257     1.334
    9          inf   1.3098e+04   7.1560e+04   5667   2821     2      0      0     44      0   0.139   0.000   0.029   0.168     1.503
   10          inf   1.3098e+04   7.1658e+04   5741   2812     8     74      0      0      9   0.163   0.022   0.032   0.218     1.721
   11          inf   1.3098e+04   7.1544e+04   5741   2816     1      0      0      4      0   0.161   0.000   0.032   0.194     1.915
   12          inf   1.3098e+04   7.1544e+04   5754   2809     1     13      0      0      7   0.166   0.017   0.033   0.216     2.131
   13          inf   6.8265e+04   7.1559e+04   5816   2802     1     62      0      0      7   0.155   0.072   0.033   0.262     2.393
   14          inf   6.8265e+04   7.1027e+04   5816   2808     0      0      0      6      0   0.158   0.000   0.030   0.188     2.581
   15   7.1027e+04   6.8265e+04   7.1027e+04   5826   2760     0     10      0      0     48   0.171   0.019   0.035   0.226     2.807
   16   7.1027e+04   6.8265e+04   7.1027e+04   5826   2762     0      0      0      2      0   0.151   0.000   0.034   0.186     2.992
   17   7.1027e+04   7.1021e+04   7.1027e+04   5826   2762     0     *3      0      0      0   0.146   0.085   0.035   0.266     3.259
CG optimal after 17 iterations. UB=71026.500008 LB=71020.799125 gap=5.701e+00 tol=7.103e+00  t_LP=2.345  t_PR=0.436  t_SP=0.548  t_Tot=3.336
[bounded-pricing] enabled=0 cut=0 priced=10992 rate=0.0%

# === STDOUT (result CSV) ===
instance,formulation,iterations,columns,objective,lower_bound,optimal,time,time_lp,time_pricing,time_separation
data/intermodal/BUS-2632-0.txt.gz,path,17,3198,71026.500008,71020.799125,1,3.443,2.345,0.436,0.548
