# cmd: /usr/bin/time -o /tmp/mcfcg_mem_cxt_m0m9.txt -f %M build/mcfcg_cli data/intermodal/BUS-2632-0.txt.gz --solver highs --formulation tree --max-iters 10000 --strategy pricer-heavy --time-limit 7200.0
# outcome: ok
# returncode: 0
# peak_rss_kb: 526264
# peak_rss_source: measured
# === STDERR (CG iteration log + preamble) ===
Instance: 119865 vertices, 397362 arcs, 2628 commodities, 2628 sources
Solver: highs, formulation: tree
Pricing threads: 32 (auto)
Slack mode: CommodityRows (struct=2628, capped_arcs=210464)
[lp-config] backend=highs version=1.15.1-04024d701f method=hipo exec=CPU presolve=off crossover=off tol=0.0001 threads=auto(32)
   It           UB           LB       LP_obj   #col   #row  #slk   +col   -col   +cut   -cut    t_LP    t_PR    t_SP   t_Tot     t_acc
    1          inf         -inf   6.8907e+04   5256   2722   161      0      0     94      0   0.038   0.000   0.031   0.070     0.070
    2          inf         -inf   6.9679e+04   5422   2722   229    166      0      0      0   0.069   0.024   0.033   0.127     0.198
    3          inf         -inf   7.1121e+04   5422   2803    13      0      0     81      0   0.074   0.000   0.039   0.114     0.311
    4          inf         -inf   7.2122e+04   5422   2804    41      0      0      1      0   0.085   0.000   0.033   0.118     0.430
    5          inf         -inf   7.2140e+04   5430   2804    42      8      0      0      0   0.086   0.015   0.034   0.136     0.566
    6          inf         -inf   7.6306e+04   5430   2806    44      0      0      2      0   0.093   0.000   0.035   0.129     0.694
    7          inf         -inf   7.6322e+04   5438   2786    45      8      0      0     20   0.093   0.021   0.036   0.150     0.845
    8          inf   2.1614e+04   8.3652e+04   5661   2777    36    223      0      0      9   0.103   0.082   0.037   0.222     1.067
    9          inf   2.1614e+04   7.1560e+04   5661   2821     2      0      0     44      0   0.103   0.000   0.032   0.135     1.202
   10          inf   2.1614e+04   7.1656e+04   5741   2812     8     80      0      0      9   0.122   0.024   0.035   0.181     1.383
   11          inf   2.1614e+04   7.1544e+04   5741   2816     1      0      0      4      0   0.113   0.000   0.035   0.148     1.531
   12          inf   2.1614e+04   7.1544e+04   5754   2809     1     13      0      0      7   0.108   0.018   0.036   0.162     1.693
   13          inf   6.8221e+04   7.1559e+04   5815   2802     1     61      0      0      7   0.108   0.075   0.035   0.219     1.912
   14          inf   6.8221e+04   7.1027e+04   5815   2808     0      0      0      6      0   0.122   0.000   0.031   0.154     2.066
   15   7.1027e+04   6.8221e+04   7.1027e+04   5825   2759     0     10      0      0     49   0.120   0.018   0.035   0.173     2.239
   16   7.1027e+04   6.8221e+04   7.1027e+04   5825   2761     0      0      0      2      0   0.108   0.000   0.035   0.143     2.382
   17   7.1027e+04   7.1021e+04   7.1027e+04   5825   2761     0     *2      0      0      0   0.108   0.084   0.036   0.228     2.610
CG optimal after 17 iterations. UB=71026.500010 LB=71021.284288 gap=5.216e+00 tol=7.103e+00  t_LP=1.655  t_PR=0.454  t_SP=0.587  t_Tot=2.704
[bounded-pricing] enabled=0 cut=0 priced=10977 rate=0.0%

# === STDOUT (result CSV) ===
instance,formulation,iterations,columns,objective,lower_bound,optimal,time,time_lp,time_pricing,time_separation
data/intermodal/BUS-2632-0.txt.gz,tree,17,3197,71026.500010,71021.284288,1,2.809,1.655,0.454,0.587
