# cmd: /usr/bin/time -o /tmp/mcfcg_mem_3sr30mg3.txt -f %M build/mcfcg_cli data/intermodal/BUS-7896-0.txt.gz --solver highs --formulation path --max-iters 10000 --strategy pricer-heavy --time-limit 7200.0
# outcome: ok
# returncode: 0
# peak_rss_kb: 667248
# peak_rss_source: measured
# === STDERR (CG iteration log + preamble) ===
Instance: 130395 vertices, 710935 arcs, 7883 commodities, 7883 sources
Solver: highs, formulation: path
Pricing threads: 32 (auto)
Slack mode: CommodityRows (struct=7883, capped_arcs=524037)
[lp-config] backend=highs version=1.15.1-04024d701f method=hipo exec=CPU presolve=off crossover=off tol=0.0001 threads=auto(32)
   It           UB           LB       LP_obj   #col   #row  #slk   +col   -col   +cut   -cut    t_LP    t_PR    t_SP   t_Tot     t_acc
    1          inf         -inf   2.0473e+05  15766   7960   475      0      0     77      0   0.143   0.000   0.052   0.195     0.195
    2          inf         -inf   2.0647e+05  16202   7960   631    436      0      0      0   0.339   0.059   0.054   0.454     0.649
    3          inf         -inf   2.1095e+05  16202   8034    33      0      0     74      0   0.485   0.000   0.051   0.536     1.185
    4          inf         -inf   2.1189e+05  16202   8036    98      0      0      2      0   0.419   0.000   0.054   0.475     1.659
    5          inf         -inf   2.1189e+05  16233   8036    98     31      0      0      0   0.427   0.027   0.058   0.513     2.172
    6          inf   1.6460e+05   2.1649e+05  16800   8036   107    567      0      0      0   0.409   0.229   0.056   0.694     2.866
    7          inf   1.6460e+05   2.1070e+05  16800   8047     2      0      0     11      0   0.493   0.000   0.058   0.552     3.418
    8          inf   1.6460e+05   2.1071e+05  16800   8050     2      0      0      3      0   0.528   0.000   0.050   0.579     3.997
    9          inf   1.6460e+05   2.1071e+05  16837   7987     2     37      0      0     63   0.517   0.030   0.055   0.602     4.599
   10          inf   1.6460e+05   2.1116e+05  16837   7993     2      0      0      6      0   0.494   0.000   0.053   0.547     5.146
   11          inf   1.6460e+05   2.1116e+05  16861   7991     2     24      0      0      2   0.452   0.028   0.052   0.533     5.679
   12          inf   2.0307e+05   2.1162e+05  16977   7963     2    116      0      0     28   0.514   0.226   0.053   0.794     6.473
   13          inf   2.0307e+05   2.1059e+05  16977   7970     0      0      0      7      0   0.482   0.000   0.050   0.532     7.005
   14   2.1059e+05   2.0307e+05   2.1059e+05  16987   7964     0     10      0      0      6   0.493   0.030   0.052   0.576     7.581
   15   2.1059e+05   2.1058e+05   2.1059e+05  16987   7964     0     *3      0      0      0   0.510   0.220   0.051   0.780     8.361
CG optimal after 15 iterations. UB=210592.000083 LB=210576.870070 gap=1.513e+01 tol=2.106e+01  t_LP=6.706  t_PR=1.100  t_SP=0.796  t_Tot=8.612
[bounded-pricing] enabled=0 cut=0 priced=32530 rate=0.0%

# === STDOUT (result CSV) ===
instance,formulation,iterations,columns,objective,lower_bound,optimal,time,time_lp,time_pricing,time_separation
data/intermodal/BUS-7896-0.txt.gz,path,15,9104,210592.000083,210576.870070,1,8.774,6.706,1.100,0.796
