# cmd: /usr/bin/time -o /tmp/mcfcg_mem_t73elefa.txt -f %M build/mcfcg_cli data/intermodal/SBT-18765-0.txt.gz --solver highs --formulation path --max-iters 10000 --strategy pricer-heavy --time-limit 7200.0
# outcome: ok
# returncode: 0
# peak_rss_kb: 1056448
# peak_rss_source: measured
# === STDERR (CG iteration log + preamble) ===
Instance: 188487 vertices, 1782614 arcs, 18745 commodities, 18745 sources
Solver: highs, formulation: path
Pricing threads: 32 (auto)
Slack mode: CommodityRows (struct=18745, capped_arcs=1535594)
[lp-config] backend=highs version=1.15.1-04024d701f method=hipo exec=CPU presolve=off crossover=off tol=0.0001 threads=auto(32)
   It           UB           LB       LP_obj   #col   #row  #slk   +col   -col   +cut   -cut    t_LP    t_PR    t_SP   t_Tot     t_acc
    1          inf         -inf   4.7848e+05  37490  18814   327      0      0     69      0   0.364   0.000   0.121   0.486     0.486
    2          inf         -inf   4.8278e+05  38149  18814   549    659      0      0      0   0.729   0.167   0.119   1.018     1.504
    3          inf         -inf   4.8136e+05  38149  18831    10      0      0     17      0   0.842   0.000   0.122   0.965     2.469
    4          inf         -inf   4.8147e+05  38149  18832    23      0      0      1      0   0.827   0.000   0.118   0.945     3.414
    5          inf         -inf   4.8156e+05  38170  18832    28     21      0      0      0   0.843   0.049   0.118   1.010     4.424
    6          inf   4.7026e+05   4.8419e+05  38401  18832    23    231      0      0      0   0.967   2.080   0.118   3.167     7.591
    7   4.8111e+05   4.8106e+05   4.8111e+05  38401  18832     0     *9      0      0      0   0.966   2.089   0.119   3.173    10.764
CG optimal after 7 iterations. UB=481112.000192 LB=481064.208221 gap=4.779e+01 tol=4.811e+01  t_LP=5.537  t_PR=6.512  t_SP=0.836  t_Tot=12.891
[bounded-pricing] enabled=0 cut=0 priced=56998 rate=0.0%

# === STDOUT (result CSV) ===
instance,formulation,iterations,columns,objective,lower_bound,optimal,time,time_lp,time_pricing,time_separation
data/intermodal/SBT-18765-0.txt.gz,path,7,19656,481112.000192,481064.208221,1,13.268,5.537,6.512,0.836
