# cmd: /usr/bin/time -o /tmp/mcfcg_mem_rt545583.txt -f %M build/mcfcg_cli data/intermodal/SBT-56295-0.txt.gz --solver highs --formulation tree --max-iters 10000 --strategy pricer-heavy --time-limit 7200.0
# outcome: ok
# returncode: 0
# peak_rss_kb: 2220152
# peak_rss_source: measured
# === STDERR (CG iteration log + preamble) ===
Instance: 263559 vertices, 4725174 arcs, 56269 commodities, 56269 sources
Solver: highs, formulation: tree
Pricing threads: 32 (auto)
Slack mode: CommodityRows (struct=56269, capped_arcs=4478154)
[lp-config] backend=highs version=1.15.1-04024d701f method=hipo exec=CPU presolve=off crossover=off tol=0.0001 threads=auto(32)
   It           UB           LB       LP_obj   #col   #row  #slk   +col   -col   +cut   -cut    t_LP    t_PR    t_SP   t_Tot     t_acc
    1          inf         -inf   1.4398e+06 112538  56332   974      0      0     63      0   0.848   0.000   0.356   1.206     1.206
    2          inf         -inf   1.4541e+06 114364  56332  1658   1826      0      0      0   1.932   0.866   0.355   3.158     4.364
    3          inf         -inf   1.4482e+06 114364  56349     7      0      0     17      0   2.250   0.000   0.353   2.605     6.969
    4          inf         -inf   1.4484e+06 114364  56351    42      0      0      2      0   2.532   0.000   0.352   2.885     9.854
    5          inf         -inf   1.4484e+06 114416  56351    42     52      0      0      0   2.472   0.151   0.352   2.976    12.830
    6          inf   1.4445e+06   1.4488e+06 114984  56351    45    568      0      0      0   2.530  14.563   0.356  17.451    30.281
    7          inf   1.4445e+06   1.4479e+06 114984  56352     0      0      0      1      0   2.303   0.000   0.353   2.659    32.939
    8   1.4479e+06   1.4445e+06   1.4479e+06 115017  56311     0     33      0      0     41   2.322   0.151   0.355   2.829    35.769
    9   1.4479e+06   1.4445e+06   1.4479e+06 115017  56318     0      0      0      7      0   2.438   0.000   0.354   2.795    38.563
   10   1.4479e+06   1.4477e+06   1.4479e+06 115017  56318     0    *30      0      0      0   2.489  14.731   0.351  17.571    56.134
CG optimal after 10 iterations. UB=1447869.001889 LB=1447747.235281 gap=1.218e+02 tol=1.448e+02  t_LP=22.116  t_PR=45.363  t_SP=3.537  t_Tot=71.039
[bounded-pricing] enabled=0 fired=0 priced=171211 rate=0.0%

# === STDOUT (result CSV) ===
instance,formulation,iterations,columns,objective,lower_bound,optimal,time,time_lp,time_pricing,time_separation
data/intermodal/SBT-56295-0.txt.gz,tree,10,58748,1447869.001889,1447747.235281,1,72.049,22.116,45.363,3.537
