# cmd: /usr/bin/time -o /tmp/mcfcg_mem_5czc6ier.txt -f %M build/mcfcg_cli data/intermodal/SBT-6255-0.txt.gz --solver highs --formulation path --max-iters 10000 --strategy pricer-heavy --time-limit 7200.0
# outcome: ok
# returncode: 0
# peak_rss_kb: 711420
# peak_rss_source: measured
# === STDERR (CG iteration log + preamble) ===
Instance: 163487 vertices, 809375 arcs, 6251 commodities, 6251 sources
Solver: highs, formulation: path
Pricing threads: 32 (auto)
Slack mode: CommodityRows (struct=6251, capped_arcs=562355)
[lp-config] backend=highs version=1.15.1-04024d701f method=hipo exec=CPU presolve=off crossover=off tol=0.0001 threads=auto(32)
   It           UB           LB       LP_obj   #col   #row  #slk   +col   -col   +cut   -cut    t_LP    t_PR    t_SP   t_Tot     t_acc
    1          inf         -inf   1.5957e+05  12502   6351   120      0      0    100      0   0.119   0.000   0.057   0.176     0.176
    2          inf         -inf   1.6193e+05  12844   6351   241    342      0      0      0   0.197   0.058   0.061   0.317     0.493
    3          inf         -inf   1.6080e+05  12844   6369     6      0      0     18      0   0.230   0.000   0.056   0.286     0.779
    4          inf         -inf   1.6086e+05  12844   6370    13      0      0      1      0   0.233   0.000   0.062   0.295     1.074
    5          inf         -inf   1.6086e+05  12851   6370    13      7      0      0      0   0.230   0.029   0.065   0.325     1.399
    6          inf   1.5654e+05   1.6287e+05  12997   6370    12    146      0      0      0   0.228   0.410   0.061   0.700     2.099
    7          inf   1.5654e+05   1.6061e+05  12997   6374     0      0      0      4      0   0.257   0.000   0.056   0.313     2.412
    8   1.6061e+05   1.6059e+05   1.6061e+05  12997   6374     0     *1      0      0      0   0.237   0.425   0.059   0.721     3.134
CG optimal after 8 iterations. UB=160606.000976 LB=160594.167137 gap=1.183e+01 tol=1.606e+01  t_LP=1.730  t_PR=1.344  t_SP=0.478  t_Tot=3.556
[bounded-pricing] enabled=0 cut=0 priced=19163 rate=0.0%

# === STDOUT (result CSV) ===
instance,formulation,iterations,columns,objective,lower_bound,optimal,time,time_lp,time_pricing,time_separation
data/intermodal/SBT-6255-0.txt.gz,path,8,6746,160606.000976,160594.167137,1,3.742,1.730,1.344,0.478
