# cmd: /usr/bin/time -o /tmp/mcfcg_mem_wgvvck0i.txt -f %M build/mcfcg_cli data/intermodal/BUS-7896-0.txt.gz --solver highs --formulation tree --max-iters 10000 --strategy pricer-heavy --time-limit 7200.0
# outcome: ok
# returncode: 0
# peak_rss_kb: 662228
# peak_rss_source: measured
# === STDERR (CG iteration log + preamble) ===
Instance: 130395 vertices, 710935 arcs, 7883 commodities, 7883 sources
Solver: highs, formulation: tree
Pricing threads: 32 (auto)
Slack mode: CommodityRows (struct=7883, capped_arcs=524037)
[lp-config] backend=highs version=1.15.1-04024d701f method=hipo exec=CPU presolve=off crossover=off tol=0.0001 threads=auto(32)
   It           UB           LB       LP_obj   #col   #row  #slk   +col   -col   +cut   -cut    t_LP    t_PR    t_SP   t_Tot     t_acc
    1          inf         -inf   2.0473e+05  15766   7960   475      0      0     77      0   0.113   0.000   0.050   0.163     0.163
    2          inf         -inf   2.0647e+05  16202   7960   631    436      0      0      0   0.212   0.055   0.056   0.325     0.489
    3          inf         -inf   2.1095e+05  16202   8033    33      0      0     73      0   0.248   0.000   0.052   0.300     0.789
    4          inf         -inf   2.1188e+05  16202   8035    97      0      0      2      0   0.276   0.000   0.060   0.336     1.125
    5          inf         -inf   2.1188e+05  16233   8035    97     31      0      0      0   0.279   0.030   0.062   0.371     1.496
    6          inf   1.6504e+05   2.1648e+05  16792   8035   107    559      0      0      0   0.287   0.212   0.058   0.559     2.055
    7          inf   1.6504e+05   2.1070e+05  16792   8046     2      0      0     11      0   0.317   0.000   0.050   0.367     2.422
    8          inf   1.6504e+05   2.1071e+05  16792   8047     2      0      0      1      0   0.334   0.000   0.057   0.391     2.813
    9          inf   1.6504e+05   2.1071e+05  16827   7985     2     35      0      0     62   0.337   0.030   0.062   0.429     3.242
   10          inf   1.6504e+05   2.1116e+05  16827   7992     2      0      0      7      0   0.333   0.000   0.061   0.395     3.637
   11          inf   1.6504e+05   2.1116e+05  16868   7991     2     41      0      0      1   0.322   0.035   0.062   0.419     4.056
   12          inf   2.0307e+05   2.1162e+05  16978   7963     2    110      0      0     28   0.358   0.211   0.060   0.629     4.686
   13          inf   2.0307e+05   2.1059e+05  16978   7971     0      0      0      8      0   0.325   0.000   0.049   0.375     5.060
   14   2.1059e+05   2.0307e+05   2.1059e+05  16987   7969     0      9      0      0      2   0.352   0.029   0.055   0.436     5.496
   15   2.1059e+05   2.1057e+05   2.1059e+05  16987   7969     0     *5      0      0      0   0.327   0.210   0.054   0.591     6.087
CG optimal after 15 iterations. UB=210593.500167 LB=210574.106581 gap=1.939e+01 tol=2.106e+01  t_LP=4.418  t_PR=1.045  t_SP=0.848  t_Tot=6.320
[bounded-pricing] enabled=0 fired=0 priced=32522 rate=0.0%

# === STDOUT (result CSV) ===
instance,formulation,iterations,columns,objective,lower_bound,optimal,time,time_lp,time_pricing,time_separation
data/intermodal/BUS-7896-0.txt.gz,tree,15,9104,210593.500167,210574.106581,1,6.478,4.418,1.045,0.848
