# cmd: /usr/bin/time -o /tmp/mcfcg_mem_lscxvedx.txt -f %M build/mcfcg_cli data/commalab/grid/grid8 --solver copt --copt-gpu-mode 2 --formulation path --max-iters 10000 --pricing-cutoff --time-limit 1800.0
# outcome: ok
# returncode: 0
# peak_rss_kb: 499508
# peak_rss_source: measured
# === STDERR (CG iteration log + preamble) ===
Instance: 625 vertices, 2400 arcs, 500 commodities, 343 sources
Solver: copt (gpu-mode 2), formulation: path
Pricing threads: 32 (auto)
Slack mode: CommodityRows (struct=500, capped_arcs=2400)
[lp-config] backend=copt version=8.0.1 method=barrier exec=GPU presolve=off crossover=off tol=0.0001 threads=n/a(GPU)
   It           UB           LB       LP_obj   #col   #row  #slk   +col   -col   +cut   -cut    t_LP    t_PR    t_SP   t_Tot     t_acc
    1          inf   4.5016e+06   2.7778e+06   1000    500   499      0      0      0      0   0.349   0.000   0.000   0.350     0.350
    2          inf   2.5344e+07   2.5136e+07   1000    500   349      0      0      0      0   0.157   0.001   0.000   0.158     0.508
    3          inf   4.1328e+07   4.1328e+07   1000    776     0      0      0    276      0   0.147   0.002   0.000   0.150     0.658
    4          inf   4.1328e+07   1.0076e+08   1369    776   208    369      0      0      0   0.202   0.001   0.000   0.203     0.861
    5          inf   4.1328e+07   2.3437e+08   1721    799   176    352      0     23      0   0.204   0.001   0.001   0.207     1.068
    6          inf   4.1328e+07   1.6668e+08   2092    847    92    371      0     48      0   0.222   0.001   0.000   0.224     1.292
    7          inf   4.1328e+07   5.5419e+07   2460    908    23    368      0     61      0   0.260   0.001   0.000   0.262     1.553
    8          inf   4.1384e+07   4.1799e+07   2791    932     0    331      0     24      0   0.281   0.001   0.000   0.283     1.837
    9          inf   4.1620e+07   4.1763e+07   3016    858     0    268     43      9     83   0.280   0.001   0.000   0.282     2.119
   10          inf   4.1640e+07   4.1740e+07   3160    877     0    249    105     19      0   0.265   0.001   0.000   0.267     2.386
   11          inf   4.1662e+07   4.1728e+07   3264    881     0    214    110      8      4   0.257   0.001   0.000   0.260     2.646
   12          inf   4.1680e+07   4.1720e+07   3199    873     0    178    243      1      9   0.263   0.001   0.000   0.265     2.912
   13          inf   4.1694e+07   4.1715e+07   2958    849     0    151    392      2     26   0.257   0.001   0.000   0.260     3.172
   14          inf   4.1701e+07   4.1713e+07   2731    837     0     95    322      2     14   0.262   0.001   0.000   0.264     3.436
   15          inf   4.1708e+07   4.1711e+07   2597    833     0     87    221      6     10   0.264   0.001   0.000   0.266     3.702
   16   4.1711e+07   4.1710e+07   4.1711e+07   2597    833     0    *59      0      0      0   0.263   0.001   0.000   0.265     3.967
CG optimal after 16 iterations. UB=41711235.785296 LB=41710024.732662 gap=1.211e+03 tol=4.171e+03  t_LP=3.934  t_PR=0.022  t_SP=0.006  t_Tot=3.972
[pricing-cutoff] enabled=1 cut=4137 priced=6860 rate=60.3%

# === STDOUT (result CSV) ===
Setting parameter 'LpMethod' to 2
Setting parameter 'GPUMode' to 2
Setting parameter 'Presolve' to 0
Setting parameter 'Crossover' to 0
instance,formulation,iterations,columns,objective,lower_bound,optimal,time,time_lp,time_pricing,time_separation
data/commalab/grid/grid8,path,16,2097,41711235.785296,41710024.732662,1,3.991,3.934,0.022,0.006
