# cmd: /usr/bin/time -o /tmp/mcfcg_mem_oa1u4h8v.txt -f %M build/mcfcg_cli data/commalab/grid/grid13 --solver copt --copt-gpu-mode 2 --formulation tree --max-iters 10000 --pricing-cutoff --time-limit 1800.0
# outcome: ok
# returncode: 0
# peak_rss_kb: 635300
# peak_rss_source: measured
# === STDERR (CG iteration log + preamble) ===
Instance: 900 vertices, 3480 arcs, 12000 commodities, 900 sources
Solver: copt (gpu-mode 2), formulation: tree
Pricing threads: 32 (auto)
Slack mode: CommodityRows (struct=900, capped_arcs=3480)
[lp-config] backend=copt version=8.0.1 method=barrier exec=GPU presolve=off crossover=off tol=0.0001 threads=n/a(GPU)
   It           UB           LB       LP_obj   #col   #row  #slk   +col   -col   +cut   -cut    t_LP    t_PR    t_SP   t_Tot     t_acc
    1          inf   5.5802e+07   9.0000e+04   1800    900   900      0      0      0      0   0.355   0.000   0.000   0.356     0.356
    2          inf   5.5802e+07   9.0000e+05   1800    900   900      0      0      0      0   0.164   0.000   0.000   0.165     0.521
    3          inf   5.5802e+07   9.0000e+06   1800    900   900      0      0      0      0   0.155   0.000   0.000   0.156     0.676
    4          inf   1.1066e+08   9.0000e+07   1800    900   900      0      0      0      0   0.151   0.000   0.000   0.152     0.828
    5          inf   8.4093e+08   8.3935e+08   1800    900   628      0      0      0      0   0.159   0.009   0.000   0.168     0.997
    6          inf   1.1535e+09   1.1535e+09   1800   1187     0      0      0    287      0   0.164   0.013   0.001   0.177     1.174
    7          inf   1.1535e+09   3.4211e+09   2693   1187   535    893      0      0      0   0.252   0.005   0.000   0.260     1.435
    8          inf   1.1535e+09   5.8399e+09   3590   1191   480    897      0      4      0   0.329   0.005   0.000   0.338     1.772
    9          inf   1.1535e+09   1.3450e+10   4490   1204   280    900      0     13      0   0.321   0.007   0.000   0.332     2.105
   10          inf   1.1535e+09   1.2688e+10   5390   1237   127    900      0     33      0   0.388   0.005   0.001   0.397     2.502
   11          inf   1.1535e+09   5.5680e+09   6290   1282    54    900      0     45      0   0.472   0.007   0.001   0.485     2.987
   12          inf   1.1535e+09   1.1631e+09   6927   1195     0    900    263     20    107   0.542   0.006   0.001   0.560     3.547
   13          inf   1.1556e+09   1.1621e+09   7401   1204     0    900    426     10      1   0.437   0.007   0.001   0.455     4.002
   14          inf   1.1570e+09   1.1613e+09   7845   1219     0    900    456     17      2   0.457   0.007   0.002   0.478     4.481
   15          inf   1.1570e+09   1.1607e+09   8177   1232     0    900    568     15      2   0.506   0.007   0.002   0.527     5.007
   16          inf   1.1579e+09   1.1604e+09   8391   1231     0    900    686      5      6   0.508   0.006   0.002   0.528     5.535
   17          inf   1.1584e+09   1.1601e+09   8229   1224     0    900   1062      4     11   0.512   0.007   0.002   0.532     6.068
   18          inf   1.1586e+09   1.1598e+09   7966   1208     0    898   1161      2     18   0.475   0.006   0.002   0.495     6.563
   19          inf   1.1588e+09   1.1596e+09   7970   1209     0    898    894      9      8   0.488   0.007   0.002   0.509     7.071
   20          inf   1.1590e+09   1.1595e+09   7993   1208     0    899    876      2      3   0.515   0.007   0.002   0.535     7.606
   21          inf   1.1591e+09   1.1595e+09   7971   1197     0    893    915      2     13   0.480   0.007   0.002   0.501     8.107
   22          inf   1.1592e+09   1.1594e+09   7971   1196     0    888    888      3      4   0.468   0.007   0.002   0.488     8.596
   23          inf   1.1592e+09   1.1594e+09   8005   1198     0    885    851      6      4   0.478   0.006   0.002   0.499     9.095
   24          inf   1.1593e+09   1.1593e+09   7990   1196     0    869    884      3      5   0.483   0.007   0.002   0.503     9.598
   25          inf   1.1593e+09   1.1593e+09   7996   1196     0    859    853      3      3   0.449   0.007   0.002   0.470    10.068
   26          inf   1.1593e+09   1.1593e+09   7946   1197     0    839    889      3      2   0.472   0.007   0.002   0.494    10.562
   27          inf   1.1593e+09   1.1593e+09   7969   1193     0    807    784      1      5   0.542   0.007   0.002   0.563    11.125
   28   1.1593e+09   1.1593e+09   1.1593e+09   7969   1193     0   *606      0      0      0   0.526   0.005   0.002   0.533    11.658
CG optimal after 28 iterations. UB=1159321038.916224 LB=1159319407.142996 gap=1.632e+03 tol=1.159e+05  t_LP=11.246  t_PR=0.180  t_SP=0.033  t_Tot=11.673
[pricing-cutoff] enabled=1 cut=11352 priced=31500 rate=36.0%

# === STDOUT (result CSV) ===
Setting parameter 'LpMethod' to 2
Setting parameter 'GPUMode' to 2
Setting parameter 'Presolve' to 0
Setting parameter 'Crossover' to 0
instance,formulation,iterations,columns,objective,lower_bound,optimal,time,time_lp,time_pricing,time_separation
data/commalab/grid/grid13,tree,28,7069,1159321038.916224,1159319407.142996,1,11.705,11.246,0.180,0.033
