# cmd: /usr/bin/time -o /tmp/mcfcg_mem_avl239kk.txt -f %M build/mcfcg_cli data/commalab/grid/grid9 --solver copt --copt-gpu-mode 2 --formulation path --max-iters 10000 --pricing-cutoff --time-limit 1800.0
# outcome: ok
# returncode: 0
# peak_rss_kb: 523096
# peak_rss_source: measured
# === STDERR (CG iteration log + preamble) ===
Instance: 625 vertices, 2400 arcs, 1000 commodities, 495 sources
Solver: copt (gpu-mode 2), formulation: path
Pricing threads: 32 (auto)
Slack mode: CommodityRows (struct=1000, capped_arcs=2400)
[lp-config] backend=copt version=8.0.1 method=barrier exec=GPU presolve=off crossover=off tol=0.0001 threads=n/a(GPU)
   It           UB           LB       LP_obj   #col   #row  #slk   +col   -col   +cut   -cut    t_LP    t_PR    t_SP   t_Tot     t_acc
    1          inf   8.8834e+06   5.6336e+06   2000   1000   997      0      0      0      0   0.351   0.000   0.000   0.352     0.352
    2          inf   5.1002e+07   5.0596e+07   2000   1000   710      0      0      0      0   0.158   0.001   0.000   0.159     0.511
    3          inf   8.1702e+07   8.1702e+07   2000   1327     0      0      0    327      0   0.147   0.003   0.000   0.151     0.662
    4          inf   8.1702e+07   2.0615e+08   2742   1327   393    742      0      0      0   0.221   0.002   0.000   0.224     0.886
    5          inf   8.1702e+07   5.0315e+08   3504   1354   313    762      0     27      0   0.241   0.001   0.001   0.244     1.129
    6          inf   8.1702e+07   4.4585e+08   4262   1406   199    758      0     52      0   0.245   0.002   0.000   0.247     1.377
    7          inf   8.1702e+07   1.1838e+08   5018   1473    54    756      0     67      0   0.312   0.001   0.000   0.315     1.691
    8          inf   8.1723e+07   8.2884e+07   5740   1519     1    722      0     46      0   0.371   0.002   0.000   0.374     2.065
    9          inf   8.2350e+07   8.2784e+07   6257   1469     0    621    104     22     72   0.352   0.002   0.000   0.356     2.422
   10          inf   8.2502e+07   8.2725e+07   6585   1488     0    551    223     20      1   0.334   0.002   0.000   0.338     2.759
   11          inf   8.2550e+07   8.2690e+07   6716   1503     0    489    358     21      6   0.326   0.002   0.000   0.331     3.090
   12          inf   8.2595e+07   8.2675e+07   6662   1497     0    408    462      6     12   0.349   0.002   0.000   0.354     3.443
   13          inf   8.2618e+07   8.2662e+07   6177   1483     0    340    825      6     20   0.335   0.002   0.001   0.340     3.783
   14          inf   8.2634e+07   8.2657e+07   5683   1467     0    264    758      4     20   0.324   0.002   0.000   0.328     4.111
   15          inf   8.2642e+07   8.2655e+07   5346   1454     0    223    560      1     14   0.320   0.001   0.000   0.324     4.434
   16          inf   8.2649e+07   8.2653e+07   5010   1450     0    130    466      4      8   0.331   0.002   0.000   0.334     4.769
   17          inf   8.2652e+07   8.2653e+07   4730   1441     0     76    356      2     11   0.339   0.002   0.000   0.342     5.111
   18          inf   8.2652e+07   8.2653e+07   4456   1436     0     75    349      2      7   0.339   0.002   0.000   0.342     5.453
   19   8.2653e+07   8.2653e+07   8.2653e+07   4456   1436     0    *16      0      0      0   0.319   0.002   0.000   0.321     5.774
CG optimal after 19 iterations. UB=82652983.838615 LB=82652862.150255 gap=1.217e+02 tol=8.265e+03  t_LP=5.713  t_PR=0.036  t_SP=0.007  t_Tot=5.780
[pricing-cutoff] enabled=1 cut=6740 priced=11385 rate=59.2%

# === STDOUT (result CSV) ===
Setting parameter 'LpMethod' to 2
Setting parameter 'GPUMode' to 2
Setting parameter 'Presolve' to 0
Setting parameter 'Crossover' to 0
instance,formulation,iterations,columns,objective,lower_bound,optimal,time,time_lp,time_pricing,time_separation
data/commalab/grid/grid9,path,19,3456,82652983.838615,82652862.150255,1,5.802,5.713,0.036,0.007
