# cmd: /usr/bin/time -o /tmp/mcfcg_mem_g21ylmri.txt -f %M build/mcfcg_cli data/commalab/grid/grid7 --solver copt --copt-gpu-mode 2 --formulation tree --max-iters 10000 --pricing-cutoff --time-limit 1800.0
# outcome: ok
# returncode: 0
# peak_rss_kb: 486528
# peak_rss_source: measured
# === STDERR (CG iteration log + preamble) ===
Instance: 400 vertices, 1520 arcs, 400 commodities, 247 sources
Solver: copt (gpu-mode 2), formulation: tree
Pricing threads: 32 (auto)
Slack mode: CommodityRows (struct=247, capped_arcs=1520)
[lp-config] backend=copt version=8.0.1 method=barrier exec=GPU presolve=off crossover=off tol=0.0001 threads=n/a(GPU)
   It           UB           LB       LP_obj   #col   #row  #slk   +col   -col   +cut   -cut    t_LP    t_PR    t_SP   t_Tot     t_acc
    1          inf   1.9670e+06   2.4700e+04    494    247   247      0      0      0      0   0.351   0.000   0.000   0.351     0.351
    2          inf   1.9690e+06   2.4700e+05    494    247   247      0      0      0      0   0.160   0.000   0.000   0.160     0.511
    3          inf   3.2474e+06   2.4518e+06    494    247   242      0      0      0      0   0.148   0.000   0.000   0.149     0.660
    4          inf   1.8124e+07   1.7985e+07    494    249   101      0      0      2      0   0.151   0.001   0.000   0.152     0.811
    5          inf   1.9752e+07   3.5045e+07    533    346    30     39      0     97      0   0.157   0.001   0.000   0.157     0.969
    6          inf   1.9752e+07   6.4116e+07    712    354   113    184      5      8      0   0.170   0.001   0.000   0.171     1.140
    7          inf   1.9752e+07   8.5724e+07    893    363    64    181      0      9      0   0.180   0.001   0.000   0.181     1.321
    8          inf   1.9752e+07   3.2469e+07   1057    394    14    164      0     31      0   0.190   0.001   0.000   0.192     1.513
    9          inf   2.5785e+07   2.5899e+07   1212    412     0    155      0     18      0   0.206   0.001   0.000   0.208     1.720
   10          inf   2.5826e+07   2.5884e+07   1339    421     0    135      8     10      1   0.208   0.001   0.000   0.209     1.929
   11          inf   2.5847e+07   2.5872e+07   1412    405     0    101     28      5     21   0.204   0.001   0.000   0.206     2.135
   12          inf   2.5851e+07   2.5867e+07   1450    406     0     95     57      4      3   0.200   0.001   0.000   0.202     2.337
   13          inf   2.5858e+07   2.5865e+07   1425    403     0     54     79      1      4   0.210   0.001   0.000   0.211     2.548
   14          inf   2.5862e+07   2.5865e+07   1292    389     0     36    169      1     15   0.201   0.001   0.000   0.202     2.751
   15          inf   2.5863e+07   2.5864e+07   1170    380     0     26    148      1     10   0.198   0.001   0.000   0.199     2.950
   16   2.5864e+07   2.5863e+07   2.5864e+07   1170    380     0    *27      0      0      0   0.195   0.001   0.000   0.196     3.146
CG optimal after 16 iterations. UB=25864032.803349 LB=25863271.926900 gap=7.609e+02 tol=2.586e+03  t_LP=3.128  t_PR=0.013  t_SP=0.003  t_Tot=3.149
[pricing-cutoff] enabled=1 cut=3743 priced=5187 rate=72.2%

# === STDOUT (result CSV) ===
Setting parameter 'LpMethod' to 2
Setting parameter 'GPUMode' to 2
Setting parameter 'Presolve' to 0
Setting parameter 'Crossover' to 0
instance,formulation,iterations,columns,objective,lower_bound,optimal,time,time_lp,time_pricing,time_separation
data/commalab/grid/grid7,tree,16,923,25864032.803349,25863271.926900,1,3.166,3.128,0.013,0.003
