# cmd: /usr/bin/time -o /tmp/mcfcg_mem_iit1yun3.txt -f %M build/mcfcg_cli data/commalab/grid/grid10 --solver copt --copt-gpu-mode 2 --formulation path --max-iters 10000 --pricing-cutoff --time-limit 1800.0
# outcome: ok
# returncode: 0
# peak_rss_kb: 554240
# peak_rss_source: measured
# === STDERR (CG iteration log + preamble) ===
Instance: 625 vertices, 2400 arcs, 2000 commodities, 593 sources
Solver: copt (gpu-mode 2), formulation: path
Pricing threads: 32 (auto)
Slack mode: CommodityRows (struct=2000, capped_arcs=2400)
[lp-config] backend=copt version=8.0.1 method=barrier exec=GPU presolve=off crossover=off tol=0.0001 threads=n/a(GPU)
   It           UB           LB       LP_obj   #col   #row  #slk   +col   -col   +cut   -cut    t_LP    t_PR    t_SP   t_Tot     t_acc
    1          inf   1.7233e+07   1.1189e+07   4000   2000  1987      0      0      0      0   0.355   0.000   0.000   0.355     0.355
    2          inf   1.0049e+08   9.9736e+07   4000   2000  1410      0      0      0      0   0.162   0.002   0.000   0.164     0.520
    3          inf   1.6221e+08   1.6221e+08   4000   2320     0      0      0    320      0   0.150   0.004   0.000   0.155     0.675
    4          inf   1.6221e+08   3.9375e+08   5453   2320   742   1453      0      0      0   0.229   0.002   0.000   0.233     0.907
    5          inf   1.6221e+08   8.1998e+08   6926   2339   606   1473      0     19      0   0.283   0.002   0.000   0.287     1.194
    6          inf   1.6221e+08   6.3927e+08   8440   2406   340   1514      0     67      0   0.295   0.002   0.000   0.299     1.493
    7          inf   1.6221e+08   2.6916e+08   9965   2458   163   1525      0     52      0   0.333   0.002   0.000   0.337     1.830
    8          inf   1.6292e+08   1.6450e+08  11325   2499     0   1360      0     41      0   0.409   0.002   0.000   0.414     2.244
    9          inf   1.6375e+08   1.6432e+08  12244   2451     0   1144    225     24     72   0.426   0.002   0.000   0.432     2.676
   10          inf   1.6390e+08   1.6422e+08  12750   2471     0   1001    495     20      0   0.406   0.002   0.000   0.411     3.087
   11          inf   1.6399e+08   1.6416e+08  12882   2479     0    901    769     13      5   0.408   0.002   0.000   0.414     3.501
   12          inf   1.6405e+08   1.6414e+08  12468   2475     0    695   1109      6     10   0.388   0.002   0.000   0.395     3.896
   13          inf   1.6407e+08   1.6412e+08  11324   2462     0    537   1681      9     22   0.398   0.002   0.000   0.404     4.300
   14          inf   1.6409e+08   1.6411e+08  10244   2450     0    422   1502      3     15   0.389   0.002   0.000   0.395     4.695
   15          inf   1.6410e+08   1.6411e+08   9544   2443     0    291    991      4     11   0.409   0.002   0.000   0.414     5.109
   16          inf   1.6411e+08   1.6411e+08   8832   2435     0    115    827      4     12   0.385   0.002   0.000   0.390     5.500
   17          inf   1.6411e+08   1.6411e+08   8209   2430     0     17    640      1      6   0.371   0.002   0.000   0.376     5.875
   18   1.6411e+08   1.6411e+08   1.6411e+08   8209   2430     0    *50      0      0      0   0.388   0.002   0.000   0.391     6.266
CG optimal after 18 iterations. UB=164110882.355411 LB=164110690.753473 gap=1.916e+02 tol=1.641e+04  t_LP=6.185  t_PR=0.043  t_SP=0.006  t_Tot=6.271
[pricing-cutoff] enabled=1 cut=7357 priced=13046 rate=56.4%

# === STDOUT (result CSV) ===
Setting parameter 'LpMethod' to 2
Setting parameter 'GPUMode' to 2
Setting parameter 'Presolve' to 0
Setting parameter 'Crossover' to 0
instance,formulation,iterations,columns,objective,lower_bound,optimal,time,time_lp,time_pricing,time_separation
data/commalab/grid/grid10,path,18,6209,164110882.355411,164110690.753473,1,6.294,6.185,0.043,0.006
