# cmd: /usr/bin/time -o /tmp/mcfcg_mem_tt2knq2r.txt -f %M build/mcfcg_cli data/commalab/grid/grid12 --solver copt --copt-gpu-mode 2 --formulation path --max-iters 10000 --pricing-cutoff --time-limit 1800.0
# outcome: ok
# returncode: 0
# peak_rss_kb: 616600
# peak_rss_source: measured
# === STDERR (CG iteration log + preamble) ===
Instance: 900 vertices, 3480 arcs, 6000 commodities, 899 sources
Solver: copt (gpu-mode 2), formulation: path
Pricing threads: 32 (auto)
Slack mode: EdgeRows (struct=6000, capped_arcs=3480)
[lp-config] backend=copt version=8.0.1 method=barrier exec=GPU presolve=off crossover=off tol=0.0001 threads=n/a(GPU)
   It           UB           LB       LP_obj   #col   #row  #slk   +col   -col   +cut   -cut    t_LP    t_PR    t_SP   t_Tot     t_acc
    1          inf   5.7494e+08   5.7494e+08   6230   6230     0      0      0    230      0   0.352   0.011   0.001   0.365     0.365
    2          inf   5.7494e+08   6.6575e+08  11043   6230   230   4813      0      0      0   0.273   0.005   0.000   0.280     0.645
    3          inf   5.7526e+08   5.7846e+08  14199   6350     0   3036      0    120      0   0.284   0.005   0.001   0.293     0.938
    4          inf   5.7526e+08   5.7876e+08  18183   6359     1   3975      0      9      0   0.417   0.005   0.001   0.427     1.365
    5          inf   5.7626e+08   5.7764e+08  21027   6376     0   2827      0     17      0   0.401   0.005   0.002   0.410     1.776
    6          inf   5.7690e+08   5.7735e+08  23197   6398     0   2148      0     22      0   0.428   0.005   0.002   0.438     2.214
    7          inf   5.7703e+08   5.7725e+08  24662   6401     0   1462      0      3      0   0.456   0.005   0.002   0.465     2.679
    8          inf   5.7715e+08   5.7721e+08  22763   6313     0    871   2682      2     90   0.513   0.006   0.002   0.531     3.210
    9          inf   5.7717e+08   5.7719e+08  20903   6258     0    297   2102      3     58   0.442   0.007   0.002   0.458     3.668
   10          inf   5.7718e+08   5.7719e+08  16856   6248     0    182   4219      1     11   0.391   0.006   0.002   0.405     4.073
   11          inf   5.7719e+08   5.7719e+08  14371   6240     0     48   2525      2     10   0.351   0.006   0.001   0.364     4.437
   12   5.7719e+08   5.7719e+08   5.7719e+08  14371   6240     0     *7      0      0      0   0.356   0.005   0.000   0.361     4.798
CG optimal after 12 iterations. UB=577186508.151267 LB=577185968.128434 gap=5.400e+02 tol=5.772e+04  t_LP=4.664  t_PR=0.080  t_SP=0.018  t_Tot=4.808
[pricing-cutoff] enabled=1 cut=6644 priced=12586 rate=52.8%

# === STDOUT (result CSV) ===
Setting parameter 'LpMethod' to 2
Setting parameter 'GPUMode' to 2
Setting parameter 'Presolve' to 0
Setting parameter 'Crossover' to 0
instance,formulation,iterations,columns,objective,lower_bound,optimal,time,time_lp,time_pricing,time_separation
data/commalab/grid/grid12,path,12,14131,577186508.151267,577185968.128434,1,4.835,4.664,0.080,0.018
