# cmd: /usr/bin/time -o /tmp/mcfcg_mem_9f583kuu.txt -f %M build/mcfcg_cli data/commalab/grid/grid6 --solver copt --copt-gpu-mode 2 --formulation tree --max-iters 10000 --pricing-cutoff --time-limit 1800.0
# outcome: ok
# returncode: 0
# peak_rss_kb: 483936
# peak_rss_source: measured
# === STDERR (CG iteration log + preamble) ===
Instance: 225 vertices, 840 arcs, 200 commodities, 135 sources
Solver: copt (gpu-mode 2), formulation: tree
Pricing threads: 32 (auto)
Slack mode: CommodityRows (struct=135, capped_arcs=840)
[lp-config] backend=copt version=8.0.1 method=barrier exec=GPU presolve=off crossover=off tol=0.0001 threads=n/a(GPU)
   It           UB           LB       LP_obj   #col   #row  #slk   +col   -col   +cut   -cut    t_LP    t_PR    t_SP   t_Tot     t_acc
    1          inf   1.0031e+06   1.3500e+04    270    135   135      0      0      0      0   0.352   0.000   0.000   0.352     0.352
    2          inf   1.0031e+06   1.3500e+05    270    135   135      0      0      0      0   0.158   0.000   0.000   0.159     0.511
    3          inf   1.7184e+06   1.3338e+06    270    135   130      0      0      0      0   0.149   0.000   0.000   0.150     0.660
    4          inf   8.3296e+06   8.2519e+06    270    158    35      0      0     23      0   0.150   0.001   0.000   0.150     0.811
    5          inf   8.3296e+06   1.6194e+07    352    202    62     82      0     44      0   0.152   0.000   0.000   0.152     0.963
    6          inf   8.3296e+06   4.6956e+07    451    213    60    100      1     11      0   0.158   0.000   0.000   0.159     1.122
    7          inf   8.3296e+06   5.7345e+07    550    229    31     99      0     16      0   0.171   0.000   0.000   0.172     1.294
    8          inf   8.3296e+06   1.6332e+07    641    248     8     91      0     19      0   0.173   0.000   0.000   0.174     1.467
    9          inf   8.3296e+06   1.2115e+07    726    259     1     85      0     11      0   0.193   0.000   0.000   0.194     1.661
   10          inf   1.0343e+07   1.0417e+07    791    263     0     80     15      4      0   0.197   0.000   0.000   0.198     1.859
   11          inf   1.0380e+07   1.0409e+07    840    263     0     66     17      5      5   0.191   0.000   0.000   0.192     2.051
   12          inf   1.0388e+07   1.0405e+07    870    269     0     61     31      6      0   0.191   0.000   0.000   0.191     2.243
   13          inf   1.0392e+07   1.0404e+07    882    268     0     51     39      3      4   0.190   0.000   0.000   0.191     2.433
   14          inf   1.0395e+07   1.0402e+07    829    263     0     38     91      1      6   0.192   0.000   0.000   0.193     2.626
   15          inf   1.0399e+07   1.0401e+07    777    262     0     20     72      1      2   0.193   0.000   0.000   0.194     2.820
   16          inf   1.0400e+07   1.0401e+07    723    261     0     17     71      1      2   0.196   0.000   0.000   0.197     3.017
   17          inf   1.0401e+07   1.0401e+07    666    259     0     11     68      1      3   0.194   0.000   0.000   0.194     3.211
   18          inf   1.0401e+07   1.0401e+07    622    257     0      3     47      1      3   0.190   0.000   0.000   0.191     3.402
   19   1.0401e+07   1.0401e+07   1.0401e+07    622    257     0    *13      0      0      0   0.190   0.000   0.001   0.191     3.593
CG optimal after 19 iterations. UB=10401047.716525 LB=10400948.543649 gap=9.917e+01 tol=1.040e+03  t_LP=3.581  t_PR=0.007  t_SP=0.003  t_Tot=3.595
[pricing-cutoff] enabled=1 cut=2288 priced=3240 rate=70.6%

# === STDOUT (result CSV) ===
Setting parameter 'LpMethod' to 2
Setting parameter 'GPUMode' to 2
Setting parameter 'Presolve' to 0
Setting parameter 'Crossover' to 0
instance,formulation,iterations,columns,objective,lower_bound,optimal,time,time_lp,time_pricing,time_separation
data/commalab/grid/grid6,tree,19,487,10401047.716525,10400948.543649,1,3.611,3.581,0.007,0.003
