# cmd: /usr/bin/time -o /tmp/mcfcg_mem_9f3sw9m0.txt -f %M build/mcfcg_cli data/commalab/grid/grid11 --solver copt --copt-gpu-mode 2 --formulation path --max-iters 10000 --pricing-cutoff --time-limit 1800.0
# outcome: ok
# returncode: 0
# peak_rss_kb: 595084
# peak_rss_source: measured
# === STDERR (CG iteration log + preamble) ===
Instance: 625 vertices, 2400 arcs, 4000 commodities, 625 sources
Solver: copt (gpu-mode 2), formulation: path
Pricing threads: 32 (auto)
Slack mode: EdgeRows (struct=4000, capped_arcs=2400)
[lp-config] backend=copt version=8.0.1 method=barrier exec=GPU presolve=off crossover=off tol=0.0001 threads=n/a(GPU)
   It           UB           LB       LP_obj   #col   #row  #slk   +col   -col   +cut   -cut    t_LP    t_PR    t_SP   t_Tot     t_acc
    1          inf   3.2684e+08   3.2684e+08   4241   4241     0      0      0    241      0   0.346   0.006   0.001   0.353     0.353
    2          inf   3.2684e+08   3.9001e+08   7583   4241   241   3342      0      0      0   0.222   0.003   0.000   0.227     0.580
    3          inf   3.2704e+08   3.3040e+08   9985   4365     0   2278      0    124      0   0.246   0.003   0.001   0.252     0.832
    4          inf   3.2704e+08   3.3108e+08  12798   4383     7   2795      0     18      0   0.352   0.003   0.001   0.357     1.189
    5          inf   3.2825e+08   3.2984e+08  15087   4403     0   2269      0     20      0   0.389   0.003   0.001   0.395     1.585
    6          inf   3.2870e+08   3.2952e+08  17060   4421     0   1955      0     18      0   0.385   0.003   0.001   0.391     1.976
    7          inf   3.2899e+08   3.2939e+08  18621   4430     0   1552      0      9      0   0.422   0.003   0.001   0.428     2.404
    8          inf   3.2916e+08   3.2931e+08  18028   4361     0   1105   1629      4     73   0.450   0.003   0.002   0.462     2.865
    9          inf   3.2921e+08   3.2927e+08  17037   4318     0    747   1695      7     50   0.376   0.003   0.002   0.387     3.252
   10          inf   3.2924e+08   3.2926e+08  14522   4308     0    499   3004      4     14   0.375   0.003   0.001   0.385     3.636
   11          inf   3.2925e+08   3.2926e+08  12661   4298     0    360   2211      3     13   0.339   0.003   0.001   0.348     3.984
   12          inf   3.2926e+08   3.2926e+08  11187   4292     0    149   1617      1      7   0.333   0.003   0.001   0.341     4.325
   13          inf   3.2926e+08   3.2926e+08  10116   4283     0     60   1122      2     11   0.318   0.004   0.001   0.327     4.652
   14          inf   3.2926e+08   3.2926e+08   9493   4274     0      4    618      1     10   0.331   0.003   0.001   0.338     4.990
   15   3.2926e+08   3.2926e+08   3.2926e+08   9493   4274     0     *0      0      0      0   0.338   0.006   0.000   0.344     5.334
CG optimal after 15 iterations. UB=329258288.927535 LB=329258003.083822 gap=2.858e+02 tol=3.293e+04  t_LP=5.222  t_PR=0.059  t_SP=0.016  t_Tot=5.344
[pricing-cutoff] enabled=1 cut=6172 priced=11250 rate=54.9%

# === STDOUT (result CSV) ===
Setting parameter 'LpMethod' to 2
Setting parameter 'GPUMode' to 2
Setting parameter 'Presolve' to 0
Setting parameter 'Crossover' to 0
instance,formulation,iterations,columns,objective,lower_bound,optimal,time,time_lp,time_pricing,time_separation
data/commalab/grid/grid11,path,15,9219,329258288.927535,329258003.083822,1,5.370,5.222,0.059,0.016
