# cmd: /usr/bin/time -o /tmp/mcfcg_mem_rhn0j6js.txt -f %M build/mcfcg_cli data/commalab/grid/grid15 --solver copt --copt-gpu-mode 2 --formulation path --max-iters 10000 --pricing-cutoff --time-limit 1800.0
# outcome: ok
# returncode: 0
# peak_rss_kb: 973312
# peak_rss_source: measured
# === STDERR (CG iteration log + preamble) ===
Instance: 1225 vertices, 4760 arcs, 32000 commodities, 1225 sources
Solver: copt (gpu-mode 2), formulation: path
Pricing threads: 32 (auto)
Slack mode: EdgeRows (struct=32000, capped_arcs=4760)
[lp-config] backend=copt version=8.0.1 method=barrier exec=GPU presolve=off crossover=off tol=0.0001 threads=n/a(GPU)
   It           UB           LB       LP_obj   #col   #row  #slk   +col   -col   +cut   -cut    t_LP    t_PR    t_SP   t_Tot     t_acc
    1          inf   3.5815e+09   3.5815e+09  32258  32258     0      0      0    258      0   0.386   0.024   0.008   0.417     0.417
    2          inf   3.5815e+09   4.0496e+09  56579  32258   258  24321      0      0      0   0.601   0.013   0.001   0.629     1.046
    3          inf   3.5815e+09   3.6015e+09  72007  32353     0  15333      0     95      0   0.638   0.012   0.008   0.675     1.721
    4          inf   3.5815e+09   3.6011e+09  91043  32371     5  19018      0     18      0   1.144   0.013   0.008   1.183     2.904
    5          inf   3.5892e+09   3.5959e+09 104980  32378     0  13930      0      7      0   1.119   0.012   0.010   1.157     4.061
    6          inf   3.5920e+09   3.5943e+09 114814  32387     0   9825      0      9      0   1.150   0.014   0.012   1.187     5.248
    7          inf   3.5929e+09   3.5938e+09 122465  32390     0   7648      0      3      0   1.498   0.009   0.018   1.540     6.787
    8          inf   3.5934e+09   3.5936e+09 111540  32283     0   3453  14271      2    109   1.515   0.014   0.016   1.632     8.419
    9          inf   3.5935e+09   3.5935e+09 101254  32235     0    597  10835      1     49   1.343   0.014   0.012   1.434     9.853
   10          inf   3.5935e+09   3.5935e+09  82098  32224     0    663  19808      1     12   1.028   0.014   0.009   1.104    10.957
   11   3.5935e+09   3.5935e+09   3.5935e+09  82098  32224     0     *5      0      0      0   0.802   0.010   0.002   0.815    11.772
CG optimal after 11 iterations. UB=3593521818.095522 LB=3593517903.340180 gap=3.915e+03 tol=3.594e+05  t_LP=11.225  t_PR=0.193  t_SP=0.104  t_Tot=11.816
[pricing-cutoff] enabled=1 cut=7296 priced=15925 rate=45.8%

# === STDOUT (result CSV) ===
Setting parameter 'LpMethod' to 2
Setting parameter 'GPUMode' to 2
Setting parameter 'Presolve' to 0
Setting parameter 'Crossover' to 0
instance,formulation,iterations,columns,objective,lower_bound,optimal,time,time_lp,time_pricing,time_separation
data/commalab/grid/grid15,path,11,81874,3593521818.095522,3593517903.340180,1,11.882,11.225,0.193,0.104
