# cmd: /usr/bin/time -o /tmp/mcfcg_mem_w0tkqewi.txt -f %M build/mcfcg_cli data/commalab/grid/grid6 --solver copt --copt-gpu-mode 2 --formulation path --max-iters 10000 --pricing-cutoff --time-limit 1800.0
# outcome: ok
# returncode: 0
# peak_rss_kb: 482036
# peak_rss_source: measured
# === STDERR (CG iteration log + preamble) ===
Instance: 225 vertices, 840 arcs, 200 commodities, 135 sources
Solver: copt (gpu-mode 2), formulation: path
Pricing threads: 32 (auto)
Slack mode: CommodityRows (struct=200, capped_arcs=840)
[lp-config] backend=copt version=8.0.1 method=barrier exec=GPU presolve=off crossover=off tol=0.0001 threads=n/a(GPU)
   It           UB           LB       LP_obj   #col   #row  #slk   +col   -col   +cut   -cut    t_LP    t_PR    t_SP   t_Tot     t_acc
    1          inf   1.8616e+06   1.1258e+06    400    200   198      0      0      0      0   0.344   0.000   0.000   0.344     0.344
    2          inf   8.8143e+06   8.7504e+06    400    213    82      0      0     13      0   0.155   0.000   0.000   0.156     0.500
    3          inf   8.8143e+06   1.7843e+07    481    270    56     81      0     57      0   0.154   0.000   0.000   0.154     0.654
    4          inf   8.8143e+06   2.8483e+07    611    289    72    130      0     19      0   0.169   0.000   0.000   0.170     0.824
    5          inf   8.8143e+06   2.1995e+07    740    314    40    129      0     25      0   0.173   0.000   0.000   0.173     0.998
    6          inf   8.8143e+06   1.1928e+07    870    335     8    134      4     21      0   0.182   0.000   0.000   0.184     1.181
    7          inf   1.0301e+07   1.0423e+07    983    354     0    113      0     19      0   0.197   0.000   0.000   0.197     1.378
    8          inf   1.0369e+07   1.0413e+07   1066    355     0     91      8      1      0   0.206   0.000   0.000   0.207     1.585
    9          inf   1.0391e+07   1.0405e+07   1105    356     0     60     21      7      6   0.201   0.000   0.000   0.202     1.787
   10          inf   1.0395e+07   1.0403e+07   1108    361     0     41     38      6      1   0.203   0.000   0.000   0.204     1.990
   11   1.0402e+07   1.0398e+07   1.0402e+07   1061    354     0     26     73      0      7   0.198   0.000   0.000   0.199     2.189
   12   1.0402e+07   1.0401e+07   1.0402e+07    962    347     0     16    115      1      8   0.193   0.000   0.000   0.194     2.383
   13   1.0402e+07   1.0402e+07   1.0402e+07    962    347     0     *2      0      0      0   0.196   0.000   0.000   0.196     2.580
CG optimal after 13 iterations. UB=10401738.989154 LB=10401660.125788 gap=7.886e+01 tol=1.040e+03  t_LP=2.571  t_PR=0.005  t_SP=0.002  t_Tot=2.582
[pricing-cutoff] enabled=1 cut=1403 priced=2160 rate=65.0%

# === STDOUT (result CSV) ===
Setting parameter 'LpMethod' to 2
Setting parameter 'GPUMode' to 2
Setting parameter 'Presolve' to 0
Setting parameter 'Crossover' to 0
instance,formulation,iterations,columns,objective,lower_bound,optimal,time,time_lp,time_pricing,time_separation
data/commalab/grid/grid6,path,13,762,10401738.989154,10401660.125788,1,2.598,2.571,0.005,0.002
