# cmd: /usr/bin/time -o /tmp/mcfcg_mem_9wgf_1p3.txt -f %M build/mcfcg_cli data/commalab/grid/grid15 --solver copt --copt-gpu-mode 2 --formulation tree --max-iters 10000 --pricing-cutoff --time-limit 1800.0
# outcome: ok
# returncode: 0
# peak_rss_kb: 754440
# peak_rss_source: measured
# === STDERR (CG iteration log + preamble) ===
Instance: 1225 vertices, 4760 arcs, 32000 commodities, 1225 sources
Solver: copt (gpu-mode 2), formulation: tree
Pricing threads: 32 (auto)
Slack mode: CommodityRows (struct=1225, capped_arcs=4760)
[lp-config] backend=copt version=8.0.1 method=barrier exec=GPU presolve=off crossover=off tol=0.0001 threads=n/a(GPU)
   It           UB           LB       LP_obj   #col   #row  #slk   +col   -col   +cut   -cut    t_LP    t_PR    t_SP   t_Tot     t_acc
    1          inf   1.4824e+08   1.2250e+05   2450   1225  1225      0      0      0      0   0.356   0.001   0.001   0.359     0.359
    2          inf   1.4824e+08   1.2250e+06   2450   1225  1225      0      0      0      0   0.166   0.001   0.001   0.168     0.526
    3          inf   1.4824e+08   1.2250e+07   2450   1225  1225      0      0      0      0   0.154   0.001   0.001   0.155     0.682
    4          inf   1.5769e+08   1.2250e+08   2450   1225  1225      0      0      0      0   0.154   0.001   0.001   0.156     0.838
    5          inf   1.2379e+09   1.2248e+09   2450   1225  1223      0      0      0      0   0.161   0.003   0.001   0.165     1.002
    6          inf   3.5815e+09   3.5815e+09   2450   1483     0      0      0    258      0   0.157   0.029   0.002   0.188     1.190
    7          inf   3.5815e+09   7.2061e+09   3675   1483   561   1225      0      0      0   0.323   0.014   0.001   0.344     1.534
    8          inf   3.5815e+09   1.0864e+10   4900   1484   606   1225      0      1      0   0.409   0.014   0.001   0.432     1.966
    9          inf   3.5815e+09   2.2924e+10   6125   1496   294   1225      0     12      0   0.464   0.015   0.002   0.488     2.455
   10          inf   3.5815e+09   2.1194e+10   7350   1509   189   1225      0     13      0   0.482   0.016   0.001   0.509     2.963
   11          inf   3.5815e+09   8.4827e+09   8575   1528    52   1225      0     19      0   0.605   0.015   0.001   0.631     3.595
   12          inf   3.5815e+09   3.6020e+09   9585   1429     0   1225    215     21    120   0.787   0.010   0.003   0.822     4.416
   13          inf   3.5853e+09   3.5994e+09  10229   1440     0   1225    581     14      3   0.469   0.014   0.003   0.505     4.921
   14          inf   3.5884e+09   3.5977e+09  10706   1456     0   1225    748     17      1   0.515   0.016   0.003   0.556     5.477
   15          inf   3.5884e+09   3.5969e+09  11080   1459     0   1225    851      7      4   0.548   0.014   0.004   0.587     6.064
   16          inf   3.5905e+09   3.5961e+09  11306   1458     0   1225    999      3      4   0.550   0.014   0.003   0.590     6.654
   17          inf   3.5915e+09   3.5954e+09  11028   1453     0   1225   1503      3      8   0.604   0.014   0.003   0.643     7.297
   18          inf   3.5918e+09   3.5949e+09  10688   1446     0   1225   1565      5     12   0.570   0.013   0.004   0.611     7.908
   19          inf   3.5918e+09   3.5944e+09  10697   1437     0   1224   1215      3     12   0.546   0.014   0.005   0.589     8.497
   20          inf   3.5922e+09   3.5941e+09  10755   1438     0   1222   1164      5      4   0.584   0.014   0.004   0.623     9.120
   21          inf   3.5926e+09   3.5939e+09  10656   1436     0   1221   1320      2      4   0.561   0.014   0.003   0.602     9.722
   22          inf   3.5931e+09   3.5938e+09  10657   1435     0   1219   1218      3      4   0.564   0.014   0.004   0.604    10.326
   23          inf   3.5932e+09   3.5937e+09  10695   1434     0   1220   1182      2      3   0.557   0.015   0.003   0.597    10.923
   24          inf   3.5932e+09   3.5936e+09  10725   1435     0   1205   1175      3      2   0.554   0.015   0.004   0.596    11.519
   25          inf   3.5934e+09   3.5936e+09  10726   1435     0   1205   1204      2      2   0.602   0.015   0.003   0.644    12.163
   26          inf   3.5934e+09   3.5935e+09  10665   1434     0   1188   1249      1      2   0.590   0.012   0.005   0.631    12.793
   27   3.5935e+09   3.5935e+09   3.5935e+09  10665   1434     0  *1173      0      0      0   0.589   0.013   0.003   0.606    13.399
CG optimal after 27 iterations. UB=3593525446.247543 LB=3593490077.287825 gap=3.537e+04 tol=3.594e+05  t_LP=12.622  t_PR=0.357  t_SP=0.068  t_Tot=13.425
[pricing-cutoff] enabled=1 cut=14847 priced=41650 rate=35.6%

# === STDOUT (result CSV) ===
Setting parameter 'LpMethod' to 2
Setting parameter 'GPUMode' to 2
Setting parameter 'Presolve' to 0
Setting parameter 'Crossover' to 0
instance,formulation,iterations,columns,objective,lower_bound,optimal,time,time_lp,time_pricing,time_separation
data/commalab/grid/grid15,tree,27,9440,3593525446.247543,3593490077.287825,1,13.469,12.622,0.357,0.068
