# cmd: /usr/bin/time -o /tmp/mcfcg_mem_6yeyfh55.txt -f %M build/mcfcg_cli data/commalab/planar/planar80 --solver copt --copt-gpu-mode 2 --formulation tree --max-iters 10000 --pricing-cutoff --time-limit 1800.0
# outcome: ok
# returncode: 0
# peak_rss_kb: 488044
# peak_rss_source: measured
# === STDERR (CG iteration log + preamble) ===
Instance: 80 vertices, 440 arcs, 543 commodities, 80 sources
Solver: copt (gpu-mode 2), formulation: tree
Pricing threads: 32 (auto)
Slack mode: CommodityRows (struct=80, capped_arcs=440)
[lp-config] backend=copt version=8.0.1 method=barrier exec=GPU presolve=off crossover=off tol=0.0001 threads=n/a(GPU)
   It           UB           LB       LP_obj   #col   #row  #slk   +col   -col   +cut   -cut    t_LP    t_PR    t_SP   t_Tot     t_acc
    1          inf   2.6034e+07   1.7178e+07    160     80    80      0      0      0      0   0.360   0.000   0.000   0.360     0.360
    2          inf   1.4117e+08   1.3972e+08    160    126    30      0      0     46      0   0.169   0.000   0.000   0.169     0.530
    3          inf   1.4117e+08   4.0133e+08    235    130    64     75      0      4      0   0.153   0.000   0.000   0.154     0.683
    4          inf   1.4117e+08   1.9983e+09    311    133    61     76      0      3      0   0.163   0.000   0.000   0.164     0.847
    5          inf   1.4117e+08   7.9506e+09    391    141    46     80      0      8      0   0.168   0.000   0.000   0.168     1.015
    6          inf   1.4117e+08   1.4360e+10    466    155    36     78      3     14      0   0.166   0.000   0.000   0.167     1.182
    7          inf   1.4117e+08   1.2852e+10    546    171    29     80      0     16      0   0.170   0.000   0.000   0.171     1.353
    8          inf   1.4117e+08   1.1286e+10    594    185    20     80     32     17      3   0.172   0.000   0.000   0.173     1.526
    9          inf   1.4117e+08   5.8733e+09    640    195    11     80     34     10      0   0.188   0.000   0.000   0.188     1.714
   10          inf   1.4117e+08   1.5496e+09    687    207     5     80     33     12      0   0.178   0.000   0.000   0.179     1.893
   11          inf   1.4117e+08   3.2484e+08    717    219     1     80     50     12      0   0.184   0.000   0.000   0.185     2.078
   12          inf   1.7011e+08   1.8824e+08    749    221     0     80     48      2      0   0.196   0.000   0.000   0.196     2.274
   13          inf   1.7568e+08   1.8635e+08    782    221     0     80     47      1      1   0.193   0.000   0.000   0.194     2.468
   14          inf   1.7680e+08   1.8494e+08    820    224     0     80     42      5      2   0.192   0.000   0.000   0.193     2.661
   15   1.8406e+08   1.7821e+08   1.8406e+08    851    222     0     80     49      0      2   0.191   0.000   0.000   0.192     2.853
   16   1.8406e+08   1.7960e+08   1.8356e+08    845    218     0     79     85      3      7   0.194   0.000   0.000   0.195     3.048
   17   1.8406e+08   1.7960e+08   1.8320e+08    812    211     0     80    113      2      9   0.196   0.000   0.000   0.197     3.244
   18   1.8406e+08   1.8066e+08   1.8293e+08    786    201     0     79    105      1     11   0.190   0.000   0.000   0.190     3.435
   19   1.8406e+08   1.8120e+08   1.8278e+08    789    202     0     75     72      1      0   0.187   0.000   0.000   0.188     3.622
   20   1.8406e+08   1.8151e+08   1.8264e+08    794    203     0     75     70      1      0   0.187   0.000   0.000   0.188     3.810
   21   1.8406e+08   1.8195e+08   1.8255e+08    806    204     0     76     64      1      0   0.192   0.000   0.000   0.192     4.002
   22   1.8249e+08   1.8209e+08   1.8249e+08    808    204     0     74     72      0      0   0.199   0.000   0.000   0.200     4.202
   23   1.8246e+08   1.8227e+08   1.8246e+08    807    204     0     72     73      0      0   0.201   0.000   0.000   0.202     4.404
   24   1.8246e+08   1.8240e+08   1.8244e+08    809    205     0     70     68      1      0   0.208   0.000   0.000   0.209     4.614
   25   1.8244e+08   1.8244e+08   1.8244e+08    809    205     0    *41      0      0      0   0.194   0.000   0.000   0.195     4.808
CG optimal after 25 iterations. UB=182438134.018298 LB=182438131.817781 gap=2.201e+00 tol=1.824e+04  t_LP=4.792  t_PR=0.006  t_SP=0.004  t_Tot=4.811
[pricing-cutoff] enabled=1 cut=410 priced=2240 rate=18.3%

# === STDOUT (result CSV) ===
Setting parameter 'LpMethod' to 2
Setting parameter 'GPUMode' to 2
Setting parameter 'Presolve' to 0
Setting parameter 'Crossover' to 0
instance,formulation,iterations,columns,objective,lower_bound,optimal,time,time_lp,time_pricing,time_separation
data/commalab/planar/planar80,tree,25,729,182438134.018298,182438131.817781,1,4.827,4.792,0.006,0.004
