# cmd: /usr/bin/time -o /tmp/mcfcg_mem_e6sl5vvu.txt -f %M build/mcfcg_cli data/commalab/planar/planar1000 --solver copt --copt-gpu-mode 2 --formulation tree --max-iters 10000 --pricing-cutoff --time-limit 1800.0
# outcome: ok
# returncode: 0
# peak_rss_kb: 815580
# peak_rss_source: measured
# === STDERR (CG iteration log + preamble) ===
Instance: 1000 vertices, 5200 arcs, 20026 commodities, 1000 sources
Solver: copt (gpu-mode 2), formulation: tree
Pricing threads: 32 (auto)
Slack mode: CommodityRows (struct=1000, capped_arcs=5200)
[lp-config] backend=copt version=8.0.1 method=barrier exec=GPU presolve=off crossover=off tol=0.0001 threads=n/a(GPU)
   It           UB           LB       LP_obj   #col   #row  #slk   +col   -col   +cut   -cut    t_LP    t_PR    t_SP   t_Tot     t_acc
    1          inf   5.7179e+07   8.7300e+06   2000   1000  1000      0      0      0      0   0.360   0.001   0.001   0.362     0.362
    2          inf   1.2829e+08   8.7300e+07   2000   1000  1000      0      0      0      0   0.166   0.001   0.001   0.168     0.529
    3          inf   8.8430e+08   8.7275e+08   2000   1000   998      0      0      0      0   0.161   0.003   0.001   0.165     0.694
    4          inf   3.1896e+09   3.1896e+09   2000   1538     0      0      0    538      0   0.164   0.024   0.002   0.190     0.884
    5          inf   3.1896e+09   6.1730e+09   2999   1538   602    999      0      0      0   0.492   0.010   0.001   0.508     1.392
    6          inf   3.1896e+09   2.5922e+10   3999   1538   647   1000      0      0      0   0.602   0.013   0.001   0.623     2.015
    7          inf   3.1896e+09   7.5058e+10   4998   1539   650    999      0      1      0   0.716   0.011   0.001   0.736     2.751
    8          inf   3.1896e+09   2.9327e+11   5998   1542   459   1000      0      3      0   0.851   0.013   0.001   0.875     3.626
    9          inf   3.1896e+09   3.0901e+11   6998   1555   345   1000      0     13      0   0.909   0.013   0.001   0.931     4.557
   10          inf   3.1896e+09   2.5421e+11   7628   1267   279   1000    370      9    297   0.988   0.010   0.001   1.021     5.577
   11          inf   3.1896e+09   1.7791e+11   7901   1360   187   1000    727     93      0   0.463   0.012   0.002   0.489     6.067
   12          inf   3.1896e+09   1.6188e+11   8168   1393   176   1000    733     33      0   0.617   0.008   0.002   0.642     6.709
   13          inf   3.1896e+09   1.0362e+11   8327   1447   116   1000    841     56      2   0.626   0.012   0.001   0.659     7.368
   14          inf   3.1896e+09   7.7369e+10   8504   1505    85   1000    823     59      1   0.721   0.011   0.001   0.755     8.123
   15          inf   3.1896e+09   4.9073e+10   8741   1544    54   1000    763     49     10   0.751   0.011   0.001   0.786     8.909
   16          inf   3.1896e+09   1.5044e+10   9008   1606    16   1000    733     67      5   0.822   0.011   0.001   0.858     9.767
   17          inf   3.1896e+09   6.4702e+09   9124   1629     3   1000    884     27      4   1.040   0.013   0.003   1.082    10.849
   18          inf   3.1896e+09   3.5636e+09   9292   1601     0   1000    832      7     35   1.037   0.010   0.003   1.075    11.924
   19          inf   3.2522e+09   3.5459e+09   9407   1595     0   1000    885      6     12   0.935   0.009   0.002   0.970    12.894
   20          inf   3.2548e+09   3.5323e+09   9526   1586     0   1000    881     13     22   0.889   0.012   0.003   0.928    13.822
   21          inf   3.2908e+09   3.5193e+09   9600   1592     0   1000    926     17     11   0.937   0.012   0.003   0.975    14.798
   22          inf   3.3012e+09   3.5083e+09   9525   1580     0   1000   1075      6     18   0.928   0.010   0.002   0.965    15.762
   23          inf   3.3191e+09   3.4985e+09   9202   1567     0   1000   1323      9     22   0.893   0.012   0.003   0.933    16.695
   24          inf   3.3501e+09   3.4901e+09   9142   1542     0   1000   1060     11     36   0.934   0.010   0.003   0.973    17.668
   25          inf   3.3655e+09   3.4831e+09   9240   1521     0   1000    902     12     33   0.820   0.010   0.003   0.857    18.525
   26          inf   3.3797e+09   3.4764e+09   9249   1498     0   1000    991      8     31   0.853   0.011   0.002   0.890    19.415
   27          inf   3.3820e+09   3.4715e+09   9320   1487     0   1000    929      9     20   0.827   0.011   0.003   0.864    20.279
   28          inf   3.3836e+09   3.4674e+09   9328   1495     0   1000    992     14      6   0.839   0.011   0.003   0.878    21.156
   29          inf   3.4043e+09   3.4646e+09   9344   1508     0   1000    984     22      9   0.833   0.012   0.003   0.874    22.030
   30          inf   3.4081e+09   3.4621e+09   9360   1503     0   1000    984      6     11   0.852   0.012   0.003   0.889    22.919
   31          inf   3.4138e+09   3.4599e+09   9369   1508     0   1000    991     14      9   0.845   0.011   0.003   0.882    23.801
   32          inf   3.4190e+09   3.4581e+09   9425   1511     0   1000    944      8      5   0.880   0.010   0.003   0.918    24.719
   33          inf   3.4230e+09   3.4563e+09   9420   1509     0   1000   1005      9     11   0.888   0.011   0.003   0.925    25.645
   34          inf   3.4268e+09   3.4548e+09   9426   1504     0   1000    994      4      9   0.829   0.011   0.003   0.867    26.512
   35          inf   3.4317e+09   3.4538e+09   9460   1500     0   1000    966      2      6   0.857   0.012   0.003   0.896    27.407
   36          inf   3.4351e+09   3.4528e+09   9433   1495     0   1000   1027      2      7   0.852   0.011   0.003   0.893    28.300
   37          inf   3.4363e+09   3.4520e+09   9451   1499     0   1000    982     11      7   0.863   0.012   0.003   0.902    29.202
   38          inf   3.4379e+09   3.4514e+09   9441   1496     0   1000   1010      3      6   0.866   0.011   0.003   0.904    30.106
   39          inf   3.4415e+09   3.4509e+09   9464   1489     0   1000    977      3     10   0.859   0.013   0.004   0.900    31.007
   40          inf   3.4428e+09   3.4506e+09   9393   1490     0   1000   1071      4      3   0.835   0.012   0.003   0.874    31.881
   41          inf   3.4450e+09   3.4503e+09   9406   1489     0   1000    987      5      6   0.885   0.011   0.003   0.923    32.804
   42          inf   3.4450e+09   3.4501e+09   9420   1486     0   1000    986      1      4   0.852   0.011   0.003   0.890    33.694
   43          inf   3.4465e+09   3.4499e+09   9413   1486     0   1000   1007      9      9   0.851   0.011   0.003   0.890    34.584
   44          inf   3.4470e+09   3.4498e+09   9392   1486     0   1000   1021      4      4   0.848   0.012   0.003   0.887    35.471
   45          inf   3.4480e+09   3.4498e+09   9431   1486     0   1000    961      4      4   0.873   0.012   0.003   0.911    36.382
   46          inf   3.4486e+09   3.4497e+09   9443   1489     0   1000    988      4      1   0.797   0.012   0.003   0.839    37.222
   47          inf   3.4488e+09   3.4497e+09   9503   1488     0   1000    940      1      2   0.887   0.011   0.002   0.924    38.145
   48          inf   3.4492e+09   3.4496e+09   9512   1488     0   1000    991      3      3   0.878   0.011   0.003   0.916    39.061
   49          inf   3.4493e+09   3.4496e+09   9578   1489     0   1000    934      1      0   0.878   0.011   0.003   0.910    39.971
   50   3.4496e+09   3.4494e+09   3.4496e+09   9578   1489     0  *1000      0      0      0   0.959   0.011   0.003   0.973    40.944
CG optimal after 50 iterations. UB=3449619378.936481 LB=3449415595.396760 gap=2.038e+05 tol=3.450e+05  t_LP=39.306  t_PR=0.573  t_SP=0.114  t_Tot=40.974
[pricing-cutoff] enabled=1 cut=8002 priced=55000 rate=14.5%

# === STDOUT (result CSV) ===
Setting parameter 'LpMethod' to 2
Setting parameter 'GPUMode' to 2
Setting parameter 'Presolve' to 0
Setting parameter 'Crossover' to 0
instance,formulation,iterations,columns,objective,lower_bound,optimal,time,time_lp,time_pricing,time_separation
data/commalab/planar/planar1000,tree,50,8578,3449619378.936481,3449415595.396760,1,41.017,39.306,0.573,0.114
