# cmd: /usr/bin/time -o /tmp/mcfcg_mem_9whgj5ol.txt -f %M build/mcfcg_cli data/commalab/planar/planar300 --solver copt --copt-gpu-mode 2 --formulation path --max-iters 10000 --pricing-cutoff --time-limit 1800.0
# outcome: ok
# returncode: 0
# peak_rss_kb: 541400
# peak_rss_source: measured
# === STDERR (CG iteration log + preamble) ===
Instance: 300 vertices, 1680 arcs, 3584 commodities, 300 sources
Solver: copt (gpu-mode 2), formulation: path
Pricing threads: 32 (auto)
Slack mode: EdgeRows (struct=3584, capped_arcs=1680)
[lp-config] backend=copt version=8.0.1 method=barrier exec=GPU presolve=off crossover=off tol=0.0001 threads=n/a(GPU)
   It           UB           LB       LP_obj   #col   #row  #slk   +col   -col   +cut   -cut    t_LP    t_PR    t_SP   t_Tot     t_acc
    1          inf   6.6936e+08   6.6936e+08   3745   3745     0      0      0    161      0   0.358   0.002   0.001   0.361     0.361
    2          inf   6.6936e+08   3.7000e+09   6915   3745   161   3170      0      0      0   0.336   0.001   0.000   0.339     0.699
    3          inf   6.6936e+08   7.0836e+08   9444   3803     0   2471      0     58      0   0.232   0.001   0.001   0.236     0.935
    4          inf   6.6936e+08   7.2502e+08  12129   3809     8   2679      0      6      0   0.275   0.001   0.001   0.279     1.214
    5          inf   6.6938e+08   6.9411e+08  14346   3811     0   2215      0      2      0   0.290   0.001   0.001   0.293     1.507
    6   6.9139e+08   6.8592e+08   6.9139e+08  16020   3811     0   1674      0      0      0   0.296   0.001   0.000   0.298     1.806
    7   6.9037e+08   6.8886e+08   6.9037e+08  16730   3811     0    710      0      0      0   0.304   0.001   0.000   0.306     2.112
    8   6.9002e+08   6.8961e+08   6.9002e+08  15518   3757     0    527   1685      0     54   0.293   0.001   0.000   0.299     2.411
    9   6.9002e+08   6.8994e+08   6.8998e+08  14418   3742     0    202   1287      2     17   0.276   0.001   0.001   0.281     2.693
   10   6.8998e+08   6.8997e+08   6.8998e+08  14418   3742     0    *68      0      0      0   0.266   0.001   0.000   0.267     2.960
CG optimal after 10 iterations. UB=689979980.667247 LB=689967229.082397 gap=1.275e+04 tol=6.900e+04  t_LP=2.927  t_PR=0.017  t_SP=0.005  t_Tot=2.966
[pricing-cutoff] enabled=1 cut=1547 priced=3600 rate=43.0%

# === STDOUT (result CSV) ===
Setting parameter 'LpMethod' to 2
Setting parameter 'GPUMode' to 2
Setting parameter 'Presolve' to 0
Setting parameter 'Crossover' to 0
instance,formulation,iterations,columns,objective,lower_bound,optimal,time,time_lp,time_pricing,time_separation
data/commalab/planar/planar300,path,10,14260,689979980.667247,689967229.082397,1,2.987,2.927,0.017,0.005
