# cmd: /usr/bin/time -o /tmp/mcfcg_mem_ywkt_6z0.txt -f %M build/mcfcg_cli data/commalab/planar/planar300 --solver copt --copt-gpu-mode 2 --formulation tree --max-iters 10000 --pricing-cutoff --time-limit 1800.0
# outcome: ok
# returncode: 0
# peak_rss_kb: 513616
# peak_rss_source: measured
# === STDERR (CG iteration log + preamble) ===
Instance: 300 vertices, 1680 arcs, 3584 commodities, 300 sources
Solver: copt (gpu-mode 2), formulation: tree
Pricing threads: 32 (auto)
Slack mode: CommodityRows (struct=300, capped_arcs=1680)
[lp-config] backend=copt version=8.0.1 method=barrier exec=GPU presolve=off crossover=off tol=0.0001 threads=n/a(GPU)
   It           UB           LB       LP_obj   #col   #row  #slk   +col   -col   +cut   -cut    t_LP    t_PR    t_SP   t_Tot     t_acc
    1          inf   3.4187e+07   1.3575e+07    600    300   300      0      0      0      0   0.348   0.000   0.000   0.349     0.349
    2          inf   1.4337e+08   1.3575e+08    600    300   300      0      0      0      0   0.157   0.000   0.000   0.158     0.507
    3          inf   6.6907e+08   6.6907e+08    600    457     1      0      0    157      0   0.153   0.003   0.000   0.157     0.664
    4          inf   6.6907e+08   9.3512e+08    898    457   155    298      0      0      0   0.187   0.002   0.000   0.190     0.854
    5          inf   6.6907e+08   2.5164e+09   1196    457   172    298      0      0      0   0.198   0.001   0.000   0.200     1.054
    6          inf   6.6907e+08   4.3615e+09   1496    458   104    300      0      1      0   0.217   0.002   0.000   0.219     1.273
    7          inf   6.6907e+08   4.6940e+09   1796    461    81    300      0      3      0   0.216   0.001   0.000   0.218     1.491
    8          inf   6.6907e+08   3.6393e+09   2096    485    35    300      0     24      0   0.224   0.001   0.000   0.226     1.718
    9          inf   6.6907e+08   2.4909e+09   2345    437    29    300     51      7     55   0.250   0.001   0.000   0.253     1.971
   10          inf   6.6907e+08   6.9772e+08   2478    445     0    300    167     10      2   0.248   0.001   0.000   0.252     2.223
   11          inf   6.7811e+08   6.9512e+08   2579    450     0    300    199      5      0   0.225   0.001   0.000   0.228     2.450
   12          inf   6.8260e+08   6.9350e+08   2722    453     0    300    157      4      1   0.229   0.001   0.000   0.233     2.683
   13          inf   6.8414e+08   6.9235e+08   2824    454     0    300    198      1      0   0.227   0.001   0.001   0.231     2.914
   14          inf   6.8488e+08   6.9149e+08   2833    450     0    300    291      2      6   0.228   0.001   0.000   0.232     3.146
   15          inf   6.8693e+08   6.9085e+08   2748    449     0    300    385      1      2   0.221   0.001   0.000   0.224     3.370
   16          inf   6.8842e+08   6.9050e+08   2701    449     0    299    346      1      1   0.224   0.001   0.000   0.228     3.598
   17   6.9028e+08   6.8870e+08   6.9028e+08   2693    446     0    299    307      0      3   0.232   0.001   0.000   0.236     3.834
   18   6.9014e+08   6.8938e+08   6.9014e+08   2728    445     0    299    264      0      1   0.236   0.001   0.000   0.240     4.073
   19   6.9005e+08   6.8953e+08   6.9005e+08   2755    443     0    300    273      0      2   0.236   0.001   0.000   0.239     4.313
   20   6.9005e+08   6.8981e+08   6.9001e+08   2746    441     0    299    308      2      4   0.231   0.001   0.000   0.234     4.547
   21   6.9000e+08   6.8989e+08   6.9000e+08   2747    440     0    297    296      0      1   0.244   0.001   0.000   0.248     4.795
   22   6.9000e+08   6.8995e+08   6.8998e+08   2747    441     0   *299      0      1      0   0.265   0.001   0.001   0.267     5.062
CG optimal after 22 iterations. UB=689995036.771026 LB=689951388.182528 gap=4.365e+04 tol=6.900e+04  t_LP=4.999  t_PR=0.036  t_SP=0.008  t_Tot=5.072
[pricing-cutoff] enabled=1 cut=1812 priced=7800 rate=23.2%

# === STDOUT (result CSV) ===
Setting parameter 'LpMethod' to 2
Setting parameter 'GPUMode' to 2
Setting parameter 'Presolve' to 0
Setting parameter 'Crossover' to 0
instance,formulation,iterations,columns,objective,lower_bound,optimal,time,time_lp,time_pricing,time_separation
data/commalab/planar/planar300,tree,22,2447,689995036.771026,689951388.182528,1,5.090,4.999,0.036,0.008
