# cmd: /usr/bin/time -o /tmp/mcfcg_mem_qfr6_nvt.txt -f %M build/mcfcg_cli data/commalab/planar/planar500 --solver copt --copt-gpu-mode 2 --formulation tree --max-iters 10000 --pricing-cutoff --time-limit 1800.0
# outcome: ok
# returncode: 0
# peak_rss_kb: 506188
# peak_rss_source: measured
# === STDERR (CG iteration log + preamble) ===
Instance: 500 vertices, 2842 arcs, 3525 commodities, 500 sources
Solver: copt (gpu-mode 2), formulation: tree
Pricing threads: 32 (auto)
Slack mode: CommodityRows (struct=500, capped_arcs=2842)
[lp-config] backend=copt version=8.0.1 method=barrier exec=GPU presolve=off crossover=off tol=0.0001 threads=n/a(GPU)
   It           UB           LB       LP_obj   #col   #row  #slk   +col   -col   +cut   -cut    t_LP    t_PR    t_SP   t_Tot     t_acc
    1          inf   1.4294e+08   1.4003e+08   1000    500   486      0      0      0      0   0.359   0.001   0.000   0.360     0.360
    2          inf   4.7568e+08   4.7568e+08   1000    604     1      0      0    104      0   0.169   0.005   0.000   0.175     0.535
    3          inf   4.7568e+08   6.6299e+08   1457    604   142    457      0      0      0   0.180   0.003   0.000   0.184     0.719
    4          inf   4.7568e+08   7.4618e+08   1926    604   151    469      0      0      0   0.196   0.002   0.000   0.199     0.918
    5          inf   4.7568e+08   9.6792e+08   2405    604   114    479      0      0      0   0.226   0.002   0.000   0.230     1.148
    6          inf   4.7568e+08   6.2765e+08   2890    606    36    485      0      2      0   0.228   0.003   0.000   0.233     1.381
    7          inf   4.7856e+08   4.8357e+08   3347    607     0    457      0      1      0   0.218   0.002   0.001   0.222     1.602
    8          inf   4.8078e+08   4.8278e+08   3744    561     0    428     31      1     47   0.215   0.002   0.001   0.220     1.822
    9          inf   4.8082e+08   4.8236e+08   3855    562     0    392    281      1      0   0.202   0.003   0.001   0.207     2.029
   10          inf   4.8147e+08   4.8209e+08   3892    565     0    353    316      3      0   0.209   0.003   0.001   0.214     2.243
   11   4.8201e+08   4.8191e+08   4.8201e+08   3731    564     0    236    397      0      1   0.210   0.002   0.001   0.215     2.457
   12   4.8199e+08   4.8195e+08   4.8199e+08   3731    564     0   *226      0      0      0   0.224   0.002   0.001   0.228     2.685
CG optimal after 12 iterations. UB=481988302.520226 LB=481953736.801833 gap=3.457e+04 tol=4.820e+04  t_LP=2.636  t_PR=0.037  t_SP=0.005  t_Tot=2.691
[pricing-cutoff] enabled=1 cut=3018 priced=7500 rate=40.2%

# === STDOUT (result CSV) ===
Setting parameter 'LpMethod' to 2
Setting parameter 'GPUMode' to 2
Setting parameter 'Presolve' to 0
Setting parameter 'Crossover' to 0
instance,formulation,iterations,columns,objective,lower_bound,optimal,time,time_lp,time_pricing,time_separation
data/commalab/planar/planar500,tree,12,3231,481988302.520226,481953736.801833,1,2.712,2.636,0.037,0.005
