# cmd: /usr/bin/time -o /tmp/mcfcg_mem_x8plj714.txt -f %M build/mcfcg_cli data/commalab/planar/planar100 --solver copt --copt-gpu-mode 2 --formulation tree --max-iters 10000 --pricing-cutoff --time-limit 1800.0
# outcome: ok
# returncode: 0
# peak_rss_kb: 487844
# peak_rss_source: measured
# === STDERR (CG iteration log + preamble) ===
Instance: 100 vertices, 532 arcs, 1085 commodities, 100 sources
Solver: copt (gpu-mode 2), formulation: tree
Pricing threads: 32 (auto)
Slack mode: CommodityRows (struct=100, capped_arcs=532)
[lp-config] backend=copt version=8.0.1 method=barrier exec=GPU presolve=off crossover=off tol=0.0001 threads=n/a(GPU)
   It           UB           LB       LP_obj   #col   #row  #slk   +col   -col   +cut   -cut    t_LP    t_PR    t_SP   t_Tot     t_acc
    1          inf   1.5217e+07   3.1028e+06    200    100   100      0      0      0      0   0.351   0.000   0.000   0.351     0.351
    2          inf   4.3121e+07   3.0947e+07    200    100    99      0      0      0      0   0.159   0.000   0.000   0.159     0.510
    3          inf   2.0985e+08   2.0963e+08    200    162    15      0      0     62      0   0.156   0.000   0.000   0.157     0.667
    4          inf   2.0985e+08   3.1972e+08    293    162    74     93      0      0      0   0.161   0.000   0.000   0.161     0.829
    5          inf   2.0985e+08   1.1438e+09    393    169    49    100      0      7      0   0.176   0.000   0.000   0.177     1.006
    6          inf   2.0985e+08   2.0337e+09    492    173    51     99      0      4      0   0.167   0.000   0.000   0.168     1.174
    7          inf   2.0985e+08   4.4727e+09    592    186    32    100      0     13      0   0.169   0.000   0.001   0.170     1.344
    8          inf   2.0985e+08   3.8664e+09    692    196    18    100      0     10      0   0.171   0.000   0.000   0.172     1.516
    9          inf   2.0985e+08   1.7664e+09    766    199     6    100     26     10      7   0.183   0.000   0.000   0.184     1.699
   10          inf   2.0985e+08   2.3816e+08    834    209     0    100     32     10      0   0.200   0.000   0.000   0.201     1.901
   11          inf   2.1715e+08   2.3571e+08    885    213     0     99     48      4      0   0.196   0.000   0.000   0.197     2.097
   12          inf   2.2527e+08   2.3469e+08    933    214     0     99     51      1      0   0.194   0.000   0.000   0.195     2.293
   13   2.3365e+08   2.2782e+08   2.3365e+08    966    214     0     98     65      0      0   0.189   0.000   0.000   0.190     2.483
   14   2.3365e+08   2.2847e+08   2.3288e+08    990    214     0     98     74      1      1   0.197   0.000   0.000   0.199     2.682
   15   2.3221e+08   2.2970e+08   2.3221e+08    966    213     0     99    123      0      1   0.197   0.000   0.000   0.198     2.880
   16   2.3221e+08   2.3010e+08   2.3177e+08    947    208     0     95    114      1      6   0.193   0.000   0.000   0.194     3.073
   17   2.3161e+08   2.3070e+08   2.3161e+08    942    208     0     95    100      0      0   0.198   0.000   0.000   0.199     3.273
   18   2.3145e+08   2.3073e+08   2.3145e+08    934    208     0     94    102      0      0   0.206   0.000   0.000   0.207     3.480
   19   2.3139e+08   2.3110e+08   2.3139e+08    937    191     0     93     90      0     17   0.191   0.000   0.000   0.192     3.672
   20   2.3136e+08   2.3122e+08   2.3136e+08    926    189     0     93    104      0      2   0.194   0.000   0.000   0.195     3.867
   21   2.3134e+08   2.3127e+08   2.3134e+08    922    188     0     91     95      0      1   0.203   0.000   0.000   0.204     4.070
   22   2.3134e+08   2.3134e+08   2.3134e+08    922    189     0    *62      0      1      0   0.191   0.000   0.000   0.191     4.261
CG optimal after 22 iterations. UB=231344992.214060 LB=231339110.682943 gap=5.882e+03 tol=2.313e+04  t_LP=4.243  t_PR=0.006  t_SP=0.005  t_Tot=4.264
[pricing-cutoff] enabled=1 cut=692 priced=2600 rate=26.6%

# === STDOUT (result CSV) ===
Setting parameter 'LpMethod' to 2
Setting parameter 'GPUMode' to 2
Setting parameter 'Presolve' to 0
Setting parameter 'Crossover' to 0
instance,formulation,iterations,columns,objective,lower_bound,optimal,time,time_lp,time_pricing,time_separation
data/commalab/planar/planar100,tree,22,822,231344992.214060,231339110.682943,1,4.283,4.243,0.006,0.005
