# cmd: /usr/bin/time -o /tmp/mcfcg_mem_9_lwchek.txt -f %M build/mcfcg_cli data/commalab/planar/planar150 --solver copt --copt-gpu-mode 2 --formulation tree --max-iters 10000 --pricing-cutoff --time-limit 1800.0
# outcome: ok
# returncode: 0
# peak_rss_kb: 519536
# peak_rss_source: measured
# === STDERR (CG iteration log + preamble) ===
Instance: 150 vertices, 850 arcs, 2239 commodities, 150 sources
Solver: copt (gpu-mode 2), formulation: tree
Pricing threads: 32 (auto)
Slack mode: CommodityRows (struct=150, capped_arcs=850)
[lp-config] backend=copt version=8.0.1 method=barrier exec=GPU presolve=off crossover=off tol=0.0001 threads=n/a(GPU)
   It           UB           LB       LP_obj   #col   #row  #slk   +col   -col   +cut   -cut    t_LP    t_PR    t_SP   t_Tot     t_acc
    1          inf   4.3848e+07   2.8355e+07    300    150   150      0      0      0      0   0.350   0.000   0.000   0.350     0.350
    2          inf   2.8169e+08   2.7752e+08    300    150   137      0      0      0      0   0.163   0.001   0.000   0.164     0.514
    3          inf   4.6091e+08   4.6091e+08    300    366     0      0      0    216      0   0.161   0.001   0.000   0.162     0.676
    4          inf   4.6091e+08   1.9672e+09    447    366   120    147      0      0      0   0.191   0.000   0.000   0.192     0.869
    5          inf   4.6091e+08   1.1631e+10    597    366   109    150      0      0      0   0.201   0.000   0.000   0.202     1.071
    6          inf   4.6091e+08   3.5622e+10    747    370   103    150      0      4      0   0.199   0.000   0.000   0.200     1.271
    7          inf   4.6091e+08   6.3698e+10    897    372    88    150      0      2      0   0.204   0.000   0.000   0.205     1.476
    8          inf   4.6091e+08   5.5124e+10   1047    379    69    150      0      7      0   0.205   0.000   0.000   0.206     1.682
    9          inf   4.6091e+08   4.2550e+10   1131    394    55    150     66     15      0   0.218   0.000   0.000   0.219     1.901
   10          inf   4.6091e+08   3.5557e+10   1212    411    48    150     69     17      0   0.212   0.000   0.000   0.213     2.114
   11          inf   4.6091e+08   2.8457e+10   1255    420    35    150    107      9      0   0.217   0.000   0.000   0.219     2.333
   12          inf   4.6091e+08   2.0911e+10   1309    445    36    150     96     25      0   0.230   0.000   0.000   0.232     2.565
   13          inf   4.6091e+08   1.9028e+10   1358    454    29    150    101      9      0   0.240   0.000   0.001   0.242     2.807
   14          inf   4.6091e+08   1.3152e+10   1412    455    23    150     96     13     12   0.228   0.000   0.000   0.229     3.037
   15          inf   4.6091e+08   8.9930e+09   1458    469    19    150    104     14      0   0.254   0.000   0.000   0.255     3.292
   16          inf   4.6091e+08   3.0131e+09   1514    490     3    150     94     21      0   0.270   0.000   0.000   0.271     3.563
   17          inf   4.6091e+08   6.0626e+08   1525    481     0    150    139     10     19   0.280   0.000   0.000   0.282     3.846
   18          inf   4.6091e+08   5.9264e+08   1574    482     0    150    101      3      2   0.267   0.000   0.000   0.269     4.115
   19   5.8682e+08   4.6091e+08   5.8682e+08   1601    480     0    150    123      0      2   0.259   0.000   0.000   0.261     4.375
   20   5.8682e+08   4.7733e+08   5.8077e+08   1640    484     0    150    111      7      3   0.244   0.000   0.000   0.246     4.622
   21   5.8682e+08   4.9425e+08   5.7643e+08   1656    473     0    150    134      1     12   0.263   0.000   0.000   0.265     4.886
   22   5.8682e+08   5.0263e+08   5.7251e+08   1630    467     0    150    176      3      9   0.260   0.000   0.000   0.262     5.149
   23   5.8682e+08   5.0263e+08   5.6900e+08   1582    446     0    150    198      4     25   0.265   0.000   0.000   0.267     5.416
   24   5.8682e+08   5.0787e+08   5.6487e+08   1571    445     0    150    161      5      6   0.253   0.000   0.000   0.255     5.671
   25   5.8682e+08   5.1384e+08   5.6203e+08   1572    432     0    150    149      3     16   0.247   0.000   0.000   0.249     5.919
   26   5.8682e+08   5.2127e+08   5.5921e+08   1571    428     0    150    151      3      7   0.251   0.000   0.000   0.253     6.172
   27   5.8682e+08   5.2682e+08   5.5754e+08   1578    425     0    150    143      5      8   0.249   0.000   0.000   0.252     6.424
   28   5.8682e+08   5.2830e+08   5.5576e+08   1602    424     0    150    126      7      8   0.239   0.000   0.000   0.241     6.665
   29   5.8682e+08   5.3162e+08   5.5424e+08   1609    422     0    150    143      4      6   0.245   0.000   0.000   0.247     6.912
   30   5.8682e+08   5.3401e+08   5.5308e+08   1617    425     0    150    142      5      2   0.249   0.000   0.000   0.251     7.163
   31   5.8682e+08   5.3531e+08   5.5239e+08   1595    419     0    150    172      1      7   0.250   0.000   0.000   0.252     7.415
   32   5.5153e+08   5.3900e+08   5.5153e+08   1600    415     0    150    145      0      4   0.246   0.000   0.000   0.247     7.662
   33   5.5153e+08   5.3991e+08   5.5081e+08   1617    410     0    150    133      1      6   0.251   0.000   0.000   0.253     7.915
   34   5.5153e+08   5.4101e+08   5.5033e+08   1613    409     0    150    154      2      3   0.249   0.000   0.000   0.251     8.167
   35   5.5153e+08   5.4238e+08   5.4996e+08   1609    403     0    150    154      2      8   0.246   0.000   0.000   0.248     8.414
   36   5.5153e+08   5.4298e+08   5.4947e+08   1607    398     0    150    152      4      9   0.246   0.000   0.000   0.248     8.663
   37   5.5153e+08   5.4385e+08   5.4920e+08   1615    398     0    150    142      3      3   0.241   0.000   0.000   0.243     8.905
   38   5.5153e+08   5.4396e+08   5.4893e+08   1620    397     0    150    145      2      3   0.246   0.000   0.000   0.247     9.153
   39   5.5153e+08   5.4500e+08   5.4875e+08   1602    396     0    149    167      1      2   0.248   0.000   0.000   0.250     9.403
   40   5.5153e+08   5.4543e+08   5.4856e+08   1608    397     0    149    143      2      1   0.245   0.000   0.000   0.246     9.650
   41   5.5153e+08   5.4624e+08   5.4843e+08   1613    397     0    150    145      2      2   0.254   0.000   0.000   0.256     9.906
   42   5.4833e+08   5.4624e+08   5.4833e+08   1619    397     0    150    144      0      0   0.254   0.000   0.000   0.255    10.161
   43   5.4833e+08   5.4703e+08   5.4826e+08   1630    397     0    150    139      1      1   0.250   0.000   0.000   0.252    10.413
   44   5.4833e+08   5.4712e+08   5.4819e+08   1628    399     0    150    152      2      0   0.247   0.000   0.000   0.249    10.662
   45   5.4815e+08   5.4743e+08   5.4815e+08   1610    399     0    150    168      0      0   0.249   0.000   0.000   0.251    10.913
   46   5.4815e+08   5.4759e+08   5.4812e+08   1617    399     0    150    143      1      1   0.251   0.000   0.000   0.253    11.166
   47   5.4811e+08   5.4779e+08   5.4811e+08   1637    399     0    150    130      0      0   0.253   0.000   0.000   0.254    11.420
   48   5.4811e+08   5.4793e+08   5.4810e+08   1633    399     0    150    154      1      1   0.261   0.000   0.000   0.263    11.684
   49   5.4809e+08   5.4802e+08   5.4809e+08   1648    399     0    148    133      0      0   0.265   0.000   0.000   0.267    11.950
   50   5.4809e+08   5.4808e+08   5.4809e+08   1648    400     0   *149      0      1      0   0.287   0.000   0.000   0.288    12.238
CG optimal after 50 iterations. UB=548089129.867456 LB=548078181.182225 gap=1.095e+04 tol=5.481e+04  t_LP=12.154  t_PR=0.020  t_SP=0.013  t_Tot=12.242
[pricing-cutoff] enabled=1 cut=908 priced=8100 rate=11.2%

# === STDOUT (result CSV) ===
Setting parameter 'LpMethod' to 2
Setting parameter 'GPUMode' to 2
Setting parameter 'Presolve' to 0
Setting parameter 'Crossover' to 0
instance,formulation,iterations,columns,objective,lower_bound,optimal,time,time_lp,time_pricing,time_separation
data/commalab/planar/planar150,tree,50,1498,548089129.867456,548078181.182225,1,12.263,12.154,0.020,0.013
