# cmd: /usr/bin/time -o /tmp/mcfcg_mem_b909brmb.txt -f %M build/mcfcg_cli data/intermodal/SBT-56295-0.txt.gz --solver cuopt --formulation path --max-iters 10000 --strategy pricer-heavy --bounded-pricing --time-limit 7200.0
# outcome: ok
# returncode: 0
# peak_rss_kb: 2545024
# peak_rss_source: measured
# === STDERR (CG iteration log + preamble) ===
Instance: 263559 vertices, 4725174 arcs, 56269 commodities, 56269 sources
Solver: cuopt, formulation: path
Pricing threads: 32 (auto)
Slack mode: CommodityRows (struct=56269, capped_arcs=4478154)
[lp-config] backend=cuopt version=26.8.0 method=barrier exec=GPU presolve=off crossover=off tol=0.0001 threads=n/a(GPU)
   It           UB           LB       LP_obj   #col   #row  #slk   +col   -col   +cut   -cut    t_LP    t_PR    t_SP   t_Tot     t_acc
    1          inf         -inf   1.4398e+06 112538  56332   974      0      0     63      0   0.663   0.000   0.336   1.001     1.001
    2          inf         -inf   1.4541e+06 114364  56332  1658   1826      0      0      0   0.294   0.888   0.336   1.522     2.523
    3          inf         -inf   1.4482e+06 114364  56349     6      0      0     17      0   0.321   0.000   0.332   0.655     3.178
    4          inf         -inf   1.4484e+06 114364  56351    41      0      0      2      0   0.240   0.000   0.334   0.576     3.754
    5          inf         -inf   1.4484e+06 114416  56351    41     52      0      0      0   0.289   0.159   0.335   0.784     4.538
    6          inf   1.4445e+06   1.4488e+06 114983  56351    44    567      0      0      0   0.302  15.036   0.333  15.672    20.211
    7          inf   1.4445e+06   1.4479e+06 114983  56352     0      0      0      1      0   0.291   0.000   0.335   0.628    20.839
    8   1.4479e+06   1.4445e+06   1.4479e+06 115012  56311     0     29      0      0     41   0.233   0.152   0.331   0.718    21.557
    9   1.4479e+06   1.4445e+06   1.4479e+06 115012  56317     0      0      0      6      0   0.296   0.000   0.332   0.630    22.187
   10   1.4479e+06   1.4478e+06   1.4479e+06 115012  56317     0    *30      0      0      0   0.251  15.138   0.343  15.732    37.919
CG optimal after 10 iterations. UB=1447869.024691 LB=1447845.521829 gap=2.350e+01 tol=1.448e+02  t_LP=3.179  t_PR=46.849  t_SP=3.348  t_Tot=53.399
[bounded-pricing] enabled=1 cut=112293 priced=171066 rate=65.6%

# === STDOUT (result CSV) ===
instance,formulation,iterations,columns,objective,lower_bound,optimal,time,time_lp,time_pricing,time_separation
data/intermodal/SBT-56295-0.txt.gz,path,10,58743,1447869.024691,1447845.521829,1,54.474,3.179,46.849,3.348
