# cmd: /usr/bin/time -o /tmp/mcfcg_mem_tlqv4r9s.txt -f %M build/mcfcg_cli data/intermodal/BUS-13160-0.txt.gz --solver cuopt --formulation path --max-iters 10000 --strategy pricer-heavy --bounded-pricing --time-limit 7200.0
# outcome: ok
# returncode: 0
# peak_rss_kb: 1189016
# peak_rss_source: measured
# === STDERR (CG iteration log + preamble) ===
Instance: 140925 vertices, 1023858 arcs, 13135 commodities, 13135 sources
Solver: cuopt, formulation: path
Pricing threads: 32 (auto)
Slack mode: CommodityRows (struct=13135, capped_arcs=836960)
[lp-config] backend=cuopt version=26.8.0 method=barrier exec=GPU presolve=off crossover=off tol=0.0001 threads=n/a(GPU)
   It           UB           LB       LP_obj   #col   #row  #slk   +col   -col   +cut   -cut    t_LP    t_PR    t_SP   t_Tot     t_acc
    1          inf         -inf   3.3868e+05  26270  13208   783      0      0     73      0   0.489   0.000   0.070   0.560     0.560
    2          inf         -inf   3.4174e+05  26924  13208  1041    654      0      0      0   0.149   0.088   0.075   0.314     0.874
    3          inf         -inf   3.4913e+05  26924  13259    71      0      0     51      0   0.173   0.000   0.070   0.243     1.117
    4          inf         -inf   3.5030e+05  27286  13259   147    362      0      0      0   0.148   0.070   0.071   0.290     1.407
    5          inf         -inf   3.5358e+05  27286  13270    87      0      0     11      0   0.140   0.000   0.071   0.212     1.619
    6          inf         -inf   3.5361e+05  27286  13271    88      0      0      1      0   0.162   0.000   0.072   0.234     1.853
    7          inf         -inf   3.5361e+05  27290  13240    89      4      0      0     31   0.156   0.033   0.071   0.260     2.113
    8          inf         -inf   3.6416e+05  27290  13241    65      0      0      1      0   0.174   0.000   0.072   0.247     2.360
    9          inf         -inf   3.6416e+05  27349  13206    65     59      0      0     35   0.166   0.033   0.072   0.272     2.632
   10          inf         -inf   3.7563e+05  27349  13213    82      0      0      7      0   0.178   0.000   0.070   0.248     2.880
   11          inf         -inf   3.7567e+05  27460  13196    84    111      0      0     17   0.175   0.049   0.073   0.298     3.178
   12          inf         -inf   3.6158e+05  27460  13203    39      0      0      7      0   0.163   0.000   0.070   0.234     3.412
   13          inf         -inf   3.6159e+05  27460  13204    43      0      0      1      0   0.162   0.000   0.072   0.235     3.647
   14          inf         -inf   3.6159e+05  27477  13203    43     17      0      0      1   0.166   0.034   0.071   0.273     3.920
   15          inf         -inf   3.5785e+05  27477  13207    37      0      0      4      0   0.168   0.000   0.071   0.240     4.160
   16          inf         -inf   3.5785e+05  27495  13197    38     18      0      0     10   0.160   0.036   0.070   0.266     4.426
   17          inf         -inf   3.5836e+05  27495  13204    28      0      0      7      0   0.162   0.000   0.073   0.235     4.661
   18          inf         -inf   3.5838e+05  27495  13206    29      0      0      2      0   0.163   0.000   0.070   0.234     4.895
   19          inf         -inf   3.5838e+05  27556  13200    30     61      0      0      6   0.160   0.034   0.070   0.265     5.160
   20          inf         -inf   3.5896e+05  27556  13201    28      0      0      1      0   0.158   0.000   0.070   0.229     5.389
   21          inf         -inf   3.5896e+05  27565  13200    28      9      0      0      1   0.123   0.033   0.070   0.228     5.616
   22          inf         -inf   3.6041e+05  27565  13202    30      0      0      2      0   0.164   0.000   0.069   0.234     5.850
   23          inf         -inf   3.6041e+05  27598  13195    30     33      0      0      7   0.166   0.037   0.071   0.275     6.125
   24          inf         -inf   3.7075e+05  27598  13204    26      0      0      9      0   0.139   0.000   0.072   0.211     6.336
   25          inf         -inf   3.7075e+05  27614  13204    26     16      0      0      0   0.172   0.037   0.073   0.282     6.618
   26          inf   1.0348e+05   3.8522e+05  28087  13203    23    473      0      0      1   0.170   0.482   0.070   0.724     7.342
   27          inf   1.0348e+05   3.4838e+05  28087  13227     0      0      0     24      0   0.152   0.000   0.071   0.224     7.566
   28   3.4844e+05   1.0348e+05   3.4844e+05  28120  13223     0     33      0      0      4   0.157   0.050   0.071   0.279     7.845
   29   3.4841e+05   3.4829e+05   3.4841e+05  28187  13221     0     67      0      0      2   0.163   0.454   0.070   0.688     8.533
   30   3.4836e+05   3.4836e+05   3.4836e+05  28187  13221     0     *5      0      0      0   0.167   0.444   0.069   0.681     9.213
CG optimal after 30 iterations. UB=348361.507934 LB=348359.524371 gap=1.984e+00 tol=3.484e+01  t_LP=5.145  t_PR=2.393  t_SP=2.130  t_Tot=9.692
[bounded-pricing] enabled=1 cut=39715 priced=54772 rate=72.5%

# === STDOUT (result CSV) ===
instance,formulation,iterations,columns,objective,lower_bound,optimal,time,time_lp,time_pricing,time_separation
data/intermodal/BUS-13160-0.txt.gz,path,30,15052,348361.507934,348359.524371,1,9.923,5.145,2.393,2.130
