# cmd: /usr/bin/time -o /tmp/mcfcg_mem_8z4isdqy.txt -f %M build/mcfcg_cli data/intermodal/SBT-18765-0.txt.gz --solver cuopt --formulation tree --max-iters 10000 --strategy pricer-heavy --bounded-pricing --time-limit 7200.0
# outcome: ok
# returncode: 0
# peak_rss_kb: 1442824
# peak_rss_source: measured
# === STDERR (CG iteration log + preamble) ===
Instance: 188487 vertices, 1782614 arcs, 18745 commodities, 18745 sources
Solver: cuopt, formulation: tree
Pricing threads: 32 (auto)
Slack mode: CommodityRows (struct=18745, capped_arcs=1535594)
[lp-config] backend=cuopt version=26.8.0 method=barrier exec=GPU presolve=off crossover=off tol=0.0001 threads=n/a(GPU)
   It           UB           LB       LP_obj   #col   #row  #slk   +col   -col   +cut   -cut    t_LP    t_PR    t_SP   t_Tot     t_acc
    1          inf         -inf   4.7848e+05  37490  18814   327      0      0     69      0   0.529   0.000   0.131   0.660     0.660
    2          inf         -inf   4.8278e+05  38149  18814   549    659      0      0      0   0.153   0.174   0.125   0.455     1.115
    3          inf         -inf   4.8136e+05  38149  18831    10      0      0     17      0   0.131   0.000   0.128   0.260     1.375
    4          inf         -inf   4.8147e+05  38149  18832    23      0      0      1      0   0.151   0.000   0.131   0.282     1.657
    5          inf         -inf   4.8156e+05  38170  18832    28     21      0      0      0   0.138   0.051   0.127   0.317     1.974
    6          inf   4.7038e+05   4.8419e+05  38400  18832    23    230      0      0      0   0.151   2.153   0.128   2.433     4.406
    7   4.8111e+05   4.8110e+05   4.8111e+05  38400  18832     0     *9      0      0      0   0.162   2.216   0.139   2.516     6.923
CG optimal after 7 iterations. UB=481112.004727 LB=481099.064529 gap=1.294e+01 tol=4.811e+01  t_LP=1.415  t_PR=6.760  t_SP=0.908  t_Tot=9.089
[bounded-pricing] enabled=1 cut=37334 priced=56998 rate=65.5%

# === STDOUT (result CSV) ===
instance,formulation,iterations,columns,objective,lower_bound,optimal,time,time_lp,time_pricing,time_separation
data/intermodal/SBT-18765-0.txt.gz,tree,7,19655,481112.004727,481099.064529,1,9.473,1.415,6.760,0.908
