# cmd: /usr/bin/time -o /tmp/mcfcg_mem_twspyn1a.txt -f %M build/mcfcg_cli data/intermodal/BUS-7896-0.txt.gz --solver cuopt --formulation path --max-iters 10000 --strategy pricer-heavy --bounded-pricing --time-limit 7200.0
# outcome: ok
# returncode: 0
# peak_rss_kb: 1065312
# peak_rss_source: measured
# === STDERR (CG iteration log + preamble) ===
Instance: 130395 vertices, 710935 arcs, 7883 commodities, 7883 sources
Solver: cuopt, formulation: path
Pricing threads: 32 (auto)
Slack mode: CommodityRows (struct=7883, capped_arcs=524037)
[lp-config] backend=cuopt version=26.8.0 method=barrier exec=GPU presolve=off crossover=off tol=0.0001 threads=n/a(GPU)
   It           UB           LB       LP_obj   #col   #row  #slk   +col   -col   +cut   -cut    t_LP    t_PR    t_SP   t_Tot     t_acc
    1          inf         -inf   2.0473e+05  15766   7960   475      0      0     77      0   0.475   0.000   0.050   0.525     0.525
    2          inf         -inf   2.0647e+05  16201   7960   631    435      0      0      0   0.137   0.049   0.050   0.237     0.762
    3          inf         -inf   2.1095e+05  16201   8034    33      0      0     74      0   0.096   0.000   0.049   0.145     0.907
    4          inf         -inf   2.1189e+05  16201   8036    98      0      0      2      0   0.088   0.000   0.053   0.142     1.049
    5          inf         -inf   2.1189e+05  16228   8036    98     27      0      0      0   0.087   0.027   0.059   0.173     1.222
    6          inf   1.6753e+05   2.1650e+05  16791   8036   108    563      0      0      0   0.114   0.214   0.054   0.383     1.605
    7          inf   1.6753e+05   2.1070e+05  16791   8045     2      0      0      9      0   0.118   0.000   0.049   0.167     1.772
    8          inf   1.6753e+05   2.1071e+05  16791   8046     2      0      0      1      0   0.092   0.000   0.052   0.144     1.917
    9          inf   1.6753e+05   2.1071e+05  16791   8048     2      0      0      2      0   0.094   0.000   0.058   0.152     2.069
   10          inf   1.6753e+05   2.1071e+05  16793   7985     2      2      0      0     63   0.096   0.025   0.052   0.173     2.241
   11          inf   1.6753e+05   2.1118e+05  16793   7991     2      0      0      6      0   0.089   0.000   0.050   0.139     2.380
   12          inf   1.6753e+05   2.1118e+05  16800   7960     2      7      0      0     31   0.146   0.025   0.054   0.226     2.606
   13          inf   1.6753e+05   2.1163e+05  16800   7964     2      0      0      4      0   0.094   0.000   0.052   0.146     2.752
   14          inf   2.0295e+05   2.1163e+05  16971   7959     2    171      0      0      5   0.142   0.253   0.056   0.452     3.204
   15          inf   2.0295e+05   2.1059e+05  16971   7969     0      0      0     10      0   0.139   0.000   0.050   0.189     3.394
   16   2.1060e+05   2.0295e+05   2.1060e+05  16976   7967     0      5      0      0      2   0.085   0.027   0.051   0.164     3.558
   17   2.1060e+05   2.1058e+05   2.1060e+05  16976   7967     0    *13      0      0      0   0.129   0.206   0.050   0.386     3.944
CG optimal after 17 iterations. UB=210595.501222 LB=210584.514201 gap=1.099e+01 tol=2.106e+01  t_LP=2.221  t_PR=1.057  t_SP=0.888  t_Tot=4.176
[bounded-pricing] enabled=1 cut=23297 priced=32403 rate=71.9%

# === STDOUT (result CSV) ===
instance,formulation,iterations,columns,objective,lower_bound,optimal,time,time_lp,time_pricing,time_separation
data/intermodal/BUS-7896-0.txt.gz,path,17,9093,210595.501222,210584.514201,1,4.342,2.221,1.057,0.888
