# cmd: /usr/bin/time -o /tmp/mcfcg_mem_jwyqnc2d.txt -f %M build/mcfcg_cli data/intermodal/SBT-43785-0.txt.gz --solver cuopt --formulation tree --max-iters 10000 --strategy pricer-heavy --bounded-pricing --time-limit 7200.0
# outcome: ok
# returncode: 0
# peak_rss_kb: 2188544
# peak_rss_source: measured
# === STDERR (CG iteration log + preamble) ===
Instance: 238529 vertices, 3741246 arcs, 43757 commodities, 43757 sources
Solver: cuopt, formulation: tree
Pricing threads: 32 (auto)
Slack mode: CommodityRows (struct=43757, capped_arcs=3494226)
[lp-config] backend=cuopt version=26.8.0 method=barrier exec=GPU presolve=off crossover=off tol=0.0001 threads=n/a(GPU)
   It           UB           LB       LP_obj   #col   #row  #slk   +col   -col   +cut   -cut    t_LP    t_PR    t_SP   t_Tot     t_acc
    1          inf         -inf   1.1175e+06  87514  43829   745      0      0     72      0   0.634   0.000   0.280   0.915     0.915
    2          inf         -inf   1.1284e+06  89098  43829  1264   1584      0      0      0   0.168   0.577   0.271   1.019     1.934
    3          inf         -inf   1.1237e+06  89098  43840     0      0      0     11      0   0.183   0.000   0.271   0.456     2.390
    4          inf         -inf   1.1238e+06  89098  43841    23      0      0      1      0   0.158   0.000   0.271   0.431     2.821
    5          inf   1.1230e+06   1.1238e+06  89471  43841    23    373      0      0      0   0.181   8.646   0.271   9.100    11.921
    6   1.1236e+06   1.1236e+06   1.1236e+06  89471  43841     0     *1      0      0      0   0.165   8.521   0.272   8.959    20.880
CG optimal after 6 iterations. UB=1123600.019830 LB=1123593.811223 gap=6.209e+00 tol=1.124e+02  t_LP=1.490  t_PR=26.588  t_SP=1.635  t_Tot=29.723
[bounded-pricing] enabled=1 fired=87364 priced=133079 rate=65.6%

# === STDOUT (result CSV) ===
instance,formulation,iterations,columns,objective,lower_bound,optimal,time,time_lp,time_pricing,time_separation
data/intermodal/SBT-43785-0.txt.gz,tree,6,45714,1123600.019830,1123593.811223,1,30.554,1.490,26.588,1.635
