# cmd: /usr/bin/time -o /tmp/mcfcg_mem_anwgkxel.txt -f %M build/mcfcg_cli data/intermodal/BUS-23688-0.txt.gz --solver cuopt --formulation path --max-iters 10000 --strategy pricer-heavy --bounded-pricing --time-limit 7200.0
# outcome: ok
# returncode: 0
# peak_rss_kb: 1400908
# peak_rss_source: measured
# === STDERR (CG iteration log + preamble) ===
Instance: 161993 vertices, 1653437 arcs, 23643 commodities, 23643 sources
Solver: cuopt, formulation: path
Pricing threads: 32 (auto)
Slack mode: CommodityRows (struct=23643, capped_arcs=1466539)
[lp-config] backend=cuopt version=26.8.0 method=barrier exec=GPU presolve=off crossover=off tol=0.0001 threads=n/a(GPU)
   It           UB           LB       LP_obj   #col   #row  #slk   +col   -col   +cut   -cut    t_LP    t_PR    t_SP   t_Tot     t_acc
    1          inf         -inf   6.0693e+05  47286  23709  1421      0      0     66      0   0.583   0.000   0.107   0.691     0.691
    2          inf         -inf   6.1290e+05  48449  23709  1888   1163      0      0      0   0.119   0.188   0.107   0.416     1.106
    3          inf         -inf   6.2610e+05  48449  23765   101      0      0     56      0   0.162   0.000   0.110   0.273     1.379
    4          inf         -inf   6.2846e+05  49402  23765   301    953      0      0      0   0.140   0.193   0.107   0.442     1.821
    5          inf         -inf   6.3009e+05  49402  23777   101      0      0     12      0   0.152   0.000   0.108   0.261     2.083
    6          inf         -inf   6.3017e+05  49402  23783   109      0      0      6      0   0.159   0.000   0.110   0.269     2.352
    7          inf         -inf   6.3021e+05  49481  23757   113     79      0      0     26   0.197   0.063   0.106   0.368     2.720
    8          inf         -inf   6.4872e+05  49481  23758   103      0      0      1      0   0.161   0.000   0.109   0.271     2.991
    9          inf         -inf   6.4872e+05  49482  23720   106      1      0      0     38   0.152   0.051   0.107   0.312     3.303
   10          inf         -inf   6.5837e+05  49482  23734   103      0      0     14      0   0.181   0.000   0.108   0.291     3.594
   11          inf         -inf   6.5842e+05  49865  23719   111    383      0      0     15   0.160   0.129   0.106   0.397     3.991
   12          inf         -inf   6.3827e+05  49865  23727    43      0      0      8      0   0.150   0.000   0.107   0.258     4.249
   13          inf         -inf   6.3828e+05  49999  23724    48    134      0      0      3   0.146   0.097   0.112   0.357     4.606
   14          inf         -inf   6.3261e+05  49999  23729    21      0      0      5      0   0.145   0.000   0.107   0.253     4.859
   15          inf         -inf   6.3262e+05  49999  23731    22      0      0      2      0   0.146   0.000   0.109   0.255     5.114
   16          inf         -inf   6.3262e+05  50025  23720    22     26      0      0     11   0.143   0.060   0.107   0.312     5.426
   17          inf         -inf   6.3277e+05  50025  23725    23      0      0      5      0   0.146   0.000   0.112   0.259     5.685
   18          inf         -inf   6.3277e+05  50032  23711    23      7      0      0     14   0.145   0.057   0.107   0.310     5.995
   19          inf         -inf   6.3290e+05  50032  23718    21      0      0      7      0   0.143   0.000   0.107   0.251     6.247
   20          inf         -inf   6.3290e+05  50096  23712    21     64      0      0      6   0.150   0.070   0.107   0.329     6.575
   21          inf         -inf   6.9576e+05  50096  23713    22      0      0      1      0   0.167   0.000   0.108   0.276     6.851
   22          inf   2.9281e+05   6.9576e+05  50639  23708    22    543      0      0      5   0.163   1.169   0.107   1.442     8.293
   23          inf   2.9281e+05   6.2488e+05  50639  23722     0      0      0     14      0   0.148   0.000   0.107   0.256     8.548
   24          inf   2.9281e+05   6.2493e+05  50639  23723     1      0      0      1      0   0.146   0.000   0.106   0.254     8.802
   25          inf   2.9281e+05   6.2493e+05  50640  23718     1      1      0      0      5   0.148   0.050   0.109   0.308     9.110
   26          inf   2.9281e+05   6.2493e+05  50640  23722     0      0      0      4      0   0.148   0.000   0.107   0.256     9.366
   27   6.2493e+05   6.2469e+05   6.2493e+05  50791  23720     0    151      0      0      2   0.148   1.136   0.107   1.392    10.758
   28   6.2493e+05   6.2469e+05   6.2488e+05  50791  23722     0      0      0      2      0   0.143   0.000   0.108   0.252    11.010
   29   6.2488e+05   6.2469e+05   6.2488e+05  50801  23704     0     10      0      0     18   0.150   0.063   0.107   0.321    11.331
   30   6.2488e+05   6.2469e+05   6.2488e+05  50801  23711     0      0      0      7      0   0.146   0.000   0.108   0.255    11.586
   31   6.2488e+05   6.2487e+05   6.2488e+05  50801  23711     0    *12      0      0      0   0.143   1.154   0.108   1.405    12.991
CG optimal after 31 iterations. UB=624882.521656 LB=624873.317516 gap=9.204e+00 tol=6.249e+01  t_LP=5.132  t_PR=5.574  t_SP=3.342  t_Tot=14.086
[bounded-pricing] enabled=1 fired=72488 priced=99658 rate=72.7%

# === STDOUT (result CSV) ===
instance,formulation,iterations,columns,objective,lower_bound,optimal,time,time_lp,time_pricing,time_separation
data/intermodal/BUS-23688-0.txt.gz,path,31,27158,624882.521656,624873.317516,1,14.425,5.132,5.574,3.342
