# cmd: /usr/bin/time -o /tmp/mcfcg_mem_mtx5n5ey.txt -f %M build/mcfcg_cli data/intermodal/SBT-31275-0.txt.gz --solver cuopt --formulation tree --max-iters 10000 --strategy pricer-heavy --bounded-pricing --time-limit 7200.0
# outcome: ok
# returncode: 0
# peak_rss_kb: 1811236
# peak_rss_source: measured
# === STDERR (CG iteration log + preamble) ===
Instance: 213509 vertices, 2760366 arcs, 31252 commodities, 31252 sources
Solver: cuopt, formulation: tree
Pricing threads: 32 (auto)
Slack mode: CommodityRows (struct=31252, capped_arcs=2513346)
[lp-config] backend=cuopt version=26.8.0 method=barrier exec=GPU presolve=off crossover=off tol=0.0001 threads=n/a(GPU)
   It           UB           LB       LP_obj   #col   #row  #slk   +col   -col   +cut   -cut    t_LP    t_PR    t_SP   t_Tot     t_acc
    1          inf         -inf   7.9697e+05  62504  31318   523      0      0     66      0   0.558   0.000   0.202   0.762     0.762
    2          inf         -inf   8.0461e+05  63528  31318   892   1024      0      0      0   0.188   0.322   0.199   0.711     1.473
    3          inf         -inf   8.0139e+05  63528  31331     0      0      0     13      0   0.203   0.000   0.199   0.403     1.876
    4          inf         -inf   8.0149e+05  63664  31331    20    136      0      0      0   0.184   0.170   0.198   0.553     2.429
    5   8.0138e+05   8.0102e+05   8.0138e+05  63785  31331     0    121      0      0      0   0.190   4.961   0.195   5.346     7.775
    6   8.0132e+05   8.0132e+05   8.0132e+05  63785  31331     0     *0      0      0      0   0.184  10.292   0.196  10.672    18.448
CG optimal after 6 iterations. UB=801323.010641 LB=801319.663475 gap=3.347e+00 tol=8.013e+01  t_LP=1.507  t_PR=20.995  t_SP=1.190  t_Tot=23.699
[bounded-pricing] enabled=1 cut=93809 priced=126342 rate=74.3%

# === STDOUT (result CSV) ===
instance,formulation,iterations,columns,objective,lower_bound,optimal,time,time_lp,time_pricing,time_separation
data/intermodal/SBT-31275-0.txt.gz,tree,6,32533,801323.010641,801319.663475,1,24.288,1.507,20.995,1.190
