# cmd: /usr/bin/time -o /tmp/mcfcg_mem_gfixdshm.txt -f %M build/mcfcg_cli data/intermodal/BUS-2632-0.txt.gz --solver cuopt --formulation tree --max-iters 10000 --strategy pricer-heavy --bounded-pricing --time-limit 7200.0
# outcome: ok
# returncode: 0
# peak_rss_kb: 943324
# peak_rss_source: measured
# === STDERR (CG iteration log + preamble) ===
Instance: 119865 vertices, 397362 arcs, 2628 commodities, 2628 sources
Solver: cuopt, formulation: tree
Pricing threads: 32 (auto)
Slack mode: CommodityRows (struct=2628, capped_arcs=210464)
[lp-config] backend=cuopt version=26.8.0 method=barrier exec=GPU presolve=off crossover=off tol=0.0001 threads=n/a(GPU)
   It           UB           LB       LP_obj   #col   #row  #slk   +col   -col   +cut   -cut    t_LP    t_PR    t_SP   t_Tot     t_acc
    1          inf         -inf   6.8907e+04   5256   2722   161      0      0     94      0   0.434   0.000   0.035   0.470     0.470
    2          inf         -inf   6.9679e+04   5420   2722   229    164      0      0      0   0.086   0.021   0.033   0.141     0.611
    3          inf         -inf   7.1144e+04   5420   2803    15      0      0     81      0   0.051   0.000   0.034   0.085     0.696
    4          inf         -inf   7.2146e+04   5420   2804    43      0      0      1      0   0.049   0.000   0.036   0.085     0.781
    5          inf         -inf   7.2164e+04   5427   2804    44      7      0      0      0   0.102   0.014   0.035   0.151     0.932
    6          inf         -inf   7.6825e+04   5427   2806    46      0      0      2      0   0.063   0.000   0.035   0.099     1.031
    7          inf         -inf   7.6841e+04   5434   2786    47      7      0      0     20   0.050   0.019   0.036   0.106     1.137
    8          inf   2.9010e+04   8.4175e+04   5664   2777    38    230      0      0      9   0.055   0.092   0.034   0.182     1.319
    9          inf   2.9010e+04   7.1560e+04   5664   2820     2      0      0     43      0   0.052   0.000   0.034   0.086     1.405
   10          inf   2.9010e+04   7.1658e+04   5752   2811     8     88      0      0      9   0.054   0.025   0.036   0.116     1.521
   11          inf   2.9010e+04   7.1549e+04   5752   2814     1      0      0      3      0   0.056   0.000   0.034   0.091     1.612
   12          inf   2.9010e+04   7.1549e+04   5761   2807     1      9      0      0      7   0.055   0.020   0.035   0.110     1.722
   13          inf   6.8311e+04   7.1564e+04   5808   2800     1     47      0      0      7   0.056   0.074   0.034   0.165     1.886
   14          inf   6.8311e+04   7.1027e+04   5808   2804     0      0      0      4      0   0.104   0.000   0.031   0.136     2.022
   15   7.1027e+04   6.8311e+04   7.1027e+04   5813   2762     0      5      0      0     42   0.050   0.018   0.035   0.103     2.125
   16   7.1027e+04   6.8311e+04   7.1027e+04   5813   2764     0      0      0      2      0   0.051   0.000   0.034   0.085     2.211
   17   7.1027e+04   7.1023e+04   7.1027e+04   5813   2764     0     *4      0      0      0   0.051   0.080   0.035   0.166     2.377
CG optimal after 17 iterations. UB=71026.505234 LB=71023.038533 gap=3.467e+00 tol=7.103e+00  t_LP=1.420  t_PR=0.444  t_SP=0.588  t_Tot=2.459
[bounded-pricing] enabled=1 fired=7790 priced=10979 rate=71.0%

# === STDOUT (result CSV) ===
instance,formulation,iterations,columns,objective,lower_bound,optimal,time,time_lp,time_pricing,time_separation
data/intermodal/BUS-2632-0.txt.gz,tree,17,3185,71026.505234,71023.038533,1,2.564,1.420,0.444,0.588
