# cmd: /usr/bin/time -o /tmp/mcfcg_mem_9nzqly8c.txt -f %M build/mcfcg_cli data/intermodal/BUS-13160-0.txt.gz --solver cuopt --formulation tree --max-iters 10000 --strategy pricer-heavy --bounded-pricing --time-limit 7200.0
# outcome: ok
# returncode: 0
# peak_rss_kb: 1190128
# peak_rss_source: measured
# === STDERR (CG iteration log + preamble) ===
Instance: 140925 vertices, 1023858 arcs, 13135 commodities, 13135 sources
Solver: cuopt, formulation: tree
Pricing threads: 32 (auto)
Slack mode: CommodityRows (struct=13135, capped_arcs=836960)
[lp-config] backend=cuopt version=26.8.0 method=barrier exec=GPU presolve=off crossover=off tol=0.0001 threads=n/a(GPU)
   It           UB           LB       LP_obj   #col   #row  #slk   +col   -col   +cut   -cut    t_LP    t_PR    t_SP   t_Tot     t_acc
    1          inf         -inf   3.3868e+05  26270  13208   783      0      0     73      0   0.482   0.000   0.073   0.556     0.556
    2          inf         -inf   3.4174e+05  26924  13208  1041    654      0      0      0   0.079   0.083   0.071   0.235     0.790
    3          inf         -inf   3.4913e+05  26924  13259    71      0      0     51      0   0.101   0.000   0.072   0.173     0.963
    4          inf         -inf   3.5030e+05  27286  13259   147    362      0      0      0   0.088   0.066   0.070   0.225     1.189
    5          inf         -inf   3.5358e+05  27286  13270    87      0      0     11      0   0.092   0.000   0.071   0.163     1.352
    6          inf         -inf   3.5361e+05  27286  13271    88      0      0      1      0   0.089   0.000   0.070   0.159     1.511
    7          inf         -inf   3.5361e+05  27290  13240    89      4      0      0     31   0.090   0.030   0.070   0.190     1.702
    8          inf         -inf   3.6416e+05  27290  13241    65      0      0      1      0   0.102   0.000   0.070   0.173     1.874
    9          inf         -inf   3.6416e+05  27349  13206    65     59      0      0     35   0.099   0.032   0.070   0.202     2.076
   10          inf         -inf   3.7563e+05  27349  13213    82      0      0      7      0   0.101   0.000   0.070   0.172     2.248
   11          inf         -inf   3.7567e+05  27460  13196    84    111      0      0     17   0.097   0.046   0.072   0.216     2.464
   12          inf         -inf   3.6158e+05  27460  13203    39      0      0      7      0   0.092   0.000   0.070   0.162     2.626
   13          inf         -inf   3.6159e+05  27460  13204    43      0      0      1      0   0.092   0.000   0.069   0.162     2.788
   14          inf         -inf   3.6159e+05  27477  13203    43     17      0      0      1   0.089   0.033   0.072   0.195     2.984
   15          inf         -inf   3.5785e+05  27477  13207    37      0      0      4      0   0.089   0.000   0.070   0.160     3.144
   16          inf         -inf   3.5785e+05  27495  13197    38     18      0      0     10   0.090   0.033   0.069   0.193     3.337
   17          inf         -inf   3.5836e+05  27495  13204    28      0      0      7      0   0.086   0.000   0.070   0.156     3.493
   18          inf         -inf   3.5838e+05  27495  13206    29      0      0      2      0   0.148   0.000   0.070   0.219     3.712
   19          inf         -inf   3.5838e+05  27556  13200    30     61      0      0      6   0.145   0.033   0.074   0.252     3.965
   20          inf         -inf   3.5896e+05  27556  13201    28      0      0      1      0   0.142   0.000   0.073   0.216     4.180
   21          inf         -inf   3.5896e+05  27565  13200    28      9      0      0      1   0.136   0.033   0.072   0.243     4.423
   22          inf         -inf   3.6041e+05  27565  13202    30      0      0      2      0   0.092   0.000   0.070   0.162     4.585
   23          inf         -inf   3.6041e+05  27598  13195    30     33      0      0      7   0.094   0.034   0.070   0.199     4.784
   24          inf         -inf   3.7075e+05  27598  13202    26      0      0      7      0   0.098   0.000   0.070   0.169     4.953
   25          inf         -inf   3.7075e+05  27604  13202    26      6      0      0      0   0.096   0.034   0.070   0.201     5.154
   26          inf   9.9524e+04   3.8522e+05  28077  13201    23    473      0      0      1   0.095   0.434   0.070   0.601     5.755
   27          inf   9.9524e+04   3.4839e+05  28077  13224     0      0      0     23      0   0.096   0.000   0.071   0.167     5.923
   28   3.4844e+05   9.9524e+04   3.4844e+05  28110  13219     0     33      0      0      5   0.093   0.044   0.071   0.209     6.132
   29   3.4844e+05   9.9524e+04   3.4842e+05  28110  13221     0      0      0      2      0   0.094   0.000   0.070   0.165     6.297
   30   3.4842e+05   9.9524e+04   3.4842e+05  28113  13215     0      3      0      0      6   0.097   0.034   0.069   0.201     6.498
   31   3.4842e+05   9.9524e+04   3.4841e+05  28113  13216     0      0      0      1      0   0.097   0.000   0.070   0.168     6.665
   32   3.4841e+05   3.4829e+05   3.4841e+05  28179  13206     0     66      0      0     10   0.100   0.458   0.070   0.629     7.295
   33   3.4841e+05   3.4829e+05   3.4836e+05  28179  13211     0      0      0      5      0   0.093   0.000   0.071   0.164     7.459
   34   3.4836e+05   3.4836e+05   3.4836e+05  28179  13211     0     *5      0      0      0   0.092   0.460   0.070   0.622     8.081
CG optimal after 34 iterations. UB=348361.506016 LB=348359.537291 gap=1.969e+00 tol=3.484e+01  t_LP=3.770  t_PR=2.352  t_SP=2.397  t_Tot=8.545
[bounded-pricing] enabled=1 fired=39792 priced=54841 rate=72.6%

# === STDOUT (result CSV) ===
instance,formulation,iterations,columns,objective,lower_bound,optimal,time,time_lp,time_pricing,time_separation
data/intermodal/BUS-13160-0.txt.gz,tree,34,15044,348361.506016,348359.537291,1,8.758,3.770,2.352,2.397
