# cmd: /usr/bin/time -o /tmp/mcfcg_mem_egx16our.txt -f %M build/mcfcg_cli data/intermodal/SBT-31275-0.txt.gz --solver cuopt --formulation path --max-iters 10000 --strategy pricer-heavy --bounded-pricing --time-limit 7200.0
# outcome: ok
# returncode: 0
# peak_rss_kb: 1821616
# peak_rss_source: measured
# === STDERR (CG iteration log + preamble) ===
Instance: 213509 vertices, 2760366 arcs, 31252 commodities, 31252 sources
Solver: cuopt, formulation: path
Pricing threads: 32 (auto)
Slack mode: CommodityRows (struct=31252, capped_arcs=2513346)
[lp-config] backend=cuopt version=26.8.0 method=barrier exec=GPU presolve=off crossover=off tol=0.0001 threads=n/a(GPU)
   It           UB           LB       LP_obj   #col   #row  #slk   +col   -col   +cut   -cut    t_LP    t_PR    t_SP   t_Tot     t_acc
    1          inf         -inf   7.9697e+05  62504  31318   523      0      0     66      0   0.579   0.000   0.198   0.779     0.779
    2          inf         -inf   8.0461e+05  63529  31318   892   1025      0      0      0   0.221   0.334   0.193   0.751     1.529
    3          inf         -inf   8.0139e+05  63529  31331     0      0      0     13      0   0.226   0.000   0.190   0.418     1.947
    4          inf         -inf   8.0149e+05  63665  31331    20    136      0      0      0   0.205   0.174   0.190   0.571     2.517
    5   8.0138e+05   8.0104e+05   8.0138e+05  63785  31331     0    120      0      0      0   0.197   5.038   0.188   5.424     7.942
    6   8.0132e+05   8.0132e+05   8.0132e+05  63785  31331     0     *0      0      0      0   0.197  10.152   0.189  10.539    18.481
CG optimal after 6 iterations. UB=801323.016391 LB=801319.663264 gap=3.353e+00 tol=8.013e+01  t_LP=1.625  t_PR=21.058  t_SP=1.149  t_Tot=23.840
[bounded-pricing] enabled=1 cut=93809 priced=126342 rate=74.3%

# === STDOUT (result CSV) ===
instance,formulation,iterations,columns,objective,lower_bound,optimal,time,time_lp,time_pricing,time_separation
data/intermodal/SBT-31275-0.txt.gz,path,6,32533,801323.016391,801319.663264,1,24.408,1.625,21.058,1.149
