# cmd: /usr/bin/time -o /tmp/mcfcg_mem_qbgjiskf.txt -f %M build/mcfcg_cli data/intermodal/SBT-43785-0.txt.gz --solver cuopt --formulation path --max-iters 10000 --strategy pricer-heavy --bounded-pricing --time-limit 7200.0
# outcome: ok
# returncode: 0
# peak_rss_kb: 2190576
# peak_rss_source: measured
# === STDERR (CG iteration log + preamble) ===
Instance: 238529 vertices, 3741246 arcs, 43757 commodities, 43757 sources
Solver: cuopt, formulation: path
Pricing threads: 32 (auto)
Slack mode: CommodityRows (struct=43757, capped_arcs=3494226)
[lp-config] backend=cuopt version=26.8.0 method=barrier exec=GPU presolve=off crossover=off tol=0.0001 threads=n/a(GPU)
   It           UB           LB       LP_obj   #col   #row  #slk   +col   -col   +cut   -cut    t_LP    t_PR    t_SP   t_Tot     t_acc
    1          inf         -inf   1.1175e+06  87514  43829   745      0      0     72      0   0.672   0.000   0.263   0.936     0.936
    2          inf         -inf   1.1284e+06  89103  43829  1264   1589      0      0      0   0.209   0.581   0.262   1.056     1.992
    3          inf         -inf   1.1237e+06  89103  43841     0      0      0     12      0   0.216   0.000   0.265   0.483     2.475
    4          inf         -inf   1.1238e+06  89251  43841    23    148      0      0      0   0.194   0.255   0.262   0.713     3.188
    5   1.1237e+06   1.1235e+06   1.1237e+06  89482  43841     0    231      0      0      0   0.195   8.590   0.266   9.051    12.239
    6   1.1236e+06   1.1236e+06   1.1236e+06  89482  43841     0     *1      0      0      0   0.238   8.641   0.264   9.143    21.382
CG optimal after 6 iterations. UB=1123600.012524 LB=1123593.820773 gap=6.192e+00 tol=1.124e+02  t_LP=1.724  t_PR=27.028  t_SP=1.582  t_Tot=30.343
[bounded-pricing] enabled=1 fired=87606 priced=133332 rate=65.7%

# === STDOUT (result CSV) ===
instance,formulation,iterations,columns,objective,lower_bound,optimal,time,time_lp,time_pricing,time_separation
data/intermodal/SBT-43785-0.txt.gz,path,6,45725,1123600.012524,1123593.820773,1,31.153,1.724,27.028,1.582
