# cmd: /usr/bin/time -o /tmp/mcfcg_mem_c7pokjup.txt -f %M build/mcfcg_cli data/intermodal/BUS-23688-0.txt.gz --solver cuopt --formulation tree --max-iters 10000 --strategy pricer-heavy --bounded-pricing --time-limit 7200.0
# outcome: ok
# returncode: 0
# peak_rss_kb: 1396596
# peak_rss_source: measured
# === STDERR (CG iteration log + preamble) ===
Instance: 161993 vertices, 1653437 arcs, 23643 commodities, 23643 sources
Solver: cuopt, formulation: tree
Pricing threads: 32 (auto)
Slack mode: CommodityRows (struct=23643, capped_arcs=1466539)
[lp-config] backend=cuopt version=26.8.0 method=barrier exec=GPU presolve=off crossover=off tol=0.0001 threads=n/a(GPU)
   It           UB           LB       LP_obj   #col   #row  #slk   +col   -col   +cut   -cut    t_LP    t_PR    t_SP   t_Tot     t_acc
    1          inf         -inf   6.0693e+05  47286  23709  1421      0      0     66      0   0.534   0.000   0.116   0.650     0.650
    2          inf         -inf   6.1290e+05  48446  23709  1888   1160      0      0      0   0.104   0.189   0.111   0.407     1.057
    3          inf         -inf   6.2611e+05  48446  23764   101      0      0     55      0   0.197   0.000   0.112   0.310     1.367
    4          inf         -inf   6.2851e+05  49399  23764   302    953      0      0      0   0.147   0.197   0.111   0.457     1.824
    5          inf         -inf   6.3010e+05  49399  23777   102      0      0     13      0   0.136   0.000   0.111   0.248     2.072
    6          inf         -inf   6.3019e+05  49399  23783   110      0      0      6      0   0.139   0.000   0.113   0.253     2.324
    7          inf         -inf   6.3022e+05  49471  23757   113     72      0      0     26   0.140   0.062   0.112   0.316     2.640
    8          inf         -inf   6.4873e+05  49471  23758   102      0      0      1      0   0.139   0.000   0.113   0.253     2.893
    9          inf         -inf   6.4873e+05  49472  23721   104      1      0      0     37   0.141   0.051   0.111   0.305     3.198
   10          inf         -inf   6.5839e+05  49472  23732   103      0      0     11      0   0.138   0.000   0.112   0.251     3.448
   11          inf         -inf   6.5844e+05  49750  23716   106    278      0      0     16   0.183   0.113   0.112   0.410     3.858
   12          inf         -inf   6.3833e+05  49750  23724    43      0      0      8      0   0.134   0.000   0.111   0.246     4.105
   13          inf         -inf   6.3834e+05  49995  23721    48    245      0      0      3   0.133   0.108   0.111   0.354     4.459
   14          inf         -inf   6.3262e+05  49995  23726    21      0      0      5      0   0.131   0.000   0.112   0.244     4.703
   15          inf         -inf   6.3263e+05  49995  23727    22      0      0      1      0   0.131   0.000   0.111   0.243     4.945
   16          inf   5.9283e+05   6.3263e+05  50756  23719    22    761      0      0      8   0.133   1.153   0.111   1.400     6.346
   17          inf   5.9283e+05   6.2488e+05  50756  23734     0      0      0     15      0   0.132   0.000   0.114   0.247     6.593
   18          inf   5.9283e+05   6.2492e+05  50756  23735     0      0      0      1      0   0.133   0.000   0.111   0.245     6.838
   19   6.2492e+05   6.2481e+05   6.2492e+05  50846  23719     0     90      0      0     16   0.137   1.097   0.111   1.346     8.184
   20   6.2492e+05   6.2481e+05   6.2488e+05  50846  23721     0      0      0      2      0   0.130   0.000   0.112   0.242     8.427
   21   6.2492e+05   6.2481e+05   6.2488e+05  50846  23722     0      0      0      1      0   0.133   0.000   0.111   0.245     8.672
   22   6.2488e+05   6.2488e+05   6.2488e+05  50846  23722     0     *2      0      0      0   0.129   1.093   0.111   1.334    10.006
CG optimal after 22 iterations. UB=624882.516754 LB=624879.399544 gap=3.117e+00 tol=6.249e+01  t_LP=3.453  t_PR=5.180  t_SP=2.461  t_Tot=11.122
[bounded-pricing] enabled=1 fired=71550 priced=98755 rate=72.5%

# === STDOUT (result CSV) ===
instance,formulation,iterations,columns,objective,lower_bound,optimal,time,time_lp,time_pricing,time_separation
data/intermodal/BUS-23688-0.txt.gz,tree,22,27203,624882.516754,624879.399544,1,11.451,3.453,5.180,2.461
