# cmd: /usr/bin/time -o /tmp/mcfcg_mem_isj9qecf.txt -f %M build/mcfcg_cli data/intermodal/SBT-6255-0.txt.gz --solver cuopt --formulation tree --max-iters 10000 --strategy pricer-heavy --bounded-pricing --time-limit 7200.0
# outcome: ok
# returncode: 0
# peak_rss_kb: 1117684
# peak_rss_source: measured
# === STDERR (CG iteration log + preamble) ===
Instance: 163487 vertices, 809375 arcs, 6251 commodities, 6251 sources
Solver: cuopt, formulation: tree
Pricing threads: 32 (auto)
Slack mode: CommodityRows (struct=6251, capped_arcs=562355)
[lp-config] backend=cuopt version=26.8.0 method=barrier exec=GPU presolve=off crossover=off tol=0.0001 threads=n/a(GPU)
   It           UB           LB       LP_obj   #col   #row  #slk   +col   -col   +cut   -cut    t_LP    t_PR    t_SP   t_Tot     t_acc
    1          inf         -inf   1.5957e+05  12502   6351   120      0      0    100      0   0.437   0.000   0.060   0.498     0.498
    2          inf         -inf   1.6193e+05  12842   6351   241    340      0      0      0   0.055   0.054   0.059   0.170     0.667
    3          inf         -inf   1.6080e+05  12842   6369     6      0      0     18      0   0.061   0.000   0.057   0.118     0.786
    4          inf         -inf   1.6086e+05  12842   6370    13      0      0      1      0   0.056   0.000   0.057   0.114     0.899
    5          inf         -inf   1.6086e+05  12848   6370    13      6      0      0      0   0.056   0.025   0.057   0.138     1.037
    6          inf   1.5664e+05   1.6287e+05  12991   6370    12    143      0      0      0   0.058   0.365   0.058   0.481     1.518
    7          inf   1.5664e+05   1.6061e+05  12991   6377     0      0      0      7      0   0.055   0.000   0.056   0.111     1.629
    8   1.6061e+05   1.6061e+05   1.6061e+05  12991   6377     0     *1      0      0      0   0.053   0.384   0.057   0.494     2.123
CG optimal after 8 iterations. UB=160606.003397 LB=160605.151074 gap=8.523e-01 tol=1.606e+01  t_LP=0.831  t_PR=1.246  t_SP=0.461  t_Tot=2.542
[bounded-pricing] enabled=1 fired=12423 priced=19164 rate=64.8%

# === STDOUT (result CSV) ===
instance,formulation,iterations,columns,objective,lower_bound,optimal,time,time_lp,time_pricing,time_separation
data/intermodal/SBT-6255-0.txt.gz,tree,8,6740,160606.003397,160605.151074,1,2.727,0.831,1.246,0.461
