# cmd: /usr/bin/time -o /tmp/mcfcg_mem_92icu0dw.txt -f %M build/mcfcg_cli data/intermodal/SBT-18765-0.txt.gz --solver cuopt --formulation path --max-iters 10000 --strategy pricer-heavy --bounded-pricing --time-limit 7200.0
# outcome: ok
# returncode: 0
# peak_rss_kb: 1446884
# peak_rss_source: measured
# === STDERR (CG iteration log + preamble) ===
Instance: 188487 vertices, 1782614 arcs, 18745 commodities, 18745 sources
Solver: cuopt, formulation: path
Pricing threads: 32 (auto)
Slack mode: CommodityRows (struct=18745, capped_arcs=1535594)
[lp-config] backend=cuopt version=26.8.0 method=barrier exec=GPU presolve=off crossover=off tol=0.0001 threads=n/a(GPU)
   It           UB           LB       LP_obj   #col   #row  #slk   +col   -col   +cut   -cut    t_LP    t_PR    t_SP   t_Tot     t_acc
    1          inf         -inf   4.7848e+05  37490  18814   327      0      0     69      0   0.537   0.000   0.124   0.661     0.661
    2          inf         -inf   4.8278e+05  38149  18814   549    659      0      0      0   0.166   0.169   0.124   0.461     1.122
    3          inf         -inf   4.8136e+05  38149  18831    10      0      0     17      0   0.174   0.000   0.123   0.298     1.420
    4          inf         -inf   4.8147e+05  38149  18832    23      0      0      1      0   0.162   0.000   0.124   0.287     1.707
    5          inf         -inf   4.8156e+05  38170  18832    28     21      0      0      0   0.160   0.050   0.122   0.332     2.039
    6          inf   4.7034e+05   4.8419e+05  38401  18832    23    231      0      0      0   0.172   2.121   0.125   2.419     4.458
    7   4.8111e+05   4.8110e+05   4.8111e+05  38401  18832     0     *9      0      0      0   0.147   2.065   0.123   2.336     6.794
CG optimal after 7 iterations. UB=481112.056827 LB=481099.239035 gap=1.282e+01 tol=4.811e+01  t_LP=1.519  t_PR=6.515  t_SP=0.865  t_Tot=8.905
[bounded-pricing] enabled=1 cut=37333 priced=56998 rate=65.5%

# === STDOUT (result CSV) ===
instance,formulation,iterations,columns,objective,lower_bound,optimal,time,time_lp,time_pricing,time_separation
data/intermodal/SBT-18765-0.txt.gz,path,7,19656,481112.056827,481099.239035,1,9.283,1.519,6.515,0.865
