# cmd: /usr/bin/time -o /tmp/mcfcg_mem_a0tlj_7b.txt -f %M build/mcfcg_cli data/intermodal/BUS-7896-0.txt.gz --solver copt --copt-gpu-mode 0 --formulation tree --max-iters 10000 --strategy pricer-heavy --time-limit 1800.0
# outcome: ok
# returncode: 0
# peak_rss_kb: 409732
# peak_rss_source: measured
# === STDERR (CG iteration log + preamble) ===
Instance: 130395 vertices, 710935 arcs, 7883 commodities, 7883 sources
Solver: copt (gpu-mode 0), formulation: tree
Pricing threads: 32 (auto)
Slack mode: CommodityRows (struct=7883, capped_arcs=524037)
[lp-config] backend=copt version=8.0.1 method=barrier exec=CPU presolve=off crossover=off tol=0.0001 threads=auto(32)
   It           UB           LB       LP_obj   #col   #row  #slk   +col   -col   +cut   -cut    t_LP    t_PR    t_SP   t_Tot     t_acc
    1          inf         -inf   2.0473e+05  15766   7960   475      0      0     77      0   0.028   0.000   0.052   0.080     0.080
    2          inf         -inf   2.0647e+05  16206   7960   631    440      0      0      0   0.010   0.052   0.049   0.112     0.193
    3          inf         -inf   2.1121e+05  16206   8031    48      0      0     71      0   0.011   0.000   0.049   0.061     0.254
    4          inf         -inf   2.1215e+05  16206   8035   112      0      0      4      0   0.014   0.000   0.050   0.064     0.318
    5          inf         -inf   2.1217e+05  16264   8035   112     58      0      0      0   0.014   0.024   0.049   0.088     0.406
    6          inf   1.5296e+05   2.2155e+05  16789   8035   111    525      0      0      0   0.015   0.211   0.049   0.276     0.682
    7          inf   1.5296e+05   2.1073e+05  16789   8054     2      0      0     19      0   0.021   0.000   0.050   0.071     0.754
    8          inf   1.5296e+05   2.1082e+05  16789   8055     4      0      0      1      0   0.023   0.000   0.050   0.073     0.827
    9          inf   1.5296e+05   2.1082e+05  16791   8004     4      2      0      0     51   0.021   0.022   0.049   0.093     0.919
   10          inf   1.5296e+05   2.1130e+05  16791   8005     4      0      0      1      0   0.016   0.000   0.049   0.065     0.985
   11          inf   2.0043e+05   2.1130e+05  16987   7995     4    196      0      0     10   0.016   0.230   0.049   0.297     1.281
   12          inf   2.0043e+05   2.1061e+05  16987   7999     0      0      0      4      0   0.017   0.000   0.049   0.066     1.348
   13   2.1061e+05   2.0043e+05   2.1061e+05  17008   7970     0     21      0      0     29   0.020   0.024   0.049   0.093     1.441
   14   2.1061e+05   2.0043e+05   2.1060e+05  17008   7971     0      0      0      1      0   0.016   0.000   0.049   0.066     1.507
   15   2.1060e+05   2.1056e+05   2.1060e+05  17051   7971     0     43      0      0      0   0.016   0.223   0.049   0.288     1.795
   16   2.1059e+05   2.1058e+05   2.1059e+05  17051   7971     0     *8      0      0      0   0.017   0.202   0.049   0.268     2.063
CG optimal after 16 iterations. UB=210593.501491 LB=210575.695613 gap=1.781e+01 tol=2.106e+01  t_LP=0.275  t_PR=1.240  t_SP=0.792  t_Tot=2.316
[pricing-cutoff] enabled=0 cut=0 priced=40322 rate=0.0%

# === STDOUT (result CSV) ===
Setting parameter 'LpMethod' to 2
Setting parameter 'GPUMode' to 0
Setting parameter 'Presolve' to 0
Setting parameter 'Crossover' to 0
instance,formulation,iterations,columns,objective,lower_bound,optimal,time,time_lp,time_pricing,time_separation
data/intermodal/BUS-7896-0.txt.gz,tree,16,9168,210593.501491,210575.695613,1,2.505,0.275,1.240,0.792
