# cmd: /usr/bin/time -o /tmp/mcfcg_mem_iyy252es.txt -f %M build/mcfcg_cli data/intermodal/BUS-18424-0.txt.gz --solver copt --copt-gpu-mode 0 --formulation tree --max-iters 10000 --strategy pricer-heavy --time-limit 1800.0
# outcome: ok
# returncode: 0
# peak_rss_kb: 684648
# peak_rss_source: measured
# === STDERR (CG iteration log + preamble) ===
Instance: 151455 vertices, 1338522 arcs, 18388 commodities, 18388 sources
Solver: copt (gpu-mode 0), formulation: tree
Pricing threads: 32 (auto)
Slack mode: CommodityRows (struct=18388, capped_arcs=1151624)
[lp-config] backend=copt version=8.0.1 method=barrier exec=CPU presolve=off crossover=off tol=0.0001 threads=auto(32)
   It           UB           LB       LP_obj   #col   #row  #slk   +col   -col   +cut   -cut    t_LP    t_PR    t_SP   t_Tot     t_acc
    1          inf         -inf   4.7151e+05  36776  18454  1078      0      0     66      0   0.060   0.000   0.091   0.152     0.152
    2          inf         -inf   4.7582e+05  37652  18454  1435    876      0      0      0   0.018   0.145   0.091   0.256     0.408
    3          inf         -inf   4.8678e+05  37652  18496   136      0      0     42      0   0.021   0.000   0.094   0.115     0.523
    4          inf         -inf   4.8820e+05  37652  18498   237      0      0      2      0   0.026   0.000   0.091   0.118     0.641
    5          inf         -inf   4.8824e+05  37736  18498   240     84      0      0      0   0.026   0.042   0.090   0.159     0.799
    6          inf         -inf   5.0368e+05  37736  18505   224      0      0      7      0   0.027   0.000   0.090   0.118     0.917
    7          inf         -inf   5.0369e+05  37840  18482   226    104      0      0     23   0.028   0.046   0.090   0.165     1.082
    8          inf         -inf   5.3728e+05  37840  18483   179      0      0      1      0   0.026   0.000   0.090   0.116     1.199
    9          inf         -inf   5.3729e+05  37872  18454   181     32      0      0     29   0.025   0.042   0.090   0.159     1.358
   10          inf         -inf   5.6715e+05  37872  18457   196      0      0      3      0   0.024   0.000   0.090   0.115     1.472
   11          inf         -inf   5.6715e+05  37901  18455   197     29      0      0      2   0.024   0.040   0.091   0.156     1.628
   12          inf         -inf   6.8040e+05  37901  18458   176      0      0      3      0   0.028   0.000   0.097   0.126     1.754
   13          inf         -inf   6.8040e+05  37933  18450   176     32      0      0      8   0.025   0.041   0.091   0.158     1.913
   14          inf         -inf   9.2553e+05  37933  18451   161      0      0      1      0   0.023   0.000   0.091   0.114     2.027
   15          inf         -inf   9.2553e+05  37934  18450   161      1      0      0      1   0.023   0.051   0.090   0.165     2.192
   16          inf         -inf   1.1033e+06  37934  18452   187      0      0      2      0   0.024   0.000   0.095   0.119     2.311
   17          inf         -inf   1.1033e+06  38020  18448   187     86      0      0      4   0.024   0.059   0.096   0.180     2.491
   18          inf         -inf   1.4818e+06  38020  18449   151      0      0      1      0   0.024   0.000   0.091   0.116     2.607
   19          inf  -5.3980e+06   1.4818e+06  39026  18446   151   1006      0      0      3   0.023   0.791   0.091   0.908     3.515
   20          inf  -5.3980e+06   4.8490e+05  39026  18486     0      0      0     40      0   0.024   0.000   0.091   0.116     3.631
   21          inf  -5.3980e+06   4.8518e+05  39026  18492    11      0      0      6      0   0.034   0.000   0.090   0.125     3.755
   22          inf  -5.3980e+06   4.8521e+05  39026  18496    11      0      0      4      0   0.033   0.000   0.090   0.124     3.880
   23          inf  -5.3980e+06   4.8521e+05  39029  18495    14      3      0      0      1   0.034   0.041   0.092   0.168     4.048
   24          inf   4.8391e+05   4.8527e+05  39422  18495     2    393      0      0      0   0.035   0.746   0.090   0.872     4.920
   25          inf   4.8391e+05   4.8504e+05  39422  18499     0      0      0      4      0   0.037   0.000   0.090   0.128     5.048
   26          inf   4.8391e+05   4.8504e+05  39422  18500     0      0      0      1      0   0.039   0.000   0.091   0.132     5.180
   27   4.8504e+05   4.8391e+05   4.8504e+05  39423  18460     0      1      0      0     40   0.040   0.045   0.090   0.176     5.355
   28   4.8504e+05   4.8391e+05   4.8504e+05  39423  18467     0      0      0      7      0   0.033   0.000   0.090   0.124     5.479
   29   4.8504e+05   4.8391e+05   4.8504e+05  39426  18464     0      3      0      0      3   0.032   0.057   0.090   0.180     5.659
   30   4.8504e+05   4.8391e+05   4.8504e+05  39426  18466     0      0      0      2      0   0.033   0.000   0.090   0.124     5.783
   31   4.8504e+05   4.8391e+05   4.8504e+05  39428  18453     0      2      0      0     13   0.032   0.044   0.092   0.170     5.953
   32   4.8504e+05   4.8391e+05   4.8504e+05  39428  18456     0      0      0      3      0   0.032   0.000   0.092   0.126     6.078
   33   4.8504e+05   4.8391e+05   4.8504e+05  39434  18455     0      6      0      0      1   0.033   0.055   0.091   0.180     6.258
   34   4.8504e+05   4.8391e+05   4.8504e+05  39434  18461     0      0      0      6      0   0.032   0.000   0.091   0.124     6.382
   35   4.8504e+05   4.8391e+05   4.8504e+05  39437  18456     0      3      0      0      5   0.033   0.052   0.091   0.177     6.559
   36   4.8504e+05   4.8391e+05   4.8504e+05  39437  18459     0      0      0      3      0   0.032   0.000   0.092   0.125     6.684
   37   4.8504e+05   4.8391e+05   4.8504e+05  39440  18457     0      3      0      0      2   0.032   0.052   0.091   0.177     6.860
   38   4.8504e+05   4.8391e+05   4.8504e+05  39440  18458     0      0      0      1      0   0.033   0.000   0.092   0.126     6.987
   39   4.8504e+05   4.8488e+05   4.8504e+05  39532  18455     0     92      0      0      3   0.033   0.761   0.091   0.886     7.872
   40   4.8504e+05   4.8488e+05   4.8503e+05  39532  18458     0      0      0      3      0   0.034   0.000   0.092   0.126     7.998
   41   4.8504e+05   4.8488e+05   4.8503e+05  39532  18459     0      0      0      1      0   0.032   0.000   0.091   0.124     8.122
   42   4.8503e+05   4.8499e+05   4.8503e+05  39532  18459     0    *11      0      0      0   0.033   0.751   0.090   0.874     8.996
CG optimal after 42 iterations. UB=485027.000005 LB=484989.633613 gap=3.737e+01 tol=4.850e+01  t_LP=1.268  t_PR=4.639  t_SP=3.830  t_Tot=9.776
[pricing-cutoff] enabled=0 cut=0 priced=94518 rate=0.0%

# === STDOUT (result CSV) ===
Setting parameter 'LpMethod' to 2
Setting parameter 'GPUMode' to 0
Setting parameter 'Presolve' to 0
Setting parameter 'Crossover' to 0
instance,formulation,iterations,columns,objective,lower_bound,optimal,time,time_lp,time_pricing,time_separation
data/intermodal/BUS-18424-0.txt.gz,tree,42,21144,485027.000005,484989.633613,1,10.099,1.268,4.639,3.830
