# cmd: /usr/bin/time -o /tmp/mcfcg_mem_deot5y0u.txt -f %M build/mcfcg_cli data/intermodal/SBT-18765-0.txt.gz --solver copt --copt-gpu-mode 0 --formulation tree --max-iters 10000 --strategy pricer-heavy --time-limit 1800.0
# outcome: ok
# returncode: 0
# peak_rss_kb: 852708
# peak_rss_source: measured
# === STDERR (CG iteration log + preamble) ===
Instance: 188487 vertices, 1782614 arcs, 18745 commodities, 18745 sources
Solver: copt (gpu-mode 0), formulation: tree
Pricing threads: 32 (auto)
Slack mode: CommodityRows (struct=18745, capped_arcs=1535594)
[lp-config] backend=copt version=8.0.1 method=barrier exec=CPU presolve=off crossover=off tol=0.0001 threads=auto(32)
   It           UB           LB       LP_obj   #col   #row  #slk   +col   -col   +cut   -cut    t_LP    t_PR    t_SP   t_Tot     t_acc
    1          inf         -inf   4.7848e+05  37490  18814   327      0      0     69      0   0.063   0.000   0.126   0.190     0.190
    2          inf         -inf   4.8278e+05  38150  18814   549    660      0      0      0   0.015   0.157   0.123   0.297     0.486
    3          inf         -inf   4.8145e+05  38150  18833    12      0      0     19      0   0.015   0.000   0.125   0.141     0.628
    4          inf         -inf   4.8156e+05  38150  18834    25      0      0      1      0   0.017   0.000   0.121   0.139     0.766
    5          inf         -inf   4.8165e+05  38171  18834    30     21      0      0      0   0.016   0.049   0.120   0.186     0.952
    6          inf   4.7023e+05   4.8629e+05  38420  18834    27    249      0      0      0   0.016   1.926   0.120   2.063     3.015
    7   4.8111e+05   4.8106e+05   4.8111e+05  38431  18817     0     11      0      0     17   0.017   1.980   0.123   2.120     5.135
    8   4.8111e+05   4.8106e+05   4.8111e+05  38431  18818     0      0      0      1      0   0.016   0.000   0.122   0.139     5.274
    9   4.8111e+05   4.8107e+05   4.8111e+05  38431  18818     0     *7      0      0      0   0.015   2.019   0.121   2.156     7.429
CG optimal after 9 iterations. UB=481107.500000 LB=481069.921790 gap=3.758e+01 tol=4.811e+01  t_LP=0.189  t_PR=8.173  t_SP=1.102  t_Tot=9.471
[pricing-cutoff] enabled=0 cut=0 priced=75755 rate=0.0%

# === STDOUT (result CSV) ===
Setting parameter 'LpMethod' to 2
Setting parameter 'GPUMode' to 0
Setting parameter 'Presolve' to 0
Setting parameter 'Crossover' to 0
instance,formulation,iterations,columns,objective,lower_bound,optimal,time,time_lp,time_pricing,time_separation
data/intermodal/SBT-18765-0.txt.gz,tree,9,19686,481107.500000,481069.921790,1,9.896,0.189,8.173,1.102
