# cmd: /usr/bin/time -o /tmp/mcfcg_mem_j9m544my.txt -f %M build/mcfcg_cli data/intermodal/SBT-6255-0.txt.gz --solver highs --formulation tree --max-iters 10000 --strategy pricer-heavy --time-limit 7200.0
# outcome: ok
# returncode: 0
# peak_rss_kb: 707220
# peak_rss_source: measured
# === STDERR (CG iteration log + preamble) ===
Instance: 163487 vertices, 809375 arcs, 6251 commodities, 6251 sources
Solver: highs, formulation: tree
Pricing threads: 32 (auto)
Slack mode: CommodityRows (struct=6251, capped_arcs=562355)
[lp-config] backend=highs version=1.15.1-04024d701f method=hipo exec=CPU presolve=off crossover=off tol=0.0001 threads=auto(32)
   It           UB           LB       LP_obj   #col   #row  #slk   +col   -col   +cut   -cut    t_LP    t_PR    t_SP   t_Tot     t_acc
    1          inf         -inf   1.5957e+05  12502   6351   120      0      0    100      0   0.088   0.000   0.062   0.150     0.150
    2          inf         -inf   1.6193e+05  12845   6351   241    343      0      0      0   0.141   0.057   0.060   0.260     0.410
    3          inf         -inf   1.6080e+05  12845   6369     6      0      0     18      0   0.165   0.000   0.058   0.224     0.633
    4          inf         -inf   1.6086e+05  12845   6370    13      0      0      1      0   0.174   0.000   0.062   0.236     0.869
    5          inf         -inf   1.6086e+05  12852   6370    13      7      0      0      0   0.169   0.028   0.066   0.263     1.132
    6          inf   1.5651e+05   1.6287e+05  13003   6370    12    151      0      0      0   0.166   0.416   0.063   0.646     1.778
    7          inf   1.5651e+05   1.6061e+05  13003   6374     0      0      0      4      0   0.180   0.000   0.076   0.257     2.035
    8   1.6061e+05   1.6059e+05   1.6061e+05  13003   6374     0     *1      0      0      0   0.187   0.441   0.060   0.688     2.723
CG optimal after 8 iterations. UB=160606.000009 LB=160593.898582 gap=1.210e+01 tol=1.606e+01  t_LP=1.269  t_PR=1.408  t_SP=0.507  t_Tot=3.190
[bounded-pricing] enabled=0 cut=0 priced=19163 rate=0.0%

# === STDOUT (result CSV) ===
instance,formulation,iterations,columns,objective,lower_bound,optimal,time,time_lp,time_pricing,time_separation
data/intermodal/SBT-6255-0.txt.gz,tree,8,6752,160606.000009,160593.898582,1,3.383,1.269,1.408,0.507
