# cmd: /usr/bin/time -o /tmp/mcfcg_mem_ru31uup3.txt -f %M build/mcfcg_cli data/intermodal/BUS-18424-0.txt.gz --solver highs --formulation tree --max-iters 10000 --strategy pricer-heavy --time-limit 7200.0
# outcome: ok
# returncode: 0
# peak_rss_kb: 931896
# peak_rss_source: measured
# === STDERR (CG iteration log + preamble) ===
Instance: 151455 vertices, 1338522 arcs, 18388 commodities, 18388 sources
Solver: highs, formulation: tree
Pricing threads: 32 (auto)
Slack mode: CommodityRows (struct=18388, capped_arcs=1151624)
[lp-config] backend=highs version=1.15.1-04024d701f method=hipo exec=CPU presolve=off crossover=off tol=0.0001 threads=auto(32)
   It           UB           LB       LP_obj   #col   #row  #slk   +col   -col   +cut   -cut    t_LP    t_PR    t_SP   t_Tot     t_acc
    1          inf         -inf   4.7151e+05  36776  18454  1078      0      0     66      0   0.251   0.000   0.093   0.345     0.345
    2          inf         -inf   4.7582e+05  37653  18454  1435    877      0      0      0   0.450   0.145   0.091   0.689     1.034
    3          inf         -inf   4.8625e+05  37653  18497   103      0      0     43      0   0.662   0.000   0.091   0.754     1.787
    4          inf         -inf   4.8778e+05  38302  18497   216    649      0      0      0   0.791   0.137   0.092   1.022     2.809
    5          inf         -inf   4.9505e+05  38302  18511    79      0      0     14      0   0.873   0.000   0.090   0.964     3.773
    6          inf         -inf   4.9521e+05  38302  18516    89      0      0      5      0   0.969   0.000   0.094   1.063     4.837
    7          inf         -inf   4.9521e+05  38322  18493    91     20      0      0     23   0.884   0.042   0.092   1.019     5.855
    8          inf   4.1235e+05   5.0664e+05  39319  18486    92    997      0      0      7   0.948   0.750   0.089   1.789     7.645
    9          inf   4.1235e+05   4.8494e+05  39319  18513     0      0      0     27      0   1.003   0.000   0.093   1.096     8.741
   10          inf   4.1235e+05   4.8510e+05  39319  18515    12      0      0      2      0   1.060   0.000   0.090   1.150     9.892
   11          inf   4.1235e+05   4.8510e+05  39334  18479    12     15      0      0     36   1.026   0.037   0.090   1.154    11.046
   12          inf   4.1235e+05   4.8520e+05  39334  18481     6      0      0      2      0   0.987   0.000   0.089   1.077    12.123
   13          inf   4.8254e+05   4.8520e+05  39617  18477     6    283      0      0      4   0.968   0.761   0.092   1.823    13.946
   14          inf   4.8254e+05   4.8503e+05  39617  18479     0      0      0      2      0   1.042   0.000   0.092   1.135    15.081
   15   4.8503e+05   4.8254e+05   4.8503e+05  39620  18459     0      3      0      0     20   0.945   0.049   0.093   1.088    16.169
   16   4.8503e+05   4.8254e+05   4.8503e+05  39620  18460     0      0      0      1      0   0.956   0.000   0.092   1.049    17.218
   17   4.8503e+05   4.8496e+05   4.8503e+05  39693  18456     0     73      0      0      4   0.923   0.752   0.090   1.765    18.983
   18   4.8503e+05   4.8496e+05   4.8503e+05  39693  18457     0      0      0      1      0   0.917   0.000   0.090   1.008    19.991
   19   4.8503e+05   4.8499e+05   4.8503e+05  39693  18457     0     *0      0      0      0   0.913   0.749   0.092   1.754    21.745
CG optimal after 19 iterations. UB=485025.500573 LB=484993.514569 gap=3.199e+01 tol=4.850e+01  t_LP=16.570  t_PR=4.162  t_SP=1.736  t_Tot=22.486
[bounded-pricing] enabled=0 fired=0 priced=94523 rate=0.0%

# === STDOUT (result CSV) ===
instance,formulation,iterations,columns,objective,lower_bound,optimal,time,time_lp,time_pricing,time_separation
data/intermodal/BUS-18424-0.txt.gz,tree,19,21305,485025.500573,484993.514569,1,22.755,16.570,4.162,1.736
