# cmd: /usr/bin/time -o /tmp/mcfcg_mem_gk09f9ez.txt -f %M build/mcfcg_cli data/intermodal/BUS-2632-0.txt.gz --solver highs --formulation path --max-iters 10000 --strategy pricer-heavy --time-limit 7200.0
# outcome: ok
# returncode: 0
# peak_rss_kb: 527216
# peak_rss_source: measured
# === STDERR (CG iteration log + preamble) ===
Instance: 119865 vertices, 397362 arcs, 2628 commodities, 2628 sources
Solver: highs, formulation: path
Pricing threads: 32 (auto)
Slack mode: CommodityRows (struct=2628, capped_arcs=210464)
[lp-config] backend=highs version=1.15.1-04024d701f method=hipo exec=CPU presolve=off crossover=off tol=0.0001 threads=auto(32)
   It           UB           LB       LP_obj   #col   #row  #slk   +col   -col   +cut   -cut    t_LP    t_PR    t_SP   t_Tot     t_acc
    1          inf         -inf   6.8907e+04   5256   2722   161      0      0     94      0   0.051   0.000   0.032   0.083     0.083
    2          inf         -inf   6.9679e+04   5423   2722   229    167      0      0      0   0.083   0.026   0.033   0.143     0.226
    3          inf         -inf   7.1126e+04   5423   2803    14      0      0     81      0   0.103   0.000   0.032   0.135     0.360
    4          inf         -inf   7.2127e+04   5423   2804    42      0      0      1      0   0.122   0.000   0.034   0.156     0.517
    5          inf         -inf   7.2145e+04   5430   2804    43      7      0      0      0   0.126   0.019   0.036   0.181     0.698
    6          inf         -inf   7.6806e+04   5430   2806    45      0      0      2      0   0.134   0.000   0.035   0.169     0.867
    7          inf         -inf   7.6822e+04   5438   2786    46      8      0      0     20   0.128   0.026   0.036   0.190     1.057
    8          inf   1.3268e+04   8.4155e+04   5669   2777    37    231      0      0      9   0.135   0.088   0.037   0.261     1.319
    9          inf   1.3268e+04   7.1560e+04   5669   2823     2      0      0     46      0   0.142   0.000   0.033   0.175     1.493
   10          inf   1.3268e+04   7.1658e+04   5669   2825     8      0      0      2      0   0.168   0.000   0.036   0.204     1.697
   11          inf   6.6755e+04   7.1658e+04   5772   2809     8    103      0      0     16   0.181   0.093   0.035   0.310     2.007
   12          inf   6.6755e+04   7.1028e+04   5772   2812     0      0      0      3      0   0.153   0.000   0.031   0.184     2.191
   13   7.1028e+04   6.6755e+04   7.1028e+04   5782   2805     0     10      0      0      7   0.156   0.022   0.035   0.213     2.404
   14   7.1028e+04   7.0965e+04   7.1028e+04   5818   2773     0     36      0      0     32   0.157   0.066   0.038   0.261     2.665
   15   7.1028e+04   7.0965e+04   7.1027e+04   5818   2780     0      0      0      7      0   0.161   0.000   0.029   0.190     2.855
   16   7.1027e+04   7.0965e+04   7.1027e+04   5827   2761     0      9      0      0     19   0.154   0.021   0.034   0.209     3.064
   17   7.1027e+04   7.1022e+04   7.1027e+04   5827   2761     0     *0      0      0      0   0.154   0.126   0.034   0.314     3.378
CG optimal after 17 iterations. UB=71026.500006 LB=71021.879700 gap=4.620e+00 tol=7.103e+00  t_LP=2.306  t_PR=0.562  t_SP=0.580  t_Tot=3.455
[bounded-pricing] enabled=0 cut=0 priced=16100 rate=0.0%

# === STDOUT (result CSV) ===
instance,formulation,iterations,columns,objective,lower_bound,optimal,time,time_lp,time_pricing,time_separation
data/intermodal/BUS-2632-0.txt.gz,path,17,3199,71026.500006,71021.879700,1,3.569,2.306,0.562,0.580
