# cmd: /usr/bin/time -o /tmp/mcfcg_mem_bc1l8q5x.txt -f %M build/mcfcg_cli data/intermodal/BUS-2632-0.txt.gz --solver highs --formulation tree --max-iters 10000 --strategy pricer-heavy --time-limit 7200.0
# outcome: ok
# returncode: 0
# peak_rss_kb: 525124
# peak_rss_source: measured
# === STDERR (CG iteration log + preamble) ===
Instance: 119865 vertices, 397362 arcs, 2628 commodities, 2628 sources
Solver: highs, formulation: tree
Pricing threads: 32 (auto)
Slack mode: CommodityRows (struct=2628, capped_arcs=210464)
[lp-config] backend=highs version=1.15.1-04024d701f method=hipo exec=CPU presolve=off crossover=off tol=0.0001 threads=auto(32)
   It           UB           LB       LP_obj   #col   #row  #slk   +col   -col   +cut   -cut    t_LP    t_PR    t_SP   t_Tot     t_acc
    1          inf         -inf   6.8907e+04   5256   2722   161      0      0     94      0   0.036   0.000   0.031   0.067     0.067
    2          inf         -inf   6.9679e+04   5422   2722   229    166      0      0      0   0.066   0.026   0.034   0.126     0.192
    3          inf         -inf   7.1121e+04   5422   2803    13      0      0     81      0   0.075   0.000   0.035   0.110     0.302
    4          inf         -inf   7.2122e+04   5422   2804    41      0      0      1      0   0.080   0.000   0.036   0.117     0.419
    5          inf         -inf   7.2140e+04   5430   2804    42      8      0      0      0   0.081   0.018   0.036   0.136     0.555
    6          inf         -inf   7.6306e+04   5430   2806    44      0      0      2      0   0.088   0.000   0.035   0.123     0.678
    7          inf         -inf   7.6322e+04   5438   2786    45      8      0      0     20   0.089   0.025   0.036   0.151     0.829
    8          inf   2.1614e+04   8.3652e+04   5661   2777    36    223      0      0      9   0.091   0.091   0.035   0.218     1.048
    9          inf   2.1614e+04   7.1560e+04   5661   2822     2      0      0     45      0   0.093   0.000   0.036   0.129     1.177
   10          inf   2.1614e+04   7.1660e+04   5661   2823     8      0      0      1      0   0.112   0.000   0.036   0.148     1.325
   11          inf   6.6573e+04   7.1665e+04   5791   2807     8    130      0      0     16   0.112   0.085   0.036   0.234     1.559
   12          inf   6.6573e+04   7.1028e+04   5791   2810     0      0      0      3      0   0.107   0.000   0.031   0.139     1.697
   13   7.1028e+04   6.6573e+04   7.1028e+04   5801   2803     0     10      0      0      7   0.109   0.022   0.035   0.167     1.864
   14   7.1028e+04   7.0911e+04   7.1028e+04   5846   2772     0     45      0      0     31   0.105   0.070   0.035   0.211     2.075
   15   7.1028e+04   7.0911e+04   7.1027e+04   5846   2777     0      0      0      5      0   0.115   0.000   0.033   0.148     2.223
   16   7.1027e+04   7.0911e+04   7.1027e+04   5856   2760     0     10      0      0     17   0.105   0.020   0.035   0.160     2.383
   17   7.1027e+04   7.1022e+04   7.1027e+04   5856   2760     0     *0      0      0      0   0.099   0.124   0.034   0.258     2.641
CG optimal after 17 iterations. UB=71026.500010 LB=71021.876899 gap=4.623e+00 tol=7.103e+00  t_LP=1.564  t_PR=0.560  t_SP=0.590  t_Tot=2.721
[bounded-pricing] enabled=0 fired=0 priced=16096 rate=0.0%

# === STDOUT (result CSV) ===
instance,formulation,iterations,columns,objective,lower_bound,optimal,time,time_lp,time_pricing,time_separation
data/intermodal/BUS-2632-0.txt.gz,tree,17,3228,71026.500010,71021.876899,1,2.824,1.564,0.560,0.590
