# cmd: /usr/bin/time -o /tmp/mcfcg_mem_5t19_e7i.txt -f %M build/mcfcg_cli data/intermodal/SBT-43785-0.txt.gz --solver highs --formulation path --max-iters 10000 --strategy pricer-heavy --time-limit 7200.0
# outcome: ok
# returncode: 0
# peak_rss_kb: 1828244
# peak_rss_source: measured
# === STDERR (CG iteration log + preamble) ===
Instance: 238529 vertices, 3741246 arcs, 43757 commodities, 43757 sources
Solver: highs, formulation: path
Pricing threads: 32 (auto)
Slack mode: CommodityRows (struct=43757, capped_arcs=3494226)
[lp-config] backend=highs version=1.15.1-04024d701f method=hipo exec=CPU presolve=off crossover=off tol=0.0001 threads=auto(32)
   It           UB           LB       LP_obj   #col   #row  #slk   +col   -col   +cut   -cut    t_LP    t_PR    t_SP   t_Tot     t_acc
    1          inf         -inf   1.1175e+06  87514  43829   745      0      0     72      0   0.871   0.000   0.266   1.139     1.139
    2          inf         -inf   1.1284e+06  89098  43829  1264   1584      0      0      0   2.109   0.594   0.263   2.969     4.108
    3          inf         -inf   1.1237e+06  89098  43838     0      0      0      9      0   2.533   0.000   0.261   2.795     6.903
    4          inf         -inf   1.1238e+06  89199  43838    23    101      0      0      0   2.706   0.216   0.262   3.184    10.087
    5   1.1237e+06   1.1234e+06   1.1237e+06  89429  43838     0    230      0      0      0   2.596   8.794   0.261  11.652    21.739
    6   1.1236e+06   1.1235e+06   1.1236e+06  89429  43838     0     *1      0      0      0   2.427   8.815   0.259  11.502    33.241
CG optimal after 6 iterations. UB=1123600.005299 LB=1123516.981597 gap=8.302e+01 tol=1.124e+02  t_LP=13.242  t_PR=27.351  t_SP=1.571  t_Tot=42.173
[bounded-pricing] enabled=0 fired=0 priced=133227 rate=0.0%

# === STDOUT (result CSV) ===
instance,formulation,iterations,columns,objective,lower_bound,optimal,time,time_lp,time_pricing,time_separation
data/intermodal/SBT-43785-0.txt.gz,path,6,45672,1123600.005299,1123516.981597,1,42.977,13.242,27.351,1.571
