# cmd: /usr/bin/time -o /tmp/mcfcg_mem_lmqldvt5.txt -f %M build/mcfcg_cli data/intermodal/SBT-43785-0.txt.gz --solver highs --formulation tree --max-iters 10000 --strategy pricer-heavy --time-limit 7200.0
# outcome: ok
# returncode: 0
# peak_rss_kb: 1814912
# peak_rss_source: measured
# === STDERR (CG iteration log + preamble) ===
Instance: 238529 vertices, 3741246 arcs, 43757 commodities, 43757 sources
Solver: highs, formulation: tree
Pricing threads: 32 (auto)
Slack mode: CommodityRows (struct=43757, capped_arcs=3494226)
[lp-config] backend=highs version=1.15.1-04024d701f method=hipo exec=CPU presolve=off crossover=off tol=0.0001 threads=auto(32)
   It           UB           LB       LP_obj   #col   #row  #slk   +col   -col   +cut   -cut    t_LP    t_PR    t_SP   t_Tot     t_acc
    1          inf         -inf   1.1175e+06  87514  43829   745      0      0     72      0   0.696   0.000   0.314   1.013     1.013
    2          inf         -inf   1.1284e+06  89103  43829  1264   1589      0      0      0   1.398   0.688   0.283   2.373     3.386
    3          inf         -inf   1.1237e+06  89103  43839     0      0      0     10      0   2.060   0.000   0.294   2.356     5.742
    4          inf         -inf   1.1238e+06  89259  43839    23    156      0      0      0   1.926   0.262   0.299   2.488     8.230
    5   1.1237e+06   1.1234e+06   1.1237e+06  89490  43839     0    231      0      0      0   1.949  10.270   0.296  12.516    20.746
    6   1.1236e+06   1.1235e+06   1.1236e+06  89490  43839     0     *1      0      0      0   1.733  10.304   0.278  12.316    33.061
CG optimal after 6 iterations. UB=1123600.000567 LB=1123516.980216 gap=8.302e+01 tol=1.124e+02  t_LP=9.763  t_PR=31.554  t_SP=1.764  t_Tot=43.092
[bounded-pricing] enabled=0 cut=0 priced=133286 rate=0.0%

# === STDOUT (result CSV) ===
instance,formulation,iterations,columns,objective,lower_bound,optimal,time,time_lp,time_pricing,time_separation
data/intermodal/SBT-43785-0.txt.gz,tree,6,45733,1123600.000567,1123516.980216,1,43.941,9.763,31.554,1.764
