# cmd: /usr/bin/time -o /tmp/mcfcg_mem_70fdndqi.txt -f %M build/mcfcg_cli data/intermodal/SBT-31275-0.txt.gz --solver highs --formulation tree --max-iters 10000 --strategy pricer-heavy --time-limit 7200.0
# outcome: ok
# returncode: 0
# peak_rss_kb: 1431780
# peak_rss_source: measured
# === STDERR (CG iteration log + preamble) ===
Instance: 213509 vertices, 2760366 arcs, 31252 commodities, 31252 sources
Solver: highs, formulation: tree
Pricing threads: 32 (auto)
Slack mode: CommodityRows (struct=31252, capped_arcs=2513346)
[lp-config] backend=highs version=1.15.1-04024d701f method=hipo exec=CPU presolve=off crossover=off tol=0.0001 threads=auto(32)
   It           UB           LB       LP_obj   #col   #row  #slk   +col   -col   +cut   -cut    t_LP    t_PR    t_SP   t_Tot     t_acc
    1          inf         -inf   7.9697e+05  62504  31318   523      0      0     66      0   0.441   0.000   0.192   0.635     0.635
    2          inf         -inf   8.0461e+05  63530  31318   892   1026      0      0      0   0.863   0.295   0.193   1.355     1.989
    3          inf         -inf   8.0139e+05  63530  31330     0      0      0     12      0   1.102   0.000   0.184   1.287     3.277
    4          inf         -inf   8.0149e+05  63671  31330    20    141      0      0      0   1.374   0.161   0.185   1.720     4.997
    5   8.0138e+05   8.0080e+05   8.0138e+05  63791  31330     0    120      0      0      0   1.126   4.714   0.184   6.024    11.021
    6   8.0133e+05   8.0126e+05   8.0133e+05  63791  31330     0     *3      0      0      0   1.128   4.733   0.186   6.047    17.068
CG optimal after 6 iterations. UB=801325.000986 LB=801261.772469 gap=6.323e+01 tol=8.013e+01  t_LP=6.034  t_PR=14.692  t_SP=1.124  t_Tot=21.856
[bounded-pricing] enabled=0 fired=0 priced=95089 rate=0.0%

# === STDOUT (result CSV) ===
instance,formulation,iterations,columns,objective,lower_bound,optimal,time,time_lp,time_pricing,time_separation
data/intermodal/SBT-31275-0.txt.gz,tree,6,32539,801325.000986,801261.772469,1,22.384,6.034,14.692,1.124
