# cmd: /usr/bin/time -o /tmp/mcfcg_mem_yae70x6h.txt -f %M build/mcfcg_cli data/intermodal/BUS-13160-0.txt.gz --solver highs --formulation tree --max-iters 10000 --strategy pricer-heavy --time-limit 7200.0
# outcome: ok
# returncode: 0
# peak_rss_kb: 798364
# peak_rss_source: measured
# === STDERR (CG iteration log + preamble) ===
Instance: 140925 vertices, 1023858 arcs, 13135 commodities, 13135 sources
Solver: highs, formulation: tree
Pricing threads: 32 (auto)
Slack mode: CommodityRows (struct=13135, capped_arcs=836960)
[lp-config] backend=highs version=1.15.1-04024d701f method=hipo exec=CPU presolve=off crossover=off tol=0.0001 threads=auto(32)
   It           UB           LB       LP_obj   #col   #row  #slk   +col   -col   +cut   -cut    t_LP    t_PR    t_SP   t_Tot     t_acc
    1          inf         -inf   3.3868e+05  26270  13208   783      0      0     73      0   0.181   0.000   0.072   0.253     0.253
    2          inf         -inf   3.4174e+05  26943  13208  1041    673      0      0      0   0.319   0.098   0.074   0.492     0.745
    3          inf         -inf   3.4912e+05  26943  13259    70      0      0     51      0   0.467   0.000   0.070   0.538     1.283
    4          inf         -inf   3.5029e+05  26943  13261   145      0      0      2      0   0.553   0.000   0.072   0.626     1.909
    5          inf         -inf   3.5029e+05  26989  13261   146     46      0      0      0   0.558   0.034   0.073   0.665     2.573
    6          inf         -inf   3.5643e+05  26989  13262   163      0      0      1      0   0.497   0.000   0.072   0.570     3.144
    7          inf         -inf   3.5645e+05  27023  13231   162     34      0      0     31   0.498   0.034   0.073   0.605     3.749
    8          inf         -inf   3.8515e+05  27023  13233   112      0      0      2      0   0.543   0.000   0.070   0.613     4.362
    9          inf         -inf   3.8516e+05  27084  13192   115     61      0      0     41   0.522   0.036   0.082   0.640     5.003
   10          inf         -inf   3.9481e+05  27084  13200   127      0      0      8      0   0.501   0.000   0.071   0.573     5.575
   11          inf         -inf   3.9485e+05  27171  13197   128     87      0      0      3   0.557   0.046   0.074   0.678     6.253
   12          inf         -inf   3.8451e+05  27171  13204    86      0      0      7      0   0.508   0.000   0.075   0.584     6.837
   13          inf         -inf   3.8452e+05  27263  13202    90     92      0      0      2   0.570   0.047   0.076   0.694     7.531
   14          inf         -inf   3.8875e+05  27263  13210    74      0      0      8      0   0.556   0.000   0.072   0.628     8.159
   15          inf         -inf   3.8949e+05  27378  13210    82    115      0      0      0   0.551   0.051   0.079   0.681     8.840
   16          inf         -inf   3.6033e+05  27378  13224    27      0      0     14      0   0.566   0.000   0.070   0.637     9.477
   17          inf         -inf   3.7540e+05  27542  13217    50    164      0      0      7   0.572   0.057   0.078   0.708    10.185
   18          inf         -inf   3.8089e+05  27542  13228    15      0      0     11      0   0.571   0.000   0.070   0.642    10.827
   19          inf         -inf   3.8090e+05  27542  13231    15      0      0      3      0   0.604   0.000   0.080   0.685    11.512
   20          inf         -inf   3.8090e+05  27556  13223    15     14      0      0      8   0.646   0.038   0.083   0.767    12.279
   21          inf         -inf   3.9218e+05  27556  13225    14      0      0      2      0   0.637   0.000   0.074   0.712    12.991
   22          inf         -inf   3.9218e+05  27557  13212    14      1      0      0     13   0.673   0.035   0.077   0.786    13.777
   23          inf         -inf   3.9230e+05  27557  13213    14      0      0      1      0   0.635   0.000   0.074   0.709    14.486
   24          inf   1.5846e+05   3.9230e+05  28042  13199    14    485      0      0     14   0.638   0.486   0.075   1.200    15.686
   25          inf   1.5846e+05   3.4835e+05  28042  13229     0      0      0     30      0   0.573   0.000   0.070   0.643    16.329
   26          inf   1.5846e+05   3.4841e+05  28117  13227     1     75      0      0      2   0.601   0.056   0.078   0.736    17.065
   27   3.4838e+05   3.4833e+05   3.4838e+05  28144  13227     0     27      0      0      0   0.603   0.431   0.075   1.109    18.174
   28   3.4836e+05   3.4834e+05   3.4836e+05  28144  13227     0     *1      0      0      0   0.612   0.423   0.070   1.105    19.279
CG optimal after 28 iterations. UB=348361.502011 LB=348338.075165 gap=2.343e+01 tol=3.484e+01  t_LP=15.311  t_PR=2.333  t_SP=2.080  t_Tot=19.743
[bounded-pricing] enabled=0 fired=0 priced=55011 rate=0.0%

# === STDOUT (result CSV) ===
instance,formulation,iterations,columns,objective,lower_bound,optimal,time,time_lp,time_pricing,time_separation
data/intermodal/BUS-13160-0.txt.gz,tree,28,15009,348361.502011,348338.075165,1,19.956,15.311,2.333,2.080
