# cmd: /usr/bin/time -o /tmp/mcfcg_mem_uewayj8w.txt -f %M build/mcfcg_cli data/intermodal/SBT-18765-0.txt.gz --solver highs --formulation tree --max-iters 10000 --strategy pricer-heavy --time-limit 7200.0
# outcome: ok
# returncode: 0
# peak_rss_kb: 1049348
# peak_rss_source: measured
# === STDERR (CG iteration log + preamble) ===
Instance: 188487 vertices, 1782614 arcs, 18745 commodities, 18745 sources
Solver: highs, formulation: tree
Pricing threads: 32 (auto)
Slack mode: CommodityRows (struct=18745, capped_arcs=1535594)
[lp-config] backend=highs version=1.15.1-04024d701f method=hipo exec=CPU presolve=off crossover=off tol=0.0001 threads=auto(32)
   It           UB           LB       LP_obj   #col   #row  #slk   +col   -col   +cut   -cut    t_LP    t_PR    t_SP   t_Tot     t_acc
    1          inf         -inf   4.7848e+05  37490  18814   327      0      0     69      0   0.263   0.000   0.123   0.386     0.386
    2          inf         -inf   4.8278e+05  38151  18814   549    661      0      0      0   0.467   0.164   0.121   0.754     1.140
    3          inf         -inf   4.8136e+05  38151  18831    10      0      0     17      0   0.559   0.000   0.121   0.680     1.821
    4          inf         -inf   4.8147e+05  38151  18832    23      0      0      1      0   0.542   0.000   0.119   0.662     2.483
    5          inf         -inf   4.8156e+05  38172  18832    28     21      0      0      0   0.552   0.048   0.122   0.722     3.205
    6          inf   4.7025e+05   4.8419e+05  38403  18832    23    231      0      0      0   0.560   1.983   0.121   2.665     5.870
    7   4.8111e+05   4.8106e+05   4.8111e+05  38403  18832     0     *9      0      0      0   0.608   1.985   0.123   2.716     8.587
CG optimal after 7 iterations. UB=481112.000217 LB=481064.639345 gap=4.736e+01 tol=4.811e+01  t_LP=3.551  t_PR=6.246  t_SP=0.851  t_Tot=10.653
[bounded-pricing] enabled=0 fired=0 priced=56998 rate=0.0%

# === STDOUT (result CSV) ===
instance,formulation,iterations,columns,objective,lower_bound,optimal,time,time_lp,time_pricing,time_separation
data/intermodal/SBT-18765-0.txt.gz,tree,7,19658,481112.000217,481064.639345,1,11.002,3.551,6.246,0.851
