# cmd: /usr/bin/time -o /tmp/mcfcg_mem_4g7__fp3.txt -f %M build/mcfcg_cli data/intermodal/SBT-56295-0.txt.gz --solver highs --formulation path --max-iters 10000 --strategy pricer-heavy --time-limit 7200.0
# outcome: ok
# returncode: 0
# peak_rss_kb: 2248436
# peak_rss_source: measured
# === STDERR (CG iteration log + preamble) ===
Instance: 263559 vertices, 4725174 arcs, 56269 commodities, 56269 sources
Solver: highs, formulation: path
Pricing threads: 32 (auto)
Slack mode: CommodityRows (struct=56269, capped_arcs=4478154)
[lp-config] backend=highs version=1.15.1-04024d701f method=hipo exec=CPU presolve=off crossover=off tol=0.0001 threads=auto(32)
   It           UB           LB       LP_obj   #col   #row  #slk   +col   -col   +cut   -cut    t_LP    t_PR    t_SP   t_Tot     t_acc
    1          inf         -inf   1.4398e+06 112538  56332   974      0      0     63      0   1.176   0.000   0.331   1.509     1.509
    2          inf         -inf   1.4541e+06 114364  56332  1658   1826      0      0      0   2.994   0.903   0.353   4.254     5.764
    3          inf         -inf   1.4482e+06 114364  56349     8      0      0     17      0   3.329   0.000   0.353   3.684     9.448
    4          inf         -inf   1.4484e+06 114364  56351    43      0      0      2      0   3.447   0.000   0.349   3.798    13.246
    5          inf         -inf   1.4484e+06 114416  56351    43     52      0      0      0   4.256   0.154   0.350   4.761    18.007
    6          inf   1.4445e+06   1.4488e+06 114987  56351    46    571      0      0      0   3.622  15.617   0.349  19.589    37.596
    7          inf   1.4445e+06   1.4479e+06 114987  56352     0      0      0      1      0   3.173   0.000   0.362   3.538    41.134
    8   1.4479e+06   1.4445e+06   1.4479e+06 115018  56311     0     31      0      0     41   3.098   0.166   0.356   3.621    44.756
    9   1.4479e+06   1.4445e+06   1.4479e+06 115018  56318     0      0      0      7      0   3.438   0.000   0.350   3.790    48.545
   10   1.4479e+06   1.4477e+06   1.4479e+06 115018  56318     0    *30      0      0      0   3.626  15.701   0.360  19.687    68.232
CG optimal after 10 iterations. UB=1447869.000110 LB=1447747.228600 gap=1.218e+02 tol=1.448e+02  t_LP=32.160  t_PR=48.367  t_SP=3.513  t_Tot=84.062
[bounded-pricing] enabled=0 cut=0 priced=171185 rate=0.0%

# === STDOUT (result CSV) ===
instance,formulation,iterations,columns,objective,lower_bound,optimal,time,time_lp,time_pricing,time_separation
data/intermodal/SBT-56295-0.txt.gz,path,10,58749,1447869.000110,1447747.228600,1,85.132,32.160,48.367,3.513
