# cmd: /usr/bin/time -o /tmp/mcfcg_mem_togmg7yk.txt -f %M build/mcfcg_cli data/intermodal/BUS-23688-0.txt.gz --solver highs --formulation tree --max-iters 10000 --strategy pricer-heavy --time-limit 7200.0
# outcome: ok
# returncode: 0
# peak_rss_kb: 1025124
# peak_rss_source: measured
# === STDERR (CG iteration log + preamble) ===
Instance: 161993 vertices, 1653437 arcs, 23643 commodities, 23643 sources
Solver: highs, formulation: tree
Pricing threads: 32 (auto)
Slack mode: CommodityRows (struct=23643, capped_arcs=1466539)
[lp-config] backend=highs version=1.15.1-04024d701f method=hipo exec=CPU presolve=off crossover=off tol=0.0001 threads=auto(32)
   It           UB           LB       LP_obj   #col   #row  #slk   +col   -col   +cut   -cut    t_LP    t_PR    t_SP   t_Tot     t_acc
    1          inf         -inf   6.0693e+05  47286  23709  1421      0      0     66      0   0.334   0.000   0.114   0.449     0.449
    2          inf         -inf   6.1290e+05  48449  23709  1888   1163      0      0      0   0.695   0.220   0.113   1.032     1.481
    3          inf         -inf   6.2720e+05  48449  23757   171      0      0     48      0   1.002   0.000   0.114   1.117     2.598
    4          inf         -inf   6.2909e+05  48449  23759   325      0      0      2      0   1.160   0.000   0.113   1.275     3.872
    5          inf         -inf   6.2910e+05  48555  23759   327    106      0      0      0   1.049   0.053   0.115   1.217     5.089
    6          inf         -inf   6.4594e+05  48555  23760   318      0      0      1      0   1.063   0.000   0.115   1.179     6.269
    7          inf         -inf   6.4594e+05  48589  23736   319     34      0      0     24   1.068   0.054   0.113   1.236     7.505
    8          inf         -inf   7.1517e+05  48589  23737   280      0      0      1      0   1.387   0.000   0.111   1.499     9.004
    9          inf         -inf   7.1519e+05  48631  23700   280     42      0      0     37   1.227   0.049   0.113   1.389    10.393
   10          inf         -inf   7.4626e+05  48631  23713   295      0      0     13      0   1.042   0.000   0.112   1.155    11.548
   11          inf         -inf   7.4898e+05  48812  23709   305    181      0      0      4   1.142   0.068   0.110   1.321    12.869
   12          inf         -inf   8.6867e+05  48812  23716   261      0      0      7      0   1.102   0.000   0.110   1.212    14.081
   13          inf         -inf   8.6879e+05  48962  23712   274    150      0      0      4   1.122   0.068   0.109   1.300    15.381
   14          inf         -inf   1.2410e+06  48962  23714   236      0      0      2      0   1.356   0.000   0.110   1.468    16.849
   15          inf  -1.1066e+06   1.2410e+06  50204  23714   236   1242      0      0      0   1.395   1.185   0.110   2.692    19.541
   16          inf  -1.1066e+06   6.2471e+05  50204  23757     0      0      0     43      0   1.326   0.000   0.111   1.438    20.979
   17          inf  -1.1066e+06   6.2516e+05  50204  23771    17      0      0     14      0   1.849   0.000   0.113   1.962    22.941
   18          inf  -1.1066e+06   6.2527e+05  50204  23776    22      0      0      5      0   1.609   0.000   0.110   1.720    24.661
   19          inf  -1.1066e+06   6.2529e+05  50267  23763    24     63      0      0     13   1.505   0.053   0.115   1.674    26.335
   20          inf  -1.1066e+06   6.2545e+05  50267  23764    12      0      0      1      0   1.349   0.000   0.113   1.463    27.798
   21          inf  -1.1066e+06   6.2545e+05  50267  23765    12      0      0      1      0   1.429   0.000   0.111   1.542    29.340
   22          inf  -1.1066e+06   6.2545e+05  50306  23725    12     39      0      0     40   1.419   0.047   0.115   1.582    30.921
   23          inf  -1.1066e+06   6.2545e+05  50306  23729     3      0      0      4      0   1.190   0.000   0.112   1.303    32.224
   24          inf  -1.1066e+06   6.2545e+05  50306  23730     3      0      0      1      0   1.239   0.000   0.113   1.352    33.577
   25          inf  -1.1066e+06   6.2545e+05  50311  23713     3      5      0      0     17   1.246   0.046   0.112   1.405    34.981
   26          inf  -1.1066e+06   6.2546e+05  50311  23715     3      0      0      2      0   1.172   0.000   0.114   1.287    36.268
   27          inf  -1.1066e+06   6.2546e+05  50314  23714     3      3      0      0      1   1.215   0.048   0.112   1.375    37.643
   28          inf  -1.1066e+06   6.2645e+05  50314  23715     3      0      0      1      0   1.220   0.000   0.112   1.333    38.976
   29          inf  -1.1066e+06   6.2645e+05  50372  23710     3     58      0      0      5   1.218   0.050   0.114   1.382    40.359
   30          inf  -1.1066e+06   6.2694e+05  50372  23717     3      0      0      7      0   1.216   0.000   0.111   1.328    41.686
   31          inf  -1.1066e+06   6.2694e+05  50553  23714     3    181      0      0      3   1.259   0.085   0.110   1.454    43.141
   32          inf  -1.1066e+06   6.2524e+05  50553  23716     0      0      0      2      0   1.170   0.000   0.110   1.281    44.421
   33          inf  -1.1066e+06   6.2524e+05  50553  23717     0      0      0      1      0   1.272   0.000   0.113   1.386    45.807
   34   6.2524e+05   6.2289e+05   6.2524e+05  51084  23716     0    531      0      0      1   1.223   1.177   0.114   2.516    48.323
   35   6.2524e+05   6.2289e+05   6.2490e+05  51084  23731     0      0      0     15      0   1.366   0.000   0.112   1.479    49.802
   36   6.2524e+05   6.2289e+05   6.2491e+05  51084  23732     1      0      0      1      0   1.503   0.000   0.111   1.615    51.416
   37   6.2524e+05   6.2480e+05   6.2491e+05  51124  23724     1     40      0      0      8   1.390   1.152   0.113   2.655    54.072
   38   6.2524e+05   6.2480e+05   6.2488e+05  51124  23728     0      0      0      4      0   1.327   0.000   0.110   1.438    55.509
   39   6.2524e+05   6.2480e+05   6.2488e+05  51124  23729     0      0      0      1      0   1.314   0.000   0.111   1.427    56.936
   40   6.2488e+05   6.2484e+05   6.2488e+05  51124  23729     0     *0      0      0      0   1.259   1.167   0.115   2.541    59.477
CG optimal after 40 iterations. UB=624881.502406 LB=624840.217881 gap=4.128e+01 tol=6.249e+01  t_LP=49.430  t_PR=6.647  t_SP=4.487  t_Tot=60.604
[bounded-pricing] enabled=0 fired=0 priced=121351 rate=0.0%

# === STDOUT (result CSV) ===
instance,formulation,iterations,columns,objective,lower_bound,optimal,time,time_lp,time_pricing,time_separation
data/intermodal/BUS-23688-0.txt.gz,tree,40,27481,624881.502406,624840.217881,1,60.931,49.430,6.647,4.487
