# cmd: /usr/bin/time -o /tmp/mcfcg_mem_4epl9axz.txt -f %M build/mcfcg_cli data/intermodal/BUS-18424-0.txt.gz --solver highs --formulation path --max-iters 10000 --strategy pricer-heavy --time-limit 7200.0
# outcome: ok
# returncode: 0
# peak_rss_kb: 934532
# peak_rss_source: measured
# === STDERR (CG iteration log + preamble) ===
Instance: 151455 vertices, 1338522 arcs, 18388 commodities, 18388 sources
Solver: highs, formulation: path
Pricing threads: 32 (auto)
Slack mode: CommodityRows (struct=18388, capped_arcs=1151624)
[lp-config] backend=highs version=1.15.1-04024d701f method=hipo exec=CPU presolve=off crossover=off tol=0.0001 threads=auto(32)
   It           UB           LB       LP_obj   #col   #row  #slk   +col   -col   +cut   -cut    t_LP    t_PR    t_SP   t_Tot     t_acc
    1          inf         -inf   4.7151e+05  36776  18454  1078      0      0     66      0   0.379   0.000   0.088   0.468     0.468
    2          inf         -inf   4.7582e+05  37657  18454  1435    881      0      0      0   0.801   0.149   0.089   1.042     1.510
    3          inf         -inf   4.8637e+05  37657  18497   112      0      0     43      0   0.923   0.000   0.089   1.013     2.523
    4          inf         -inf   4.8791e+05  38303  18497   229    646      0      0      0   1.056   0.137   0.089   1.284     3.807
    5          inf         -inf   4.9530e+05  38303  18508    93      0      0     11      0   1.121   0.000   0.090   1.212     5.019
    6          inf         -inf   4.9542e+05  38303  18513   104      0      0      5      0   1.189   0.000   0.089   1.278     6.297
    7          inf         -inf   4.9543e+05  38328  18491   106     25      0      0     22   1.196   0.042   0.092   1.330     7.628
    8          inf   4.0889e+05   5.0703e+05  39325  18484   105    997      0      0      7   1.376   0.760   0.087   2.226     9.854
    9          inf   4.0889e+05   4.8494e+05  39325  18512     0      0      0     28      0   1.337   0.000   0.088   1.426    11.280
   10          inf   4.0889e+05   4.8510e+05  39325  18514    11      0      0      2      0   1.810   0.000   0.089   1.900    13.180
   11          inf   4.0889e+05   4.8510e+05  39342  18482    12     17      0      0     32   1.681   0.038   0.090   1.809    14.989
   12          inf   4.0889e+05   4.8520e+05  39342  18484     6      0      0      2      0   1.544   0.000   0.090   1.634    16.623
   13          inf   4.0889e+05   4.8520e+05  39343  18480     6      1      0      0      4   1.697   0.043   0.089   1.829    18.452
   14          inf   4.8172e+05   4.8528e+05  39571  18470     5    228      0      0     10   1.619   0.765   0.088   2.473    20.925
   15          inf   4.8172e+05   4.8503e+05  39571  18474     0      0      0      4      0   1.686   0.000   0.089   1.775    22.700
   16   4.8503e+05   4.8172e+05   4.8503e+05  39574  18460     0      3      0      0     14   1.711   0.056   0.089   1.857    24.557
   17   4.8503e+05   4.8172e+05   4.8503e+05  39574  18461     0      0      0      1      0   1.614   0.000   0.089   1.704    26.261
   18   4.8503e+05   4.8496e+05   4.8503e+05  39647  18457     0     73      0      0      4   1.826   0.786   0.088   2.700    28.961
   19   4.8503e+05   4.8496e+05   4.8503e+05  39647  18459     0      0      0      2      0   1.592   0.000   0.090   1.682    30.643
   20   4.8503e+05   4.8499e+05   4.8503e+05  39647  18459     0     *0      0      0      0   1.581   0.787   0.087   2.455    33.098
CG optimal after 20 iterations. UB=485025.503093 LB=484993.534054 gap=3.197e+01 tol=4.850e+01  t_LP=27.738  t_PR=4.313  t_SP=1.780  t_Tot=33.850
[bounded-pricing] enabled=0 cut=0 priced=94612 rate=0.0%

# === STDOUT (result CSV) ===
instance,formulation,iterations,columns,objective,lower_bound,optimal,time,time_lp,time_pricing,time_separation
data/intermodal/BUS-18424-0.txt.gz,path,20,21259,485025.503093,484993.534054,1,34.126,27.738,4.313,1.780
