# cmd: /usr/bin/time -o /tmp/mcfcg_mem_t5wf3b1k.txt -f %M build/mcfcg_cli data/intermodal/BUS-13160-0.txt.gz --solver highs --formulation path --max-iters 10000 --strategy pricer-heavy --time-limit 7200.0
# outcome: ok
# returncode: 0
# peak_rss_kb: 797808
# peak_rss_source: measured
# === STDERR (CG iteration log + preamble) ===
Instance: 140925 vertices, 1023858 arcs, 13135 commodities, 13135 sources
Solver: highs, formulation: path
Pricing threads: 32 (auto)
Slack mode: CommodityRows (struct=13135, capped_arcs=836960)
[lp-config] backend=highs version=1.15.1-04024d701f method=hipo exec=CPU presolve=off crossover=off tol=0.0001 threads=auto(32)
   It           UB           LB       LP_obj   #col   #row  #slk   +col   -col   +cut   -cut    t_LP    t_PR    t_SP   t_Tot     t_acc
    1          inf         -inf   3.3868e+05  26270  13208   783      0      0     73      0   0.251   0.000   0.068   0.319     0.319
    2          inf         -inf   3.4174e+05  26922  13208  1041    652      0      0      0   0.576   0.100   0.078   0.756     1.075
    3          inf         -inf   3.4931e+05  26922  13259    84      0      0     51      0   0.591   0.000   0.067   0.658     1.733
    4          inf         -inf   3.5048e+05  27318  13259   159    396      0      0      0   0.662   0.072   0.079   0.814     2.547
    5          inf         -inf   3.5357e+05  27318  13271    79      0      0     12      0   0.773   0.000   0.067   0.840     3.387
    6          inf         -inf   3.5360e+05  27531  13271    83    213      0      0      0   0.741   0.060   0.078   0.880     4.267
    7          inf         -inf   3.6282e+05  27531  13274    51      0      0      3      0   0.842   0.000   0.068   0.910     5.177
    8          inf         -inf   3.6286e+05  27602  13238    55     71      0      0     36   1.044   0.040   0.078   1.163     6.340
    9          inf         -inf   3.6963e+05  27602  13243    68      0      0      5      0   0.921   0.000   0.072   0.993     7.333
   10          inf         -inf   3.6967e+05  27602  13244    69      0      0      1      0   0.873   0.000   0.075   0.948     8.282
   11          inf         -inf   3.6967e+05  27602  13246    69      0      0      2      0   0.865   0.000   0.073   0.939     9.221
   12          inf   2.5696e+05   3.6967e+05  28013  13195    69    411      0      0     51   0.875   0.466   0.075   1.418    10.639
   13          inf   2.5696e+05   3.4832e+05  28013  13223     0      0      0     28      0   0.849   0.000   0.067   0.917    11.555
   14          inf   2.5696e+05   3.4839e+05  28080  13219     7     67      0      0      4   0.896   0.056   0.076   1.029    12.584
   15          inf   2.5696e+05   3.4837e+05  28080  13220     1      0      0      1      0   0.940   0.000   0.068   1.009    13.593
   16          inf   2.5696e+05   3.4837e+05  28080  13221     1      0      0      1      0   0.938   0.000   0.078   1.017    14.610
   17          inf   3.4833e+05   3.4837e+05  28100  13218     1     20      0      0      3   0.902   0.457   0.086   1.446    16.055
   18          inf   3.4833e+05   3.4836e+05  28100  13219     0      0      0      1      0   0.933   0.000   0.069   1.003    17.058
   19   3.4836e+05   3.4834e+05   3.4836e+05  28100  13219     0     *3      0      0      0   0.939   0.453   0.071   1.463    18.521
CG optimal after 19 iterations. UB=348362.000117 LB=348338.350953 gap=2.365e+01 tol=3.484e+01  t_LP=15.411  t_PR=2.175  t_SP=1.391  t_Tot=18.991
[bounded-pricing] enabled=0 fired=0 priced=54961 rate=0.0%

# === STDOUT (result CSV) ===
instance,formulation,iterations,columns,objective,lower_bound,optimal,time,time_lp,time_pricing,time_separation
data/intermodal/BUS-13160-0.txt.gz,path,19,14965,348362.000117,348338.350953,1,19.203,15.411,2.175,1.391
