# cmd: /usr/bin/time -o /tmp/mcfcg_mem_7_gkwk6d.txt -f %M build/mcfcg_cli data/intermodal/SBT-6255-0.txt.gz --solver highs --formulation path --max-iters 10000 --strategy pricer-heavy --time-limit 7200.0
# outcome: ok
# returncode: 0
# peak_rss_kb: 715100
# peak_rss_source: measured
# === STDERR (CG iteration log + preamble) ===
Instance: 163487 vertices, 809375 arcs, 6251 commodities, 6251 sources
Solver: highs, formulation: path
Pricing threads: 32 (auto)
Slack mode: CommodityRows (struct=6251, capped_arcs=562355)
[lp-config] backend=highs version=1.15.1-04024d701f method=hipo exec=CPU presolve=off crossover=off tol=0.0001 threads=auto(32)
   It           UB           LB       LP_obj   #col   #row  #slk   +col   -col   +cut   -cut    t_LP    t_PR    t_SP   t_Tot     t_acc
    1          inf         -inf   1.5957e+05  12502   6351   120      0      0    100      0   0.118   0.000   0.059   0.177     0.177
    2          inf         -inf   1.6193e+05  12844   6351   241    342      0      0      0   0.196   0.060   0.063   0.320     0.497
    3          inf         -inf   1.6080e+05  12844   6369     6      0      0     18      0   0.236   0.000   0.059   0.295     0.792
    4          inf         -inf   1.6086e+05  12844   6370    13      0      0      1      0   0.234   0.000   0.063   0.297     1.089
    5          inf         -inf   1.6086e+05  12851   6370    13      7      0      0      0   0.229   0.031   0.067   0.327     1.417
    6          inf   1.5654e+05   1.6287e+05  12997   6370    12    146      0      0      0   0.244   0.440   0.061   0.745     2.162
    7          inf   1.5654e+05   1.6061e+05  12997   6374     0      0      0      4      0   0.263   0.000   0.057   0.320     2.482
    8   1.6061e+05   1.6059e+05   1.6061e+05  12997   6374     0     *1      0      0      0   0.259   0.431   0.060   0.749     3.231
CG optimal after 8 iterations. UB=160606.000027 LB=160594.160236 gap=1.184e+01 tol=1.606e+01  t_LP=1.779  t_PR=1.406  t_SP=0.487  t_Tot=3.686
[bounded-pricing] enabled=0 cut=0 priced=19163 rate=0.0%

# === STDOUT (result CSV) ===
instance,formulation,iterations,columns,objective,lower_bound,optimal,time,time_lp,time_pricing,time_separation
data/intermodal/SBT-6255-0.txt.gz,path,8,6746,160606.000027,160594.160236,1,3.879,1.779,1.406,0.487
