# cmd: /usr/bin/time -o /tmp/mcfcg_mem_7zcjbvpv.txt -f %M build/mcfcg_cli data/intermodal/SBT-43785-0.txt.gz --solver highs --formulation tree --max-iters 10000 --strategy pricer-heavy --time-limit 7200.0
# outcome: ok
# returncode: 0
# peak_rss_kb: 1814232
# peak_rss_source: measured
# === STDERR (CG iteration log + preamble) ===
Instance: 238529 vertices, 3741246 arcs, 43757 commodities, 43757 sources
Solver: highs, formulation: tree
Pricing threads: 32 (auto)
Slack mode: CommodityRows (struct=43757, capped_arcs=3494226)
[lp-config] backend=highs version=1.15.1-04024d701f method=hipo exec=CPU presolve=off crossover=off tol=0.0001 threads=auto(32)
   It           UB           LB       LP_obj   #col   #row  #slk   +col   -col   +cut   -cut    t_LP    t_PR    t_SP   t_Tot     t_acc
    1          inf         -inf   1.1175e+06  87514  43829   745      0      0     72      0   0.639   0.000   0.277   0.917     0.917
    2          inf         -inf   1.1284e+06  89103  43829  1264   1589      0      0      0   1.297   0.584   0.275   2.160     3.077
    3          inf         -inf   1.1237e+06  89103  43839     0      0      0     10      0   1.936   0.000   0.273   2.211     5.288
    4          inf         -inf   1.1238e+06  89259  43839    23    156      0      0      0   1.812   0.230   0.269   2.312     7.600
    5   1.1237e+06   1.1234e+06   1.1237e+06  89490  43839     0    231      0      0      0   1.836   8.666   0.277  10.780    18.380
    6   1.1236e+06   1.1235e+06   1.1236e+06  89490  43839     0     *1      0      0      0   1.619   8.755   0.271  10.645    29.025
CG optimal after 6 iterations. UB=1123600.001075 LB=1123516.979403 gap=8.302e+01 tol=1.124e+02  t_LP=9.138  t_PR=27.065  t_SP=1.642  t_Tot=37.856
[bounded-pricing] enabled=0 fired=0 priced=133286 rate=0.0%

# === STDOUT (result CSV) ===
instance,formulation,iterations,columns,objective,lower_bound,optimal,time,time_lp,time_pricing,time_separation
data/intermodal/SBT-43785-0.txt.gz,tree,6,45733,1123600.001075,1123516.979403,1,38.658,9.138,27.065,1.642
