# cmd: /usr/bin/time -o /tmp/mcfcg_mem_0enwh72n.txt -f %M build/mcfcg_cli data/intermodal/BUS-2632-0.txt.gz --solver highs --formulation path --max-iters 10000 --strategy pricer-heavy --time-limit 7200.0
# outcome: ok
# returncode: 0
# peak_rss_kb: 526060
# peak_rss_source: measured
# === STDERR (CG iteration log + preamble) ===
Instance: 119865 vertices, 397362 arcs, 2628 commodities, 2628 sources
Solver: highs, formulation: path
Pricing threads: 32 (auto)
Slack mode: CommodityRows (struct=2628, capped_arcs=210464)
[lp-config] backend=highs version=1.15.1-04024d701f method=hipo exec=CPU presolve=off crossover=off tol=0.0001 threads=auto(32)
   It           UB           LB       LP_obj   #col   #row  #slk   +col   -col   +cut   -cut    t_LP    t_PR    t_SP   t_Tot     t_acc
    1          inf         -inf   6.8907e+04   5256   2722   161      0      0     94      0   0.049   0.000   0.032   0.081     0.081
    2          inf         -inf   6.9679e+04   5423   2722   229    167      0      0      0   0.081   0.027   0.035   0.145     0.226
    3          inf         -inf   7.1126e+04   5423   2803    14      0      0     81      0   0.101   0.000   0.035   0.137     0.363
    4          inf         -inf   7.2127e+04   5423   2804    42      0      0      1      0   0.121   0.000   0.034   0.155     0.518
    5          inf         -inf   7.2145e+04   5431   2804    43      8      0      0      0   0.119   0.019   0.035   0.173     0.691
    6          inf         -inf   7.6306e+04   5431   2806    44      0      0      2      0   0.129   0.000   0.034   0.164     0.855
    7          inf         -inf   7.6322e+04   5439   2786    45      8      0      0     20   0.138   0.022   0.034   0.194     1.049
    8          inf   1.3161e+04   8.3652e+04   5668   2777    36    229      0      0      9   0.133   0.088   0.034   0.256     1.305
    9          inf   1.3161e+04   7.1560e+04   5668   2823     2      0      0     46      0   0.138   0.000   0.034   0.173     1.477
   10          inf   1.3161e+04   7.1658e+04   5742   2814     8     74      0      0      9   0.167   0.028   0.035   0.230     1.708
   11          inf   1.3161e+04   7.1544e+04   5742   2818     1      0      0      4      0   0.159   0.000   0.034   0.193     1.901
   12          inf   1.3161e+04   7.1544e+04   5754   2811     1     12      0      0      7   0.167   0.019   0.035   0.221     2.122
   13          inf   6.8257e+04   7.1559e+04   5818   2804     1     64      0      0      7   0.158   0.071   0.034   0.264     2.386
   14          inf   6.8257e+04   7.1027e+04   5818   2810     0      0      0      6      0   0.162   0.000   0.031   0.193     2.579
   15   7.1027e+04   6.8257e+04   7.1027e+04   5828   2761     0     10      0      0     49   0.171   0.021   0.036   0.227     2.806
   16   7.1027e+04   6.8257e+04   7.1027e+04   5828   2763     0      0      0      2      0   0.151   0.000   0.034   0.186     2.992
   17   7.1027e+04   7.1021e+04   7.1027e+04   5828   2763     0     *3      0      0      0   0.152   0.083   0.034   0.270     3.262
CG optimal after 17 iterations. UB=71026.500008 LB=71020.708073 gap=5.792e+00 tol=7.103e+00  t_LP=2.297  t_PR=0.457  t_SP=0.581  t_Tot=3.342
[bounded-pricing] enabled=0 fired=0 priced=10989 rate=0.0%

# === STDOUT (result CSV) ===
instance,formulation,iterations,columns,objective,lower_bound,optimal,time,time_lp,time_pricing,time_separation
data/intermodal/BUS-2632-0.txt.gz,path,17,3200,71026.500008,71020.708073,1,3.446,2.297,0.457,0.581
