# cmd: /usr/bin/time -o /tmp/mcfcg_mem_o3j2kuvm.txt -f %M build/mcfcg_cli data/intermodal/BUS-7896-0.txt.gz --solver highs --formulation tree --max-iters 10000 --strategy pricer-heavy --time-limit 7200.0
# outcome: ok
# returncode: 0
# peak_rss_kb: 658804
# peak_rss_source: measured
# === STDERR (CG iteration log + preamble) ===
Instance: 130395 vertices, 710935 arcs, 7883 commodities, 7883 sources
Solver: highs, formulation: tree
Pricing threads: 32 (auto)
Slack mode: CommodityRows (struct=7883, capped_arcs=524037)
[lp-config] backend=highs version=1.15.1-04024d701f method=hipo exec=CPU presolve=off crossover=off tol=0.0001 threads=auto(32)
   It           UB           LB       LP_obj   #col   #row  #slk   +col   -col   +cut   -cut    t_LP    t_PR    t_SP   t_Tot     t_acc
    1          inf         -inf   2.0473e+05  15766   7960   475      0      0     77      0   0.103   0.000   0.050   0.154     0.154
    2          inf         -inf   2.0647e+05  16202   7960   631    436      0      0      0   0.205   0.056   0.058   0.320     0.474
    3          inf         -inf   2.1095e+05  16202   8033    33      0      0     73      0   0.253   0.000   0.050   0.303     0.777
    4          inf         -inf   2.1188e+05  16202   8035    97      0      0      2      0   0.281   0.000   0.060   0.341     1.118
    5          inf         -inf   2.1188e+05  16233   8035    97     31      0      0      0   0.287   0.030   0.063   0.380     1.499
    6          inf   1.6505e+05   2.1648e+05  16792   8035   107    559      0      0      0   0.270   0.211   0.063   0.545     2.044
    7          inf   1.6505e+05   2.1070e+05  16792   8046     2      0      0     11      0   0.306   0.000   0.050   0.356     2.400
    8          inf   1.6505e+05   2.1071e+05  16792   8047     2      0      0      1      0   0.330   0.000   0.056   0.387     2.787
    9          inf   1.6505e+05   2.1071e+05  16827   7985     2     35      0      0     62   0.341   0.029   0.061   0.431     3.219
   10          inf   1.6505e+05   2.1116e+05  16827   7992     2      0      0      7      0   0.330   0.000   0.061   0.392     3.610
   11          inf   1.6505e+05   2.1116e+05  16868   7991     2     41      0      0      1   0.354   0.034   0.063   0.451     4.061
   12          inf   2.0307e+05   2.1162e+05  16978   7963     2    110      0      0     28   0.329   0.216   0.062   0.607     4.668
   13          inf   2.0307e+05   2.1059e+05  16978   7971     0      0      0      8      0   0.318   0.000   0.049   0.368     5.036
   14   2.1059e+05   2.0307e+05   2.1059e+05  16987   7969     0      9      0      0      2   0.327   0.031   0.058   0.416     5.452
   15   2.1059e+05   2.1057e+05   2.1059e+05  16987   7969     0     *5      0      0      0   0.324   0.205   0.056   0.585     6.037
CG optimal after 15 iterations. UB=210593.500164 LB=210574.105734 gap=1.939e+01 tol=2.106e+01  t_LP=4.356  t_PR=1.048  t_SP=0.859  t_Tot=6.273
[bounded-pricing] enabled=0 fired=0 priced=32521 rate=0.0%

# === STDOUT (result CSV) ===
instance,formulation,iterations,columns,objective,lower_bound,optimal,time,time_lp,time_pricing,time_separation
data/intermodal/BUS-7896-0.txt.gz,tree,15,9104,210593.500164,210574.105734,1,6.431,4.356,1.048,0.859
