# cmd: /usr/bin/time -o /tmp/mcfcg_mem_en8_3t7k.txt -f %M build/mcfcg_cli data/intermodal/SBT-18765-0.txt.gz --solver highs --formulation tree --max-iters 10000 --strategy pricer-heavy --time-limit 7200.0
# outcome: ok
# returncode: 0
# peak_rss_kb: 1048580
# peak_rss_source: measured
# === STDERR (CG iteration log + preamble) ===
Instance: 188487 vertices, 1782614 arcs, 18745 commodities, 18745 sources
Solver: highs, formulation: tree
Pricing threads: 32 (auto)
Slack mode: CommodityRows (struct=18745, capped_arcs=1535594)
[lp-config] backend=highs version=1.15.1-04024d701f method=hipo exec=CPU presolve=off crossover=off tol=0.0001 threads=auto(32)
   It           UB           LB       LP_obj   #col   #row  #slk   +col   -col   +cut   -cut    t_LP    t_PR    t_SP   t_Tot     t_acc
    1          inf         -inf   4.7848e+05  37490  18814   327      0      0     69      0   0.259   0.000   0.128   0.388     0.388
    2          inf         -inf   4.8278e+05  38151  18814   549    661      0      0      0   0.478   0.170   0.127   0.777     1.165
    3          inf         -inf   4.8136e+05  38151  18831    10      0      0     17      0   0.571   0.000   0.124   0.696     1.861
    4          inf         -inf   4.8147e+05  38151  18832    23      0      0      1      0   0.567   0.000   0.127   0.694     2.555
    5          inf         -inf   4.8156e+05  38172  18832    28     21      0      0      0   0.568   0.049   0.126   0.743     3.298
    6          inf   4.7025e+05   4.8419e+05  38403  18832    23    231      0      0      0   0.585   2.133   0.124   2.843     6.141
    7   4.8111e+05   4.8106e+05   4.8111e+05  38403  18832     0     *9      0      0      0   0.618   2.081   0.124   2.823     8.964
CG optimal after 7 iterations. UB=481112.000867 LB=481064.534345 gap=4.747e+01 tol=4.811e+01  t_LP=3.646  t_PR=6.549  t_SP=0.880  t_Tot=11.081
[bounded-pricing] enabled=0 cut=0 priced=56998 rate=0.0%

# === STDOUT (result CSV) ===
instance,formulation,iterations,columns,objective,lower_bound,optimal,time,time_lp,time_pricing,time_separation
data/intermodal/SBT-18765-0.txt.gz,tree,7,19658,481112.000867,481064.534345,1,11.460,3.646,6.549,0.880
