# cmd: /usr/bin/time -o /tmp/mcfcg_mem_ggifx0q9.txt -f %M build/mcfcg_cli data/intermodal/BUS-2632-0.txt.gz --solver highs --formulation tree --max-iters 10000 --strategy pricer-heavy --time-limit 7200.0
# outcome: ok
# returncode: 0
# peak_rss_kb: 526104
# peak_rss_source: measured
# === STDERR (CG iteration log + preamble) ===
Instance: 119865 vertices, 397362 arcs, 2628 commodities, 2628 sources
Solver: highs, formulation: tree
Pricing threads: 32 (auto)
Slack mode: CommodityRows (struct=2628, capped_arcs=210464)
[lp-config] backend=highs version=1.15.1-04024d701f method=hipo exec=CPU presolve=off crossover=off tol=0.0001 threads=auto(32)
   It           UB           LB       LP_obj   #col   #row  #slk   +col   -col   +cut   -cut    t_LP    t_PR    t_SP   t_Tot     t_acc
    1          inf         -inf   6.8907e+04   5256   2722   161      0      0     94      0   0.036   0.000   0.031   0.067     0.067
    2          inf         -inf   6.9679e+04   5422   2722   229    166      0      0      0   0.067   0.025   0.033   0.126     0.194
    3          inf         -inf   7.1121e+04   5422   2803    13      0      0     81      0   0.076   0.000   0.033   0.109     0.303
    4          inf         -inf   7.2122e+04   5422   2804    41      0      0      1      0   0.081   0.000   0.035   0.117     0.419
    5          inf         -inf   7.2140e+04   5430   2804    42      8      0      0      0   0.084   0.018   0.035   0.137     0.557
    6          inf         -inf   7.6306e+04   5430   2806    44      0      0      2      0   0.089   0.000   0.035   0.125     0.681
    7          inf         -inf   7.6322e+04   5438   2786    45      8      0      0     20   0.094   0.025   0.035   0.154     0.836
    8          inf   2.1692e+04   8.3652e+04   5661   2777    36    223      0      0      9   0.101   0.091   0.035   0.228     1.064
    9          inf   2.1692e+04   7.1560e+04   5661   2821     2      0      0     44      0   0.104   0.000   0.036   0.140     1.204
   10          inf   2.1692e+04   7.1656e+04   5740   2812     8     79      0      0      9   0.122   0.027   0.035   0.183     1.387
   11          inf   2.1692e+04   7.1544e+04   5740   2816     1      0      0      4      0   0.104   0.000   0.035   0.139     1.526
   12          inf   2.1692e+04   7.1544e+04   5753   2809     1     13      0      0      7   0.114   0.020   0.035   0.169     1.695
   13          inf   6.8220e+04   7.1559e+04   5813   2802     1     60      0      0      7   0.112   0.079   0.035   0.227     1.922
   14          inf   6.8220e+04   7.1027e+04   5813   2808     0      0      0      6      0   0.118   0.000   0.035   0.154     2.076
   15   7.1027e+04   6.8220e+04   7.1027e+04   5823   2759     0     10      0      0     49   0.110   0.021   0.035   0.166     2.242
   16   7.1027e+04   6.8220e+04   7.1027e+04   5823   2761     0      0      0      2      0   0.105   0.000   0.035   0.140     2.382
   17   7.1027e+04   7.1021e+04   7.1027e+04   5823   2761     0     *3      0      0      0   0.105   0.087   0.037   0.229     2.611
CG optimal after 17 iterations. UB=71026.500004 LB=71021.022422 gap=5.478e+00 tol=7.103e+00  t_LP=1.622  t_PR=0.471  t_SP=0.590  t_Tot=2.690
[bounded-pricing] enabled=0 fired=0 priced=10977 rate=0.0%

# === STDOUT (result CSV) ===
instance,formulation,iterations,columns,objective,lower_bound,optimal,time,time_lp,time_pricing,time_separation
data/intermodal/BUS-2632-0.txt.gz,tree,17,3195,71026.500004,71021.022422,1,2.794,1.622,0.471,0.590
