# cmd: /usr/bin/time -o /tmp/mcfcg_mem_cplxq2rb.txt -f %M build/mcfcg_cli data/intermodal/SBT-18765-0.txt.gz --solver highs --formulation path --max-iters 10000 --strategy pricer-heavy --time-limit 7200.0
# outcome: ok
# returncode: 0
# peak_rss_kb: 1069660
# peak_rss_source: measured
# === STDERR (CG iteration log + preamble) ===
Instance: 188487 vertices, 1782614 arcs, 18745 commodities, 18745 sources
Solver: highs, formulation: path
Pricing threads: 32 (auto)
Slack mode: CommodityRows (struct=18745, capped_arcs=1535594)
[lp-config] backend=highs version=1.15.1-04024d701f method=hipo exec=CPU presolve=off crossover=off tol=0.0001 threads=auto(32)
   It           UB           LB       LP_obj   #col   #row  #slk   +col   -col   +cut   -cut    t_LP    t_PR    t_SP   t_Tot     t_acc
    1          inf         -inf   4.7848e+05  37490  18814   327      0      0     69      0   0.363   0.000   0.125   0.489     0.489
    2          inf         -inf   4.8278e+05  38149  18814   549    659      0      0      0   0.742   0.168   0.122   1.034     1.523
    3          inf         -inf   4.8136e+05  38149  18831    10      0      0     17      0   0.829   0.000   0.120   0.950     2.473
    4          inf         -inf   4.8147e+05  38149  18832    23      0      0      1      0   0.885   0.000   0.119   1.004     3.477
    5          inf         -inf   4.8156e+05  38170  18832    28     21      0      0      0   0.841   0.051   0.126   1.018     4.496
    6          inf   4.7026e+05   4.8419e+05  38401  18832    23    231      0      0      0   0.945   2.074   0.118   3.139     7.635
    7   4.8111e+05   4.8106e+05   4.8111e+05  38410  18813     0      9      0      0     19   0.925   2.071   0.118   3.114    10.749
    8   4.8111e+05   4.8106e+05   4.8111e+05  38410  18814     0      0      0      1      0   1.396   0.000   0.119   1.516    12.264
    9   4.8111e+05   4.8107e+05   4.8111e+05  38410  18814     0     *0      0      0      0   1.271   2.068   0.119   3.458    15.722
CG optimal after 9 iterations. UB=481107.500777 LB=481072.340499 gap=3.516e+01 tol=4.811e+01  t_LP=8.196  t_PR=8.696  t_SP=1.087  t_Tot=17.987
[bounded-pricing] enabled=0 cut=0 priced=75755 rate=0.0%

# === STDOUT (result CSV) ===
instance,formulation,iterations,columns,objective,lower_bound,optimal,time,time_lp,time_pricing,time_separation
data/intermodal/SBT-18765-0.txt.gz,path,9,19665,481107.500777,481072.340499,1,18.388,8.196,8.696,1.087
