# cmd: /usr/bin/time -o /tmp/mcfcg_mem_ww493pym.txt -f %M build/mcfcg_cli data/intermodal/BUS-18424-0.txt.gz --solver highs --formulation path --max-iters 10000 --strategy pricer-heavy --time-limit 7200.0
# outcome: ok
# returncode: 0
# peak_rss_kb: 945624
# peak_rss_source: measured
# === STDERR (CG iteration log + preamble) ===
Instance: 151455 vertices, 1338522 arcs, 18388 commodities, 18388 sources
Solver: highs, formulation: path
Pricing threads: 32 (auto)
Slack mode: CommodityRows (struct=18388, capped_arcs=1151624)
[lp-config] backend=highs version=1.15.1-04024d701f method=hipo exec=CPU presolve=off crossover=off tol=0.0001 threads=auto(32)
   It           UB           LB       LP_obj   #col   #row  #slk   +col   -col   +cut   -cut    t_LP    t_PR    t_SP   t_Tot     t_acc
    1          inf         -inf   4.7151e+05  36776  18454  1078      0      0     66      0   0.372   0.000   0.087   0.460     0.460
    2          inf         -inf   4.7582e+05  37657  18454  1435    881      0      0      0   0.778   0.150   0.088   1.019     1.479
    3          inf         -inf   4.8637e+05  37657  18497   112      0      0     43      0   0.956   0.000   0.087   1.043     2.522
    4          inf         -inf   4.8791e+05  38306  18497   229    649      0      0      0   1.045   0.135   0.088   1.270     3.792
    5          inf         -inf   4.9530e+05  38306  18508    93      0      0     11      0   1.055   0.000   0.087   1.142     4.934
    6          inf         -inf   4.9542e+05  38306  18513   104      0      0      5      0   1.118   0.000   0.088   1.207     6.142
    7          inf         -inf   4.9543e+05  38326  18491   106     20      0      0     22   1.127   0.041   0.089   1.257     7.399
    8          inf   4.0893e+05   5.0703e+05  39347  18484   105   1021      0      0      7   1.403   0.729   0.088   2.222     9.621
    9          inf   4.0893e+05   4.8494e+05  39347  18512     0      0      0     28      0   1.411   0.000   0.088   1.500    11.121
   10          inf   4.0893e+05   4.8511e+05  39347  18514    14      0      0      2      0   1.580   0.000   0.090   1.671    12.791
   11          inf   4.0893e+05   4.8511e+05  39364  18483    14     17      0      0     31   1.608   0.037   0.086   1.731    14.522
   12          inf   4.0893e+05   4.8523e+05  39364  18484     7      0      0      1      0   1.817   0.000   0.087   1.905    16.427
   13          inf   4.8268e+05   4.8523e+05  39614  18480     7    250      0      0      4   1.672   0.763   0.087   2.523    18.950
   14          inf   4.8268e+05   4.8504e+05  39614  18482     0      0      0      2      0   1.543   0.000   0.088   1.632    20.582
   15   4.8504e+05   4.8268e+05   4.8504e+05  39617  18459     0      3      0      0     23   1.554   0.049   0.087   1.690    22.271
   16   4.8504e+05   4.8268e+05   4.8504e+05  39617  18460     0      0      0      1      0   1.678   0.000   0.088   1.767    24.038
   17   4.8504e+05   4.8496e+05   4.8504e+05  39691  18455     0     74      0      0      5   1.622   0.745   0.089   2.456    26.494
   18   4.8504e+05   4.8496e+05   4.8503e+05  39691  18456     0      0      0      1      0   1.598   0.000   0.088   1.687    28.181
   19   4.8503e+05   4.8496e+05   4.8503e+05  39739  18443     0     48      0      0     13   1.593   0.751   0.088   2.432    30.613
   20   4.8503e+05   4.8496e+05   4.8503e+05  39739  18449     0      0      0      6      0   1.595   0.000   0.088   1.683    32.296
   21   4.8503e+05   4.8499e+05   4.8503e+05  39739  18449     0     *0      0      0      0   1.582   0.759   0.088   2.428    34.724
CG optimal after 21 iterations. UB=485025.500067 LB=484993.527395 gap=3.197e+01 tol=4.850e+01  t_LP=28.707  t_PR=4.902  t_SP=1.840  t_Tot=35.469
[bounded-pricing] enabled=0 fired=0 priced=113076 rate=0.0%

# === STDOUT (result CSV) ===
instance,formulation,iterations,columns,objective,lower_bound,optimal,time,time_lp,time_pricing,time_separation
data/intermodal/BUS-18424-0.txt.gz,path,21,21351,485025.500067,484993.527395,1,35.734,28.707,4.902,1.840
