# cmd: /usr/bin/time -o /tmp/mcfcg_mem_tttt64fq.txt -f %M build/mcfcg_cli data/intermodal/BUS-13160-0.txt.gz --solver highs --formulation tree --max-iters 10000 --strategy pricer-heavy --time-limit 7200.0
# outcome: ok
# returncode: 0
# peak_rss_kb: 802908
# peak_rss_source: measured
# === STDERR (CG iteration log + preamble) ===
Instance: 140925 vertices, 1023858 arcs, 13135 commodities, 13135 sources
Solver: highs, formulation: tree
Pricing threads: 32 (auto)
Slack mode: CommodityRows (struct=13135, capped_arcs=836960)
[lp-config] backend=highs version=1.15.1-04024d701f method=hipo exec=CPU presolve=off crossover=off tol=0.0001 threads=auto(32)
   It           UB           LB       LP_obj   #col   #row  #slk   +col   -col   +cut   -cut    t_LP    t_PR    t_SP   t_Tot     t_acc
    1          inf         -inf   3.3868e+05  26270  13208   783      0      0     73      0   0.191   0.000   0.075   0.266     0.266
    2          inf         -inf   3.4174e+05  26943  13208  1041    673      0      0      0   0.316   0.126   0.077   0.523     0.789
    3          inf         -inf   3.4912e+05  26943  13259    70      0      0     51      0   0.461   0.000   0.075   0.536     1.326
    4          inf         -inf   3.5029e+05  26943  13261   145      0      0      2      0   0.588   0.000   0.072   0.661     1.986
    5          inf         -inf   3.5029e+05  26989  13261   146     46      0      0      0   0.564   0.033   0.076   0.673     2.659
    6          inf         -inf   3.5643e+05  26989  13262   163      0      0      1      0   0.509   0.000   0.072   0.581     3.240
    7          inf         -inf   3.5645e+05  27023  13231   162     34      0      0     31   0.511   0.032   0.072   0.615     3.856
    8          inf         -inf   3.8515e+05  27023  13233   112      0      0      2      0   0.527   0.000   0.073   0.601     4.457
    9          inf         -inf   3.8516e+05  27084  13192   115     61      0      0     41   0.527   0.037   0.075   0.640     5.097
   10          inf         -inf   3.9481e+05  27084  13200   127      0      0      8      0   0.506   0.000   0.075   0.581     5.678
   11          inf         -inf   3.9485e+05  27171  13197   128     87      0      0      3   0.538   0.044   0.073   0.656     6.333
   12          inf         -inf   3.8451e+05  27171  13204    86      0      0      7      0   0.535   0.000   0.071   0.607     6.941
   13          inf         -inf   3.8452e+05  27263  13202    90     92      0      0      2   0.567   0.047   0.073   0.687     7.628
   14          inf         -inf   3.8875e+05  27263  13210    74      0      0      8      0   0.556   0.000   0.071   0.627     8.255
   15          inf         -inf   3.8949e+05  27378  13210    82    115      0      0      0   0.567   0.054   0.076   0.698     8.953
   16          inf         -inf   3.6033e+05  27378  13224    27      0      0     14      0   0.558   0.000   0.072   0.630     9.583
   17          inf         -inf   3.7540e+05  27542  13217    50    164      0      0      7   0.587   0.058   0.071   0.717    10.301
   18          inf         -inf   3.8089e+05  27542  13228    15      0      0     11      0   0.578   0.000   0.072   0.650    10.951
   19          inf         -inf   3.8090e+05  27542  13233    15      0      0      5      0   0.628   0.000   0.078   0.706    11.657
   20          inf         -inf   3.8090e+05  27557  13224    15     15      0      0      9   0.640   0.034   0.075   0.749    12.406
   21          inf         -inf   3.9218e+05  27557  13226    14      0      0      2      0   0.658   0.000   0.074   0.732    13.139
   22          inf         -inf   3.9218e+05  27558  13214    14      1      0      0     12   0.667   0.033   0.074   0.775    13.913
   23          inf         -inf   3.9230e+05  27558  13215    14      0      0      1      0   0.607   0.000   0.071   0.679    14.592
   24          inf   1.5846e+05   3.9230e+05  28043  13201    14    485      0      0     14   0.649   0.533   0.074   1.257    15.849
   25          inf   1.5846e+05   3.4835e+05  28043  13230     0      0      0     29      0   0.611   0.000   0.072   0.684    16.533
   26          inf   1.5846e+05   3.4841e+05  28118  13228     1     75      0      0      2   0.643   0.057   0.074   0.775    17.308
   27   3.4838e+05   3.4833e+05   3.4838e+05  28145  13228     0     27      0      0      0   0.611   0.444   0.073   1.128    18.436
   28   3.4836e+05   3.4834e+05   3.4836e+05  28145  13228     0     *1      0      0      0   0.610   0.467   0.071   1.148    19.584
CG optimal after 28 iterations. UB=348361.502048 LB=348338.078994 gap=2.342e+01 tol=3.484e+01  t_LP=15.510  t_PR=2.475  t_SP=2.055  t_Tot=20.061
[bounded-pricing] enabled=0 cut=0 priced=55013 rate=0.0%

# === STDOUT (result CSV) ===
instance,formulation,iterations,columns,objective,lower_bound,optimal,time,time_lp,time_pricing,time_separation
data/intermodal/BUS-13160-0.txt.gz,tree,28,15010,348361.502048,348338.078994,1,20.279,15.510,2.475,2.055
