# cmd: /usr/bin/time -o /tmp/mcfcg_mem_ecttlfhq.txt -f %M build/mcfcg_cli data/intermodal/SBT-31275-0.txt.gz --solver highs --formulation tree --max-iters 10000 --strategy pricer-heavy --time-limit 7200.0
# outcome: ok
# returncode: 0
# peak_rss_kb: 1444096
# peak_rss_source: measured
# === STDERR (CG iteration log + preamble) ===
Instance: 213509 vertices, 2760366 arcs, 31252 commodities, 31252 sources
Solver: highs, formulation: tree
Pricing threads: 32 (auto)
Slack mode: CommodityRows (struct=31252, capped_arcs=2513346)
[lp-config] backend=highs version=1.15.1-04024d701f method=hipo exec=CPU presolve=off crossover=off tol=0.0001 threads=auto(32)
   It           UB           LB       LP_obj   #col   #row  #slk   +col   -col   +cut   -cut    t_LP    t_PR    t_SP   t_Tot     t_acc
    1          inf         -inf   7.9697e+05  62504  31318   523      0      0     66      0   0.458   0.000   0.193   0.652     0.652
    2          inf         -inf   8.0461e+05  63530  31318   892   1026      0      0      0   0.938   0.292   0.193   1.426     2.078
    3          inf         -inf   8.0139e+05  63530  31330     0      0      0     12      0   1.147   0.000   0.188   1.336     3.414
    4          inf         -inf   8.0149e+05  63672  31330    20    142      0      0      0   1.362   0.159   0.186   1.709     5.123
    5   8.0138e+05   8.0080e+05   8.0138e+05  63793  31330     0    121      0      0      0   1.115   4.729   0.185   6.030    11.152
    6   8.0133e+05   8.0126e+05   8.0133e+05  63793  31330     0     *3      0      0      0   1.114   4.732   0.186   6.033    17.185
CG optimal after 6 iterations. UB=801325.000264 LB=801261.740685 gap=6.326e+01 tol=8.013e+01  t_LP=6.135  t_PR=14.745  t_SP=1.131  t_Tot=22.018
[bounded-pricing] enabled=0 fired=0 priced=95089 rate=0.0%

# === STDOUT (result CSV) ===
instance,formulation,iterations,columns,objective,lower_bound,optimal,time,time_lp,time_pricing,time_separation
data/intermodal/SBT-31275-0.txt.gz,tree,6,32541,801325.000264,801261.740685,1,22.539,6.135,14.745,1.131
