# cmd: /usr/bin/time -o /tmp/mcfcg_mem_3erxcjy0.txt -f %M build/mcfcg_cli data/intermodal/BUS-7896-0.txt.gz --solver highs --formulation path --max-iters 10000 --strategy pricer-heavy --time-limit 7200.0
# outcome: ok
# returncode: 0
# peak_rss_kb: 668112
# peak_rss_source: measured
# === STDERR (CG iteration log + preamble) ===
Instance: 130395 vertices, 710935 arcs, 7883 commodities, 7883 sources
Solver: highs, formulation: path
Pricing threads: 32 (auto)
Slack mode: CommodityRows (struct=7883, capped_arcs=524037)
[lp-config] backend=highs version=1.15.1-04024d701f method=hipo exec=CPU presolve=off crossover=off tol=0.0001 threads=auto(32)
   It           UB           LB       LP_obj   #col   #row  #slk   +col   -col   +cut   -cut    t_LP    t_PR    t_SP   t_Tot     t_acc
    1          inf         -inf   2.0473e+05  15766   7960   475      0      0     77      0   0.140   0.000   0.048   0.189     0.189
    2          inf         -inf   2.0647e+05  16202   7960   631    436      0      0      0   0.325   0.057   0.057   0.440     0.628
    3          inf         -inf   2.1095e+05  16202   8033    33      0      0     73      0   0.502   0.000   0.049   0.551     1.180
    4          inf         -inf   2.1189e+05  16202   8035    98      0      0      2      0   0.398   0.000   0.061   0.459     1.639
    5          inf         -inf   2.1189e+05  16233   8035    98     31      0      0      0   0.393   0.031   0.061   0.485     2.125
    6          inf   1.6463e+05   2.1649e+05  16804   8035   107    571      0      0      0   0.418   0.214   0.061   0.694     2.819
    7          inf   1.6463e+05   2.1070e+05  16804   8046     2      0      0     11      0   0.480   0.000   0.047   0.527     3.346
    8          inf   1.6463e+05   2.1071e+05  16804   8049     2      0      0      3      0   0.494   0.000   0.057   0.551     3.897
    9          inf   1.6463e+05   2.1071e+05  16841   7987     2     37      0      0     62   0.493   0.034   0.060   0.588     4.485
   10          inf   1.6463e+05   2.1116e+05  16841   7993     2      0      0      6      0   0.449   0.000   0.057   0.506     4.992
   11          inf   1.6463e+05   2.1116e+05  16870   7991     2     29      0      0      2   0.428   0.031   0.060   0.520     5.511
   12          inf   2.0307e+05   2.1162e+05  16986   7963     2    116      0      0     28   0.456   0.216   0.058   0.731     6.242
   13          inf   2.0307e+05   2.1059e+05  16986   7970     0      0      0      7      0   0.455   0.000   0.047   0.503     6.745
   14   2.1059e+05   2.0307e+05   2.1059e+05  16995   7964     0      9      0      0      6   0.464   0.033   0.057   0.554     7.300
   15   2.1059e+05   2.1058e+05   2.1059e+05  16995   7964     0     *3      0      0      0   0.488   0.210   0.059   0.758     8.057
CG optimal after 15 iterations. UB=210592.000037 LB=210577.126257 gap=1.487e+01 tol=2.106e+01  t_LP=6.383  t_PR=1.044  t_SP=0.840  t_Tot=8.275
[bounded-pricing] enabled=0 fired=0 priced=32527 rate=0.0%

# === STDOUT (result CSV) ===
instance,formulation,iterations,columns,objective,lower_bound,optimal,time,time_lp,time_pricing,time_separation
data/intermodal/BUS-7896-0.txt.gz,path,15,9112,210592.000037,210577.126257,1,8.438,6.383,1.044,0.840
