# cmd: /usr/bin/time -o /tmp/mcfcg_mem_4bdxnpip.txt -f %M build/mcfcg_cli data/intermodal/BUS-13160-0.txt.gz --solver highs --formulation path --max-iters 10000 --strategy pricer-heavy --time-limit 7200.0
# outcome: ok
# returncode: 0
# peak_rss_kb: 805644
# peak_rss_source: measured
# === STDERR (CG iteration log + preamble) ===
Instance: 140925 vertices, 1023858 arcs, 13135 commodities, 13135 sources
Solver: highs, formulation: path
Pricing threads: 32 (auto)
Slack mode: CommodityRows (struct=13135, capped_arcs=836960)
[lp-config] backend=highs version=1.15.1-04024d701f method=hipo exec=CPU presolve=off crossover=off tol=0.0001 threads=auto(32)
   It           UB           LB       LP_obj   #col   #row  #slk   +col   -col   +cut   -cut    t_LP    t_PR    t_SP   t_Tot     t_acc
    1          inf         -inf   3.3868e+05  26270  13208   783      0      0     73      0   0.239   0.000   0.067   0.307     0.307
    2          inf         -inf   3.4174e+05  26922  13208  1041    652      0      0      0   0.585   0.100   0.075   0.762     1.069
    3          inf         -inf   3.4970e+05  26922  13256   107      0      0     48      0   0.659   0.000   0.066   0.726     1.795
    4          inf         -inf   3.5080e+05  27294  13256   173    372      0      0      0   0.695   0.071   0.077   0.845     2.640
    5          inf         -inf   3.5423e+05  27294  13272    84      0      0     16      0   0.800   0.000   0.066   0.866     3.506
    6          inf         -inf   3.5430e+05  27535  13272    89    241      0      0      0   0.793   0.061   0.079   0.934     4.440
    7          inf         -inf   3.6579e+05  27535  13278    53      0      0      6      0   0.808   0.000   0.070   0.878     5.318
    8          inf         -inf   3.6580e+05  27668  13242    55    133      0      0     36   1.238   0.043   0.071   1.353     6.671
    9          inf         -inf   3.7020e+05  27668  13248    71      0      0      6      0   1.024   0.000   0.068   1.093     7.764
   10          inf         -inf   3.7024e+05  27764  13214    72     96      0      0     34   0.901   0.044   0.080   1.026     8.789
   11          inf         -inf   3.5531e+05  27764  13221    21      0      0      7      0   0.892   0.000   0.068   0.960     9.749
   12          inf         -inf   3.5532e+05  27812  13205    26     48      0      0     16   0.943   0.038   0.080   1.061    10.810
   13          inf         -inf   3.5538e+05  27812  13208    21      0      0      3      0   0.947   0.000   0.070   1.018    11.828
   14          inf         -inf   3.5538e+05  27825  13203    22     13      0      0      5   0.947   0.039   0.079   1.065    12.893
   15          inf         -inf   3.5207e+05  27825  13206    17      0      0      3      0   0.935   0.000   0.075   1.010    13.903
   16          inf         -inf   3.5208e+05  27826  13198    17      1      0      0      8   0.908   0.038   0.078   1.024    14.928
   17          inf         -inf   3.5407e+05  27826  13203    16      0      0      5      0   0.913   0.000   0.074   0.987    15.915
   18          inf   2.6384e+05   3.5407e+05  28145  13197    16    319      0      0      6   0.920   0.477   0.073   1.471    17.386
   19          inf   2.6384e+05   3.4836e+05  28145  13216     0      0      0     19      0   0.851   0.000   0.068   0.919    18.305
   20   3.4841e+05   2.6384e+05   3.4841e+05  28187  13215     0     42      0      0      1   0.862   0.044   0.074   0.981    19.286
   21   3.4841e+05   2.6384e+05   3.4838e+05  28187  13218     0      0      0      3      0   0.883   0.000   0.071   0.954    20.240
   22   3.4841e+05   2.6384e+05   3.4838e+05  28195  13217     1      8      0      0      1   0.879   0.037   0.075   0.992    21.232
   23   3.4841e+05   2.6384e+05   3.4838e+05  28195  13218     0      0      0      1      0   0.874   0.000   0.071   0.946    22.177
   24   3.4838e+05   3.4831e+05   3.4838e+05  28229  13207     0     34      0      0     11   0.866   0.455   0.080   1.401    23.578
   25   3.4838e+05   3.4831e+05   3.4836e+05  28229  13213     0      0      0      6      0   0.869   0.000   0.068   0.938    24.516
   26   3.4836e+05   3.4834e+05   3.4836e+05  28229  13213     0     *0      0      0      0   0.900   0.453   0.077   1.430    25.946
CG optimal after 26 iterations. UB=348361.500069 LB=348338.524399 gap=2.298e+01 tol=3.484e+01  t_LP=22.131  t_PR=2.361  t_SP=1.898  t_Tot=26.408
[bounded-pricing] enabled=0 fired=0 priced=55394 rate=0.0%

# === STDOUT (result CSV) ===
instance,formulation,iterations,columns,objective,lower_bound,optimal,time,time_lp,time_pricing,time_separation
data/intermodal/BUS-13160-0.txt.gz,path,26,15094,348361.500069,348338.524399,1,26.621,22.131,2.361,1.898
