# cmd: /usr/bin/time -o /tmp/mcfcg_mem_lciodkla.txt -f %M build/mcfcg_cli data/intermodal/BUS-2632-0.txt.gz --solver copt --copt-gpu-mode 2 --formulation path --max-iters 10000 --strategy pricer-heavy --time-limit 7200.0
# outcome: ok
# returncode: 0
# peak_rss_kb: 671096
# peak_rss_source: measured
# === STDERR (CG iteration log + preamble) ===
Instance: 119865 vertices, 397362 arcs, 2628 commodities, 2628 sources
Solver: copt (gpu-mode 2), formulation: path
Pricing threads: 32 (auto)
Slack mode: CommodityRows (struct=2628, capped_arcs=210464)
[lp-config] backend=copt version=8.0.1 method=barrier exec=GPU presolve=off crossover=off tol=0.0001 threads=n/a(GPU)
   It           UB           LB       LP_obj   #col   #row  #slk   +col   -col   +cut   -cut    t_LP    t_PR    t_SP   t_Tot     t_acc
    1          inf         -inf   6.8907e+04   5256   2722   161      0      0     94      0   0.243   0.000   0.031   0.274     0.274
    2          inf         -inf   6.9679e+04   5426   2722   229    170      0      0      0   0.030   0.025   0.033   0.088     0.362
    3          inf         -inf   7.1144e+04   5426   2793    14      0      0     71      0   0.035   0.000   0.030   0.066     0.428
    4          inf         -inf   7.2241e+04   5566   2793    46    140      0      0      0   0.036   0.025   0.031   0.092     0.520
    5          inf         -inf   7.2671e+04   5566   2817    13      0      0     24      0   0.042   0.000   0.031   0.073     0.593
    6          inf         -inf   7.2842e+04   5566   2821    19      0      0      4      0   0.041   0.000   0.033   0.074     0.668
    7          inf         -inf   7.2859e+04   5589   2803    20     23      0      0     18   0.047   0.020   0.036   0.103     0.771
    8          inf         -inf   7.4669e+04   5589   2807    14      0      0      4      0   0.042   0.000   0.033   0.076     0.846
    9          inf         -inf   7.4679e+04   5599   2786    15     10      0      0     21   0.043   0.019   0.035   0.097     0.943
   10          inf         -inf   7.6257e+04   5599   2791    14      0      0      5      0   0.045   0.000   0.034   0.079     1.022
   11          inf         -inf   7.6257e+04   5608   2754    14      9      0      0     37   0.043   0.017   0.034   0.094     1.116
   12          inf         -inf   7.5871e+04   5608   2758    14      0      0      4      0   0.042   0.000   0.034   0.076     1.192
   13          inf         -inf   7.5877e+04   5618   2750    15     10      0      0      8   0.042   0.018   0.034   0.094     1.286
   14          inf         -inf   8.0486e+04   5618   2755    11      0      0      5      0   0.042   0.000   0.031   0.074     1.359
   15          inf         -inf   8.0516e+04   5629   2752    13     11      0      0      3   0.042   0.016   0.033   0.091     1.451
   16          inf         -inf   8.0495e+04   5629   2761    10      0      0      9      0   0.043   0.000   0.032   0.075     1.525
   17          inf         -inf   8.0512e+04   5637   2755    11      8      0      0      6   0.045   0.018   0.035   0.098     1.623
   18          inf         -inf   9.0864e+04   5637   2758    11      0      0      3      0   0.043   0.000   0.034   0.078     1.701
   19          inf         -inf   9.0865e+04   5640   2756    11      3      0      0      2   0.044   0.019   0.035   0.098     1.798
   20          inf         -inf   9.1392e+04   5640   2757     9      0      0      1      0   0.044   0.000   0.033   0.077     1.876
   21          inf         -inf   9.1392e+04   5640   2758     9      0      0      1      0   0.044   0.000   0.035   0.079     1.954
   22          inf         -inf   9.1392e+04   5643   2756     9      3      0      0      2   0.045   0.017   0.035   0.097     2.051
   23          inf         -inf   9.6550e+04   5643   2759     9      0      0      3      0   0.044   0.000   0.034   0.078     2.129
   24          inf         -inf   9.6550e+04   5646   2758     9      3      0      0      1   0.044   0.019   0.035   0.098     2.228
   25          inf         -inf   1.0005e+05   5646   2764     6      0      0      6      0   0.046   0.000   0.035   0.081     2.309
   26          inf         -inf   1.0005e+05   5664   2758     6     18      0      0      6   0.048   0.019   0.035   0.103     2.411
   27          inf         -inf   2.0352e+05   5664   2759     6      0      0      1      0   0.047   0.000   0.033   0.080     2.491
   28          inf  -3.7726e+05   2.0352e+05   5813   2758     6    149      0      0      1   0.047   0.092   0.034   0.174     2.665
   29          inf  -3.7726e+05   7.1030e+04   5813   2779     0      0      0     21      0   0.046   0.000   0.029   0.075     2.741
   30   7.1041e+04  -3.7726e+05   7.1041e+04   5827   2775     0     14      0      0      4   0.049   0.022   0.034   0.106     2.846
   31   7.1039e+04   7.0976e+04   7.1039e+04   5853   2774     0     26      0      0      1   0.051   0.068   0.034   0.153     2.999
   32   7.1039e+04   7.0976e+04   7.1030e+04   5853   2779     0      0      0      5      0   0.048   0.000   0.029   0.077     3.076
   33   7.1031e+04   7.0976e+04   7.1031e+04   5864   2777     0     11      0      0      2   0.048   0.019   0.032   0.100     3.176
   34   7.1031e+04   7.1018e+04   7.1031e+04   5873   2758     0      9      0      0     19   0.048   0.066   0.032   0.147     3.324
   35   7.1031e+04   7.1018e+04   7.1027e+04   5873   2764     0      0      0      6      0   0.046   0.000   0.028   0.075     3.398
   36   7.1027e+04   7.1018e+04   7.1027e+04   5875   2750     0      2      0      0     14   0.046   0.019   0.033   0.099     3.497
   37   7.1027e+04   7.1018e+04   7.1027e+04   5875   2754     0      0      0      4      0   0.046   0.000   0.034   0.079     3.577
   38   7.1027e+04   7.1021e+04   7.1027e+04   5875   2754     0     *1      0      0      0   0.049   0.085   0.035   0.169     3.745
CG optimal after 38 iterations. UB=71026.500000 LB=71020.623953 gap=5.876e+00 tol=7.103e+00  t_LP=1.873  t_PR=0.686  t_SP=1.256  t_Tot=3.829
[bounded-pricing] enabled=0 fired=0 priced=13842 rate=0.0%

# === STDOUT (result CSV) ===
Setting parameter 'LpMethod' to 2
Setting parameter 'GPUMode' to 2
Setting parameter 'Presolve' to 0
Setting parameter 'Crossover' to 0
instance,formulation,iterations,columns,objective,lower_bound,optimal,time,time_lp,time_pricing,time_separation
data/intermodal/BUS-2632-0.txt.gz,path,38,3247,71026.500000,71020.623953,1,3.958,1.873,0.686,1.256
