# cmd: /usr/bin/time -o /tmp/mcfcg_mem_umqo_is2.txt -f %M build/mcfcg_cli data/intermodal/BUS-13160-0.txt.gz --solver copt --copt-gpu-mode 2 --formulation tree --max-iters 10000 --strategy pricer-heavy --time-limit 7200.0
# outcome: ok
# returncode: 0
# peak_rss_kb: 943656
# peak_rss_source: measured
# === STDERR (CG iteration log + preamble) ===
Instance: 140925 vertices, 1023858 arcs, 13135 commodities, 13135 sources
Solver: copt (gpu-mode 2), formulation: tree
Pricing threads: 32 (auto)
Slack mode: CommodityRows (struct=13135, capped_arcs=836960)
[lp-config] backend=copt version=8.0.1 method=barrier exec=GPU presolve=off crossover=off tol=0.0001 threads=n/a(GPU)
   It           UB           LB       LP_obj   #col   #row  #slk   +col   -col   +cut   -cut    t_LP    t_PR    t_SP   t_Tot     t_acc
    1          inf         -inf   3.3868e+05  26270  13208   783      0      0     73      0   0.322   0.000   0.074   0.397     0.397
    2          inf         -inf   3.4174e+05  26924  13208  1041    654      0      0      0   0.048   0.098   0.069   0.216     0.613
    3          inf         -inf   3.4913e+05  26924  13259    71      0      0     51      0   0.055   0.000   0.074   0.130     0.743
    4          inf         -inf   3.5030e+05  27323  13259   146    399      0      0      0   0.058   0.073   0.071   0.202     0.945
    5          inf         -inf   3.5341e+05  27323  13269    81      0      0     10      0   0.059   0.000   0.071   0.130     1.076
    6          inf         -inf   3.5346e+05  27504  13269    82    181      0      0      0   0.064   0.057   0.070   0.192     1.268
    7          inf         -inf   3.6270e+05  27504  13271    45      0      0      2      0   0.065   0.000   0.071   0.137     1.404
    8          inf         -inf   3.6273e+05  27504  13273    47      0      0      2      0   0.072   0.000   0.070   0.143     1.547
    9          inf         -inf   3.6273e+05  27537  13212    50     33      0      0     61   0.067   0.037   0.071   0.176     1.723
   10          inf         -inf   3.6850e+05  27537  13220    65      0      0      8      0   0.062   0.000   0.071   0.134     1.857
   11          inf         -inf   3.6856e+05  27636  13205    68     99      0      0     15   0.062   0.044   0.071   0.178     2.035
   12          inf         -inf   3.5382e+05  27636  13213    26      0      0      8      0   0.064   0.000   0.071   0.135     2.170
   13          inf         -inf   3.5382e+05  27712  13210    29     76      0      0      3   0.062   0.044   0.072   0.178     2.348
   14          inf         -inf   3.5152e+05  27712  13218    20      0      0      8      0   0.060   0.000   0.070   0.131     2.479
   15          inf         -inf   3.5154e+05  27801  13209    24     89      0      0      9   0.061   0.046   0.070   0.178     2.657
   16          inf         -inf   3.5198e+05  27801  13211    12      0      0      2      0   0.063   0.000   0.073   0.136     2.793
   17          inf         -inf   3.5198e+05  27847  13202    12     46      0      0      9   0.062   0.038   0.072   0.174     2.967
   18          inf         -inf   3.5153e+05  27847  13211    10      0      0      9      0   0.064   0.000   0.072   0.137     3.104
   19          inf         -inf   3.5153e+05  27866  13202    10     19      0      0      9   0.063   0.039   0.076   0.179     3.283
   20          inf         -inf   3.5252e+05  27866  13204     9      0      0      2      0   0.064   0.000   0.071   0.136     3.419
   21          inf   3.0461e+05   3.5252e+05  28154  13200     9    288      0      0      4   0.065   0.492   0.071   0.629     4.048
   22          inf   3.0461e+05   3.4834e+05  28154  13225     0      0      0     25      0   0.063   0.000   0.072   0.135     4.183
   23          inf   3.0461e+05   3.4839e+05  28194  13223     1     40      0      0      2   0.065   0.056   0.071   0.194     4.377
   24   3.4837e+05   3.4833e+05   3.4837e+05  28224  13222     0     30      0      0      1   0.061   0.441   0.071   0.574     4.951
   25   3.4837e+05   3.4833e+05   3.4836e+05  28224  13224     0      0      0      2      0   0.065   0.000   0.074   0.139     5.090
   26   3.4836e+05   3.4834e+05   3.4836e+05  28224  13224     0     *2      0      0      0   0.063   0.476   0.072   0.611     5.701
CG optimal after 26 iterations. UB=348361.500163 LB=348336.740538 gap=2.476e+01 tol=3.484e+01  t_LP=1.880  t_PR=2.400  t_SP=1.859  t_Tot=6.160
[bounded-pricing] enabled=0 cut=0 priced=55542 rate=0.0%

# === STDOUT (result CSV) ===
Setting parameter 'LpMethod' to 2
Setting parameter 'GPUMode' to 2
Setting parameter 'Presolve' to 0
Setting parameter 'Crossover' to 0
instance,formulation,iterations,columns,objective,lower_bound,optimal,time,time_lp,time_pricing,time_separation
data/intermodal/BUS-13160-0.txt.gz,tree,26,15089,348361.500163,348336.740538,1,6.435,1.880,2.400,1.859
