# cmd: /usr/bin/time -o /tmp/mcfcg_mem_aoxbeyc9.txt -f %M build/mcfcg_cli data/intermodal/BUS-7896-0.txt.gz --solver copt --copt-gpu-mode 2 --formulation tree --max-iters 10000 --strategy pricer-heavy --time-limit 7200.0
# outcome: ok
# returncode: 0
# peak_rss_kb: 807300
# peak_rss_source: measured
# === STDERR (CG iteration log + preamble) ===
Instance: 130395 vertices, 710935 arcs, 7883 commodities, 7883 sources
Solver: copt (gpu-mode 2), formulation: tree
Pricing threads: 32 (auto)
Slack mode: CommodityRows (struct=7883, capped_arcs=524037)
[lp-config] backend=copt version=8.0.1 method=barrier exec=GPU presolve=off crossover=off tol=0.0001 threads=n/a(GPU)
   It           UB           LB       LP_obj   #col   #row  #slk   +col   -col   +cut   -cut    t_LP    t_PR    t_SP   t_Tot     t_acc
    1          inf         -inf   2.0473e+05  15766   7960   475      0      0     77      0   0.257   0.000   0.051   0.308     0.308
    2          inf         -inf   2.0647e+05  16206   7960   631    440      0      0      0   0.035   0.053   0.055   0.144     0.452
    3          inf         -inf   2.1121e+05  16206   8031    48      0      0     71      0   0.043   0.000   0.049   0.093     0.545
    4          inf         -inf   2.1215e+05  16206   8035   112      0      0      4      0   0.046   0.000   0.049   0.096     0.640
    5          inf         -inf   2.1217e+05  16264   8035   112     58      0      0      0   0.045   0.024   0.050   0.120     0.760
    6          inf   1.5296e+05   2.2155e+05  16789   8035   111    525      0      0      0   0.046   0.208   0.052   0.307     1.067
    7          inf   1.5296e+05   2.1073e+05  16789   8054     2      0      0     19      0   0.052   0.000   0.049   0.101     1.168
    8          inf   1.5296e+05   2.1082e+05  16789   8055     4      0      0      1      0   0.057   0.000   0.050   0.107     1.275
    9          inf   1.5296e+05   2.1082e+05  16791   8004     4      2      0      0     51   0.056   0.024   0.055   0.135     1.411
   10          inf   1.5296e+05   2.1130e+05  16791   8005     4      0      0      1      0   0.051   0.000   0.052   0.104     1.514
   11          inf   2.0043e+05   2.1130e+05  16987   7995     4    196      0      0     10   0.052   0.238   0.055   0.346     1.860
   12          inf   2.0043e+05   2.1061e+05  16987   7999     0      0      0      4      0   0.055   0.000   0.049   0.104     1.964
   13   2.1061e+05   2.0043e+05   2.1061e+05  17008   7970     0     21      0      0     29   0.052   0.024   0.050   0.126     2.090
   14   2.1061e+05   2.0043e+05   2.1060e+05  17008   7971     0      0      0      1      0   0.054   0.000   0.049   0.104     2.194
   15   2.1060e+05   2.1056e+05   2.1060e+05  17051   7971     0     43      0      0      0   0.054   0.226   0.053   0.334     2.528
   16   2.1059e+05   2.1058e+05   2.1059e+05  17051   7971     0     *9      0      0      0   0.054   0.207   0.050   0.310     2.838
CG optimal after 16 iterations. UB=210594.500003 LB=210575.633915 gap=1.887e+01 tol=2.106e+01  t_LP=1.008  t_PR=1.224  t_SP=0.817  t_Tot=3.058
[bounded-pricing] enabled=0 fired=0 priced=40322 rate=0.0%

# === STDOUT (result CSV) ===
Setting parameter 'LpMethod' to 2
Setting parameter 'GPUMode' to 2
Setting parameter 'Presolve' to 0
Setting parameter 'Crossover' to 0
instance,formulation,iterations,columns,objective,lower_bound,optimal,time,time_lp,time_pricing,time_separation
data/intermodal/BUS-7896-0.txt.gz,tree,16,9168,210594.500003,210575.633915,1,3.249,1.008,1.224,0.817
