# cmd: /usr/bin/time -o /tmp/mcfcg_mem_0l7gmyrs.txt -f %M build/mcfcg_cli data/intermodal/BUS-7896-0.txt.gz --solver copt --copt-gpu-mode 2 --formulation path --max-iters 10000 --strategy pricer-heavy --time-limit 7200.0
# outcome: ok
# returncode: 0
# peak_rss_kb: 806980
# peak_rss_source: measured
# === STDERR (CG iteration log + preamble) ===
Instance: 130395 vertices, 710935 arcs, 7883 commodities, 7883 sources
Solver: copt (gpu-mode 2), formulation: path
Pricing threads: 32 (auto)
Slack mode: CommodityRows (struct=7883, capped_arcs=524037)
[lp-config] backend=copt version=8.0.1 method=barrier exec=GPU presolve=off crossover=off tol=0.0001 threads=n/a(GPU)
   It           UB           LB       LP_obj   #col   #row  #slk   +col   -col   +cut   -cut    t_LP    t_PR    t_SP   t_Tot     t_acc
    1          inf         -inf   2.0473e+05  15766   7960   475      0      0     77      0   0.257   0.000   0.051   0.308     0.308
    2          inf         -inf   2.0647e+05  16207   7960   631    441      0      0      0   0.037   0.053   0.050   0.141     0.449
    3          inf         -inf   2.1096e+05  16207   8035    32      0      0     75      0   0.048   0.000   0.049   0.098     0.547
    4          inf         -inf   2.1190e+05  16207   8039    99      0      0      4      0   0.053   0.000   0.048   0.101     0.648
    5          inf         -inf   2.1192e+05  16273   8039   100     66      0      0      0   0.051   0.025   0.052   0.129     0.777
    6          inf   1.6458e+05   2.1640e+05  16807   8039   103    534      0      0      0   0.049   0.213   0.050   0.313     1.090
    7          inf   1.6458e+05   2.1075e+05  16807   8048     3      0      0      9      0   0.061   0.000   0.048   0.110     1.200
    8          inf   1.6458e+05   2.1081e+05  16807   8049     5      0      0      1      0   0.065   0.000   0.048   0.113     1.312
    9          inf   1.6458e+05   2.1081e+05  16809   7989     5      2      0      0     60   0.065   0.024   0.053   0.143     1.455
   10          inf   1.6458e+05   2.1130e+05  16809   7990     5      0      0      1      0   0.061   0.000   0.051   0.112     1.567
   11          inf   1.6458e+05   2.1130e+05  16810   7986     5      1      0      0      4   0.059   0.026   0.057   0.142     1.709
   12          inf   1.9822e+05   2.1178e+05  17012   7961     4    202      0      0     25   0.055   0.219   0.054   0.329     2.039
   13          inf   1.9822e+05   2.1060e+05  17012   7974     0      0      0     13      0   0.059   0.000   0.048   0.108     2.147
   14          inf   1.9822e+05   2.1061e+05  17012   7976     0      0      0      2      0   0.062   0.000   0.048   0.110     2.257
   15   2.1061e+05   1.9822e+05   2.1061e+05  17014   7974     0      2      0      0      2   0.060   0.023   0.053   0.136     2.393
   16   2.1061e+05   2.1046e+05   2.1061e+05  17101   7973     0     87      0      0      1   0.060   0.211   0.050   0.321     2.714
   17   2.1061e+05   2.1046e+05   2.1060e+05  17101   7974     0      0      0      1      0   0.064   0.000   0.047   0.112     2.826
   18   2.1060e+05   2.1058e+05   2.1060e+05  17101   7974     0     *6      0      0      0   0.063   0.220   0.048   0.331     3.157
CG optimal after 18 iterations. UB=210596.500000 LB=210576.876383 gap=1.962e+01 tol=2.106e+01  t_LP=1.230  t_PR=1.247  t_SP=0.903  t_Tot=3.390
[bounded-pricing] enabled=0 fired=0 priced=40253 rate=0.0%

# === STDOUT (result CSV) ===
Setting parameter 'LpMethod' to 2
Setting parameter 'GPUMode' to 2
Setting parameter 'Presolve' to 0
Setting parameter 'Crossover' to 0
instance,formulation,iterations,columns,objective,lower_bound,optimal,time,time_lp,time_pricing,time_separation
data/intermodal/BUS-7896-0.txt.gz,path,18,9218,210596.500000,210576.876383,1,3.587,1.230,1.247,0.903
