# cmd: /usr/bin/time -o /tmp/mcfcg_mem_ve6atugc.txt -f %M build/mcfcg_cli data/intermodal/SBT-18765-0.txt.gz --solver copt --copt-gpu-mode 2 --formulation path --max-iters 10000 --strategy pricer-heavy --time-limit 7200.0
# outcome: ok
# returncode: 0
# peak_rss_kb: 1234128
# peak_rss_source: measured
# === STDERR (CG iteration log + preamble) ===
Instance: 188487 vertices, 1782614 arcs, 18745 commodities, 18745 sources
Solver: copt (gpu-mode 2), formulation: path
Pricing threads: 32 (auto)
Slack mode: CommodityRows (struct=18745, capped_arcs=1535594)
[lp-config] backend=copt version=8.0.1 method=barrier exec=GPU presolve=off crossover=off tol=0.0001 threads=n/a(GPU)
   It           UB           LB       LP_obj   #col   #row  #slk   +col   -col   +cut   -cut    t_LP    t_PR    t_SP   t_Tot     t_acc
    1          inf         -inf   4.7848e+05  37490  18814   327      0      0     69      0   0.325   0.000   0.121   0.447     0.447
    2          inf         -inf   4.8278e+05  38151  18814   549    661      0      0      0   0.049   0.165   0.120   0.335     0.782
    3          inf         -inf   4.8145e+05  38151  18831    12      0      0     17      0   0.055   0.000   0.117   0.173     0.955
    4          inf         -inf   4.8156e+05  38151  18832    25      0      0      1      0   0.056   0.000   0.117   0.174     1.129
    5          inf         -inf   4.8165e+05  38172  18832    30     21      0      0      0   0.054   0.048   0.119   0.221     1.351
    6          inf   4.7013e+05   4.8629e+05  38421  18832    27    249      0      0      0   0.055   2.053   0.118   2.227     3.577
    7   4.8111e+05   4.8106e+05   4.8111e+05  38432  18815     0     11      0      0     17   0.053   2.066   0.117   2.237     5.814
    8   4.8111e+05   4.8106e+05   4.8111e+05  38432  18816     0      0      0      1      0   0.054   0.000   0.117   0.172     5.986
    9   4.8111e+05   4.8107e+05   4.8111e+05  38432  18816     0     *7      0      0      0   0.054   2.097   0.117   2.269     8.255
CG optimal after 9 iterations. UB=481107.500187 LB=481069.624949 gap=3.788e+01 tol=4.811e+01  t_LP=0.756  t_PR=8.581  t_SP=1.063  t_Tot=10.407
[bounded-pricing] enabled=0 cut=0 priced=75755 rate=0.0%

# === STDOUT (result CSV) ===
Setting parameter 'LpMethod' to 2
Setting parameter 'GPUMode' to 2
Setting parameter 'Presolve' to 0
Setting parameter 'Crossover' to 0
instance,formulation,iterations,columns,objective,lower_bound,optimal,time,time_lp,time_pricing,time_separation
data/intermodal/SBT-18765-0.txt.gz,path,9,19687,481107.500187,481069.624949,1,10.852,0.756,8.581,1.063
