# cmd: /usr/bin/time -o /tmp/mcfcg_mem_rnxbknoi.txt -f %M build/mcfcg_cli data/intermodal/BUS-18424-0.txt.gz --solver copt --copt-gpu-mode 2 --formulation path --max-iters 10000 --strategy pricer-heavy --time-limit 7200.0
# outcome: ok
# returncode: 0
# peak_rss_kb: 1076460
# peak_rss_source: measured
# === STDERR (CG iteration log + preamble) ===
Instance: 151455 vertices, 1338522 arcs, 18388 commodities, 18388 sources
Solver: copt (gpu-mode 2), formulation: path
Pricing threads: 32 (auto)
Slack mode: CommodityRows (struct=18388, capped_arcs=1151624)
[lp-config] backend=copt version=8.0.1 method=barrier exec=GPU presolve=off crossover=off tol=0.0001 threads=n/a(GPU)
   It           UB           LB       LP_obj   #col   #row  #slk   +col   -col   +cut   -cut    t_LP    t_PR    t_SP   t_Tot     t_acc
    1          inf         -inf   4.7151e+05  36776  18454  1078      0      0     66      0   0.360   0.000   0.090   0.451     0.451
    2          inf         -inf   4.7582e+05  37652  18454  1435    876      0      0      0   0.053   0.146   0.087   0.288     0.740
    3          inf         -inf   4.8678e+05  37652  18496   136      0      0     42      0   0.065   0.000   0.091   0.157     0.896
    4          inf         -inf   4.8820e+05  37652  18498   237      0      0      2      0   0.073   0.000   0.087   0.161     1.057
    5          inf         -inf   4.8824e+05  37736  18498   240     84      0      0      0   0.071   0.042   0.087   0.201     1.258
    6          inf         -inf   5.0368e+05  37736  18505   224      0      0      7      0   0.072   0.000   0.090   0.162     1.421
    7          inf         -inf   5.0369e+05  37840  18482   226    104      0      0     23   0.069   0.046   0.087   0.204     1.625
    8          inf         -inf   5.3728e+05  37840  18483   179      0      0      1      0   0.069   0.000   0.087   0.157     1.781
    9          inf         -inf   5.3728e+05  37872  18453   181     32      0      0     30   0.064   0.043   0.089   0.197     1.979
   10          inf         -inf   5.6714e+05  37872  18456   196      0      0      3      0   0.070   0.000   0.088   0.159     2.137
   11          inf         -inf   5.6714e+05  37901  18454   197     29      0      0      2   0.070   0.038   0.088   0.197     2.334
   12          inf         -inf   6.8040e+05  37901  18457   176      0      0      3      0   0.072   0.000   0.088   0.160     2.494
   13          inf         -inf   6.8040e+05  37933  18449   176     32      0      0      8   0.076   0.040   0.087   0.205     2.699
   14          inf         -inf   9.2552e+05  37933  18450   161      0      0      1      0   0.072   0.000   0.088   0.161     2.860
   15          inf         -inf   9.2552e+05  37934  18449   161      1      0      0      1   0.072   0.053   0.088   0.214     3.073
   16          inf         -inf   1.1033e+06  37934  18451   187      0      0      2      0   0.075   0.000   0.086   0.162     3.236
   17          inf         -inf   1.1033e+06  38020  18447   187     86      0      0      4   0.071   0.056   0.088   0.216     3.452
   18          inf         -inf   1.4818e+06  38020  18448   151      0      0      1      0   0.079   0.000   0.090   0.169     3.621
   19          inf  -5.4575e+06   1.4818e+06  39009  18445   151    989      0      0      3   0.072   0.754   0.089   0.918     4.539
   20          inf  -5.4575e+06   4.8490e+05  39009  18485     0      0      0     40      0   0.071   0.000   0.089   0.160     4.699
   21          inf  -5.4575e+06   4.8519e+05  39009  18491    11      0      0      6      0   0.097   0.000   0.087   0.185     4.884
   22          inf  -5.4575e+06   4.8522e+05  39009  18495    11      0      0      4      0   0.101   0.000   0.088   0.189     5.073
   23          inf  -5.4575e+06   4.8522e+05  39012  18494    14      3      0      0      1   0.093   0.040   0.087   0.221     5.295
   24          inf  -5.4575e+06   4.8529e+05  39012  18495     2      0      0      1      0   0.093   0.000   0.090   0.183     5.478
   25          inf  -5.4575e+06   4.8529e+05  39015  18484     2      3      0      0     11   0.090   0.038   0.089   0.219     5.696
   26          inf  -5.4575e+06   4.8529e+05  39015  18488     0      0      0      4      0   0.090   0.000   0.087   0.177     5.874
   27   4.8529e+05  -5.4575e+06   4.8529e+05  39016  18449     0      1      0      0     39   0.091   0.044   0.087   0.222     6.096
   28   4.8529e+05  -5.4575e+06   4.8529e+05  39016  18455     0      0      0      6      0   0.078   0.000   0.088   0.167     6.263
   29   4.8529e+05  -5.4575e+06   4.8529e+05  39025  18448     0      9      0      0      7   0.083   0.046   0.087   0.218     6.481
   30   4.8529e+05  -5.4575e+06   4.8527e+05  39025  18450     1      0      0      2      0   0.090   0.000   0.087   0.178     6.658
   31   4.8529e+05   4.8346e+05   4.8527e+05  39482  18449     1    457      0      0      1   0.085   0.758   0.088   0.933     7.591
   32   4.8529e+05   4.8346e+05   4.8503e+05  39482  18469     0      0      0     20      0   0.079   0.000   0.088   0.167     7.758
   33   4.8529e+05   4.8346e+05   4.8505e+05  39482  18470     0      0      0      1      0   0.081   0.000   0.088   0.170     7.929
   34   4.8505e+05   4.8346e+05   4.8505e+05  39484  18464     0      2      0      0      6   0.081   0.045   0.088   0.215     8.144
   35   4.8505e+05   4.8346e+05   4.8505e+05  39484  18466     0      0      0      2      0   0.082   0.000   0.088   0.170     8.314
   36   4.8505e+05   4.8346e+05   4.8505e+05  39485  18465     0      1      0      0      1   0.088   0.044   0.087   0.220     8.534
   37   4.8505e+05   4.8489e+05   4.8505e+05  39615  18458     0    130      0      0      7   0.082   0.719   0.089   0.892     9.426
   38   4.8505e+05   4.8489e+05   4.8503e+05  39615  18461     0      0      0      3      0   0.092   0.000   0.088   0.181     9.607
   39   4.8505e+05   4.8489e+05   4.8503e+05  39615  18462     0      0      0      1      0   0.086   0.000   0.088   0.174     9.781
   40   4.8503e+05   4.8499e+05   4.8503e+05  39615  18462     0    *21      0      0      0   0.091   0.753   0.087   0.931    10.712
CG optimal after 40 iterations. UB=485027.500005 LB=484987.118080 gap=4.038e+01 tol=4.850e+01  t_LP=3.449  t_PR=4.452  t_SP=3.522  t_Tot=11.460
[bounded-pricing] enabled=0 fired=0 priced=94202 rate=0.0%

# === STDOUT (result CSV) ===
Setting parameter 'LpMethod' to 2
Setting parameter 'GPUMode' to 2
Setting parameter 'Presolve' to 0
Setting parameter 'Crossover' to 0
instance,formulation,iterations,columns,objective,lower_bound,optimal,time,time_lp,time_pricing,time_separation
data/intermodal/BUS-18424-0.txt.gz,path,40,21227,485027.500005,484987.118080,1,11.797,3.449,4.452,3.522
