# cmd: /usr/bin/time -o /tmp/mcfcg_mem_xxn1v58y.txt -f %M build/mcfcg_cli data/intermodal/SBT-43785-0.txt.gz --solver copt --copt-gpu-mode 2 --formulation path --max-iters 10000 --strategy pricer-heavy --time-limit 7200.0
# outcome: ok
# returncode: 0
# peak_rss_kb: 2021648
# peak_rss_source: measured
# === STDERR (CG iteration log + preamble) ===
Instance: 238529 vertices, 3741246 arcs, 43757 commodities, 43757 sources
Solver: copt (gpu-mode 2), formulation: path
Pricing threads: 32 (auto)
Slack mode: CommodityRows (struct=43757, capped_arcs=3494226)
[lp-config] backend=copt version=8.0.1 method=barrier exec=GPU presolve=off crossover=off tol=0.0001 threads=n/a(GPU)
   It           UB           LB       LP_obj   #col   #row  #slk   +col   -col   +cut   -cut    t_LP    t_PR    t_SP   t_Tot     t_acc
    1          inf         -inf   1.1175e+06  87514  43829   745      0      0     72      0   0.459   0.000   0.272   0.733     0.733
    2          inf         -inf   1.1284e+06  89103  43829  1264   1589      0      0      0   0.060   0.590   0.268   0.920     1.653
    3          inf         -inf   1.1237e+06  89103  43840     0      0      0     11      0   0.073   0.000   0.262   0.337     1.990
    4          inf         -inf   1.1238e+06  89259  43840    23    156      0      0      0   0.078   0.231   0.262   0.572     2.562
    5   1.1237e+06   1.1234e+06   1.1237e+06  89500  43840     0    241      0      0      0   0.079   8.833   0.263   9.176    11.738
    6   1.1236e+06   1.1235e+06   1.1236e+06  89500  43840     0     *1      0      0      0   0.079   8.841   0.262   9.183    20.921
CG optimal after 6 iterations. UB=1123600.009692 LB=1123516.997796 gap=8.301e+01 tol=1.124e+02  t_LP=0.827  t_PR=27.430  t_SP=1.590  t_Tot=29.856
[bounded-pricing] enabled=0 fired=0 priced=133286 rate=0.0%

# === STDOUT (result CSV) ===
Setting parameter 'LpMethod' to 2
Setting parameter 'GPUMode' to 2
Setting parameter 'Presolve' to 0
Setting parameter 'Crossover' to 0
instance,formulation,iterations,columns,objective,lower_bound,optimal,time,time_lp,time_pricing,time_separation
data/intermodal/SBT-43785-0.txt.gz,path,6,45743,1123600.009692,1123516.997796,1,30.714,0.827,27.430,1.590
