# cmd: /usr/bin/time -o /tmp/mcfcg_mem_tyz74t3c.txt -f %M build/mcfcg_cli data/intermodal/SBT-56295-0.txt.gz --solver copt --copt-gpu-mode 2 --formulation tree --max-iters 10000 --strategy pricer-heavy --time-limit 7200.0
# outcome: ok
# returncode: 0
# peak_rss_kb: 2415476
# peak_rss_source: measured
# === STDERR (CG iteration log + preamble) ===
Instance: 263559 vertices, 4725174 arcs, 56269 commodities, 56269 sources
Solver: copt (gpu-mode 2), formulation: tree
Pricing threads: 32 (auto)
Slack mode: CommodityRows (struct=56269, capped_arcs=4478154)
[lp-config] backend=copt version=8.0.1 method=barrier exec=GPU presolve=off crossover=off tol=0.0001 threads=n/a(GPU)
   It           UB           LB       LP_obj   #col   #row  #slk   +col   -col   +cut   -cut    t_LP    t_PR    t_SP   t_Tot     t_acc
    1          inf         -inf   1.4398e+06 112538  56332   974      0      0     63      0   0.528   0.000   0.357   0.887     0.887
    2          inf         -inf   1.4541e+06 114364  56332  1658   1826      0      0      0   0.070   0.902   0.359   1.334     2.221
    3          inf         -inf   1.4482e+06 114364  56350     7      0      0     18      0   0.068   0.000   0.346   0.417     2.638
    4          inf         -inf   1.4484e+06 114364  56352    42      0      0      2      0   0.079   0.000   0.349   0.430     3.068
    5          inf         -inf   1.4484e+06 114416  56352    42     52      0      0      0   0.077   0.159   0.351   0.588     3.657
    6          inf   1.4445e+06   1.4488e+06 114986  56352    45    570      0      0      0   0.079  15.389   0.344  15.813    19.470
    7          inf   1.4445e+06   1.4479e+06 114986  56353     0      0      0      1      0   0.078   0.000   0.342   0.423    19.892
    8   1.4479e+06   1.4445e+06   1.4479e+06 115019  56312     0     33      0      0     41   0.074   0.153   0.341   0.570    20.463
    9   1.4479e+06   1.4445e+06   1.4479e+06 115019  56320     0      0      0      8      0   0.073   0.000   0.345   0.420    20.883
   10   1.4479e+06   1.4477e+06   1.4479e+06 115019  56320     0    *30      0      0      0   0.075  15.611   0.344  16.030    36.913
CG optimal after 10 iterations. UB=1447869.000000 LB=1447747.204200 gap=1.218e+02 tol=1.448e+02  t_LP=1.200  t_PR=47.703  t_SP=3.478  t_Tot=52.405
[bounded-pricing] enabled=0 cut=0 priced=171350 rate=0.0%

# === STDOUT (result CSV) ===
Setting parameter 'LpMethod' to 2
Setting parameter 'GPUMode' to 2
Setting parameter 'Presolve' to 0
Setting parameter 'Crossover' to 0
instance,formulation,iterations,columns,objective,lower_bound,optimal,time,time_lp,time_pricing,time_separation
data/intermodal/SBT-56295-0.txt.gz,tree,10,58750,1447869.000000,1447747.204200,1,53.502,1.200,47.703,3.478
