# cmd: /usr/bin/time -o /tmp/mcfcg_mem_zutxu0wb.txt -f %M build/mcfcg_cli data/intermodal/BUS-13160-0.txt.gz --solver copt --copt-gpu-mode 2 --formulation path --max-iters 10000 --strategy pricer-heavy --time-limit 7200.0
# outcome: ok
# returncode: 0
# peak_rss_kb: 941196
# peak_rss_source: measured
# === STDERR (CG iteration log + preamble) ===
Instance: 140925 vertices, 1023858 arcs, 13135 commodities, 13135 sources
Solver: copt (gpu-mode 2), formulation: path
Pricing threads: 32 (auto)
Slack mode: CommodityRows (struct=13135, capped_arcs=836960)
[lp-config] backend=copt version=8.0.1 method=barrier exec=GPU presolve=off crossover=off tol=0.0001 threads=n/a(GPU)
   It           UB           LB       LP_obj   #col   #row  #slk   +col   -col   +cut   -cut    t_LP    t_PR    t_SP   t_Tot     t_acc
    1          inf         -inf   3.3868e+05  26270  13208   783      0      0     73      0   0.383   0.000   0.070   0.454     0.454
    2          inf         -inf   3.4174e+05  26944  13208  1041    674      0      0      0   0.055   0.100   0.068   0.224     0.678
    3          inf         -inf   3.4963e+05  26944  13256   102      0      0     48      0   0.064   0.000   0.070   0.135     0.813
    4          inf         -inf   3.5073e+05  26944  13258   167      0      0      2      0   0.069   0.000   0.070   0.140     0.953
    5          inf         -inf   3.5073e+05  26990  13258   168     46      0      0      0   0.069   0.033   0.071   0.173     1.126
    6          inf         -inf   3.6154e+05  26990  13259   185      0      0      1      0   0.074   0.000   0.067   0.142     1.268
    7          inf         -inf   3.6155e+05  27024  13229   186     34      0      0     30   0.067   0.031   0.068   0.166     1.434
    8          inf   1.8846e+05   3.9558e+05  27795  13219   132    771      0      0     10   0.064   0.440   0.076   0.583     2.017
    9          inf   1.8846e+05   3.4902e+05  27795  13267     8      0      0     48      0   0.077   0.000   0.069   0.146     2.163
   10          inf   1.8846e+05   3.4918e+05  28035  13252    17    240      0      0     15   0.084   0.085   0.069   0.239     2.402
   11          inf   1.8846e+05   3.5092e+05  28035  13255     7      0      0      3      0   0.081   0.000   0.069   0.150     2.553
   12          inf   1.8846e+05   3.5093e+05  28074  13253     9     39      0      0      2   0.082   0.038   0.067   0.188     2.740
   13          inf   3.3491e+05   3.5096e+05  28206  13251     5    132      0      0      2   0.084   0.451   0.069   0.606     3.346
   14   3.4837e+05   3.4834e+05   3.4837e+05  28206  13251     0     *7      0      0      0   0.092   0.461   0.069   0.622     3.969
CG optimal after 14 iterations. UB=348367.000000 LB=348337.869050 gap=2.913e+01 tol=3.484e+01  t_LP=1.344  t_PR=2.105  t_SP=0.973  t_Tot=4.435
[bounded-pricing] enabled=0 cut=0 priced=54453 rate=0.0%

# === STDOUT (result CSV) ===
Setting parameter 'LpMethod' to 2
Setting parameter 'GPUMode' to 2
Setting parameter 'Presolve' to 0
Setting parameter 'Crossover' to 0
instance,formulation,iterations,columns,objective,lower_bound,optimal,time,time_lp,time_pricing,time_separation
data/intermodal/BUS-13160-0.txt.gz,path,14,15071,348367.000000,348337.869050,1,4.707,1.344,2.105,0.973
