# cmd: /usr/bin/time -o /tmp/mcfcg_mem_5agdbyi9.txt -f %M build/mcfcg_cli data/intermodal/BUS-18424-0.txt.gz --solver copt --copt-gpu-mode 2 --formulation tree --max-iters 10000 --strategy pricer-heavy --time-limit 7200.0
# outcome: ok
# returncode: 0
# peak_rss_kb: 1079496
# peak_rss_source: measured
# === STDERR (CG iteration log + preamble) ===
Instance: 151455 vertices, 1338522 arcs, 18388 commodities, 18388 sources
Solver: copt (gpu-mode 2), formulation: tree
Pricing threads: 32 (auto)
Slack mode: CommodityRows (struct=18388, capped_arcs=1151624)
[lp-config] backend=copt version=8.0.1 method=barrier exec=GPU presolve=off crossover=off tol=0.0001 threads=n/a(GPU)
   It           UB           LB       LP_obj   #col   #row  #slk   +col   -col   +cut   -cut    t_LP    t_PR    t_SP   t_Tot     t_acc
    1          inf         -inf   4.7151e+05  36776  18454  1078      0      0     66      0   0.297   0.000   0.094   0.391     0.391
    2          inf         -inf   4.7582e+05  37652  18454  1435    876      0      0      0   0.049   0.145   0.093   0.288     0.679
    3          inf         -inf   4.8678e+05  37652  18496   136      0      0     42      0   0.053   0.000   0.095   0.149     0.828
    4          inf         -inf   4.8820e+05  37652  18498   237      0      0      2      0   0.063   0.000   0.094   0.157     0.986
    5          inf         -inf   4.8824e+05  37736  18498   240     84      0      0      0   0.066   0.043   0.093   0.202     1.188
    6          inf         -inf   5.0368e+05  37736  18505   224      0      0      7      0   0.062   0.000   0.092   0.154     1.342
    7          inf         -inf   5.0369e+05  37840  18482   226    104      0      0     23   0.067   0.046   0.092   0.205     1.547
    8          inf         -inf   5.3728e+05  37840  18483   179      0      0      1      0   0.066   0.000   0.092   0.158     1.705
    9          inf         -inf   5.3729e+05  37872  18454   181     32      0      0     29   0.066   0.043   0.091   0.202     1.907
   10          inf         -inf   5.6715e+05  37872  18457   196      0      0      3      0   0.062   0.000   0.093   0.156     2.062
   11          inf         -inf   5.6715e+05  37901  18455   197     29      0      0      2   0.064   0.038   0.092   0.194     2.257
   12          inf         -inf   6.8040e+05  37901  18458   176      0      0      3      0   0.064   0.000   0.093   0.157     2.414
   13          inf         -inf   6.8040e+05  37933  18450   176     32      0      0      8   0.067   0.040   0.092   0.199     2.613
   14          inf         -inf   9.2553e+05  37933  18451   161      0      0      1      0   0.060   0.000   0.092   0.153     2.766
   15          inf         -inf   9.2553e+05  37934  18450   161      1      0      0      1   0.061   0.050   0.091   0.203     2.969
   16          inf         -inf   1.1033e+06  37934  18452   187      0      0      2      0   0.060   0.000   0.091   0.152     3.121
   17          inf         -inf   1.1033e+06  38020  18448   187     86      0      0      4   0.062   0.058   0.091   0.212     3.334
   18          inf         -inf   1.4818e+06  38020  18449   151      0      0      1      0   0.064   0.000   0.091   0.156     3.490
   19          inf  -5.3980e+06   1.4818e+06  39026  18446   151   1006      0      0      3   0.060   0.763   0.091   0.917     4.407
   20          inf  -5.3980e+06   4.8490e+05  39026  18486     0      0      0     40      0   0.058   0.000   0.092   0.151     4.558
   21          inf  -5.3980e+06   4.8518e+05  39026  18492    11      0      0      6      0   0.079   0.000   0.092   0.171     4.730
   22          inf  -5.3980e+06   4.8521e+05  39026  18496    11      0      0      4      0   0.075   0.000   0.092   0.168     4.897
   23          inf  -5.3980e+06   4.8521e+05  39029  18495    14      3      0      0      1   0.079   0.041   0.091   0.212     5.109
   24          inf   4.8391e+05   4.8527e+05  39422  18495     2    393      0      0      0   0.079   0.726   0.092   0.899     6.008
   25          inf   4.8391e+05   4.8504e+05  39422  18499     0      0      0      4      0   0.072   0.000   0.091   0.164     6.172
   26          inf   4.8391e+05   4.8504e+05  39422  18500     0      0      0      1      0   0.074   0.000   0.090   0.165     6.337
   27   4.8504e+05   4.8391e+05   4.8504e+05  39423  18460     0      1      0      0     40   0.076   0.044   0.090   0.211     6.549
   28   4.8504e+05   4.8391e+05   4.8504e+05  39423  18467     0      0      0      7      0   0.074   0.000   0.091   0.166     6.715
   29   4.8504e+05   4.8391e+05   4.8504e+05  39426  18464     0      3      0      0      3   0.074   0.057   0.091   0.223     6.938
   30   4.8504e+05   4.8391e+05   4.8504e+05  39426  18466     0      0      0      2      0   0.072   0.000   0.091   0.163     7.101
   31   4.8504e+05   4.8391e+05   4.8504e+05  39428  18453     0      2      0      0     13   0.073   0.042   0.091   0.207     7.308
   32   4.8504e+05   4.8391e+05   4.8504e+05  39428  18456     0      0      0      3      0   0.081   0.000   0.090   0.172     7.479
   33   4.8504e+05   4.8391e+05   4.8504e+05  39434  18455     0      6      0      0      1   0.077   0.053   0.093   0.224     7.703
   34   4.8504e+05   4.8391e+05   4.8504e+05  39434  18461     0      0      0      6      0   0.076   0.000   0.091   0.168     7.871
   35   4.8504e+05   4.8391e+05   4.8504e+05  39437  18456     0      3      0      0      5   0.076   0.051   0.091   0.219     8.090
   36   4.8504e+05   4.8391e+05   4.8504e+05  39437  18459     0      0      0      3      0   0.072   0.000   0.091   0.164     8.255
   37   4.8504e+05   4.8391e+05   4.8504e+05  39440  18457     0      3      0      0      2   0.074   0.050   0.092   0.217     8.472
   38   4.8504e+05   4.8391e+05   4.8504e+05  39440  18458     0      0      0      1      0   0.075   0.000   0.093   0.168     8.640
   39   4.8504e+05   4.8488e+05   4.8504e+05  39532  18455     0     92      0      0      3   0.074   0.767   0.092   0.934     9.574
   40   4.8504e+05   4.8488e+05   4.8503e+05  39532  18458     0      0      0      3      0   0.075   0.000   0.091   0.166     9.740
   41   4.8504e+05   4.8488e+05   4.8503e+05  39532  18459     0      0      0      1      0   0.076   0.000   0.092   0.169     9.909
   42   4.8503e+05   4.8499e+05   4.8503e+05  39532  18459     0    *11      0      0      0   0.076   0.763   0.091   0.930    10.839
CG optimal after 42 iterations. UB=485027.000005 LB=484989.633813 gap=3.737e+01 tol=4.850e+01  t_LP=3.130  t_PR=4.578  t_SP=3.852  t_Tot=11.600
[bounded-pricing] enabled=0 fired=0 priced=94514 rate=0.0%

# === STDOUT (result CSV) ===
Setting parameter 'LpMethod' to 2
Setting parameter 'GPUMode' to 2
Setting parameter 'Presolve' to 0
Setting parameter 'Crossover' to 0
instance,formulation,iterations,columns,objective,lower_bound,optimal,time,time_lp,time_pricing,time_separation
data/intermodal/BUS-18424-0.txt.gz,tree,42,21144,485027.000005,484989.633813,1,11.939,3.130,4.578,3.852
