# cmd: /usr/bin/time -o /tmp/mcfcg_mem_3agzrb0q.txt -f %M build/mcfcg_cli data/intermodal/BUS-23688-0.txt.gz --solver copt --copt-gpu-mode 2 --formulation path --max-iters 10000 --strategy pricer-heavy --time-limit 7200.0
# outcome: ok
# returncode: 0
# peak_rss_kb: 1206220
# peak_rss_source: measured
# === STDERR (CG iteration log + preamble) ===
Instance: 161993 vertices, 1653437 arcs, 23643 commodities, 23643 sources
Solver: copt (gpu-mode 2), formulation: path
Pricing threads: 32 (auto)
Slack mode: CommodityRows (struct=23643, capped_arcs=1466539)
[lp-config] backend=copt version=8.0.1 method=barrier exec=GPU presolve=off crossover=off tol=0.0001 threads=n/a(GPU)
   It           UB           LB       LP_obj   #col   #row  #slk   +col   -col   +cut   -cut    t_LP    t_PR    t_SP   t_Tot     t_acc
    1          inf         -inf   6.0693e+05  47286  23709  1421      0      0     66      0   0.375   0.000   0.111   0.486     0.486
    2          inf         -inf   6.1290e+05  48452  23709  1888   1166      0      0      0   0.057   0.220   0.112   0.391     0.878
    3          inf         -inf   6.2761e+05  48452  23756   198      0      0     47      0   0.074   0.000   0.108   0.183     1.060
    4          inf         -inf   6.2939e+05  48452  23758   346      0      0      2      0   0.087   0.000   0.108   0.196     1.256
    5          inf         -inf   6.2940e+05  48557  23758   348    105      0      0      0   0.085   0.054   0.107   0.247     1.503
    6          inf         -inf   6.5941e+05  48557  23759   343      0      0      1      0   0.089   0.000   0.107   0.197     1.700
    7          inf         -inf   6.5941e+05  48592  23737   346     35      0      0     22   0.080   0.054   0.108   0.243     1.943
    8          inf         -inf   7.2767e+05  48592  23738   303      0      0      1      0   0.079   0.000   0.107   0.187     2.131
    9          inf         -inf   7.2768e+05  48634  23705   303     42      0      0     33   0.080   0.048   0.107   0.236     2.366
   10          inf         -inf   7.5832e+05  48634  23716   316      0      0     11      0   0.074   0.000   0.109   0.184     2.550
   11          inf         -inf   7.6106e+05  48838  23712   327    204      0      0      4   0.076   0.067   0.107   0.251     2.802
   12          inf         -inf   9.3726e+05  48838  23717   260      0      0      5      0   0.076   0.000   0.108   0.185     2.986
   13          inf         -inf   9.3728e+05  48930  23714   263     92      0      0      3   0.099   0.067   0.111   0.278     3.265
   14          inf  -1.1404e+06   1.2491e+06  50397  23714   244   1467      0      0      0   0.102   1.084   0.108   1.297     4.562
   15          inf  -1.1404e+06   6.2475e+05  50397  23756     0      0      0     42      0   0.083   0.000   0.108   0.192     4.754
   16          inf  -1.1404e+06   6.2516e+05  50397  23769    19      0      0     13      0   0.119   0.000   0.107   0.227     4.981
   17          inf  -1.1404e+06   6.2528e+05  50397  23774    23      0      0      5      0   0.110   0.000   0.107   0.218     5.199
   18          inf  -1.1404e+06   6.2531e+05  50454  23768    26     57      0      0      6   0.107   0.056   0.107   0.271     5.470
   19          inf  -1.1404e+06   6.2544e+05  50454  23771     9      0      0      3      0   0.104   0.000   0.107   0.212     5.682
   20          inf  -1.1404e+06   6.2544e+05  50484  23753    12     30      0      0     18   0.108   0.056   0.107   0.272     5.955
   21          inf  -1.1404e+06   6.2538e+05  50484  23756     4      0      0      3      0   0.096   0.000   0.108   0.204     6.159
   22          inf   6.1761e+05   6.2538e+05  51282  23717     4    798      0      0     39   0.099   1.170   0.109   1.381     7.539
   23          inf   6.1761e+05   6.2489e+05  51282  23732     0      0      0     15      0   0.100   0.000   0.108   0.208     7.747
   24          inf   6.1761e+05   6.2491e+05  51282  23733     0      0      0      1      0   0.106   0.000   0.107   0.213     7.961
   25   6.2491e+05   6.1761e+05   6.2491e+05  51308  23729     0     26      0      0      4   0.096   0.052   0.108   0.257     8.218
   26   6.2491e+05   6.1761e+05   6.2490e+05  51308  23730     0      0      0      1      0   0.100   0.000   0.108   0.209     8.426
   27   6.2490e+05   6.2475e+05   6.2490e+05  51464  23728     0    156      0      0      2   0.095   1.142   0.108   1.347     9.774
   28   6.2490e+05   6.2475e+05   6.2488e+05  51464  23732     0      0      0      4      0   0.104   0.000   0.108   0.212     9.986
   29   6.2488e+05   6.2484e+05   6.2488e+05  51464  23732     0    *12      0      0      0   0.098   1.155   0.107   1.360    11.346
CG optimal after 29 iterations. UB=624881.500288 LB=624839.827708 gap=4.167e+01 tol=6.249e+01  t_LP=2.956  t_PR=6.321  t_SP=3.130  t_Tot=12.443
[bounded-pricing] enabled=0 fired=0 priced=121126 rate=0.0%

# === STDOUT (result CSV) ===
Setting parameter 'LpMethod' to 2
Setting parameter 'GPUMode' to 2
Setting parameter 'Presolve' to 0
Setting parameter 'Crossover' to 0
instance,formulation,iterations,columns,objective,lower_bound,optimal,time,time_lp,time_pricing,time_separation
data/intermodal/BUS-23688-0.txt.gz,path,29,27821,624881.500288,624839.827708,1,12.849,2.956,6.321,3.130
