# cmd: /usr/bin/time -o /tmp/mcfcg_mem_9a6mprhk.txt -f %M build/mcfcg_cli data/intermodal/SBT-6255-0.txt.gz --solver copt --copt-gpu-mode 2 --formulation path --max-iters 10000 --strategy pricer-heavy --time-limit 7200.0
# outcome: ok
# returncode: 0
# peak_rss_kb: 852360
# peak_rss_source: measured
# === STDERR (CG iteration log + preamble) ===
Instance: 163487 vertices, 809375 arcs, 6251 commodities, 6251 sources
Solver: copt (gpu-mode 2), formulation: path
Pricing threads: 32 (auto)
Slack mode: CommodityRows (struct=6251, capped_arcs=562355)
[lp-config] backend=copt version=8.0.1 method=barrier exec=GPU presolve=off crossover=off tol=0.0001 threads=n/a(GPU)
   It           UB           LB       LP_obj   #col   #row  #slk   +col   -col   +cut   -cut    t_LP    t_PR    t_SP   t_Tot     t_acc
    1          inf         -inf   1.5957e+05  12502   6351   120      0      0    100      0   0.290   0.000   0.057   0.348     0.348
    2          inf         -inf   1.6193e+05  12845   6351   241    343      0      0      0   0.033   0.054   0.057   0.144     0.492
    3          inf         -inf   1.6084e+05  12845   6369     7      0      0     18      0   0.034   0.000   0.055   0.090     0.581
    4          inf         -inf   1.6089e+05  12845   6370    14      0      0      1      0   0.034   0.000   0.056   0.090     0.672
    5          inf         -inf   1.6089e+05  12852   6370    14      7      0      0      0   0.034   0.026   0.056   0.116     0.787
    6          inf   1.5447e+05   1.6290e+05  13009   6370    13    157      0      0      0   0.034   0.377   0.056   0.467     1.254
    7          inf   1.5447e+05   1.6061e+05  13009   6376     0      0      0      6      0   0.036   0.000   0.055   0.092     1.346
    8   1.6061e+05   1.6058e+05   1.6061e+05  13017   6328     0      8      0      0     48   0.036   0.398   0.056   0.491     1.837
    9   1.6061e+05   1.6058e+05   1.6061e+05  13017   6338     0      0      0     10      0   0.035   0.000   0.055   0.090     1.927
   10   1.6061e+05   1.6059e+05   1.6061e+05  13017   6338     0     *0      0      0      0   0.035   0.401   0.055   0.491     2.417
CG optimal after 10 iterations. UB=160606.000000 LB=160594.247700 gap=1.175e+01 tol=1.606e+01  t_LP=0.600  t_PR=1.675  t_SP=0.558  t_Tot=2.837
[bounded-pricing] enabled=0 fired=0 priced=25437 rate=0.0%

# === STDOUT (result CSV) ===
Setting parameter 'LpMethod' to 2
Setting parameter 'GPUMode' to 2
Setting parameter 'Presolve' to 0
Setting parameter 'Crossover' to 0
instance,formulation,iterations,columns,objective,lower_bound,optimal,time,time_lp,time_pricing,time_separation
data/intermodal/SBT-6255-0.txt.gz,path,10,6766,160606.000000,160594.247700,1,3.060,0.600,1.675,0.558
