# cmd: /usr/bin/time -o /tmp/mcfcg_mem_vi08zi2o.txt -f %M build/mcfcg_cli data/intermodal/SBT-43785-0.txt.gz --solver copt --copt-gpu-mode 0 --formulation tree --max-iters 10000 --strategy pricer-heavy --time-limit 1800.0
# outcome: ok
# returncode: 0
# peak_rss_kb: 1653616
# peak_rss_source: measured
# === STDERR (CG iteration log + preamble) ===
Instance: 238529 vertices, 3741246 arcs, 43757 commodities, 43757 sources
Solver: copt (gpu-mode 0), formulation: tree
Pricing threads: 32 (auto)
Slack mode: CommodityRows (struct=43757, capped_arcs=3494226)
[lp-config] backend=copt version=8.0.1 method=barrier exec=CPU presolve=off crossover=off tol=0.0001 threads=auto(32)
   It           UB           LB       LP_obj   #col   #row  #slk   +col   -col   +cut   -cut    t_LP    t_PR    t_SP   t_Tot     t_acc
    1          inf         -inf   1.1175e+06  87514  43829   745      0      0     72      0   0.152   0.000   0.277   0.431     0.431
    2          inf         -inf   1.1284e+06  89098  43829  1264   1584      0      0      0   0.031   0.620   0.280   0.934     1.364
    3          inf         -inf   1.1237e+06  89098  43840     0      0      0     11      0   0.035   0.000   0.285   0.322     1.686
    4          inf         -inf   1.1238e+06  89246  43840    23    148      0      0      0   0.035   0.241   0.278   0.555     2.241
    5   1.1237e+06   1.1234e+06   1.1237e+06  89487  43840     0    241      0      0      0   0.035   9.309   0.274   9.619    11.860
    6   1.1236e+06   1.1235e+06   1.1236e+06  89487  43840     0     *1      0      0      0   0.035   8.976   0.273   9.285    21.145
CG optimal after 6 iterations. UB=1123600.000001 LB=1123517.013469 gap=8.299e+01 tol=1.124e+02  t_LP=0.324  t_PR=28.619  t_SP=1.666  t_Tot=30.618
[bounded-pricing] enabled=0 cut=0 priced=133286 rate=0.0%

# === STDOUT (result CSV) ===
Setting parameter 'LpMethod' to 2
Setting parameter 'GPUMode' to 0
Setting parameter 'Presolve' to 0
Setting parameter 'Crossover' to 0
instance,formulation,iterations,columns,objective,lower_bound,optimal,time,time_lp,time_pricing,time_separation
data/intermodal/SBT-43785-0.txt.gz,tree,6,45730,1123600.000001,1123517.013469,1,31.505,0.324,28.619,1.666
