# cmd: /usr/bin/time -o /tmp/mcfcg_mem_48q56xue.txt -f %M build/mcfcg_cli data/intermodal/BUS-18424-0.txt.gz --solver copt --copt-gpu-mode 0 --formulation tree --max-iters 10000 --strategy pricer-heavy --time-limit 1800.0
# outcome: ok
# returncode: 0
# peak_rss_kb: 683924
# peak_rss_source: measured
# === STDERR (CG iteration log + preamble) ===
Instance: 151455 vertices, 1338522 arcs, 18388 commodities, 18388 sources
Solver: copt (gpu-mode 0), formulation: tree
Pricing threads: 32 (auto)
Slack mode: CommodityRows (struct=18388, capped_arcs=1151624)
[lp-config] backend=copt version=8.0.1 method=barrier exec=CPU presolve=off crossover=off tol=0.0001 threads=auto(32)
   It           UB           LB       LP_obj   #col   #row  #slk   +col   -col   +cut   -cut    t_LP    t_PR    t_SP   t_Tot     t_acc
    1          inf         -inf   4.7151e+05  36776  18454  1078      0      0     66      0   0.061   0.000   0.098   0.160     0.160
    2          inf         -inf   4.7582e+05  37652  18454  1435    876      0      0      0   0.019   0.158   0.095   0.273     0.433
    3          inf         -inf   4.8678e+05  37652  18496   136      0      0     42      0   0.020   0.000   0.099   0.121     0.554
    4          inf         -inf   4.8820e+05  37652  18498   237      0      0      2      0   0.027   0.000   0.098   0.125     0.679
    5          inf         -inf   4.8824e+05  37736  18498   240     84      0      0      0   0.027   0.045   0.097   0.170     0.849
    6          inf         -inf   5.0368e+05  37736  18505   224      0      0      7      0   0.027   0.000   0.096   0.124     0.973
    7          inf         -inf   5.0369e+05  37840  18482   226    104      0      0     23   0.029   0.048   0.095   0.173     1.146
    8          inf         -inf   5.3728e+05  37840  18483   179      0      0      1      0   0.026   0.000   0.096   0.123     1.268
    9          inf         -inf   5.3729e+05  37872  18454   181     32      0      0     29   0.026   0.045   0.095   0.167     1.435
   10          inf         -inf   5.6715e+05  37872  18457   196      0      0      3      0   0.024   0.000   0.096   0.121     1.556
   11          inf         -inf   5.6715e+05  37901  18455   197     29      0      0      2   0.026   0.040   0.096   0.163     1.719
   12          inf         -inf   6.8040e+05  37901  18458   176      0      0      3      0   0.026   0.000   0.096   0.123     1.842
   13          inf         -inf   6.8040e+05  37901  18459   176      0      0      1      0   0.025   0.000   0.096   0.122     1.964
   14          inf         -inf   6.8040e+05  37923  18451   176     22      0      0      8   0.025   0.043   0.097   0.166     2.130
   15          inf         -inf   9.2510e+05  37923  18452   162      0      0      1      0   0.024   0.000   0.096   0.122     2.252
   16          inf         -inf   9.2510e+05  37924  18449   162      1      0      0      3   0.024   0.042   0.096   0.162     2.414
   17          inf         -inf   1.1038e+06  37924  18452   191      0      0      3      0   0.024   0.000   0.096   0.121     2.535
   18          inf         -inf   1.1038e+06  38010  18449   191     86      0      0      3   0.025   0.060   0.098   0.183     2.718
   19          inf  -5.2904e+06   1.4808e+06  38996  18448   154    986      0      0      1   0.025   0.775   0.096   0.900     3.618
   20          inf  -5.2904e+06   4.8491e+05  38996  18487     0      0      0     39      0   0.026   0.000   0.096   0.123     3.741
   21          inf  -5.2904e+06   4.8513e+05  38996  18495    11      0      0      8      0   0.035   0.000   0.097   0.133     3.874
   22          inf  -5.2904e+06   4.8517e+05  38996  18500    13      0      0      5      0   0.037   0.000   0.097   0.134     4.008
   23          inf  -5.2904e+06   4.8517e+05  38999  18500    15      3      0      0      0   0.037   0.042   0.096   0.176     4.184
   24          inf   4.8375e+05   4.8523e+05  39417  18499     2    418      0      0      1   0.037   0.778   0.096   0.912     5.096
   25          inf   4.8375e+05   4.8504e+05  39417  18504     0      0      0      5      0   0.042   0.000   0.096   0.139     5.235
   26   4.8504e+05   4.8375e+05   4.8504e+05  39467  18464     0     50      0      0     40   0.042   0.057   0.096   0.196     5.430
   27   4.8504e+05   4.8375e+05   4.8504e+05  39467  18470     0      0      0      6      0   0.033   0.000   0.096   0.130     5.560
   28   4.8504e+05   4.8375e+05   4.8504e+05  39468  18461     0      1      0      0      9   0.035   0.058   0.097   0.191     5.751
   29   4.8504e+05   4.8497e+05   4.8504e+05  39519  18458     0     51      0      0      3   0.034   0.784   0.096   0.914     6.665
   30   4.8504e+05   4.8497e+05   4.8503e+05  39519  18460     0      0      0      2      0   0.032   0.000   0.096   0.129     6.794
   31   4.8503e+05   4.8497e+05   4.8503e+05  39532  18452     0     13      0      0      8   0.033   0.049   0.095   0.178     6.972
   32   4.8503e+05   4.8497e+05   4.8503e+05  39532  18454     0      0      0      2      0   0.032   0.000   0.096   0.129     7.101
   33   4.8503e+05   4.8499e+05   4.8503e+05  39532  18454     0     *1      0      0      0   0.035   0.811   0.096   0.942     8.043
CG optimal after 33 iterations. UB=485025.500001 LB=484993.074018 gap=3.243e+01 tol=4.850e+01  t_LP=0.999  t_PR=4.619  t_SP=3.177  t_Tot=8.827
[bounded-pricing] enabled=0 cut=0 priced=94273 rate=0.0%

# === STDOUT (result CSV) ===
Setting parameter 'LpMethod' to 2
Setting parameter 'GPUMode' to 0
Setting parameter 'Presolve' to 0
Setting parameter 'Crossover' to 0
instance,formulation,iterations,columns,objective,lower_bound,optimal,time,time_lp,time_pricing,time_separation
data/intermodal/BUS-18424-0.txt.gz,tree,33,21144,485025.500001,484993.074018,1,9.178,0.999,4.619,3.177
