# cmd: /usr/bin/time -o /tmp/mcfcg_mem_1p12hrq1.txt -f %M build/mcfcg_cli data/intermodal/SBT-56295-0.txt.gz --solver copt --copt-gpu-mode 0 --formulation tree --max-iters 10000 --strategy pricer-heavy --time-limit 1800.0
# outcome: ok
# returncode: 0
# peak_rss_kb: 2011520
# peak_rss_source: measured
# === STDERR (CG iteration log + preamble) ===
Instance: 263559 vertices, 4725174 arcs, 56269 commodities, 56269 sources
Solver: copt (gpu-mode 0), formulation: tree
Pricing threads: 32 (auto)
Slack mode: CommodityRows (struct=56269, capped_arcs=4478154)
[lp-config] backend=copt version=8.0.1 method=barrier exec=CPU presolve=off crossover=off tol=0.0001 threads=auto(32)
   It           UB           LB       LP_obj   #col   #row  #slk   +col   -col   +cut   -cut    t_LP    t_PR    t_SP   t_Tot     t_acc
    1          inf         -inf   1.4398e+06 112538  56332   974      0      0     63      0   0.215   0.000   0.354   0.570     0.570
    2          inf         -inf   1.4541e+06 114364  56332  1658   1826      0      0      0   0.033   0.894   0.341   1.272     1.842
    3          inf         -inf   1.4482e+06 114364  56350     7      0      0     18      0   0.039   0.000   0.355   0.397     2.239
    4          inf         -inf   1.4484e+06 114364  56352    42      0      0      2      0   0.044   0.000   0.361   0.408     2.647
    5          inf         -inf   1.4484e+06 114416  56352    42     52      0      0      0   0.047   0.153   0.349   0.550     3.197
    6          inf   1.4445e+06   1.4488e+06 114986  56352    45    570      0      0      0   0.044  15.211   0.346  15.602    18.799
    7          inf   1.4445e+06   1.4479e+06 114986  56353     0      0      0      1      0   0.046   0.000   0.345   0.393    19.193
    8   1.4479e+06   1.4445e+06   1.4479e+06 115019  56312     0     33      0      0     41   0.045   0.152   0.345   0.545    19.737
    9   1.4479e+06   1.4445e+06   1.4479e+06 115019  56320     0      0      0      8      0   0.042   0.000   0.347   0.392    20.129
   10   1.4479e+06   1.4477e+06   1.4479e+06 115019  56320     0    *30      0      0      0   0.044  15.522   0.346  15.912    36.041
CG optimal after 10 iterations. UB=1447869.000000 LB=1447747.204200 gap=1.218e+02 tol=1.448e+02  t_LP=0.598  t_PR=47.305  t_SP=3.490  t_Tot=51.419
[bounded-pricing] enabled=0 cut=0 priced=171350 rate=0.0%

# === STDOUT (result CSV) ===
Setting parameter 'LpMethod' to 2
Setting parameter 'GPUMode' to 0
Setting parameter 'Presolve' to 0
Setting parameter 'Crossover' to 0
instance,formulation,iterations,columns,objective,lower_bound,optimal,time,time_lp,time_pricing,time_separation
data/intermodal/SBT-56295-0.txt.gz,tree,10,58750,1447869.000000,1447747.204200,1,52.495,0.598,47.305,3.490
