# cmd: /usr/bin/time -o /tmp/mcfcg_mem_6jlh4qnb.txt -f %M build/mcfcg_cli data/intermodal/BUS-7896-0.txt.gz --solver copt --copt-gpu-mode 2 --formulation tree --max-iters 10000 --strategy pricer-heavy --pricing-cutoff --time-limit 1800.0
# outcome: ok
# returncode: 0
# peak_rss_kb: 852108
# peak_rss_source: measured
# === STDERR (CG iteration log + preamble) ===
Instance: 130395 vertices, 710935 arcs, 7883 commodities, 7883 sources
Solver: copt (gpu-mode 2), formulation: tree
Pricing threads: 32 (auto)
Slack mode: CommodityRows (struct=7883, capped_arcs=524037)
[lp-config] backend=copt version=8.0.1 method=barrier exec=GPU presolve=off crossover=off tol=0.0001 threads=n/a(GPU)
   It           UB           LB       LP_obj   #col   #row  #slk   +col   -col   +cut   -cut    t_LP    t_PR    t_SP   t_Tot     t_acc
    1          inf         -inf   2.0473e+05  15766   7960   475      0      0     77      0   0.338   0.000   0.050   0.388     0.388
    2          inf         -inf   2.0647e+05  16206   7960   631    440      0      0      0   0.143   0.050   0.058   0.253     0.641
    3          inf         -inf   2.1121e+05  16206   8031    48      0      0     71      0   0.160   0.000   0.053   0.213     0.854
    4          inf         -inf   2.1215e+05  16206   8035   112      0      0      4      0   0.167   0.000   0.058   0.225     1.079
    5          inf         -inf   2.1217e+05  16255   8035   112     49      0      0      0   0.162   0.031   0.064   0.258     1.337
    6          inf         -inf   2.2155e+05  16255   8036   111      0      0      1      0   0.163   0.000   0.064   0.227     1.564
    7          inf         -inf   2.2155e+05  16275   8011   111     20      0      0     25   0.164   0.029   0.063   0.256     1.821
    8          inf         -inf   2.4088e+05  16275   8013    82      0      0      2      0   0.166   0.000   0.062   0.229     2.049
    9          inf         -inf   2.4093e+05  16294   7967    86     19      0      0     46   0.166   0.035   0.061   0.264     2.313
   10          inf   1.3301e+04   2.5544e+05  16796   7967    80    502      0      0      0   0.169   0.217   0.062   0.449     2.762
   11          inf   1.3301e+04   2.1053e+05  16796   8008     0      0      0     41      0   0.165   0.000   0.050   0.215     2.977
   12          inf   1.3301e+04   2.1075e+05  16796   8019     3      0      0     11      0   0.171   0.000   0.057   0.229     3.206
   13          inf   1.3301e+04   2.1082e+05  16796   8020     5      0      0      1      0   0.169   0.000   0.064   0.234     3.440
   14          inf   1.3301e+04   2.1083e+05  16798   8006     6      2      0      0     14   0.171   0.029   0.063   0.264     3.704
   15          inf   1.9844e+05   2.1135e+05  17080   8005     5    282      0      0      1   0.172   0.212   0.060   0.446     4.149
   16          inf   1.9844e+05   2.1060e+05  17080   8013     0      0      0      8      0   0.169   0.000   0.049   0.219     4.369
   17   2.1060e+05   1.9844e+05   2.1060e+05  17085   7977     0      5      0      0     36   0.174   0.025   0.057   0.256     4.625
   18   2.1060e+05   1.9844e+05   2.1060e+05  17085   7980     0      0      0      3      0   0.168   0.000   0.055   0.223     4.848
   19   2.1060e+05   2.1051e+05   2.1060e+05  17154   7974     0     69      0      0      6   0.169   0.231   0.062   0.463     5.311
   20   2.1060e+05   2.1059e+05   2.1060e+05  17154   7974     0    *24      0      0      0   0.171   0.197   0.049   0.417     5.728
CG optimal after 20 iterations. UB=210595.000061 LB=210590.316884 gap=4.683e+00 tol=2.106e+01  t_LP=3.496  t_PR=1.287  t_SP=1.162  t_Tot=5.959
[pricing-cutoff] enabled=1 cut=30979 priced=40274 rate=76.9%

# === STDOUT (result CSV) ===
Setting parameter 'LpMethod' to 2
Setting parameter 'GPUMode' to 2
Setting parameter 'Presolve' to 0
Setting parameter 'Crossover' to 0
instance,formulation,iterations,columns,objective,lower_bound,optimal,time,time_lp,time_pricing,time_separation
data/intermodal/BUS-7896-0.txt.gz,tree,20,9271,210595.000061,210590.316884,1,6.160,3.496,1.287,1.162
