# cmd: /usr/bin/time -o /tmp/mcfcg_mem_3_pc4f8m.txt -f %M build/mcfcg_cli data/intermodal/SBT-56295-0.txt.gz --solver copt --copt-gpu-mode 2 --formulation tree --max-iters 10000 --strategy pricer-heavy --pricing-cutoff --time-limit 1800.0
# outcome: ok
# returncode: 0
# peak_rss_kb: 2453240
# peak_rss_source: measured
# === STDERR (CG iteration log + preamble) ===
Instance: 263559 vertices, 4725174 arcs, 56269 commodities, 56269 sources
Solver: copt (gpu-mode 2), formulation: tree
Pricing threads: 32 (auto)
Slack mode: CommodityRows (struct=56269, capped_arcs=4478154)
[lp-config] backend=copt version=8.0.1 method=barrier exec=GPU presolve=off crossover=off tol=0.0001 threads=n/a(GPU)
   It           UB           LB       LP_obj   #col   #row  #slk   +col   -col   +cut   -cut    t_LP    t_PR    t_SP   t_Tot     t_acc
    1          inf         -inf   1.4398e+06 112538  56332   974      0      0     63      0   0.578   0.000   0.337   0.918     0.918
    2          inf         -inf   1.4541e+06 114364  56332  1658   1826      0      0      0   0.176   0.824   0.337   1.341     2.258
    3          inf         -inf   1.4482e+06 114364  56350     7      0      0     18      0   0.182   0.000   0.357   0.541     2.799
    4          inf         -inf   1.4484e+06 114364  56352    42      0      0      2      0   0.185   0.000   0.336   0.523     3.323
    5          inf         -inf   1.4484e+06 114416  56352    42     52      0      0      0   0.190   0.150   0.341   0.682     4.005
    6          inf   1.4445e+06   1.4488e+06 114986  56352    45    570      0      0      0   0.190  13.954   0.339  14.484    18.489
    7          inf   1.4445e+06   1.4479e+06 114986  56353     0      0      0      1      0   0.192   0.000   0.333   0.527    19.016
    8   1.4479e+06   1.4445e+06   1.4479e+06 115019  56312     0     33      0      0     41   0.190   0.149   0.335   0.677    19.693
    9   1.4479e+06   1.4445e+06   1.4479e+06 115019  56320     0      0      0      8      0   0.183   0.000   0.334   0.519    20.212
   10   1.4479e+06   1.4478e+06   1.4479e+06 115019  56320     0    *30      0      0      0   0.186  14.144   0.336  14.666    34.878
CG optimal after 10 iterations. UB=1447869.000000 LB=1447845.522451 gap=2.348e+01 tol=1.448e+02  t_LP=2.252  t_PR=43.676  t_SP=3.385  t_Tot=49.337
[pricing-cutoff] enabled=1 cut=112303 priced=171083 rate=65.6%

# === STDOUT (result CSV) ===
Setting parameter 'LpMethod' to 2
Setting parameter 'GPUMode' to 2
Setting parameter 'Presolve' to 0
Setting parameter 'Crossover' to 0
instance,formulation,iterations,columns,objective,lower_bound,optimal,time,time_lp,time_pricing,time_separation
data/intermodal/SBT-56295-0.txt.gz,tree,10,58750,1447869.000000,1447845.522451,1,50.380,2.252,43.676,3.385
