# cmd: /usr/bin/time -o /tmp/mcfcg_mem_o69z4uuy.txt -f %M build/mcfcg_cli data/intermodal/BUS-23688-0.txt.gz --solver copt --copt-gpu-mode 2 --formulation tree --max-iters 10000 --strategy pricer-heavy --pricing-cutoff --time-limit 1800.0
# outcome: ok
# returncode: 0
# peak_rss_kb: 1244640
# peak_rss_source: measured
# === STDERR (CG iteration log + preamble) ===
Instance: 161993 vertices, 1653437 arcs, 23643 commodities, 23643 sources
Solver: copt (gpu-mode 2), formulation: tree
Pricing threads: 32 (auto)
Slack mode: CommodityRows (struct=23643, capped_arcs=1466539)
[lp-config] backend=copt version=8.0.1 method=barrier exec=GPU presolve=off crossover=off tol=0.0001 threads=n/a(GPU)
   It           UB           LB       LP_obj   #col   #row  #slk   +col   -col   +cut   -cut    t_LP    t_PR    t_SP   t_Tot     t_acc
    1          inf         -inf   6.0693e+05  47286  23709  1421      0      0     66      0   0.452   0.000   0.113   0.566     0.566
    2          inf         -inf   6.1290e+05  48445  23709  1888   1159      0      0      0   0.165   0.191   0.111   0.469     1.035
    3          inf         -inf   6.2762e+05  48445  23756   198      0      0     47      0   0.179   0.000   0.110   0.290     1.325
    4          inf         -inf   6.2951e+05  48445  23758   352      0      0      2      0   0.189   0.000   0.110   0.300     1.625
    5          inf         -inf   6.2953e+05  48539  23758   356     94      0      0      0   0.184   0.050   0.110   0.345     1.970
    6          inf   4.6901e+05   6.5966e+05  50150  23758   348   1611      0      0      0   0.185   1.068   0.112   1.368     3.338
    7          inf   4.6901e+05   6.2486e+05  50150  23799     5      0      0     41      0   0.193   0.000   0.110   0.304     3.642
    8          inf   4.6901e+05   6.2525e+05  50150  23808    19      0      0      9      0   0.209   0.000   0.121   0.331     3.973
    9          inf   4.6901e+05   6.2528e+05  50300  23764    23    150      0      0     44   0.212   0.083   0.111   0.408     4.380
   10          inf   4.6901e+05   6.2537e+05  50300  23768     9      0      0      4      0   0.199   0.000   0.110   0.311     4.691
   11          inf   4.6901e+05   6.2537e+05  50346  23765     9     46      0      0      3   0.207   0.057   0.110   0.376     5.067
   12          inf   4.6901e+05   6.2538e+05  50346  23767     8      0      0      2      0   0.193   0.000   0.110   0.304     5.371
   13          inf   4.6901e+05   6.2538e+05  50532  23725     8    186      0      0     42   0.202   0.069   0.110   0.382     5.753
   14          inf   4.6901e+05   6.2521e+05  50532  23729     3      0      0      4      0   0.192   0.000   0.110   0.303     6.056
   15          inf   4.6901e+05   6.2521e+05  50533  23721     3      1      0      0      8   0.196   0.054   0.110   0.361     6.417
   16          inf   6.2275e+05   6.2522e+05  50968  23720     3    435      0      0      1   0.204   1.095   0.110   1.411     7.829
   17          inf   6.2275e+05   6.2489e+05  50968  23728     0      0      0      8      0   0.202   0.000   0.111   0.314     8.142
   18   6.2489e+05   6.2275e+05   6.2489e+05  50988  23725     0     20      0      0      3   0.209   0.083   0.112   0.406     8.548
   19   6.2489e+05   6.2275e+05   6.2489e+05  50988  23726     0      0      0      1      0   0.197   0.000   0.111   0.309     8.857
   20   6.2489e+05   6.2485e+05   6.2489e+05  50988  23726     0    *30      0      0      0   0.208   1.137   0.111   1.456    10.313
CG optimal after 20 iterations. UB=624894.000001 LB=624846.295662 gap=4.770e+01 tol=6.249e+01  t_LP=4.176  t_PR=5.043  t_SP=2.225  t_Tot=11.469
[pricing-cutoff] enabled=1 cut=70064 priced=97439 rate=71.9%

# === STDOUT (result CSV) ===
Setting parameter 'LpMethod' to 2
Setting parameter 'GPUMode' to 2
Setting parameter 'Presolve' to 0
Setting parameter 'Crossover' to 0
instance,formulation,iterations,columns,objective,lower_bound,optimal,time,time_lp,time_pricing,time_separation
data/intermodal/BUS-23688-0.txt.gz,tree,20,27345,624894.000001,624846.295662,1,11.867,4.176,5.043,2.225
