# cmd: /usr/bin/time -o /tmp/mcfcg_mem_l_88wq7e.txt -f %M build/mcfcg_cli data/commalab/grid/grid10 --solver copt --copt-gpu-mode 2 --formulation tree --max-iters 10000 --time-limit 1800.0
# outcome: ok
# returncode: 0
# peak_rss_kb: 553408
# peak_rss_source: measured
# === STDERR (CG iteration log + preamble) ===
Instance: 625 vertices, 2400 arcs, 2000 commodities, 593 sources
Solver: copt (gpu-mode 2), formulation: tree
Pricing threads: 32 (auto)
Slack mode: CommodityRows (struct=593, capped_arcs=2400)
[lp-config] backend=copt version=8.0.1 method=barrier exec=GPU presolve=off crossover=off tol=0.0001 threads=n/a(GPU)
   It           UB           LB       LP_obj   #col   #row  #slk   +col   -col   +cut   -cut    t_LP    t_PR    t_SP   t_Tot     t_acc
    1          inf   1.6221e+08   5.9300e+04   1186    593   593      0      0      0      0   0.360   0.006   0.000   0.367     0.367
    2          inf   1.6221e+08   5.9300e+05   1186    593   593      0      0      0      0   0.164   0.005   0.000   0.169     0.536
    3          inf   1.6221e+08   5.9216e+06   1186    593   590      0      0      0      0   0.155   0.005   0.000   0.160     0.696
    4          inf   1.6221e+08   5.5288e+07   1186    593   495      0      0      0      0   0.151   0.005   0.000   0.156     0.852
    5          inf   1.6221e+08   1.6218e+08   1186    910     1      0      0    317      0   0.155   0.004   0.000   0.160     1.012
    6          inf   1.6221e+08   2.8039e+08   1706    910   271    520      0      0      0   0.219   0.002   0.000   0.222     1.234
    7          inf   1.6221e+08   7.6387e+08   2250    913   299    544      0      3      0   0.228   0.003   0.000   0.232     1.466
    8          inf   1.6221e+08   1.3705e+09   2798    924   201    548      0     11      0   0.241   0.002   0.000   0.245     1.711
    9          inf   1.6221e+08   1.3036e+09   3359    965   158    561      0     41      0   0.255   0.002   0.000   0.259     1.970
   10          inf   1.6221e+08   9.8212e+08   3923   1010   105    564      0     45      0   0.265   0.002   0.000   0.269     2.239
   11          inf   1.6221e+08   1.6511e+08   4393    986     0    557     87     60     84   0.381   0.002   0.000   0.386     2.625
   12          inf   1.6285e+08   1.6463e+08   4669   1017     0    539    263     33      2   0.319   0.002   0.000   0.324     2.949
   13          inf   1.6335e+08   1.6449e+08   4925   1032     0    532    276     16      1   0.315   0.002   0.000   0.321     3.270
   14          inf   1.6355e+08   1.6439e+08   5142   1047     0    525    308     15      0   0.344   0.002   0.001   0.349     3.619
   15          inf   1.6376e+08   1.6432e+08   5267   1045     0    511    386      7      9   0.354   0.002   0.000   0.359     3.978
   16          inf   1.6377e+08   1.6426e+08   5324   1044     0    507    450      7      8   0.332   0.002   0.001   0.338     4.316
   17          inf   1.6390e+08   1.6421e+08   5131   1033     0    488    681     12     23   0.327   0.002   0.001   0.333     4.649
   18          inf   1.6394e+08   1.6418e+08   5042   1027     0    484    573      9     15   0.334   0.002   0.000   0.340     4.989
   19          inf   1.6398e+08   1.6416e+08   4981   1022     0    477    538      6     11   0.323   0.002   0.001   0.329     5.317
   20          inf   1.6403e+08   1.6414e+08   4934   1024     0    444    491      6      4   0.328   0.002   0.001   0.334     5.651
   21          inf   1.6404e+08   1.6413e+08   4875   1024     0    430    489      7      7   0.331   0.002   0.001   0.337     5.988
   22          inf   1.6407e+08   1.6412e+08   4793   1030     0    406    488      7      1   0.345   0.002   0.001   0.351     6.338
   23          inf   1.6408e+08   1.6412e+08   4711   1027     0    366    448      2      5   0.345   0.002   0.001   0.350     6.688
   24          inf   1.6409e+08   1.6411e+08   4607   1021     0    363    467      1      7   0.355   0.002   0.001   0.360     7.049
   25          inf   1.6410e+08   1.6411e+08   4512   1018     0    339    434      4      7   0.357   0.002   0.001   0.362     7.411
   26          inf   1.6411e+08   1.6411e+08   4460   1017     0    303    355      4      5   0.347   0.002   0.001   0.352     7.763
   27          inf   1.6411e+08   1.6411e+08   4368   1017     0    252    344      2      2   0.348   0.002   0.001   0.354     8.117
   28          inf   1.6411e+08   1.6411e+08   4173   1015     0     91    286      2      4   0.325   0.002   0.000   0.330     8.448
   29   1.6411e+08   1.6411e+08   1.6411e+08   4173   1015     0     *2      0      0      0   0.346   0.002   0.000   0.349     8.796
CG optimal after 29 iterations. UB=164110897.445892 LB=164110696.712200 gap=2.007e+02 tol=1.641e+04  t_LP=8.651  t_PR=0.081  t_SP=0.013  t_Tot=8.805
[pricing-cutoff] enabled=0 cut=0 priced=20755 rate=0.0%

# === STDOUT (result CSV) ===
Setting parameter 'LpMethod' to 2
Setting parameter 'GPUMode' to 2
Setting parameter 'Presolve' to 0
Setting parameter 'Crossover' to 0
instance,formulation,iterations,columns,objective,lower_bound,optimal,time,time_lp,time_pricing,time_separation
data/commalab/grid/grid10,tree,29,3580,164110897.445892,164110696.712200,1,8.829,8.651,0.081,0.013
