# cmd: /usr/bin/time -o /tmp/mcfcg_mem_ukouhgis.txt -f %M build/mcfcg_cli data/commalab/grid/grid11 --solver copt --copt-gpu-mode 2 --formulation tree --max-iters 10000 --time-limit 1800.0
# outcome: ok
# returncode: 0
# peak_rss_kb: 550928
# peak_rss_source: measured
# === STDERR (CG iteration log + preamble) ===
Instance: 625 vertices, 2400 arcs, 4000 commodities, 625 sources
Solver: copt (gpu-mode 2), formulation: tree
Pricing threads: 32 (auto)
Slack mode: CommodityRows (struct=625, capped_arcs=2400)
[lp-config] backend=copt version=8.0.1 method=barrier exec=GPU presolve=off crossover=off tol=0.0001 threads=n/a(GPU)
   It           UB           LB       LP_obj   #col   #row  #slk   +col   -col   +cut   -cut    t_LP    t_PR    t_SP   t_Tot     t_acc
    1          inf   3.2684e+08   6.2500e+04   1250    625   625      0      0      0      0   0.351   0.006   0.000   0.357     0.357
    2          inf   3.2684e+08   6.2500e+05   1250    625   625      0      0      0      0   0.164   0.006   0.000   0.170     0.526
    3          inf   3.2684e+08   6.2500e+06   1250    625   625      0      0      0      0   0.155   0.005   0.000   0.161     0.687
    4          inf   3.2684e+08   6.2161e+07   1250    625   613      0      0      0      0   0.157   0.006   0.000   0.163     0.850
    5          inf   3.2684e+08   3.2192e+08   1250    817    31      0      0    192      0   0.157   0.006   0.000   0.163     1.013
    6          inf   3.2684e+08   4.3436e+08   1849    817   305    599      0      0      0   0.207   0.003   0.000   0.211     1.224
    7          inf   3.2684e+08   1.1206e+09   2453    819   310    604      0      2      0   0.231   0.003   0.000   0.236     1.460
    8          inf   3.2684e+08   1.3957e+09   3069    841   167    616      0     22      0   0.233   0.004   0.000   0.239     1.698
    9          inf   3.2684e+08   1.0416e+09   3689    863   103    620      0     22      0   0.237   0.003   0.000   0.243     1.941
   10          inf   3.2684e+08   4.0967e+08   4309    921    12    620      0     58      0   0.274   0.003   0.001   0.279     2.221
   11          inf   3.2684e+08   3.3056e+08   4840    889     0    620     89     11     43   0.326   0.003   0.001   0.333     2.554
   12          inf   3.2802e+08   3.3010e+08   5088    905     0    610    362     17      1   0.290   0.003   0.001   0.297     2.851
   13          inf   3.2845e+08   3.2985e+08   5428    913     0    605    265      9      1   0.307   0.003   0.001   0.314     3.165
   14          inf   3.2868e+08   3.2966e+08   5662    922     0    601    367     12      3   0.317   0.003   0.001   0.325     3.489
   15          inf   3.2874e+08   3.2954e+08   5794    920     0    599    467      4      6   0.326   0.003   0.001   0.334     3.823
   16          inf   3.2894e+08   3.2944e+08   5635    912     0    589    748     13     21   0.295   0.003   0.001   0.304     4.127
   17          inf   3.2903e+08   3.2937e+08   5425    909     0    576    786      7     10   0.297   0.002   0.001   0.305     4.433
   18          inf   3.2911e+08   3.2933e+08   5433    911     0    587    579      8      6   0.299   0.003   0.001   0.308     4.740
   19          inf   3.2914e+08   3.2931e+08   5398    911     0    558    593      5      5   0.325   0.002   0.001   0.332     5.073
   20          inf   3.2919e+08   3.2929e+08   5359    913     0    533    572      6      4   0.317   0.003   0.001   0.326     5.399
   21          inf   3.2922e+08   3.2927e+08   5275    914     0    526    610      3      2   0.315   0.003   0.001   0.323     5.721
   22          inf   3.2924e+08   3.2926e+08   5200    911     0    484    559      3      6   0.342   0.003   0.001   0.350     6.072
   23          inf   3.2925e+08   3.2926e+08   5129    911     0    477    548      1      1   0.324   0.002   0.001   0.331     6.403
   24          inf   3.2925e+08   3.2926e+08   5071    909     0    423    481      1      3   0.331   0.003   0.001   0.340     6.743
   25          inf   3.2926e+08   3.2926e+08   4959    904     0    337    449      1      6   0.334   0.002   0.001   0.341     7.084
   26   3.2926e+08   3.2926e+08   3.2926e+08   4959    904     0   *187      0      0      0   0.319   0.003   0.001   0.323     7.407
CG optimal after 26 iterations. UB=329258297.788487 LB=329257889.212310 gap=4.086e+02 tol=3.293e+04  t_LP=7.231  t_PR=0.096  t_SP=0.015  t_Tot=7.415
[pricing-cutoff] enabled=0 cut=0 priced=20000 rate=0.0%

# === STDOUT (result CSV) ===
Setting parameter 'LpMethod' to 2
Setting parameter 'GPUMode' to 2
Setting parameter 'Presolve' to 0
Setting parameter 'Crossover' to 0
instance,formulation,iterations,columns,objective,lower_bound,optimal,time,time_lp,time_pricing,time_separation
data/commalab/grid/grid11,tree,26,4334,329258297.788487,329257889.212310,1,7.438,7.231,0.096,0.015
