# cmd: /usr/bin/time -o /tmp/mcfcg_mem_35eqnbpd.txt -f %M build/mcfcg_cli data/commalab/grid/grid8 --solver copt --copt-gpu-mode 2 --formulation tree --max-iters 10000 --time-limit 1800.0
# outcome: ok
# returncode: 0
# peak_rss_kb: 504580
# peak_rss_source: measured
# === STDERR (CG iteration log + preamble) ===
Instance: 625 vertices, 2400 arcs, 500 commodities, 343 sources
Solver: copt (gpu-mode 2), formulation: tree
Pricing threads: 32 (auto)
Slack mode: CommodityRows (struct=343, capped_arcs=2400)
[lp-config] backend=copt version=8.0.1 method=barrier exec=GPU presolve=off crossover=off tol=0.0001 threads=n/a(GPU)
   It           UB           LB       LP_obj   #col   #row  #slk   +col   -col   +cut   -cut    t_LP    t_PR    t_SP   t_Tot     t_acc
    1          inf   4.1328e+07   3.4300e+04    686    343   343      0      0      0      0   0.343   0.002   0.000   0.346     0.346
    2          inf   4.1328e+07   3.4300e+05    686    343   343      0      0      0      0   0.158   0.003   0.001   0.161     0.507
    3          inf   4.1328e+07   3.4172e+06    686    343   338      0      0      0      0   0.150   0.003   0.000   0.153     0.660
    4          inf   4.1328e+07   2.6022e+07    686    344   167      0      0      1      0   0.152   0.002   0.000   0.155     0.815
    5          inf   4.1328e+07   4.6211e+07    709    593    16     23      0    249      0   0.154   0.001   0.000   0.156     0.971
    6          inf   4.1328e+07   1.0110e+08    981    596   174    274      2      3      0   0.175   0.001   0.000   0.177     1.148
    7          inf   4.1328e+07   2.1948e+08   1240    621   130    259      0     25      0   0.188   0.001   0.000   0.190     1.338
    8          inf   4.1328e+07   2.0669e+08   1519    663    71    279      0     42      0   0.206   0.001   0.000   0.208     1.546
    9          inf   4.1328e+07   9.0091e+07   1799    715    35    280      0     52      0   0.221   0.001   0.000   0.223     1.769
   10          inf   4.1328e+07   4.1861e+07   2062    737     0    264      1     22      0   0.295   0.001   0.000   0.298     2.067
   11          inf   4.1519e+07   4.1789e+07   2256    673     1    237     43     11     75   0.280   0.001   0.000   0.282     2.349
   12          inf   4.1590e+07   4.1761e+07   2410    682     0    221     67     10      1   0.239   0.001   0.000   0.242     2.591
   13          inf   4.1641e+07   4.1740e+07   2523    689     0    203     90     11      4   0.246   0.001   0.000   0.249     2.839
   14          inf   4.1657e+07   4.1731e+07   2560    693     0    186    149      9      5   0.254   0.001   0.000   0.256     3.095
   15          inf   4.1675e+07   4.1724e+07   2473    675     0    181    268      4     22   0.249   0.001   0.000   0.251     3.347
   16          inf   4.1688e+07   4.1718e+07   2319    664     0    145    299      5     16   0.246   0.001   0.000   0.249     3.596
   17          inf   4.1696e+07   4.1715e+07   2237    661     0    127    209      7     10   0.243   0.001   0.000   0.246     3.841
   18          inf   4.1700e+07   4.1712e+07   2158    659     0    127    206      6      8   0.230   0.001   0.000   0.232     4.074
   19          inf   4.1701e+07   4.1712e+07   2077    650     0     97    178      1     10   0.251   0.001   0.000   0.253     4.326
   20          inf   4.1708e+07   4.1711e+07   1979    645     0     69    167      2      7   0.248   0.001   0.000   0.250     4.577
   21          inf   4.1709e+07   4.1711e+07   1900    643     0     69    148      1      3   0.239   0.001   0.000   0.241     4.818
   22          inf   4.1710e+07   4.1711e+07   1843    644     0     65    122      5      4   0.252   0.001   0.001   0.254     5.073
   23   4.1711e+07   4.1710e+07   4.1711e+07   1843    644     0    *24      0      0      0   0.244   0.001   0.000   0.246     5.318
CG optimal after 23 iterations. UB=41710708.808904 LB=41710374.331101 gap=3.345e+02 tol=4.171e+03  t_LP=5.265  t_PR=0.034  t_SP=0.008  t_Tot=5.322
[pricing-cutoff] enabled=0 cut=0 priced=9604 rate=0.0%

# === STDOUT (result CSV) ===
Setting parameter 'LpMethod' to 2
Setting parameter 'GPUMode' to 2
Setting parameter 'Presolve' to 0
Setting parameter 'Crossover' to 0
instance,formulation,iterations,columns,objective,lower_bound,optimal,time,time_lp,time_pricing,time_separation
data/commalab/grid/grid8,tree,23,1500,41710708.808904,41710374.331101,1,5.340,5.265,0.034,0.008
