# cmd: /usr/bin/time -o /tmp/mcfcg_mem_a8anxzec.txt -f %M build/mcfcg_cli data/commalab/grid/grid9 --solver copt --copt-gpu-mode 2 --formulation tree --max-iters 10000 --time-limit 1800.0
# outcome: ok
# returncode: 0
# peak_rss_kb: 532808
# peak_rss_source: measured
# === STDERR (CG iteration log + preamble) ===
Instance: 625 vertices, 2400 arcs, 1000 commodities, 495 sources
Solver: copt (gpu-mode 2), formulation: tree
Pricing threads: 32 (auto)
Slack mode: CommodityRows (struct=495, capped_arcs=2400)
[lp-config] backend=copt version=8.0.1 method=barrier exec=GPU presolve=off crossover=off tol=0.0001 threads=n/a(GPU)
   It           UB           LB       LP_obj   #col   #row  #slk   +col   -col   +cut   -cut    t_LP    t_PR    t_SP   t_Tot     t_acc
    1          inf   8.1702e+07   4.9500e+04    990    495   495      0      0      0      0   0.349   0.004   0.000   0.353     0.353
    2          inf   8.1702e+07   4.9500e+05    990    495   495      0      0      0      0   0.153   0.004   0.000   0.157     0.510
    3          inf   8.1702e+07   4.9481e+06    990    495   493      0      0      0      0   0.148   0.003   0.000   0.152     0.662
    4          inf   8.1702e+07   4.1744e+07    990    495   314      0      0      0      0   0.150   0.003   0.000   0.154     0.816
    5          inf   8.1702e+07   8.1702e+07    990    822     0      0      0    327      0   0.153   0.003   0.000   0.157     0.973
    6          inf   8.1702e+07   1.7605e+08   1392    822   253    402      0      0      0   0.197   0.002   0.000   0.200     1.172
    7          inf   8.1702e+07   5.2113e+08   1810    826   224    418      0      4      0   0.225   0.001   0.000   0.227     1.399
    8          inf   8.1702e+07   6.8576e+08   2243    881   143    433      0     55      0   0.224   0.002   0.000   0.227     1.626
    9          inf   8.1702e+07   6.2611e+08   2683    918   109    440      0     37      0   0.239   0.002   0.000   0.242     1.868
   10          inf   8.1702e+07   1.4245e+08   3114    984    26    431      0     66      0   0.280   0.002   0.001   0.283     2.151
   11          inf   8.1702e+07   8.2942e+07   3457    921     0    430     87     24     87   0.354   0.002   0.000   0.357     2.509
   12          inf   8.2258e+07   8.2834e+07   3713    949     0    403    147     28      0   0.300   0.002   0.000   0.304     2.812
   13          inf   8.2328e+07   8.2789e+07   3959    953     0    389    143      8      4   0.315   0.002   0.000   0.319     3.131
   14          inf   8.2453e+07   8.2747e+07   4125    963     0    374    208     19      9   0.313   0.001   0.000   0.317     3.448
   15          inf   8.2517e+07   8.2717e+07   4175    967     0    343    293     13      9   0.316   0.002   0.000   0.320     3.768
   16          inf   8.2541e+07   8.2697e+07   4003    954     0    341    513     12     25   0.305   0.002   0.000   0.309     4.077
   17          inf   8.2572e+07   8.2681e+07   3874    953     0    325    454     10     11   0.328   0.002   0.000   0.332     4.408
   18          inf   8.2600e+07   8.2671e+07   3798    946     0    288    364      3     10   0.337   0.002   0.000   0.341     4.749
   19          inf   8.2617e+07   8.2664e+07   3702    941     0    280    376      4      9   0.315   0.002   0.000   0.319     5.068
   20          inf   8.2632e+07   8.2659e+07   3577    945     0    230    355      9      5   0.303   0.002   0.000   0.306     5.375
   21          inf   8.2641e+07   8.2656e+07   3488    945     0    236    325      4      4   0.317   0.002   0.000   0.321     5.696
   22          inf   8.2644e+07   8.2654e+07   3366    939     0    194    316      1      7   0.316   0.002   0.000   0.320     6.016
   23          inf   8.2649e+07   8.2654e+07   3290    929     0    180    256      1     11   0.322   0.002   0.000   0.326     6.342
   24          inf   8.2652e+07   8.2653e+07   3121    924     0     80    249      2      7   0.334   0.002   0.000   0.337     6.679
   25          inf   8.2653e+07   8.2653e+07   3018    921     0    122    225      1      4   0.297   0.002   0.000   0.300     6.979
   26          inf   8.2653e+07   8.2653e+07   2888    917     0     28    158      1      5   0.318   0.002   0.000   0.322     7.301
   27          inf   8.2653e+07   8.2653e+07   2818    917     0     68    138      1      1   0.317   0.002   0.000   0.320     7.621
   28          inf   8.2653e+07   8.2653e+07   2724    915     0      5     99      1      3   0.313   0.002   0.000   0.316     7.937
   29          inf   8.2653e+07   8.2653e+07   2645    915     0     35    114      2      2   0.305   0.002   0.000   0.308     8.246
   30   8.2653e+07   8.2653e+07   8.2653e+07   2645    915     0    *11      0      0      0   0.297   0.002   0.000   0.299     8.545
CG optimal after 30 iterations. UB=82652982.354788 LB=82652887.102431 gap=9.525e+01 tol=8.265e+03  t_LP=8.439  t_PR=0.065  t_SP=0.011  t_Tot=8.552
[pricing-cutoff] enabled=0 cut=0 priced=17820 rate=0.0%

# === STDOUT (result CSV) ===
Setting parameter 'LpMethod' to 2
Setting parameter 'GPUMode' to 2
Setting parameter 'Presolve' to 0
Setting parameter 'Crossover' to 0
instance,formulation,iterations,columns,objective,lower_bound,optimal,time,time_lp,time_pricing,time_separation
data/commalab/grid/grid9,tree,30,2150,82652982.354788,82652887.102431,1,8.573,8.439,0.065,0.011
