# cmd: /usr/bin/time -o /tmp/mcfcg_mem_y9sioqi1.txt -f %M build/mcfcg_cli data/commalab/grid/grid9 --solver copt --copt-gpu-mode 2 --formulation path --max-iters 10000 --time-limit 1800.0
# outcome: ok
# returncode: 0
# peak_rss_kb: 522632
# peak_rss_source: measured
# === STDERR (CG iteration log + preamble) ===
Instance: 625 vertices, 2400 arcs, 1000 commodities, 495 sources
Solver: copt (gpu-mode 2), formulation: path
Pricing threads: 32 (auto)
Slack mode: CommodityRows (struct=1000, capped_arcs=2400)
[lp-config] backend=copt version=8.0.1 method=barrier exec=GPU presolve=off crossover=off tol=0.0001 threads=n/a(GPU)
   It           UB           LB       LP_obj   #col   #row  #slk   +col   -col   +cut   -cut    t_LP    t_PR    t_SP   t_Tot     t_acc
    1          inf   8.1702e+07   5.6336e+06   2000   1000   997      0      0      0      0   0.342   0.003   0.000   0.346     0.346
    2          inf   8.1702e+07   5.0596e+07   2000   1000   710      0      0      0      0   0.155   0.003   0.000   0.158     0.504
    3          inf   8.1702e+07   8.1702e+07   2000   1327     0      0      0    327      0   0.144   0.003   0.000   0.148     0.651
    4          inf   8.1702e+07   2.0615e+08   2742   1327   393    742      0      0      0   0.217   0.002   0.000   0.220     0.871
    5          inf   8.1702e+07   5.0315e+08   3504   1354   313    762      0     27      0   0.228   0.002   0.000   0.230     1.101
    6          inf   8.1702e+07   4.4585e+08   4262   1406   199    758      0     52      0   0.238   0.002   0.000   0.240     1.342
    7          inf   8.1702e+07   1.1838e+08   5018   1473    54    756      0     67      0   0.294   0.002   0.000   0.297     1.638
    8          inf   8.1723e+07   8.2884e+07   5740   1519     1    722      0     46      0   0.365   0.002   0.000   0.368     2.007
    9          inf   8.2350e+07   8.2784e+07   6257   1469     0    621    104     22     72   0.352   0.002   0.000   0.355     2.362
   10          inf   8.2502e+07   8.2725e+07   6585   1488     0    551    223     20      1   0.313   0.001   0.000   0.316     2.678
   11          inf   8.2550e+07   8.2690e+07   6716   1503     0    489    358     21      6   0.324   0.001   0.000   0.328     3.006
   12          inf   8.2595e+07   8.2675e+07   6664   1499     0    411    463      8     12   0.320   0.002   0.000   0.324     3.330
   13          inf   8.2618e+07   8.2662e+07   6180   1486     0    340    824      7     20   0.334   0.002   0.000   0.338     3.668
   14          inf   8.2634e+07   8.2657e+07   5699   1471     0    272    753      5     20   0.321   0.001   0.000   0.325     3.992
   15          inf   8.2643e+07   8.2655e+07   5340   1457     0    198    557      1     15   0.321   0.002   0.000   0.325     4.317
   16          inf   8.2649e+07   8.2653e+07   5052   1452     0    164    452      3      8   0.333   0.002   0.000   0.337     4.654
   17          inf   8.2651e+07   8.2653e+07   4768   1442     0     60    344      1     11   0.326   0.002   0.000   0.330     4.984
   18          inf   8.2652e+07   8.2653e+07   4509   1436     0     60    319      2      8   0.341   0.001   0.000   0.344     5.327
   19   8.2653e+07   8.2653e+07   8.2653e+07   4509   1436     0     *9      0      0      0   0.315   0.002   0.000   0.317     5.644
CG optimal after 19 iterations. UB=82652986.450709 LB=82652826.034389 gap=1.604e+02 tol=8.265e+03  t_LP=5.580  t_PR=0.042  t_SP=0.006  t_Tot=5.652
[pricing-cutoff] enabled=0 cut=0 priced=11385 rate=0.0%

# === STDOUT (result CSV) ===
Setting parameter 'LpMethod' to 2
Setting parameter 'GPUMode' to 2
Setting parameter 'Presolve' to 0
Setting parameter 'Crossover' to 0
instance,formulation,iterations,columns,objective,lower_bound,optimal,time,time_lp,time_pricing,time_separation
data/commalab/grid/grid9,path,19,3509,82652986.450709,82652826.034389,1,5.672,5.580,0.042,0.006
