# cmd: /usr/bin/time -o /tmp/mcfcg_mem_jk8w6w80.txt -f %M build/mcfcg_cli data/commalab/grid/grid13 --solver copt --copt-gpu-mode 2 --formulation path --max-iters 10000 --time-limit 1800.0
# outcome: ok
# returncode: 0
# peak_rss_kb: 741400
# peak_rss_source: measured
# === STDERR (CG iteration log + preamble) ===
Instance: 900 vertices, 3480 arcs, 12000 commodities, 900 sources
Solver: copt (gpu-mode 2), formulation: path
Pricing threads: 32 (auto)
Slack mode: EdgeRows (struct=12000, capped_arcs=3480)
[lp-config] backend=copt version=8.0.1 method=barrier exec=GPU presolve=off crossover=off tol=0.0001 threads=n/a(GPU)
   It           UB           LB       LP_obj   #col   #row  #slk   +col   -col   +cut   -cut    t_LP    t_PR    t_SP   t_Tot     t_acc
    1          inf   1.1535e+09   1.1535e+09  12287  12287     0      0      0    287      0   0.355   0.012   0.003   0.370     0.370
    2          inf   1.1535e+09   1.3653e+09  22346  12287   287  10059      0      0      0   0.369   0.006   0.001   0.380     0.750
    3          inf   1.1543e+09   1.1624e+09  29093  12436     0   6598      0    149      0   0.381   0.006   0.003   0.395     1.145
    4          inf   1.1543e+09   1.1658e+09  37646  12468    21   8521      0     32      0   0.556   0.007   0.003   0.573     1.719
    5          inf   1.1560e+09   1.1610e+09  44625  12485     0   6962      0     17      0   0.688   0.006   0.004   0.703     2.422
    6          inf   1.1580e+09   1.1601e+09  50327  12497     0   5690      0     12      0   0.681   0.006   0.005   0.696     3.118
    7          inf   1.1589e+09   1.1596e+09  54477  12505     0   4142      0      8      0   0.777   0.005   0.006   0.794     3.912
    8          inf   1.1591e+09   1.1594e+09  51798  12406     0   2686   5266      6    105   0.800   0.006   0.007   0.847     4.759
    9          inf   1.1593e+09   1.1593e+09  48911  12343     0   1936   4760      5     68   0.768   0.006   0.005   0.806     5.564
   10          inf   1.1593e+09   1.1593e+09  39747  12324     0    718   9863      4     23   0.710   0.006   0.005   0.744     6.308
   11          inf   1.1593e+09   1.1593e+09  33570  12315     0    162   6330      1     10   0.525   0.006   0.004   0.551     6.859
   12   1.1593e+09   1.1593e+09   1.1593e+09  33570  12315     0    *35      0      0      0   0.545   0.006   0.001   0.552     7.411
CG optimal after 12 iterations. UB=1159320977.891656 LB=1159319416.747724 gap=1.561e+03 tol=1.159e+05  t_LP=7.153  t_PR=0.103  t_SP=0.044  t_Tot=7.435
[pricing-cutoff] enabled=0 cut=0 priced=12600 rate=0.0%

# === STDOUT (result CSV) ===
Setting parameter 'LpMethod' to 2
Setting parameter 'GPUMode' to 2
Setting parameter 'Presolve' to 0
Setting parameter 'Crossover' to 0
instance,formulation,iterations,columns,objective,lower_bound,optimal,time,time_lp,time_pricing,time_separation
data/commalab/grid/grid13,path,12,33255,1159320977.891656,1159319416.747724,1,7.474,7.153,0.103,0.044
