# cmd: /usr/bin/time -o /tmp/mcfcg_mem_rbbnwswh.txt -f %M build/mcfcg_cli data/commalab/grid/grid5 --solver copt --copt-gpu-mode 2 --formulation path --max-iters 10000 --time-limit 1800.0
# outcome: ok
# returncode: 0
# peak_rss_kb: 478680
# peak_rss_source: measured
# === STDERR (CG iteration log + preamble) ===
Instance: 225 vertices, 840 arcs, 100 commodities, 83 sources
Solver: copt (gpu-mode 2), formulation: path
Pricing threads: 32 (auto)
Slack mode: CommodityRows (struct=100, capped_arcs=840)
[lp-config] backend=copt version=8.0.1 method=barrier exec=GPU presolve=off crossover=off tol=0.0001 threads=n/a(GPU)
   It           UB           LB       LP_obj   #col   #row  #slk   +col   -col   +cut   -cut    t_LP    t_PR    t_SP   t_Tot     t_acc
    1          inf   5.0295e+06   5.5950e+05    200    100   100      0      0      0      0   0.322   0.000   0.000   0.322     0.322
    2          inf   5.0295e+06   4.3345e+06    200    107    35      0      0      7      0   0.141   0.000   0.000   0.141     0.463
    3          inf   5.0295e+06   7.3488e+06    225    123    19     25      0     16      0   0.143   0.000   0.000   0.143     0.606
    4          inf   5.0295e+06   9.2773e+06    267    133    22     42      0     10      0   0.146   0.001   0.000   0.147     0.753
    5          inf   5.0295e+06   6.4630e+06    305    147     8     38      0     14      0   0.149   0.000   0.000   0.150     0.903
    6          inf   5.0295e+06   5.0550e+06    340    152     2     36      1      5      0   0.157   0.000   0.000   0.157     1.060
    7          inf   5.0439e+06   5.0505e+06    361    153     0     21      0      1      0   0.154   0.000   0.000   0.155     1.214
    8          inf   5.0482e+06   5.0498e+06    369    154     0     11      3      1      0   0.159   0.000   0.000   0.160     1.374
    9          inf   5.0494e+06   5.0497e+06    372    156     0      6      3      2      0   0.156   0.000   0.000   0.157     1.531
   10   5.0497e+06   5.0496e+06   5.0497e+06    372    156     0     *1      0      0      0   0.156   0.000   0.000   0.156     1.687
CG optimal after 10 iterations. UB=5049697.000000 LB=5049603.181600 gap=9.382e+01 tol=5.050e+02  t_LP=1.682  t_PR=0.004  t_SP=0.001  t_Tot=1.689
[pricing-cutoff] enabled=0 cut=0 priced=1079 rate=0.0%

# === STDOUT (result CSV) ===
Setting parameter 'LpMethod' to 2
Setting parameter 'GPUMode' to 2
Setting parameter 'Presolve' to 0
Setting parameter 'Crossover' to 0
instance,formulation,iterations,columns,objective,lower_bound,optimal,time,time_lp,time_pricing,time_separation
data/commalab/grid/grid5,path,10,272,5049697.000000,5049603.181600,1,1.704,1.682,0.004,0.001
