# cmd: /usr/bin/time -o /tmp/mcfcg_mem_hsj85xjh.txt -f %M build/mcfcg_cli data/commalab/grid/grid10 --solver copt --copt-gpu-mode 2 --formulation path --max-iters 10000 --time-limit 1800.0
# outcome: ok
# returncode: 0
# peak_rss_kb: 553460
# peak_rss_source: measured
# === STDERR (CG iteration log + preamble) ===
Instance: 625 vertices, 2400 arcs, 2000 commodities, 593 sources
Solver: copt (gpu-mode 2), formulation: path
Pricing threads: 32 (auto)
Slack mode: CommodityRows (struct=2000, capped_arcs=2400)
[lp-config] backend=copt version=8.0.1 method=barrier exec=GPU presolve=off crossover=off tol=0.0001 threads=n/a(GPU)
   It           UB           LB       LP_obj   #col   #row  #slk   +col   -col   +cut   -cut    t_LP    t_PR    t_SP   t_Tot     t_acc
    1          inf   1.6221e+08   1.1189e+07   4000   2000  1987      0      0      0      0   0.361   0.004   0.000   0.366     0.366
    2          inf   1.6221e+08   9.9736e+07   4000   2000  1410      0      0      0      0   0.163   0.004   0.000   0.167     0.533
    3          inf   1.6221e+08   1.6221e+08   4000   2320     0      0      0    320      0   0.158   0.005   0.001   0.164     0.697
    4          inf   1.6221e+08   3.9375e+08   5453   2320   742   1453      0      0      0   0.235   0.003   0.000   0.240     0.937
    5          inf   1.6221e+08   8.1998e+08   6926   2339   606   1473      0     19      0   0.285   0.002   0.000   0.290     1.226
    6          inf   1.6221e+08   6.3927e+08   8440   2406   340   1514      0     67      0   0.278   0.002   0.000   0.282     1.509
    7          inf   1.6221e+08   2.6916e+08   9965   2458   163   1525      0     52      0   0.322   0.002   0.000   0.327     1.835
    8          inf   1.6292e+08   1.6450e+08  11325   2499     0   1360      0     41      0   0.420   0.002   0.000   0.425     2.260
    9          inf   1.6375e+08   1.6432e+08  12244   2451     0   1144    225     24     72   0.430   0.002   0.000   0.436     2.696
   10          inf   1.6390e+08   1.6422e+08  12750   2471     0   1001    495     20      0   0.399   0.002   0.000   0.404     3.101
   11          inf   1.6399e+08   1.6416e+08  12882   2479     0    901    769     13      5   0.404   0.002   0.000   0.410     3.511
   12          inf   1.6405e+08   1.6414e+08  12468   2475     0    695   1109      6     10   0.383   0.002   0.000   0.388     3.899
   13          inf   1.6407e+08   1.6412e+08  11324   2459     0    537   1681      6     22   0.374   0.002   0.000   0.380     4.279
   14          inf   1.6409e+08   1.6411e+08  10234   2451     0    422   1512      7     15   0.362   0.002   0.000   0.367     4.646
   15          inf   1.6410e+08   1.6411e+08   9513   2445     0    249    970      5     11   0.386   0.002   0.000   0.392     5.038
   16          inf   1.6411e+08   1.6411e+08   8793   2437     0     92    812      3     11   0.397   0.002   0.000   0.402     5.440
   17   1.6411e+08   1.6411e+08   1.6411e+08   8793   2437     0    *35      0      0      0   0.373   0.002   0.000   0.376     5.815
CG optimal after 17 iterations. UB=164110914.934168 LB=164110514.879730 gap=4.001e+02 tol=1.641e+04  t_LP=5.730  t_PR=0.051  t_SP=0.006  t_Tot=5.824
[pricing-cutoff] enabled=0 cut=0 priced=12453 rate=0.0%

# === STDOUT (result CSV) ===
Setting parameter 'LpMethod' to 2
Setting parameter 'GPUMode' to 2
Setting parameter 'Presolve' to 0
Setting parameter 'Crossover' to 0
instance,formulation,iterations,columns,objective,lower_bound,optimal,time,time_lp,time_pricing,time_separation
data/commalab/grid/grid10,path,17,6793,164110914.934168,164110514.879730,1,5.848,5.730,0.051,0.006
