# cmd: /usr/bin/time -o /tmp/mcfcg_mem_62ywtt07.txt -f %M build/mcfcg_cli data/commalab/grid/grid12 --solver copt --copt-gpu-mode 2 --formulation path --max-iters 10000 --time-limit 1800.0
# outcome: ok
# returncode: 0
# peak_rss_kb: 616368
# peak_rss_source: measured
# === STDERR (CG iteration log + preamble) ===
Instance: 900 vertices, 3480 arcs, 6000 commodities, 899 sources
Solver: copt (gpu-mode 2), formulation: path
Pricing threads: 32 (auto)
Slack mode: EdgeRows (struct=6000, capped_arcs=3480)
[lp-config] backend=copt version=8.0.1 method=barrier exec=GPU presolve=off crossover=off tol=0.0001 threads=n/a(GPU)
   It           UB           LB       LP_obj   #col   #row  #slk   +col   -col   +cut   -cut    t_LP    t_PR    t_SP   t_Tot     t_acc
    1          inf   5.7494e+08   5.7494e+08   6230   6230     0      0      0    230      0   0.339   0.010   0.001   0.351     0.351
    2          inf   5.7494e+08   6.6575e+08  11043   6230   230   4813      0      0      0   0.253   0.006   0.000   0.261     0.612
    3          inf   5.7526e+08   5.7846e+08  14199   6350     0   3036      0    120      0   0.302   0.005   0.001   0.312     0.924
    4          inf   5.7526e+08   5.7876e+08  18183   6359     1   3975      0      9      0   0.369   0.005   0.001   0.379     1.303
    5          inf   5.7626e+08   5.7764e+08  21027   6376     0   2827      0     17      0   0.401   0.005   0.001   0.411     1.713
    6          inf   5.7690e+08   5.7735e+08  23197   6398     0   2148      0     22      0   0.385   0.005   0.002   0.395     2.108
    7          inf   5.7703e+08   5.7725e+08  24662   6401     0   1462      0      3      0   0.414   0.005   0.002   0.423     2.531
    8          inf   5.7715e+08   5.7721e+08  22763   6313     0    871   2682      2     90   0.484   0.005   0.003   0.502     3.033
    9          inf   5.7717e+08   5.7719e+08  20904   6259     0    297   2102      4     58   0.432   0.006   0.002   0.449     3.482
   10          inf   5.7718e+08   5.7719e+08  16857   6249     0    182   4219      1     11   0.365   0.005   0.002   0.380     3.862
   11          inf   5.7719e+08   5.7719e+08  14420   6241     0     48   2477      2     10   0.338   0.006   0.001   0.351     4.213
   12   5.7719e+08   5.7719e+08   5.7719e+08  14420   6241     0     *7      0      0      0   0.343   0.005   0.000   0.348     4.561
CG optimal after 12 iterations. UB=577186506.663568 LB=577185806.237511 gap=7.004e+02 tol=5.772e+04  t_LP=4.426  t_PR=0.083  t_SP=0.018  t_Tot=4.576
[pricing-cutoff] enabled=0 cut=0 priced=12586 rate=0.0%

# === STDOUT (result CSV) ===
Setting parameter 'LpMethod' to 2
Setting parameter 'GPUMode' to 2
Setting parameter 'Presolve' to 0
Setting parameter 'Crossover' to 0
instance,formulation,iterations,columns,objective,lower_bound,optimal,time,time_lp,time_pricing,time_separation
data/commalab/grid/grid12,path,12,14179,577186506.663568,577185806.237511,1,4.603,4.426,0.083,0.018
