# cmd: /usr/bin/time -o /tmp/mcfcg_mem_awy0omfi.txt -f %M build/mcfcg_cli data/commalab/grid/grid12 --solver copt --copt-gpu-mode 2 --formulation tree --max-iters 10000 --time-limit 1800.0
# outcome: ok
# returncode: 0
# peak_rss_kb: 567024
# peak_rss_source: measured
# === STDERR (CG iteration log + preamble) ===
Instance: 900 vertices, 3480 arcs, 6000 commodities, 899 sources
Solver: copt (gpu-mode 2), formulation: tree
Pricing threads: 32 (auto)
Slack mode: CommodityRows (struct=899, capped_arcs=3480)
[lp-config] backend=copt version=8.0.1 method=barrier exec=GPU presolve=off crossover=off tol=0.0001 threads=n/a(GPU)
   It           UB           LB       LP_obj   #col   #row  #slk   +col   -col   +cut   -cut    t_LP    t_PR    t_SP   t_Tot     t_acc
    1          inf   5.7494e+08   8.9900e+04   1798    899   899      0      0      0      0   0.356   0.012   0.000   0.368     0.368
    2          inf   5.7494e+08   8.9900e+05   1798    899   899      0      0      0      0   0.167   0.011   0.000   0.178     0.546
    3          inf   5.7494e+08   8.9900e+06   1798    899   899      0      0      0      0   0.150   0.012   0.000   0.163     0.709
    4          inf   5.7494e+08   8.9531e+07   1798    899   884      0      0      0      0   0.151   0.012   0.000   0.164     0.872
    5          inf   5.7494e+08   5.4926e+08   1798   1027   122      0      0    128      0   0.158   0.012   0.001   0.170     1.042
    6          inf   5.7494e+08   8.0124e+08   2630   1027   486    838      6      0      0   0.203   0.005   0.000   0.211     1.253
    7          inf   5.7494e+08   1.5191e+09   3495   1038   343    865      0     11      0   0.200   0.005   0.000   0.208     1.461
    8          inf   5.7494e+08   1.2550e+09   4369   1096   110    874      0     58      0   0.215   0.006   0.001   0.224     1.685
    9          inf   5.7494e+08   1.0754e+09   5255   1126    77    886      0     30      0   0.249   0.006   0.001   0.258     1.943
   10          inf   5.7494e+08   5.7838e+08   6139   1146     0    884      0     20      0   0.379   0.006   0.001   0.388     2.331
   11          inf   5.7592e+08   5.7799e+08   6870   1134     0    877    146     17     29   0.335   0.006   0.001   0.349     2.679
   12          inf   5.7627e+08   5.7771e+08   7433   1145     0    865    302     12      1   0.288   0.005   0.001   0.301     2.980
   13          inf   5.7674e+08   5.7753e+08   7862   1150     0    853    424      7      2   0.342   0.005   0.001   0.355     3.336
   14          inf   5.7696e+08   5.7740e+08   8029   1143     0    824    657      7     14   0.361   0.005   0.001   0.374     3.709
   15          inf   5.7697e+08   5.7728e+08   7825   1145     0    812   1016     10      8   0.325   0.005   0.001   0.338     4.047
   16          inf   5.7707e+08   5.7724e+08   7504   1138     0    787   1108      3     10   0.316   0.005   0.001   0.330     4.377
   17          inf   5.7713e+08   5.7721e+08   7349   1133     0    713    868      6     11   0.319   0.005   0.001   0.331     4.708
   18          inf   5.7716e+08   5.7720e+08   7065   1132     0    662    946      5      6   0.305   0.004   0.001   0.317     5.025
   19          inf   5.7718e+08   5.7719e+08   6811   1131     0    547    801      2      3   0.350   0.005   0.001   0.361     5.387
   20          inf   5.7718e+08   5.7719e+08   6506   1129     0    432    737      5      7   0.331   0.005   0.001   0.342     5.729
   21          inf   5.7719e+08   5.7719e+08   5944   1124     0    168    730      1      6   0.318   0.006   0.001   0.330     6.059
   22   5.7719e+08   5.7719e+08   5.7719e+08   5944   1124     0    *68      0      0      0   0.304   0.005   0.001   0.311     6.369
CG optimal after 22 iterations. UB=577186504.112064 LB=577185835.244984 gap=6.689e+02 tol=5.772e+04  t_LP=6.124  t_PR=0.159  t_SP=0.017  t_Tot=6.380
[pricing-cutoff] enabled=0 cut=0 priced=25172 rate=0.0%

# === STDOUT (result CSV) ===
Setting parameter 'LpMethod' to 2
Setting parameter 'GPUMode' to 2
Setting parameter 'Presolve' to 0
Setting parameter 'Crossover' to 0
instance,formulation,iterations,columns,objective,lower_bound,optimal,time,time_lp,time_pricing,time_separation
data/commalab/grid/grid12,tree,22,5045,577186504.112064,577185835.244984,1,6.407,6.124,0.159,0.017
