# cmd: /usr/bin/time -o /tmp/mcfcg_mem_n2ngfw9m.txt -f %M build/mcfcg_cli data/commalab/grid/grid7 --solver copt --copt-gpu-mode 2 --formulation tree --max-iters 10000 --time-limit 1800.0
# outcome: ok
# returncode: 0
# peak_rss_kb: 486160
# peak_rss_source: measured
# === STDERR (CG iteration log + preamble) ===
Instance: 400 vertices, 1520 arcs, 400 commodities, 247 sources
Solver: copt (gpu-mode 2), formulation: tree
Pricing threads: 32 (auto)
Slack mode: CommodityRows (struct=247, capped_arcs=1520)
[lp-config] backend=copt version=8.0.1 method=barrier exec=GPU presolve=off crossover=off tol=0.0001 threads=n/a(GPU)
   It           UB           LB       LP_obj   #col   #row  #slk   +col   -col   +cut   -cut    t_LP    t_PR    t_SP   t_Tot     t_acc
    1          inf   2.5727e+07   2.4700e+04    494    247   247      0      0      0      0   0.370   0.001   0.000   0.371     0.371
    2          inf   2.5727e+07   2.4700e+05    494    247   247      0      0      0      0   0.178   0.001   0.000   0.179     0.550
    3          inf   2.5727e+07   2.4518e+06    494    247   242      0      0      0      0   0.167   0.001   0.000   0.168     0.719
    4          inf   2.5727e+07   1.7985e+07    494    249   101      0      0      2      0   0.155   0.001   0.000   0.156     0.874
    5          inf   2.5727e+07   3.5045e+07    533    346    30     39      0     97      0   0.158   0.001   0.000   0.159     1.033
    6          inf   2.5727e+07   6.4116e+07    712    354   113    184      5      8      0   0.171   0.001   0.000   0.172     1.205
    7          inf   2.5727e+07   8.5724e+07    893    359    64    181      0      5      0   0.174   0.001   0.000   0.176     1.381
    8          inf   2.5727e+07   3.1450e+07   1055    378    13    162      0     19      0   0.189   0.001   0.001   0.190     1.571
    9          inf   2.5804e+07   2.5895e+07   1198    390     0    143      0     12      0   0.196   0.000   0.000   0.197     1.769
   10          inf   2.5817e+07   2.5882e+07   1320    399     0    129      7     10      1   0.195   0.001   0.000   0.197     1.965
   11          inf   2.5842e+07   2.5872e+07   1408    383     0    116     28      6     22   0.195   0.000   0.001   0.197     2.163
   12          inf   2.5854e+07   2.5866e+07   1431    382     0     79     56      2      3   0.192   0.001   0.000   0.194     2.356
   13   2.5866e+07   2.5857e+07   2.5866e+07   1401    381     0     59     89      0      1   0.197   0.001   0.000   0.198     2.554
   14   2.5866e+07   2.5863e+07   2.5864e+07   1261    375     0     23    163      3      9   0.190   0.001   0.000   0.191     2.746
   15   2.5866e+07   2.5863e+07   2.5864e+07   1261    376     0    *27      0      1      0   0.189   0.001   0.000   0.190     2.936
CG optimal after 15 iterations. UB=25865587.652075 LB=25863327.199376 gap=2.260e+03 tol=2.587e+03  t_LP=2.917  t_PR=0.014  t_SP=0.004  t_Tot=2.940
[pricing-cutoff] enabled=0 cut=0 priced=4940 rate=0.0%

# === STDOUT (result CSV) ===
Setting parameter 'LpMethod' to 2
Setting parameter 'GPUMode' to 2
Setting parameter 'Presolve' to 0
Setting parameter 'Crossover' to 0
instance,formulation,iterations,columns,objective,lower_bound,optimal,time,time_lp,time_pricing,time_separation
data/commalab/grid/grid7,tree,15,1014,25865587.652075,25863327.199376,1,2.957,2.917,0.014,0.004
