# cmd: /usr/bin/time -o /tmp/mcfcg_mem_dm3yb7jv.txt -f %M build/mcfcg_cli data/commalab/grid/grid2 --solver copt --copt-gpu-mode 2 --formulation tree --max-iters 10000 --time-limit 1800.0
# outcome: ok
# returncode: 0
# peak_rss_kb: 476040
# peak_rss_source: measured
# === STDERR (CG iteration log + preamble) ===
Instance: 25 vertices, 80 arcs, 100 commodities, 25 sources
Solver: copt (gpu-mode 2), formulation: tree
Pricing threads: 32 (auto)
Slack mode: CommodityRows (struct=25, capped_arcs=80)
[lp-config] backend=copt version=8.0.1 method=barrier exec=GPU presolve=off crossover=off tol=0.0001 threads=n/a(GPU)
   It           UB           LB       LP_obj   #col   #row  #slk   +col   -col   +cut   -cut    t_LP    t_PR    t_SP   t_Tot     t_acc
    1          inf   1.6769e+06   2.5000e+03     50     25    25      0      0      0      0   0.329   0.000   0.000   0.330     0.330
    2          inf   1.6769e+06   2.5000e+04     50     25    25      0      0      0      0   0.150   0.000   0.000   0.151     0.480
    3          inf   1.6769e+06   2.4682e+05     50     25    24      0      0      0      0   0.136   0.000   0.000   0.136     0.616
    4          inf   1.6769e+06   1.5673e+06     50     32     6      0      0      7      0   0.137   0.000   0.000   0.138     0.754
    5          inf   1.6769e+06   3.0013e+06     66     35    12     16      0      3      0   0.139   0.000   0.000   0.139     0.893
    6          inf   1.6769e+06   4.0893e+06     89     39    10     23      0      4      0   0.142   0.000   0.000   0.142     1.035
    7          inf   1.6769e+06   9.2755e+06    110     42     6     21      0      3      0   0.148   0.000   0.000   0.149     1.183
    8          inf   1.6769e+06   1.7523e+06    130     51     1     20      0      9      0   0.147   0.000   0.000   0.147     1.331
    9          inf   1.6769e+06   1.7588e+06    152     54     0     22      0      3      0   0.147   0.000   0.000   0.148     1.478
   10          inf   1.6769e+06   1.7172e+06    167     56     0     17      2      2      0   0.150   0.000   0.000   0.150     1.628
   11          inf   1.7027e+06   1.7074e+06    179     56     0     14      2      1      1   0.161   0.000   0.000   0.161     1.790
   12   1.7061e+06   1.7041e+06   1.7061e+06    173     54     0      8     14      0      2   0.156   0.000   0.000   0.156     1.946
   13   1.7061e+06   1.7041e+06   1.7055e+06    175     55     0     10      8      2      1   0.159   0.000   0.000   0.159     2.105
   14   1.7054e+06   1.7054e+06   1.7054e+06    175     55     0     *0      0      0      0   0.153   0.000   0.000   0.154     2.259
CG optimal after 14 iterations. UB=1705375.000000 LB=1705373.105300 gap=1.895e+00 tol=1.705e+02  t_LP=2.255  t_PR=0.003  t_SP=0.000  t_Tot=2.260
[pricing-cutoff] enabled=0 cut=0 priced=500 rate=0.0%

# === STDOUT (result CSV) ===
Setting parameter 'LpMethod' to 2
Setting parameter 'GPUMode' to 2
Setting parameter 'Presolve' to 0
Setting parameter 'Crossover' to 0
instance,formulation,iterations,columns,objective,lower_bound,optimal,time,time_lp,time_pricing,time_separation
data/commalab/grid/grid2,tree,14,150,1705375.000000,1705373.105300,1,2.273,2.255,0.003,0.000
