# cmd: /usr/bin/time -o /tmp/mcfcg_mem_9gmgprb1.txt -f %M build/mcfcg_cli data/commalab/grid/grid6 --solver copt --copt-gpu-mode 2 --formulation tree --max-iters 10000 --time-limit 1800.0
# outcome: ok
# returncode: 0
# peak_rss_kb: 483940
# peak_rss_source: measured
# === STDERR (CG iteration log + preamble) ===
Instance: 225 vertices, 840 arcs, 200 commodities, 135 sources
Solver: copt (gpu-mode 2), formulation: tree
Pricing threads: 32 (auto)
Slack mode: CommodityRows (struct=135, capped_arcs=840)
[lp-config] backend=copt version=8.0.1 method=barrier exec=GPU presolve=off crossover=off tol=0.0001 threads=n/a(GPU)
   It           UB           LB       LP_obj   #col   #row  #slk   +col   -col   +cut   -cut    t_LP    t_PR    t_SP   t_Tot     t_acc
    1          inf   1.0284e+07   1.3500e+04    270    135   135      0      0      0      0   0.348   0.001   0.000   0.349     0.349
    2          inf   1.0284e+07   1.3500e+05    270    135   135      0      0      0      0   0.151   0.001   0.000   0.152     0.501
    3          inf   1.0284e+07   1.3338e+06    270    135   130      0      0      0      0   0.143   0.000   0.000   0.143     0.644
    4          inf   1.0284e+07   8.2519e+06    270    158    35      0      0     23      0   0.145   0.001   0.000   0.145     0.789
    5          inf   1.0284e+07   1.6194e+07    352    202    62     82      0     44      0   0.147   0.000   0.000   0.147     0.937
    6          inf   1.0284e+07   4.6956e+07    451    213    60    100      1     11      0   0.154   0.000   0.000   0.154     1.091
    7          inf   1.0284e+07   5.7345e+07    550    227    31     99      0     14      0   0.167   0.000   0.000   0.167     1.258
    8          inf   1.0284e+07   1.4221e+07    640    246     6     90      0     19      0   0.177   0.000   0.000   0.178     1.436
    9          inf   1.0284e+07   1.2122e+07    725    254     1     85      0      8      0   0.197   0.000   0.000   0.198     1.633
   10          inf   1.0337e+07   1.0417e+07    792    262     0     80     13      8      0   0.189   0.000   0.000   0.190     1.823
   11          inf   1.0368e+07   1.0411e+07    846    266     0     72     18      9      5   0.180   0.000   0.000   0.181     2.004
   12          inf   1.0383e+07   1.0407e+07    875    265     0     62     33      1      2   0.185   0.000   0.001   0.187     2.191
   13          inf   1.0393e+07   1.0403e+07    875    266     0     47     47      2      1   0.186   0.000   0.001   0.187     2.378
   14          inf   1.0394e+07   1.0402e+07    839    263     0     37     73      1      4   0.191   0.000   0.001   0.192     2.571
   15          inf   1.0396e+07   1.0402e+07    803    262     0     43     79      2      3   0.182   0.000   0.000   0.183     2.754
   16          inf   1.0398e+07   1.0401e+07    749    259     0     19     73      1      4   0.185   0.000   0.000   0.186     2.940
   17   1.0401e+07   1.0400e+07   1.0401e+07    696    252     0     15     68      0      7   0.182   0.000   0.000   0.183     3.123
   18   1.0401e+07   1.0400e+07   1.0401e+07    696    256     0    *15      0      4      0   0.186   0.000   0.000   0.186     3.309
CG optimal after 18 iterations. UB=10401080.640617 LB=10400135.907945 gap=9.447e+02 tol=1.040e+03  t_LP=3.294  t_PR=0.007  t_SP=0.005  t_Tot=3.311
[pricing-cutoff] enabled=0 cut=0 priced=3105 rate=0.0%

# === STDOUT (result CSV) ===
Setting parameter 'LpMethod' to 2
Setting parameter 'GPUMode' to 2
Setting parameter 'Presolve' to 0
Setting parameter 'Crossover' to 0
instance,formulation,iterations,columns,objective,lower_bound,optimal,time,time_lp,time_pricing,time_separation
data/commalab/grid/grid6,tree,18,561,10401080.640617,10400135.907945,1,3.328,3.294,0.007,0.005
