# cmd: /usr/bin/time -o /tmp/mcfcg_mem_e3xuo5pk.txt -f %M build/mcfcg_cli data/commalab/grid/grid1 --solver copt --copt-gpu-mode 2 --formulation path --max-iters 10000 --time-limit 1800.0
# outcome: ok
# returncode: 0
# peak_rss_kb: 473204
# peak_rss_source: measured
# === STDERR (CG iteration log + preamble) ===
Instance: 25 vertices, 80 arcs, 50 commodities, 23 sources
Solver: copt (gpu-mode 2), formulation: path
Pricing threads: 32 (auto)
Slack mode: CommodityRows (struct=50, capped_arcs=80)
[lp-config] backend=copt version=8.0.1 method=barrier exec=GPU presolve=off crossover=off tol=0.0001 threads=n/a(GPU)
   It           UB           LB       LP_obj   #col   #row  #slk   +col   -col   +cut   -cut    t_LP    t_PR    t_SP   t_Tot     t_acc
    1          inf   8.2017e+05   2.7970e+05    100     50    45      0      0      0      0   0.356   0.000   0.000   0.356     0.356
    2          inf   8.2017e+05   8.2017e+05    100     60     0      0      0     10      0   0.154   0.000   0.000   0.154     0.511
    3          inf   8.2017e+05   1.0895e+06    121     60    10     21      0      0      0   0.141   0.000   0.000   0.141     0.652
    4          inf   8.2017e+05   1.4561e+06    128     61     2      7      0      1      0   0.143   0.000   0.000   0.143     0.795
    5          inf   8.2017e+05   9.3524e+05    137     61     4      9      0      0      0   0.145   0.000   0.000   0.145     0.940
    6   8.2756e+05   8.2685e+05   8.2756e+05    139     61     0      2      0      0      0   0.146   0.000   0.000   0.147     1.087
    7   8.2756e+05   8.2732e+05   8.2732e+05    139     62     0      0      0      1      0   0.140   0.000   0.000   0.141     1.227
    8   8.2741e+05   8.2732e+05   8.2741e+05    138     60     0      1      2      0      2   0.140   0.000   0.000   0.140     1.367
    9   8.2732e+05   8.2732e+05   8.2732e+05    138     60     0     *0      0      0      0   0.136   0.000   0.000   0.136     1.503
CG optimal after 9 iterations. UB=827319.000001 LB=827318.077000 gap=9.230e-01 tol=8.273e+01  t_LP=1.501  t_PR=0.003  t_SP=0.000  t_Tot=1.505
[pricing-cutoff] enabled=0 cut=0 priced=322 rate=0.0%

# === STDOUT (result CSV) ===
Setting parameter 'LpMethod' to 2
Setting parameter 'GPUMode' to 2
Setting parameter 'Presolve' to 0
Setting parameter 'Crossover' to 0
instance,formulation,iterations,columns,objective,lower_bound,optimal,time,time_lp,time_pricing,time_separation
data/commalab/grid/grid1,path,9,88,827319.000001,827318.077000,1,1.518,1.501,0.003,0.000
