# cmd: /usr/bin/time -o /tmp/mcfcg_mem_lld_3zj1.txt -f %M build/mcfcg_cli data/commalab/grid/grid6 --solver copt --copt-gpu-mode 2 --formulation path --max-iters 10000 --time-limit 1800.0
# outcome: ok
# returncode: 0
# peak_rss_kb: 482080
# peak_rss_source: measured
# === STDERR (CG iteration log + preamble) ===
Instance: 225 vertices, 840 arcs, 200 commodities, 135 sources
Solver: copt (gpu-mode 2), formulation: path
Pricing threads: 32 (auto)
Slack mode: CommodityRows (struct=200, capped_arcs=840)
[lp-config] backend=copt version=8.0.1 method=barrier exec=GPU presolve=off crossover=off tol=0.0001 threads=n/a(GPU)
   It           UB           LB       LP_obj   #col   #row  #slk   +col   -col   +cut   -cut    t_LP    t_PR    t_SP   t_Tot     t_acc
    1          inf   1.0284e+07   1.1258e+06    400    200   198      0      0      0      0   0.334   0.001   0.000   0.334     0.334
    2          inf   1.0284e+07   8.7504e+06    400    213    82      0      0     13      0   0.148   0.000   0.000   0.149     0.484
    3          inf   1.0284e+07   1.7843e+07    481    270    56     81      0     57      0   0.159   0.000   0.000   0.159     0.643
    4          inf   1.0284e+07   2.8483e+07    611    289    72    130      0     19      0   0.163   0.000   0.000   0.163     0.806
    5          inf   1.0284e+07   2.1995e+07    740    314    40    129      0     25      0   0.177   0.000   0.000   0.177     0.984
    6          inf   1.0284e+07   1.1928e+07    870    335     8    134      4     21      0   0.178   0.000   0.001   0.179     1.163
    7          inf   1.0301e+07   1.0423e+07    983    354     0    113      0     19      0   0.184   0.000   0.000   0.185     1.347
    8          inf   1.0368e+07   1.0413e+07   1069    355     0     94      8      1      0   0.187   0.000   0.000   0.187     1.535
    9          inf   1.0390e+07   1.0406e+07   1111    358     0     63     21      9      6   0.186   0.000   0.000   0.186     1.721
   10          inf   1.0395e+07   1.0403e+07   1118    361     0     44     37      4      1   0.182   0.000   0.000   0.182     1.903
   11   1.0402e+07   1.0400e+07   1.0402e+07   1078    354     0     30     70      0      7   0.178   0.000   0.000   0.179     2.082
   12   1.0402e+07   1.0401e+07   1.0402e+07   1078    354     0    *23      0      0      0   0.176   0.000   0.000   0.176     2.258
CG optimal after 12 iterations. UB=10401910.313496 LB=10400886.874097 gap=1.023e+03 tol=1.040e+03  t_LP=2.250  t_PR=0.005  t_SP=0.002  t_Tot=2.260
[pricing-cutoff] enabled=0 cut=0 priced=2025 rate=0.0%

# === STDOUT (result CSV) ===
Setting parameter 'LpMethod' to 2
Setting parameter 'GPUMode' to 2
Setting parameter 'Presolve' to 0
Setting parameter 'Crossover' to 0
instance,formulation,iterations,columns,objective,lower_bound,optimal,time,time_lp,time_pricing,time_separation
data/commalab/grid/grid6,path,12,878,10401910.313496,10400886.874097,1,2.278,2.250,0.005,0.002
