# cmd: /usr/bin/time -o /tmp/mcfcg_mem_xwizwnfk.txt -f %M build/mcfcg_cli data/commalab/planar/planar150 --solver copt --copt-gpu-mode 2 --formulation tree --max-iters 10000 --time-limit 1800.0
# outcome: ok
# returncode: 0
# peak_rss_kb: 519852
# peak_rss_source: measured
# === STDERR (CG iteration log + preamble) ===
Instance: 150 vertices, 850 arcs, 2239 commodities, 150 sources
Solver: copt (gpu-mode 2), formulation: tree
Pricing threads: 32 (auto)
Slack mode: CommodityRows (struct=150, capped_arcs=850)
[lp-config] backend=copt version=8.0.1 method=barrier exec=GPU presolve=off crossover=off tol=0.0001 threads=n/a(GPU)
   It           UB           LB       LP_obj   #col   #row  #slk   +col   -col   +cut   -cut    t_LP    t_PR    t_SP   t_Tot     t_acc
    1          inf   4.6091e+08   2.8355e+07    300    150   150      0      0      0      0   0.349   0.001   0.000   0.349     0.349
    2          inf   4.6091e+08   2.7752e+08    300    150   137      0      0      0      0   0.160   0.001   0.000   0.161     0.510
    3          inf   4.6091e+08   4.6091e+08    300    366     0      0      0    216      0   0.153   0.001   0.000   0.154     0.664
    4          inf   4.6091e+08   1.9672e+09    447    366   120    147      0      0      0   0.175   0.000   0.000   0.176     0.840
    5          inf   4.6091e+08   1.1631e+10    597    366   109    150      0      0      0   0.188   0.001   0.000   0.189     1.030
    6          inf   4.6091e+08   3.5622e+10    747    370   103    150      0      4      0   0.188   0.000   0.000   0.189     1.219
    7          inf   4.6091e+08   6.3698e+10    897    372    88    150      0      2      0   0.201   0.000   0.000   0.202     1.421
    8          inf   4.6091e+08   5.5124e+10   1047    379    69    150      0      7      0   0.198   0.000   0.000   0.199     1.620
    9          inf   4.6091e+08   4.2550e+10   1131    394    55    150     66     15      0   0.198   0.000   0.000   0.199     1.820
   10          inf   4.6091e+08   3.5557e+10   1212    411    48    150     69     17      0   0.209   0.001   0.002   0.213     2.033
   11          inf   4.6091e+08   2.8457e+10   1255    420    35    150    107      9      0   0.220   0.000   0.000   0.222     2.254
   12          inf   4.6091e+08   2.0911e+10   1309    445    36    150     96     25      0   0.219   0.000   0.000   0.220     2.475
   13          inf   4.6091e+08   1.9028e+10   1358    454    29    150    101      9      0   0.219   0.000   0.000   0.221     2.696
   14          inf   4.6091e+08   1.3152e+10   1412    455    23    150     96     13     12   0.220   0.000   0.000   0.222     2.918
   15          inf   4.6091e+08   8.9930e+09   1458    469    19    150    104     14      0   0.232   0.000   0.000   0.233     3.151
   16          inf   4.6091e+08   3.0131e+09   1514    490     3    150     94     21      0   0.254   0.000   0.000   0.255     3.406
   17          inf   4.6091e+08   6.0626e+08   1525    481     0    150    139     10     19   0.262   0.000   0.000   0.265     3.671
   18          inf   4.6091e+08   5.9264e+08   1574    482     0    150    101      3      2   0.252   0.000   0.000   0.253     3.925
   19   5.8682e+08   4.6091e+08   5.8682e+08   1601    480     0    150    123      0      2   0.247   0.000   0.000   0.248     4.173
   20   5.8682e+08   4.7733e+08   5.8077e+08   1640    484     0    150    111      7      3   0.238   0.000   0.000   0.240     4.413
   21   5.8682e+08   4.9425e+08   5.7643e+08   1656    475     0    150    134      3     12   0.256   0.000   0.000   0.258     4.671
   22   5.8682e+08   5.0328e+08   5.7251e+08   1630    469     0    150    176      3      9   0.241   0.000   0.000   0.243     4.914
   23   5.8682e+08   5.0328e+08   5.6905e+08   1584    448     0    150    196      6     27   0.240   0.000   0.000   0.242     5.156
   24   5.8682e+08   5.0696e+08   5.6516e+08   1572    451     0    150    162      4      1   0.245   0.000   0.000   0.247     5.403
   25   5.8682e+08   5.1519e+08   5.6183e+08   1574    450     0    150    148      4      5   0.240   0.001   0.000   0.242     5.645
   26   5.8682e+08   5.2087e+08   5.5987e+08   1574    448     0    150    150      1      3   0.247   0.000   0.000   0.248     5.894
   27   5.8682e+08   5.2688e+08   5.5814e+08   1582    447     0    150    142      3      4   0.235   0.000   0.000   0.237     6.131
   28   5.8682e+08   5.2688e+08   5.5628e+08   1595    450     0    150    137      4      1   0.243   0.000   0.000   0.245     6.376
   29   5.8682e+08   5.3029e+08   5.5504e+08   1587    450     0    150    158      1      1   0.244   0.000   0.000   0.246     6.621
   30   5.8682e+08   5.3441e+08   5.5364e+08   1578    420     0    150    159      3     33   0.243   0.001   0.000   0.245     6.867
   31   5.8682e+08   5.3726e+08   5.5287e+08   1573    416     0    150    155      2      6   0.226   0.000   0.000   0.227     7.094
   32   5.8682e+08   5.3726e+08   5.5182e+08   1582    417     0    150    141      7      6   0.233   0.000   0.000   0.235     7.329
   33   5.8682e+08   5.3823e+08   5.5085e+08   1585    416     0    150    147      3      4   0.230   0.000   0.000   0.232     7.562
   34   5.8682e+08   5.4084e+08   5.5036e+08   1590    419     0    150    145      4      1   0.233   0.000   0.000   0.235     7.797
   35   5.8682e+08   5.4132e+08   5.4991e+08   1594    412     0    150    146      1      8   0.233   0.000   0.000   0.235     8.032
   36   5.8682e+08   5.4319e+08   5.4958e+08   1612    408     0    150    132      1      5   0.232   0.000   0.000   0.234     8.266
   37   5.8682e+08   5.4370e+08   5.4926e+08   1619    408     0    150    143      4      4   0.230   0.000   0.000   0.232     8.498
   38   5.8682e+08   5.4480e+08   5.4900e+08   1610    402     0    150    159      2      8   0.238   0.000   0.000   0.240     8.738
   39   5.8682e+08   5.4562e+08   5.4883e+08   1609    401     0    150    151      3      4   0.239   0.000   0.000   0.240     8.978
   40   5.8682e+08   5.4562e+08   5.4858e+08   1617    397     0    150    142      2      6   0.227   0.000   0.000   0.229     9.207
   41   5.8682e+08   5.4589e+08   5.4843e+08   1617    398     0    150    150      4      3   0.228   0.000   0.000   0.230     9.437
   42   5.8682e+08   5.4655e+08   5.4832e+08   1629    400     0    150    138      2      0   0.232   0.000   0.000   0.234     9.671
   43   5.4823e+08   5.4722e+08   5.4823e+08   1624    400     0    150    155      0      0   0.234   0.000   0.000   0.236     9.907
   44   5.4818e+08   5.4735e+08   5.4818e+08   1648    400     0    149    125      0      0   0.235   0.000   0.000   0.237    10.144
   45   5.4814e+08   5.4757e+08   5.4814e+08   1643    400     0    150    155      0      0   0.240   0.000   0.000   0.242    10.386
   46   5.4814e+08   5.4770e+08   5.4811e+08   1647    404     0    150    146      4      0   0.238   0.000   0.000   0.239    10.625
   47   5.4814e+08   5.4791e+08   5.4810e+08   1651    405     0    149    145      1      0   0.243   0.000   0.000   0.244    10.869
   48   5.4809e+08   5.4800e+08   5.4809e+08   1654    401     0    150    147      0      4   0.235   0.000   0.000   0.237    11.106
   49   5.4809e+08   5.4805e+08   5.4809e+08   1654    402     0   *150      0      1      0   0.248   0.000   0.000   0.249    11.355
CG optimal after 49 iterations. UB=548091450.260139 LB=548048148.498408 gap=4.330e+04 tol=5.481e+04  t_LP=11.270  t_PR=0.022  t_SP=0.013  t_Tot=11.358
[pricing-cutoff] enabled=0 cut=0 priced=7950 rate=0.0%

# === STDOUT (result CSV) ===
Setting parameter 'LpMethod' to 2
Setting parameter 'GPUMode' to 2
Setting parameter 'Presolve' to 0
Setting parameter 'Crossover' to 0
instance,formulation,iterations,columns,objective,lower_bound,optimal,time,time_lp,time_pricing,time_separation
data/commalab/planar/planar150,tree,49,1504,548091450.260139,548048148.498408,1,11.379,11.270,0.022,0.013
