# cmd: /usr/bin/time -o /tmp/mcfcg_mem_j6_taur5.txt -f %M build/mcfcg_cli data/commalab/planar/planar150 --solver copt --copt-gpu-mode 2 --formulation path --max-iters 10000 --time-limit 1800.0
# outcome: ok
# returncode: 0
# peak_rss_kb: 550244
# peak_rss_source: measured
# === STDERR (CG iteration log + preamble) ===
Instance: 150 vertices, 850 arcs, 2239 commodities, 150 sources
Solver: copt (gpu-mode 2), formulation: path
Pricing threads: 32 (auto)
Slack mode: EdgeRows (struct=2239, capped_arcs=850)
[lp-config] backend=copt version=8.0.1 method=barrier exec=GPU presolve=off crossover=off tol=0.0001 threads=n/a(GPU)
   It           UB           LB       LP_obj   #col   #row  #slk   +col   -col   +cut   -cut    t_LP    t_PR    t_SP   t_Tot     t_acc
    1          inf   4.6091e+08   4.6091e+08   2455   2455     0      0      0    216      0   0.346   0.001   0.001   0.347     0.347
    2          inf   4.6091e+08   1.4441e+10   4637   2455   216   2182      0      0      0   0.305   0.000   0.000   0.306     0.654
    3          inf   4.6115e+08   5.7102e+08   6530   2571     0   1777      0    116      0   0.227   0.000   0.001   0.229     0.883
    4          inf   4.6115e+08   3.4057e+09   8589   2587    76   2043      0     16      0   0.286   0.000   0.000   0.288     1.171
    5          inf   4.6115e+08   2.9852e+09  10598   2628    30   1968      0     41      0   0.383   0.000   0.001   0.385     1.556
    6          inf   4.6115e+08   7.4043e+08  12541   2642     4   1929      0     14      0   0.333   0.000   0.001   0.335     1.890
    7          inf   4.6115e+08   5.9364e+08  14239   2646     1   1694      0      4      0   0.379   0.000   0.001   0.381     2.271
    8          inf   5.1526e+08   5.6296e+08  14721   2612     0   1542   1026      8     42   0.388   0.000   0.001   0.394     2.665
    9          inf   5.3416e+08   5.5445e+08  14908   2604     0   1376   1181      3     11   0.387   0.000   0.001   0.392     3.057
   10          inf   5.4013e+08   5.5072e+08  14505   2585     0   1038   1422      3     22   0.346   0.000   0.001   0.351     3.408
   11          inf   5.4591e+08   5.4888e+08  13543   2558     0    855   1790      6     33   0.320   0.000   0.001   0.325     3.733
   12          inf   5.4723e+08   5.4841e+08  11621   2537     0    262   2163      2     23   0.312   0.000   0.001   0.316     4.049
   13          inf   5.4766e+08   5.4810e+08  10067   2530     0    186   1733      5     12   0.289   0.000   0.001   0.292     4.341
   14   5.4809e+08   5.4806e+08   5.4809e+08  10067   2530     0    *44      0      0      0   0.257   0.000   0.000   0.258     4.599
CG optimal after 14 iterations. UB=548091372.107577 LB=548058236.021500 gap=3.314e+04 tol=5.481e+04  t_LP=4.556  t_PR=0.009  t_SP=0.009  t_Tot=4.603
[pricing-cutoff] enabled=0 cut=0 priced=2400 rate=0.0%

# === STDOUT (result CSV) ===
Setting parameter 'LpMethod' to 2
Setting parameter 'GPUMode' to 2
Setting parameter 'Presolve' to 0
Setting parameter 'Crossover' to 0
instance,formulation,iterations,columns,objective,lower_bound,optimal,time,time_lp,time_pricing,time_separation
data/commalab/planar/planar150,path,14,9776,548091372.107577,548058236.021500,1,4.625,4.556,0.009,0.009
