# cmd: /usr/bin/time -o /tmp/mcfcg_mem_xyzwr3lq.txt -f %M build/mcfcg_cli data/commalab/planar/planar500 --solver copt --copt-gpu-mode 2 --formulation tree --max-iters 10000 --time-limit 1800.0
# outcome: ok
# returncode: 0
# peak_rss_kb: 505096
# peak_rss_source: measured
# === STDERR (CG iteration log + preamble) ===
Instance: 500 vertices, 2842 arcs, 3525 commodities, 500 sources
Solver: copt (gpu-mode 2), formulation: tree
Pricing threads: 32 (auto)
Slack mode: CommodityRows (struct=500, capped_arcs=2842)
[lp-config] backend=copt version=8.0.1 method=barrier exec=GPU presolve=off crossover=off tol=0.0001 threads=n/a(GPU)
   It           UB           LB       LP_obj   #col   #row  #slk   +col   -col   +cut   -cut    t_LP    t_PR    t_SP   t_Tot     t_acc
    1          inf   4.7613e+08   1.4003e+08   1000    500   486      0      0      0      0   0.342   0.005   0.000   0.347     0.347
    2          inf   4.7613e+08   4.7568e+08   1000    604     1      0      0    104      0   0.166   0.004   0.000   0.171     0.518
    3          inf   4.7613e+08   6.6299e+08   1457    604   142    457      0      0      0   0.169   0.003   0.000   0.173     0.691
    4          inf   4.7613e+08   7.4618e+08   1926    604   151    469      0      0      0   0.183   0.003   0.001   0.188     0.879
    5          inf   4.7613e+08   9.6792e+08   2405    604   114    479      0      0      0   0.205   0.002   0.000   0.209     1.088
    6          inf   4.7613e+08   6.2765e+08   2890    606    36    485      0      2      0   0.210   0.003   0.000   0.214     1.302
    7          inf   4.7856e+08   4.8357e+08   3347    607     0    457      0      1      0   0.198   0.003   0.001   0.203     1.504
    8          inf   4.8078e+08   4.8278e+08   3744    561     0    428     31      1     47   0.201   0.002   0.001   0.205     1.709
    9          inf   4.8082e+08   4.8236e+08   3855    563     0    392    281      2      0   0.190   0.003   0.001   0.195     1.904
   10          inf   4.8148e+08   4.8209e+08   3877    566     0    338    316      3      0   0.194   0.003   0.000   0.199     2.103
   11   4.8201e+08   4.8189e+08   4.8201e+08   3769    565     0    286    394      0      1   0.195   0.002   0.000   0.200     2.302
   12   4.8199e+08   4.8197e+08   4.8199e+08   3769    565     0   *124      0      0      0   0.193   0.002   0.000   0.196     2.498
CG optimal after 12 iterations. UB=481988459.777583 LB=481969144.659687 gap=1.932e+04 tol=4.820e+04  t_LP=2.446  t_PR=0.042  t_SP=0.006  t_Tot=2.506
[pricing-cutoff] enabled=0 cut=0 priced=7500 rate=0.0%

# === STDOUT (result CSV) ===
Setting parameter 'LpMethod' to 2
Setting parameter 'GPUMode' to 2
Setting parameter 'Presolve' to 0
Setting parameter 'Crossover' to 0
instance,formulation,iterations,columns,objective,lower_bound,optimal,time,time_lp,time_pricing,time_separation
data/commalab/planar/planar500,tree,12,3269,481988459.777583,481969144.659687,1,2.524,2.446,0.042,0.006
