# cmd: /usr/bin/time -o /tmp/mcfcg_mem_46b78fdf.txt -f %M build/mcfcg_cli data/commalab/planar/planar100 --solver copt --copt-gpu-mode 2 --formulation tree --max-iters 10000 --time-limit 1800.0
# outcome: ok
# returncode: 0
# peak_rss_kb: 487512
# peak_rss_source: measured
# === STDERR (CG iteration log + preamble) ===
Instance: 100 vertices, 532 arcs, 1085 commodities, 100 sources
Solver: copt (gpu-mode 2), formulation: tree
Pricing threads: 32 (auto)
Slack mode: CommodityRows (struct=100, capped_arcs=532)
[lp-config] backend=copt version=8.0.1 method=barrier exec=GPU presolve=off crossover=off tol=0.0001 threads=n/a(GPU)
   It           UB           LB       LP_obj   #col   #row  #slk   +col   -col   +cut   -cut    t_LP    t_PR    t_SP   t_Tot     t_acc
    1          inf   2.1492e+08   3.1028e+06    200    100   100      0      0      0      0   0.347   0.001   0.000   0.348     0.348
    2          inf   2.1492e+08   3.0947e+07    200    100    99      0      0      0      0   0.159   0.001   0.000   0.159     0.507
    3          inf   2.1492e+08   2.0963e+08    200    162    15      0      0     62      0   0.156   0.001   0.000   0.157     0.664
    4          inf   2.1492e+08   3.1972e+08    293    162    74     93      0      0      0   0.161   0.000   0.000   0.161     0.825
    5          inf   2.1492e+08   1.1438e+09    393    169    49    100      0      7      0   0.169   0.000   0.000   0.169     0.995
    6          inf   2.1492e+08   2.0337e+09    492    173    51     99      0      4      0   0.170   0.000   0.000   0.170     1.165
    7          inf   2.1492e+08   4.4727e+09    592    186    32    100      0     13      0   0.169   0.000   0.000   0.170     1.335
    8          inf   2.1492e+08   3.8664e+09    692    196    18    100      0     10      0   0.172   0.000   0.000   0.173     1.508
    9          inf   2.1492e+08   1.7664e+09    766    199     6    100     26     10      7   0.177   0.000   0.000   0.178     1.686
   10          inf   2.1492e+08   2.3816e+08    834    209     0    100     32     10      0   0.195   0.000   0.000   0.196     1.882
   11          inf   2.1715e+08   2.3571e+08    885    213     0     99     48      4      0   0.194   0.001   0.000   0.196     2.078
   12          inf   2.2527e+08   2.3469e+08    933    214     0     99     51      1      0   0.194   0.000   0.000   0.195     2.272
   13   2.3365e+08   2.2782e+08   2.3365e+08    966    214     0     98     65      0      0   0.189   0.000   0.000   0.190     2.462
   14   2.3365e+08   2.2847e+08   2.3288e+08    990    214     0     98     74      1      1   0.197   0.000   0.000   0.198     2.660
   15   2.3221e+08   2.2970e+08   2.3221e+08    966    213     0     99    123      0      1   0.191   0.000   0.000   0.192     2.853
   16   2.3221e+08   2.3010e+08   2.3177e+08    947    208     0     95    114      1      6   0.192   0.000   0.000   0.193     3.045
   17   2.3161e+08   2.3070e+08   2.3161e+08    942    208     0     95    100      0      0   0.194   0.000   0.000   0.195     3.241
   18   2.3145e+08   2.3073e+08   2.3145e+08    934    208     0     94    102      0      0   0.195   0.000   0.000   0.196     3.436
   19   2.3139e+08   2.3110e+08   2.3139e+08    937    191     0     93     90      0     17   0.189   0.000   0.000   0.190     3.626
   20   2.3136e+08   2.3122e+08   2.3136e+08    926    189     0     93    104      0      2   0.191   0.000   0.000   0.192     3.818
   21   2.3134e+08   2.3127e+08   2.3134e+08    922    188     0     91     95      0      1   0.198   0.000   0.000   0.199     4.018
   22   2.3134e+08   2.3134e+08   2.3134e+08    922    189     0    *62      0      1      0   0.190   0.000   0.000   0.190     4.208
CG optimal after 22 iterations. UB=231344992.214049 LB=231339110.401256 gap=5.882e+03 tol=2.313e+04  t_LP=4.190  t_PR=0.007  t_SP=0.003  t_Tot=4.210
[pricing-cutoff] enabled=0 cut=0 priced=2600 rate=0.0%

# === STDOUT (result CSV) ===
Setting parameter 'LpMethod' to 2
Setting parameter 'GPUMode' to 2
Setting parameter 'Presolve' to 0
Setting parameter 'Crossover' to 0
instance,formulation,iterations,columns,objective,lower_bound,optimal,time,time_lp,time_pricing,time_separation
data/commalab/planar/planar100,tree,22,822,231344992.214049,231339110.401256,1,4.229,4.190,0.007,0.003
