# cmd: /usr/bin/time -o /tmp/mcfcg_mem_auxy39f4.txt -f %M build/mcfcg_cli data/commalab/planar/planar1000 --solver copt --copt-gpu-mode 2 --formulation tree --max-iters 10000 --time-limit 1800.0
# outcome: ok
# returncode: 0
# peak_rss_kb: 819404
# peak_rss_source: measured
# === STDERR (CG iteration log + preamble) ===
Instance: 1000 vertices, 5200 arcs, 20026 commodities, 1000 sources
Solver: copt (gpu-mode 2), formulation: tree
Pricing threads: 32 (auto)
Slack mode: CommodityRows (struct=1000, capped_arcs=5200)
[lp-config] backend=copt version=8.0.1 method=barrier exec=GPU presolve=off crossover=off tol=0.0001 threads=n/a(GPU)
   It           UB           LB       LP_obj   #col   #row  #slk   +col   -col   +cut   -cut    t_LP    t_PR    t_SP   t_Tot     t_acc
    1          inf   3.1896e+09   8.7300e+06   2000   1000  1000      0      0      0      0   0.348   0.020   0.001   0.369     0.369
    2          inf   3.1896e+09   8.7300e+07   2000   1000  1000      0      0      0      0   0.164   0.021   0.001   0.185     0.554
    3          inf   3.1896e+09   8.7275e+08   2000   1000   998      0      0      0      0   0.160   0.022   0.001   0.182     0.736
    4          inf   3.1896e+09   3.1896e+09   2000   1538     0      0      0    538      0   0.159   0.022   0.002   0.183     0.919
    5          inf   3.1896e+09   6.1730e+09   2999   1538   602    999      0      0      0   0.481   0.010   0.001   0.497     1.416
    6          inf   3.1896e+09   2.5922e+10   3999   1538   647   1000      0      0      0   0.603   0.009   0.001   0.619     2.036
    7          inf   3.1896e+09   7.5058e+10   4998   1539   650    999      0      1      0   0.681   0.012   0.001   0.703     2.738
    8          inf   3.1896e+09   2.9327e+11   5998   1542   459   1000      0      3      0   0.845   0.011   0.001   0.866     3.604
    9          inf   3.1896e+09   3.0901e+11   6998   1555   345   1000      0     13      0   0.886   0.011   0.001   0.907     4.511
   10          inf   3.1896e+09   2.5421e+11   7628   1267   279   1000    370      9    297   0.963   0.012   0.001   0.996     5.507
   11          inf   3.1896e+09   1.7791e+11   7901   1360   187   1000    727     93      0   0.489   0.011   0.001   0.514     6.022
   12          inf   3.1896e+09   1.6188e+11   8168   1393   176   1000    733     33      0   0.573   0.011   0.002   0.600     6.621
   13          inf   3.1896e+09   1.0362e+11   8327   1447   116   1000    841     56      2   0.640   0.012   0.002   0.674     7.295
   14          inf   3.1896e+09   7.7369e+10   8504   1505    85   1000    823     59      1   0.724   0.010   0.001   0.757     8.052
   15          inf   3.1896e+09   4.9073e+10   8741   1544    54   1000    763     49     10   0.715   0.010   0.001   0.749     8.801
   16          inf   3.1896e+09   1.5044e+10   9008   1606    16   1000    733     67      5   0.794   0.011   0.002   0.831     9.632
   17          inf   3.1896e+09   6.4702e+09   9124   1629     3   1000    884     27      4   1.036   0.011   0.003   1.075    10.707
   18          inf   3.1896e+09   3.5636e+09   9292   1601     0   1000    832      7     35   1.001   0.011   0.003   1.041    11.749
   19          inf   3.2522e+09   3.5459e+09   9407   1595     0   1000    885      6     12   0.937   0.010   0.003   0.973    12.722
   20          inf   3.2548e+09   3.5323e+09   9526   1586     0   1000    881     13     22   0.865   0.009   0.003   0.900    13.622
   21          inf   3.2908e+09   3.5193e+09   9600   1587     0   1000    926     12     11   0.918   0.011   0.003   0.957    14.579
   22          inf   3.2997e+09   3.5082e+09   9525   1579     0   1000   1075     10     18   0.891   0.011   0.003   0.929    15.507
   23          inf   3.3274e+09   3.4987e+09   9204   1563     0   1000   1321      5     21   0.914   0.010   0.003   0.952    16.460
   24          inf   3.3448e+09   3.4906e+09   9145   1545     0   1000   1059     14     32   0.862   0.010   0.003   0.899    17.359
   25          inf   3.3575e+09   3.4833e+09   9236   1526     0   1000    909     10     29   0.881   0.009   0.003   0.918    18.277
   26          inf   3.3795e+09   3.4779e+09   9250   1516     0   1000    986     11     21   0.869   0.011   0.003   0.911    19.188
   27          inf   3.3891e+09   3.4724e+09   9299   1509     0   1000    951      9     16   0.850   0.010   0.003   0.886    20.074
   28          inf   3.3891e+09   3.4688e+09   9298   1512     0   1000   1001      9      6   0.850   0.010   0.003   0.887    20.961
   29          inf   3.4003e+09   3.4654e+09   9308   1517     0   1000    990     11      6   0.874   0.011   0.003   0.912    21.873
   30          inf   3.4023e+09   3.4622e+09   9296   1526     0   1000   1012     15      6   0.817   0.011   0.003   0.856    22.729
   31          inf   3.4067e+09   3.4601e+09   9306   1525     0   1000    990      7      8   0.851   0.011   0.003   0.891    23.620
   32          inf   3.4203e+09   3.4577e+09   9364   1520     0   1000    942     11     16   0.843   0.012   0.003   0.884    24.504
   33          inf   3.4219e+09   3.4563e+09   9387   1507     0   1000    977      3     16   0.914   0.010   0.003   0.951    25.455
   34          inf   3.4239e+09   3.4550e+09   9383   1508     0   1000   1004      5      4   0.893   0.011   0.003   0.931    26.386
   35          inf   3.4316e+09   3.4541e+09   9428   1503     0   1000    955      7     12   0.868   0.011   0.003   0.906    27.292
   36          inf   3.4337e+09   3.4531e+09   9413   1493     0   1000   1015      3     13   0.828   0.010   0.003   0.866    28.158
   37          inf   3.4372e+09   3.4524e+09   9391   1488     0   1000   1022      3      8   0.806   0.009   0.003   0.844    29.002
   38          inf   3.4377e+09   3.4517e+09   9382   1486     0   1000   1009     11     13   0.833   0.013   0.003   0.873    29.875
   39          inf   3.4385e+09   3.4511e+09   9378   1485     0   1000   1004      5      6   0.823   0.011   0.003   0.861    30.736
   40          inf   3.4413e+09   3.4508e+09   9425   1491     0   1000    953      6      0   0.839   0.011   0.003   0.873    31.609
   41          inf   3.4430e+09   3.4505e+09   9463   1487     0   1000    962      2      6   0.842   0.011   0.003   0.885    32.494
   42          inf   3.4449e+09   3.4503e+09   9434   1484     0   1000   1029      2      5   0.850   0.011   0.003   0.900    33.394
   43          inf   3.4459e+09   3.4501e+09   9439   1494     0   1000    995     12      2   0.912   0.009   0.003   0.950    34.345
   44          inf   3.4464e+09   3.4499e+09   9438   1492     0   1000   1001      2      4   0.946   0.010   0.003   0.990    35.335
   45          inf   3.4476e+09   3.4498e+09   9453   1493     0   1000    985      2      1   0.911   0.009   0.003   0.952    36.287
   46          inf   3.4482e+09   3.4497e+09   9440   1496     0   1000   1013      3      0   0.951   0.012   0.003   0.986    37.273
   47          inf   3.4486e+09   3.4497e+09   9459   1492     0   1000    981      1      5   0.907   0.011   0.003   0.947    38.220
   48   3.4497e+09   3.4489e+09   3.4497e+09   9524   1490     0   1000    935      0      2   0.907   0.009   0.003   0.941    39.161
   49   3.4497e+09   3.4491e+09   3.4496e+09   9537   1485     0   1000    987      2      7   0.954   0.009   0.003   0.992    40.153
   50   3.4497e+09   3.4493e+09   3.4496e+09   9537   1488     0  *1000      0      3      0   0.974   0.013   0.003   0.990    41.143
CG optimal after 50 iterations. UB=3449663661.461962 LB=3449319923.019254 gap=3.437e+05 tol=3.450e+05  t_LP=39.440  t_PR=0.593  t_SP=0.115  t_Tot=41.165
[pricing-cutoff] enabled=0 cut=0 priced=55000 rate=0.0%

# === STDOUT (result CSV) ===
Setting parameter 'LpMethod' to 2
Setting parameter 'GPUMode' to 2
Setting parameter 'Presolve' to 0
Setting parameter 'Crossover' to 0
instance,formulation,iterations,columns,objective,lower_bound,optimal,time,time_lp,time_pricing,time_separation
data/commalab/planar/planar1000,tree,50,8537,3449663661.461962,3449319923.019254,1,41.210,39.440,0.593,0.115
