# cmd: /usr/bin/time -o /tmp/mcfcg_mem_7io3y0e3.txt -f %M build/mcfcg_cli data/intermodal/BUS-23688-0.txt.gz --solver mosek --formulation tree --max-iters 10000 --strategy pricer-heavy --time-limit 7200.0
# outcome: ok
# returncode: 0
# peak_rss_kb: 1204632
# peak_rss_source: measured
# === STDERR (CG iteration log + preamble) ===
Instance: 161993 vertices, 1653437 arcs, 23643 commodities, 23643 sources
Solver: mosek, formulation: tree
Pricing threads: 32 (auto)
Slack mode: CommodityRows (struct=23643, capped_arcs=1466539)
[lp-config] backend=mosek version=11.0.30 method=barrier exec=CPU presolve=off crossover=off tol=0.0001 threads=auto(32)
   It           UB           LB       LP_obj   #col   #row  #slk   +col   -col   +cut   -cut    t_LP    t_PR    t_SP   t_Tot     t_acc
    1          inf         -inf   6.0693e+05  47286  23709  1421      0      0     66      0   0.019   0.000   0.112   0.132     0.132
    2          inf         -inf   6.1290e+05  48448  23709  1888   1162      0      0      0   0.055   0.224   0.112   0.394     0.526
    3          inf         -inf   6.2623e+05  48448  23763   111      0      0     54      0   0.073   0.000   0.112   0.189     0.715
    4          inf         -inf   6.2856e+05  49458  23763   308   1010      0      0      0   0.114   0.223   0.113   0.452     1.167
    5          inf         -inf   6.2724e+05  49458  23780    79      0      0     17      0   0.112   0.000   0.114   0.227     1.394
    6          inf         -inf   6.2733e+05  49458  23786    94      0      0      6      0   0.122   0.000   0.112   0.236     1.630
    7          inf         -inf   6.2739e+05  49530  23762   100     72      0      0     24   0.128   0.063   0.111   0.303     1.933
    8          inf   5.3715e+05   6.3742e+05  50771  23753    82   1241      0      0      9   0.132   1.165   0.111   1.411     3.344
    9          inf   5.3715e+05   6.2486e+05  50771  23769     4      0      0     16      0   0.142   0.000   0.118   0.261     3.605
   10          inf   5.3715e+05   6.2496e+05  50771  23771     5      0      0      2      0   0.162   0.000   0.114   0.276     3.882
   11          inf   5.3715e+05   6.2496e+05  50778  23734     4      7      0      0     37   0.149   0.047   0.111   0.308     4.189
   12          inf   5.3715e+05   6.2498e+05  50778  23735     1      0      0      1      0   0.148   0.000   0.112   0.262     4.451
   13          inf   6.2428e+05   6.2498e+05  51162  23730     3    384      0      0      5   0.149   1.184   0.112   1.447     5.898
   14          inf   6.2428e+05   6.2488e+05  51162  23732     0      0      0      2      0   0.147   0.000   0.114   0.263     6.161
   15          inf   6.2428e+05   6.2488e+05  51162  23733     0      0      0      1      0   0.144   0.000   0.112   0.257     6.418
   16   6.2488e+05   6.2481e+05   6.2488e+05  51210  23722     0     48      0      0     11   0.136   1.177   0.115   1.429     7.847
   17   6.2488e+05   6.2481e+05   6.2488e+05  51210  23723     0      0      0      1      0   0.144   0.000   0.112   0.257     8.104
   18   6.2488e+05   6.2481e+05   6.2488e+05  51210  23724     0      0      0      1      0   0.150   0.000   0.112   0.264     8.367
   19   6.2488e+05   6.2484e+05   6.2488e+05  51210  23724     0     *1      0      0      0   0.149   1.179   0.112   1.440     9.807
CG optimal after 19 iterations. UB=624881.500360 LB=624840.210227 gap=4.129e+01 tol=6.249e+01  t_LP=2.376  t_PR=6.407  t_SP=2.141  t_Tot=10.953
[bounded-pricing] enabled=0 fired=0 priced=121659 rate=0.0%

# === STDOUT (result CSV) ===
instance,formulation,iterations,columns,objective,lower_bound,optimal,time,time_lp,time_pricing,time_separation
data/intermodal/BUS-23688-0.txt.gz,tree,19,27567,624881.500360,624840.210227,1,11.281,2.376,6.407,2.141
