# cmd: /usr/bin/time -o /tmp/mcfcg_mem_6rj6oiz1.txt -f %M build/mcfcg_cli data/intermodal/BUS-13160-0.txt.gz --solver mosek --formulation path --max-iters 10000 --strategy pricer-heavy --time-limit 7200.0
# outcome: ok
# returncode: 0
# peak_rss_kb: 922560
# peak_rss_source: measured
# === STDERR (CG iteration log + preamble) ===
Instance: 140925 vertices, 1023858 arcs, 13135 commodities, 13135 sources
Solver: mosek, formulation: path
Pricing threads: 32 (auto)
Slack mode: CommodityRows (struct=13135, capped_arcs=836960)
[lp-config] backend=mosek version=11.0.30 method=barrier exec=CPU presolve=off crossover=off tol=0.0001 threads=auto(32)
   It           UB           LB       LP_obj   #col   #row  #slk   +col   -col   +cut   -cut    t_LP    t_PR    t_SP   t_Tot     t_acc
    1          inf         -inf   3.3868e+05  26270  13208   783      0      0     73      0   0.027   0.000   0.068   0.095     0.095
    2          inf         -inf   3.4174e+05  26944  13208  1041    674      0      0      0   0.040   0.096   0.068   0.205     0.301
    3          inf         -inf   3.4914e+05  26944  13259    73      0      0     51      0   0.045   0.000   0.068   0.115     0.415
    4          inf         -inf   3.5030e+05  26944  13263   147      0      0      4      0   0.058   0.000   0.068   0.126     0.542
    5          inf         -inf   3.5030e+05  27024  13263   148     80      0      0      0   0.067   0.035   0.068   0.171     0.713
    6          inf   3.0486e+05   3.5646e+05  27810  13263   160    786      0      0      0   0.072   0.423   0.068   0.565     1.278
    7          inf   3.0486e+05   3.4900e+05  27810  13296     7      0      0     33      0   0.083   0.000   0.071   0.155     1.433
    8          inf   3.0486e+05   3.4910e+05  27810  13297    16      0      0      1      0   0.104   0.000   0.068   0.173     1.605
    9          inf   3.0486e+05   3.4910e+05  27813  13257    16      3      0      0     40   0.117   0.031   0.072   0.220     1.825
   10          inf   3.3324e+05   3.5100e+05  28155  13257     9    342      0      0      0   0.095   0.437   0.068   0.602     2.427
   11          inf   3.3324e+05   3.4837e+05  28155  13260     0      0      0      3      0   0.090   0.000   0.069   0.159     2.586
   12          inf   3.3324e+05   3.4837e+05  28218  13244     2     63      0      0     16   0.099   0.040   0.068   0.208     2.794
   13          inf   3.3324e+05   3.4836e+05  28218  13245     0      0      0      1      0   0.093   0.000   0.068   0.162     2.956
   14   3.4836e+05   3.4832e+05   3.4836e+05  28240  13217     0     22      0      0     28   0.104   0.453   0.067   0.625     3.580
   15   3.4836e+05   3.4832e+05   3.4836e+05  28240  13220     0      0      0      3      0   0.082   0.000   0.069   0.151     3.731
   16   3.4836e+05   3.4834e+05   3.4836e+05  28240  13220     0     *1      0      0      0   0.090   0.455   0.068   0.614     4.345
CG optimal after 16 iterations. UB=348361.500044 LB=348338.120664 gap=2.338e+01 tol=3.484e+01  t_LP=1.266  t_PR=2.430  t_SP=1.096  t_Tot=4.806
[bounded-pricing] enabled=0 fired=0 priced=67098 rate=0.0%

# === STDOUT (result CSV) ===
instance,formulation,iterations,columns,objective,lower_bound,optimal,time,time_lp,time_pricing,time_separation
data/intermodal/BUS-13160-0.txt.gz,path,16,15105,348361.500044,348338.120664,1,5.025,1.266,2.430,1.096
