# cmd: /usr/bin/time -o /tmp/mcfcg_mem_wia2_i_b.txt -f %M build/mcfcg_cli data/intermodal/BUS-2632-0.txt.gz --solver mosek --formulation tree --max-iters 10000 --strategy pricer-heavy --time-limit 7200.0
# outcome: ok
# returncode: 0
# peak_rss_kb: 607976
# peak_rss_source: measured
# === STDERR (CG iteration log + preamble) ===
Instance: 119865 vertices, 397362 arcs, 2628 commodities, 2628 sources
Solver: mosek, formulation: tree
Pricing threads: 32 (auto)
Slack mode: CommodityRows (struct=2628, capped_arcs=210464)
[lp-config] backend=mosek version=11.0.30 method=barrier exec=CPU presolve=off crossover=off tol=0.0001 threads=auto(32)
   It           UB           LB       LP_obj   #col   #row  #slk   +col   -col   +cut   -cut    t_LP    t_PR    t_SP   t_Tot     t_acc
    1          inf         -inf   6.8907e+04   5256   2721   161      0      0     93      0   0.009   0.000   0.031   0.040     0.040
    2          inf         -inf   6.9679e+04   5424   2721   229    168      0      0      0   0.005   0.021   0.029   0.056     0.096
    3          inf         -inf   7.1078e+04   5424   2812    11      0      0     91      0   0.007   0.000   0.029   0.036     0.132
    4          inf         -inf   7.2127e+04   5424   2813    42      0      0      1      0   0.008   0.000   0.029   0.037     0.169
    5          inf         -inf   7.2145e+04   5432   2813    43      8      0      0      0   0.008   0.013   0.029   0.050     0.218
    6          inf   4.7667e+04   7.6322e+04   5655   2813    45    223      0      0      0   0.008   0.069   0.027   0.105     0.323
    7          inf   4.7667e+04   7.1520e+04   5655   2852     1      0      0     39      0   0.011   0.000   0.028   0.039     0.363
    8          inf   4.7667e+04   7.1605e+04   5655   2854     6      0      0      2      0   0.014   0.000   0.028   0.042     0.405
    9          inf   4.7667e+04   7.1608e+04   5662   2816     6      7      0      0     38   0.016   0.012   0.027   0.056     0.460
   10          inf   4.7667e+04   7.1652e+04   5662   2821     7      0      0      5      0   0.015   0.000   0.027   0.042     0.503
   11          inf   4.7667e+04   7.1652e+04   5670   2810     6      8      0      0     11   0.018   0.013   0.027   0.059     0.561
   12          inf   4.7667e+04   7.1686e+04   5670   2812     4      0      0      2      0   0.012   0.000   0.027   0.039     0.600
   13          inf   6.1415e+04   7.1686e+04   5796   2763     4    126      0      0     49   0.012   0.077   0.028   0.117     0.718
   14          inf   6.1415e+04   7.1028e+04   5796   2774     0      0      0     11      0   0.016   0.000   0.028   0.044     0.761
   15   7.1028e+04   6.1415e+04   7.1028e+04   5802   2772     0      6      0      0      2   0.019   0.015   0.028   0.062     0.823
   16   7.1028e+04   7.0995e+04   7.1028e+04   5826   2770     0     24      0      0      2   0.017   0.056   0.028   0.102     0.925
   17   7.1028e+04   7.0995e+04   7.1027e+04   5826   2776     0      0      0      6      0   0.016   0.000   0.027   0.043     0.968
   18   7.1027e+04   7.0995e+04   7.1027e+04   5836   2770     0     10      0      0      6   0.014   0.014   0.028   0.057     1.026
   19   7.1027e+04   7.1018e+04   7.1027e+04   5841   2749     0      5      0      0     21   0.017   0.057   0.029   0.103     1.129
   20   7.1027e+04   7.1018e+04   7.1027e+04   5841   2756     0      0      0      7      0   0.013   0.000   0.028   0.041     1.170
   21   7.1027e+04   7.1018e+04   7.1027e+04   5841   2757     0      0      0      1      0   0.012   0.000   0.028   0.040     1.210
   22   7.1027e+04   7.1022e+04   7.1027e+04   5841   2757     0     *0      0      0      0   0.012   0.067   0.028   0.107     1.317
CG optimal after 22 iterations. UB=71026.501723 LB=71021.872637 gap=4.629e+00 tol=7.103e+00  t_LP=0.277  t_PR=0.495  t_SP=0.617  t_Tot=1.398
[bounded-pricing] enabled=0 fired=0 priced=16140 rate=0.0%

# === STDOUT (result CSV) ===
instance,formulation,iterations,columns,objective,lower_bound,optimal,time,time_lp,time_pricing,time_separation
data/intermodal/BUS-2632-0.txt.gz,tree,22,3213,71026.501723,71021.872637,1,1.502,0.277,0.495,0.617
