# cmd: /usr/bin/time -o /tmp/mcfcg_mem_s5ikzr7y.txt -f %M build/mcfcg_cli data/intermodal/BUS-18424-0.txt.gz --solver mosek --formulation tree --max-iters 10000 --strategy pricer-heavy --time-limit 7200.0
# outcome: ok
# returncode: 0
# peak_rss_kb: 1060140
# peak_rss_source: measured
# === STDERR (CG iteration log + preamble) ===
Instance: 151455 vertices, 1338522 arcs, 18388 commodities, 18388 sources
Solver: mosek, formulation: tree
Pricing threads: 32 (auto)
Slack mode: CommodityRows (struct=18388, capped_arcs=1151624)
[lp-config] backend=mosek version=11.0.30 method=barrier exec=CPU presolve=off crossover=off tol=0.0001 threads=auto(32)
   It           UB           LB       LP_obj   #col   #row  #slk   +col   -col   +cut   -cut    t_LP    t_PR    t_SP   t_Tot     t_acc
    1          inf         -inf   4.7151e+05  36776  18454  1078      0      0     66      0   0.019   0.000   0.097   0.116     0.116
    2          inf         -inf   4.7582e+05  37662  18454  1436    886      0      0      0   0.041   0.159   0.096   0.299     0.415
    3          inf         -inf   4.8631e+05  37662  18497   107      0      0     43      0   0.056   0.000   0.101   0.158     0.573
    4          inf         -inf   4.8784e+05  38311  18497   219    649      0      0      0   0.081   0.146   0.096   0.325     0.898
    5          inf         -inf   4.8784e+05  38311  18512   107      0      0     15      0   0.075   0.000   0.096   0.172     1.070
    6          inf         -inf   4.8796e+05  38311  18517   113      0      0      5      0   0.089   0.000   0.097   0.187     1.257
    7          inf         -inf   4.8796e+05  38331  18498   115     20      0      0     19   0.091   0.045   0.098   0.237     1.494
    8          inf   4.1660e+05   5.0586e+05  39176  18495    80    845      0      0      3   0.087   0.821   0.096   1.007     2.501
    9          inf   4.1660e+05   4.8501e+05  39176  18508     1      0      0     13      0   0.092   0.000   0.097   0.190     2.691
   10          inf   4.1660e+05   4.8509e+05  39238  18483    12     62      0      0     25   0.125   0.079   0.095   0.299     2.991
   11          inf   4.1660e+05   4.8508e+05  39238  18490     1      0      0      7      0   0.103   0.000   0.096   0.200     3.191
   12          inf   4.8493e+05   4.8508e+05  39301  18475     1     63      0      0     15   0.107   0.842   0.097   1.047     4.238
   13          inf   4.8493e+05   4.8503e+05  39301  18478     0      0      0      3      0   0.103   0.000   0.096   0.200     4.438
   14   4.8503e+05   4.8493e+05   4.8503e+05  39302  18467     0      1      0      0     11   0.105   0.042   0.096   0.244     4.682
   15   4.8503e+05   4.8493e+05   4.8503e+05  39302  18469     0      0      0      2      0   0.102   0.000   0.096   0.199     4.881
   16   4.8503e+05   4.8495e+05   4.8503e+05  39340  18458     0     38      0      0     11   0.102   0.823   0.097   1.022     5.904
   17   4.8503e+05   4.8495e+05   4.8503e+05  39340  18461     0      0      0      3      0   0.099   0.000   0.097   0.197     6.101
   18   4.8503e+05   4.8499e+05   4.8503e+05  39340  18461     0     *0      0      0      0   0.110   0.835   0.097   1.042     7.142
CG optimal after 18 iterations. UB=485025.499095 LB=484993.503698 gap=3.200e+01 tol=4.850e+01  t_LP=1.587  t_PR=4.576  t_SP=1.741  t_Tot=7.929
[bounded-pricing] enabled=0 cut=0 priced=94851 rate=0.0%

# === STDOUT (result CSV) ===
instance,formulation,iterations,columns,objective,lower_bound,optimal,time,time_lp,time_pricing,time_separation
data/intermodal/BUS-18424-0.txt.gz,tree,18,20952,485025.499095,484993.503698,1,8.218,1.587,4.576,1.741
