# cmd: /usr/bin/time -o /tmp/mcfcg_mem_m1wdqh56.txt -f %M build/mcfcg_cli data/intermodal/BUS-13160-0.txt.gz --solver mosek --formulation tree --max-iters 10000 --strategy pricer-heavy --time-limit 7200.0
# outcome: ok
# returncode: 0
# peak_rss_kb: 922212
# peak_rss_source: measured
# === STDERR (CG iteration log + preamble) ===
Instance: 140925 vertices, 1023858 arcs, 13135 commodities, 13135 sources
Solver: mosek, formulation: tree
Pricing threads: 32 (auto)
Slack mode: CommodityRows (struct=13135, capped_arcs=836960)
[lp-config] backend=mosek version=11.0.30 method=barrier exec=CPU presolve=off crossover=off tol=0.0001 threads=auto(32)
   It           UB           LB       LP_obj   #col   #row  #slk   +col   -col   +cut   -cut    t_LP    t_PR    t_SP   t_Tot     t_acc
    1          inf         -inf   3.3868e+05  26270  13208   783      0      0     73      0   0.047   0.000   0.076   0.124     0.124
    2          inf         -inf   3.4174e+05  26943  13208  1041    673      0      0      0   0.032   0.102   0.074   0.210     0.334
    3          inf         -inf   3.4912e+05  26943  13259    70      0      0     51      0   0.041   0.000   0.073   0.114     0.448
    4          inf         -inf   3.5029e+05  26943  13261   145      0      0      2      0   0.047   0.000   0.071   0.119     0.567
    5          inf         -inf   3.5029e+05  26943  13262   148      0      0      1      0   0.048   0.000   0.072   0.121     0.688
    6          inf         -inf   3.5029e+05  26977  13262   146     34      0      0      0   0.052   0.031   0.072   0.155     0.843
    7          inf         -inf   3.5638e+05  26977  13263   154      0      0      1      0   0.056   0.000   0.074   0.131     0.974
    8          inf         -inf   3.5640e+05  27032  13233   158     55      0      0     30   0.051   0.033   0.071   0.156     1.129
    9          inf         -inf   3.8406e+05  27032  13235   107      0      0      2      0   0.055   0.000   0.072   0.128     1.258
   10          inf         -inf   3.8407e+05  27092  13209   108     60      0      0     26   0.054   0.037   0.072   0.164     1.422
   11          inf   2.1829e+05   3.7984e+05  27906  13209    93    814      0      0      0   0.049   0.460   0.071   0.582     2.004
   12          inf   2.1829e+05   3.4898e+05  27906  13250     5      0      0     41      0   0.053   0.000   0.076   0.129     2.133
   13          inf   2.1829e+05   3.4917e+05  27906  13260    16      0      0     10      0   0.080   0.000   0.072   0.153     2.285
   14          inf   2.1829e+05   3.4919e+05  27947  13252    17     41      0      0      8   0.088   0.040   0.072   0.200     2.486
   15          inf   2.1829e+05   3.5114e+05  27947  13255     9      0      0      3      0   0.084   0.000   0.072   0.157     2.642
   16          inf   2.1829e+05   3.5114e+05  27947  13256     9      0      0      1      0   0.095   0.000   0.072   0.167     2.810
   17          inf   2.1829e+05   3.5114e+05  27951  13238     9      4      0      0     18   0.093   0.033   0.077   0.203     3.013
   18          inf   2.1829e+05   3.5122e+05  27951  13242     5      0      0      4      0   0.074   0.000   0.072   0.147     3.159
   19          inf   3.3353e+05   3.5122e+05  28188  13218     5    237      0      0     24   0.080   0.505   0.074   0.660     3.819
   20          inf   3.3353e+05   3.4836e+05  28188  13224     0      0      0      6      0   0.070   0.000   0.072   0.143     3.962
   21   3.4836e+05   3.3353e+05   3.4836e+05  28203  13224     0     15      0      0      0   0.074   0.038   0.072   0.185     4.146
   22   3.4836e+05   3.4833e+05   3.4836e+05  28203  13224     0    *11      0      0      0   0.076   0.454   0.073   0.602     4.749
CG optimal after 22 iterations. UB=348364.500187 LB=348334.640294 gap=2.986e+01 tol=3.484e+01  t_LP=1.398  t_PR=2.222  t_SP=1.602  t_Tot=5.240
[bounded-pricing] enabled=0 cut=0 priced=54067 rate=0.0%

# === STDOUT (result CSV) ===
instance,formulation,iterations,columns,objective,lower_bound,optimal,time,time_lp,time_pricing,time_separation
data/intermodal/BUS-13160-0.txt.gz,tree,22,15068,348364.500187,348334.640294,1,5.461,1.398,2.222,1.602
