# cmd: /usr/bin/time -o /tmp/mcfcg_mem_o7t_cdco.txt -f %M build/mcfcg_cli data/intermodal/BUS-18424-0.txt.gz --solver mosek --formulation path --max-iters 10000 --strategy pricer-heavy --time-limit 7200.0
# outcome: ok
# returncode: 0
# peak_rss_kb: 1063844
# peak_rss_source: measured
# === STDERR (CG iteration log + preamble) ===
Instance: 151455 vertices, 1338522 arcs, 18388 commodities, 18388 sources
Solver: mosek, formulation: path
Pricing threads: 32 (auto)
Slack mode: CommodityRows (struct=18388, capped_arcs=1151624)
[lp-config] backend=mosek version=11.0.30 method=barrier exec=CPU presolve=off crossover=off tol=0.0001 threads=auto(32)
   It           UB           LB       LP_obj   #col   #row  #slk   +col   -col   +cut   -cut    t_LP    t_PR    t_SP   t_Tot     t_acc
    1          inf         -inf   4.7151e+05  36776  18454  1078      0      0     66      0   0.029   0.000   0.093   0.124     0.124
    2          inf         -inf   4.7582e+05  37657  18454  1435    881      0      0      0   0.054   0.156   0.093   0.306     0.430
    3          inf         -inf   4.8644e+05  37657  18497   116      0      0     43      0   0.072   0.000   0.099   0.172     0.602
    4          inf         -inf   4.8797e+05  38306  18497   234    649      0      0      0   0.099   0.140   0.093   0.334     0.936
    5          inf         -inf   4.9537e+05  38306  18510    94      0      0     13      0   0.097   0.000   0.092   0.191     1.127
    6          inf         -inf   4.9548e+05  38306  18515   107      0      0      5      0   0.106   0.000   0.094   0.201     1.328
    7          inf         -inf   4.9549e+05  38326  18496   108     20      0      0     19   0.118   0.044   0.092   0.256     1.584
    8          inf   4.0917e+05   5.0711e+05  39238  18492   105    912      0      0      4   0.118   0.759   0.089   0.969     2.552
    9          inf   4.0917e+05   4.8496e+05  39238  18520     1      0      0     28      0   0.133   0.000   0.092   0.227     2.779
   10          inf   4.0917e+05   4.8511e+05  39238  18523    12      0      0      3      0   0.161   0.000   0.092   0.254     3.033
   11          inf   4.0917e+05   4.8511e+05  39253  18498    12     15      0      0     25   0.148   0.048   0.093   0.290     3.323
   12          inf   4.0917e+05   4.8521e+05  39253  18500     6      0      0      2      0   0.148   0.000   0.092   0.241     3.564
   13          inf   4.0917e+05   4.8521e+05  39256  18487     6      3      0      0     13   0.144   0.046   0.092   0.283     3.847
   14          inf   4.0917e+05   4.8528e+05  39256  18489     5      0      0      2      0   0.145   0.000   0.094   0.240     4.087
   15          inf   4.8182e+05   4.8528e+05  39489  18457     5    233      0      0     32   0.142   0.811   0.096   1.050     5.137
   16          inf   4.8182e+05   4.8500e+05  39489  18462     0      0      0      5      0   0.135   0.000   0.095   0.231     5.368
   17          inf   4.8182e+05   4.8503e+05  39489  18464     0      0      0      2      0   0.137   0.000   0.093   0.232     5.600
   18          inf   4.8182e+05   4.8503e+05  39489  18465     0      0      0      1      0   0.134   0.000   0.094   0.229     5.829
   19   4.8503e+05   4.8182e+05   4.8503e+05  39505  18461     0     16      0      0      4   0.136   0.037   0.092   0.266     6.095
   20   4.8503e+05   4.8182e+05   4.8503e+05  39505  18467     0      0      0      6      0   0.142   0.000   0.095   0.238     6.333
   21   4.8503e+05   4.8182e+05   4.8503e+05  39514  18453     0      9      0      0     14   0.139   0.050   0.093   0.283     6.616
   22   4.8503e+05   4.8182e+05   4.8503e+05  39514  18460     0      0      0      7      0   0.126   0.000   0.092   0.219     6.836
   23   4.8503e+05   4.8499e+05   4.8503e+05  39514  18460     0    *32      0      0      0   0.147   0.841   0.094   1.082     7.918
CG optimal after 23 iterations. UB=485029.316004 LB=484987.976400 gap=4.134e+01 tol=4.850e+01  t_LP=2.812  t_PR=3.703  t_SP=2.146  t_Tot=8.688
[bounded-pricing] enabled=0 cut=0 priced=76384 rate=0.0%

# === STDOUT (result CSV) ===
instance,formulation,iterations,columns,objective,lower_bound,optimal,time,time_lp,time_pricing,time_separation
data/intermodal/BUS-18424-0.txt.gz,path,23,21126,485029.316004,484987.976400,1,8.981,2.812,3.703,2.146
