# cmd: /usr/bin/time -o /tmp/mcfcg_mem_8cykqljl.txt -f %M build/mcfcg_cli data/intermodal/SBT-18765-0.txt.gz --solver mosek --formulation tree --max-iters 10000 --strategy pricer-heavy --time-limit 7200.0
# outcome: ok
# returncode: 0
# peak_rss_kb: 1144512
# peak_rss_source: measured
# === STDERR (CG iteration log + preamble) ===
Instance: 188487 vertices, 1782614 arcs, 18745 commodities, 18745 sources
Solver: mosek, formulation: tree
Pricing threads: 32 (auto)
Slack mode: CommodityRows (struct=18745, capped_arcs=1535594)
[lp-config] backend=mosek version=11.0.30 method=barrier exec=CPU presolve=off crossover=off tol=0.0001 threads=auto(32)
   It           UB           LB       LP_obj   #col   #row  #slk   +col   -col   +cut   -cut    t_LP    t_PR    t_SP   t_Tot     t_acc
    1          inf         -inf   4.7848e+05  37490  18814   327      0      0     69      0   0.025   0.000   0.125   0.151     0.151
    2          inf         -inf   4.8278e+05  38152  18814   549    662      0      0      0   0.036   0.165   0.126   0.330     0.481
    3          inf         -inf   4.8136e+05  38152  18831    10      0      0     17      0   0.030   0.000   0.124   0.155     0.636
    4          inf         -inf   4.8147e+05  38152  18832    23      0      0      1      0   0.038   0.000   0.124   0.163     0.799
    5          inf         -inf   4.8156e+05  38173  18832    28     21      0      0      0   0.033   0.048   0.123   0.205     1.004
    6          inf   4.7017e+05   4.8419e+05  38404  18832    23    231      0      0      0   0.030   2.023   0.124   2.179     3.183
    7   4.8111e+05   4.8107e+05   4.8111e+05  38404  18832     0     *9      0      0      0   0.030   2.015   0.128   2.173     5.356
CG optimal after 7 iterations. UB=481112.000003 LB=481065.310700 gap=4.669e+01 tol=4.811e+01  t_LP=0.221  t_PR=6.383  t_SP=0.875  t_Tot=7.487
[bounded-pricing] enabled=0 cut=0 priced=56998 rate=0.0%

# === STDOUT (result CSV) ===
instance,formulation,iterations,columns,objective,lower_bound,optimal,time,time_lp,time_pricing,time_separation
data/intermodal/SBT-18765-0.txt.gz,tree,7,19659,481112.000003,481065.310700,1,7.871,0.221,6.383,0.875
