# cmd: /usr/bin/time -o /tmp/mcfcg_mem_2la_wb31.txt -f %M build/mcfcg_cli data/intermodal/BUS-2632-0.txt.gz --solver mosek --formulation path --max-iters 10000 --strategy pricer-heavy --time-limit 7200.0
# outcome: ok
# returncode: 0
# peak_rss_kb: 618380
# peak_rss_source: measured
# === STDERR (CG iteration log + preamble) ===
Instance: 119865 vertices, 397362 arcs, 2628 commodities, 2628 sources
Solver: mosek, formulation: path
Pricing threads: 32 (auto)
Slack mode: CommodityRows (struct=2628, capped_arcs=210464)
[lp-config] backend=mosek version=11.0.30 method=barrier exec=CPU presolve=off crossover=off tol=0.0001 threads=auto(32)
   It           UB           LB       LP_obj   #col   #row  #slk   +col   -col   +cut   -cut    t_LP    t_PR    t_SP   t_Tot     t_acc
    1          inf         -inf   6.8906e+04   5256   2721   161      0      0     93      0   0.010   0.000   0.031   0.042     0.042
    2          inf         -inf   6.9679e+04   5424   2721   229    168      0      0      0   0.005   0.021   0.028   0.055     0.096
    3          inf         -inf   7.1078e+04   5424   2805    11      0      0     84      0   0.008   0.000   0.028   0.036     0.133
    4          inf         -inf   7.2127e+04   5424   2806    42      0      0      1      0   0.010   0.000   0.028   0.038     0.171
    5          inf         -inf   7.2145e+04   5431   2806    43      7      0      0      0   0.010   0.012   0.028   0.050     0.220
    6          inf   4.5328e+04   7.6830e+04   5656   2806    46    225      0      0      0   0.010   0.067   0.027   0.105     0.325
    7          inf   4.5328e+04   7.1516e+04   5656   2857     1      0      0     51      0   0.014   0.000   0.028   0.042     0.367
    8          inf   4.5328e+04   7.1605e+04   5656   2866     6      0      0      9      0   0.021   0.000   0.027   0.048     0.415
    9          inf   4.5328e+04   7.1608e+04   5670   2838     6     14      0      0     28   0.022   0.013   0.027   0.062     0.478
   10          inf   4.5328e+04   7.1654e+04   5670   2840     6      0      0      2      0   0.020   0.000   0.028   0.048     0.525
   11          inf   4.5328e+04   7.1654e+04   5675   2833     6      5      0      0      7   0.021   0.013   0.028   0.063     0.588
   12          inf   4.5328e+04   7.1690e+04   5675   2834     4      0      0      1      0   0.021   0.000   0.028   0.049     0.637
   13          inf   4.5328e+04   7.1693e+04   5678   2804     5      3      0      0     30   0.019   0.012   0.028   0.059     0.696
   14          inf   5.5862e+04   7.2116e+04   5810   2779     3    132      0      0     25   0.020   0.063   0.027   0.110     0.806
   15          inf   5.5862e+04   7.1029e+04   5810   2783     0      0      0      4      0   0.016   0.000   0.027   0.043     0.849
   16   7.1029e+04   5.5862e+04   7.1029e+04   5816   2780     0      6      0      0      3   0.020   0.013   0.027   0.060     0.909
   17   7.1029e+04   7.0918e+04   7.1029e+04   5851   2779     0     35      0      0      1   0.016   0.055   0.026   0.098     1.007
   18   7.1029e+04   7.0918e+04   7.1027e+04   5851   2784     0      0      0      5      0   0.020   0.000   0.027   0.047     1.054
   19   7.1027e+04   7.0918e+04   7.1027e+04   5856   2783     0      5      0      0      1   0.019   0.013   0.027   0.060     1.114
   20   7.1027e+04   7.1019e+04   7.1027e+04   5862   2752     0      6      0      0     31   0.022   0.056   0.027   0.106     1.220
   21   7.1027e+04   7.1019e+04   7.1027e+04   5862   2759     0      0      0      7      0   0.019   0.000   0.027   0.046     1.266
   22   7.1027e+04   7.1022e+04   7.1027e+04   5862   2759     0     *0      0      0      0   0.019   0.068   0.027   0.115     1.381
CG optimal after 22 iterations. UB=71026.500265 LB=71021.871579 gap=4.629e+00 tol=7.103e+00  t_LP=0.363  t_PR=0.478  t_SP=0.604  t_Tot=1.453
[bounded-pricing] enabled=0 fired=0 priced=16140 rate=0.0%

# === STDOUT (result CSV) ===
instance,formulation,iterations,columns,objective,lower_bound,optimal,time,time_lp,time_pricing,time_separation
data/intermodal/BUS-2632-0.txt.gz,path,22,3234,71026.500265,71021.871579,1,1.559,0.363,0.478,0.604
