# cmd: /usr/bin/time -o /tmp/mcfcg_mem_6aqr929r.txt -f %M build/mcfcg_cli data/intermodal/SBT-18765-0.txt.gz --solver mosek --formulation path --max-iters 10000 --strategy pricer-heavy --time-limit 7200.0
# outcome: ok
# returncode: 0
# peak_rss_kb: 1155332
# peak_rss_source: measured
# === STDERR (CG iteration log + preamble) ===
Instance: 188487 vertices, 1782614 arcs, 18745 commodities, 18745 sources
Solver: mosek, formulation: path
Pricing threads: 32 (auto)
Slack mode: CommodityRows (struct=18745, capped_arcs=1535594)
[lp-config] backend=mosek version=11.0.30 method=barrier exec=CPU presolve=off crossover=off tol=0.0001 threads=auto(32)
   It           UB           LB       LP_obj   #col   #row  #slk   +col   -col   +cut   -cut    t_LP    t_PR    t_SP   t_Tot     t_acc
    1          inf         -inf   4.7848e+05  37490  18814   327      0      0     69      0   0.024   0.000   0.121   0.146     0.146
    2          inf         -inf   4.8278e+05  38150  18814   549    660      0      0      0   0.031   0.168   0.121   0.323     0.469
    3          inf         -inf   4.8136e+05  38150  18831    10      0      0     17      0   0.037   0.000   0.119   0.157     0.626
    4          inf         -inf   4.8147e+05  38150  18832    23      0      0      1      0   0.044   0.000   0.124   0.169     0.795
    5          inf         -inf   4.8156e+05  38171  18832    28     21      0      0      0   0.040   0.049   0.118   0.207     1.002
    6          inf   4.7020e+05   4.8419e+05  38402  18832    23    231      0      0      0   0.043   2.104   0.119   2.267     3.269
    7   4.8111e+05   4.8106e+05   4.8111e+05  38402  18832     0     *9      0      0      0   0.043   2.085   0.120   2.249     5.518
CG optimal after 7 iterations. UB=481112.000646 LB=481064.654096 gap=4.735e+01 tol=4.811e+01  t_LP=0.263  t_PR=6.549  t_SP=0.843  t_Tot=7.662
[bounded-pricing] enabled=0 cut=0 priced=56998 rate=0.0%

# === STDOUT (result CSV) ===
instance,formulation,iterations,columns,objective,lower_bound,optimal,time,time_lp,time_pricing,time_separation
data/intermodal/SBT-18765-0.txt.gz,path,7,19657,481112.000646,481064.654096,1,8.045,0.263,6.549,0.843
