# cmd: /usr/bin/time -o /tmp/mcfcg_mem_86rw2ffg.txt -f %M build/mcfcg_cli data/intermodal/SBT-43785-0.txt.gz --solver mosek --formulation path --max-iters 10000 --strategy pricer-heavy --time-limit 7200.0
# outcome: ok
# returncode: 0
# peak_rss_kb: 1919376
# peak_rss_source: measured
# === STDERR (CG iteration log + preamble) ===
Instance: 238529 vertices, 3741246 arcs, 43757 commodities, 43757 sources
Solver: mosek, formulation: path
Pricing threads: 32 (auto)
Slack mode: CommodityRows (struct=43757, capped_arcs=3494226)
[lp-config] backend=mosek version=11.0.30 method=barrier exec=CPU presolve=off crossover=off tol=0.0001 threads=auto(32)
   It           UB           LB       LP_obj   #col   #row  #slk   +col   -col   +cut   -cut    t_LP    t_PR    t_SP   t_Tot     t_acc
    1          inf         -inf   1.1175e+06  87514  43829   745      0      0     72      0   0.043   0.000   0.264   0.309     0.309
    2          inf         -inf   1.1283e+06  87514  43831  1282      0      0      2      0   0.108   0.000   0.264   0.374     0.683
    3          inf         -inf   1.1283e+06  87515  43831  1282      1      0      0      0   0.102   0.094   0.262   0.466     1.149
    4          inf         -inf   1.1865e+06  87515  43838   590      0      0      7      0   0.117   0.000   0.263   0.381     1.530
    5          inf         -inf   1.1866e+06  87601  43838   614     86      0      0      0   0.118   0.200   0.262   0.582     2.112
    6          inf   8.4033e+05   1.3088e+06  89239  43838   562   1638      0      0      0   0.160   8.829   0.263   9.257    11.369
    7          inf   8.4033e+05   1.1237e+06  89239  43840     0      0      0      2      0   0.187   0.000   0.263   0.452    11.821
    8          inf   8.4033e+05   1.1237e+06  89239  43841     1      0      0      1      0   0.174   0.000   0.264   0.440    12.260
    9          inf   8.4033e+05   1.1237e+06  89283  43814     1     44      0      0     27   0.191   0.117   0.262   0.572    12.832
   10          inf   1.1234e+06   1.1237e+06  89531  43811     1    248      0      0      3   0.167   8.830   0.267   9.265    22.097
   11   1.1236e+06   1.1235e+06   1.1236e+06  89531  43811     0     *1      0      0      0   0.158   8.832   0.264   9.254    31.352
CG optimal after 11 iterations. UB=1123600.005090 LB=1123517.010828 gap=8.299e+01 tol=1.124e+02  t_LP=1.525  t_PR=35.894  t_SP=2.897  t_Tot=40.344
[bounded-pricing] enabled=0 fired=0 priced=175236 rate=0.0%

# === STDOUT (result CSV) ===
instance,formulation,iterations,columns,objective,lower_bound,optimal,time,time_lp,time_pricing,time_separation
data/intermodal/SBT-43785-0.txt.gz,path,11,45774,1123600.005090,1123517.010828,1,41.172,1.525,35.894,2.897
