# cmd: /usr/bin/time -o /tmp/mcfcg_mem_ncx9ggf4.txt -f %M build/mcfcg_cli data/intermodal/SBT-56295-0.txt.gz --solver mosek --formulation tree --max-iters 10000 --strategy pricer-heavy --time-limit 7200.0
# outcome: ok
# returncode: 0
# peak_rss_kb: 2322276
# peak_rss_source: measured
# === STDERR (CG iteration log + preamble) ===
Instance: 263559 vertices, 4725174 arcs, 56269 commodities, 56269 sources
Solver: mosek, formulation: tree
Pricing threads: 32 (auto)
Slack mode: CommodityRows (struct=56269, capped_arcs=4478154)
[lp-config] backend=mosek version=11.0.30 method=barrier exec=CPU presolve=off crossover=off tol=0.0001 threads=auto(32)
   It           UB           LB       LP_obj   #col   #row  #slk   +col   -col   +cut   -cut    t_LP    t_PR    t_SP   t_Tot     t_acc
    1          inf         -inf   1.4398e+06 112538  56332   974      0      0     63      0   0.043   0.000   0.355   0.400     0.400
    2          inf         -inf   1.4541e+06 114365  56332  1658   1827      0      0      0   0.167   0.863   0.353   1.389     1.789
    3          inf         -inf   1.4482e+06 114365  56349     7      0      0     17      0   0.155   0.000   0.355   0.512     2.302
    4          inf         -inf   1.4484e+06 114365  56351    42      0      0      2      0   0.155   0.000   0.354   0.511     2.813
    5          inf         -inf   1.4484e+06 114417  56351    42     52      0      0      0   0.160   0.152   0.353   0.666     3.479
    6          inf   1.4445e+06   1.4488e+06 114987  56351    45    570      0      0      0   0.141  14.624   0.353  15.120    18.599
    7          inf   1.4445e+06   1.4479e+06 114987  56352     0      0      0      1      0   0.140   0.000   0.357   0.499    19.098
    8   1.4479e+06   1.4445e+06   1.4479e+06 115016  56318     0     29      0      0     34   0.142   0.150   0.352   0.646    19.744
    9   1.4479e+06   1.4445e+06   1.4479e+06 115016  56325     0      0      0      7      0   0.129   0.000   0.354   0.486    20.230
   10   1.4479e+06   1.4477e+06   1.4479e+06 115016  56325     0    *30      0      0      0   0.131  14.708   0.353  15.194    35.424
CG optimal after 10 iterations. UB=1447868.691880 LB=1447747.209114 gap=1.215e+02 tol=1.448e+02  t_LP=1.362  t_PR=45.186  t_SP=3.539  t_Tot=50.116
[bounded-pricing] enabled=0 fired=0 priced=171111 rate=0.0%

# === STDOUT (result CSV) ===
instance,formulation,iterations,columns,objective,lower_bound,optimal,time,time_lp,time_pricing,time_separation
data/intermodal/SBT-56295-0.txt.gz,tree,10,58747,1447868.691880,1447747.209114,1,51.147,1.362,45.186,3.539
