# cmd: /usr/bin/time -o /tmp/mcfcg_mem_4kqv3651.txt -f %M build/mcfcg_cli data/intermodal/SBT-43785-0.txt.gz --solver mosek --formulation tree --max-iters 10000 --strategy pricer-heavy --time-limit 7200.0
# outcome: ok
# returncode: 0
# peak_rss_kb: 1928656
# peak_rss_source: measured
# === STDERR (CG iteration log + preamble) ===
Instance: 238529 vertices, 3741246 arcs, 43757 commodities, 43757 sources
Solver: mosek, formulation: tree
Pricing threads: 32 (auto)
Slack mode: CommodityRows (struct=43757, capped_arcs=3494226)
[lp-config] backend=mosek version=11.0.30 method=barrier exec=CPU presolve=off crossover=off tol=0.0001 threads=auto(32)
   It           UB           LB       LP_obj   #col   #row  #slk   +col   -col   +cut   -cut    t_LP    t_PR    t_SP   t_Tot     t_acc
    1          inf         -inf   1.1175e+06  87514  43829   745      0      0     72      0   0.483   0.000   0.276   0.761     0.761
    2          inf         -inf   1.1284e+06  89112  43829  1264   1598      0      0      0   0.107   0.616   0.274   1.007     1.768
    3          inf         -inf   1.1237e+06  89112  43840     0      0      0     11      0   0.130   0.000   0.279   0.410     2.179
    4          inf         -inf   1.1238e+06  89263  43840    23    151      0      0      0   0.114   0.268   0.277   0.661     2.840
    5   1.1237e+06   1.1234e+06   1.1237e+06  89584  43840     0    321      0      0      0   0.121   9.326   0.275   9.723    12.563
    6   1.1236e+06   1.1235e+06   1.1236e+06  89584  43840     0     *0      0      0      0   0.128  18.630   0.275  19.034    31.597
CG optimal after 6 iterations. UB=1123599.486704 LB=1123517.474411 gap=8.201e+01 tol=1.124e+02  t_LP=1.082  t_PR=38.107  t_SP=1.657  t_Tot=40.864
[bounded-pricing] enabled=0 cut=0 priced=177088 rate=0.0%

# === STDOUT (result CSV) ===
instance,formulation,iterations,columns,objective,lower_bound,optimal,time,time_lp,time_pricing,time_separation
data/intermodal/SBT-43785-0.txt.gz,tree,6,45827,1123599.486704,1123517.474411,1,41.728,1.082,38.107,1.657
