# cmd: /usr/bin/time -o /tmp/mcfcg_mem_ygwlgpay.txt -f %M build/mcfcg_cli data/transportation/BerlinCenter_net.tntp.gz --solver copt --copt-gpu-mode 2 --formulation tree --max-iters 10000 --time-limit 1800.0
# outcome: ok
# returncode: 0
# peak_rss_kb: 676500
# peak_rss_source: measured
# === STDERR (CG iteration log + preamble) ===
TNTP: net=data/transportation/BerlinCenter_net.tntp.gz trips=data/transportation/BerlinCenter_trips.tntp.gz coef=0.5
Instance: 12981 vertices, 28376 arcs, 49688 commodities, 865 sources
Solver: copt (gpu-mode 2), formulation: tree
Pricing threads: 32 (auto)
Slack mode: CommodityRows (struct=865, capped_arcs=28376)
[lp-config] backend=copt version=8.0.1 method=barrier exec=GPU presolve=off crossover=off tol=0.0001 threads=n/a(GPU)
   It           UB           LB       LP_obj   #col   #row  #slk   +col   -col   +cut   -cut    t_LP    t_PR    t_SP   t_Tot     t_acc
    1          inf   2.6118e+07   2.6017e+05   1730    865   853      0      0      0      0   0.247   0.074   0.002   0.324     0.324
    2          inf   2.6118e+07   2.4448e+06   1730    865   754      0      0      0      0   0.033   0.064   0.002   0.100     0.424
    3          inf   2.6118e+07   1.5789e+07   1730    891   303      0      0     26      0   0.031   0.059   0.003   0.093     0.518
    4          inf   2.6118e+07   4.0348e+07   2184   1138   237    454      0    247      0   0.042   0.031   0.003   0.082     0.600
    5          inf   2.6118e+07   1.0208e+08   2896   1185   376    712      0     47      0   0.107   0.037   0.003   0.155     0.755
    6          inf   2.6118e+07   3.1195e+08   3608   1251   303    746     34     66      0   0.120   0.039   0.003   0.174     0.929
    7          inf   2.6118e+07   7.6867e+08   4349   1299   254    741      0     48      0   0.166   0.048   0.004   0.226     1.155
    8          inf   2.6118e+07   1.4776e+09   5090   1362   193    741      0     63      0   0.211   0.043   0.004   0.267     1.422
    9          inf   2.6118e+07   2.1270e+09   5780   1399   158    745     55     37      0   0.284   0.043   0.005   0.345     1.767
   10          inf   2.6118e+07   1.6545e+09   6246   1386    94    744    278     29     42   0.301   0.043   0.004   0.364     2.131
   11          inf   2.6118e+07   1.5350e+09   6584   1407    54    723    385     29      8   0.305   0.046   0.004   0.372     2.502
   12          inf   2.6118e+07   8.6826e+08   6817   1487    12    720    487     92     12   0.345   0.051   0.006   0.419     2.922
   13          inf   2.6118e+07   1.3551e+09   7033   1493    14    698    482     21     15   0.417   0.048   0.005   0.487     3.409
   14          inf   2.6118e+07   1.4434e+09   7123   1491     7    688    598     14     16   0.421   0.046   0.005   0.489     3.898
   15          inf   2.6118e+07   2.8439e+07   7193   1493     0    693    623     22     20   0.372   0.045   0.006   0.441     4.339
   16          inf   2.6811e+07   2.8044e+07   7137   1510     0    680    736     20      3   0.371   0.046   0.006   0.441     4.780
   17          inf   2.7013e+07   2.7871e+07   7198   1497     0    679    618      2     15   0.394   0.045   0.006   0.462     5.242
   18          inf   2.7160e+07   2.7783e+07   7117   1460     0    657    738      5     42   0.381   0.045   0.005   0.449     5.691
   19          inf   2.7219e+07   2.7685e+07   6948   1426     0    630    799      1     35   0.405   0.043   0.005   0.471     6.162
   20          inf   2.7285e+07   2.7642e+07   6641   1391     0    591    898      5     40   0.374   0.046   0.005   0.442     6.605
   21          inf   2.7406e+07   2.7613e+07   6536   1360     0    585    690      4     35   0.364   0.046   0.005   0.431     7.036
   22          inf   2.7406e+07   2.7578e+07   6467   1347     0    530    599      6     19   0.326   0.045   0.005   0.392     7.427
   23          inf   2.7450e+07   2.7563e+07   6384   1335     0    490    573      1     13   0.272   0.048   0.005   0.340     7.767
   24          inf   2.7480e+07   2.7552e+07   6349   1330     0    474    509      2      7   0.275   0.050   0.005   0.345     8.112
   25          inf   2.7491e+07   2.7543e+07   6274   1331     0    426    501      5      4   0.277   0.047   0.005   0.344     8.456
   26          inf   2.7495e+07   2.7538e+07   6204   1330     0    400    470      1      2   0.249   0.048   0.005   0.317     8.773
   27   2.7534e+07   2.7510e+07   2.7534e+07   6151   1323     0    379    432      0      7   0.253   0.045   0.005   0.317     9.090
   28   2.7534e+07   2.7518e+07   2.7533e+07   6109   1321     0    386    428      6      8   0.284   0.048   0.005   0.352     9.442
   29   2.7531e+07   2.7519e+07   2.7531e+07   6113   1320     0    407    403      0      1   0.297   0.049   0.005   0.365     9.808
   30   2.7531e+07   2.7524e+07   2.7530e+07   6097   1319     0    362    378      3      4   0.301   0.046   0.005   0.366    10.174
   31   2.7530e+07   2.7527e+07   2.7530e+07   6113   1317     0    336    320      0      2   0.285   0.048   0.005   0.351    10.525
   32   2.7529e+07   2.7527e+07   2.7529e+07   6113   1317     0   *331      0      0      0   0.279   0.044   0.005   0.328    10.854
CG optimal after 32 iterations. UB=27529435.460752 LB=27526956.603019 gap=2.479e+03 tol=2.753e+03  t_LP=8.791  t_PR=1.549  t_SP=0.148  t_Tot=10.898
[bounded-pricing] enabled=0 fired=0 priced=31140 rate=0.0%

# === STDOUT (result CSV) ===
Setting parameter 'LpMethod' to 2
Setting parameter 'GPUMode' to 2
Setting parameter 'Presolve' to 0
Setting parameter 'Crossover' to 0
instance,formulation,iterations,columns,objective,lower_bound,optimal,time,time_lp,time_pricing,time_separation
data/transportation/BerlinCenter_net.tntp.gz,tree,32,5248,27529435.460752,27526956.603019,1,10.941,8.791,1.549,0.148
