# cmd: /usr/bin/time -o /tmp/mcfcg_mem_gd2xwpea.txt -f %M build/mcfcg_cli data/transportation/Sydney_net.tntp.gz --solver copt --copt-gpu-mode 2 --formulation tree --max-iters 10000 --time-limit 1800.0
# outcome: ok
# returncode: 0
# peak_rss_kb: 9839560
# peak_rss_source: measured
# === STDERR (CG iteration log + preamble) ===
TNTP: net=data/transportation/Sydney_net.tntp.gz trips=data/transportation/Sydney_trips.tntp.gz coef=1.9
Instance: 33113 vertices, 75379 arcs, 3343560 commodities, 3257 sources
Solver: copt (gpu-mode 2), formulation: tree
Pricing threads: 32 (auto)
Slack mode: CommodityRows (struct=3257, capped_arcs=75379)
[lp-config] backend=copt version=8.0.1 method=barrier exec=GPU presolve=off crossover=off tol=0.0001 threads=n/a(GPU)
   It           UB           LB       LP_obj   #col   #row  #slk   +col   -col   +cut   -cut    t_LP    t_PR    t_SP   t_Tot     t_acc
    1          inf   4.9542e+06   1.5043e+05   6514   3257  3042      0      0      0      0   0.328   1.720   0.006   2.053     2.053
    2          inf   4.9542e+06   1.2093e+06   6514   3257  2028      0      0      0      0   0.040   1.828   0.011   1.879     3.932
    3          inf   4.9542e+06   4.6463e+06   6514   3477    91      0      0    220      0   0.036   1.827   0.026   1.889     5.821
    4          inf   4.9542e+06   5.5261e+06   9757   3482   706   3243      0      5      0   0.402   0.913   0.019   2.130     7.951
    5          inf   4.9542e+06   5.8426e+06  13011   3497   735   3254      0     15      0   0.563   0.919   0.035   2.340    10.291
    6          inf   4.9542e+06   5.8386e+06  16263   3552   223   3252      0     55      0   0.743   0.894   0.058   2.529    12.820
    7          inf   4.9542e+06   5.2367e+06  19511   3610    19   3248      0     58      0   1.381   0.893   0.075   3.175    15.995
    8          inf   4.9542e+06   4.9884e+06  22755   3618     0   3244      0      8      0   2.057   0.895   0.088   3.902    19.897
    9          inf   4.9585e+06   4.9804e+06  25875   3514     0   3243    123      1    105   2.157   0.863   0.078   4.241    24.138
   10          inf   4.9615e+06   4.9735e+06  27636   3516     0   3205   1444      3      1   1.356   0.900   0.114   3.450    27.588
   11          inf   4.9645e+06   4.9713e+06  28863   3508     0   3215   1988      1      9   1.537   0.917   0.131   3.648    31.235
   12          inf   4.9653e+06   4.9700e+06  28583   3469     0   3141   3421      1     40   1.388   0.927   0.134   3.386    34.621
   13          inf   4.9653e+06   4.9692e+06  27858   3422     0   3104   3829      4     51   1.128   0.897   0.131   3.085    37.706
   14   4.9688e+06   4.9660e+06   4.9688e+06  26630   3403     0   3097   4325      0     19   0.873   0.902   0.133   2.800    40.506
   15   4.9685e+06   4.9661e+06   4.9685e+06  26226   3398     0   2938   3342      0      5   0.719   0.918   0.128   2.658    43.164
   16   4.9684e+06   4.9663e+06   4.9684e+06  25898   3396     0   2634   2962      0      2   0.676   0.893   0.122   2.555    45.719
   17   4.9683e+06   4.9664e+06   4.9683e+06  25453   3390     0   2255   2700      0      6   0.685   0.909   0.122   2.536    48.255
   18   4.9683e+06   4.9664e+06   4.9682e+06  24418   3391     0   1926   2961      1      0   0.637   0.909   0.121   2.428    50.683
   19   4.9682e+06   4.9664e+06   4.9682e+06  22874   3389     0   1568   3112      0      2   0.660   0.906   0.117   2.377    53.060
   20   4.9682e+06   4.9665e+06   4.9682e+06  21180   3387     0   1077   2771      0      2   0.615   0.912   0.110   2.246    55.306
   21   4.9682e+06   4.9665e+06   4.9682e+06  19131   3385     0    377   2426      0      2   0.602   0.928   0.100   2.065    57.371
   22   4.9682e+06   4.9665e+06   4.9682e+06  17631   3385     0    110   1610      0      0   0.496   0.932   0.090   1.841    59.212
   23   4.9682e+06   4.9665e+06   4.9682e+06  16356   3383     0      8   1283      0      2   0.473   0.910   0.081   1.728    60.941
   24   4.9682e+06   4.9665e+06   4.9682e+06  15672   3382     0      4    688      0      1   0.479   0.920   0.073   1.690    62.631
   25   4.9682e+06   4.9665e+06   4.9682e+06  15672   3382     0      0      0      0      0   0.414   1.850   0.067   2.330    64.961
CG optimal after 25 iterations. UB=4968208.860483 LB=4966458.163947 gap=1.751e+03 tol=4.968e+02  t_LP=20.446  t_PR=27.966  t_SP=2.169  t_Tot=66.649
[bounded-pricing] enabled=0 fired=0 priced=97710 rate=0.0%

# === STDOUT (result CSV) ===
Setting parameter 'LpMethod' to 2
Setting parameter 'GPUMode' to 2
Setting parameter 'Presolve' to 0
Setting parameter 'Crossover' to 0
instance,formulation,iterations,columns,objective,lower_bound,optimal,time,time_lp,time_pricing,time_separation
data/transportation/Sydney_net.tntp.gz,tree,25,12415,4968208.860483,4966458.163947,1,67.564,20.446,27.966,2.169
