# cmd: /usr/bin/time -o /tmp/mcfcg_mem_3qm2bc7e.txt -f %M build/mcfcg_cli data/transportation/ChicagoRegional_net.tntp.gz --solver copt --copt-gpu-mode 2 --formulation tree --max-iters 10000 --time-limit 1800.0
# outcome: ok
# returncode: 0
# peak_rss_kb: 5869612
# peak_rss_source: measured
# === STDERR (CG iteration log + preamble) ===
TNTP: net=data/transportation/ChicagoRegional_net.tntp.gz trips=data/transportation/ChicagoRegional_trips.tntp.gz coef=4.1
Instance: 12982 vertices, 39018 arcs, 2297945 commodities, 1771 sources
Solver: copt (gpu-mode 2), formulation: tree
Pricing threads: 32 (auto)
Slack mode: CommodityRows (struct=1771, capped_arcs=39018)
[lp-config] backend=copt version=8.0.1 method=barrier exec=GPU presolve=off crossover=off tol=0.0001 threads=n/a(GPU)
   It           UB           LB       LP_obj   #col   #row  #slk   +col   -col   +cut   -cut    t_LP    t_PR    t_SP   t_Tot     t_acc
    1          inf   5.4984e+06   2.1129e+04   3542   1771  1757      0      0      0      0   0.350   0.472   0.003   0.826     0.826
    2          inf   5.4984e+06   2.0846e+05   3542   1771  1717      0      0      0      0   0.173   0.477   0.003   0.653     1.479
    3          inf   5.4984e+06   1.8320e+06   3542   1771  1324      0      0      0      0   0.163   0.477   0.005   0.645     2.124
    4          inf   5.4984e+06   5.3728e+06   3542   2014    24      0      0    243      0   0.159   0.465   0.010   0.635     2.759
    5          inf   5.4984e+06   7.6699e+06   5301   2025   567   1759      0     11      0   0.411   0.237   0.008   0.897     3.655
    6          inf   5.4984e+06   1.5972e+07   7060   2028   585   1759      0      3      0   0.583   0.240   0.014   1.086     4.742
    7          inf   5.4984e+06   2.7241e+07   8819   2033   513   1759      0      5      0   0.710   0.238   0.019   1.200     5.942
    8          inf   5.4984e+06   3.8959e+07  10579   2053   325   1760      0     20      0   0.753   0.236   0.028   1.250     7.192
    9          inf   5.4984e+06   5.0896e+07  12344   2062   313   1765      0      9      0   0.898   0.237   0.031   1.420     8.612
   10          inf   5.4984e+06   3.9714e+07  14021   2011   166   1762     85     28     79   0.992   0.222   0.042   1.614    10.226
   11          inf   5.4984e+06   6.7789e+06  14951   2055     2   1763    833     48      4   0.946   0.238   0.048   1.588    11.814
   12          inf   5.4984e+06   8.0070e+06  15593   2078    11   1761   1119     25      2   1.028   0.238   0.032   1.653    13.467
   13          inf   5.4984e+06   5.5328e+06  15878   2086     0   1761   1476     10      2   1.039   0.236   0.052   1.680    15.147
   14          inf   5.4984e+06   5.5272e+06  16307   2083     0   1756   1327      3      6   1.033   0.230   0.051   1.673    16.820
   15          inf   5.4984e+06   5.5231e+06  16758   2085     0   1756   1305      7      5   1.013   0.233   0.053   1.656    18.476
   16          inf   5.5006e+06   5.5204e+06  16884   2078     0   1756   1630      4     11   1.046   0.232   0.053   1.690    20.167
   17          inf   5.5042e+06   5.5188e+06  16555   2066     0   1756   2085      4     16   1.083   0.227   0.055   1.726    21.893
   18          inf   5.5042e+06   5.5175e+06  15534   2035     0   1753   2774      2     33   1.101   0.224   0.056   1.732    23.625
   19          inf   5.5082e+06   5.5163e+06  15270   2020     0   1750   2014      1     16   1.004   0.227   0.050   1.635    25.261
   20          inf   5.5098e+06   5.5156e+06  15305   2020     0   1749   1714      3      3   0.924   0.219   0.048   1.548    26.809
   21          inf   5.5098e+06   5.5150e+06  15438   2015     0   1744   1611      2      7   0.962   0.215   0.049   1.582    28.391
   22          inf   5.5098e+06   5.5145e+06  15734   2015     0   1744   1448      5      5   0.979   0.222   0.050   1.605    29.995
   23   5.5143e+06   5.5107e+06   5.5143e+06  15897   2012     0   1740   1577      0      3   0.992   0.227   0.052   1.635    31.630
   24   5.5143e+06   5.5109e+06   5.5141e+06  16215   2011     0   1737   1419      2      3   1.043   0.240   0.057   1.694    33.324
   25   5.5143e+06   5.5110e+06   5.5139e+06  16170   2007     0   1735   1780      1      5   1.087   0.240   0.053   1.755    35.079
   26   5.5143e+06   5.5115e+06   5.5137e+06  16422   2007     0   1727   1475      2      2   1.147   0.234   0.059   1.866    36.945
   27   5.5143e+06   5.5117e+06   5.5136e+06  16320   2008     0   1727   1829      1      0   1.223   0.245   0.062   1.922    38.867
   28   5.5143e+06   5.5118e+06   5.5135e+06  16363   2008     0   1710   1667      1      1   1.095   0.243   0.055   1.761    40.629
   29   5.5143e+06   5.5120e+06   5.5134e+06  16309   2010     0   1708   1762      2      0   1.073   0.236   0.054   1.700    42.329
   30   5.5143e+06   5.5120e+06   5.5133e+06  16697   2010     0   1711   1323      1      1   1.047   0.240   0.056   1.704    44.033
   31   5.5133e+06   5.5121e+06   5.5133e+06  16994   2009     0   1700   1403      0      1   1.118   0.234   0.055   1.762    45.795
   32   5.5133e+06   5.5122e+06   5.5133e+06  17280   2005     0   1674   1388      0      4   1.126   0.228   0.054   1.790    47.585
   33   5.5133e+06   5.5122e+06   5.5132e+06  17711   2006     0   1673   1242      2      1   1.122   0.232   0.056   1.793    49.378
   34   5.5133e+06   5.5122e+06   5.5132e+06  17678   2003     0   1657   1690      1      4   1.133   0.234   0.060   1.813    51.192
   35   5.5133e+06   5.5123e+06   5.5132e+06  18195   2004     0   1634   1117      2      1   1.108   0.225   0.058   1.751    52.942
   36   5.5133e+06   5.5123e+06   5.5132e+06  18675   2005     0   1605   1125      1      0   1.202   0.235   0.058   1.852    54.794
   37   5.5132e+06   5.5123e+06   5.5132e+06  19346   2005     0   1540    869      0      0   1.266   0.230   0.060   1.927    56.722
   38   5.5132e+06   5.5123e+06   5.5132e+06  20171   2006     0   1477    652      1      0   1.258   0.234   0.063   1.957    58.679
   39   5.5132e+06   5.5123e+06   5.5132e+06  20790   2005     0   1434    815      0      1   1.293   0.224   0.068   1.984    60.663
   40   5.5132e+06   5.5124e+06   5.5132e+06  21255   2005     0   1405    940      0      0   1.383   0.237   0.070   2.068    62.731
   41   5.5132e+06   5.5124e+06   5.5132e+06  21747   2005     0   1343    851      1      1   1.399   0.229   0.071   2.110    64.842
   42   5.5132e+06   5.5124e+06   5.5132e+06  22314   2004     0   1228    661      0      1   1.472   0.234   0.075   2.170    67.012
   43   5.5132e+06   5.5124e+06   5.5132e+06  22979   2004     0   1117    452      0      0   1.439   0.235   0.076   2.134    69.146
   44   5.5132e+06   5.5124e+06   5.5132e+06  23766   2004     0   1012    225      0      0   1.485   0.238   0.074   2.185    71.331
   45   5.5132e+06   5.5124e+06   5.5132e+06  23871   2004     0    500    395      0      0   1.595   0.238   0.077   2.203    73.534
   46   5.5132e+06   5.5124e+06   5.5132e+06  24125   2004     0    309     55      1      1   1.598   0.237   0.077   2.228    75.762
   47   5.5132e+06   5.5124e+06   5.5132e+06  24131   2004     0     94     88      0      0   1.577   0.239   0.078   2.134    77.896
   48   5.5132e+06   5.5124e+06   5.5132e+06  24072   2003     0     11     70      0      1   1.572   0.243   0.070   2.131    80.027
   49   5.5132e+06   5.5124e+06   5.5132e+06  24046   2002     0      1     27      0      1   1.522   0.242   0.072   2.089    82.116
   50   5.5132e+06   5.5124e+06   5.5132e+06  23874   2002     0      2    174      0      0   1.530   0.243   0.059   2.070    84.187
   51   5.5132e+06   5.5124e+06   5.5132e+06  23874   2002     0      0      0      0      0   1.548   0.475   0.060   2.083    86.270
CG optimal after 51 iterations. UB=5513156.284561 LB=5512374.559594 gap=7.817e+02 tol=5.513e+02  t_LP=54.803  t_PR=13.646  t_SP=2.599  t_Tot=86.805
[bounded-pricing] enabled=0 cut=0 priced=100947 rate=0.0%

# === STDOUT (result CSV) ===
Setting parameter 'LpMethod' to 2
Setting parameter 'GPUMode' to 2
Setting parameter 'Presolve' to 0
Setting parameter 'Crossover' to 0
instance,formulation,iterations,columns,objective,lower_bound,optimal,time,time_lp,time_pricing,time_separation
data/transportation/ChicagoRegional_net.tntp.gz,tree,51,22103,5513156.284561,5512374.559594,1,87.332,54.803,13.646,2.599
