# cmd: /usr/bin/time -o /tmp/mcfcg_mem_5aqw2pg4.txt -f %M build/mcfcg_cli data/transportation/Barcelona_net.tntp.gz --solver copt --copt-gpu-mode 2 --formulation tree --max-iters 10000 --time-limit 1800.0
# outcome: ok
# returncode: 0
# peak_rss_kb: 482860
# peak_rss_source: measured
# === STDERR (CG iteration log + preamble) ===
TNTP: net=data/transportation/Barcelona_net.tntp.gz trips=data/transportation/Barcelona_trips.tntp.gz coef=5050.0
Instance: 1020 vertices, 2522 arcs, 7922 commodities, 97 sources
Solver: copt (gpu-mode 2), formulation: tree
Pricing threads: 32 (auto)
Slack mode: CommodityRows (struct=97, capped_arcs=2522)
[lp-config] backend=copt version=8.0.1 method=barrier exec=GPU presolve=off crossover=off tol=0.0001 threads=n/a(GPU)
   It           UB           LB       LP_obj   #col   #row  #slk   +col   -col   +cut   -cut    t_LP    t_PR    t_SP   t_Tot     t_acc
    1          inf   2.3750e+02   2.3756e+02    194    227     0      0      0    130      0   0.241   0.002   0.000   0.244     0.244
    2          inf   2.3750e+02   1.4151e+03    290    227    26     96      0      0      0   0.053   0.001   0.000   0.055     0.299
    3          inf   2.3750e+02   3.8452e+03    385    230    37     95      0      3      0   0.056   0.001   0.000   0.058     0.357
    4          inf   2.3750e+02   8.5308e+03    480    235    40     95      0      5      0   0.065   0.001   0.000   0.067     0.424
    5          inf   2.3750e+02   2.7493e+03    576    273    11     96      0     38      0   0.071   0.001   0.000   0.073     0.496
    6          inf   2.3750e+02   7.7570e+03    671    278    11     95      0      5      0   0.075   0.001   0.000   0.077     0.573
    7          inf   2.3750e+02   3.7874e+03    758    213     4     94      7      7     72   0.088   0.001   0.000   0.091     0.665
    8          inf   2.3750e+02   2.4832e+02    811    226     0     95     42     14      1   0.080   0.001   0.000   0.083     0.747
    9          inf   2.3854e+02   2.4684e+02    857    229     0     94     48      3      0   0.074   0.001   0.000   0.076     0.824
   10          inf   2.4061e+02   2.4619e+02    906    229     0     88     39      6      6   0.075   0.001   0.000   0.077     0.901
   11          inf   2.4164e+02   2.4525e+02    908    215     0     85     83      6     20   0.071   0.001   0.000   0.074     0.976
   12          inf   2.4164e+02   2.4473e+02    903    213     0     81     86      1      3   0.075   0.001   0.000   0.078     1.054
   13          inf   2.4203e+02   2.4432e+02    870    205     0     81    114      3     11   0.077   0.001   0.000   0.080     1.134
   14          inf   2.4232e+02   2.4413e+02    831    193     0     77    116      1     13   0.073   0.001   0.000   0.076     1.209
   15          inf   2.4298e+02   2.4395e+02    809    198     0     69     91      8      3   0.066   0.001   0.000   0.068     1.278
   16          inf   2.4298e+02   2.4383e+02    798    193     0     73     84      3      8   0.077   0.001   0.000   0.080     1.358
   17   2.4376e+02   2.4298e+02   2.4376e+02    776    191     0     66     88      0      2   0.077   0.001   0.000   0.079     1.437
   18   2.4376e+02   2.4298e+02   2.4370e+02    760    190     0     67     83      3      4   0.077   0.001   0.000   0.080     1.517
   19   2.4376e+02   2.4303e+02   2.4365e+02    723    193     0     46     83      4      1   0.078   0.001   0.000   0.081     1.597
   20   2.4362e+02   2.4330e+02   2.4362e+02    688    187     0     39     74      0      6   0.075   0.001   0.000   0.078     1.675
   21   2.4362e+02   2.4330e+02   2.4360e+02    671    183     0     40     57      1      5   0.069   0.001   0.000   0.071     1.746
   22   2.4358e+02   2.4332e+02   2.4358e+02    622    180     0     35     84      0      3   0.066   0.001   0.000   0.068     1.814
   23   2.4357e+02   2.4335e+02   2.4357e+02    589    180     0     27     60      0      0   0.068   0.001   0.000   0.071     1.885
   24   2.4357e+02   2.4335e+02   2.4355e+02    551    183     0     35     73      6      3   0.071   0.001   0.000   0.074     1.959
   25   2.4354e+02   2.4335e+02   2.4354e+02    536    183     0     33     48      0      0   0.069   0.001   0.000   0.071     2.030
   26   2.4354e+02   2.4338e+02   2.4354e+02    521    182     0     26     41      0      1   0.075   0.001   0.000   0.077     2.107
   27   2.4353e+02   2.4340e+02   2.4353e+02    502    181     0     18     37      0      1   0.074   0.001   0.000   0.076     2.183
   28   2.4353e+02   2.4341e+02   2.4353e+02    467    183     0     10     45      2      0   0.073   0.001   0.001   0.076     2.258
   29   2.4353e+02   2.4341e+02   2.4352e+02    449    187     0     14     32      4      0   0.069   0.001   0.000   0.072     2.330
   30   2.4352e+02   2.4341e+02   2.4352e+02    422    185     0     13     40      0      2   0.077   0.001   0.000   0.079     2.409
   31   2.4352e+02   2.4342e+02   2.4352e+02    402    185     0      7     27      0      0   0.073   0.001   0.000   0.075     2.484
   32   2.4352e+02   2.4342e+02   2.4352e+02    394    182     0     10     18      0      3   0.072   0.001   0.000   0.074     2.558
   33   2.4352e+02   2.4343e+02   2.4352e+02    378    182     0      2     18      0      0   0.069   0.001   0.000   0.071     2.629
   34   2.4352e+02   2.4344e+02   2.4352e+02    360    181     0      1     19      0      1   0.071   0.001   0.000   0.073     2.702
   35   2.4352e+02   2.4344e+02   2.4352e+02    345    179     0      3     18      0      2   0.067   0.001   0.000   0.069     2.771
   36   2.4352e+02   2.4344e+02   2.4352e+02    328    179     0      1     18      0      0   0.071   0.001   0.000   0.072     2.844
   37   2.4352e+02   2.4344e+02   2.4352e+02    328    179     0      0      0      0      0   0.068   0.002   0.000   0.070     2.914
CG optimal after 37 iterations. UB=243.516830 LB=243.436779 gap=8.005e-02 tol=2.435e-02  t_LP=2.824  t_PR=0.045  t_SP=0.011  t_Tot=2.918
[bounded-pricing] enabled=0 fired=0 priced=3880 rate=0.0%

# === STDOUT (result CSV) ===
Setting parameter 'LpMethod' to 2
Setting parameter 'GPUMode' to 2
Setting parameter 'Presolve' to 0
Setting parameter 'Crossover' to 0
instance,formulation,iterations,columns,objective,lower_bound,optimal,time,time_lp,time_pricing,time_separation
data/transportation/Barcelona_net.tntp.gz,tree,37,231,243.516830,243.436779,1,2.932,2.824,0.045,0.011
