# cmd: /usr/bin/time -o /tmp/mcfcg_mem_ksofg_2z.txt -f %M build/mcfcg_cli data/transportation/Winnipeg_net.tntp.gz --solver copt --copt-gpu-mode 2 --formulation tree --max-iters 10000 --time-limit 1800.0
# outcome: ok
# returncode: 0
# peak_rss_kb: 506036
# peak_rss_source: measured
# === STDERR (CG iteration log + preamble) ===
TNTP: net=data/transportation/Winnipeg_net.tntp.gz trips=data/transportation/Winnipeg_trips.tntp.gz coef=2000.0
Instance: 1052 vertices, 2836 arcs, 4345 commodities, 135 sources
Solver: copt (gpu-mode 2), formulation: tree
Pricing threads: 32 (auto)
Slack mode: CommodityRows (struct=135, capped_arcs=2836)
[lp-config] backend=copt version=8.0.1 method=barrier exec=GPU presolve=off crossover=off tol=0.0001 threads=n/a(GPU)
   It           UB           LB       LP_obj   #col   #row  #slk   +col   -col   +cut   -cut    t_LP    t_PR    t_SP   t_Tot     t_acc
    1          inf   3.9643e+02   3.7371e+02    270    270     6      0      0    135      0   0.348   0.003   0.000   0.351     0.351
    2          inf   3.9643e+02   6.0255e+02    386    278    42    116      0      8      0   0.193   0.001   0.000   0.195     0.546
    3          inf   3.9643e+02   1.5701e+03    507    280    49    121      0      2      0   0.182   0.001   0.000   0.184     0.730
    4          inf   3.9643e+02   1.5336e+03    627    325    32    120      0     45      0   0.190   0.001   0.000   0.192     0.923
    5          inf   3.9643e+02   2.7161e+03    751    331    29    124      0      6      0   0.191   0.001   0.000   0.194     1.116
    6          inf   3.9643e+02   1.5587e+03    875    360    16    124      0     29      0   0.211   0.001   0.000   0.213     1.330
    7          inf   3.9643e+02   3.1884e+03    999    301    20    132      8      8     67   0.220   0.001   0.000   0.224     1.554
    8          inf   3.9643e+02   6.3601e+02   1079    330     2    126     46     40     11   0.225   0.001   0.000   0.228     1.782
    9          inf   3.9643e+02   1.8570e+03   1133    338     3    128     74      9      1   0.219   0.001   0.000   0.223     2.005
   10          inf   3.9643e+02   4.5033e+02   1182    320     0    121     72      9     27   0.245   0.001   0.001   0.248     2.253
   11          inf   3.9643e+02   4.4395e+02   1220    318     0    123     85      6      8   0.238   0.001   0.001   0.242     2.495
   12          inf   4.0376e+02   4.3698e+02   1243    306     0    122     99      3     15   0.237   0.002   0.000   0.242     2.737
   13          inf   4.0376e+02   4.3211e+02   1276    309     0    118     85      5      2   0.229   0.001   0.001   0.233     2.969
   14          inf   4.0846e+02   4.2984e+02   1242    282     0    116    150      3     30   0.228   0.001   0.000   0.232     3.201
   15          inf   4.0846e+02   4.2838e+02   1173    270     0    120    189      4     16   0.223   0.001   0.001   0.227     3.428
   16          inf   4.0961e+02   4.2671e+02   1141    260     0    113    145      1     11   0.207   0.001   0.001   0.212     3.639
   17          inf   4.1662e+02   4.2498e+02   1142    249     0    109    108      3     14   0.208   0.001   0.001   0.211     3.850
   18          inf   4.1662e+02   4.2331e+02   1133    248     0    111    120      4      5   0.202   0.001   0.000   0.205     4.055
   19          inf   4.1662e+02   4.2262e+02   1136    247     0    118    115      2      3   0.195   0.001   0.001   0.198     4.254
   20   4.2172e+02   4.1843e+02   4.2172e+02   1137    247     0     97     96      0      0   0.211   0.001   0.000   0.214     4.468
   21   4.2172e+02   4.1856e+02   4.2132e+02   1087    247     0    100    150      1      1   0.207   0.001   0.001   0.211     4.678
   22   4.2172e+02   4.1919e+02   4.2084e+02   1043    243     0     82    126      1      5   0.205   0.001   0.000   0.208     4.887
   23   4.2172e+02   4.1919e+02   4.2056e+02   1035    241     0     87     95      2      4   0.196   0.001   0.000   0.200     5.086
   24   4.2051e+02   4.1950e+02   4.2051e+02   1007    238     0     75    103      0      3   0.195   0.001   0.000   0.199     5.285
   25   4.2051e+02   4.1976e+02   4.2036e+02    934    237     0     58    131      1      2   0.202   0.001   0.000   0.206     5.491
   26   4.2051e+02   4.1992e+02   4.2029e+02    888    240     0     44     90      3      0   0.198   0.001   0.000   0.201     5.692
   27   4.2025e+02   4.1992e+02   4.2025e+02    839    239     0     53    102      0      1   0.198   0.002   0.000   0.202     5.893
   28   4.2021e+02   4.1996e+02   4.2021e+02    793    238     0     38     84      0      1   0.211   0.001   0.000   0.214     6.107
   29   4.2019e+02   4.2002e+02   4.2019e+02    743    238     0     25     75      0      0   0.203   0.001   0.000   0.206     6.313
   30   4.2018e+02   4.2005e+02   4.2018e+02    683    236     0     11     71      0      2   0.205   0.001   0.000   0.208     6.521
   31   4.2017e+02   4.2005e+02   4.2017e+02    665    236     0     43     61      0      0   0.202   0.002   0.000   0.206     6.726
   32   4.2017e+02   4.2007e+02   4.2017e+02    616    236     0      4     53      0      0   0.204   0.001   0.000   0.207     6.933
   33   4.2017e+02   4.2007e+02   4.2017e+02    577    233     0      5     44      0      3   0.216   0.001   0.000   0.219     7.152
   34   4.2017e+02   4.2007e+02   4.2017e+02    549    233     0      3     31      0      0   0.213   0.002   0.000   0.216     7.369
   35   4.2017e+02   4.2007e+02   4.2017e+02    524    233     0      3     28      0      0   0.228   0.001   0.000   0.231     7.599
   36   4.2017e+02   4.2008e+02   4.2017e+02    524    233     0      0      0      0      0   0.217   0.003   0.000   0.220     7.820
CG optimal after 36 iterations. UB=420.168069 LB=420.077562 gap=9.051e-02 tol=4.202e-02  t_LP=7.705  t_PR=0.056  t_SP=0.016  t_Tot=7.826
[bounded-pricing] enabled=0 cut=0 priced=5265 rate=0.0%

# === STDOUT (result CSV) ===
Setting parameter 'LpMethod' to 2
Setting parameter 'GPUMode' to 2
Setting parameter 'Presolve' to 0
Setting parameter 'Crossover' to 0
instance,formulation,iterations,columns,objective,lower_bound,optimal,time,time_lp,time_pricing,time_separation
data/transportation/Winnipeg_net.tntp.gz,tree,36,389,420.168069,420.077562,1,7.850,7.705,0.056,0.016
