# cmd: /usr/bin/time -o /tmp/mcfcg_mem_xm_7tw1f.txt -f %M build/mcfcg_cli data/intermodal/BUS-23688-0.txt.gz --solver copt --copt-gpu-mode 0 --formulation tree --max-iters 10000 --strategy pricer-heavy --time-limit 1800.0
# outcome: ok
# returncode: 0
# peak_rss_kb: 811724
# peak_rss_source: measured
# === STDERR (CG iteration log + preamble) ===
Instance: 161993 vertices, 1653437 arcs, 23643 commodities, 23643 sources
Solver: copt (gpu-mode 0), formulation: tree
Pricing threads: 32 (auto)
Slack mode: CommodityRows (struct=23643, capped_arcs=1466539)
[lp-config] backend=copt version=8.0.1 method=barrier exec=CPU presolve=off crossover=off tol=0.0001 threads=auto(32)
   It           UB           LB       LP_obj   #col   #row  #slk   +col   -col   +cut   -cut    t_LP    t_PR    t_SP   t_Tot     t_acc
    1          inf         -inf   6.0693e+05  47286  23709  1421      0      0     66      0   0.086   0.000   0.130   0.217     0.217
    2          inf         -inf   6.1290e+05  48445  23709  1888   1159      0      0      0   0.022   0.255   0.124   0.403     0.620
    3          inf         -inf   6.2762e+05  48445  23756   198      0      0     47      0   0.028   0.000   0.127   0.156     0.776
    4          inf         -inf   6.2951e+05  48445  23758   352      0      0      2      0   0.034   0.000   0.122   0.157     0.933
    5          inf         -inf   6.2953e+05  48551  23758   356    106      0      0      0   0.034   0.058   0.124   0.217     1.150
    6          inf   4.6895e+05   6.5964e+05  50161  23758   348   1610      0      0      0   0.035   1.311   0.120   1.468     2.619
    7          inf   4.6895e+05   6.2479e+05  50161  23801     3      0      0     43      0   0.043   0.000   0.123   0.167     2.786
    8          inf   4.6895e+05   6.2516e+05  50161  23808    22      0      0      7      0   0.053   0.000   0.121   0.175     2.961
    9          inf   4.6895e+05   6.2520e+05  50413  23765    25    252      0      0     43   0.053   0.085   0.119   0.259     3.220
   10          inf   4.6895e+05   6.2523e+05  50413  23768     7      0      0      3      0   0.049   0.000   0.117   0.167     3.386
   11          inf   6.2278e+05   6.2523e+05  50974  23765     8    561      0      0      3   0.050   1.304   0.116   1.472     4.858
   12          inf   6.2278e+05   6.2489e+05  50974  23767     0      0      0      2      0   0.050   0.000   0.117   0.169     5.027
   13   6.2489e+05   6.2483e+05   6.2489e+05  50974  23767     0    *24      0      0      0   0.048   1.288   0.119   1.455     6.482
CG optimal after 13 iterations. UB=624891.002130 LB=624830.570363 gap=6.043e+01 tol=6.249e+01  t_LP=0.585  t_PR=5.532  t_SP=1.579  t_Tot=7.715
[bounded-pricing] enabled=0 cut=0 priced=97029 rate=0.0%

# === STDOUT (result CSV) ===
Setting parameter 'LpMethod' to 2
Setting parameter 'GPUMode' to 0
Setting parameter 'Presolve' to 0
Setting parameter 'Crossover' to 0
instance,formulation,iterations,columns,objective,lower_bound,optimal,time,time_lp,time_pricing,time_separation
data/intermodal/BUS-23688-0.txt.gz,tree,13,27331,624891.002130,624830.570363,1,8.136,0.585,5.532,1.579
