# cmd: /usr/bin/time -o /tmp/mcfcg_mem_o3w5a7np.txt -f %M build/mcfcg_cli data/intermodal/BUS-7896-0.txt.gz --solver copt --copt-gpu-mode 0 --formulation tree --max-iters 10000 --strategy pricer-heavy --time-limit 1800.0
# outcome: ok
# returncode: 0
# peak_rss_kb: 625436
# peak_rss_source: measured
# === STDERR (CG iteration log + preamble) ===
Instance: 130395 vertices, 710935 arcs, 7883 commodities, 7883 sources
Solver: copt (gpu-mode 0), formulation: tree
Pricing threads: 32 (auto)
Slack mode: CommodityRows (struct=7883, capped_arcs=524037)
[lp-config] backend=copt version=8.0.1 method=barrier exec=CPU presolve=off crossover=off tol=0.0001 threads=auto(32)
   It           UB           LB       LP_obj   #col   #row  #slk   +col   -col   +cut   -cut    t_LP    t_PR    t_SP   t_Tot     t_acc
    1          inf         -inf   2.0473e+05  15766   7960   475      0      0     77      0   0.030   0.000   0.051   0.081     0.081
    2          inf         -inf   2.0647e+05  16206   7960   631    440      0      0      0   0.011   0.055   0.051   0.118     0.199
    3          inf         -inf   2.1121e+05  16206   8031    48      0      0     71      0   0.014   0.000   0.050   0.064     0.263
    4          inf         -inf   2.1215e+05  16206   8035   112      0      0      4      0   0.016   0.000   0.049   0.065     0.328
    5          inf         -inf   2.1217e+05  16264   8035   112     58      0      0      0   0.016   0.024   0.049   0.089     0.417
    6          inf   1.5296e+05   2.2155e+05  16789   8035   111    525      0      0      0   0.016   0.210   0.050   0.276     0.694
    7          inf   1.5296e+05   2.1073e+05  16789   8054     2      0      0     19      0   0.019   0.000   0.049   0.069     0.762
    8          inf   1.5296e+05   2.1082e+05  16789   8055     4      0      0      1      0   0.024   0.000   0.049   0.073     0.836
    9          inf   1.5296e+05   2.1082e+05  16791   8004     4      2      0      0     51   0.024   0.022   0.050   0.096     0.932
   10          inf   1.5296e+05   2.1130e+05  16791   8005     4      0      0      1      0   0.017   0.000   0.049   0.067     0.999
   11          inf   2.0043e+05   2.1130e+05  16987   7995     4    196      0      0     10   0.017   0.234   0.049   0.302     1.300
   12          inf   2.0043e+05   2.1061e+05  16987   7999     0      0      0      4      0   0.019   0.000   0.050   0.069     1.370
   13   2.1061e+05   2.0043e+05   2.1061e+05  17008   7970     0     21      0      0     29   0.018   0.024   0.049   0.092     1.462
   14   2.1061e+05   2.0043e+05   2.1060e+05  17008   7971     0      0      0      1      0   0.017   0.000   0.049   0.067     1.528
   15   2.1060e+05   2.1056e+05   2.1060e+05  17051   7971     0     43      0      0      0   0.016   0.224   0.049   0.290     1.818
   16   2.1059e+05   2.1058e+05   2.1059e+05  17051   7971     0     *8      0      0      0   0.017   0.203   0.049   0.270     2.089
CG optimal after 16 iterations. UB=210593.501491 LB=210575.695613 gap=1.781e+01 tol=2.106e+01  t_LP=0.290  t_PR=1.225  t_SP=0.794  t_Tot=2.318
[bounded-pricing] enabled=0 fired=0 priced=40322 rate=0.0%

# === STDOUT (result CSV) ===
Setting parameter 'LpMethod' to 2
Setting parameter 'GPUMode' to 0
Setting parameter 'Presolve' to 0
Setting parameter 'Crossover' to 0
instance,formulation,iterations,columns,objective,lower_bound,optimal,time,time_lp,time_pricing,time_separation
data/intermodal/BUS-7896-0.txt.gz,tree,16,9168,210593.501491,210575.695613,1,2.515,0.290,1.225,0.794
