# cmd: /usr/bin/time -o /tmp/mcfcg_mem_d3zoub6s.txt -f %M build/mcfcg_cli data/intermodal/BUS-13160-0.txt.gz --solver copt --copt-gpu-mode 0 --formulation tree --max-iters 10000 --strategy pricer-heavy --time-limit 1800.0
# outcome: ok
# returncode: 0
# peak_rss_kb: 770088
# peak_rss_source: measured
# === STDERR (CG iteration log + preamble) ===
Instance: 140925 vertices, 1023858 arcs, 13135 commodities, 13135 sources
Solver: copt (gpu-mode 0), formulation: tree
Pricing threads: 32 (auto)
Slack mode: CommodityRows (struct=13135, capped_arcs=836960)
[lp-config] backend=copt version=8.0.1 method=barrier exec=CPU presolve=off crossover=off tol=0.0001 threads=auto(32)
   It           UB           LB       LP_obj   #col   #row  #slk   +col   -col   +cut   -cut    t_LP    t_PR    t_SP   t_Tot     t_acc
    1          inf         -inf   3.3868e+05  26270  13208   783      0      0     73      0   0.047   0.000   0.072   0.120     0.120
    2          inf         -inf   3.4174e+05  26924  13208  1041    654      0      0      0   0.016   0.097   0.072   0.186     0.306
    3          inf         -inf   3.4913e+05  26924  13259    71      0      0     51      0   0.017   0.000   0.073   0.091     0.397
    4          inf         -inf   3.5030e+05  27323  13259   146    399      0      0      0   0.021   0.072   0.070   0.164     0.561
    5          inf         -inf   3.5341e+05  27323  13269    81      0      0     10      0   0.022   0.000   0.070   0.093     0.654
    6          inf         -inf   3.5346e+05  27504  13269    82    181      0      0      0   0.024   0.057   0.069   0.150     0.804
    7          inf         -inf   3.6270e+05  27504  13271    45      0      0      2      0   0.024   0.000   0.069   0.094     0.898
    8          inf         -inf   3.6273e+05  27504  13273    47      0      0      2      0   0.025   0.000   0.070   0.095     0.994
    9          inf         -inf   3.6273e+05  27537  13212    50     33      0      0     61   0.028   0.036   0.070   0.135     1.129
   10          inf         -inf   3.6850e+05  27537  13220    65      0      0      8      0   0.021   0.000   0.071   0.092     1.221
   11          inf         -inf   3.6856e+05  27636  13205    68     99      0      0     15   0.022   0.043   0.070   0.136     1.358
   12          inf         -inf   3.5382e+05  27636  13213    26      0      0      8      0   0.021   0.000   0.071   0.093     1.450
   13          inf         -inf   3.5382e+05  27712  13210    29     76      0      0      3   0.022   0.041   0.070   0.135     1.585
   14          inf         -inf   3.5152e+05  27712  13218    20      0      0      8      0   0.022   0.000   0.071   0.094     1.679
   15          inf         -inf   3.5154e+05  27801  13209    24     89      0      0      9   0.023   0.045   0.072   0.141     1.820
   16          inf         -inf   3.5198e+05  27801  13211    12      0      0      2      0   0.024   0.000   0.071   0.096     1.916
   17          inf         -inf   3.5198e+05  27847  13202    12     46      0      0      9   0.022   0.037   0.069   0.129     2.045
   18          inf         -inf   3.5153e+05  27847  13211    10      0      0      9      0   0.022   0.000   0.070   0.092     2.137
   19          inf         -inf   3.5153e+05  27866  13202    10     19      0      0      9   0.022   0.034   0.069   0.127     2.264
   20          inf         -inf   3.5252e+05  27866  13204     9      0      0      2      0   0.022   0.000   0.070   0.092     2.356
   21          inf   3.0461e+05   3.5252e+05  28154  13200     9    288      0      0      4   0.022   0.478   0.071   0.572     2.928
   22          inf   3.0461e+05   3.4834e+05  28154  13225     0      0      0     25      0   0.023   0.000   0.070   0.093     3.021
   23          inf   3.0461e+05   3.4839e+05  28194  13223     1     40      0      0      2   0.025   0.055   0.069   0.149     3.171
   24   3.4837e+05   3.4833e+05   3.4837e+05  28224  13222     0     30      0      0      1   0.023   0.429   0.069   0.522     3.693
   25   3.4837e+05   3.4833e+05   3.4836e+05  28224  13224     0      0      0      2      0   0.023   0.000   0.070   0.094     3.787
   26   3.4836e+05   3.4834e+05   3.4836e+05  28224  13224     0     *2      0      0      0   0.024   0.459   0.070   0.553     4.340
CG optimal after 26 iterations. UB=348361.500163 LB=348336.742138 gap=2.476e+01 tol=3.484e+01  t_LP=0.610  t_PR=2.349  t_SP=1.830  t_Tot=4.809
[bounded-pricing] enabled=0 fired=0 priced=55542 rate=0.0%

# === STDOUT (result CSV) ===
Setting parameter 'LpMethod' to 2
Setting parameter 'GPUMode' to 0
Setting parameter 'Presolve' to 0
Setting parameter 'Crossover' to 0
instance,formulation,iterations,columns,objective,lower_bound,optimal,time,time_lp,time_pricing,time_separation
data/intermodal/BUS-13160-0.txt.gz,tree,26,15089,348361.500163,348336.742138,1,5.073,0.610,2.349,1.830
