# cmd: /usr/bin/time -o /tmp/mcfcg_mem_kswnjaem.txt -f %M build/mcfcg_cli data/intermodal/SBT-56295-0.txt.gz --solver copt --copt-gpu-mode 0 --formulation tree --max-iters 10000 --strategy pricer-heavy --time-limit 1800.0
# outcome: ok
# returncode: 0
# peak_rss_kb: 2010816
# peak_rss_source: measured
# === STDERR (CG iteration log + preamble) ===
Instance: 263559 vertices, 4725174 arcs, 56269 commodities, 56269 sources
Solver: copt (gpu-mode 0), formulation: tree
Pricing threads: 32 (auto)
Slack mode: CommodityRows (struct=56269, capped_arcs=4478154)
[lp-config] backend=copt version=8.0.1 method=barrier exec=CPU presolve=off crossover=off tol=0.0001 threads=auto(32)
   It           UB           LB       LP_obj   #col   #row  #slk   +col   -col   +cut   -cut    t_LP    t_PR    t_SP   t_Tot     t_acc
    1          inf         -inf   1.4398e+06 112538  56332   974      0      0     63      0   0.200   0.000   0.362   0.565     0.565
    2          inf         -inf   1.4541e+06 114364  56332  1658   1826      0      0      0   0.034   0.922   0.353   1.312     1.877
    3          inf         -inf   1.4482e+06 114364  56350     7      0      0     18      0   0.038   0.000   0.342   0.382     2.259
    4          inf         -inf   1.4484e+06 114364  56352    42      0      0      2      0   0.041   0.000   0.344   0.387     2.646
    5          inf         -inf   1.4484e+06 114416  56352    42     52      0      0      0   0.045   0.155   0.348   0.548     3.195
    6          inf   1.4445e+06   1.4488e+06 114986  56352    45    570      0      0      0   0.042  15.644   0.345  16.034    19.228
    7          inf   1.4445e+06   1.4479e+06 114986  56353     0      0      0      1      0   0.046   0.000   0.349   0.398    19.627
    8   1.4479e+06   1.4445e+06   1.4479e+06 115019  56312     0     33      0      0     41   0.045   0.154   0.349   0.552    20.178
    9   1.4479e+06   1.4445e+06   1.4479e+06 115019  56320     0      0      0      8      0   0.045   0.000   0.351   0.398    20.576
   10   1.4479e+06   1.4477e+06   1.4479e+06 115019  56320     0    *30      0      0      0   0.043  16.142   0.354  16.540    37.116
CG optimal after 10 iterations. UB=1447869.000000 LB=1447747.204200 gap=1.218e+02 tol=1.448e+02  t_LP=0.580  t_PR=48.709  t_SP=3.497  t_Tot=52.811
[bounded-pricing] enabled=0 cut=0 priced=171350 rate=0.0%

# === STDOUT (result CSV) ===
Setting parameter 'LpMethod' to 2
Setting parameter 'GPUMode' to 0
Setting parameter 'Presolve' to 0
Setting parameter 'Crossover' to 0
instance,formulation,iterations,columns,objective,lower_bound,optimal,time,time_lp,time_pricing,time_separation
data/intermodal/SBT-56295-0.txt.gz,tree,10,58750,1447869.000000,1447747.204200,1,53.892,0.580,48.709,3.497
