# cmd: /usr/bin/time -o /tmp/mcfcg_mem_r474lrsr.txt -f %M build/mcfcg_cli data/transportation/Sydney_net.tntp.gz --solver copt --copt-gpu-mode 2 --formulation tree --max-iters 10000 --time-limit 1800.0
# outcome: ok
# returncode: 0
# peak_rss_kb: 9862968
# peak_rss_source: measured
# === STDERR (CG iteration log + preamble) ===
TNTP: net=data/transportation/Sydney_net.tntp.gz trips=data/transportation/Sydney_trips.tntp.gz coef=1.9
Instance: 33113 vertices, 75379 arcs, 3343560 commodities, 3257 sources
Solver: copt (gpu-mode 2), formulation: tree
Pricing threads: 32 (auto)
Slack mode: CommodityRows (struct=3257, capped_arcs=75379)
[lp-config] backend=copt version=8.0.1 method=barrier exec=GPU presolve=off crossover=off tol=0.0001 threads=n/a(GPU)
   It           UB           LB       LP_obj   #col   #row  #slk   +col   -col   +cut   -cut    t_LP    t_PR    t_SP   t_Tot     t_acc
    1          inf   4.9542e+06   1.5043e+05   6514   3257  3042      0      0      0      0   0.381   1.725   0.006   2.112     2.112
    2          inf   4.9542e+06   1.2093e+06   6514   3257  2028      0      0      0      0   0.169   1.725   0.011   1.906     4.018
    3          inf   4.9542e+06   4.6463e+06   6514   3477    91      0      0    220      0   0.179   1.737   0.025   1.942     5.960
    4          inf   4.9542e+06   5.5261e+06   9757   3482   706   3243      0      5      0   0.570   0.869   0.020   2.265     8.226
    5          inf   4.9542e+06   5.8426e+06  13011   3497   735   3254      0     15      0   0.751   0.930   0.038   2.576    10.802
    6          inf   4.9542e+06   5.8386e+06  16263   3552   223   3252      0     55      0   0.937   0.901   0.061   2.762    13.564
    7          inf   4.9542e+06   5.2367e+06  19511   3610    19   3248      0     58      0   1.593   0.934   0.080   3.466    17.030
    8          inf   4.9542e+06   4.9884e+06  22755   3618     0   3244      0      8      0   2.337   0.941   0.099   4.368    21.398
    9          inf   4.9585e+06   4.9804e+06  25875   3514     0   3243    123      1    105   2.495   0.952   0.078   4.722    26.120
   10          inf   4.9615e+06   4.9735e+06  27636   3516     0   3205   1444      3      1   1.542   0.938   0.121   3.673    29.794
   11          inf   4.9645e+06   4.9713e+06  28863   3510     0   3215   1988      3      9   1.713   0.937   0.136   3.879    33.672
   12          inf   4.9654e+06   4.9700e+06  28613   3471     0   3172   3422      1     40   1.594   0.940   0.147   3.660    37.332
   13          inf   4.9654e+06   4.9692e+06  27905   3422     0   3114   3822      2     51   1.345   0.921   0.145   3.366    40.698
   14   4.9689e+06   4.9661e+06   4.9689e+06  26625   3404     0   3031   4311      0     18   1.064   0.931   0.143   3.090    43.789
   15   4.9685e+06   4.9662e+06   4.9685e+06  26128   3397     0   2847   3344      0      7   0.942   0.910   0.136   2.929    46.718
   16   4.9685e+06   4.9663e+06   4.9683e+06  26091   3397     0   2890   2927      2      2   0.929   0.967   0.139   3.047    49.764
   17   4.9683e+06   4.9664e+06   4.9683e+06  25847   3391     0   2299   2543      0      6   0.901   0.966   0.131   2.891    52.655
   18   4.9682e+06   4.9664e+06   4.9682e+06  24789   3391     0   2060   3118      0      0   0.852   0.924   0.129   2.679    55.334
   19   4.9682e+06   4.9664e+06   4.9682e+06  23278   3391     0   1646   3157      0      0   0.856   0.923   0.129   2.637    57.972
   20   4.9682e+06   4.9665e+06   4.9682e+06  21363   3389     0    847   2762      0      2   0.869   0.943   0.119   2.490    60.461
   21   4.9682e+06   4.9665e+06   4.9682e+06  19590   3389     0    383   2156      0      0   0.792   0.948   0.113   2.285    62.747
   22   4.9682e+06   4.9665e+06   4.9682e+06  17868   3388     0     45   1767      0      1   0.783   0.944   0.101   2.174    64.920
   23   4.9682e+06   4.9665e+06   4.9682e+06  16635   3388     0    131   1364      0      0   0.705   0.982   0.091   2.067    66.988
   24   4.9682e+06   4.9665e+06   4.9682e+06  15904   3385     0      3    734      0      3   0.676   0.987   0.080   1.967    68.955
   25   4.9682e+06   4.9665e+06   4.9682e+06  15904   3385     0      0      0      0      0   0.665   1.976   0.075   2.717    71.671
CG optimal after 25 iterations. UB=4968208.845097 LB=4966458.608894 gap=1.750e+03 tol=4.968e+02  t_LP=25.642  t_PR=28.521  t_SP=2.354  t_Tot=73.340
[pricing-cutoff] enabled=0 cut=0 priced=97710 rate=0.0%

# === STDOUT (result CSV) ===
Setting parameter 'LpMethod' to 2
Setting parameter 'GPUMode' to 2
Setting parameter 'Presolve' to 0
Setting parameter 'Crossover' to 0
instance,formulation,iterations,columns,objective,lower_bound,optimal,time,time_lp,time_pricing,time_separation
data/transportation/Sydney_net.tntp.gz,tree,25,12647,4968208.845097,4966458.608894,1,74.241,25.642,28.521,2.354
