# cmd: /usr/bin/time -o /tmp/mcfcg_mem_p6j2j0og.txt -f %M build/mcfcg_cli data/transportation/BerlinCenter_net.tntp.gz --solver copt --copt-gpu-mode 2 --formulation tree --max-iters 10000 --time-limit 1800.0
# outcome: ok
# returncode: 0
# peak_rss_kb: 753708
# peak_rss_source: measured
# === STDERR (CG iteration log + preamble) ===
TNTP: net=data/transportation/BerlinCenter_net.tntp.gz trips=data/transportation/BerlinCenter_trips.tntp.gz coef=0.5
Instance: 12981 vertices, 28376 arcs, 49688 commodities, 865 sources
Solver: copt (gpu-mode 2), formulation: tree
Pricing threads: 32 (auto)
Slack mode: CommodityRows (struct=865, capped_arcs=28376)
[lp-config] backend=copt version=8.0.1 method=barrier exec=GPU presolve=off crossover=off tol=0.0001 threads=n/a(GPU)
   It           UB           LB       LP_obj   #col   #row  #slk   +col   -col   +cut   -cut    t_LP    t_PR    t_SP   t_Tot     t_acc
    1          inf   2.6118e+07   2.6017e+05   1730    865   853      0      0      0      0   0.357   0.081   0.002   0.441     0.441
    2          inf   2.6118e+07   2.4448e+06   1730    865   754      0      0      0      0   0.169   0.072   0.002   0.243     0.684
    3          inf   2.6118e+07   1.5789e+07   1730    891   303      0      0     26      0   0.159   0.080   0.003   0.241     0.925
    4          inf   2.6118e+07   4.0348e+07   2184   1138   237    454      0    247      0   0.169   0.041   0.003   0.217     1.142
    5          inf   2.6118e+07   1.0208e+08   2896   1185   376    712      0     47      0   0.246   0.043   0.003   0.299     1.441
    6          inf   2.6118e+07   3.1195e+08   3608   1251   303    746     34     66      0   0.262   0.046   0.004   0.323     1.764
    7          inf   2.6118e+07   7.6867e+08   4349   1298   254    741      0     47      0   0.292   0.046   0.003   0.349     2.113
    8          inf   2.6118e+07   1.4776e+09   5090   1364   193    741      0     66      0   0.333   0.044   0.005   0.389     2.502
    9          inf   2.6118e+07   2.1259e+09   5783   1400   157    749     56     36      0   0.442   0.038   0.004   0.498     2.999
   10          inf   2.6118e+07   1.8066e+09   6251   1375    97    743    275     21     46   0.479   0.035   0.004   0.533     3.532
   11          inf   2.6118e+07   1.4181e+09   6600   1416    44    723    374     44      3   0.457   0.047   0.006   0.529     4.061
   12          inf   2.6118e+07   5.4515e+08   6838   1460     9    716    478     60     16   0.467   0.054   0.004   0.543     4.604
   13          inf   2.6118e+07   1.0503e+09   7062   1485    17    722    498     41     16   0.536   0.045   0.005   0.605     5.209
   14          inf   2.6118e+07   2.7299e+08   7131   1489     1    696    627     23     19   0.580   0.040   0.006   0.644     5.853
   15          inf   2.6603e+07   2.8165e+07   7152   1496     0    679    658     19     12   0.513   0.046   0.003   0.581     6.434
   16          inf   2.6957e+07   2.7995e+07   7090   1495     0    659    721      4      5   0.503   0.047   0.006   0.574     7.008
   17          inf   2.7078e+07   2.7848e+07   7128   1486     0    651    613     11     20   0.552   0.047   0.005   0.624     7.632
   18          inf   2.7147e+07   2.7769e+07   7007   1446     0    647    768      5     45   0.523   0.050   0.005   0.598     8.230
   19   2.7688e+07   2.7230e+07   2.7688e+07   6840   1414     0    627    794      0     32   0.503   0.041   0.006   0.566     8.796
   20   2.7688e+07   2.7377e+07   2.7638e+07   6559   1377     0    546    827      2     39   0.468   0.049   0.005   0.539     9.335
   21   2.7688e+07   2.7377e+07   2.7600e+07   6395   1363     0    527    691      3     17   0.427   0.044   0.006   0.492     9.827
   22   2.7688e+07   2.7438e+07   2.7572e+07   6335   1345     0    542    602      1     19   0.419   0.046   0.005   0.486    10.313
   23   2.7688e+07   2.7462e+07   2.7557e+07   6336   1342     0    502    501      3      6   0.425   0.049   0.006   0.496    10.809
   24   2.7688e+07   2.7479e+07   2.7549e+07   6253   1333     0    451    534      1     10   0.392   0.043   0.005   0.456    11.264
   25   2.7688e+07   2.7488e+07   2.7542e+07   6202   1335     0    427    478      7      5   0.415   0.043   0.005   0.478    11.742
   26   2.7688e+07   2.7512e+07   2.7538e+07   6183   1330     0    441    460      1      6   0.406   0.045   0.005   0.471    12.213
   27   2.7688e+07   2.7512e+07   2.7535e+07   6172   1326     0    411    422      4      8   0.415   0.047   0.006   0.482    12.695
   28   2.7688e+07   2.7512e+07   2.7533e+07   6086   1325     0    406    492      3      4   0.372   0.049   0.005   0.440    13.135
   29   2.7688e+07   2.7520e+07   2.7531e+07   6132   1327     0    401    355      5      3   0.411   0.048   0.005   0.478    13.613
   30   2.7531e+07   2.7525e+07   2.7531e+07   6170   1325     0    383    345      0      2   0.397   0.048   0.005   0.464    14.077
   31   2.7530e+07   2.7525e+07   2.7530e+07   6134   1320     0    312    348      0      5   0.366   0.047   0.005   0.431    14.508
   32   2.7529e+07   2.7527e+07   2.7529e+07   6134   1320     0   *324      0      0      0   0.383   0.051   0.005   0.439    14.948
CG optimal after 32 iterations. UB=27529397.330739 LB=27527263.126577 gap=2.134e+03 tol=2.753e+03  t_LP=12.840  t_PR=1.598  t_SP=0.147  t_Tot=14.995
[pricing-cutoff] enabled=0 cut=0 priced=31140 rate=0.0%

# === STDOUT (result CSV) ===
Setting parameter 'LpMethod' to 2
Setting parameter 'GPUMode' to 2
Setting parameter 'Presolve' to 0
Setting parameter 'Crossover' to 0
instance,formulation,iterations,columns,objective,lower_bound,optimal,time,time_lp,time_pricing,time_separation
data/transportation/BerlinCenter_net.tntp.gz,tree,32,5269,27529397.330739,27527263.126577,1,15.048,12.840,1.598,0.147
