# cmd: /usr/bin/time -o /tmp/mcfcg_mem_mrgru0w8.txt -f %M build/mcfcg_cli data/transportation/Barcelona_net.tntp.gz --solver copt --copt-gpu-mode 2 --formulation tree --max-iters 10000 --time-limit 1800.0
# outcome: ok
# returncode: 0
# peak_rss_kb: 507416
# peak_rss_source: measured
# === STDERR (CG iteration log + preamble) ===
TNTP: net=data/transportation/Barcelona_net.tntp.gz trips=data/transportation/Barcelona_trips.tntp.gz coef=5050.0
Instance: 1020 vertices, 2522 arcs, 7922 commodities, 97 sources
Solver: copt (gpu-mode 2), formulation: tree
Pricing threads: 32 (auto)
Slack mode: CommodityRows (struct=97, capped_arcs=2522)
[lp-config] backend=copt version=8.0.1 method=barrier exec=GPU presolve=off crossover=off tol=0.0001 threads=n/a(GPU)
   It           UB           LB       LP_obj   #col   #row  #slk   +col   -col   +cut   -cut    t_LP    t_PR    t_SP   t_Tot     t_acc
    1          inf   2.3750e+02   2.3756e+02    194    227     0      0      0    130      0   0.324   0.002   0.000   0.326     0.326
    2          inf   2.3750e+02   1.4151e+03    290    227    26     96      0      0      0   0.175   0.001   0.000   0.177     0.503
    3          inf   2.3750e+02   3.8452e+03    385    230    37     95      0      3      0   0.171   0.001   0.000   0.173     0.676
    4          inf   2.3750e+02   8.5308e+03    480    235    40     95      0      5      0   0.179   0.001   0.000   0.181     0.857
    5          inf   2.3750e+02   2.7493e+03    576    273    11     96      0     38      0   0.186   0.001   0.000   0.188     1.045
    6          inf   2.3750e+02   7.7570e+03    671    278    11     95      0      5      0   0.191   0.001   0.000   0.193     1.238
    7          inf   2.3750e+02   3.7874e+03    758    213     4     94      7      7     72   0.205   0.001   0.000   0.207     1.446
    8          inf   2.3750e+02   2.4832e+02    811    225     0     95     42     13      1   0.195   0.001   0.000   0.198     1.643
    9          inf   2.3932e+02   2.4682e+02    857    226     0     94     48      2      1   0.195   0.001   0.000   0.198     1.841
   10          inf   2.4092e+02   2.4598e+02    909    225     0     87     35      4      5   0.197   0.001   0.000   0.200     2.041
   11          inf   2.4163e+02   2.4519e+02    914    213     0     85     80      6     18   0.187   0.001   0.000   0.191     2.232
   12          inf   2.4198e+02   2.4476e+02    916    213     0     85     83      3      3   0.185   0.001   0.000   0.188     2.419
   13          inf   2.4198e+02   2.4444e+02    867    207     0     75    124      4     10   0.188   0.001   0.000   0.191     2.611
   14          inf   2.4248e+02   2.4424e+02    836    195     0     82    113      2     14   0.190   0.001   0.000   0.193     2.804
   15          inf   2.4266e+02   2.4408e+02    821    194     0     70     85      1      2   0.188   0.001   0.000   0.191     2.994
   16          inf   2.4266e+02   2.4395e+02    811    187     0     74     84      1      8   0.186   0.001   0.000   0.189     3.183
   17          inf   2.4304e+02   2.4381e+02    786    190     0     60     85      9      6   0.187   0.001   0.000   0.190     3.373
   18   2.4376e+02   2.4304e+02   2.4376e+02    776    186     0     66     76      0      4   0.189   0.001   0.000   0.192     3.566
   19   2.4376e+02   2.4322e+02   2.4368e+02    749    185     0     55     82      3      4   0.182   0.001   0.000   0.185     3.750
   20   2.4376e+02   2.4322e+02   2.4364e+02    733    185     0     55     71      1      1   0.186   0.001   0.000   0.189     3.939
   21   2.4376e+02   2.4322e+02   2.4360e+02    721    186     0     52     64      1      0   0.186   0.001   0.000   0.189     4.128
   22   2.4359e+02   2.4331e+02   2.4359e+02    677    186     0     41     85      0      0   0.193   0.001   0.000   0.196     4.325
   23   2.4356e+02   2.4336e+02   2.4356e+02    647    182     0     31     61      0      4   0.190   0.001   0.000   0.192     4.517
   24   2.4356e+02   2.4340e+02   2.4356e+02    604    180     0     23     66      0      2   0.187   0.001   0.000   0.190     4.706
   25   2.4354e+02   2.4340e+02   2.4354e+02    585    177     0     32     51      0      3   0.180   0.002   0.000   0.183     4.890
   26   2.4353e+02   2.4340e+02   2.4353e+02    568    177     0     27     44      0      0   0.191   0.001   0.000   0.193     5.083
   27   2.4353e+02   2.4341e+02   2.4353e+02    533    177     0     17     52      0      0   0.192   0.001   0.000   0.194     5.277
   28   2.4352e+02   2.4341e+02   2.4352e+02    484    174     0     12     61      0      3   0.188   0.001   0.000   0.190     5.467
   29   2.4352e+02   2.4341e+02   2.4352e+02    463    174     0      9     30      0      0   0.187   0.001   0.000   0.189     5.657
   30   2.4352e+02   2.4342e+02   2.4352e+02    436    174     0      7     34      0      0   0.191   0.002   0.000   0.194     5.851
   31   2.4352e+02   2.4343e+02   2.4352e+02    402    171     0      4     38      0      3   0.190   0.001   0.000   0.192     6.042
   32   2.4352e+02   2.4343e+02   2.4352e+02    371    171     0      3     34      0      0   0.184   0.001   0.000   0.187     6.229
   33   2.4352e+02   2.4344e+02   2.4352e+02    371    171     0      0      0      0      0   0.181   0.002   0.000   0.184     6.413
CG optimal after 33 iterations. UB=243.518536 LB=243.437125 gap=8.141e-02 tol=2.435e-02  t_LP=6.327  t_PR=0.043  t_SP=0.011  t_Tot=6.418
[pricing-cutoff] enabled=0 cut=0 priced=3492 rate=0.0%

# === STDOUT (result CSV) ===
Setting parameter 'LpMethod' to 2
Setting parameter 'GPUMode' to 2
Setting parameter 'Presolve' to 0
Setting parameter 'Crossover' to 0
instance,formulation,iterations,columns,objective,lower_bound,optimal,time,time_lp,time_pricing,time_separation
data/transportation/Barcelona_net.tntp.gz,tree,33,274,243.518536,243.437125,1,6.438,6.327,0.043,0.011
