# cmd: /usr/bin/time -o /tmp/mcfcg_mem_t21oqzdo.txt -f %M build/mcfcg_cli data/transportation/ChicagoRegional_net.tntp.gz --solver copt --copt-gpu-mode 2 --formulation tree --max-iters 10000 --time-limit 1800.0
# outcome: ok
# returncode: 0
# peak_rss_kb: 5844816
# peak_rss_source: measured
# === STDERR (CG iteration log + preamble) ===
TNTP: net=data/transportation/ChicagoRegional_net.tntp.gz trips=data/transportation/ChicagoRegional_trips.tntp.gz coef=4.1
Instance: 12982 vertices, 39018 arcs, 2297945 commodities, 1771 sources
Solver: copt (gpu-mode 2), formulation: tree
Pricing threads: 32 (auto)
Slack mode: CommodityRows (struct=1771, capped_arcs=39018)
[lp-config] backend=copt version=8.0.1 method=barrier exec=GPU presolve=off crossover=off tol=0.0001 threads=n/a(GPU)
   It           UB           LB       LP_obj   #col   #row  #slk   +col   -col   +cut   -cut    t_LP    t_PR    t_SP   t_Tot     t_acc
    1          inf   5.4984e+06   2.1129e+04   3542   1771  1757      0      0      0      0   0.392   0.435   0.003   0.830     0.830
    2          inf   5.4984e+06   2.0846e+05   3542   1771  1717      0      0      0      0   0.172   0.443   0.003   0.618     1.449
    3          inf   5.4984e+06   1.8320e+06   3542   1771  1324      0      0      0      0   0.161   0.452   0.005   0.618     2.067
    4          inf   5.4984e+06   5.3728e+06   3542   2014    24      0      0    243      0   0.161   0.470   0.011   0.642     2.709
    5          inf   5.4984e+06   7.6699e+06   5301   2025   567   1759      0     11      0   0.441   0.236   0.007   0.929     3.638
    6          inf   5.4984e+06   1.5972e+07   7060   2028   585   1759      0      3      0   0.609   0.232   0.014   1.103     4.741
    7          inf   5.4984e+06   2.7241e+07   8819   2033   513   1759      0      5      0   0.683   0.230   0.019   1.167     5.907
    8          inf   5.4984e+06   3.8959e+07  10579   2053   325   1760      0     20      0   0.791   0.223   0.026   1.279     7.187
    9          inf   5.4984e+06   5.0896e+07  12344   2062   313   1765      0      9      0   0.960   0.233   0.032   1.486     8.673
   10          inf   5.4984e+06   3.9714e+07  14021   2011   166   1762     85     28     79   1.063   0.233   0.042   1.686    10.359
   11          inf   5.4984e+06   6.7789e+06  14951   2055     2   1763    833     48      4   1.053   0.231   0.047   1.667    12.026
   12          inf   5.4984e+06   8.0070e+06  15593   2078    11   1761   1119     25      2   1.091   0.230   0.032   1.694    13.720
   13          inf   5.4984e+06   5.5328e+06  15878   2086     0   1761   1476     10      2   1.070   0.226   0.051   1.697    15.418
   14          inf   5.4984e+06   5.5272e+06  16307   2083     0   1756   1327      3      6   1.069   0.230   0.053   1.708    17.125
   15          inf   5.4984e+06   5.5231e+06  16758   2085     0   1756   1305      7      5   1.085   0.231   0.054   1.738    18.864
   16          inf   5.5006e+06   5.5204e+06  16884   2078     0   1756   1630      4     11   1.100   0.226   0.056   1.755    20.619
   17          inf   5.5042e+06   5.5188e+06  16555   2066     0   1756   2085      4     16   1.182   0.233   0.056   1.844    22.462
   18          inf   5.5042e+06   5.5175e+06  15534   2035     0   1753   2774      2     33   1.137   0.231   0.054   1.783    24.246
   19          inf   5.5082e+06   5.5163e+06  15270   2022     0   1750   2014      3     16   1.018   0.230   0.052   1.659    25.905
   20          inf   5.5095e+06   5.5156e+06  15304   2022     0   1748   1714      3      3   1.006   0.228   0.050   1.637    27.542
   21          inf   5.5095e+06   5.5151e+06  15439   2017     0   1747   1612      1      6   1.007   0.228   0.051   1.637    29.179
   22          inf   5.5098e+06   5.5145e+06  15734   2014     0   1744   1449      2      5   1.047   0.231   0.051   1.673    30.852
   23          inf   5.5106e+06   5.5142e+06  15874   2015     0   1737   1597      4      3   1.031   0.226   0.052   1.664    32.516
   24   5.5140e+06   5.5108e+06   5.5140e+06  16132   2013     0   1736   1478      0      2   1.095   0.223   0.055   1.732    34.247
   25   5.5140e+06   5.5112e+06   5.5138e+06  15980   2008     0   1735   1887      1      6   1.138   0.224   0.054   1.775    36.022
   26   5.5140e+06   5.5117e+06   5.5137e+06  16108   2007     0   1724   1596      2      3   1.073   0.232   0.053   1.707    37.729
   27   5.5140e+06   5.5117e+06   5.5135e+06  16269   2007     0   1724   1563      1      1   1.102   0.221   0.055   1.734    39.463
   28   5.5140e+06   5.5117e+06   5.5134e+06  16127   2007     0   1720   1862      3      3   1.095   0.227   0.052   1.725    41.188
   29   5.5134e+06   5.5117e+06   5.5134e+06  16656   2005     0   1721   1192      0      2   1.055   0.226   0.056   1.677    42.865
   30   5.5133e+06   5.5120e+06   5.5133e+06  16928   2005     0   1703   1431      0      0   1.085   0.224   0.054   1.706    44.571
   31   5.5133e+06   5.5120e+06   5.5133e+06  17193   2005     0   1699   1434      1      1   1.125   0.230   0.058   1.770    46.340
   32   5.5133e+06   5.5121e+06   5.5133e+06  17503   2006     0   1683   1373      1      0   1.143   0.235   0.056   1.782    48.122
   33   5.5132e+06   5.5122e+06   5.5132e+06  17865   2006     0   1658   1296      0      0   1.230   0.234   0.060   1.876    49.998
   34   5.5132e+06   5.5122e+06   5.5132e+06  18407   2006     0   1642   1100      1      1   1.196   0.237   0.058   1.862    51.860
   35   5.5132e+06   5.5123e+06   5.5132e+06  18538   2007     0   1589   1458      1      0   1.278   0.240   0.059   1.933    53.793
   36   5.5132e+06   5.5123e+06   5.5132e+06  18900   2006     0   1565   1203      0      1   1.289   0.232   0.060   1.971    55.764
   37   5.5132e+06   5.5123e+06   5.5132e+06  19366   2005     0   1540   1074      0      1   1.386   0.235   0.061   2.066    57.830
   38   5.5132e+06   5.5123e+06   5.5132e+06  19825   2005     0   1484   1025      0      0   1.397   0.235   0.062   2.069    59.898
   39   5.5132e+06   5.5123e+06   5.5132e+06  20434   2005     0   1528    919      0      0   1.369   0.229   0.063   2.035    61.933
   40   5.5132e+06   5.5124e+06   5.5132e+06  21306   2005     0   1378    506      2      2   1.393   0.234   0.066   2.094    64.027
   41   5.5132e+06   5.5124e+06   5.5132e+06  21818   2005     0   1258    746      0      0   1.490   0.238   0.068   2.161    66.188
   42   5.5132e+06   5.5124e+06   5.5132e+06  22485   2004     0   1043    376      0      1   1.516   0.228   0.070   2.193    68.381
   43   5.5132e+06   5.5124e+06   5.5132e+06  23105   2004     0   1068    448      0      0   1.512   0.239   0.073   2.174    70.556
   44   5.5132e+06   5.5124e+06   5.5132e+06  23462   2005     0    769    412      1      0   1.505   0.239   0.074   2.149    72.705
   45   5.5132e+06   5.5124e+06   5.5132e+06  23706   2005     0    612    368      0      0   1.595   0.230   0.078   2.196    74.901
   46   5.5132e+06   5.5124e+06   5.5132e+06  24031   2003     0    423     98      0      2   1.647   0.242   0.077   2.269    77.170
   47   5.5132e+06   5.5124e+06   5.5132e+06  24036   2003     0    225    220      0      0   1.632   0.240   0.073   2.206    79.376
   48   5.5132e+06   5.5124e+06   5.5132e+06  24023   2003     0     23     36      1      1   1.629   0.233   0.073   2.186    81.561
   49   5.5132e+06   5.5124e+06   5.5132e+06  24007   2002     0      5     21      0      1   1.624   0.235   0.072   2.170    83.731
   50   5.5132e+06   5.5124e+06   5.5132e+06  24007   2002     0      0      0      0      0   1.551   0.476   0.062   2.089    85.820
CG optimal after 50 iterations. UB=5513156.279144 LB=5512375.480200 gap=7.808e+02 tol=5.513e+02  t_LP=55.481  t_PR=13.208  t_SP=2.519  t_Tot=86.347
[pricing-cutoff] enabled=0 cut=0 priced=99176 rate=0.0%

# === STDOUT (result CSV) ===
Setting parameter 'LpMethod' to 2
Setting parameter 'GPUMode' to 2
Setting parameter 'Presolve' to 0
Setting parameter 'Crossover' to 0
instance,formulation,iterations,columns,objective,lower_bound,optimal,time,time_lp,time_pricing,time_separation
data/transportation/ChicagoRegional_net.tntp.gz,tree,50,22236,5513156.279144,5512375.480200,1,86.872,55.481,13.208,2.519
