# cmd: /usr/bin/time -o /tmp/mcfcg_mem_346fwgj6.txt -f %M build/mcfcg_cli data/transportation/Winnipeg_net.tntp.gz --solver copt --copt-gpu-mode 2 --formulation tree --max-iters 10000 --time-limit 1800.0
# outcome: ok
# returncode: 0
# peak_rss_kb: 514800
# peak_rss_source: measured
# === STDERR (CG iteration log + preamble) ===
TNTP: net=data/transportation/Winnipeg_net.tntp.gz trips=data/transportation/Winnipeg_trips.tntp.gz coef=2000.0
Instance: 1052 vertices, 2836 arcs, 4345 commodities, 135 sources
Solver: copt (gpu-mode 2), formulation: tree
Pricing threads: 32 (auto)
Slack mode: CommodityRows (struct=135, capped_arcs=2836)
[lp-config] backend=copt version=8.0.1 method=barrier exec=GPU presolve=off crossover=off tol=0.0001 threads=n/a(GPU)
   It           UB           LB       LP_obj   #col   #row  #slk   +col   -col   +cut   -cut    t_LP    t_PR    t_SP   t_Tot     t_acc
    1          inf   3.9643e+02   3.7371e+02    270    270     6      0      0    135      0   0.320   0.003   0.000   0.323     0.323
    2          inf   3.9643e+02   6.0255e+02    386    278    42    116      0      8      0   0.173   0.001   0.000   0.175     0.499
    3          inf   3.9643e+02   1.5701e+03    507    280    49    121      0      2      0   0.170   0.001   0.000   0.172     0.671
    4          inf   3.9643e+02   1.5336e+03    627    325    32    120      0     45      0   0.177   0.001   0.000   0.179     0.850
    5          inf   3.9643e+02   2.7161e+03    751    331    29    124      0      6      0   0.179   0.001   0.000   0.182     1.032
    6          inf   3.9643e+02   1.5587e+03    875    360    16    124      0     29      0   0.192   0.001   0.000   0.195     1.227
    7          inf   3.9643e+02   3.1884e+03    999    301    20    132      8      8     67   0.203   0.001   0.000   0.206     1.433
    8          inf   3.9643e+02   6.3601e+02   1079    333     2    126     46     43     11   0.209   0.002   0.000   0.212     1.645
    9          inf   3.9643e+02   1.8570e+03   1133    341     3    128     74      9      1   0.205   0.001   0.000   0.209     1.854
   10          inf   3.9643e+02   4.5033e+02   1182    323     0    121     72      9     27   0.228   0.001   0.000   0.232     2.086
   11          inf   3.9643e+02   4.4395e+02   1220    319     0    123     85      4      8   0.217   0.001   0.001   0.221     2.306
   12          inf   4.0361e+02   4.3688e+02   1243    307     0    123    100      3     15   0.214   0.001   0.001   0.218     2.524
   13          inf   4.0657e+02   4.3249e+02   1276    310     0    119     86      5      2   0.215   0.001   0.001   0.218     2.742
   14          inf   4.0657e+02   4.3004e+02   1245    285     0    118    149      6     31   0.212   0.001   0.000   0.216     2.958
   15          inf   4.0657e+02   4.2771e+02   1175    271     0    118    188      2     16   0.206   0.001   0.000   0.209     3.167
   16   4.2640e+02   4.1161e+02   4.2640e+02   1140    259     0    114    149      0     12   0.205   0.001   0.000   0.208     3.375
   17   4.2640e+02   4.1561e+02   4.2490e+02   1126    250     0     99    113      1     10   0.187   0.001   0.001   0.191     3.566
   18   4.2640e+02   4.1637e+02   4.2371e+02   1115    248     0    108    119      1      3   0.188   0.001   0.000   0.191     3.757
   19   4.2640e+02   4.1637e+02   4.2275e+02   1120    246     0    120    115      3      5   0.191   0.001   0.000   0.194     3.952
   20   4.2640e+02   4.1877e+02   4.2200e+02   1099    245     0     96    117      3      4   0.192   0.001   0.000   0.195     4.147
   21   4.2640e+02   4.1877e+02   4.2122e+02   1068    245     0     92    123      2      2   0.189   0.001   0.000   0.192     4.339
   22   4.2640e+02   4.1886e+02   4.2088e+02   1061    247     0     93    100      2      0   0.194   0.001   0.000   0.197     4.535
   23   4.2074e+02   4.1938e+02   4.2074e+02   1047    244     0     81     95      0      3   0.193   0.001   0.001   0.196     4.732
   24   4.2058e+02   4.1938e+02   4.2058e+02   1018    242     0     75    104      0      2   0.190   0.001   0.000   0.194     4.925
   25   4.2058e+02   4.1967e+02   4.2043e+02    934    239     0     67    151      1      4   0.190   0.001   0.000   0.193     5.118
   26   4.2033e+02   4.1967e+02   4.2033e+02    923    237     0     66     77      0      2   0.193   0.001   0.000   0.195     5.314
   27   4.2033e+02   4.1967e+02   4.2026e+02    885    235     0     56     94      1      3   0.188   0.001   0.000   0.191     5.505
   28   4.2025e+02   4.1993e+02   4.2025e+02    830    235     0     39     94      0      0   0.189   0.001   0.000   0.192     5.697
   29   4.2021e+02   4.1998e+02   4.2021e+02    776    235     0     32     86      0      0   0.192   0.001   0.000   0.194     5.891
   30   4.2018e+02   4.2002e+02   4.2018e+02    716    235     0     16     76      0      0   0.191   0.001   0.000   0.194     6.084
   31   4.2018e+02   4.2007e+02   4.2017e+02    661    235     0      6     61      1      1   0.190   0.001   0.000   0.192     6.277
   32   4.2017e+02   4.2007e+02   4.2017e+02    608    233     0      9     62      0      2   0.189   0.002   0.000   0.192     6.469
   33   4.2017e+02   4.2008e+02   4.2017e+02    551    233     0      2     59      0      0   0.184   0.001   0.000   0.187     6.656
   34   4.2017e+02   4.2008e+02   4.2017e+02    550    232     0     41     42      0      1   0.183   0.001   0.000   0.185     6.841
   35   4.2017e+02   4.2008e+02   4.2017e+02    503    232     0      2     49      0      0   0.187   0.001   0.000   0.189     7.030
   36   4.2017e+02   4.2008e+02   4.2017e+02    523    232     0     41     21      0      0   0.185   0.001   0.000   0.188     7.218
   37   4.2017e+02   4.2008e+02   4.2017e+02    523    232     0      0      0      0      0   0.197   0.003   0.000   0.201     7.419
CG optimal after 37 iterations. UB=420.170080 LB=420.080892 gap=8.919e-02 tol=4.202e-02  t_LP=7.307  t_PR=0.055  t_SP=0.016  t_Tot=7.426
[pricing-cutoff] enabled=0 cut=0 priced=5400 rate=0.0%

# === STDOUT (result CSV) ===
Setting parameter 'LpMethod' to 2
Setting parameter 'GPUMode' to 2
Setting parameter 'Presolve' to 0
Setting parameter 'Crossover' to 0
instance,formulation,iterations,columns,objective,lower_bound,optimal,time,time_lp,time_pricing,time_separation
data/transportation/Winnipeg_net.tntp.gz,tree,37,388,420.170080,420.080892,1,7.448,7.307,0.055,0.016
