# cmd: /usr/bin/time -o /tmp/mcfcg_mem_5t9q57lc.txt -f %M build/mcfcg_cli data/commalab/grid/grid10 --solver copt --copt-gpu-mode 2 --formulation tree --max-iters 10000 --bounded-pricing --time-limit 1800.0
# outcome: ok
# returncode: 0
# peak_rss_kb: 508520
# peak_rss_source: measured
# === STDERR (CG iteration log + preamble) ===
Instance: 625 vertices, 2400 arcs, 2000 commodities, 593 sources
Solver: copt (gpu-mode 2), formulation: tree
Pricing threads: 32 (auto)
Slack mode: CommodityRows (struct=593, capped_arcs=2400)
[lp-config] backend=copt version=8.0.1 method=barrier exec=GPU presolve=off crossover=off tol=0.0001 threads=n/a(GPU)
   It           UB           LB       LP_obj   #col   #row  #slk   +col   -col   +cut   -cut    t_LP    t_PR    t_SP   t_Tot     t_acc
    1          inf   9.3978e+06   5.9300e+04   1186    593   593      0      0      0      0   0.248   0.000   0.000   0.249     0.249
    2          inf   9.3980e+06   5.9300e+05   1186    593   593      0      0      0      0   0.029   0.000   0.000   0.030     0.279
    3          inf   1.0510e+07   5.9216e+06   1186    593   590      0      0      0      0   0.029   0.000   0.000   0.029     0.308
    4          inf   5.6755e+07   5.5288e+07   1186    593   495      0      0      0      0   0.028   0.001   0.000   0.030     0.338
    5          inf   1.6218e+08   1.6218e+08   1186    910     1      0      0    317      0   0.030   0.004   0.000   0.035     0.373
    6          inf   1.6218e+08   2.8039e+08   1706    910   271    520      0      0      0   0.087   0.002   0.000   0.090     0.463
    7          inf   1.6218e+08   7.6387e+08   2250    913   299    544      0      3      0   0.101   0.002   0.000   0.104     0.568
    8          inf   1.6218e+08   1.3705e+09   2798    924   201    548      0     11      0   0.103   0.002   0.000   0.107     0.674
    9          inf   1.6218e+08   1.3036e+09   3359    965   158    561      0     41      0   0.119   0.002   0.000   0.123     0.798
   10          inf   1.6218e+08   9.8212e+08   3923   1010   105    564      0     45      0   0.137   0.002   0.000   0.141     0.938
   11          inf   1.6218e+08   1.6511e+08   4393    986     0    557     87     60     84   0.248   0.002   0.000   0.253     1.191
   12          inf   1.6285e+08   1.6463e+08   4669   1017     0    539    263     33      2   0.195   0.002   0.000   0.200     1.391
   13          inf   1.6335e+08   1.6449e+08   4925   1033     0    532    276     17      1   0.187   0.002   0.000   0.192     1.583
   14          inf   1.6355e+08   1.6439e+08   5140   1045     0    524    309     12      0   0.211   0.002   0.001   0.216     1.799
   15          inf   1.6374e+08   1.6432e+08   5264   1049     0    510    386     13      9   0.216   0.002   0.000   0.223     2.022
   16          inf   1.6381e+08   1.6426e+08   5320   1047     0    506    450      6      8   0.220   0.002   0.001   0.226     2.248
   17          inf   1.6386e+08   1.6422e+08   5137   1040     0    492    675     11     18   0.219   0.002   0.001   0.225     2.473
   18          inf   1.6397e+08   1.6419e+08   5054   1029     0    479    562      8     19   0.203   0.002   0.001   0.208     2.681
   19          inf   1.6397e+08   1.6416e+08   4990   1026     0    464    528      6      9   0.206   0.002   0.001   0.212     2.893
   20          inf   1.6403e+08   1.6414e+08   4944   1034     0    451    497     11      3   0.193   0.002   0.001   0.199     3.092
   21          inf   1.6407e+08   1.6413e+08   4877   1029     0    415    482      2      7   0.213   0.002   0.000   0.219     3.311
   22          inf   1.6407e+08   1.6412e+08   4842   1027     0    433    468      1      3   0.190   0.002   0.001   0.195     3.506
   23          inf   1.6409e+08   1.6412e+08   4737   1024     0    398    503      2      5   0.235   0.002   0.000   0.241     3.747
   24          inf   1.6410e+08   1.6411e+08   4681   1027     0    356    412      5      2   0.227   0.002   0.000   0.233     3.980
   25          inf   1.6410e+08   1.6411e+08   4601   1027     0    337    417      3      3   0.230   0.002   0.000   0.235     4.215
   26          inf   1.6411e+08   1.6411e+08   4544   1021     0    342    399      2      8   0.244   0.002   0.000   0.250     4.465
   27   1.6411e+08   1.6411e+08   1.6411e+08   4544   1021     0   *238      0      0      0   0.223   0.002   0.001   0.225     4.691
CG optimal after 27 iterations. UB=164110999.345050 LB=164109898.755024 gap=1.101e+03 tol=1.641e+04  t_LP=4.572  t_PR=0.057  t_SP=0.012  t_Tot=4.695
[bounded-pricing] enabled=1 fired=8661 priced=19569 rate=44.3%

# === STDOUT (result CSV) ===
Setting parameter 'LpMethod' to 2
Setting parameter 'GPUMode' to 2
Setting parameter 'Presolve' to 0
Setting parameter 'Crossover' to 0
instance,formulation,iterations,columns,objective,lower_bound,optimal,time,time_lp,time_pricing,time_separation
data/commalab/grid/grid10,tree,27,3951,164110999.345050,164109898.755024,1,4.711,4.572,0.057,0.012
