# cmd: /usr/bin/time -o /tmp/mcfcg_mem_25cqm7nh.txt -f %M build/mcfcg_cli data/commalab/grid/grid11 --solver copt --copt-gpu-mode 2 --formulation path --max-iters 10000 --bounded-pricing --time-limit 1800.0
# outcome: ok
# returncode: 0
# peak_rss_kb: 584980
# peak_rss_source: measured
# === STDERR (CG iteration log + preamble) ===
Instance: 625 vertices, 2400 arcs, 4000 commodities, 625 sources
Solver: copt (gpu-mode 2), formulation: path
Pricing threads: 32 (auto)
Slack mode: EdgeRows (struct=4000, capped_arcs=2400)
[lp-config] backend=copt version=8.0.1 method=barrier exec=GPU presolve=off crossover=off tol=0.0001 threads=n/a(GPU)
   It           UB           LB       LP_obj   #col   #row  #slk   +col   -col   +cut   -cut    t_LP    t_PR    t_SP   t_Tot     t_acc
    1          inf   3.2684e+08   3.2684e+08   4241   4241     0      0      0    241      0   0.352   0.006   0.001   0.358     0.358
    2          inf   3.2684e+08   3.9001e+08   7583   4241   241   3342      0      0      0   0.235   0.003   0.000   0.240     0.598
    3          inf   3.2704e+08   3.3040e+08   9985   4365     0   2278      0    124      0   0.250   0.003   0.001   0.256     0.854
    4          inf   3.2704e+08   3.3108e+08  12798   4383     7   2795      0     18      0   0.349   0.003   0.001   0.355     1.209
    5          inf   3.2825e+08   3.2984e+08  15087   4403     0   2269      0     20      0   0.381   0.003   0.001   0.387     1.595
    6          inf   3.2870e+08   3.2952e+08  17060   4421     0   1955      0     18      0   0.382   0.003   0.001   0.388     1.983
    7          inf   3.2899e+08   3.2939e+08  18621   4430     0   1552      0      9      0   0.414   0.003   0.001   0.419     2.403
    8          inf   3.2916e+08   3.2931e+08  18028   4361     0   1105   1629      4     73   0.428   0.003   0.002   0.440     2.842
    9          inf   3.2921e+08   3.2927e+08  17037   4318     0    747   1695      7     50   0.374   0.003   0.002   0.385     3.228
   10          inf   3.2924e+08   3.2926e+08  14522   4308     0    499   3004      4     14   0.360   0.003   0.001   0.370     3.598
   11          inf   3.2925e+08   3.2926e+08  12661   4298     0    360   2211      3     13   0.345   0.003   0.001   0.354     3.951
   12          inf   3.2926e+08   3.2926e+08  11187   4292     0    149   1617      1      7   0.324   0.002   0.001   0.332     4.283
   13          inf   3.2926e+08   3.2926e+08  10116   4283     0     60   1122      2     11   0.320   0.003   0.001   0.327     4.610
   14          inf   3.2926e+08   3.2926e+08   9493   4274     0      4    618      1     10   0.326   0.003   0.001   0.333     4.943
   15          inf   3.2926e+08   3.2926e+08   9494   4275     0      0      0      1      0   0.314   0.006   0.001   0.320     5.264
   16   3.2926e+08   3.2926e+08   3.2926e+08   9494   4275     0     *0      0      0      0   0.371   0.006   0.000   0.378     5.641
CG optimal after 16 iterations. UB=329258288.241196 LB=329258004.742835 gap=2.835e+02 tol=3.293e+04  t_LP=5.524  t_PR=0.064  t_SP=0.017  t_Tot=5.652
[bounded-pricing] enabled=1 cut=7422 priced=12500 rate=59.4%

# === STDOUT (result CSV) ===
Setting parameter 'LpMethod' to 2
Setting parameter 'GPUMode' to 2
Setting parameter 'Presolve' to 0
Setting parameter 'Crossover' to 0
instance,formulation,iterations,columns,objective,lower_bound,optimal,time,time_lp,time_pricing,time_separation
data/commalab/grid/grid11,path,16,9219,329258288.241196,329258004.742835,1,5.679,5.524,0.064,0.017
