# cmd: /usr/bin/time -o /tmp/mcfcg_mem__hrf1ocz.txt -f %M build/mcfcg_cli data/commalab/grid/grid13 --solver copt --copt-gpu-mode 2 --formulation path --max-iters 10000 --bounded-pricing --time-limit 1800.0
# outcome: ok
# returncode: 0
# peak_rss_kb: 668920
# peak_rss_source: measured
# === STDERR (CG iteration log + preamble) ===
Instance: 900 vertices, 3480 arcs, 12000 commodities, 900 sources
Solver: copt (gpu-mode 2), formulation: path
Pricing threads: 32 (auto)
Slack mode: EdgeRows (struct=12000, capped_arcs=3480)
[lp-config] backend=copt version=8.0.1 method=barrier exec=GPU presolve=off crossover=off tol=0.0001 threads=n/a(GPU)
   It           UB           LB       LP_obj   #col   #row  #slk   +col   -col   +cut   -cut    t_LP    t_PR    t_SP   t_Tot     t_acc
    1          inf   1.1535e+09   1.1535e+09  12287  12287     0      0      0    287      0   0.255   0.011   0.003   0.269     0.269
    2          inf   1.1535e+09   1.3653e+09  22346  12287   287  10059      0      0      0   0.216   0.006   0.000   0.227     0.495
    3          inf   1.1543e+09   1.1624e+09  29093  12436     0   6598      0    149      0   0.250   0.006   0.003   0.264     0.760
    4          inf   1.1543e+09   1.1658e+09  37646  12468    21   8521      0     32      0   0.460   0.006   0.003   0.476     1.236
    5          inf   1.1560e+09   1.1610e+09  44625  12485     0   6962      0     17      0   0.577   0.006   0.004   0.593     1.829
    6          inf   1.1580e+09   1.1601e+09  50327  12497     0   5690      0     12      0   0.568   0.006   0.005   0.584     2.413
    7          inf   1.1589e+09   1.1596e+09  54477  12505     0   4142      0      8      0   0.650   0.006   0.005   0.666     3.079
    8          inf   1.1591e+09   1.1594e+09  51798  12406     0   2686   5266      6    105   0.695   0.006   0.006   0.741     3.819
    9          inf   1.1593e+09   1.1593e+09  48911  12343     0   1936   4760      5     68   0.658   0.006   0.006   0.697     4.517
   10          inf   1.1593e+09   1.1593e+09  39747  12324     0    718   9863      4     23   0.588   0.006   0.004   0.619     5.135
   11          inf   1.1593e+09   1.1593e+09  33570  12315     0    162   6330      1     10   0.423   0.006   0.004   0.449     5.584
   12   1.1593e+09   1.1593e+09   1.1593e+09  33570  12315     0    *35      0      0      0   0.421   0.006   0.001   0.428     6.012
CG optimal after 12 iterations. UB=1159320977.891663 LB=1159319592.860032 gap=1.385e+03 tol=1.159e+05  t_LP=5.761  t_PR=0.091  t_SP=0.044  t_Tot=6.027
[bounded-pricing] enabled=1 fired=5291 priced=12600 rate=42.0%

# === STDOUT (result CSV) ===
Setting parameter 'LpMethod' to 2
Setting parameter 'GPUMode' to 2
Setting parameter 'Presolve' to 0
Setting parameter 'Crossover' to 0
instance,formulation,iterations,columns,objective,lower_bound,optimal,time,time_lp,time_pricing,time_separation
data/commalab/grid/grid13,path,12,33255,1159320977.891663,1159319592.860032,1,6.057,5.761,0.091,0.044
