# cmd: /usr/bin/time -o /tmp/mcfcg_mem_0szhivyv.txt -f %M build/mcfcg_cli data/commalab/grid/grid11 --solver copt --copt-gpu-mode 2 --formulation tree --max-iters 10000 --bounded-pricing --time-limit 1800.0
# outcome: ok
# returncode: 0
# peak_rss_kb: 505984
# peak_rss_source: measured
# === STDERR (CG iteration log + preamble) ===
Instance: 625 vertices, 2400 arcs, 4000 commodities, 625 sources
Solver: copt (gpu-mode 2), formulation: tree
Pricing threads: 32 (auto)
Slack mode: CommodityRows (struct=625, capped_arcs=2400)
[lp-config] backend=copt version=8.0.1 method=barrier exec=GPU presolve=off crossover=off tol=0.0001 threads=n/a(GPU)
   It           UB           LB       LP_obj   #col   #row  #slk   +col   -col   +cut   -cut    t_LP    t_PR    t_SP   t_Tot     t_acc
    1          inf   1.8834e+07   6.2500e+04   1250    625   625      0      0      0      0   0.250   0.000   0.000   0.251     0.251
    2          inf   1.8834e+07   6.2500e+05   1250    625   625      0      0      0      0   0.030   0.000   0.000   0.031     0.281
    3          inf   1.8965e+07   6.2500e+06   1250    625   625      0      0      0      0   0.027   0.000   0.000   0.028     0.309
    4          inf   6.6412e+07   6.2161e+07   1250    625   613      0      0      0      0   0.029   0.001   0.000   0.030     0.339
    5          inf   3.2197e+08   3.2192e+08   1250    817    31      0      0    192      0   0.030   0.005   0.000   0.036     0.375
    6          inf   3.2197e+08   4.3436e+08   1849    817   305    599      0      0      0   0.075   0.003   0.000   0.079     0.454
    7          inf   3.2197e+08   1.1206e+09   2453    819   310    604      0      2      0   0.087   0.003   0.000   0.092     0.546
    8          inf   3.2197e+08   1.3957e+09   3069    841   167    616      0     22      0   0.089   0.003   0.000   0.093     0.639
    9          inf   3.2197e+08   1.0416e+09   3689    863   103    620      0     22      0   0.115   0.003   0.000   0.120     0.759
   10          inf   3.2197e+08   4.0967e+08   4309    921    12    620      0     58      0   0.149   0.003   0.001   0.154     0.913
   11          inf   3.2197e+08   3.3056e+08   4840    889     0    620     89     11     43   0.195   0.002   0.001   0.201     1.114
   12          inf   3.2802e+08   3.3010e+08   5088    907     0    610    362     19      1   0.152   0.003   0.001   0.159     1.273
   13          inf   3.2844e+08   3.2985e+08   5426    916     0    604    266     10      1   0.157   0.002   0.001   0.163     1.436
   14          inf   3.2867e+08   3.2967e+08   5659    924     0    596    363     11      3   0.156   0.002   0.001   0.163     1.599
   15          inf   3.2875e+08   3.2953e+08   5783    928     0    597    473      9      5   0.173   0.003   0.001   0.180     1.780
   16          inf   3.2894e+08   3.2944e+08   5609    917     0    581    755      9     20   0.185   0.002   0.001   0.192     1.972
   17          inf   3.2904e+08   3.2938e+08   5418    916     0    582    773     10     11   0.187   0.002   0.001   0.195     2.167
   18          inf   3.2911e+08   3.2934e+08   5402    916     0    569    585      6      6   0.163   0.002   0.001   0.170     2.337
   19          inf   3.2914e+08   3.2930e+08   5367    920     0    558    593      8      4   0.193   0.002   0.001   0.200     2.537
   20          inf   3.2919e+08   3.2928e+08   5347    916     0    549    569      3      7   0.188   0.003   0.001   0.196     2.733
   21          inf   3.2922e+08   3.2927e+08   5261    917     0    526    612      4      3   0.175   0.002   0.001   0.182     2.915
   22          inf   3.2924e+08   3.2926e+08   5184    913     0    489    566      2      6   0.188   0.002   0.001   0.196     3.112
   23          inf   3.2925e+08   3.2926e+08   5120    912     0    447    511      3      4   0.193   0.002   0.001   0.200     3.312
   24          inf   3.2926e+08   3.2926e+08   5064    908     0    429    485      2      6   0.202   0.002   0.001   0.208     3.521
   25   3.2926e+08   3.2926e+08   3.2926e+08   5064    908     0   *302      0      0      0   0.202   0.002   0.001   0.205     3.725
CG optimal after 25 iterations. UB=329258308.893074 LB=329257516.872004 gap=7.920e+02 tol=3.293e+04  t_LP=3.593  t_PR=0.064  t_SP=0.013  t_Tot=3.733
[bounded-pricing] enabled=1 fired=7611 priced=19375 rate=39.3%

# === STDOUT (result CSV) ===
Setting parameter 'LpMethod' to 2
Setting parameter 'GPUMode' to 2
Setting parameter 'Presolve' to 0
Setting parameter 'Crossover' to 0
instance,formulation,iterations,columns,objective,lower_bound,optimal,time,time_lp,time_pricing,time_separation
data/commalab/grid/grid11,tree,25,4439,329258308.893074,329257516.872004,1,3.749,3.593,0.064,0.013
