# cmd: /usr/bin/time -o /tmp/mcfcg_mem_hj0feuz1.txt -f %M build/mcfcg_cli data/commalab/grid/grid14 --solver copt --copt-gpu-mode 2 --formulation tree --max-iters 10000 --bounded-pricing --time-limit 1800.0
# outcome: ok
# returncode: 0
# peak_rss_kb: 597604
# peak_rss_source: measured
# === STDERR (CG iteration log + preamble) ===
Instance: 1225 vertices, 4760 arcs, 16000 commodities, 1225 sources
Solver: copt (gpu-mode 2), formulation: tree
Pricing threads: 32 (auto)
Slack mode: CommodityRows (struct=1225, capped_arcs=4760)
[lp-config] backend=copt version=8.0.1 method=barrier exec=GPU presolve=off crossover=off tol=0.0001 threads=n/a(GPU)
   It           UB           LB       LP_obj   #col   #row  #slk   +col   -col   +cut   -cut    t_LP    t_PR    t_SP   t_Tot     t_acc
    1          inf   7.4250e+07   1.2250e+05   2450   1225  1225      0      0      0      0   0.253   0.001   0.001   0.254     0.254
    2          inf   7.4250e+07   1.2250e+06   2450   1225  1225      0      0      0      0   0.032   0.001   0.001   0.034     0.288
    3          inf   7.4250e+07   1.2250e+07   2450   1225  1225      0      0      0      0   0.030   0.001   0.001   0.031     0.319
    4          inf   1.5029e+08   1.2250e+08   2450   1225  1225      0      0      0      0   0.028   0.001   0.001   0.030     0.349
    5          inf   1.1734e+09   1.1712e+09   2450   1225   967      0      0      0      0   0.034   0.012   0.001   0.047     0.396
    6          inf   1.7977e+09   1.7977e+09   2450   1442     0      0      0    217      0   0.038   0.025   0.002   0.065     0.461
    7          inf   1.7977e+09   4.6145e+09   3670   1442   606   1220      0      0      0   0.137   0.014   0.001   0.156     0.616
    8          inf   1.7977e+09   5.6097e+09   4892   1442   449   1222      0      0      0   0.177   0.013   0.001   0.195     0.812
    9          inf   1.7977e+09   6.4545e+09   6116   1456   315   1224      0     14      0   0.199   0.013   0.001   0.218     1.030
   10          inf   1.7977e+09   3.7732e+09   7341   1476    83   1225      0     20      0   0.196   0.013   0.001   0.217     1.247
   11          inf   1.7977e+09   1.8059e+09   8564   1498     0   1223      0     22      0   0.310   0.013   0.002   0.332     1.579
   12          inf   1.7997e+09   1.8047e+09   9585   1410     0   1224    203     10     98   0.374   0.012   0.002   0.401     1.980
   13          inf   1.8012e+09   1.8040e+09  10258   1421     0   1221    548     11      0   0.262   0.013   0.002   0.287     2.267
   14          inf   1.8014e+09   1.8035e+09  10825   1423     0   1216    649      5      3   0.321   0.012   0.003   0.349     2.617
   15          inf   1.8020e+09   1.8032e+09  11112   1425     0   1205    918      8      6   0.298   0.012   0.003   0.327     2.944
   16   1.8030e+09   1.8022e+09   1.8030e+09  10787   1421     0   1182   1507      0      4   0.328   0.012   0.003   0.357     3.300
   17   1.8030e+09   1.8023e+09   1.8029e+09  10415   1417     0   1175   1547      7     11   0.290   0.012   0.003   0.319     3.619
   18   1.8030e+09   1.8025e+09   1.8028e+09  10264   1411     0   1154   1305      1      7   0.297   0.012   0.003   0.325     3.944
   19   1.8030e+09   1.8026e+09   1.8027e+09  10169   1407     0   1062   1157      2      6   0.274   0.011   0.003   0.301     4.245
   20   1.8030e+09   1.8026e+09   1.8027e+09   9931   1406     0    972   1210      2      3   0.275   0.011   0.003   0.302     4.547
   21   1.8030e+09   1.8026e+09   1.8027e+09   9768   1405     0   1033   1196      2      3   0.335   0.011   0.002   0.361     4.908
   22   1.8030e+09   1.8027e+09   1.8027e+09   9412   1402     0    708   1064      1      4   0.322   0.011   0.002   0.347     5.255
   23   1.8027e+09   1.8027e+09   1.8027e+09   9412   1402     0   *100      0      0      0   0.282   0.012   0.003   0.297     5.551
CG optimal after 23 iterations. UB=1802673084.768816 LB=1802671091.867241 gap=1.993e+03 tol=1.803e+05  t_LP=5.093  t_PR=0.266  t_SP=0.042  t_Tot=5.571
[bounded-pricing] enabled=1 fired=17063 priced=36750 rate=46.4%

# === STDOUT (result CSV) ===
Setting parameter 'LpMethod' to 2
Setting parameter 'GPUMode' to 2
Setting parameter 'Presolve' to 0
Setting parameter 'Crossover' to 0
instance,formulation,iterations,columns,objective,lower_bound,optimal,time,time_lp,time_pricing,time_separation
data/commalab/grid/grid14,tree,23,8187,1802673084.768816,1802671091.867241,1,5.597,5.093,0.266,0.042
