# cmd: /usr/bin/time -o /tmp/mcfcg_mem_s_2vyzr3.txt -f %M build/mcfcg_cli data/commalab/grid/grid13 --solver copt --copt-gpu-mode 2 --formulation tree --max-iters 10000 --bounded-pricing --time-limit 1800.0
# outcome: ok
# returncode: 0
# peak_rss_kb: 628244
# peak_rss_source: measured
# === STDERR (CG iteration log + preamble) ===
Instance: 900 vertices, 3480 arcs, 12000 commodities, 900 sources
Solver: copt (gpu-mode 2), formulation: tree
Pricing threads: 32 (auto)
Slack mode: CommodityRows (struct=900, capped_arcs=3480)
[lp-config] backend=copt version=8.0.1 method=barrier exec=GPU presolve=off crossover=off tol=0.0001 threads=n/a(GPU)
   It           UB           LB       LP_obj   #col   #row  #slk   +col   -col   +cut   -cut    t_LP    t_PR    t_SP   t_Tot     t_acc
    1          inf   5.5802e+07   9.0000e+04   1800    900   900      0      0      0      0   0.358   0.000   0.000   0.359     0.359
    2          inf   5.5802e+07   9.0000e+05   1800    900   900      0      0      0      0   0.171   0.000   0.000   0.171     0.530
    3          inf   5.5802e+07   9.0000e+06   1800    900   900      0      0      0      0   0.159   0.000   0.000   0.159     0.690
    4          inf   1.1066e+08   9.0000e+07   1800    900   900      0      0      0      0   0.153   0.001   0.001   0.154     0.843
    5          inf   8.4093e+08   8.3935e+08   1800    900   628      0      0      0      0   0.159   0.011   0.000   0.170     1.013
    6          inf   1.1535e+09   1.1535e+09   1800   1187     0      0      0    287      0   0.166   0.013   0.001   0.180     1.193
    7          inf   1.1535e+09   3.4211e+09   2693   1187   535    893      0      0      0   0.260   0.006   0.000   0.269     1.463
    8          inf   1.1535e+09   5.8399e+09   3590   1191   480    897      0      4      0   0.301   0.008   0.000   0.313     1.776
    9          inf   1.1535e+09   1.3450e+10   4490   1204   280    900      0     13      0   0.333   0.005   0.001   0.343     2.119
   10          inf   1.1535e+09   1.2688e+10   5390   1237   127    900      0     33      0   0.377   0.007   0.001   0.389     2.508
   11          inf   1.1535e+09   5.5738e+09   6290   1282    54    900      0     45      0   0.392   0.007   0.001   0.405     2.913
   12          inf   1.1535e+09   1.1630e+09   6929   1196     0    900    261     22    108   0.583   0.006   0.001   0.601     3.514
   13          inf   1.1554e+09   1.1620e+09   7399   1207     0    900    430     12      1   0.425   0.006   0.002   0.443     3.956
   14          inf   1.1571e+09   1.1613e+09   7841   1220     0    900    458     15      2   0.413   0.006   0.002   0.431     4.387
   15          inf   1.1571e+09   1.1607e+09   8185   1225     0    900    556      7      2   0.458   0.007   0.002   0.478     4.865
   16          inf   1.1579e+09   1.1604e+09   8389   1228     0    899    695      9      6   0.473   0.006   0.002   0.493     5.358
   17          inf   1.1584e+09   1.1600e+09   8226   1218     0    900   1063      3     13   0.467   0.006   0.002   0.488     5.845
   18          inf   1.1586e+09   1.1598e+09   7979   1205     0    898   1145      8     21   0.460   0.006   0.002   0.480     6.326
   19          inf   1.1588e+09   1.1596e+09   7954   1204     0    896    921      8      9   0.473   0.006   0.002   0.493     6.819
   20          inf   1.1590e+09   1.1595e+09   8008   1201     0    896    842      2      5   0.468   0.007   0.002   0.489     7.307
   21          inf   1.1590e+09   1.1594e+09   7978   1200     0    894    924      1      2   0.454   0.006   0.002   0.474     7.781
   22          inf   1.1591e+09   1.1594e+09   7984   1197     0    890    884      3      6   0.484   0.007   0.002   0.504     8.285
   23          inf   1.1592e+09   1.1594e+09   8002   1194     0    883    865      3      6   0.472   0.007   0.002   0.492     8.778
   24          inf   1.1593e+09   1.1593e+09   7971   1191     0    868    899      4      7   0.440   0.006   0.002   0.460     9.238
   25          inf   1.1593e+09   1.1593e+09   7917   1190     0    860    914      2      3   0.476   0.007   0.002   0.496     9.734
   26          inf   1.1593e+09   1.1593e+09   7952   1191     0    863    828      4      3   0.474   0.008   0.002   0.496    10.229
   27          inf   1.1593e+09   1.1593e+09   7971   1189     0    820    801      2      4   0.484   0.007   0.002   0.504    10.733
   28          inf   1.1593e+09   1.1593e+09   7778   1187     0    602    795      1      3   0.505   0.007   0.002   0.525    11.258
   29   1.1593e+09   1.1593e+09   1.1593e+09   7778   1187     0   *349      0      0      0   0.446   0.007   0.002   0.454    11.713
CG optimal after 29 iterations. UB=1159320954.553179 LB=1159319702.674178 gap=1.252e+03 tol=1.159e+05  t_LP=11.283  t_PR=0.198  t_SP=0.037  t_Tot=11.735
[bounded-pricing] enabled=1 cut=11806 priced=32400 rate=36.4%

# === STDOUT (result CSV) ===
Setting parameter 'LpMethod' to 2
Setting parameter 'GPUMode' to 2
Setting parameter 'Presolve' to 0
Setting parameter 'Crossover' to 0
instance,formulation,iterations,columns,objective,lower_bound,optimal,time,time_lp,time_pricing,time_separation
data/commalab/grid/grid13,tree,29,6878,1159320954.553179,1159319702.674178,1,11.765,11.283,0.198,0.037
