# cmd: /usr/bin/time -o /tmp/mcfcg_mem_jfg0van_.txt -f %M build/mcfcg_cli data/commalab/grid/grid15 --solver copt --copt-gpu-mode 2 --formulation tree --max-iters 10000 --bounded-pricing --time-limit 1800.0
# outcome: ok
# returncode: 0
# peak_rss_kb: 665804
# peak_rss_source: measured
# === STDERR (CG iteration log + preamble) ===
Instance: 1225 vertices, 4760 arcs, 32000 commodities, 1225 sources
Solver: copt (gpu-mode 2), formulation: tree
Pricing threads: 32 (auto)
Slack mode: CommodityRows (struct=1225, capped_arcs=4760)
[lp-config] backend=copt version=8.0.1 method=barrier exec=GPU presolve=off crossover=off tol=0.0001 threads=n/a(GPU)
   It           UB           LB       LP_obj   #col   #row  #slk   +col   -col   +cut   -cut    t_LP    t_PR    t_SP   t_Tot     t_acc
    1          inf   1.4824e+08   1.2250e+05   2450   1225  1225      0      0      0      0   0.253   0.001   0.001   0.254     0.254
    2          inf   1.4824e+08   1.2250e+06   2450   1225  1225      0      0      0      0   0.034   0.001   0.001   0.035     0.290
    3          inf   1.4824e+08   1.2250e+07   2450   1225  1225      0      0      0      0   0.030   0.001   0.001   0.031     0.321
    4          inf   1.5769e+08   1.2250e+08   2450   1225  1225      0      0      0      0   0.029   0.001   0.001   0.031     0.351
    5          inf   1.2379e+09   1.2248e+09   2450   1225  1223      0      0      0      0   0.034   0.003   0.001   0.038     0.389
    6          inf   3.5815e+09   3.5815e+09   2450   1483     0      0      0    258      0   0.033   0.024   0.002   0.059     0.448
    7          inf   3.5815e+09   7.2061e+09   3675   1483   561   1225      0      0      0   0.190   0.014   0.001   0.211     0.660
    8          inf   3.5815e+09   1.0864e+10   4900   1484   606   1225      0      1      0   0.257   0.013   0.001   0.278     0.937
    9          inf   3.5815e+09   2.2924e+10   6125   1496   294   1225      0     12      0   0.302   0.012   0.002   0.324     1.261
   10          inf   3.5815e+09   2.1194e+10   7350   1509   189   1225      0     13      0   0.365   0.013   0.001   0.387     1.648
   11          inf   3.5815e+09   8.4827e+09   8575   1528    52   1225      0     19      0   0.463   0.013   0.001   0.486     2.134
   12          inf   3.5815e+09   3.6020e+09   9585   1429     0   1225    215     21    120   0.610   0.013   0.003   0.645     2.779
   13          inf   3.5853e+09   3.5994e+09  10229   1440     0   1225    581     14      3   0.380   0.013   0.003   0.415     3.194
   14          inf   3.5884e+09   3.5977e+09  10706   1456     0   1225    748     17      1   0.413   0.012   0.003   0.449     3.643
   15          inf   3.5884e+09   3.5969e+09  11080   1459     0   1225    851      7      4   0.414   0.012   0.003   0.451     4.094
   16          inf   3.5905e+09   3.5961e+09  11306   1458     0   1225    999      3      4   0.429   0.012   0.004   0.469     4.563
   17          inf   3.5915e+09   3.5954e+09  11028   1453     0   1225   1503      3      8   0.462   0.012   0.004   0.501     5.064
   18          inf   3.5918e+09   3.5949e+09  10688   1447     0   1225   1565      6     12   0.428   0.012   0.004   0.466     5.530
   19          inf   3.5918e+09   3.5944e+09  10697   1438     0   1224   1215      3     12   0.409   0.011   0.003   0.447     5.976
   20          inf   3.5922e+09   3.5941e+09  10753   1438     0   1221   1165      4      4   0.402   0.013   0.004   0.442     6.418
   21          inf   3.5927e+09   3.5939e+09  10654   1436     0   1224   1323      2      4   0.410   0.011   0.003   0.448     6.867
   22          inf   3.5931e+09   3.5938e+09  10653   1435     0   1221   1222      3      4   0.411   0.012   0.004   0.450     7.317
   23   3.5937e+09   3.5932e+09   3.5937e+09  10699   1432     0   1213   1167      0      3   0.420   0.012   0.004   0.456     7.773
   24   3.5937e+09   3.5932e+09   3.5936e+09  10760   1433     0   1214   1153      3      2   0.429   0.013   0.004   0.468     8.241
   25   3.5937e+09   3.5933e+09   3.5936e+09  10760   1435     0  *1203      0      2      0   0.450   0.014   0.004   0.467     8.708
CG optimal after 25 iterations. UB=3593685526.129843 LB=3593334600.386617 gap=3.509e+05 tol=3.594e+05  t_LP=8.057  t_PR=0.288  t_SP=0.060  t_Tot=8.728
[bounded-pricing] enabled=1 fired=14754 priced=39200 rate=37.6%

# === STDOUT (result CSV) ===
Setting parameter 'LpMethod' to 2
Setting parameter 'GPUMode' to 2
Setting parameter 'Presolve' to 0
Setting parameter 'Crossover' to 0
instance,formulation,iterations,columns,objective,lower_bound,optimal,time,time_lp,time_pricing,time_separation
data/commalab/grid/grid15,tree,25,9535,3593685526.129843,3593334600.386617,1,8.760,8.057,0.288,0.060
