# cmd: /usr/bin/time -o /tmp/mcfcg_mem_ola2jxu3.txt -f %M build/mcfcg_cli data/commalab/grid/grid8 --solver copt --copt-gpu-mode 2 --formulation path --max-iters 10000 --bounded-pricing --time-limit 1800.0
# outcome: ok
# returncode: 0
# peak_rss_kb: 485348
# peak_rss_source: measured
# === STDERR (CG iteration log + preamble) ===
Instance: 625 vertices, 2400 arcs, 500 commodities, 343 sources
Solver: copt (gpu-mode 2), formulation: path
Pricing threads: 32 (auto)
Slack mode: CommodityRows (struct=500, capped_arcs=2400)
[lp-config] backend=copt version=8.0.1 method=barrier exec=GPU presolve=off crossover=off tol=0.0001 threads=n/a(GPU)
   It           UB           LB       LP_obj   #col   #row  #slk   +col   -col   +cut   -cut    t_LP    t_PR    t_SP   t_Tot     t_acc
    1          inf   4.5016e+06   2.7778e+06   1000    500   499      0      0      0      0   0.236   0.000   0.000   0.237     0.237
    2          inf   2.5344e+07   2.5136e+07   1000    500   349      0      0      0      0   0.023   0.001   0.000   0.024     0.261
    3          inf   4.1328e+07   4.1328e+07   1000    776     0      0      0    276      0   0.021   0.002   0.000   0.023     0.284
    4          inf   4.1328e+07   1.0076e+08   1369    776   208    369      0      0      0   0.072   0.001   0.000   0.073     0.357
    5          inf   4.1328e+07   2.3437e+08   1721    799   176    352      0     23      0   0.071   0.001   0.000   0.073     0.430
    6          inf   4.1328e+07   1.6668e+08   2092    847    92    371      0     48      0   0.087   0.001   0.000   0.089     0.519
    7          inf   4.1328e+07   5.5419e+07   2460    908    23    368      0     61      0   0.116   0.001   0.000   0.118     0.637
    8          inf   4.1384e+07   4.1799e+07   2791    932     0    331      0     24      0   0.147   0.001   0.000   0.149     0.786
    9          inf   4.1620e+07   4.1763e+07   3016    858     0    268     43      9     83   0.141   0.001   0.000   0.143     0.929
   10          inf   4.1640e+07   4.1740e+07   3160    875     0    249    105     17      0   0.125   0.001   0.000   0.127     1.056
   11          inf   4.1662e+07   4.1728e+07   3266    877     0    215    109      6      4   0.121   0.001   0.000   0.123     1.180
   12          inf   4.1680e+07   4.1720e+07   3204    870     0    178    240      2      9   0.131   0.001   0.000   0.134     1.314
   13          inf   4.1695e+07   4.1715e+07   2940    848     0    130    394      2     24   0.128   0.001   0.000   0.131     1.444
   14          inf   4.1703e+07   4.1713e+07   2724    837     0    106    322      3     14   0.117   0.001   0.000   0.120     1.564
   15          inf   4.1707e+07   4.1712e+07   2588    829     0     91    227      1      9   0.124   0.001   0.000   0.126     1.690
   16          inf   4.1710e+07   4.1711e+07   2398    816     0     25    215      3     16   0.128   0.001   0.000   0.130     1.820
   17          inf   4.1710e+07   4.1711e+07   2204    810     0     22    216      1      7   0.109   0.001   0.000   0.111     1.932
   18          inf   4.1711e+07   4.1711e+07   2071    808     0      3    136      2      4   0.116   0.001   0.000   0.118     2.050
   19   4.1711e+07   4.1711e+07   4.1711e+07   2071    808     0     *2      0      0      0   0.113   0.001   0.000   0.115     2.164
CG optimal after 19 iterations. UB=41711146.831265 LB=41711134.032551 gap=1.280e+01 tol=4.171e+03  t_LP=2.126  t_PR=0.026  t_SP=0.005  t_Tot=2.170
[bounded-pricing] enabled=1 fired=5176 priced=7889 rate=65.6%

# === STDOUT (result CSV) ===
Setting parameter 'LpMethod' to 2
Setting parameter 'GPUMode' to 2
Setting parameter 'Presolve' to 0
Setting parameter 'Crossover' to 0
instance,formulation,iterations,columns,objective,lower_bound,optimal,time,time_lp,time_pricing,time_separation
data/commalab/grid/grid8,path,19,1571,41711146.831265,41711134.032551,1,2.181,2.126,0.026,0.005
