# cmd: /usr/bin/time -o /tmp/mcfcg_mem_3twe9af1.txt -f %M build/mcfcg_cli data/commalab/grid/grid15 --solver copt --copt-gpu-mode 2 --formulation path --max-iters 10000 --bounded-pricing --time-limit 1800.0
# outcome: ok
# returncode: 0
# peak_rss_kb: 925996
# peak_rss_source: measured
# === STDERR (CG iteration log + preamble) ===
Instance: 1225 vertices, 4760 arcs, 32000 commodities, 1225 sources
Solver: copt (gpu-mode 2), formulation: path
Pricing threads: 32 (auto)
Slack mode: EdgeRows (struct=32000, capped_arcs=4760)
[lp-config] backend=copt version=8.0.1 method=barrier exec=GPU presolve=off crossover=off tol=0.0001 threads=n/a(GPU)
   It           UB           LB       LP_obj   #col   #row  #slk   +col   -col   +cut   -cut    t_LP    t_PR    t_SP   t_Tot     t_acc
    1          inf   3.5815e+09   3.5815e+09  32258  32258     0      0      0    258      0   0.277   0.021   0.009   0.307     0.307
    2          inf   3.5815e+09   4.0496e+09  56579  32258   258  24321      0      0      0   0.449   0.013   0.002   0.475     0.782
    3          inf   3.5815e+09   3.6015e+09  72007  32353     0  15333      0     95      0   0.502   0.013   0.008   0.538     1.320
    4          inf   3.5815e+09   3.6011e+09  91043  32371     5  19018      0     18      0   0.976   0.012   0.008   1.014     2.334
    5          inf   3.5892e+09   3.5959e+09 104980  32378     0  13930      0      7      0   0.973   0.012   0.011   1.010     3.344
    6          inf   3.5920e+09   3.5943e+09 114814  32387     0   9825      0      9      0   0.988   0.011   0.013   1.022     4.366
    7          inf   3.5929e+09   3.5938e+09 122465  32390     0   7648      0      3      0   1.294   0.012   0.014   1.331     5.697
    8          inf   3.5934e+09   3.5936e+09 111540  32283     0   3453  14271      2    109   1.325   0.010   0.017   1.438     7.136
    9          inf   3.5935e+09   3.5935e+09 101254  32235     0    597  10835      1     49   1.147   0.011   0.012   1.237     8.372
   10          inf   3.5935e+09   3.5935e+09  82098  32224     0    663  19808      1     12   0.842   0.012   0.009   0.917     9.289
   11   3.5935e+09   3.5935e+09   3.5935e+09  82098  32224     0     *5      0      0      0   0.637   0.011   0.002   0.651     9.940
CG optimal after 11 iterations. UB=3593521818.095545 LB=3593517903.340159 gap=3.915e+03 tol=3.594e+05  t_LP=9.410  t_PR=0.176  t_SP=0.103  t_Tot=9.978
[bounded-pricing] enabled=1 fired=7296 priced=15925 rate=45.8%

# === STDOUT (result CSV) ===
Setting parameter 'LpMethod' to 2
Setting parameter 'GPUMode' to 2
Setting parameter 'Presolve' to 0
Setting parameter 'Crossover' to 0
instance,formulation,iterations,columns,objective,lower_bound,optimal,time,time_lp,time_pricing,time_separation
data/commalab/grid/grid15,path,11,81874,3593521818.095545,3593517903.340159,1,10.038,9.410,0.176,0.103
