# cmd: /usr/bin/time -o /tmp/mcfcg_mem_ije31bw8.txt -f %M build/mcfcg_cli data/commalab/grid/grid9 --solver copt --copt-gpu-mode 2 --formulation tree --max-iters 10000 --bounded-pricing --time-limit 1800.0
# outcome: ok
# returncode: 0
# peak_rss_kb: 529800
# peak_rss_source: measured
# === STDERR (CG iteration log + preamble) ===
Instance: 625 vertices, 2400 arcs, 1000 commodities, 495 sources
Solver: copt (gpu-mode 2), formulation: tree
Pricing threads: 32 (auto)
Slack mode: CommodityRows (struct=495, capped_arcs=2400)
[lp-config] backend=copt version=8.0.1 method=barrier exec=GPU presolve=off crossover=off tol=0.0001 threads=n/a(GPU)
   It           UB           LB       LP_obj   #col   #row  #slk   +col   -col   +cut   -cut    t_LP    t_PR    t_SP   t_Tot     t_acc
    1          inf   4.7986e+06   4.9500e+04    990    495   495      0      0      0      0   0.358   0.001   0.000   0.359     0.359
    2          inf   4.7987e+06   4.9500e+05    990    495   495      0      0      0      0   0.164   0.001   0.000   0.165     0.524
    3          inf   6.7889e+06   4.9481e+06    990    495   493      0      0      0      0   0.155   0.000   0.000   0.155     0.680
    4          inf   4.2278e+07   4.1744e+07    990    495   314      0      0      0      0   0.153   0.002   0.000   0.156     0.835
    5          inf   8.1702e+07   8.1702e+07    990    822     0      0      0    327      0   0.161   0.004   0.000   0.166     1.001
    6          inf   8.1702e+07   1.7605e+08   1392    822   253    402      0      0      0   0.208   0.003   0.000   0.211     1.212
    7          inf   8.1702e+07   5.2113e+08   1810    826   224    418      0      4      0   0.233   0.002   0.000   0.236     1.448
    8          inf   8.1702e+07   6.8576e+08   2243    881   143    433      0     55      0   0.227   0.002   0.000   0.230     1.678
    9          inf   8.1702e+07   6.2611e+08   2683    918   109    440      0     37      0   0.242   0.002   0.000   0.246     1.923
   10          inf   8.1702e+07   1.4245e+08   3114    984    26    431      0     66      0   0.296   0.002   0.000   0.300     2.223
   11          inf   8.1702e+07   8.2942e+07   3457    921     0    430     87     24     87   0.342   0.002   0.000   0.346     2.569
   12          inf   8.2258e+07   8.2834e+07   3713    950     0    403    147     29      0   0.304   0.002   0.000   0.308     2.877
   13          inf   8.2328e+07   8.2789e+07   3959    955     0    389    143      9      4   0.302   0.002   0.000   0.306     3.183
   14          inf   8.2452e+07   8.2747e+07   4130    962     0    378    207     17     10   0.316   0.002   0.000   0.320     3.503
   15          inf   8.2516e+07   8.2718e+07   4188    967     0    350    292     14      9   0.322   0.002   0.000   0.327     3.830
   16          inf   8.2539e+07   8.2696e+07   4005    952     0    329    512     11     26   0.315   0.002   0.000   0.320     4.150
   17          inf   8.2576e+07   8.2684e+07   3846    945     0    309    468      5     12   0.309   0.002   0.000   0.313     4.463
   18          inf   8.2599e+07   8.2672e+07   3773    939     0    297    370      6     12   0.299   0.002   0.000   0.303     4.766
   19          inf   8.2620e+07   8.2664e+07   3683    935     0    281    371      5      9   0.300   0.002   0.000   0.304     5.070
   20          inf   8.2631e+07   8.2657e+07   3599    941     0    244    328     10      4   0.302   0.002   0.000   0.306     5.376
   21          inf   8.2642e+07   8.2655e+07   3506    938     0    212    305      2      5   0.325   0.002   0.000   0.329     5.705
   22          inf   8.2644e+07   8.2654e+07   3398    935     0    194    302      3      6   0.327   0.002   0.000   0.331     6.036
   23          inf   8.2651e+07   8.2653e+07   3287    933     0    174    285      3      5   0.324   0.002   0.000   0.328     6.363
   24          inf   8.2652e+07   8.2653e+07   3139    926     0    130    278      1      8   0.324   0.002   0.000   0.327     6.691
   25          inf   8.2653e+07   8.2653e+07   3000    924     0     92    231      2      4   0.318   0.002   0.000   0.321     7.012
   26   8.2653e+07   8.2653e+07   8.2653e+07   3000    924     0    *25      0      0      0   0.312   0.002   0.000   0.314     7.326
CG optimal after 26 iterations. UB=82652989.364758 LB=82652894.047932 gap=9.532e+01 tol=8.265e+03  t_LP=7.236  t_PR=0.056  t_SP=0.010  t_Tot=7.334
[bounded-pricing] enabled=1 cut=8981 priced=15840 rate=56.7%

# === STDOUT (result CSV) ===
Setting parameter 'LpMethod' to 2
Setting parameter 'GPUMode' to 2
Setting parameter 'Presolve' to 0
Setting parameter 'Crossover' to 0
instance,formulation,iterations,columns,objective,lower_bound,optimal,time,time_lp,time_pricing,time_separation
data/commalab/grid/grid9,tree,26,2505,82652989.364758,82652894.047932,1,7.356,7.236,0.056,0.010
