# cmd: /usr/bin/time -o /tmp/mcfcg_mem_01h_w59f.txt -f %M build/mcfcg_cli data/commalab/grid/grid5 --solver copt --copt-gpu-mode 2 --formulation path --max-iters 10000 --bounded-pricing --time-limit 1800.0
# outcome: ok
# returncode: 0
# peak_rss_kb: 472340
# peak_rss_source: measured
# === STDERR (CG iteration log + preamble) ===
Instance: 225 vertices, 840 arcs, 100 commodities, 83 sources
Solver: copt (gpu-mode 2), formulation: path
Pricing threads: 32 (auto)
Slack mode: CommodityRows (struct=100, capped_arcs=840)
[lp-config] backend=copt version=8.0.1 method=barrier exec=GPU presolve=off crossover=off tol=0.0001 threads=n/a(GPU)
   It           UB           LB       LP_obj   #col   #row  #slk   +col   -col   +cut   -cut    t_LP    t_PR    t_SP   t_Tot     t_acc
    1          inf   9.5617e+05   5.5950e+05    200    100   100      0      0      0      0   0.237   0.000   0.000   0.237     0.237
    2          inf   4.3559e+06   4.3345e+06    200    107    35      0      0      7      0   0.020   0.000   0.000   0.020     0.257
    3          inf   4.3559e+06   7.3488e+06    225    123    19     25      0     16      0   0.029   0.000   0.000   0.030     0.287
    4          inf   4.3559e+06   9.2773e+06    267    133    22     42      0     10      0   0.030   0.000   0.000   0.031     0.317
    5          inf   4.3559e+06   6.4630e+06    305    147     8     38      0     14      0   0.034   0.000   0.000   0.034     0.352
    6          inf   5.0106e+06   5.0550e+06    340    152     2     36      1      5      0   0.043   0.000   0.000   0.043     0.395
    7          inf   5.0439e+06   5.0505e+06    361    153     0     21      0      1      0   0.039   0.000   0.000   0.039     0.434
    8          inf   5.0489e+06   5.0498e+06    368    156     0     10      3      3      0   0.042   0.000   0.000   0.043     0.477
    9   5.0496e+06   5.0492e+06   5.0496e+06    368    156     0     *6      0      0      0   0.041   0.000   0.000   0.042     0.518
CG optimal after 9 iterations. UB=5049637.000023 LB=5049247.740509 gap=3.893e+02 tol=5.050e+02  t_LP=0.515  t_PR=0.003  t_SP=0.000  t_Tot=0.520
[bounded-pricing] enabled=1 fired=750 priced=996 rate=75.3%

# === STDOUT (result CSV) ===
Setting parameter 'LpMethod' to 2
Setting parameter 'GPUMode' to 2
Setting parameter 'Presolve' to 0
Setting parameter 'Crossover' to 0
instance,formulation,iterations,columns,objective,lower_bound,optimal,time,time_lp,time_pricing,time_separation
data/commalab/grid/grid5,path,9,268,5049637.000023,5049247.740509,1,0.531,0.515,0.003,0.000
