# cmd: /usr/bin/time -o /tmp/mcfcg_mem_iyq26qaf.txt -f %M build/mcfcg_cli data/commalab/grid/grid6 --solver copt --copt-gpu-mode 2 --formulation path --max-iters 10000 --bounded-pricing --time-limit 1800.0
# outcome: ok
# returncode: 0
# peak_rss_kb: 474584
# peak_rss_source: measured
# === STDERR (CG iteration log + preamble) ===
Instance: 225 vertices, 840 arcs, 200 commodities, 135 sources
Solver: copt (gpu-mode 2), formulation: path
Pricing threads: 32 (auto)
Slack mode: CommodityRows (struct=200, capped_arcs=840)
[lp-config] backend=copt version=8.0.1 method=barrier exec=GPU presolve=off crossover=off tol=0.0001 threads=n/a(GPU)
   It           UB           LB       LP_obj   #col   #row  #slk   +col   -col   +cut   -cut    t_LP    t_PR    t_SP   t_Tot     t_acc
    1          inf   1.8616e+06   1.1258e+06    400    200   198      0      0      0      0   0.234   0.000   0.000   0.234     0.234
    2          inf   8.8143e+06   8.7504e+06    400    213    82      0      0     13      0   0.021   0.000   0.000   0.022     0.256
    3          inf   8.8143e+06   1.7843e+07    481    270    56     81      0     57      0   0.027   0.000   0.000   0.028     0.284
    4          inf   8.8143e+06   2.8483e+07    611    289    72    130      0     19      0   0.041   0.000   0.000   0.042     0.325
    5          inf   8.8143e+06   2.1995e+07    740    314    40    129      0     25      0   0.044   0.000   0.000   0.045     0.370
    6          inf   8.8143e+06   1.1928e+07    870    335     8    134      4     21      0   0.052   0.000   0.000   0.053     0.423
    7          inf   1.0301e+07   1.0423e+07    983    355     0    113      0     20      0   0.065   0.000   0.000   0.065     0.488
    8   1.0413e+07   1.0368e+07   1.0413e+07   1069    355     0     94      8      0      0   0.074   0.000   0.000   0.075     0.564
    9   1.0413e+07   1.0390e+07   1.0406e+07   1114    359     0     66     21     10      6   0.070   0.000   0.000   0.070     0.634
   10   1.0413e+07   1.0394e+07   1.0403e+07   1123    362     0     47     38      4      1   0.070   0.000   0.000   0.071     0.705
   11   1.0413e+07   1.0399e+07   1.0402e+07   1084    357     0     33     72      2      7   0.071   0.000   0.000   0.072     0.776
   12   1.0402e+07   1.0400e+07   1.0402e+07    993    349     0     25    116      0      8   0.066   0.000   0.000   0.067     0.843
   13   1.0402e+07   1.0402e+07   1.0402e+07    993    349     0     *3      0      0      0   0.068   0.000   0.000   0.069     0.912
CG optimal after 13 iterations. UB=10401757.083377 LB=10401593.733535 gap=1.633e+02 tol=1.040e+03  t_LP=0.904  t_PR=0.004  t_SP=0.002  t_Tot=0.913
[bounded-pricing] enabled=1 fired=1378 priced=2160 rate=63.8%

# === STDOUT (result CSV) ===
Setting parameter 'LpMethod' to 2
Setting parameter 'GPUMode' to 2
Setting parameter 'Presolve' to 0
Setting parameter 'Crossover' to 0
instance,formulation,iterations,columns,objective,lower_bound,optimal,time,time_lp,time_pricing,time_separation
data/commalab/grid/grid6,path,13,793,10401757.083377,10401593.733535,1,0.924,0.904,0.004,0.002
