# cmd: /usr/bin/time -o /tmp/mcfcg_mem_9ytv03e8.txt -f %M build/mcfcg_cli data/commalab/planar/planar300 --solver copt --copt-gpu-mode 2 --formulation path --max-iters 10000 --bounded-pricing --time-limit 1800.0
# outcome: ok
# returncode: 0
# peak_rss_kb: 503148
# peak_rss_source: measured
# === STDERR (CG iteration log + preamble) ===
Instance: 300 vertices, 1680 arcs, 3584 commodities, 300 sources
Solver: copt (gpu-mode 2), formulation: path
Pricing threads: 32 (auto)
Slack mode: EdgeRows (struct=3584, capped_arcs=1680)
[lp-config] backend=copt version=8.0.1 method=barrier exec=GPU presolve=off crossover=off tol=0.0001 threads=n/a(GPU)
   It           UB           LB       LP_obj   #col   #row  #slk   +col   -col   +cut   -cut    t_LP    t_PR    t_SP   t_Tot     t_acc
    1          inf   6.6936e+08   6.6936e+08   3745   3745     0      0      0    161      0   0.248   0.002   0.001   0.251     0.251
    2          inf   6.6936e+08   3.7000e+09   6915   3745   161   3170      0      0      0   0.181   0.001   0.000   0.183     0.434
    3          inf   6.6936e+08   7.0836e+08   9444   3803     0   2471      0     58      0   0.099   0.001   0.001   0.102     0.537
    4          inf   6.6936e+08   7.2502e+08  12129   3809     8   2679      0      6      0   0.140   0.001   0.001   0.143     0.680
    5          inf   6.6938e+08   6.9411e+08  14346   3811     0   2215      0      2      0   0.160   0.001   0.001   0.163     0.843
    6   6.9139e+08   6.8592e+08   6.9139e+08  16020   3811     0   1674      0      0      0   0.168   0.001   0.000   0.170     1.013
    7   6.9037e+08   6.8886e+08   6.9037e+08  16730   3811     0    710      0      0      0   0.165   0.001   0.000   0.167     1.180
    8   6.9002e+08   6.8961e+08   6.9002e+08  15518   3757     0    527   1685      0     54   0.167   0.001   0.000   0.172     1.352
    9   6.9002e+08   6.8994e+08   6.8998e+08  14418   3742     0    202   1287      2     17   0.144   0.001   0.001   0.150     1.502
   10   6.8998e+08   6.8997e+08   6.8998e+08  14418   3742     0    *68      0      0      0   0.142   0.001   0.000   0.143     1.645
CG optimal after 10 iterations. UB=689979980.667249 LB=689967229.082398 gap=1.275e+04 tol=6.900e+04  t_LP=1.613  t_PR=0.014  t_SP=0.005  t_Tot=1.649
[bounded-pricing] enabled=1 fired=1547 priced=3600 rate=43.0%

# === STDOUT (result CSV) ===
Setting parameter 'LpMethod' to 2
Setting parameter 'GPUMode' to 2
Setting parameter 'Presolve' to 0
Setting parameter 'Crossover' to 0
instance,formulation,iterations,columns,objective,lower_bound,optimal,time,time_lp,time_pricing,time_separation
data/commalab/planar/planar300,path,10,14260,689979980.667249,689967229.082398,1,1.666,1.613,0.014,0.005
