# cmd: /usr/bin/time -o /tmp/mcfcg_mem_wnaoso8e.txt -f %M build/mcfcg_cli data/commalab/planar/planar300 --solver copt --copt-gpu-mode 2 --formulation tree --max-iters 10000 --bounded-pricing --time-limit 1800.0
# outcome: ok
# returncode: 0
# peak_rss_kb: 499504
# peak_rss_source: measured
# === STDERR (CG iteration log + preamble) ===
Instance: 300 vertices, 1680 arcs, 3584 commodities, 300 sources
Solver: copt (gpu-mode 2), formulation: tree
Pricing threads: 32 (auto)
Slack mode: CommodityRows (struct=300, capped_arcs=1680)
[lp-config] backend=copt version=8.0.1 method=barrier exec=GPU presolve=off crossover=off tol=0.0001 threads=n/a(GPU)
   It           UB           LB       LP_obj   #col   #row  #slk   +col   -col   +cut   -cut    t_LP    t_PR    t_SP   t_Tot     t_acc
    1          inf   3.4187e+07   1.3575e+07    600    300   300      0      0      0      0   0.350   0.000   0.000   0.351     0.351
    2          inf   1.4337e+08   1.3575e+08    600    300   300      0      0      0      0   0.164   0.001   0.000   0.165     0.516
    3          inf   6.6907e+08   6.6907e+08    600    457     1      0      0    157      0   0.156   0.002   0.001   0.159     0.675
    4          inf   6.6907e+08   9.3512e+08    898    457   155    298      0      0      0   0.192   0.001   0.001   0.194     0.870
    5          inf   6.6907e+08   2.5164e+09   1196    457   172    298      0      0      0   0.205   0.001   0.000   0.207     1.076
    6          inf   6.6907e+08   4.3615e+09   1496    458   104    300      0      1      0   0.219   0.001   0.000   0.221     1.298
    7          inf   6.6907e+08   4.6940e+09   1796    461    81    300      0      3      0   0.217   0.001   0.000   0.219     1.517
    8          inf   6.6907e+08   3.6393e+09   2096    485    35    300      0     24      0   0.227   0.001   0.000   0.229     1.746
    9          inf   6.6907e+08   2.4909e+09   2345    437    29    300     51      7     55   0.254   0.001   0.000   0.257     2.003
   10          inf   6.6907e+08   6.9772e+08   2478    445     0    300    167     10      2   0.250   0.001   0.000   0.253     2.257
   11          inf   6.7811e+08   6.9512e+08   2579    450     0    300    199      5      0   0.225   0.001   0.001   0.228     2.485
   12          inf   6.8260e+08   6.9350e+08   2722    453     0    300    157      4      1   0.235   0.001   0.000   0.239     2.724
   13          inf   6.8414e+08   6.9235e+08   2824    454     0    300    198      1      0   0.227   0.001   0.000   0.230     2.954
   14          inf   6.8488e+08   6.9149e+08   2833    450     0    300    291      2      6   0.228   0.001   0.000   0.232     3.185
   15          inf   6.8693e+08   6.9085e+08   2748    449     0    300    385      1      2   0.229   0.001   0.000   0.232     3.417
   16          inf   6.8842e+08   6.9050e+08   2701    449     0    299    346      1      1   0.224   0.001   0.000   0.227     3.644
   17   6.9028e+08   6.8870e+08   6.9028e+08   2693    446     0    299    307      0      3   0.236   0.001   0.000   0.240     3.884
   18   6.9014e+08   6.8938e+08   6.9014e+08   2728    445     0    299    264      0      1   0.237   0.001   0.000   0.241     4.124
   19   6.9005e+08   6.8953e+08   6.9005e+08   2755    443     0    300    273      0      2   0.243   0.001   0.001   0.246     4.371
   20   6.9005e+08   6.8981e+08   6.9001e+08   2746    441     0    299    308      2      4   0.236   0.001   0.000   0.239     4.610
   21   6.9000e+08   6.8989e+08   6.9000e+08   2747    440     0    297    296      0      1   0.243   0.001   0.000   0.246     4.856
   22   6.9000e+08   6.8995e+08   6.8998e+08   2747    441     0   *299      0      1      0   0.264   0.001   0.001   0.266     5.122
CG optimal after 22 iterations. UB=689995036.770973 LB=689951388.182530 gap=4.365e+04 tol=6.900e+04  t_LP=5.060  t_PR=0.027  t_SP=0.010  t_Tot=5.126
[bounded-pricing] enabled=1 cut=1812 priced=7800 rate=23.2%

# === STDOUT (result CSV) ===
Setting parameter 'LpMethod' to 2
Setting parameter 'GPUMode' to 2
Setting parameter 'Presolve' to 0
Setting parameter 'Crossover' to 0
instance,formulation,iterations,columns,objective,lower_bound,optimal,time,time_lp,time_pricing,time_separation
data/commalab/planar/planar300,tree,22,2447,689995036.770973,689951388.182530,1,5.145,5.060,0.027,0.010
