# cmd: /usr/bin/time -o /tmp/mcfcg_mem_uz6j3avf.txt -f %M build/mcfcg_cli data/commalab/planar/planar150 --solver copt --copt-gpu-mode 2 --formulation tree --max-iters 10000 --bounded-pricing --time-limit 1800.0
# outcome: ok
# returncode: 0
# peak_rss_kb: 492084
# peak_rss_source: measured
# === STDERR (CG iteration log + preamble) ===
Instance: 150 vertices, 850 arcs, 2239 commodities, 150 sources
Solver: copt (gpu-mode 2), formulation: tree
Pricing threads: 32 (auto)
Slack mode: CommodityRows (struct=150, capped_arcs=850)
[lp-config] backend=copt version=8.0.1 method=barrier exec=GPU presolve=off crossover=off tol=0.0001 threads=n/a(GPU)
   It           UB           LB       LP_obj   #col   #row  #slk   +col   -col   +cut   -cut    t_LP    t_PR    t_SP   t_Tot     t_acc
    1          inf   4.3848e+07   2.8355e+07    300    150   150      0      0      0      0   0.240   0.000   0.000   0.241     0.241
    2          inf   2.8169e+08   2.7752e+08    300    150   137      0      0      0      0   0.031   0.000   0.000   0.032     0.272
    3          inf   4.6091e+08   4.6091e+08    300    366     0      0      0    216      0   0.034   0.001   0.000   0.034     0.307
    4          inf   4.6091e+08   1.9672e+09    447    366   120    147      0      0      0   0.064   0.000   0.000   0.064     0.371
    5          inf   4.6091e+08   1.1631e+10    597    366   109    150      0      0      0   0.066   0.000   0.000   0.067     0.439
    6          inf   4.6091e+08   3.5622e+10    747    370   103    150      0      4      0   0.072   0.000   0.000   0.073     0.511
    7          inf   4.6091e+08   6.3698e+10    897    372    88    150      0      2      0   0.075   0.000   0.000   0.076     0.587
    8          inf   4.6091e+08   5.5124e+10   1047    379    69    150      0      7      0   0.084   0.000   0.000   0.085     0.673
    9          inf   4.6091e+08   4.2550e+10   1131    394    55    150     66     15      0   0.090   0.000   0.000   0.091     0.764
   10          inf   4.6091e+08   3.5557e+10   1212    411    48    150     69     17      0   0.092   0.000   0.000   0.093     0.857
   11          inf   4.6091e+08   2.8457e+10   1255    420    35    150    107      9      0   0.093   0.000   0.000   0.094     0.951
   12          inf   4.6091e+08   2.0911e+10   1309    445    36    150     96     25      0   0.090   0.000   0.000   0.091     1.042
   13          inf   4.6091e+08   1.9028e+10   1358    454    29    150    101      9      0   0.104   0.000   0.000   0.105     1.147
   14          inf   4.6091e+08   1.3152e+10   1412    455    23    150     96     13     12   0.104   0.001   0.000   0.106     1.253
   15          inf   4.6091e+08   8.9930e+09   1458    469    19    150    104     14      0   0.116   0.000   0.000   0.117     1.371
   16          inf   4.6091e+08   3.0131e+09   1514    489     3    150     94     20      0   0.116   0.000   0.000   0.118     1.489
   17          inf   4.6091e+08   6.0626e+08   1525    479     0    150    139     10     20   0.145   0.000   0.000   0.147     1.635
   18          inf   4.6091e+08   5.9264e+08   1574    480     0    150    101      3      2   0.141   0.000   0.000   0.143     1.778
   19          inf   4.6091e+08   5.8682e+08   1600    479     0    150    124      2      3   0.138   0.000   0.000   0.140     1.918
   20          inf   4.6857e+08   5.8068e+08   1635    484     0    150    115      7      2   0.124   0.000   0.000   0.126     2.044
   21          inf   4.9738e+08   5.7678e+08   1651    476     0    150    134      2     10   0.133   0.000   0.000   0.135     2.179
   22          inf   4.9738e+08   5.7247e+08   1625    471     0    150    176      3      8   0.130   0.000   0.000   0.132     2.311
   23          inf   5.0129e+08   5.6851e+08   1581    458     0    150    194      3     16   0.119   0.000   0.000   0.121     2.432
   24          inf   5.1090e+08   5.6479e+08   1588    460     0    150    143      5      3   0.129   0.000   0.000   0.131     2.563
   25          inf   5.1090e+08   5.6194e+08   1591    455     0    150    147      1      6   0.118   0.000   0.000   0.119     2.682
   26          inf   5.2552e+08   5.5998e+08   1595    427     0    150    146      1     29   0.108   0.000   0.000   0.110     2.792
   27          inf   5.2784e+08   5.5803e+08   1605    422     0    150    140      3      8   0.110   0.000   0.000   0.112     2.904
   28          inf   5.2813e+08   5.5578e+08   1602    425     0    150    153      7      4   0.106   0.000   0.000   0.108     3.012
   29          inf   5.3220e+08   5.5381e+08   1604    423     0    150    148      7      9   0.113   0.000   0.000   0.115     3.127
   30          inf   5.3477e+08   5.5285e+08   1603    421     0    150    151      6      8   0.112   0.000   0.000   0.114     3.241
   31          inf   5.3688e+08   5.5211e+08   1602    417     0    150    151      1      5   0.103   0.000   0.000   0.105     3.346
   32          inf   5.3717e+08   5.5142e+08   1604    417     0    150    148      2      2   0.107   0.000   0.000   0.109     3.455
   33          inf   5.3929e+08   5.5079e+08   1616    413     0    150    138      3      7   0.112   0.000   0.000   0.114     3.569
   34          inf   5.4075e+08   5.5025e+08   1611    405     0    150    155      3     11   0.114   0.000   0.000   0.116     3.685
   35          inf   5.4246e+08   5.4986e+08   1604    403     0    150    157      2      4   0.111   0.000   0.000   0.112     3.798
   36          inf   5.4306e+08   5.4950e+08   1606    407     0    150    148      5      1   0.108   0.000   0.000   0.109     3.907
   37          inf   5.4420e+08   5.4914e+08   1615    406     0    150    141      4      5   0.105   0.000   0.000   0.107     4.014
   38   5.4891e+08   5.4475e+08   5.4891e+08   1617    403     0    150    148      0      3   0.106   0.000   0.000   0.107     4.122
   39   5.4891e+08   5.4522e+08   5.4869e+08   1623    401     0    150    144      2      4   0.111   0.000   0.000   0.113     4.235
   40   5.4852e+08   5.4562e+08   5.4852e+08   1619    399     0    149    153      0      2   0.108   0.000   0.000   0.110     4.345
   41   5.4852e+08   5.4629e+08   5.4838e+08   1633    400     0    150    136      2      1   0.103   0.000   0.000   0.104     4.449
   42   5.4852e+08   5.4676e+08   5.4830e+08   1622    399     0    150    161      1      2   0.110   0.000   0.000   0.112     4.561
   43   5.4852e+08   5.4723e+08   5.4823e+08   1637    399     0    150    135      1      1   0.116   0.000   0.000   0.118     4.679
   44   5.4852e+08   5.4723e+08   5.4818e+08   1635    399     0    150    152      1      1   0.105   0.000   0.000   0.106     4.785
   45   5.4852e+08   5.4757e+08   5.4814e+08   1630    400     0    150    155      1      0   0.110   0.000   0.000   0.111     4.897
   46   5.4812e+08   5.4775e+08   5.4812e+08   1629    400     0    150    151      0      0   0.116   0.000   0.000   0.117     5.014
   47   5.4812e+08   5.4788e+08   5.4810e+08   1627    396     0    149    151      1      5   0.124   0.000   0.000   0.126     5.140
   48   5.4809e+08   5.4797e+08   5.4809e+08   1645    394     0    150    132      0      2   0.118   0.000   0.000   0.119     5.259
   49   5.4809e+08   5.4805e+08   5.4809e+08   1645    395     0   *150      0      1      0   0.126   0.000   0.000   0.127     5.386
CG optimal after 49 iterations. UB=548093634.175215 LB=548046434.032215 gap=4.720e+04 tol=5.481e+04  t_LP=5.307  t_PR=0.020  t_SP=0.010  t_Tot=5.389
[bounded-pricing] enabled=1 fired=905 priced=7950 rate=11.4%

# === STDOUT (result CSV) ===
Setting parameter 'LpMethod' to 2
Setting parameter 'GPUMode' to 2
Setting parameter 'Presolve' to 0
Setting parameter 'Crossover' to 0
instance,formulation,iterations,columns,objective,lower_bound,optimal,time,time_lp,time_pricing,time_separation
data/commalab/planar/planar150,tree,49,1495,548093634.175215,548046434.032215,1,5.402,5.307,0.020,0.010
