# cmd: /usr/bin/time -o /tmp/mcfcg_mem_a0yc3t0h.txt -f %M build/mcfcg_cli data/commalab/planar/planar800 --solver copt --copt-gpu-mode 2 --formulation tree --max-iters 10000 --bounded-pricing --time-limit 1800.0
# outcome: ok
# returncode: 0
# peak_rss_kb: 582956
# peak_rss_source: measured
# === STDERR (CG iteration log + preamble) ===
Instance: 800 vertices, 4388 arcs, 12756 commodities, 800 sources
Solver: copt (gpu-mode 2), formulation: tree
Pricing threads: 32 (auto)
Slack mode: CommodityRows (struct=800, capped_arcs=4388)
[lp-config] backend=copt version=8.0.1 method=barrier exec=GPU presolve=off crossover=off tol=0.0001 threads=n/a(GPU)
   It           UB           LB       LP_obj   #col   #row  #slk   +col   -col   +cut   -cut    t_LP    t_PR    t_SP   t_Tot     t_acc
    1          inf   4.6462e+08   4.6119e+08   1600    800   793      0      0      0      0   0.362   0.003   0.001   0.366     0.366
    2          inf   1.1440e+09   1.1440e+09   1600   1017     0      0      0    217      0   0.174   0.016   0.001   0.191     0.557
    3          inf   1.1440e+09   2.5378e+09   2399   1017   357    799      0      0      0   0.264   0.008   0.001   0.276     0.833
    4          inf   1.1440e+09   6.2587e+09   3199   1017   431    800      0      0      0   0.306   0.007   0.001   0.317     1.150
    5          inf   1.1440e+09   1.2761e+10   3999   1019   283    800      0      2      0   0.368   0.008   0.001   0.381     1.531
    6          inf   1.1440e+09   1.8110e+10   4799   1020   306    800      0      1      0   0.388   0.008   0.001   0.402     1.933
    7          inf   1.1440e+09   3.6533e+10   5598   1021   181    799      0      1      0   0.419   0.007   0.001   0.432     2.365
    8          inf   1.1440e+09   1.9207e+10   6261    925    74    800    137     10    106   0.422   0.007   0.001   0.438     2.803
    9          inf   1.1440e+09   1.1770e+09   6457    955     0    800    604     31      1   0.356   0.006   0.002   0.372     3.175
   10          inf   1.1440e+09   2.4837e+09   6764    957     6    800    493      4      2   0.398   0.007   0.002   0.414     3.589
   11          inf   1.1576e+09   1.1729e+09   6933    958     0    800    631      1      0   0.343   0.007   0.002   0.357     3.947
   12          inf   1.1599e+09   1.1711e+09   7170    958     0    799    562      3      3   0.322   0.008   0.002   0.341     4.287
   13          inf   1.1610e+09   1.1697e+09   7391    958     0    800    579      2      2   0.331   0.008   0.002   0.352     4.640
   14          inf   1.1625e+09   1.1688e+09   7343    957     0    798    846      1      2   0.349   0.007   0.002   0.367     5.007
   15          inf   1.1627e+09   1.1684e+09   7120    946     0    800   1023      1     12   0.337   0.007   0.002   0.353     5.360
   16   1.1681e+09   1.1651e+09   1.1681e+09   6974    944     0    799    945      0      2   0.327   0.007   0.002   0.345     5.705
   17   1.1681e+09   1.1656e+09   1.1678e+09   7018    937     0    797    753      1      8   0.327   0.008   0.002   0.344     6.049
   18   1.1681e+09   1.1661e+09   1.1676e+09   7052    935     0    793    759      5      7   0.307   0.007   0.002   0.325     6.373
   19   1.1675e+09   1.1666e+09   1.1675e+09   7090    933     0    796    758      0      2   0.326   0.007   0.002   0.343     6.716
   20   1.1674e+09   1.1669e+09   1.1674e+09   7087    933     0    788    791      0      0   0.329   0.007   0.002   0.343     7.060
   21   1.1674e+09   1.1671e+09   1.1674e+09   7064    935     0    793    816      2      0   0.340   0.006   0.002   0.355     7.415
   22   1.1674e+09   1.1672e+09   1.1674e+09   7124    934     0    787    727      2      3   0.335   0.007   0.002   0.352     7.767
   23   1.1674e+09   1.1673e+09   1.1674e+09   7124    934     0   *783      0      0      0   0.346   0.006   0.002   0.354     8.121
CG optimal after 23 iterations. UB=1167373872.737827 LB=1167329873.565701 gap=4.400e+04 tol=1.167e+05  t_LP=7.778  t_PR=0.188  t_SP=0.035  t_Tot=8.141
[bounded-pricing] enabled=1 cut=3269 priced=20800 rate=15.7%

# === STDOUT (result CSV) ===
Setting parameter 'LpMethod' to 2
Setting parameter 'GPUMode' to 2
Setting parameter 'Presolve' to 0
Setting parameter 'Crossover' to 0
instance,formulation,iterations,columns,objective,lower_bound,optimal,time,time_lp,time_pricing,time_separation
data/commalab/planar/planar800,tree,23,6324,1167373872.737827,1167329873.565701,1,8.170,7.778,0.188,0.035
