# cmd: /usr/bin/time -o /tmp/mcfcg_mem_n6uewykb.txt -f %M build/mcfcg_cli data/commalab/planar/planar800 --solver copt --copt-gpu-mode 2 --formulation path --max-iters 10000 --bounded-pricing --time-limit 1800.0
# outcome: ok
# returncode: 0
# peak_rss_kb: 655720
# peak_rss_source: measured
# === STDERR (CG iteration log + preamble) ===
Instance: 800 vertices, 4388 arcs, 12756 commodities, 800 sources
Solver: copt (gpu-mode 2), formulation: path
Pricing threads: 32 (auto)
Slack mode: EdgeRows (struct=12756, capped_arcs=4388)
[lp-config] backend=copt version=8.0.1 method=barrier exec=GPU presolve=off crossover=off tol=0.0001 threads=n/a(GPU)
   It           UB           LB       LP_obj   #col   #row  #slk   +col   -col   +cut   -cut    t_LP    t_PR    t_SP   t_Tot     t_acc
    1          inf   1.1440e+09   1.1440e+09  12973  12973     0      0      0    217      0   0.256   0.013   0.004   0.273     0.273
    2          inf   1.1440e+09   1.5566e+11  23473  12973   217  10500      0      0      0   0.703   0.007   0.001   0.716     0.988
    3          inf   1.1440e+09   1.1904e+09  31703  13012     0   8191      0     39      0   0.306   0.007   0.002   0.323     1.311
    4          inf   1.1440e+09   1.2665e+09  40756  13020     3   9045      0      8      0   0.478   0.007   0.003   0.496     1.807
    5          inf   1.1447e+09   1.1730e+09  48264  13021     0   7507      0      1      0   0.482   0.007   0.004   0.499     2.305
    6          inf   1.1582e+09   1.1693e+09  54198  13022     0   5933      0      1      0   0.473   0.007   0.005   0.490     2.795
    7          inf   1.1641e+09   1.1678e+09  58664  13024     0   4464      0      2      0   0.567   0.007   0.005   0.584     3.379
    8   1.1675e+09   1.1669e+09   1.1675e+09  55857  12935     0   3224   5942      0     89   0.646   0.006   0.001   0.678     4.058
    9   1.1675e+09   1.1673e+09   1.1674e+09  53053  12913     0   1969   4751      2     24   0.449   0.007   0.005   0.481     4.539
   10   1.1674e+09   1.1673e+09   1.1674e+09  53053  12913     0  *1868      0      0      0   0.366   0.006   0.001   0.374     4.912
CG optimal after 10 iterations. UB=1167385798.522211 LB=1167292813.186521 gap=9.299e+04 tol=1.167e+05  t_LP=4.725  t_PR=0.090  t_SP=0.031  t_Tot=4.929
[bounded-pricing] enabled=1 fired=3399 priced=9600 rate=35.4%

# === STDOUT (result CSV) ===
Setting parameter 'LpMethod' to 2
Setting parameter 'GPUMode' to 2
Setting parameter 'Presolve' to 0
Setting parameter 'Crossover' to 0
instance,formulation,iterations,columns,objective,lower_bound,optimal,time,time_lp,time_pricing,time_separation
data/commalab/planar/planar800,path,10,52896,1167385798.522211,1167292813.186521,1,4.963,4.725,0.090,0.031
