# cmd: /usr/bin/time -o /tmp/mcfcg_mem_nl92vz56.txt -f %M build/mcfcg_cli data/commalab/planar/planar1000 --solver copt --copt-gpu-mode 2 --formulation path --max-iters 10000 --bounded-pricing --time-limit 1800.0
# outcome: ok
# returncode: 0
# peak_rss_kb: 1073132
# peak_rss_source: measured
# === STDERR (CG iteration log + preamble) ===
Instance: 1000 vertices, 5200 arcs, 20026 commodities, 1000 sources
Solver: copt (gpu-mode 2), formulation: path
Pricing threads: 32 (auto)
Slack mode: EdgeRows (struct=20026, capped_arcs=5200)
[lp-config] backend=copt version=8.0.1 method=barrier exec=GPU presolve=off crossover=off tol=0.0001 threads=n/a(GPU)
   It           UB           LB       LP_obj   #col   #row  #slk   +col   -col   +cut   -cut    t_LP    t_PR    t_SP   t_Tot     t_acc
    1          inf   3.1896e+09   3.1896e+09  20564  20564     0      0      0    538      0   0.376   0.023   0.007   0.406     0.406
    2          inf   3.1896e+09   1.4963e+10  39380  20564   538  18816      0      0      0   0.892   0.010   0.001   0.914     1.320
    3          inf   3.1896e+09   3.5498e+09  55481  20895     0  15770      0    331      0   0.731   0.012   0.009   0.770     2.090
    4          inf   3.1896e+09   4.8232e+09  73903  20950   162  18367      0     55      0   1.312   0.011   0.011   1.353     3.443
    5          inf   3.1896e+09   4.1159e+09  91698  21003    54  17742      0     53      0   1.702   0.012   0.016   1.750     5.193
    6          inf   3.1896e+09   3.5338e+09 108860  21005     0  17160      0      2      0   1.879   0.012   0.020   1.927     7.120
    7          inf   3.3143e+09   3.5004e+09 124730  21009     0  15866      0      4      0   2.105   0.012   0.026   2.164     9.284
    8          inf   3.3622e+09   3.4752e+09 131594  20815     0  15680   8622     12    206   2.172   0.012   0.032   2.357    11.641
    9          inf   3.3948e+09   3.4623e+09 134411  20751     0  14280  11399     14     78   1.827   0.011   0.027   1.990    13.631
   10          inf   3.4134e+09   3.4565e+09 132162  20661     0  13001  15160     15    105   1.710   0.011   0.027   1.862    15.493
   11          inf   3.4370e+09   3.4525e+09 122164  20605     0  10485  20427      8     64   1.629   0.012   0.024   1.764    17.258
   12          inf   3.4438e+09   3.4506e+09 114350  20586     0   9355  17150     10     29   1.524   0.011   0.019   1.644    18.902
   13          inf   3.4475e+09   3.4500e+09 107358  20567     0   6743  13716      4     23   1.472   0.012   0.018   1.586    20.488
   14          inf   3.4483e+09   3.4498e+09  99204  20558     0   3830  11975      3     12   1.330   0.011   0.016   1.433    21.922
   15          inf   3.4491e+09   3.4498e+09  91027  20544     0   1660   9823      2     16   1.110   0.011   0.015   1.205    23.127
   16   3.4496e+09   3.4491e+09   3.4496e+09  84397  20529     0   1716   8331      0     15   1.084   0.012   0.002   1.154    24.281
   17   3.4496e+09   3.4495e+09   3.4496e+09  84397  20529     0   *415      0      0      0   1.041   0.011   0.002   1.054    25.336
CG optimal after 17 iterations. UB=3449618257.586802 LB=3449546350.549726 gap=7.191e+04 tol=3.450e+05  t_LP=23.896  t_PR=0.241  t_SP=0.272  t_Tot=25.372
[bounded-pricing] enabled=1 cut=5267 priced=19000 rate=27.7%

# === STDOUT (result CSV) ===
Setting parameter 'LpMethod' to 2
Setting parameter 'GPUMode' to 2
Setting parameter 'Presolve' to 0
Setting parameter 'Crossover' to 0
instance,formulation,iterations,columns,objective,lower_bound,optimal,time,time_lp,time_pricing,time_separation
data/commalab/planar/planar1000,path,17,83894,3449618257.586802,3449546350.549726,1,25.454,23.896,0.241,0.272
