# cmd: /usr/bin/time -o /tmp/mcfcg_mem_hrk9oj7v.txt -f %M build/mcfcg_cli data/transportation/Sydney_net.tntp.gz --solver copt --copt-gpu-mode 2 --formulation tree --max-iters 10000 --time-limit 1800.0
# outcome: ok
# returncode: 0
# peak_rss_kb: 9859552
# peak_rss_source: measured
# === STDERR (CG iteration log + preamble) ===
TNTP: net=data/transportation/Sydney_net.tntp.gz trips=data/transportation/Sydney_trips.tntp.gz coef=1.9
Instance: 33113 vertices, 75379 arcs, 3343560 commodities, 3257 sources
Solver: copt (gpu-mode 2), formulation: tree
Pricing threads: 32 (auto)
Slack mode: CommodityRows (struct=3257, capped_arcs=75379)
[lp-config] backend=copt version=8.0.1 method=barrier exec=GPU presolve=off crossover=off tol=0.0001 threads=n/a(GPU)
   It           UB           LB       LP_obj   #col   #row  #slk   +col   -col   +cut   -cut    t_LP    t_PR    t_SP   t_Tot     t_acc
    1          inf   4.9542e+06   1.5043e+05   6514   3257  3042      0      0      0      0   0.429   1.702   0.006   2.137     2.137
    2          inf   4.9542e+06   1.2093e+06   6514   3257  2028      0      0      0      0   0.168   1.705   0.011   1.884     4.021
    3          inf   4.9542e+06   4.6463e+06   6514   3477    91      0      0    220      0   0.173   1.685   0.024   1.882     5.903
    4          inf   4.9542e+06   5.5261e+06   9757   3482   706   3243      0      5      0   0.575   0.820   0.019   2.190     8.093
    5          inf   4.9542e+06   5.8426e+06  13011   3497   735   3254      0     15      0   0.695   0.826   0.034   2.380    10.473
    6          inf   4.9542e+06   5.8386e+06  16263   3552   223   3252      0     55      0   0.878   0.825   0.056   2.606    13.079
    7          inf   4.9542e+06   5.2367e+06  19511   3610    19   3248      0     58      0   1.506   0.828   0.076   3.252    16.331
    8          inf   4.9542e+06   4.9884e+06  22755   3618     0   3244      0      8      0   2.181   0.841   0.087   3.982    20.313
    9          inf   4.9585e+06   4.9804e+06  25875   3514     0   3243    123      1    105   2.276   0.829   0.074   4.337    24.650
   10          inf   4.9615e+06   4.9735e+06  27636   3516     0   3205   1444      3      1   1.496   0.841   0.116   3.538    28.187
   11          inf   4.9645e+06   4.9713e+06  28863   3510     0   3215   1988      3      9   1.663   0.839   0.126   3.685    31.872
   12          inf   4.9654e+06   4.9700e+06  28613   3471     0   3172   3422      1     40   1.498   0.836   0.132   3.406    35.278
   13          inf   4.9654e+06   4.9692e+06  27905   3422     0   3114   3822      2     51   1.242   0.851   0.133   3.160    38.438
   14   4.9689e+06   4.9661e+06   4.9689e+06  26625   3404     0   3031   4311      0     18   1.016   0.835   0.131   2.886    41.325
   15   4.9685e+06   4.9662e+06   4.9685e+06  26128   3397     0   2847   3344      0      7   0.890   0.887   0.133   2.805    44.129
   16   4.9685e+06   4.9663e+06   4.9683e+06  26091   3397     0   2890   2927      2      2   0.850   0.922   0.122   2.787    46.916
   17   4.9683e+06   4.9664e+06   4.9683e+06  25847   3391     0   2299   2543      0      6   0.833   0.911   0.121   2.682    49.598
   18   4.9682e+06   4.9664e+06   4.9682e+06  24789   3391     0   2060   3118      0      0   0.795   0.909   0.127   2.606    52.204
   19   4.9682e+06   4.9664e+06   4.9682e+06  23278   3391     0   1646   3157      0      0   0.829   0.913   0.122   2.573    54.777
   20   4.9682e+06   4.9665e+06   4.9682e+06  21363   3389     0    847   2762      0      2   0.839   0.925   0.118   2.448    57.225
   21   4.9682e+06   4.9665e+06   4.9682e+06  19590   3389     0    383   2156      0      0   0.753   0.944   0.103   2.221    59.446
   22   4.9682e+06   4.9665e+06   4.9682e+06  17868   3388     0     45   1767      0      1   0.748   0.949   0.093   2.123    61.569
   23   4.9682e+06   4.9665e+06   4.9682e+06  16635   3388     0    131   1364      0      0   0.641   0.939   0.082   1.952    63.521
   24   4.9682e+06   4.9665e+06   4.9682e+06  15904   3385     0      3    734      0      3   0.659   0.909   0.074   1.865    65.387
   25   4.9682e+06   4.9665e+06   4.9682e+06  15904   3385     0      0      0      0      0   0.623   1.845   0.069   2.537    67.924
CG optimal after 25 iterations. UB=4968208.845097 LB=4966458.608826 gap=1.750e+03 tol=4.968e+02  t_LP=24.256  t_PR=27.004  t_SP=2.190  t_Tot=69.613
[pricing-cutoff] enabled=0 cut=0 priced=97710 rate=0.0%

# === STDOUT (result CSV) ===
Setting parameter 'LpMethod' to 2
Setting parameter 'GPUMode' to 2
Setting parameter 'Presolve' to 0
Setting parameter 'Crossover' to 0
instance,formulation,iterations,columns,objective,lower_bound,optimal,time,time_lp,time_pricing,time_separation
data/transportation/Sydney_net.tntp.gz,tree,25,12647,4968208.845097,4966458.608826,1,70.546,24.256,27.004,2.190
