# cmd: /usr/bin/time -o /tmp/mcfcg_mem_2dkas5gm.txt -f %M build/mcfcg_cli data/transportation/ChicagoRegional_net.tntp.gz --solver copt --copt-gpu-mode 2 --formulation tree --max-iters 10000 --time-limit 1800.0
# outcome: ok
# returncode: 0
# peak_rss_kb: 5911088
# peak_rss_source: measured
# === STDERR (CG iteration log + preamble) ===
TNTP: net=data/transportation/ChicagoRegional_net.tntp.gz trips=data/transportation/ChicagoRegional_trips.tntp.gz coef=4.1
Instance: 12982 vertices, 39018 arcs, 2297945 commodities, 1771 sources
Solver: copt (gpu-mode 2), formulation: tree
Pricing threads: 32 (auto)
Slack mode: CommodityRows (struct=1771, capped_arcs=39018)
[lp-config] backend=copt version=8.0.1 method=barrier exec=GPU presolve=off crossover=off tol=0.0001 threads=n/a(GPU)
   It           UB           LB       LP_obj   #col   #row  #slk   +col   -col   +cut   -cut    t_LP    t_PR    t_SP   t_Tot     t_acc
    1          inf   5.4984e+06   2.1129e+04   3542   1771  1757      0      0      0      0   0.337   0.458   0.003   0.798     0.798
    2          inf   5.4984e+06   2.0846e+05   3542   1771  1717      0      0      0      0   0.164   0.451   0.003   0.618     1.416
    3          inf   5.4984e+06   1.8320e+06   3542   1771  1324      0      0      0      0   0.154   0.450   0.004   0.609     2.025
    4          inf   5.4984e+06   5.3728e+06   3542   2014    24      0      0    243      0   0.151   0.452   0.011   0.613     2.638
    5          inf   5.4984e+06   7.6699e+06   5301   2025   567   1759      0     11      0   0.370   0.226   0.008   0.844     3.482
    6          inf   5.4984e+06   1.5972e+07   7060   2028   585   1759      0      3      0   0.558   0.225   0.013   1.044     4.526
    7          inf   5.4984e+06   2.7241e+07   8819   2033   513   1759      0      5      0   0.683   0.221   0.018   1.157     5.683
    8          inf   5.4984e+06   3.8959e+07  10579   2053   325   1760      0     20      0   0.718   0.224   0.025   1.197     6.880
    9          inf   5.4984e+06   5.0896e+07  12344   2062   313   1765      0      9      0   0.880   0.223   0.030   1.387     8.267
   10          inf   5.4984e+06   3.9714e+07  14021   2011   166   1762     85     28     79   0.992   0.221   0.041   1.606     9.873
   11          inf   5.4984e+06   6.7789e+06  14951   2055     2   1763    833     48      4   0.964   0.226   0.046   1.570    11.443
   12          inf   5.4984e+06   8.0070e+06  15593   2078    11   1761   1119     25      2   1.039   0.227   0.030   1.638    13.081
   13          inf   5.4984e+06   5.5328e+06  15878   2086     0   1761   1476     10      2   0.985   0.228   0.048   1.608    14.689
   14          inf   5.4984e+06   5.5272e+06  16307   2081     0   1756   1327      1      6   0.993   0.227   0.048   1.623    16.312
   15          inf   5.4984e+06   5.5231e+06  16753   2082     0   1756   1310      6      5   1.018   0.228   0.050   1.649    17.961
   16          inf   5.5005e+06   5.5204e+06  16873   2073     0   1756   1636      2     11   1.023   0.226   0.052   1.665    19.626
   17          inf   5.5043e+06   5.5188e+06  16540   2061     0   1754   2087      5     17   1.079   0.227   0.054   1.722    21.348
   18          inf   5.5043e+06   5.5175e+06  15516   2031     0   1753   2777      3     33   1.049   0.227   0.051   1.677    23.025
   19          inf   5.5065e+06   5.5165e+06  15225   2016     0   1751   2042      1     16   0.975   0.223   0.048   1.599    24.624
   20          inf   5.5094e+06   5.5157e+06  15233   2021     0   1750   1742      7      2   0.898   0.227   0.050   1.529    26.153
   21          inf   5.5094e+06   5.5150e+06  15446   2016     0   1750   1537      1      6   0.968   0.224   0.047   1.585    27.738
   22          inf   5.5105e+06   5.5147e+06  15778   2014     0   1743   1411      1      3   0.973   0.223   0.048   1.590    29.327
   23          inf   5.5106e+06   5.5145e+06  15952   2010     0   1734   1560      3      7   0.996   0.225   0.049   1.628    30.955
   24          inf   5.5109e+06   5.5142e+06  16012   2011     0   1736   1676      3      2   0.959   0.230   0.052   1.595    32.550
   25          inf   5.5111e+06   5.5140e+06  16170   2010     0   1742   1584      3      4   0.957   0.225   0.049   1.577    34.127
   26          inf   5.5115e+06   5.5138e+06  16433   2010     0   1728   1465      3      3   0.986   0.223   0.052   1.616    35.742
   27   5.5137e+06   5.5115e+06   5.5137e+06  16002   2009     0   1727   2158      0      1   0.995   0.232   0.052   1.630    37.372
   28   5.5137e+06   5.5119e+06   5.5136e+06  16233   2008     0   1714   1483      1      2   0.977   0.241   0.050   1.608    38.979
   29   5.5137e+06   5.5119e+06   5.5135e+06  16493   2007     0   1716   1456      1      2   0.942   0.241   0.053   1.584    40.563
   30   5.5137e+06   5.5119e+06   5.5134e+06  16490   2007     0   1713   1716      1      1   0.951   0.241   0.053   1.610    42.173
   31   5.5137e+06   5.5120e+06   5.5133e+06  16537   2004     0   1696   1649      1      4   1.027   0.242   0.051   1.673    43.846
   32   5.5137e+06   5.5120e+06   5.5133e+06  16907   2004     0   1695   1325      1      1   1.014   0.241   0.051   1.659    45.505
   33   5.5137e+06   5.5121e+06   5.5133e+06  17129   2002     0   1681   1459      2      4   1.062   0.243   0.055   1.730    47.236
   34   5.5132e+06   5.5122e+06   5.5132e+06  17459   2002     0   1650   1320      0      0   1.008   0.236   0.054   1.638    48.874
   35   5.5132e+06   5.5122e+06   5.5132e+06  18110   2005     0   1651   1000      3      0   1.060   0.236   0.053   1.694    50.568
   36   5.5132e+06   5.5123e+06   5.5132e+06  18596   2004     0   1597   1111      0      1   1.106   0.238   0.055   1.766    52.334
   37   5.5132e+06   5.5123e+06   5.5132e+06  19322   2005     0   1585    859      1      0   1.164   0.239   0.056   1.836    54.170
   38   5.5132e+06   5.5123e+06   5.5132e+06  20186   2005     0   1556    692      0      0   1.221   0.237   0.060   1.909    56.078
   39   5.5132e+06   5.5123e+06   5.5132e+06  20389   2004     0   1506   1303      0      1   1.261   0.233   0.065   1.930    58.009
   40   5.5132e+06   5.5123e+06   5.5132e+06  21393   2005     0   1423    419      1      0   1.300   0.232   0.062   1.982    59.991
   41   5.5132e+06   5.5123e+06   5.5132e+06  22035   2005     0   1382    740      0      0   1.361   0.225   0.063   2.021    62.012
   42   5.5132e+06   5.5124e+06   5.5132e+06  22607   2005     0   1321    749      0      0   1.352   0.227   0.065   2.016    64.028
   43   5.5132e+06   5.5124e+06   5.5132e+06  22971   2004     0   1110    746      0      1   1.441   0.226   0.067   2.092    66.120
   44   5.5132e+06   5.5124e+06   5.5132e+06  23323   2005     0   1037    685      1      0   1.424   0.230   0.069   2.074    68.194
   45   5.5132e+06   5.5124e+06   5.5132e+06  23676   2003     0    648    295      0      2   1.469   0.230   0.069   2.082    70.275
   46   5.5132e+06   5.5124e+06   5.5132e+06  23990   2003     0    568    254      0      0   1.451   0.230   0.069   2.044    72.319
   47   5.5132e+06   5.5124e+06   5.5132e+06  24098   2001     0    372    264      0      2   1.466   0.230   0.071   2.048    74.368
   48   5.5132e+06   5.5124e+06   5.5132e+06  24258   2001     0    223     63      0      0   1.477   0.231   0.063   2.016    76.383
   49   5.5132e+06   5.5124e+06   5.5132e+06  24315   2001     0    139     82      0      0   1.451   0.230   0.065   1.986    78.369
   50   5.5132e+06   5.5124e+06   5.5132e+06  24304   2001     0     28     39      0      0   1.479   0.231   0.064   1.997    80.366
   51   5.5132e+06   5.5124e+06   5.5132e+06  24292   2001     0      1     13      0      0   1.505   0.231   0.065   2.023    82.389
   52   5.5132e+06   5.5124e+06   5.5132e+06  24292   2001     0      0      0      0      0   1.486   0.463   0.064   2.013    84.402
CG optimal after 52 iterations. UB=5513156.281074 LB=5512373.916715 gap=7.824e+02 tol=5.513e+02  t_LP=53.318  t_PR=13.603  t_SP=2.494  t_Tot=84.924
[pricing-cutoff] enabled=0 cut=0 priced=102718 rate=0.0%

# === STDOUT (result CSV) ===
Setting parameter 'LpMethod' to 2
Setting parameter 'GPUMode' to 2
Setting parameter 'Presolve' to 0
Setting parameter 'Crossover' to 0
instance,formulation,iterations,columns,objective,lower_bound,optimal,time,time_lp,time_pricing,time_separation
data/transportation/ChicagoRegional_net.tntp.gz,tree,52,22521,5513156.281074,5512373.916715,1,85.471,53.318,13.603,2.494
