# cmd: /usr/bin/time -o /tmp/mcfcg_mem_ehc_5n2i.txt -f %M build/mcfcg_cli data/transportation/BerlinCenter_net.tntp.gz --solver copt --copt-gpu-mode 2 --formulation tree --max-iters 10000 --time-limit 1800.0
# outcome: ok
# returncode: 0
# peak_rss_kb: 751952
# peak_rss_source: measured
# === STDERR (CG iteration log + preamble) ===
TNTP: net=data/transportation/BerlinCenter_net.tntp.gz trips=data/transportation/BerlinCenter_trips.tntp.gz coef=0.5
Instance: 12981 vertices, 28376 arcs, 49688 commodities, 865 sources
Solver: copt (gpu-mode 2), formulation: tree
Pricing threads: 32 (auto)
Slack mode: CommodityRows (struct=865, capped_arcs=28376)
[lp-config] backend=copt version=8.0.1 method=barrier exec=GPU presolve=off crossover=off tol=0.0001 threads=n/a(GPU)
   It           UB           LB       LP_obj   #col   #row  #slk   +col   -col   +cut   -cut    t_LP    t_PR    t_SP   t_Tot     t_acc
    1          inf   2.6118e+07   2.6017e+05   1730    865   853      0      0      0      0   0.337   0.079   0.003   0.418     0.418
    2          inf   2.6118e+07   2.4448e+06   1730    865   754      0      0      0      0   0.162   0.073   0.002   0.237     0.656
    3          inf   2.6118e+07   1.5789e+07   1730    891   303      0      0     26      0   0.152   0.076   0.003   0.230     0.886
    4          inf   2.6118e+07   4.0348e+07   2184   1138   237    454      0    247      0   0.166   0.038   0.003   0.212     1.098
    5          inf   2.6118e+07   1.0208e+08   2896   1185   376    712      0     47      0   0.230   0.044   0.003   0.284     1.382
    6          inf   2.6118e+07   3.1195e+08   3608   1251   303    746     34     66      0   0.244   0.045   0.003   0.303     1.685
    7          inf   2.6118e+07   7.6867e+08   4349   1299   254    741      0     48      0   0.271   0.034   0.003   0.316     2.001
    8          inf   2.6118e+07   1.4776e+09   5090   1365   193    741      0     66      0   0.306   0.043   0.004   0.360     2.361
    9          inf   2.6118e+07   2.1270e+09   5778   1402   158    745     57     37      0   0.395   0.046   0.005   0.459     2.820
   10          inf   2.6118e+07   1.7070e+09   6246   1384    94    743    275     26     44   0.474   0.047   0.004   0.543     3.363
   11          inf   2.6118e+07   1.4185e+09   6588   1418    47    719    377     38      4   0.439   0.054   0.005   0.515     3.878
   12          inf   2.6118e+07   5.3496e+08   6828   1448     7    717    477     46     16   0.473   0.057   0.005   0.552     4.430
   13          inf   2.6118e+07   1.1042e+09   7030   1476    15    710    508     41     13   0.502   0.051   0.006   0.576     5.006
   14          inf   2.6118e+07   3.6942e+08   7101   1483     1    683    612     29     22   0.550   0.044   0.005   0.617     5.622
   15          inf   2.6379e+07   2.8297e+07   7123   1485     0    680    658     19     17   0.464   0.050   0.005   0.537     6.159
   16          inf   2.6574e+07   2.8001e+07   7108   1490     0    678    693     13      8   0.496   0.045   0.006   0.564     6.724
   17          inf   2.7141e+07   2.7873e+07   7201   1481     0    660    567      8     17   0.507   0.044   0.006   0.576     7.300
   18          inf   2.7141e+07   2.7754e+07   7128   1466     0    659    732      6     21   0.520   0.044   0.005   0.588     7.888
   19          inf   2.7278e+07   2.7678e+07   6879   1434     0    618    867      8     40   0.535   0.052   0.006   0.612     8.500
   20          inf   2.7314e+07   2.7628e+07   6588   1389     0    621    912      4     49   0.521   0.044   0.006   0.589     9.088
   21          inf   2.7407e+07   2.7593e+07   6408   1363     0    487    667      2     28   0.435   0.049   0.006   0.506     9.594
   22          inf   2.7407e+07   2.7573e+07   6278   1357     0    462    592      8     14   0.422   0.050   0.005   0.493    10.087
   23          inf   2.7461e+07   2.7555e+07   6215   1344     0    484    547      5     18   0.430   0.051   0.006   0.501    10.589
   24          inf   2.7480e+07   2.7549e+07   6126   1338     0    462    551      4     10   0.403   0.041   0.005   0.465    11.054
   25          inf   2.7500e+07   2.7543e+07   6122   1331     0    451    455      2      9   0.397   0.050   0.005   0.466    11.520
   26          inf   2.7505e+07   2.7538e+07   6093   1330     0    420    449      1      2   0.405   0.047   0.005   0.475    11.995
   27   2.7534e+07   2.7511e+07   2.7534e+07   6106   1325     0    393    380      0      5   0.395   0.051   0.005   0.464    12.459
   28   2.7532e+07   2.7517e+07   2.7532e+07   6093   1323     0    388    401      0      2   0.382   0.049   0.005   0.449    12.908
   29   2.7532e+07   2.7524e+07   2.7530e+07   6030   1324     0    337    400      4      3   0.398   0.051   0.006   0.469    13.377
   30   2.7530e+07   2.7524e+07   2.7530e+07   6093   1324     0    427    364      0      0   0.411   0.050   0.005   0.479    13.856
   31   2.7530e+07   2.7526e+07   2.7530e+07   6113   1322     0    334    314      0      2   0.388   0.047   0.005   0.454    14.309
   32   2.7530e+07   2.7527e+07   2.7529e+07   6113   1323     0   *345      0      1      0   0.426   0.051   0.005   0.482    14.792
CG optimal after 32 iterations. UB=27529599.619425 LB=27527365.769793 gap=2.234e+03 tol=2.753e+03  t_LP=12.637  t_PR=1.644  t_SP=0.150  t_Tot=14.841
[pricing-cutoff] enabled=0 cut=0 priced=31140 rate=0.0%

# === STDOUT (result CSV) ===
Setting parameter 'LpMethod' to 2
Setting parameter 'GPUMode' to 2
Setting parameter 'Presolve' to 0
Setting parameter 'Crossover' to 0
instance,formulation,iterations,columns,objective,lower_bound,optimal,time,time_lp,time_pricing,time_separation
data/transportation/BerlinCenter_net.tntp.gz,tree,32,5248,27529599.619425,27527365.769793,1,14.893,12.637,1.644,0.150
