# cmd: /usr/bin/time -o /tmp/mcfcg_mem_61sz57si.txt -f %M build/mcfcg_cli data/intermodal/SBT-56295-0.txt.gz --solver copt --copt-gpu-mode 2 --formulation tree --max-iters 10000 --strategy pricer-heavy --time-limit 1800.0
# outcome: ok
# returncode: 0
# peak_rss_kb: 2452748
# peak_rss_source: measured
# === STDERR (CG iteration log + preamble) ===
Instance: 263559 vertices, 4725174 arcs, 56269 commodities, 56269 sources
Solver: copt (gpu-mode 2), formulation: tree
Pricing threads: 32 (auto)
Slack mode: CommodityRows (struct=56269, capped_arcs=4478154)
[lp-config] backend=copt version=8.0.1 method=barrier exec=GPU presolve=off crossover=off tol=0.0001 threads=n/a(GPU)
   It           UB           LB       LP_obj   #col   #row  #slk   +col   -col   +cut   -cut    t_LP    t_PR    t_SP   t_Tot     t_acc
    1          inf         -inf   1.4398e+06 112538  56332   974      0      0     63      0   0.603   0.000   0.334   0.939     0.939
    2          inf         -inf   1.4541e+06 114364  56332  1658   1826      0      0      0   0.177   0.864   0.334   1.378     2.317
    3          inf         -inf   1.4482e+06 114364  56350     7      0      0     18      0   0.181   0.000   0.343   0.527     2.844
    4          inf         -inf   1.4484e+06 114364  56352    42      0      0      2      0   0.184   0.000   0.341   0.527     3.370
    5          inf         -inf   1.4484e+06 114416  56352    42     52      0      0      0   0.187   0.153   0.333   0.674     4.044
    6          inf   1.4445e+06   1.4488e+06 114986  56352    45    570      0      0      0   0.188  14.654   0.339  15.182    19.227
    7          inf   1.4445e+06   1.4479e+06 114986  56353     0      0      0      1      0   0.188   0.000   0.335   0.525    19.751
    8   1.4479e+06   1.4445e+06   1.4479e+06 115019  56312     0     33      0      0     41   0.185   0.152   0.334   0.675    20.426
    9   1.4479e+06   1.4445e+06   1.4479e+06 115019  56320     0      0      0      8      0   0.186   0.000   0.335   0.523    20.949
   10   1.4479e+06   1.4477e+06   1.4479e+06 115019  56320     0    *30      0      0      0   0.185  14.953   0.335  15.473    36.422
CG optimal after 10 iterations. UB=1447869.000000 LB=1447747.204200 gap=1.218e+02 tol=1.448e+02  t_LP=2.263  t_PR=45.483  t_SP=3.362  t_Tot=51.132
[pricing-cutoff] enabled=0 cut=0 priced=171350 rate=0.0%

# === STDOUT (result CSV) ===
Setting parameter 'LpMethod' to 2
Setting parameter 'GPUMode' to 2
Setting parameter 'Presolve' to 0
Setting parameter 'Crossover' to 0
instance,formulation,iterations,columns,objective,lower_bound,optimal,time,time_lp,time_pricing,time_separation
data/intermodal/SBT-56295-0.txt.gz,tree,10,58750,1447869.000000,1447747.204200,1,52.184,2.263,45.483,3.362
