# cmd: /usr/bin/time -o /tmp/mcfcg_mem_qibkz0y7.txt -f %M build/mcfcg_cli data/intermodal/BUS-18424-0.txt.gz --solver copt --copt-gpu-mode 2 --formulation tree --max-iters 10000 --strategy pricer-heavy --time-limit 1800.0
# outcome: ok
# returncode: 0
# peak_rss_kb: 1131292
# peak_rss_source: measured
# === STDERR (CG iteration log + preamble) ===
Instance: 151455 vertices, 1338522 arcs, 18388 commodities, 18388 sources
Solver: copt (gpu-mode 2), formulation: tree
Pricing threads: 32 (auto)
Slack mode: CommodityRows (struct=18388, capped_arcs=1151624)
[lp-config] backend=copt version=8.0.1 method=barrier exec=GPU presolve=off crossover=off tol=0.0001 threads=n/a(GPU)
   It           UB           LB       LP_obj   #col   #row  #slk   +col   -col   +cut   -cut    t_LP    t_PR    t_SP   t_Tot     t_acc
    1          inf         -inf   4.7151e+05  36776  18454  1078      0      0     66      0   0.441   0.000   0.094   0.536     0.536
    2          inf         -inf   4.7582e+05  37652  18454  1435    876      0      0      0   0.169   0.146   0.092   0.410     0.946
    3          inf         -inf   4.8678e+05  37652  18496   136      0      0     42      0   0.170   0.000   0.090   0.261     1.207
    4          inf         -inf   4.8820e+05  37652  18498   237      0      0      2      0   0.177   0.000   0.092   0.270     1.476
    5          inf         -inf   4.8824e+05  37736  18498   240     84      0      0      0   0.183   0.042   0.093   0.319     1.795
    6          inf         -inf   5.0368e+05  37736  18505   224      0      0      7      0   0.177   0.000   0.089   0.267     2.063
    7          inf         -inf   5.0369e+05  37840  18482   226    104      0      0     23   0.182   0.046   0.090   0.320     2.382
    8          inf         -inf   5.3728e+05  37840  18483   179      0      0      1      0   0.177   0.000   0.089   0.266     2.649
    9          inf         -inf   5.3729e+05  37872  18454   181     32      0      0     29   0.175   0.043   0.090   0.309     2.958
   10          inf         -inf   5.6715e+05  37872  18457   196      0      0      3      0   0.175   0.000   0.090   0.266     3.224
   11          inf         -inf   5.6715e+05  37901  18455   197     29      0      0      2   0.177   0.038   0.089   0.306     3.530
   12          inf         -inf   6.8040e+05  37901  18458   176      0      0      3      0   0.185   0.000   0.094   0.280     3.810
   13          inf         -inf   6.8040e+05  37901  18459   176      0      0      1      0   0.175   0.000   0.089   0.264     4.074
   14          inf         -inf   6.8040e+05  37923  18451   176     22      0      0      8   0.187   0.041   0.093   0.322     4.396
   15          inf         -inf   9.2510e+05  37923  18452   162      0      0      1      0   0.176   0.000   0.092   0.268     4.664
   16          inf         -inf   9.2510e+05  37924  18449   162      1      0      0      3   0.181   0.040   0.089   0.311     4.976
   17          inf         -inf   1.1038e+06  37924  18452   191      0      0      3      0   0.175   0.000   0.090   0.266     5.242
   18          inf         -inf   1.1038e+06  38010  18449   191     86      0      0      3   0.181   0.056   0.089   0.327     5.569
   19          inf  -5.2904e+06   1.4808e+06  38996  18448   154    986      0      0      1   0.177   0.727   0.090   0.997     6.565
   20          inf  -5.2904e+06   4.8491e+05  38996  18487     0      0      0     39      0   0.177   0.000   0.091   0.269     6.834
   21          inf  -5.2904e+06   4.8513e+05  38996  18495    11      0      0      8      0   0.194   0.000   0.091   0.285     7.119
   22          inf  -5.2904e+06   4.8517e+05  38996  18500    13      0      0      5      0   0.198   0.000   0.091   0.290     7.409
   23          inf  -5.2904e+06   4.8517e+05  38999  18500    15      3      0      0      0   0.195   0.042   0.092   0.329     7.738
   24          inf   4.8375e+05   4.8523e+05  39417  18499     2    418      0      0      1   0.191   0.754   0.091   1.038     8.777
   25          inf   4.8375e+05   4.8504e+05  39417  18504     0      0      0      5      0   0.189   0.000   0.090   0.280     9.056
   26   4.8504e+05   4.8375e+05   4.8504e+05  39467  18464     0     50      0      0     40   0.202   0.055   0.091   0.348     9.405
   27   4.8504e+05   4.8375e+05   4.8504e+05  39467  18470     0      0      0      6      0   0.193   0.000   0.090   0.284     9.688
   28   4.8504e+05   4.8375e+05   4.8504e+05  39468  18461     0      1      0      0      9   0.194   0.054   0.089   0.338    10.027
   29   4.8504e+05   4.8497e+05   4.8504e+05  39519  18458     0     51      0      0      3   0.194   0.750   0.092   1.036    11.063
   30   4.8504e+05   4.8497e+05   4.8503e+05  39519  18460     0      0      0      2      0   0.194   0.000   0.092   0.286    11.349
   31   4.8503e+05   4.8497e+05   4.8503e+05  39532  18452     0     13      0      0      8   0.196   0.047   0.089   0.333    11.682
   32   4.8503e+05   4.8497e+05   4.8503e+05  39532  18454     0      0      0      2      0   0.190   0.000   0.091   0.282    11.964
   33   4.8503e+05   4.8499e+05   4.8503e+05  39532  18454     0     *1      0      0      0   0.194   0.779   0.091   1.065    13.028
CG optimal after 33 iterations. UB=485025.500001 LB=484993.074018 gap=3.243e+01 tol=4.850e+01  t_LP=6.343  t_PR=4.416  t_SP=2.995  t_Tot=13.786
[pricing-cutoff] enabled=0 cut=0 priced=94273 rate=0.0%

# === STDOUT (result CSV) ===
Setting parameter 'LpMethod' to 2
Setting parameter 'GPUMode' to 2
Setting parameter 'Presolve' to 0
Setting parameter 'Crossover' to 0
instance,formulation,iterations,columns,objective,lower_bound,optimal,time,time_lp,time_pricing,time_separation
data/intermodal/BUS-18424-0.txt.gz,tree,33,21144,485025.500001,484993.074018,1,14.116,6.343,4.416,2.995
