# cmd: /usr/bin/time -o /tmp/mcfcg_mem_ulf7euax.txt -f %M build/mcfcg_cli data/commalab/grid/grid9 --solver copt --copt-gpu-mode 2 --formulation tree --max-iters 10000 --time-limit 1800.0
# outcome: ok
# returncode: 0
# peak_rss_kb: 532936
# peak_rss_source: measured
# === STDERR (CG iteration log + preamble) ===
Instance: 625 vertices, 2400 arcs, 1000 commodities, 495 sources
Solver: copt (gpu-mode 2), formulation: tree
Pricing threads: 32 (auto)
Slack mode: CommodityRows (struct=495, capped_arcs=2400)
[lp-config] backend=copt version=8.0.1 method=barrier exec=GPU presolve=off crossover=off tol=0.0001 threads=n/a(GPU)
   It           UB           LB       LP_obj   #col   #row  #slk   +col   -col   +cut   -cut    t_LP    t_PR    t_SP   t_Tot     t_acc
    1          inf   8.1702e+07   4.9500e+04    990    495   495      0      0      0      0   0.352   0.004   0.000   0.357     0.357
    2          inf   8.1702e+07   4.9500e+05    990    495   495      0      0      0      0   0.160   0.004   0.000   0.164     0.521
    3          inf   8.1702e+07   4.9481e+06    990    495   493      0      0      0      0   0.154   0.003   0.000   0.158     0.678
    4          inf   8.1702e+07   4.1744e+07    990    495   314      0      0      0      0   0.154   0.004   0.000   0.159     0.837
    5          inf   8.1702e+07   8.1702e+07    990    822     0      0      0    327      0   0.157   0.003   0.000   0.160     0.997
    6          inf   8.1702e+07   1.7605e+08   1392    822   253    402      0      0      0   0.210   0.002   0.000   0.213     1.210
    7          inf   8.1702e+07   5.2113e+08   1810    826   224    418      0      4      0   0.218   0.002   0.000   0.221     1.431
    8          inf   8.1702e+07   6.8576e+08   2243    881   143    433      0     55      0   0.223   0.002   0.000   0.226     1.656
    9          inf   8.1702e+07   6.2611e+08   2683    918   109    440      0     37      0   0.242   0.002   0.000   0.245     1.901
   10          inf   8.1702e+07   1.4245e+08   3114    984    26    431      0     66      0   0.283   0.002   0.000   0.286     2.188
   11          inf   8.1702e+07   8.2942e+07   3457    921     0    430     87     24     87   0.340   0.001   0.001   0.344     2.532
   12          inf   8.2258e+07   8.2834e+07   3713    950     0    403    147     29      0   0.304   0.002   0.000   0.307     2.839
   13          inf   8.2328e+07   8.2789e+07   3959    955     0    389    143      9      4   0.302   0.002   0.000   0.306     3.145
   14          inf   8.2452e+07   8.2747e+07   4130    962     0    378    207     17     10   0.304   0.002   0.001   0.308     3.453
   15          inf   8.2516e+07   8.2718e+07   4188    968     0    350    292     15      9   0.310   0.002   0.000   0.314     3.767
   16          inf   8.2535e+07   8.2697e+07   4005    956     0    328    511     13     25   0.309   0.002   0.000   0.313     4.080
   17          inf   8.2576e+07   8.2683e+07   3846    954     0    309    468      9     11   0.311   0.002   0.000   0.315     4.395
   18          inf   8.2607e+07   8.2672e+07   3767    948     0    286    365      6     12   0.321   0.002   0.000   0.325     4.720
   19          inf   8.2613e+07   8.2663e+07   3658    947     0    272    381      8      9   0.304   0.002   0.000   0.308     5.028
   20          inf   8.2632e+07   8.2659e+07   3548    948     0    227    337      6      5   0.319   0.002   0.000   0.323     5.351
   21          inf   8.2636e+07   8.2656e+07   3467    944     0    243    324      2      6   0.304   0.002   0.000   0.308     5.659
   22          inf   8.2646e+07   8.2655e+07   3361    939     0    211    317      1      6   0.296   0.002   0.000   0.300     5.959
   23          inf   8.2649e+07   8.2654e+07   3266    936     0    174    269      4      7   0.305   0.002   0.000   0.308     6.267
   24          inf   8.2651e+07   8.2653e+07   3206    934     0    167    227      2      4   0.313   0.002   0.000   0.317     6.584
   25          inf   8.2651e+07   8.2653e+07   3087    929     0     97    216      1      6   0.312   0.001   0.000   0.316     6.900
   26          inf   8.2652e+07   8.2653e+07   2962    925     0     51    176      1      5   0.312   0.002   0.000   0.315     7.215
   27   8.2653e+07   8.2653e+07   8.2653e+07   2962    925     0    *20      0      0      0   0.301   0.002   0.000   0.303     7.518
CG optimal after 27 iterations. UB=82652990.422773 LB=82652860.983645 gap=1.294e+02 tol=8.265e+03  t_LP=7.421  t_PR=0.065  t_SP=0.010  t_Tot=7.528
[pricing-cutoff] enabled=0 cut=0 priced=16335 rate=0.0%

# === STDOUT (result CSV) ===
Setting parameter 'LpMethod' to 2
Setting parameter 'GPUMode' to 2
Setting parameter 'Presolve' to 0
Setting parameter 'Crossover' to 0
instance,formulation,iterations,columns,objective,lower_bound,optimal,time,time_lp,time_pricing,time_separation
data/commalab/grid/grid9,tree,27,2467,82652990.422773,82652860.983645,1,7.550,7.421,0.065,0.010
