# cmd: /usr/bin/time -o /tmp/mcfcg_mem_yg7_jy78.txt -f %M build/mcfcg_cli data/commalab/grid/grid4 --solver copt --copt-gpu-mode 2 --formulation tree --max-iters 10000 --time-limit 1800.0
# outcome: ok
# returncode: 0
# peak_rss_kb: 476288
# peak_rss_source: measured
# === STDERR (CG iteration log + preamble) ===
Instance: 100 vertices, 360 arcs, 100 commodities, 63 sources
Solver: copt (gpu-mode 2), formulation: tree
Pricing threads: 32 (auto)
Slack mode: CommodityRows (struct=63, capped_arcs=360)
[lp-config] backend=copt version=8.0.1 method=barrier exec=GPU presolve=off crossover=off tol=0.0001 threads=n/a(GPU)
   It           UB           LB       LP_obj   #col   #row  #slk   +col   -col   +cut   -cut    t_LP    t_PR    t_SP   t_Tot     t_acc
    1          inf   3.0156e+06   6.3000e+03    126     63    63      0      0      0      0   0.345   0.000   0.000   0.345     0.345
    2          inf   3.0156e+06   6.3000e+04    126     63    63      0      0      0      0   0.155   0.000   0.000   0.155     0.500
    3          inf   3.0156e+06   6.1060e+05    126     63    57      0      0      0      0   0.149   0.000   0.000   0.149     0.649
    4          inf   3.0156e+06   2.8543e+06    126     79     5      0      0     16      0   0.152   0.000   0.000   0.152     0.802
    5          inf   3.0156e+06   3.3182e+06    160     88    12     34      0      9      0   0.149   0.000   0.000   0.149     0.951
    6          inf   3.0156e+06   4.7878e+06    197     90    13     37      0      2      0   0.152   0.000   0.000   0.152     1.103
    7          inf   3.0156e+06   3.7997e+06    223     95     6     26      0      5      0   0.156   0.000   0.000   0.156     1.259
    8          inf   3.0156e+06   3.0828e+06    250    101     1     27      0      6      0   0.157   0.000   0.000   0.157     1.416
    9          inf   3.0257e+06   3.0332e+06    269    103     0     19      0      2      0   0.161   0.000   0.000   0.162     1.578
   10   3.0326e+06   3.0301e+06   3.0326e+06    275    102     0      7      1      0      1   0.166   0.000   0.000   0.167     1.745
   11   3.0323e+06   3.0304e+06   3.0323e+06    283    102     0     11      3      0      0   0.159   0.000   0.000   0.159     1.904
   12   3.0317e+06   3.0317e+06   3.0317e+06    283    102     0     *1      0      0      0   0.163   0.000   0.000   0.163     2.067
CG optimal after 12 iterations. UB=3031712.000015 LB=3031657.510091 gap=5.449e+01 tol=3.032e+02  t_LP=2.063  t_PR=0.004  t_SP=0.000  t_Tot=2.068
[pricing-cutoff] enabled=0 cut=0 priced=1071 rate=0.0%

# === STDOUT (result CSV) ===
Setting parameter 'LpMethod' to 2
Setting parameter 'GPUMode' to 2
Setting parameter 'Presolve' to 0
Setting parameter 'Crossover' to 0
instance,formulation,iterations,columns,objective,lower_bound,optimal,time,time_lp,time_pricing,time_separation
data/commalab/grid/grid4,tree,12,220,3031712.000015,3031657.510091,1,2.085,2.063,0.004,0.000
