# cmd: /usr/bin/time -o /tmp/mcfcg_mem_g7do5ljz.txt -f %M build/mcfcg_cli data/commalab/grid/grid14 --solver copt --copt-gpu-mode 2 --formulation path --max-iters 10000 --time-limit 1800.0
# outcome: ok
# returncode: 0
# peak_rss_kb: 751572
# peak_rss_source: measured
# === STDERR (CG iteration log + preamble) ===
Instance: 1225 vertices, 4760 arcs, 16000 commodities, 1225 sources
Solver: copt (gpu-mode 2), formulation: path
Pricing threads: 32 (auto)
Slack mode: EdgeRows (struct=16000, capped_arcs=4760)
[lp-config] backend=copt version=8.0.1 method=barrier exec=GPU presolve=off crossover=off tol=0.0001 threads=n/a(GPU)
   It           UB           LB       LP_obj   #col   #row  #slk   +col   -col   +cut   -cut    t_LP    t_PR    t_SP   t_Tot     t_acc
    1          inf   1.7977e+09   1.7977e+09  16217  16217     0      0      0    217      0   0.357   0.022   0.003   0.382     0.382
    2          inf   1.7977e+09   2.0002e+09  27921  16217   217  11704      0      0      0   0.378   0.012   0.001   0.397     0.779
    3          inf   1.7977e+09   1.8060e+09  35390  16292     0   7394      0     75      0   0.370   0.009   0.003   0.390     1.168
    4          inf   1.7977e+09   1.8061e+09  44284  16303     3   8883      0     11      0   0.620   0.012   0.004   0.644     1.813
    5          inf   1.8013e+09   1.8036e+09  50555  16311     0   6263      0      8      0   0.694   0.011   0.005   0.716     2.529
    6          inf   1.8021e+09   1.8030e+09  55224  16316     0   4664      0      5      0   0.669   0.011   0.005   0.690     3.218
    7          inf   1.8024e+09   1.8028e+09  57917  16318     0   2691      0      2      0   0.752   0.011   0.006   0.773     3.992
    8          inf   1.8026e+09   1.8027e+09  51774  16222     0   1016   7063      2     98   0.683   0.010   0.006   0.730     4.721
    9          inf   1.8027e+09   1.8027e+09  47049  16195     0    440   5138      2     29   0.639   0.010   0.004   0.675     5.396
   10   1.8027e+09   1.8027e+09   1.8027e+09  47049  16195     0   *173      0      0      0   0.563   0.011   0.001   0.575     5.971
CG optimal after 10 iterations. UB=1802673131.435337 LB=1802670185.347070 gap=2.946e+03 tol=1.803e+05  t_LP=5.724  t_PR=0.144  t_SP=0.038  t_Tot=5.997
[pricing-cutoff] enabled=0 cut=0 priced=14700 rate=0.0%

# === STDOUT (result CSV) ===
Setting parameter 'LpMethod' to 2
Setting parameter 'GPUMode' to 2
Setting parameter 'Presolve' to 0
Setting parameter 'Crossover' to 0
instance,formulation,iterations,columns,objective,lower_bound,optimal,time,time_lp,time_pricing,time_separation
data/commalab/grid/grid14,path,10,46854,1802673131.435337,1802670185.347070,1,6.037,5.724,0.144,0.038
