# cmd: /usr/bin/time -o /tmp/mcfcg_mem_gc7bz_9c.txt -f %M build/mcfcg_cli data/commalab/grid/grid10 --solver copt --copt-gpu-mode 2 --formulation tree --max-iters 10000 --time-limit 1800.0
# outcome: ok
# returncode: 0
# peak_rss_kb: 553468
# peak_rss_source: measured
# === STDERR (CG iteration log + preamble) ===
Instance: 625 vertices, 2400 arcs, 2000 commodities, 593 sources
Solver: copt (gpu-mode 2), formulation: tree
Pricing threads: 32 (auto)
Slack mode: CommodityRows (struct=593, capped_arcs=2400)
[lp-config] backend=copt version=8.0.1 method=barrier exec=GPU presolve=off crossover=off tol=0.0001 threads=n/a(GPU)
   It           UB           LB       LP_obj   #col   #row  #slk   +col   -col   +cut   -cut    t_LP    t_PR    t_SP   t_Tot     t_acc
    1          inf   1.6221e+08   5.9300e+04   1186    593   593      0      0      0      0   0.364   0.005   0.000   0.369     0.369
    2          inf   1.6221e+08   5.9300e+05   1186    593   593      0      0      0      0   0.166   0.004   0.000   0.170     0.539
    3          inf   1.6221e+08   5.9216e+06   1186    593   590      0      0      0      0   0.159   0.005   0.000   0.164     0.703
    4          inf   1.6221e+08   5.5288e+07   1186    593   495      0      0      0      0   0.154   0.004   0.000   0.159     0.861
    5          inf   1.6221e+08   1.6218e+08   1186    910     1      0      0    317      0   0.157   0.005   0.000   0.162     1.024
    6          inf   1.6221e+08   2.8039e+08   1706    910   271    520      0      0      0   0.213   0.002   0.000   0.217     1.240
    7          inf   1.6221e+08   7.6387e+08   2250    913   299    544      0      3      0   0.239   0.002   0.000   0.242     1.482
    8          inf   1.6221e+08   1.3705e+09   2798    924   201    548      0     11      0   0.225   0.002   0.000   0.228     1.711
    9          inf   1.6221e+08   1.3036e+09   3359    965   158    561      0     41      0   0.245   0.002   0.000   0.249     1.960
   10          inf   1.6221e+08   9.8212e+08   3923   1010   105    564      0     45      0   0.263   0.002   0.000   0.267     2.227
   11          inf   1.6221e+08   1.6511e+08   4393    986     0    557     87     60     84   0.382   0.002   0.000   0.387     2.614
   12          inf   1.6285e+08   1.6463e+08   4669   1017     0    539    263     33      2   0.327   0.002   0.000   0.333     2.947
   13          inf   1.6335e+08   1.6449e+08   4925   1033     0    532    276     17      1   0.316   0.002   0.000   0.322     3.268
   14          inf   1.6355e+08   1.6439e+08   5140   1046     0    524    309     13      0   0.330   0.002   0.001   0.335     3.603
   15          inf   1.6374e+08   1.6432e+08   5264   1049     0    510    386     12      9   0.337   0.003   0.000   0.343     3.946
   16          inf   1.6381e+08   1.6426e+08   5318   1049     0    505    451      8      8   0.337   0.002   0.001   0.343     4.289
   17          inf   1.6389e+08   1.6422e+08   5136   1034     0    499    681      5     20   0.354   0.002   0.001   0.360     4.649
   18          inf   1.6395e+08   1.6418e+08   5045   1025     0    476    567      9     18   0.333   0.002   0.001   0.339     4.988
   19          inf   1.6399e+08   1.6416e+08   4976   1017     0    471    540      4     12   0.319   0.002   0.000   0.324     5.312
   20          inf   1.6400e+08   1.6414e+08   4920   1020     0    436    492      9      6   0.339   0.002   0.001   0.345     5.657
   21          inf   1.6405e+08   1.6413e+08   4838   1017     0    415    497      4      7   0.339   0.002   0.001   0.344     6.001
   22          inf   1.6407e+08   1.6412e+08   4785   1016     0    417    470      4      5   0.325   0.002   0.001   0.331     6.332
   23          inf   1.6408e+08   1.6412e+08   4682   1019     0    371    474      6      3   0.358   0.002   0.001   0.363     6.696
   24          inf   1.6409e+08   1.6411e+08   4610   1022     0    363    435      5      2   0.373   0.002   0.001   0.379     7.075
   25          inf   1.6410e+08   1.6411e+08   4557   1025     0    351    404      5      2   0.341   0.002   0.000   0.347     7.421
   26          inf   1.6411e+08   1.6411e+08   4506   1026     0    337    388      3      2   0.381   0.002   0.001   0.386     7.808
   27          inf   1.6411e+08   1.6411e+08   4395   1024     0    225    336      1      3   0.370   0.002   0.000   0.376     8.183
   28   1.6411e+08   1.6411e+08   1.6411e+08   4395   1024     0   *212      0      0      0   0.346   0.002   0.001   0.349     8.532
CG optimal after 28 iterations. UB=164110919.422102 LB=164110609.379522 gap=3.100e+02 tol=1.641e+04  t_LP=8.390  t_PR=0.080  t_SP=0.013  t_Tot=8.539
[pricing-cutoff] enabled=0 cut=0 priced=20162 rate=0.0%

# === STDOUT (result CSV) ===
Setting parameter 'LpMethod' to 2
Setting parameter 'GPUMode' to 2
Setting parameter 'Presolve' to 0
Setting parameter 'Crossover' to 0
instance,formulation,iterations,columns,objective,lower_bound,optimal,time,time_lp,time_pricing,time_separation
data/commalab/grid/grid10,tree,28,3802,164110919.422102,164110609.379522,1,8.562,8.390,0.080,0.013
