# cmd: /usr/bin/time -o /tmp/mcfcg_mem__czfhed_.txt -f %M build/mcfcg_cli data/commalab/grid/grid7 --solver copt --copt-gpu-mode 2 --formulation tree --max-iters 10000 --time-limit 1800.0
# outcome: ok
# returncode: 0
# peak_rss_kb: 485980
# peak_rss_source: measured
# === STDERR (CG iteration log + preamble) ===
Instance: 400 vertices, 1520 arcs, 400 commodities, 247 sources
Solver: copt (gpu-mode 2), formulation: tree
Pricing threads: 32 (auto)
Slack mode: CommodityRows (struct=247, capped_arcs=1520)
[lp-config] backend=copt version=8.0.1 method=barrier exec=GPU presolve=off crossover=off tol=0.0001 threads=n/a(GPU)
   It           UB           LB       LP_obj   #col   #row  #slk   +col   -col   +cut   -cut    t_LP    t_PR    t_SP   t_Tot     t_acc
    1          inf   2.5727e+07   2.4700e+04    494    247   247      0      0      0      0   0.351   0.001   0.000   0.352     0.352
    2          inf   2.5727e+07   2.4700e+05    494    247   247      0      0      0      0   0.159   0.001   0.000   0.160     0.513
    3          inf   2.5727e+07   2.4518e+06    494    247   242      0      0      0      0   0.152   0.001   0.000   0.153     0.666
    4          inf   2.5727e+07   1.7985e+07    494    249   101      0      0      2      0   0.152   0.001   0.000   0.153     0.820
    5          inf   2.5727e+07   3.5045e+07    533    346    30     39      0     97      0   0.158   0.001   0.000   0.159     0.979
    6          inf   2.5727e+07   6.4116e+07    712    354   113    184      5      8      0   0.172   0.001   0.000   0.174     1.153
    7          inf   2.5727e+07   8.5724e+07    893    362    64    181      0      8      0   0.180   0.001   0.000   0.181     1.334
    8          inf   2.5727e+07   3.2468e+07   1055    392    14    162      0     30      0   0.192   0.000   0.000   0.193     1.526
    9          inf   2.5798e+07   2.5897e+07   1202    411     0    147      0     19      0   0.205   0.001   0.000   0.207     1.733
   10          inf   2.5812e+07   2.5884e+07   1335    415     0    141      8      5      1   0.209   0.001   0.000   0.211     1.944
   11          inf   2.5842e+07   2.5874e+07   1428    399     0    115     22      5     21   0.204   0.001   0.000   0.205     2.149
   12          inf   2.5855e+07   2.5867e+07   1451    404     0     77     54      7      2   0.203   0.001   0.000   0.204     2.354
   13          inf   2.5858e+07   2.5866e+07   1422    402     0     58     87      2      4   0.202   0.001   0.000   0.203     2.557
   14   2.5864e+07   2.5861e+07   2.5864e+07   1320    389     0     55    157      0     13   0.203   0.001   0.000   0.205     2.762
   15   2.5864e+07   2.5863e+07   2.5864e+07   1320    389     0    *23      0      0      0   0.196   0.001   0.000   0.196     2.958
CG optimal after 15 iterations. UB=25863784.038039 LB=25863162.590465 gap=6.214e+02 tol=2.586e+03  t_LP=2.939  t_PR=0.016  t_SP=0.003  t_Tot=2.963
[pricing-cutoff] enabled=0 cut=0 priced=4940 rate=0.0%

# === STDOUT (result CSV) ===
Setting parameter 'LpMethod' to 2
Setting parameter 'GPUMode' to 2
Setting parameter 'Presolve' to 0
Setting parameter 'Crossover' to 0
instance,formulation,iterations,columns,objective,lower_bound,optimal,time,time_lp,time_pricing,time_separation
data/commalab/grid/grid7,tree,15,1073,25863784.038039,25863162.590465,1,2.981,2.939,0.016,0.003
