# cmd: /usr/bin/time -o /tmp/mcfcg_mem_rclxhvro.txt -f %M build/mcfcg_cli data/commalab/grid/grid6 --solver copt --copt-gpu-mode 2 --formulation tree --max-iters 10000 --time-limit 1800.0
# outcome: ok
# returncode: 0
# peak_rss_kb: 483700
# peak_rss_source: measured
# === STDERR (CG iteration log + preamble) ===
Instance: 225 vertices, 840 arcs, 200 commodities, 135 sources
Solver: copt (gpu-mode 2), formulation: tree
Pricing threads: 32 (auto)
Slack mode: CommodityRows (struct=135, capped_arcs=840)
[lp-config] backend=copt version=8.0.1 method=barrier exec=GPU presolve=off crossover=off tol=0.0001 threads=n/a(GPU)
   It           UB           LB       LP_obj   #col   #row  #slk   +col   -col   +cut   -cut    t_LP    t_PR    t_SP   t_Tot     t_acc
    1          inf   1.0284e+07   1.3500e+04    270    135   135      0      0      0      0   0.348   0.000   0.000   0.349     0.349
    2          inf   1.0284e+07   1.3500e+05    270    135   135      0      0      0      0   0.156   0.001   0.000   0.156     0.505
    3          inf   1.0284e+07   1.3338e+06    270    135   130      0      0      0      0   0.149   0.001   0.000   0.149     0.655
    4          inf   1.0284e+07   8.2519e+06    270    158    35      0      0     23      0   0.153   0.001   0.000   0.154     0.809
    5          inf   1.0284e+07   1.6194e+07    352    202    62     82      0     44      0   0.153   0.000   0.000   0.153     0.962
    6          inf   1.0284e+07   4.6956e+07    451    213    60    100      1     11      0   0.157   0.000   0.000   0.158     1.120
    7          inf   1.0284e+07   5.7345e+07    550    228    31     99      0     15      0   0.169   0.000   0.000   0.170     1.290
    8          inf   1.0284e+07   1.4257e+07    642    248     6     92      0     20      0   0.177   0.000   0.000   0.178     1.468
    9          inf   1.0284e+07   1.2133e+07    729    260     1     87      0     12      0   0.197   0.000   0.000   0.198     1.666
   10          inf   1.0349e+07   1.0421e+07    800    269     0     81     10      9      0   0.193   0.000   0.000   0.194     1.859
   11          inf   1.0371e+07   1.0413e+07    852    267     0     69     17      4      6   0.188   0.000   0.000   0.189     2.048
   12          inf   1.0385e+07   1.0407e+07    882    269     0     61     31      3      1   0.192   0.000   0.000   0.193     2.241
   13          inf   1.0389e+07   1.0404e+07    899    273     0     57     40      7      3   0.191   0.000   0.000   0.192     2.433
   14          inf   1.0393e+07   1.0403e+07    869    271     0     46     76      1      3   0.196   0.000   0.000   0.197     2.629
   15   1.0402e+07   1.0398e+07   1.0402e+07    791    266     0     22    100      0      5   0.192   0.000   0.000   0.193     2.822
   16   1.0402e+07   1.0400e+07   1.0401e+07    749    260     0     29     71      1      7   0.189   0.000   0.000   0.190     3.012
   17   1.0402e+07   1.0401e+07   1.0401e+07    712    257     0     26     63      1      4   0.187   0.000   0.000   0.188     3.200
   18   1.0401e+07   1.0401e+07   1.0401e+07    712    257     0     *7      0      0      0   0.192   0.000   0.000   0.193     3.392
CG optimal after 18 iterations. UB=10401034.697378 LB=10400820.933936 gap=2.138e+02 tol=1.040e+03  t_LP=3.380  t_PR=0.007  t_SP=0.002  t_Tot=3.394
[pricing-cutoff] enabled=0 cut=0 priced=3105 rate=0.0%

# === STDOUT (result CSV) ===
Setting parameter 'LpMethod' to 2
Setting parameter 'GPUMode' to 2
Setting parameter 'Presolve' to 0
Setting parameter 'Crossover' to 0
instance,formulation,iterations,columns,objective,lower_bound,optimal,time,time_lp,time_pricing,time_separation
data/commalab/grid/grid6,tree,18,577,10401034.697378,10400820.933936,1,3.412,3.380,0.007,0.002
