# cmd: /usr/bin/time -o /tmp/mcfcg_mem_7d1n013q.txt -f %M build/mcfcg_cli data/commalab/grid/grid15 --solver copt --copt-gpu-mode 2 --formulation tree --max-iters 10000 --time-limit 1800.0
# outcome: ok
# returncode: 0
# peak_rss_kb: 754308
# peak_rss_source: measured
# === STDERR (CG iteration log + preamble) ===
Instance: 1225 vertices, 4760 arcs, 32000 commodities, 1225 sources
Solver: copt (gpu-mode 2), formulation: tree
Pricing threads: 32 (auto)
Slack mode: CommodityRows (struct=1225, capped_arcs=4760)
[lp-config] backend=copt version=8.0.1 method=barrier exec=GPU presolve=off crossover=off tol=0.0001 threads=n/a(GPU)
   It           UB           LB       LP_obj   #col   #row  #slk   +col   -col   +cut   -cut    t_LP    t_PR    t_SP   t_Tot     t_acc
    1          inf   3.5815e+09   1.2250e+05   2450   1225  1225      0      0      0      0   0.363   0.024   0.001   0.388     0.388
    2          inf   3.5815e+09   1.2250e+06   2450   1225  1225      0      0      0      0   0.172   0.023   0.001   0.196     0.584
    3          inf   3.5815e+09   1.2250e+07   2450   1225  1225      0      0      0      0   0.159   0.029   0.001   0.189     0.773
    4          inf   3.5815e+09   1.2250e+08   2450   1225  1225      0      0      0      0   0.156   0.026   0.001   0.183     0.956
    5          inf   3.5815e+09   1.2248e+09   2450   1225  1223      0      0      0      0   0.163   0.027   0.001   0.191     1.147
    6          inf   3.5815e+09   3.5815e+09   2450   1483     0      0      0    258      0   0.163   0.028   0.002   0.193     1.340
    7          inf   3.5815e+09   7.2061e+09   3675   1483   561   1225      0      0      0   0.317   0.013   0.001   0.337     1.677
    8          inf   3.5815e+09   1.0864e+10   4900   1484   606   1225      0      1      0   0.375   0.014   0.001   0.398     2.075
    9          inf   3.5815e+09   2.2924e+10   6125   1496   294   1225      0     12      0   0.461   0.013   0.003   0.484     2.559
   10          inf   3.5815e+09   2.1194e+10   7350   1509   189   1225      0     13      0   0.536   0.014   0.002   0.561     3.120
   11          inf   3.5815e+09   8.4827e+09   8575   1528    52   1225      0     19      0   0.602   0.012   0.001   0.625     3.745
   12          inf   3.5815e+09   3.6020e+09   9585   1429     0   1225    215     21    120   0.799   0.015   0.003   0.838     4.583
   13          inf   3.5853e+09   3.5994e+09  10229   1440     0   1225    581     14      3   0.513   0.014   0.003   0.550     5.133
   14          inf   3.5884e+09   3.5977e+09  10706   1456     0   1225    748     17      1   0.556   0.016   0.005   0.599     5.732
   15          inf   3.5884e+09   3.5969e+09  11080   1458     0   1225    851      6      4   0.553   0.014   0.003   0.592     6.324
   16          inf   3.5905e+09   3.5961e+09  11306   1456     0   1225    999      2      4   0.560   0.013   0.003   0.600     6.924
   17          inf   3.5915e+09   3.5954e+09  11028   1451     0   1225   1503      3      8   0.562   0.014   0.004   0.604     7.528
   18          inf   3.5919e+09   3.5949e+09  10688   1445     0   1225   1565      6     12   0.540   0.014   0.004   0.582     8.109
   19          inf   3.5919e+09   3.5944e+09  10698   1435     0   1224   1214      3     13   0.536   0.012   0.004   0.575     8.684
   20          inf   3.5922e+09   3.5941e+09  10757   1436     0   1223   1164      4      3   0.543   0.013   0.004   0.581     9.265
   21          inf   3.5928e+09   3.5939e+09  10667   1435     0   1220   1310      3      4   0.554   0.013   0.003   0.594     9.860
   22          inf   3.5930e+09   3.5938e+09  10660   1433     0   1222   1229      1      3   0.541   0.010   0.004   0.578    10.438
   23          inf   3.5931e+09   3.5937e+09  10675   1431     0   1214   1199      2      4   0.525   0.012   0.004   0.561    10.999
   24          inf   3.5932e+09   3.5936e+09  10707   1433     0   1211   1179      3      1   0.562   0.012   0.004   0.601    11.601
   25          inf   3.5934e+09   3.5936e+09  10660   1431     0   1202   1249      1      3   0.563   0.012   0.004   0.602    12.202
   26          inf   3.5934e+09   3.5935e+09  10683   1431     0   1198   1175      3      3   0.563   0.014   0.004   0.603    12.805
   27          inf   3.5935e+09   3.5935e+09  10657   1428     0   1165   1191      1      4   0.540   0.013   0.003   0.579    13.383
   28          inf   3.5935e+09   3.5935e+09  10754   1429     0   1169   1072      2      1   0.607   0.013   0.004   0.647    14.030
   29   3.5935e+09   3.5935e+09   3.5935e+09  10754   1429     0   *967      0      0      0   0.619   0.014   0.004   0.636    14.666
CG optimal after 29 iterations. UB=3593521839.471518 LB=3593517397.030282 gap=4.442e+03 tol=3.594e+05  t_LP=13.703  t_PR=0.489  t_SP=0.077  t_Tot=14.694
[pricing-cutoff] enabled=0 cut=0 priced=44100 rate=0.0%

# === STDOUT (result CSV) ===
Setting parameter 'LpMethod' to 2
Setting parameter 'GPUMode' to 2
Setting parameter 'Presolve' to 0
Setting parameter 'Crossover' to 0
instance,formulation,iterations,columns,objective,lower_bound,optimal,time,time_lp,time_pricing,time_separation
data/commalab/grid/grid15,tree,29,9529,3593521839.471518,3593517397.030282,1,14.737,13.703,0.489,0.077
