# cmd: /usr/bin/time -o /tmp/mcfcg_mem_03xhs8eq.txt -f %M build/mcfcg_cli data/commalab/grid/grid3 --solver copt --copt-gpu-mode 2 --formulation tree --max-iters 10000 --time-limit 1800.0
# outcome: ok
# returncode: 0
# peak_rss_kb: 473928
# peak_rss_source: measured
# === STDERR (CG iteration log + preamble) ===
Instance: 100 vertices, 360 arcs, 50 commodities, 40 sources
Solver: copt (gpu-mode 2), formulation: tree
Pricing threads: 32 (auto)
Slack mode: CommodityRows (struct=40, capped_arcs=360)
[lp-config] backend=copt version=8.0.1 method=barrier exec=GPU presolve=off crossover=off tol=0.0001 threads=n/a(GPU)
   It           UB           LB       LP_obj   #col   #row  #slk   +col   -col   +cut   -cut    t_LP    t_PR    t_SP   t_Tot     t_acc
    1          inf   1.5205e+06   4.0000e+03     80     40    40      0      0      0      0   0.345   0.000   0.000   0.345     0.345
    2          inf   1.5205e+06   4.0000e+04     80     40    40      0      0      0      0   0.152   0.000   0.000   0.152     0.497
    3          inf   1.5205e+06   3.9031e+05     80     40    35      0      0      0      0   0.145   0.000   0.000   0.146     0.642
    4          inf   1.5205e+06   1.4936e+06     80     50     1      0      0     10      0   0.145   0.000   0.000   0.146     0.788
    5          inf   1.5205e+06   1.6786e+06     97     50     9     17      0      0      0   0.143   0.000   0.000   0.144     0.932
    6          inf   1.5205e+06   1.8905e+06    104     53     4      7      0      3      0   0.146   0.000   0.000   0.146     1.078
    7          inf   1.5205e+06   1.6558e+06    116     55     2     12      0      2      0   0.149   0.000   0.000   0.149     1.227
    8          inf   1.5225e+06   1.5251e+06    122     56     0      6      0      1      0   0.150   0.000   0.000   0.150     1.377
    9   1.5247e+06   1.5246e+06   1.5247e+06    122     56     0     *1      0      0      0   0.152   0.000   0.000   0.152     1.529
CG optimal after 9 iterations. UB=1524730.000006 LB=1524598.240400 gap=1.318e+02 tol=1.525e+02  t_LP=1.526  t_PR=0.002  t_SP=0.000  t_Tot=1.530
[pricing-cutoff] enabled=0 cut=0 priced=560 rate=0.0%

# === STDOUT (result CSV) ===
Setting parameter 'LpMethod' to 2
Setting parameter 'GPUMode' to 2
Setting parameter 'Presolve' to 0
Setting parameter 'Crossover' to 0
instance,formulation,iterations,columns,objective,lower_bound,optimal,time,time_lp,time_pricing,time_separation
data/commalab/grid/grid3,tree,9,82,1524730.000006,1524598.240400,1,1.545,1.526,0.002,0.000
