# cmd: /usr/bin/time -o /tmp/mcfcg_mem_vpubi06c.txt -f %M build/mcfcg_cli data/commalab/grid/grid11 --solver copt --copt-gpu-mode 2 --formulation path --max-iters 10000 --time-limit 1800.0
# outcome: ok
# returncode: 0
# peak_rss_kb: 595116
# peak_rss_source: measured
# === STDERR (CG iteration log + preamble) ===
Instance: 625 vertices, 2400 arcs, 4000 commodities, 625 sources
Solver: copt (gpu-mode 2), formulation: path
Pricing threads: 32 (auto)
Slack mode: EdgeRows (struct=4000, capped_arcs=2400)
[lp-config] backend=copt version=8.0.1 method=barrier exec=GPU presolve=off crossover=off tol=0.0001 threads=n/a(GPU)
   It           UB           LB       LP_obj   #col   #row  #slk   +col   -col   +cut   -cut    t_LP    t_PR    t_SP   t_Tot     t_acc
    1          inf   3.2684e+08   3.2684e+08   4241   4241     0      0      0    241      0   0.356   0.004   0.001   0.362     0.362
    2          inf   3.2684e+08   3.9001e+08   7583   4241   241   3342      0      0      0   0.236   0.002   0.000   0.240     0.602
    3          inf   3.2704e+08   3.3040e+08   9985   4365     0   2278      0    124      0   0.246   0.002   0.001   0.251     0.852
    4          inf   3.2704e+08   3.3108e+08  12798   4383     7   2795      0     18      0   0.341   0.002   0.001   0.346     1.199
    5          inf   3.2825e+08   3.2984e+08  15087   4403     0   2269      0     20      0   0.370   0.002   0.001   0.376     1.575
    6          inf   3.2870e+08   3.2952e+08  17060   4421     0   1955      0     18      0   0.363   0.003   0.001   0.370     1.944
    7          inf   3.2899e+08   3.2939e+08  18621   4430     0   1552      0      9      0   0.397   0.003   0.001   0.402     2.347
    8          inf   3.2916e+08   3.2931e+08  18028   4361     0   1105   1629      4     73   0.408   0.003   0.002   0.419     2.766
    9          inf   3.2921e+08   3.2927e+08  17037   4318     0    747   1695      7     50   0.391   0.003   0.001   0.401     3.167
   10          inf   3.2924e+08   3.2926e+08  14522   4308     0    499   3004      4     14   0.356   0.003   0.001   0.366     3.532
   11          inf   3.2925e+08   3.2926e+08  12660   4297     0    360   2211      2     13   0.331   0.003   0.001   0.340     3.872
   12          inf   3.2926e+08   3.2926e+08  11187   4291     0    149   1616      1      7   0.335   0.003   0.001   0.343     4.215
   13          inf   3.2926e+08   3.2926e+08  10134   4282     0     60   1104      2     11   0.321   0.003   0.001   0.329     4.544
   14          inf   3.2926e+08   3.2926e+08   9521   4273     0      4    608      1     10   0.316   0.003   0.001   0.323     4.867
   15   3.2926e+08   3.2926e+08   3.2926e+08   9521   4273     0     *0      0      0      0   0.298   0.005   0.000   0.303     5.170
CG optimal after 15 iterations. UB=329258288.164987 LB=329257909.372399 gap=3.788e+02 tol=3.293e+04  t_LP=5.065  t_PR=0.052  t_SP=0.016  t_Tot=5.180
[pricing-cutoff] enabled=0 cut=0 priced=11250 rate=0.0%

# === STDOUT (result CSV) ===
Setting parameter 'LpMethod' to 2
Setting parameter 'GPUMode' to 2
Setting parameter 'Presolve' to 0
Setting parameter 'Crossover' to 0
instance,formulation,iterations,columns,objective,lower_bound,optimal,time,time_lp,time_pricing,time_separation
data/commalab/grid/grid11,path,15,9248,329258288.164987,329257909.372399,1,5.206,5.065,0.052,0.016
