# cmd: /usr/bin/time -o /tmp/mcfcg_mem_2ohdxnum.txt -f %M build/mcfcg_cli data/commalab/grid/grid8 --solver copt --copt-gpu-mode 2 --formulation tree --max-iters 10000 --time-limit 1800.0
# outcome: ok
# returncode: 0
# peak_rss_kb: 503536
# peak_rss_source: measured
# === STDERR (CG iteration log + preamble) ===
Instance: 625 vertices, 2400 arcs, 500 commodities, 343 sources
Solver: copt (gpu-mode 2), formulation: tree
Pricing threads: 32 (auto)
Slack mode: CommodityRows (struct=343, capped_arcs=2400)
[lp-config] backend=copt version=8.0.1 method=barrier exec=GPU presolve=off crossover=off tol=0.0001 threads=n/a(GPU)
   It           UB           LB       LP_obj   #col   #row  #slk   +col   -col   +cut   -cut    t_LP    t_PR    t_SP   t_Tot     t_acc
    1          inf   4.1328e+07   3.4300e+04    686    343   343      0      0      0      0   0.356   0.002   0.000   0.359     0.359
    2          inf   4.1328e+07   3.4300e+05    686    343   343      0      0      0      0   0.164   0.002   0.000   0.167     0.525
    3          inf   4.1328e+07   3.4172e+06    686    343   338      0      0      0      0   0.158   0.002   0.000   0.161     0.686
    4          inf   4.1328e+07   2.6022e+07    686    344   167      0      0      1      0   0.162   0.003   0.000   0.164     0.851
    5          inf   4.1328e+07   4.6211e+07    709    593    16     23      0    249      0   0.155   0.001   0.000   0.157     1.008
    6          inf   4.1328e+07   1.0110e+08    981    596   174    274      2      3      0   0.177   0.001   0.000   0.179     1.186
    7          inf   4.1328e+07   2.1948e+08   1240    618   130    259      0     22      0   0.194   0.001   0.000   0.196     1.383
    8          inf   4.1328e+07   2.0637e+08   1520    656    68    280      0     38      0   0.217   0.001   0.000   0.219     1.602
    9          inf   4.1328e+07   9.3070e+07   1797    707    38    277      0     51      0   0.214   0.001   0.000   0.216     1.818
   10          inf   4.1328e+07   4.1862e+07   2063    732     0    267      1     25      0   0.276   0.001   0.000   0.278     2.096
   11          inf   4.1529e+07   4.1787e+07   2250    674     0    231     44     13     71   0.263   0.001   0.000   0.266     2.362
   12          inf   4.1602e+07   4.1758e+07   2396    683     1    212     66     10      1   0.250   0.001   0.000   0.252     2.614
   13          inf   4.1620e+07   4.1744e+07   2521    686     0    212     87      7      4   0.262   0.001   0.000   0.265     2.879
   14          inf   4.1649e+07   4.1734e+07   2554    686     0    187    154      9      9   0.249   0.001   0.000   0.251     3.130
   15          inf   4.1659e+07   4.1725e+07   2494    675     0    183    243      5     16   0.255   0.001   0.000   0.258     3.388
   16          inf   4.1679e+07   4.1718e+07   2345    659     0    156    305      4     20   0.254   0.001   0.000   0.257     3.645
   17          inf   4.1691e+07   4.1715e+07   2239    663     0    131    237     11      7   0.241   0.001   0.000   0.244     3.888
   18          inf   4.1696e+07   4.1713e+07   2163    660     0    123    199      2      5   0.246   0.001   0.000   0.248     4.136
   19          inf   4.1703e+07   4.1712e+07   2080    656     0    104    187      2      6   0.246   0.001   0.000   0.248     4.384
   20          inf   4.1707e+07   4.1711e+07   1998    648     0     83    165      1      9   0.243   0.001   0.000   0.245     4.629
   21          inf   4.1709e+07   4.1711e+07   1897    650     0     54    155      9      7   0.254   0.001   0.000   0.256     4.886
   22          inf   4.1710e+07   4.1711e+07   1830    648     0     59    126      2      4   0.261   0.001   0.000   0.263     5.149
   23   4.1711e+07   4.1710e+07   4.1711e+07   1830    648     0    *18      0      0      0   0.245   0.001   0.000   0.247     5.396
CG optimal after 23 iterations. UB=41710859.958992 LB=41710467.223426 gap=3.927e+02 tol=4.171e+03  t_LP=5.342  t_PR=0.036  t_SP=0.007  t_Tot=5.401
[pricing-cutoff] enabled=0 cut=0 priced=9604 rate=0.0%

# === STDOUT (result CSV) ===
Setting parameter 'LpMethod' to 2
Setting parameter 'GPUMode' to 2
Setting parameter 'Presolve' to 0
Setting parameter 'Crossover' to 0
instance,formulation,iterations,columns,objective,lower_bound,optimal,time,time_lp,time_pricing,time_separation
data/commalab/grid/grid8,tree,23,1487,41710859.958992,41710467.223426,1,5.422,5.342,0.036,0.007
