# cmd: /usr/bin/time -o /tmp/mcfcg_mem_mlaf_t05.txt -f %M build/mcfcg_cli data/commalab/grid/grid13 --solver copt --copt-gpu-mode 2 --formulation tree --max-iters 10000 --time-limit 1800.0
# outcome: ok
# returncode: 0
# peak_rss_kb: 636900
# peak_rss_source: measured
# === STDERR (CG iteration log + preamble) ===
Instance: 900 vertices, 3480 arcs, 12000 commodities, 900 sources
Solver: copt (gpu-mode 2), formulation: tree
Pricing threads: 32 (auto)
Slack mode: CommodityRows (struct=900, capped_arcs=3480)
[lp-config] backend=copt version=8.0.1 method=barrier exec=GPU presolve=off crossover=off tol=0.0001 threads=n/a(GPU)
   It           UB           LB       LP_obj   #col   #row  #slk   +col   -col   +cut   -cut    t_LP    t_PR    t_SP   t_Tot     t_acc
    1          inf   1.1535e+09   9.0000e+04   1800    900   900      0      0      0      0   0.353   0.013   0.000   0.366     0.366
    2          inf   1.1535e+09   9.0000e+05   1800    900   900      0      0      0      0   0.164   0.012   0.000   0.176     0.542
    3          inf   1.1535e+09   9.0000e+06   1800    900   900      0      0      0      0   0.152   0.013   0.000   0.165     0.707
    4          inf   1.1535e+09   9.0000e+07   1800    900   900      0      0      0      0   0.149   0.013   0.000   0.162     0.869
    5          inf   1.1535e+09   8.3935e+08   1800    900   628      0      0      0      0   0.159   0.013   0.000   0.172     1.041
    6          inf   1.1535e+09   1.1535e+09   1800   1187     0      0      0    287      0   0.160   0.014   0.001   0.175     1.216
    7          inf   1.1535e+09   3.4211e+09   2693   1187   535    893      0      0      0   0.265   0.007   0.000   0.276     1.492
    8          inf   1.1535e+09   5.8399e+09   3590   1191   480    897      0      4      0   0.327   0.006   0.000   0.337     1.830
    9          inf   1.1535e+09   1.3450e+10   4490   1204   280    900      0     13      0   0.346   0.006   0.000   0.356     2.186
   10          inf   1.1535e+09   1.2688e+10   5390   1237   127    900      0     33      0   0.396   0.006   0.000   0.407     2.593
   11          inf   1.1535e+09   5.5738e+09   6290   1282    54    900      0     45      0   0.457   0.006   0.001   0.470     3.063
   12          inf   1.1535e+09   1.1630e+09   6929   1196     0    900    261     22    108   0.603   0.006   0.001   0.621     3.684
   13          inf   1.1554e+09   1.1620e+09   7399   1207     0    900    430     12      1   0.454   0.007   0.001   0.472     4.155
   14          inf   1.1571e+09   1.1613e+09   7841   1220     0    900    458     15      2   0.457   0.006   0.002   0.476     4.632
   15          inf   1.1571e+09   1.1607e+09   8185   1225     0    900    556      7      2   0.478   0.006   0.002   0.498     5.130
   16          inf   1.1579e+09   1.1604e+09   8389   1228     0    899    695      9      6   0.481   0.006   0.002   0.501     5.631
   17          inf   1.1584e+09   1.1600e+09   8226   1218     0    900   1063      3     13   0.448   0.007   0.002   0.470     6.100
   18          inf   1.1586e+09   1.1598e+09   7979   1206     0    898   1145      9     21   0.484   0.007   0.002   0.505     6.605
   19          inf   1.1588e+09   1.1596e+09   7954   1204     0    896    921      7      9   0.416   0.006   0.002   0.436     7.041
   20          inf   1.1590e+09   1.1595e+09   8008   1201     0    896    842      2      5   0.446   0.006   0.002   0.466     7.507
   21          inf   1.1590e+09   1.1594e+09   7979   1200     0    894    923      1      2   0.467   0.006   0.002   0.487     7.994
   22          inf   1.1591e+09   1.1594e+09   7986   1197     0    890    883      3      6   0.488   0.005   0.002   0.508     8.502
   23          inf   1.1592e+09   1.1594e+09   8008   1193     0    884    862      2      6   0.476   0.006   0.002   0.495     8.998
   24          inf   1.1593e+09   1.1593e+09   7987   1190     0    872    893      4      7   0.483   0.006   0.002   0.504     9.502
   25          inf   1.1593e+09   1.1593e+09   7919   1190     0    857    925      2      2   0.487   0.007   0.002   0.508    10.009
   26          inf   1.1593e+09   1.1593e+09   7948   1190     0    854    825      3      3   0.449   0.006   0.002   0.469    10.478
   27   1.1593e+09   1.1593e+09   1.1593e+09   7948   1190     0   *829      0      0      0   0.496   0.005   0.002   0.503    10.981
CG optimal after 27 iterations. UB=1159321653.364037 LB=1159314082.873316 gap=7.570e+03 tol=1.159e+05  t_LP=10.542  t_PR=0.224  t_SP=0.032  t_Tot=10.998
[pricing-cutoff] enabled=0 cut=0 priced=30600 rate=0.0%

# === STDOUT (result CSV) ===
Setting parameter 'LpMethod' to 2
Setting parameter 'GPUMode' to 2
Setting parameter 'Presolve' to 0
Setting parameter 'Crossover' to 0
instance,formulation,iterations,columns,objective,lower_bound,optimal,time,time_lp,time_pricing,time_separation
data/commalab/grid/grid13,tree,27,7048,1159321653.364037,1159314082.873316,1,11.029,10.542,0.224,0.032
