# cmd: /usr/bin/time -o /tmp/mcfcg_mem_yss2zdpz.txt -f %M build/mcfcg_cli data/commalab/grid/grid15 --solver copt --copt-gpu-mode 2 --formulation path --max-iters 10000 --time-limit 1800.0
# outcome: ok
# returncode: 0
# peak_rss_kb: 973800
# peak_rss_source: measured
# === STDERR (CG iteration log + preamble) ===
Instance: 1225 vertices, 4760 arcs, 32000 commodities, 1225 sources
Solver: copt (gpu-mode 2), formulation: path
Pricing threads: 32 (auto)
Slack mode: EdgeRows (struct=32000, capped_arcs=4760)
[lp-config] backend=copt version=8.0.1 method=barrier exec=GPU presolve=off crossover=off tol=0.0001 threads=n/a(GPU)
   It           UB           LB       LP_obj   #col   #row  #slk   +col   -col   +cut   -cut    t_LP    t_PR    t_SP   t_Tot     t_acc
    1          inf   3.5815e+09   3.5815e+09  32258  32258     0      0      0    258      0   0.385   0.025   0.007   0.417     0.417
    2          inf   3.5815e+09   4.0496e+09  56579  32258   258  24321      0      0      0   0.578   0.013   0.001   0.605     1.023
    3          inf   3.5815e+09   3.6015e+09  72007  32353     0  15333      0     95      0   0.644   0.010   0.007   0.676     1.699
    4          inf   3.5815e+09   3.6011e+09  91043  32371     5  19018      0     18      0   1.158   0.012   0.008   1.196     2.895
    5          inf   3.5892e+09   3.5959e+09 104980  32378     0  13930      0      7      0   1.124   0.014   0.011   1.165     4.060
    6          inf   3.5920e+09   3.5943e+09 114814  32387     0   9825      0      9      0   1.170   0.014   0.013   1.207     5.266
    7          inf   3.5929e+09   3.5938e+09 122465  32390     0   7648      0      3      0   1.479   0.013   0.014   1.518     6.784
    8          inf   3.5934e+09   3.5936e+09 111540  32283     0   3453  14271      2    109   1.529   0.012   0.020   1.659     8.443
    9          inf   3.5935e+09   3.5935e+09 101254  32235     0    597  10835      1     49   1.370   0.013   0.012   1.461     9.904
   10          inf   3.5935e+09   3.5935e+09  82098  32224     0    663  19808      1     12   1.029   0.012   0.009   1.103    11.007
   11   3.5935e+09   3.5935e+09   3.5935e+09  82098  32224     0     *5      0      0      0   0.772   0.013   0.002   0.787    11.794
CG optimal after 11 iterations. UB=3593521818.095512 LB=3593517602.921720 gap=4.215e+03 tol=3.594e+05  t_LP=11.236  t_PR=0.190  t_SP=0.104  t_Tot=11.833
[pricing-cutoff] enabled=0 cut=0 priced=15925 rate=0.0%

# === STDOUT (result CSV) ===
Setting parameter 'LpMethod' to 2
Setting parameter 'GPUMode' to 2
Setting parameter 'Presolve' to 0
Setting parameter 'Crossover' to 0
instance,formulation,iterations,columns,objective,lower_bound,optimal,time,time_lp,time_pricing,time_separation
data/commalab/grid/grid15,path,11,81874,3593521818.095512,3593517602.921720,1,11.900,11.236,0.190,0.104
