# cmd: /usr/bin/time -o /tmp/mcfcg_mem_dvfm85tt.txt -f %M build/mcfcg_cli data/commalab/grid/grid9 --solver copt --copt-gpu-mode 2 --formulation path --max-iters 10000 --time-limit 1800.0
# outcome: ok
# returncode: 0
# peak_rss_kb: 522976
# peak_rss_source: measured
# === STDERR (CG iteration log + preamble) ===
Instance: 625 vertices, 2400 arcs, 1000 commodities, 495 sources
Solver: copt (gpu-mode 2), formulation: path
Pricing threads: 32 (auto)
Slack mode: CommodityRows (struct=1000, capped_arcs=2400)
[lp-config] backend=copt version=8.0.1 method=barrier exec=GPU presolve=off crossover=off tol=0.0001 threads=n/a(GPU)
   It           UB           LB       LP_obj   #col   #row  #slk   +col   -col   +cut   -cut    t_LP    t_PR    t_SP   t_Tot     t_acc
    1          inf   8.1702e+07   5.6336e+06   2000   1000   997      0      0      0      0   0.344   0.003   0.000   0.348     0.348
    2          inf   8.1702e+07   5.0596e+07   2000   1000   710      0      0      0      0   0.154   0.003   0.000   0.157     0.505
    3          inf   8.1702e+07   8.1702e+07   2000   1327     0      0      0    327      0   0.145   0.003   0.000   0.148     0.653
    4          inf   8.1702e+07   2.0615e+08   2742   1327   393    742      0      0      0   0.218   0.002   0.000   0.221     0.874
    5          inf   8.1702e+07   5.0315e+08   3504   1354   313    762      0     27      0   0.228   0.002   0.000   0.231     1.105
    6          inf   8.1702e+07   4.4585e+08   4262   1406   199    758      0     52      0   0.249   0.002   0.000   0.252     1.358
    7          inf   8.1702e+07   1.1838e+08   5018   1473    54    756      0     67      0   0.295   0.002   0.000   0.297     1.655
    8          inf   8.1723e+07   8.2884e+07   5740   1519     1    722      0     46      0   0.375   0.002   0.000   0.378     2.033
    9          inf   8.2350e+07   8.2784e+07   6257   1469     0    621    104     22     72   0.333   0.002   0.000   0.338     2.371
   10          inf   8.2502e+07   8.2725e+07   6585   1485     0    551    223     17      1   0.318   0.002   0.000   0.322     2.693
   11          inf   8.2563e+07   8.2689e+07   6714   1500     0    486    357     21      6   0.316   0.002   0.000   0.320     3.013
   12          inf   8.2595e+07   8.2673e+07   6647   1497     0    395    462      8     11   0.332   0.002   0.000   0.336     3.349
   13          inf   8.2617e+07   8.2661e+07   6165   1481     0    345    827      5     21   0.341   0.002   0.000   0.345     3.694
   14          inf   8.2641e+07   8.2656e+07   5613   1465     0    216    768      6     22   0.308   0.002   0.000   0.312     4.006
   15          inf   8.2646e+07   8.2654e+07   5223   1454     0    186    576      5     16   0.326   0.002   0.000   0.330     4.336
   16          inf   8.2649e+07   8.2653e+07   4946   1449     0    163    440      4      9   0.329   0.002   0.000   0.333     4.669
   17          inf   8.2652e+07   8.2653e+07   4644   1445     0     70    372      3      7   0.317   0.002   0.000   0.321     4.990
   18          inf   8.2653e+07   8.2653e+07   4374   1438     0     16    286      1      8   0.321   0.002   0.000   0.325     5.314
   19          inf   8.2653e+07   8.2653e+07   4374   1439     0      0      0      1      0   0.318   0.003   0.000   0.321     5.636
   20   8.2653e+07   8.2653e+07   8.2653e+07   4374   1439     0     *0      0      0      0   0.363   0.003   0.000   0.366     6.001
CG optimal after 20 iterations. UB=82652952.920220 LB=82652858.273320 gap=9.465e+01 tol=8.265e+03  t_LP=5.931  t_PR=0.048  t_SP=0.006  t_Tot=6.009
[pricing-cutoff] enabled=0 cut=0 priced=12870 rate=0.0%

# === STDOUT (result CSV) ===
Setting parameter 'LpMethod' to 2
Setting parameter 'GPUMode' to 2
Setting parameter 'Presolve' to 0
Setting parameter 'Crossover' to 0
instance,formulation,iterations,columns,objective,lower_bound,optimal,time,time_lp,time_pricing,time_separation
data/commalab/grid/grid9,path,20,3374,82652952.920220,82652858.273320,1,6.030,5.931,0.048,0.006
