# cmd: /usr/bin/time -o /tmp/mcfcg_mem_6bos2to5.txt -f %M build/mcfcg_cli data/commalab/grid/grid8 --solver copt --copt-gpu-mode 2 --formulation path --max-iters 10000 --time-limit 1800.0
# outcome: ok
# returncode: 0
# peak_rss_kb: 500800
# peak_rss_source: measured
# === STDERR (CG iteration log + preamble) ===
Instance: 625 vertices, 2400 arcs, 500 commodities, 343 sources
Solver: copt (gpu-mode 2), formulation: path
Pricing threads: 32 (auto)
Slack mode: CommodityRows (struct=500, capped_arcs=2400)
[lp-config] backend=copt version=8.0.1 method=barrier exec=GPU presolve=off crossover=off tol=0.0001 threads=n/a(GPU)
   It           UB           LB       LP_obj   #col   #row  #slk   +col   -col   +cut   -cut    t_LP    t_PR    t_SP   t_Tot     t_acc
    1          inf   4.1328e+07   2.7778e+06   1000    500   499      0      0      0      0   0.351   0.002   0.000   0.353     0.353
    2          inf   4.1328e+07   2.5136e+07   1000    500   349      0      0      0      0   0.155   0.002   0.000   0.157     0.511
    3          inf   4.1328e+07   4.1328e+07   1000    776     0      0      0    276      0   0.145   0.002   0.000   0.147     0.658
    4          inf   4.1328e+07   1.0076e+08   1369    776   208    369      0      0      0   0.200   0.001   0.000   0.202     0.860
    5          inf   4.1328e+07   2.3437e+08   1721    799   176    352      0     23      0   0.207   0.001   0.000   0.209     1.069
    6          inf   4.1328e+07   1.6668e+08   2092    847    92    371      0     48      0   0.221   0.001   0.000   0.223     1.292
    7          inf   4.1328e+07   5.5419e+07   2460    908    23    368      0     61      0   0.255   0.001   0.000   0.257     1.549
    8          inf   4.1384e+07   4.1799e+07   2791    932     0    331      0     24      0   0.274   0.002   0.000   0.276     1.825
    9          inf   4.1620e+07   4.1763e+07   3016    858     0    268     43      9     83   0.272   0.001   0.000   0.275     2.100
   10          inf   4.1640e+07   4.1740e+07   3160    874     0    249    105     16      0   0.263   0.001   0.000   0.265     2.365
   11          inf   4.1663e+07   4.1728e+07   3260    876     0    212    112      6      4   0.257   0.001   0.000   0.259     2.625
   12          inf   4.1679e+07   4.1720e+07   3189    867     0    173    244      1     10   0.259   0.001   0.000   0.261     2.886
   13          inf   4.1696e+07   4.1715e+07   2927    845     0    134    396      3     25   0.261   0.001   0.000   0.264     3.150
   14          inf   4.1700e+07   4.1713e+07   2700    837     0    101    328      4     12   0.260   0.001   0.000   0.263     3.412
   15          inf   4.1707e+07   4.1711e+07   2520    830     0     53    233      3     10   0.249   0.001   0.000   0.251     3.663
   16          inf   4.1710e+07   4.1711e+07   2324    814     0     29    225      1     17   0.258   0.001   0.000   0.260     3.923
   17   4.1711e+07   4.1711e+07   4.1711e+07   2324    814     0    *18      0      0      0   0.252   0.001   0.000   0.253     4.177
CG optimal after 17 iterations. UB=41710980.251058 LB=41710730.969513 gap=2.493e+02 tol=4.171e+03  t_LP=4.138  t_PR=0.026  t_SP=0.005  t_Tot=4.181
[pricing-cutoff] enabled=0 cut=0 priced=7203 rate=0.0%

# === STDOUT (result CSV) ===
Setting parameter 'LpMethod' to 2
Setting parameter 'GPUMode' to 2
Setting parameter 'Presolve' to 0
Setting parameter 'Crossover' to 0
instance,formulation,iterations,columns,objective,lower_bound,optimal,time,time_lp,time_pricing,time_separation
data/commalab/grid/grid8,path,17,1824,41710980.251058,41710730.969513,1,4.201,4.138,0.026,0.005
