# cmd: /usr/bin/time -o /tmp/mcfcg_mem_x_zkzptc.txt -f %M build/mcfcg_cli data/commalab/grid/grid10 --solver copt --copt-gpu-mode 2 --formulation path --max-iters 10000 --time-limit 1800.0
# outcome: ok
# returncode: 0
# peak_rss_kb: 554800
# peak_rss_source: measured
# === STDERR (CG iteration log + preamble) ===
Instance: 625 vertices, 2400 arcs, 2000 commodities, 593 sources
Solver: copt (gpu-mode 2), formulation: path
Pricing threads: 32 (auto)
Slack mode: CommodityRows (struct=2000, capped_arcs=2400)
[lp-config] backend=copt version=8.0.1 method=barrier exec=GPU presolve=off crossover=off tol=0.0001 threads=n/a(GPU)
   It           UB           LB       LP_obj   #col   #row  #slk   +col   -col   +cut   -cut    t_LP    t_PR    t_SP   t_Tot     t_acc
    1          inf   1.6221e+08   1.1189e+07   4000   2000  1987      0      0      0      0   0.355   0.004   0.000   0.359     0.359
    2          inf   1.6221e+08   9.9736e+07   4000   2000  1410      0      0      0      0   0.166   0.004   0.000   0.170     0.529
    3          inf   1.6221e+08   1.6221e+08   4000   2320     0      0      0    320      0   0.150   0.004   0.000   0.154     0.684
    4          inf   1.6221e+08   3.9375e+08   5453   2320   742   1453      0      0      0   0.234   0.002   0.000   0.238     0.922
    5          inf   1.6221e+08   8.1998e+08   6926   2339   606   1473      0     19      0   0.278   0.002   0.000   0.282     1.203
    6          inf   1.6221e+08   6.3927e+08   8440   2406   340   1514      0     67      0   0.287   0.002   0.000   0.290     1.494
    7          inf   1.6221e+08   2.6916e+08   9965   2458   163   1525      0     52      0   0.315   0.002   0.000   0.319     1.812
    8          inf   1.6292e+08   1.6450e+08  11325   2499     0   1360      0     41      0   0.415   0.002   0.000   0.419     2.231
    9          inf   1.6375e+08   1.6432e+08  12244   2451     0   1144    225     24     72   0.431   0.002   0.000   0.437     2.668
   10          inf   1.6390e+08   1.6422e+08  12750   2471     0   1001    495     20      0   0.403   0.002   0.000   0.409     3.077
   11          inf   1.6399e+08   1.6416e+08  12882   2479     0    901    769     13      5   0.405   0.002   0.000   0.412     3.489
   12          inf   1.6405e+08   1.6414e+08  12468   2475     0    695   1109      6     10   0.402   0.002   0.000   0.408     3.897
   13          inf   1.6407e+08   1.6412e+08  11324   2461     0    537   1681      8     22   0.395   0.002   0.001   0.402     4.299
   14          inf   1.6409e+08   1.6411e+08  10250   2451     0    429   1503      4     14   0.366   0.002   0.000   0.372     4.671
   15          inf   1.6410e+08   1.6411e+08   9549   2444     0    278    979      4     11   0.389   0.002   0.000   0.394     5.065
   16          inf   1.6411e+08   1.6411e+08   8845   2435     0    105    809      3     12   0.382   0.002   0.000   0.387     5.452
   17   1.6411e+08   1.6411e+08   1.6411e+08   8845   2435     0     *0      0      0      0   0.388   0.005   0.000   0.393     5.846
CG optimal after 17 iterations. UB=164110897.954965 LB=164110708.913120 gap=1.890e+02 tol=1.641e+04  t_LP=5.761  t_PR=0.051  t_SP=0.007  t_Tot=5.853
[pricing-cutoff] enabled=0 cut=0 priced=13046 rate=0.0%

# === STDOUT (result CSV) ===
Setting parameter 'LpMethod' to 2
Setting parameter 'GPUMode' to 2
Setting parameter 'Presolve' to 0
Setting parameter 'Crossover' to 0
instance,formulation,iterations,columns,objective,lower_bound,optimal,time,time_lp,time_pricing,time_separation
data/commalab/grid/grid10,path,17,6845,164110897.954965,164110708.913120,1,5.877,5.761,0.051,0.007
