# cmd: /usr/bin/time -o /tmp/mcfcg_mem_awgjfi20.txt -f %M build/mcfcg_cli data/commalab/grid/grid6 --solver copt --copt-gpu-mode 2 --formulation path --max-iters 10000 --time-limit 1800.0
# outcome: ok
# returncode: 0
# peak_rss_kb: 481736
# peak_rss_source: measured
# === STDERR (CG iteration log + preamble) ===
Instance: 225 vertices, 840 arcs, 200 commodities, 135 sources
Solver: copt (gpu-mode 2), formulation: path
Pricing threads: 32 (auto)
Slack mode: CommodityRows (struct=200, capped_arcs=840)
[lp-config] backend=copt version=8.0.1 method=barrier exec=GPU presolve=off crossover=off tol=0.0001 threads=n/a(GPU)
   It           UB           LB       LP_obj   #col   #row  #slk   +col   -col   +cut   -cut    t_LP    t_PR    t_SP   t_Tot     t_acc
    1          inf   1.0284e+07   1.1258e+06    400    200   198      0      0      0      0   0.356   0.001   0.000   0.356     0.356
    2          inf   1.0284e+07   8.7504e+06    400    213    82      0      0     13      0   0.158   0.000   0.000   0.159     0.515
    3          inf   1.0284e+07   1.7843e+07    481    270    56     81      0     57      0   0.159   0.000   0.000   0.160     0.675
    4          inf   1.0284e+07   2.8483e+07    611    289    72    130      0     19      0   0.173   0.000   0.000   0.173     0.848
    5          inf   1.0284e+07   2.1995e+07    740    314    40    129      0     25      0   0.174   0.000   0.000   0.175     1.023
    6          inf   1.0284e+07   1.1928e+07    870    335     8    134      4     21      0   0.180   0.000   0.000   0.180     1.203
    7          inf   1.0301e+07   1.0423e+07    983    354     0    113      0     19      0   0.183   0.000   0.000   0.183     1.386
    8          inf   1.0368e+07   1.0413e+07   1068    355     0     93      8      1      0   0.193   0.000   0.001   0.194     1.580
    9          inf   1.0388e+07   1.0405e+07   1114    360     0     67     21     11      6   0.187   0.000   0.000   0.188     1.768
   10          inf   1.0396e+07   1.0403e+07   1125    361     0     48     37      2      1   0.187   0.000   0.000   0.188     1.956
   11          inf   1.0399e+07   1.0402e+07   1085    356     0     33     73      1      6   0.194   0.000   0.001   0.195     2.152
   12          inf   1.0400e+07   1.0402e+07    987    349     0     15    113      1      8   0.198   0.000   0.000   0.199     2.350
   13   1.0402e+07   1.0401e+07   1.0402e+07    987    349     0    *11      0      0      0   0.196   0.000   0.000   0.196     2.546
CG optimal after 13 iterations. UB=10401834.441074 LB=10401313.430026 gap=5.210e+02 tol=1.040e+03  t_LP=2.536  t_PR=0.005  t_SP=0.003  t_Tot=2.548
[pricing-cutoff] enabled=0 cut=0 priced=2160 rate=0.0%

# === STDOUT (result CSV) ===
Setting parameter 'LpMethod' to 2
Setting parameter 'GPUMode' to 2
Setting parameter 'Presolve' to 0
Setting parameter 'Crossover' to 0
instance,formulation,iterations,columns,objective,lower_bound,optimal,time,time_lp,time_pricing,time_separation
data/commalab/grid/grid6,path,13,787,10401834.441074,10401313.430026,1,2.565,2.536,0.005,0.003
