# cmd: /usr/bin/time -o /tmp/mcfcg_mem_fdsnfmtw.txt -f %M build/mcfcg_cli data/commalab/grid/grid11 --solver copt --copt-gpu-mode 2 --formulation tree --max-iters 10000 --time-limit 1800.0
# outcome: ok
# returncode: 0
# peak_rss_kb: 551172
# peak_rss_source: measured
# === STDERR (CG iteration log + preamble) ===
Instance: 625 vertices, 2400 arcs, 4000 commodities, 625 sources
Solver: copt (gpu-mode 2), formulation: tree
Pricing threads: 32 (auto)
Slack mode: CommodityRows (struct=625, capped_arcs=2400)
[lp-config] backend=copt version=8.0.1 method=barrier exec=GPU presolve=off crossover=off tol=0.0001 threads=n/a(GPU)
   It           UB           LB       LP_obj   #col   #row  #slk   +col   -col   +cut   -cut    t_LP    t_PR    t_SP   t_Tot     t_acc
    1          inf   3.2684e+08   6.2500e+04   1250    625   625      0      0      0      0   0.356   0.005   0.000   0.361     0.361
    2          inf   3.2684e+08   6.2500e+05   1250    625   625      0      0      0      0   0.162   0.005   0.000   0.167     0.529
    3          inf   3.2684e+08   6.2500e+06   1250    625   625      0      0      0      0   0.153   0.006   0.000   0.159     0.688
    4          inf   3.2684e+08   6.2161e+07   1250    625   613      0      0      0      0   0.152   0.006   0.000   0.158     0.846
    5          inf   3.2684e+08   3.2192e+08   1250    817    31      0      0    192      0   0.156   0.005   0.001   0.162     1.008
    6          inf   3.2684e+08   4.3436e+08   1849    817   305    599      0      0      0   0.207   0.002   0.000   0.211     1.219
    7          inf   3.2684e+08   1.1206e+09   2453    819   310    604      0      2      0   0.211   0.003   0.000   0.216     1.435
    8          inf   3.2684e+08   1.3957e+09   3069    841   167    616      0     22      0   0.222   0.003   0.000   0.226     1.661
    9          inf   3.2684e+08   1.0416e+09   3689    863   103    620      0     22      0   0.234   0.003   0.000   0.238     1.900
   10          inf   3.2684e+08   4.0967e+08   4309    921    12    620      0     58      0   0.288   0.002   0.001   0.293     2.192
   11          inf   3.2684e+08   3.3056e+08   4840    889     0    620     89     11     43   0.342   0.003   0.001   0.349     2.541
   12          inf   3.2802e+08   3.3010e+08   5088    907     0    610    362     19      1   0.290   0.003   0.001   0.297     2.838
   13          inf   3.2844e+08   3.2985e+08   5426    916     0    604    266     10      1   0.298   0.003   0.001   0.305     3.143
   14          inf   3.2867e+08   3.2967e+08   5659    923     0    596    363     10      3   0.304   0.002   0.001   0.311     3.454
   15          inf   3.2873e+08   3.2953e+08   5780    927     0    597    476      9      5   0.319   0.002   0.001   0.326     3.780
   16          inf   3.2892e+08   3.2944e+08   5613    917     0    586    753     11     21   0.323   0.003   0.001   0.331     4.111
   17          inf   3.2903e+08   3.2938e+08   5418    918     0    576    771     12     11   0.304   0.003   0.001   0.312     4.423
   18   3.2934e+08   3.2911e+08   3.2934e+08   5400    911     0    572    590      0      7   0.307   0.002   0.001   0.314     4.737
   19   3.2934e+08   3.2915e+08   3.2931e+08   5349    912     0    551    602      5      4   0.304   0.002   0.001   0.311     5.048
   20   3.2934e+08   3.2918e+08   3.2928e+08   5307    914     0    543    585      7      5   0.326   0.003   0.001   0.334     5.381
   21   3.2934e+08   3.2921e+08   3.2928e+08   5217    914     0    521    611      2      2   0.333   0.003   0.001   0.340     5.722
   22   3.2934e+08   3.2923e+08   3.2927e+08   5178    911     0    504    543      2      5   0.323   0.003   0.001   0.332     6.053
   23   3.2934e+08   3.2924e+08   3.2926e+08   5119    908     0    486    545      3      6   0.327   0.003   0.001   0.335     6.388
   24   3.2934e+08   3.2925e+08   3.2926e+08   5016    906     0    421    524      3      5   0.332   0.002   0.001   0.339     6.727
   25   3.2934e+08   3.2926e+08   3.2926e+08   4852    904     0    277    441      1      3   0.347   0.003   0.001   0.355     7.082
   26   3.2926e+08   3.2926e+08   3.2926e+08   4852    904     0   *288      0      0      0   0.332   0.003   0.001   0.335     7.417
CG optimal after 26 iterations. UB=329258363.820872 LB=329257642.564043 gap=7.213e+02 tol=3.293e+04  t_LP=7.253  t_PR=0.089  t_SP=0.015  t_Tot=7.425
[pricing-cutoff] enabled=0 cut=0 priced=20000 rate=0.0%

# === STDOUT (result CSV) ===
Setting parameter 'LpMethod' to 2
Setting parameter 'GPUMode' to 2
Setting parameter 'Presolve' to 0
Setting parameter 'Crossover' to 0
instance,formulation,iterations,columns,objective,lower_bound,optimal,time,time_lp,time_pricing,time_separation
data/commalab/grid/grid11,tree,26,4227,329258363.820872,329257642.564043,1,7.449,7.253,0.089,0.015
