# cmd: /usr/bin/time -o /tmp/mcfcg_mem_m4xghu55.txt -f %M build/mcfcg_cli data/commalab/grid/grid12 --solver copt --copt-gpu-mode 2 --formulation tree --max-iters 10000 --time-limit 1800.0
# outcome: ok
# returncode: 0
# peak_rss_kb: 570644
# peak_rss_source: measured
# === STDERR (CG iteration log + preamble) ===
Instance: 900 vertices, 3480 arcs, 6000 commodities, 899 sources
Solver: copt (gpu-mode 2), formulation: tree
Pricing threads: 32 (auto)
Slack mode: CommodityRows (struct=899, capped_arcs=3480)
[lp-config] backend=copt version=8.0.1 method=barrier exec=GPU presolve=off crossover=off tol=0.0001 threads=n/a(GPU)
   It           UB           LB       LP_obj   #col   #row  #slk   +col   -col   +cut   -cut    t_LP    t_PR    t_SP   t_Tot     t_acc
    1          inf   5.7494e+08   8.9900e+04   1798    899   899      0      0      0      0   0.350   0.012   0.000   0.362     0.362
    2          inf   5.7494e+08   8.9900e+05   1798    899   899      0      0      0      0   0.163   0.012   0.000   0.176     0.537
    3          inf   5.7494e+08   8.9900e+06   1798    899   899      0      0      0      0   0.150   0.010   0.000   0.160     0.698
    4          inf   5.7494e+08   8.9531e+07   1798    899   884      0      0      0      0   0.151   0.012   0.000   0.163     0.861
    5          inf   5.7494e+08   5.4926e+08   1798   1027   122      0      0    128      0   0.156   0.011   0.001   0.168     1.028
    6          inf   5.7494e+08   8.0124e+08   2630   1027   486    838      6      0      0   0.201   0.005   0.000   0.209     1.237
    7          inf   5.7494e+08   1.5191e+09   3495   1038   343    865      0     11      0   0.209   0.006   0.000   0.217     1.454
    8          inf   5.7494e+08   1.2550e+09   4369   1098   110    874      0     60      0   0.229   0.006   0.001   0.238     1.692
    9          inf   5.7494e+08   1.0798e+09   5255   1133    77    886      0     35      0   0.259   0.006   0.001   0.269     1.961
   10          inf   5.7494e+08   5.7843e+08   6141   1162     0    886      0     29      0   0.350   0.006   0.001   0.359     2.320
   11          inf   5.7609e+08   5.7799e+08   6883   1145     0    880    138     13     30   0.312   0.006   0.001   0.324     2.644
   12          inf   5.7659e+08   5.7771e+08   7413   1155     0    860    330     11      1   0.315   0.006   0.001   0.328     2.972
   13          inf   5.7680e+08   5.7752e+08   7824   1165     0    841    430     12      2   0.320   0.005   0.002   0.333     3.305
   14          inf   5.7691e+08   5.7738e+08   8022   1159     0    831    633      8     14   0.329   0.005   0.001   0.342     3.647
   15          inf   5.7702e+08   5.7730e+08   7807   1156     0    806   1021      5      8   0.311   0.005   0.001   0.325     3.971
   16          inf   5.7708e+08   5.7724e+08   7443   1152     0    763   1127      8     12   0.342   0.005   0.001   0.355     4.327
   17          inf   5.7713e+08   5.7721e+08   7249   1144     0    729    923      3     11   0.349   0.005   0.001   0.362     4.688
   18   5.7720e+08   5.7716e+08   5.7720e+08   7249   1144     0   *620      0      0      0   0.350   0.006   0.001   0.356     5.045
CG optimal after 18 iterations. UB=577195347.721564 LB=577162853.913658 gap=3.249e+04 tol=5.772e+04  t_LP=4.845  t_PR=0.147  t_SP=0.014  t_Tot=5.062
[pricing-cutoff] enabled=0 cut=0 priced=21576 rate=0.0%

# === STDOUT (result CSV) ===
Setting parameter 'LpMethod' to 2
Setting parameter 'GPUMode' to 2
Setting parameter 'Presolve' to 0
Setting parameter 'Crossover' to 0
instance,formulation,iterations,columns,objective,lower_bound,optimal,time,time_lp,time_pricing,time_separation
data/commalab/grid/grid12,tree,18,6350,577195347.721564,577162853.913658,1,5.088,4.845,0.147,0.014
