# cmd: /usr/bin/time -o /tmp/mcfcg_mem_ael4el3v.txt -f %M build/mcfcg_cli data/commalab/planar/planar1000 --solver copt --copt-gpu-mode 2 --formulation tree --max-iters 10000 --time-limit 1800.0
# outcome: ok
# returncode: 0
# peak_rss_kb: 809748
# peak_rss_source: measured
# === STDERR (CG iteration log + preamble) ===
Instance: 1000 vertices, 5200 arcs, 20026 commodities, 1000 sources
Solver: copt (gpu-mode 2), formulation: tree
Pricing threads: 32 (auto)
Slack mode: CommodityRows (struct=1000, capped_arcs=5200)
[lp-config] backend=copt version=8.0.1 method=barrier exec=GPU presolve=off crossover=off tol=0.0001 threads=n/a(GPU)
   It           UB           LB       LP_obj   #col   #row  #slk   +col   -col   +cut   -cut    t_LP    t_PR    t_SP   t_Tot     t_acc
    1          inf   3.1896e+09   8.7300e+06   2000   1000  1000      0      0      0      0   0.362   0.024   0.001   0.386     0.386
    2          inf   3.1896e+09   8.7300e+07   2000   1000  1000      0      0      0      0   0.166   0.023   0.001   0.190     0.577
    3          inf   3.1896e+09   8.7275e+08   2000   1000   998      0      0      0      0   0.162   0.020   0.001   0.183     0.759
    4          inf   3.1896e+09   3.1896e+09   2000   1538     0      0      0    538      0   0.163   0.026   0.002   0.192     0.951
    5          inf   3.1896e+09   6.1730e+09   2999   1538   602    999      0      0      0   0.483   0.011   0.001   0.502     1.453
    6          inf   3.1896e+09   2.5922e+10   3999   1538   647   1000      0      0      0   0.594   0.013   0.001   0.615     2.068
    7          inf   3.1896e+09   7.5058e+10   4998   1539   650    999      0      1      0   0.683   0.010   0.001   0.704     2.771
    8          inf   3.1896e+09   2.9327e+11   5998   1542   459   1000      0      3      0   0.797   0.013   0.001   0.821     3.592
    9          inf   3.1896e+09   3.0901e+11   6998   1555   345   1000      0     13      0   0.914   0.013   0.001   0.938     4.530
   10          inf   3.1896e+09   2.5421e+11   7628   1267   279   1000    370      9    297   0.974   0.012   0.001   1.008     5.538
   11          inf   3.1896e+09   1.7791e+11   7901   1360   187   1000    727     93      0   0.467   0.012   0.002   0.494     6.032
   12          inf   3.1896e+09   1.6188e+11   8168   1393   176   1000    733     33      0   0.584   0.012   0.002   0.612     6.644
   13          inf   3.1896e+09   1.0362e+11   8327   1447   116   1000    841     56      2   0.591   0.009   0.001   0.623     7.267
   14          inf   3.1896e+09   7.7369e+10   8504   1505    85   1000    823     59      1   0.711   0.011   0.001   0.744     8.011
   15          inf   3.1896e+09   4.9073e+10   8741   1544    54   1000    763     49     10   0.728   0.010   0.001   0.764     8.775
   16          inf   3.1896e+09   1.5044e+10   9008   1606    16   1000    733     67      5   0.804   0.011   0.001   0.842     9.617
   17          inf   3.1896e+09   6.4702e+09   9124   1629     3   1000    884     27      4   0.943   0.012   0.003   0.984    10.601
   18          inf   3.1896e+09   3.5636e+09   9292   1601     0   1000    832      7     35   1.007   0.010   0.003   1.047    11.648
   19          inf   3.2522e+09   3.5459e+09   9407   1595     0   1000    885      6     12   0.917   0.011   0.003   0.955    12.603
   20          inf   3.2548e+09   3.5323e+09   9526   1586     0   1000    881     13     22   0.840   0.012   0.003   0.880    13.483
   21          inf   3.2908e+09   3.5193e+09   9600   1591     0   1000    926     16     11   0.892   0.010   0.003   0.930    14.413
   22          inf   3.2993e+09   3.5084e+09   9527   1580     0   1000   1073      7     18   0.906   0.012   0.003   0.946    15.359
   23          inf   3.3216e+09   3.4983e+09   9209   1567     0   1000   1318      9     22   0.882   0.009   0.003   0.918    16.277
   24          inf   3.3477e+09   3.4895e+09   9142   1544     0   1000   1067     12     35   0.855   0.010   0.003   0.892    17.170
   25          inf   3.3620e+09   3.4832e+09   9251   1521     0   1000    891     10     33   0.847   0.011   0.003   0.887    18.056
   26          inf   3.3722e+09   3.4772e+09   9265   1499     0   1000    986      5     27   0.826   0.010   0.003   0.863    18.919
   27          inf   3.3848e+09   3.4722e+09   9326   1491     0   1000    939     12     20   0.799   0.012   0.003   0.837    19.756
   28          inf   3.3883e+09   3.4689e+09   9314   1491     0   1000   1012     11     11   0.768   0.011   0.003   0.805    20.561
   29          inf   3.4010e+09   3.4652e+09   9326   1502     0   1000    988     21     10   0.769   0.011   0.003   0.806    21.367
   30          inf   3.4093e+09   3.4626e+09   9323   1506     0   1000   1003     12      8   0.800   0.012   0.003   0.838    22.205
   31          inf   3.4137e+09   3.4604e+09   9328   1510     0   1000    995     18     14   0.838   0.008   0.003   0.872    23.077
   32          inf   3.4170e+09   3.4587e+09   9397   1511     0   1000    931     14     13   0.824   0.011   0.003   0.862    23.939
   33          inf   3.4230e+09   3.4574e+09   9421   1508     0   1000    976      4      7   0.818   0.011   0.003   0.856    24.795
   34          inf   3.4246e+09   3.4559e+09   9409   1501     0   1000   1012      3     10   0.825   0.010   0.003   0.863    25.658
   35          inf   3.4276e+09   3.4548e+09   9370   1492     0   1000   1039      6     15   0.759   0.011   0.003   0.798    26.456
   36          inf   3.4303e+09   3.4537e+09   9366   1491     0   1000   1004      4      5   0.786   0.011   0.003   0.823    27.279
   37          inf   3.4347e+09   3.4528e+09   9429   1493     0   1000    937      7      5   0.779   0.011   0.003   0.816    28.095
   38          inf   3.4365e+09   3.4521e+09   9420   1492     0   1000   1009      6      7   0.810   0.010   0.003   0.848    28.942
   39          inf   3.4391e+09   3.4516e+09   9467   1490     0   1000    953      4      6   0.827   0.011   0.003   0.864    29.806
   40          inf   3.4424e+09   3.4512e+09   9442   1491     0   1000   1025      4      3   0.853   0.011   0.003   0.891    30.697
   41          inf   3.4424e+09   3.4508e+09   9440   1495     0   1000   1002      6      2   0.803   0.011   0.003   0.841    31.539
   42          inf   3.4441e+09   3.4505e+09   9427   1497     0   1000   1013      5      3   0.851   0.009   0.003   0.889    32.428
   43          inf   3.4441e+09   3.4502e+09   9452   1496     0   1000    975      2      3   0.846   0.010   0.003   0.883    33.311
   44          inf   3.4459e+09   3.4500e+09   9430   1491     0   1000   1022      7     12   0.882   0.010   0.003   0.921    34.232
   45          inf   3.4463e+09   3.4499e+09   9447   1491     0   1000    983      2      2   0.848   0.010   0.003   0.885    35.116
   46          inf   3.4477e+09   3.4498e+09   9540   1487     0   1000    907      3      7   0.889   0.012   0.004   0.932    36.048
   47          inf   3.4480e+09   3.4497e+09   9495   1485     0   1000   1045      2      4   0.920   0.009   0.003   0.957    37.006
   48          inf   3.4484e+09   3.4497e+09   9507   1486     0   1000    988      4      3   0.899   0.012   0.003   0.939    37.945
   49   3.4497e+09   3.4488e+09   3.4497e+09   9512   1484     0   1000    995      0      2   0.897   0.011   0.003   0.930    38.875
   50   3.4497e+09   3.4491e+09   3.4496e+09   9536   1484     0   1000    976      2      2   0.925   0.011   0.003   0.965    39.840
   51   3.4497e+09   3.4493e+09   3.4496e+09   9536   1488     0  *1000      0      4      0   0.911   0.011   0.003   0.925    40.765
CG optimal after 51 iterations. UB=3449661380.680587 LB=3449330254.422525 gap=3.311e+05 tol=3.450e+05  t_LP=39.022  t_PR=0.636  t_SP=0.120  t_Tot=40.798
[pricing-cutoff] enabled=0 cut=0 priced=56000 rate=0.0%

# === STDOUT (result CSV) ===
Setting parameter 'LpMethod' to 2
Setting parameter 'GPUMode' to 2
Setting parameter 'Presolve' to 0
Setting parameter 'Crossover' to 0
instance,formulation,iterations,columns,objective,lower_bound,optimal,time,time_lp,time_pricing,time_separation
data/commalab/planar/planar1000,tree,51,8536,3449661380.680587,3449330254.422525,1,40.840,39.022,0.636,0.120
