# cmd: /usr/bin/time -o /tmp/mcfcg_mem_z8003pfy.txt -f %M build/mcfcg_cli data/commalab/planar/planar150 --solver copt --copt-gpu-mode 2 --formulation tree --max-iters 10000 --time-limit 1800.0
# outcome: ok
# returncode: 0
# peak_rss_kb: 519100
# peak_rss_source: measured
# === STDERR (CG iteration log + preamble) ===
Instance: 150 vertices, 850 arcs, 2239 commodities, 150 sources
Solver: copt (gpu-mode 2), formulation: tree
Pricing threads: 32 (auto)
Slack mode: CommodityRows (struct=150, capped_arcs=850)
[lp-config] backend=copt version=8.0.1 method=barrier exec=GPU presolve=off crossover=off tol=0.0001 threads=n/a(GPU)
   It           UB           LB       LP_obj   #col   #row  #slk   +col   -col   +cut   -cut    t_LP    t_PR    t_SP   t_Tot     t_acc
    1          inf   4.6091e+08   2.8355e+07    300    150   150      0      0      0      0   0.350   0.001   0.000   0.351     0.351
    2          inf   4.6091e+08   2.7752e+08    300    150   137      0      0      0      0   0.164   0.001   0.000   0.165     0.516
    3          inf   4.6091e+08   4.6091e+08    300    366     0      0      0    216      0   0.162   0.001   0.000   0.163     0.679
    4          inf   4.6091e+08   1.9672e+09    447    366   120    147      0      0      0   0.182   0.000   0.000   0.183     0.862
    5          inf   4.6091e+08   1.1631e+10    597    366   109    150      0      0      0   0.192   0.000   0.000   0.194     1.055
    6          inf   4.6091e+08   3.5622e+10    747    370   103    150      0      4      0   0.199   0.000   0.000   0.200     1.255
    7          inf   4.6091e+08   6.3698e+10    897    372    88    150      0      2      0   0.198   0.000   0.000   0.200     1.455
    8          inf   4.6091e+08   5.5124e+10   1047    379    69    150      0      7      0   0.212   0.000   0.000   0.213     1.668
    9          inf   4.6091e+08   4.2550e+10   1131    394    55    150     66     15      0   0.213   0.000   0.000   0.215     1.883
   10          inf   4.6091e+08   3.5557e+10   1212    411    48    150     69     17      0   0.216   0.000   0.000   0.218     2.101
   11          inf   4.6091e+08   2.8457e+10   1255    420    35    150    107      9      0   0.225   0.000   0.000   0.226     2.327
   12          inf   4.6091e+08   2.0911e+10   1309    445    36    150     96     25      0   0.226   0.000   0.000   0.228     2.555
   13          inf   4.6091e+08   1.9028e+10   1358    454    29    150    101      9      0   0.236   0.000   0.000   0.238     2.793
   14          inf   4.6091e+08   1.3152e+10   1412    455    23    150     96     13     12   0.230   0.000   0.000   0.232     3.025
   15          inf   4.6091e+08   8.9930e+09   1458    469    19    150    104     14      0   0.243   0.000   0.000   0.244     3.269
   16          inf   4.6091e+08   3.0131e+09   1514    488     3    150     94     19      0   0.250   0.000   0.000   0.253     3.522
   17          inf   4.6091e+08   6.0625e+08   1525    480     0    150    139     12     20   0.273   0.000   0.000   0.275     3.797
   18          inf   4.6091e+08   5.9260e+08   1573    481     0    150    102      3      2   0.261   0.000   0.000   0.262     4.059
   19          inf   4.6091e+08   5.8684e+08   1597    479     0    150    126      1      3   0.265   0.000   0.000   0.267     4.326
   20          inf   4.7324e+08   5.8070e+08   1643    480     0    150    104      4      3   0.263   0.000   0.000   0.265     4.591
   21          inf   4.8282e+08   5.7622e+08   1659    472     0    150    134      4     12   0.243   0.000   0.000   0.245     4.836
   22          inf   4.8942e+08   5.7210e+08   1635    464     0    150    174      3     11   0.261   0.000   0.000   0.263     5.099
   23          inf   5.0187e+08   5.6831e+08   1590    451     0    150    195      5     18   0.249   0.001   0.000   0.251     5.350
   24          inf   5.1829e+08   5.6494e+08   1575    448     0    150    165      4      7   0.244   0.000   0.000   0.246     5.596
   25          inf   5.2168e+08   5.6194e+08   1571    444     0    150    154      2      6   0.245   0.000   0.000   0.246     5.842
   26          inf   5.2493e+08   5.5955e+08   1588    441     0    150    133      5      8   0.232   0.000   0.000   0.234     6.077
   27          inf   5.2493e+08   5.5757e+08   1611    439     0    150    127      3      5   0.249   0.000   0.000   0.251     6.328
   28          inf   5.2757e+08   5.5563e+08   1593    433     0    150    168      1      7   0.243   0.000   0.000   0.245     6.572
   29          inf   5.3168e+08   5.5421e+08   1599    437     0    150    144      5      1   0.241   0.000   0.000   0.243     6.815
   30          inf   5.3318e+08   5.5295e+08   1602    437     0    150    147      1      1   0.260   0.000   0.000   0.262     7.076
   31          inf   5.3678e+08   5.5201e+08   1610    426     0    150    142      3     14   0.255   0.000   0.000   0.257     7.333
   32          inf   5.3951e+08   5.5140e+08   1613    424     0    150    147      5      7   0.252   0.000   0.000   0.254     7.587
   33          inf   5.3951e+08   5.5081e+08   1619    424     0    150    144      3      3   0.248   0.000   0.000   0.250     7.837
   34   5.5028e+08   5.4081e+08   5.5028e+08   1615    415     0    150    154      0      9   0.247   0.000   0.000   0.249     8.086
   35   5.5028e+08   5.4237e+08   5.4982e+08   1613    404     0    150    152      2     13   0.231   0.000   0.000   0.233     8.319
   36   5.5028e+08   5.4237e+08   5.4954e+08   1605    403     0    150    158      3      4   0.236   0.000   0.000   0.238     8.557
   37   5.4924e+08   5.4361e+08   5.4924e+08   1595    398     0    150    160      0      5   0.235   0.000   0.000   0.237     8.794
   38   5.4924e+08   5.4400e+08   5.4894e+08   1598    399     0    150    147      5      4   0.248   0.000   0.000   0.250     9.043
   39   5.4924e+08   5.4464e+08   5.4872e+08   1600    400     0    150    148      3      2   0.242   0.000   0.000   0.244     9.287
   40   5.4924e+08   5.4555e+08   5.4861e+08   1604    398     0    150    146      1      3   0.238   0.000   0.000   0.240     9.527
   41   5.4924e+08   5.4576e+08   5.4845e+08   1611    396     0    149    142      1      3   0.255   0.000   0.001   0.257     9.784
   42   5.4924e+08   5.4657e+08   5.4835e+08   1628    396     0    150    133      1      1   0.237   0.000   0.000   0.239    10.023
   43   5.4924e+08   5.4692e+08   5.4828e+08   1626    396     0    149    151      1      1   0.240   0.000   0.000   0.242    10.266
   44   5.4821e+08   5.4717e+08   5.4821e+08   1630    396     0    150    146      0      0   0.244   0.000   0.000   0.245    10.511
   45   5.4821e+08   5.4756e+08   5.4815e+08   1623    398     0    149    156      2      0   0.242   0.000   0.000   0.244    10.755
   46   5.4821e+08   5.4772e+08   5.4811e+08   1638    400     0    150    135      2      0   0.229   0.000   0.000   0.231    10.985
   47   5.4821e+08   5.4792e+08   5.4810e+08   1646    401     0    150    142      1      0   0.254   0.000   0.000   0.255    11.241
   48   5.4809e+08   5.4802e+08   5.4809e+08   1651    401     0    150    145      0      0   0.273   0.000   0.000   0.274    11.515
   49   5.4809e+08   5.4805e+08   5.4809e+08   1651    401     0   *149      0      0      0   0.250   0.000   0.000   0.251    11.766
CG optimal after 49 iterations. UB=548088810.354112 LB=548045967.495429 gap=4.284e+04 tol=5.481e+04  t_LP=11.685  t_PR=0.020  t_SP=0.012  t_Tot=11.770
[pricing-cutoff] enabled=0 cut=0 priced=7950 rate=0.0%

# === STDOUT (result CSV) ===
Setting parameter 'LpMethod' to 2
Setting parameter 'GPUMode' to 2
Setting parameter 'Presolve' to 0
Setting parameter 'Crossover' to 0
instance,formulation,iterations,columns,objective,lower_bound,optimal,time,time_lp,time_pricing,time_separation
data/commalab/planar/planar150,tree,49,1501,548088810.354112,548045967.495429,1,11.790,11.685,0.020,0.012
