# cmd: /usr/bin/time -o /tmp/mcfcg_mem_lyjfnn09.txt -f %M build/mcfcg_cli data/commalab/planar/planar300 --solver copt --copt-gpu-mode 2 --formulation tree --max-iters 10000 --time-limit 1800.0
# outcome: ok
# returncode: 0
# peak_rss_kb: 510020
# peak_rss_source: measured
# === STDERR (CG iteration log + preamble) ===
Instance: 300 vertices, 1680 arcs, 3584 commodities, 300 sources
Solver: copt (gpu-mode 2), formulation: tree
Pricing threads: 32 (auto)
Slack mode: CommodityRows (struct=300, capped_arcs=1680)
[lp-config] backend=copt version=8.0.1 method=barrier exec=GPU presolve=off crossover=off tol=0.0001 threads=n/a(GPU)
   It           UB           LB       LP_obj   #col   #row  #slk   +col   -col   +cut   -cut    t_LP    t_PR    t_SP   t_Tot     t_acc
    1          inf   6.6936e+08   1.3575e+07    600    300   300      0      0      0      0   0.344   0.003   0.000   0.347     0.347
    2          inf   6.6936e+08   1.3575e+08    600    300   300      0      0      0      0   0.158   0.002   0.000   0.161     0.508
    3          inf   6.6936e+08   6.6907e+08    600    457     1      0      0    157      0   0.151   0.002   0.000   0.154     0.662
    4          inf   6.6936e+08   9.3512e+08    898    457   155    298      0      0      0   0.188   0.001   0.000   0.190     0.851
    5          inf   6.6936e+08   2.5164e+09   1196    457   172    298      0      0      0   0.195   0.001   0.000   0.197     1.049
    6          inf   6.6936e+08   4.3615e+09   1496    458   104    300      0      1      0   0.213   0.001   0.000   0.215     1.264
    7          inf   6.6936e+08   4.6940e+09   1796    461    81    300      0      3      0   0.216   0.001   0.000   0.218     1.482
    8          inf   6.6936e+08   3.6393e+09   2096    485    35    300      0     24      0   0.223   0.001   0.000   0.226     1.708
    9          inf   6.6936e+08   2.4909e+09   2345    437    29    300     51      7     55   0.240   0.001   0.000   0.243     1.950
   10          inf   6.6936e+08   6.9772e+08   2478    444     0    300    167      9      2   0.242   0.001   0.000   0.245     2.196
   11          inf   6.7811e+08   6.9512e+08   2579    449     0    300    199      5      0   0.226   0.002   0.000   0.229     2.425
   12          inf   6.8260e+08   6.9350e+08   2722    452     0    300    157      4      1   0.227   0.001   0.000   0.230     2.655
   13          inf   6.8413e+08   6.9235e+08   2824    453     0    300    198      1      0   0.226   0.001   0.000   0.229     2.883
   14          inf   6.8489e+08   6.9149e+08   2833    450     0    300    291      3      6   0.232   0.001   0.000   0.235     3.119
   15          inf   6.8689e+08   6.9087e+08   2747    448     0    300    386      1      3   0.219   0.001   0.001   0.223     3.342
   16          inf   6.8797e+08   6.9050e+08   2701    445     0    300    346      1      4   0.228   0.001   0.000   0.232     3.574
   17   6.9028e+08   6.8884e+08   6.9028e+08   2689    442     0    299    311      0      3   0.228   0.001   0.000   0.231     3.805
   18   6.9012e+08   6.8929e+08   6.9012e+08   2727    441     0    299    261      0      1   0.225   0.001   0.000   0.228     4.032
   19   6.9012e+08   6.8964e+08   6.9004e+08   2762    437     0    300    265      1      5   0.228   0.001   0.000   0.231     4.264
   20   6.9012e+08   6.8968e+08   6.9001e+08   2767    435     0    300    295      1      3   0.230   0.001   0.000   0.233     4.497
   21   6.9012e+08   6.8988e+08   6.8999e+08   2776    435     0    299    290      2      2   0.239   0.001   0.000   0.242     4.739
   22   6.9012e+08   6.8997e+08   6.8998e+08   2803    436     0    296    269      1      0   0.277   0.001   0.000   0.281     5.020
   23   6.8998e+08   6.8998e+08   6.8998e+08   2803    436     0     *1      0      0      0   0.232   0.001   0.000   0.234     5.253
CG optimal after 23 iterations. UB=689979198.000012 LB=689979049.291001 gap=1.487e+02 tol=6.900e+04  t_LP=5.188  t_PR=0.032  t_SP=0.008  t_Tot=5.259
[pricing-cutoff] enabled=0 cut=0 priced=8100 rate=0.0%

# === STDOUT (result CSV) ===
Setting parameter 'LpMethod' to 2
Setting parameter 'GPUMode' to 2
Setting parameter 'Presolve' to 0
Setting parameter 'Crossover' to 0
instance,formulation,iterations,columns,objective,lower_bound,optimal,time,time_lp,time_pricing,time_separation
data/commalab/planar/planar300,tree,23,2503,689979198.000012,689979049.291001,1,5.279,5.188,0.032,0.008
