# cmd: /usr/bin/time -o /tmp/mcfcg_mem_7mqlel_r.txt -f %M build/mcfcg_cli data/transportation/Sydney_net.tntp.gz --solver copt --copt-gpu-mode 2 --formulation tree --max-iters 10000 --time-limit 1800.0
# outcome: ok
# returncode: 0
# peak_rss_kb: 9869404
# peak_rss_source: measured
# === STDERR (CG iteration log + preamble) ===
TNTP: net=data/transportation/Sydney_net.tntp.gz trips=data/transportation/Sydney_trips.tntp.gz coef=1.9
Instance: 33113 vertices, 75379 arcs, 3343560 commodities, 3257 sources
Solver: copt (gpu-mode 2), formulation: tree
Pricing threads: 32 (auto)
Slack mode: CommodityRows (struct=3257, capped_arcs=75379)
[lp-config] backend=copt version=8.0.1 method=barrier exec=GPU presolve=off crossover=off tol=0.0001 threads=n/a(GPU)
   It           UB           LB       LP_obj   #col   #row  #slk   +col   -col   +cut   -cut    t_LP    t_PR    t_SP   t_Tot     t_acc
    1          inf   4.9542e+06   1.5043e+05   6514   3257  3042      0      0      0      0   0.380   1.795   0.006   2.181     2.181
    2          inf   4.9542e+06   1.2093e+06   6514   3257  2028      0      0      0      0   0.215   1.787   0.011   2.013     4.194
    3          inf   4.9542e+06   4.6463e+06   6514   3477    91      0      0    220      0   0.186   1.808   0.025   2.019     6.212
    4          inf   4.9542e+06   5.5261e+06   9757   3482   706   3243      0      5      0   0.597   0.902   0.023   2.315     8.528
    5          inf   4.9542e+06   5.8426e+06  13011   3497   735   3254      0     15      0   0.830   0.914   0.036   2.709    11.237
    6          inf   4.9542e+06   5.8386e+06  16263   3552   223   3252      0     55      0   0.965   0.894   0.057   2.767    14.004
    7          inf   4.9542e+06   5.2367e+06  19511   3610    19   3248      0     58      0   1.559   0.892   0.076   3.425    17.429
    8          inf   4.9542e+06   4.9884e+06  22755   3618     0   3244      0      8      0   2.235   0.877   0.089   4.090    21.519
    9          inf   4.9585e+06   4.9804e+06  25875   3514     0   3243    123      1    105   2.342   0.901   0.079   4.512    26.031
   10          inf   4.9615e+06   4.9735e+06  27636   3516     0   3205   1444      3      1   1.548   0.921   0.120   3.949    29.980
   11          inf   4.9645e+06   4.9713e+06  28863   3508     0   3215   1988      1      9   1.741   0.931   0.135   3.862    33.842
   12          inf   4.9653e+06   4.9700e+06  28583   3469     0   3141   3421      1     40   1.578   0.920   0.154   3.596    37.437
   13          inf   4.9653e+06   4.9692e+06  27858   3422     0   3104   3829      4     51   1.279   0.905   0.138   3.260    40.698
   14   4.9688e+06   4.9660e+06   4.9688e+06  26630   3403     0   3097   4325      0     19   1.008   0.919   0.137   2.977    43.675
   15   4.9685e+06   4.9661e+06   4.9685e+06  26226   3398     0   2938   3342      0      5   0.865   0.914   0.126   2.806    46.481
   16   4.9684e+06   4.9663e+06   4.9684e+06  25898   3396     0   2634   2962      0      2   0.832   0.938   0.127   2.749    49.230
   17   4.9683e+06   4.9664e+06   4.9683e+06  25453   3390     0   2255   2700      0      6   0.793   0.934   0.124   2.755    51.985
   18   4.9683e+06   4.9664e+06   4.9682e+06  24418   3391     0   1926   2961      1      0   0.996   0.925   0.138   2.830    54.816
   19   4.9682e+06   4.9664e+06   4.9682e+06  22874   3389     0   1568   3112      0      2   0.830   0.944   0.128   2.602    57.418
   20   4.9682e+06   4.9665e+06   4.9682e+06  21180   3387     0   1077   2771      0      2   0.781   0.969   0.113   2.480    59.898
   21   4.9682e+06   4.9665e+06   4.9682e+06  19131   3385     0    377   2426      0      2   0.782   0.972   0.107   2.306    62.203
   22   4.9682e+06   4.9665e+06   4.9682e+06  17631   3385     0    110   1610      0      0   0.652   0.964   0.096   2.038    64.241
   23   4.9682e+06   4.9665e+06   4.9682e+06  16356   3383     0      8   1283      0      2   0.692   0.907   0.084   1.951    66.192
   24   4.9682e+06   4.9665e+06   4.9682e+06  15672   3382     0      4    688      0      1   0.602   0.940   0.076   1.836    68.028
   25   4.9682e+06   4.9665e+06   4.9682e+06  15672   3382     0      0      0      0      0   0.602   1.876   0.068   2.546    70.574
CG optimal after 25 iterations. UB=4968208.860484 LB=4966458.164306 gap=1.751e+03 tol=4.968e+02  t_LP=24.889  t_PR=28.472  t_SP=2.276  t_Tot=72.401
[bounded-pricing] enabled=0 cut=0 priced=97710 rate=0.0%

# === STDOUT (result CSV) ===
Setting parameter 'LpMethod' to 2
Setting parameter 'GPUMode' to 2
Setting parameter 'Presolve' to 0
Setting parameter 'Crossover' to 0
instance,formulation,iterations,columns,objective,lower_bound,optimal,time,time_lp,time_pricing,time_separation
data/transportation/Sydney_net.tntp.gz,tree,25,12415,4968208.860484,4966458.164306,1,73.318,24.889,28.472,2.276
