# cmd: /usr/bin/time -o /tmp/mcfcg_mem_ik4hxkem.txt -f %M build/mcfcg_cli data/transportation/ChicagoRegional_net.tntp.gz --solver copt --copt-gpu-mode 2 --formulation tree --max-iters 10000 --time-limit 1800.0
# outcome: ok
# returncode: 0
# peak_rss_kb: 5709472
# peak_rss_source: measured
# === STDERR (CG iteration log + preamble) ===
TNTP: net=data/transportation/ChicagoRegional_net.tntp.gz trips=data/transportation/ChicagoRegional_trips.tntp.gz coef=4.1
Instance: 12982 vertices, 39018 arcs, 2297945 commodities, 1771 sources
Solver: copt (gpu-mode 2), formulation: tree
Pricing threads: 32 (auto)
Slack mode: CommodityRows (struct=1771, capped_arcs=39018)
[lp-config] backend=copt version=8.0.1 method=barrier exec=GPU presolve=off crossover=off tol=0.0001 threads=n/a(GPU)
   It           UB           LB       LP_obj   #col   #row  #slk   +col   -col   +cut   -cut    t_LP    t_PR    t_SP   t_Tot     t_acc
    1          inf   5.4984e+06   2.1129e+04   3542   1771  1757      0      0      0      0   0.268   0.453   0.003   0.725     0.725
    2          inf   5.4984e+06   2.0846e+05   3542   1771  1717      0      0      0      0   0.036   0.449   0.003   0.489     1.213
    3          inf   5.4984e+06   1.8320e+06   3542   1771  1324      0      0      0      0   0.034   0.447   0.005   0.485     1.699
    4          inf   5.4984e+06   5.3728e+06   3542   2014    24      0      0    243      0   0.031   0.449   0.012   0.492     2.191
    5          inf   5.4984e+06   7.6699e+06   5301   2025   567   1759      0     11      0   0.260   0.223   0.008   0.753     2.944
    6          inf   5.4984e+06   1.5972e+07   7060   2028   585   1759      0      3      0   0.426   0.226   0.013   0.936     3.880
    7          inf   5.4984e+06   2.7241e+07   8819   2033   513   1759      0      5      0   0.547   0.223   0.018   1.047     4.927
    8          inf   5.4984e+06   3.8959e+07  10579   2053   325   1760      0     20      0   0.599   0.222   0.026   1.106     6.033
    9          inf   5.4984e+06   5.0896e+07  12344   2062   313   1765      0      9      0   0.739   0.220   0.031   1.272     7.304
   10          inf   5.4984e+06   3.9714e+07  14021   2011   166   1762     85     28     79   0.854   0.221   0.038   1.487     8.792
   11          inf   5.4984e+06   6.7789e+06  14951   2055     2   1763    833     48      4   0.827   0.219   0.044   1.444    10.235
   12          inf   5.4984e+06   8.0070e+06  15593   2078    11   1761   1119     25      2   0.901   0.223   0.031   1.511    11.746
   13          inf   5.4984e+06   5.5328e+06  15878   2086     0   1761   1476     10      2   0.881   0.224   0.049   1.509    13.255
   14          inf   5.4984e+06   5.5272e+06  16307   2083     0   1756   1327      3      6   0.916   0.222   0.050   1.556    14.812
   15          inf   5.4984e+06   5.5231e+06  16758   2085     0   1756   1305      7      5   0.912   0.218   0.052   1.547    16.358
   16          inf   5.5006e+06   5.5204e+06  16884   2078     0   1756   1630      4     11   0.911   0.216   0.052   1.539    17.897
   17          inf   5.5042e+06   5.5188e+06  16555   2066     0   1756   2085      4     16   0.964   0.217   0.052   1.586    19.483
   18          inf   5.5042e+06   5.5175e+06  15534   2035     0   1753   2774      2     33   0.982   0.213   0.053   1.598    21.081
   19          inf   5.5082e+06   5.5163e+06  15270   2022     0   1750   2014      3     16   0.858   0.211   0.050   1.466    22.548
   20          inf   5.5095e+06   5.5156e+06  15304   2022     0   1748   1714      3      3   0.818   0.211   0.049   1.419    23.967
   21          inf   5.5095e+06   5.5151e+06  15439   2017     0   1747   1612      1      6   0.835   0.211   0.047   1.433    25.399
   22          inf   5.5098e+06   5.5145e+06  15734   2014     0   1744   1449      2      5   0.867   0.210   0.047   1.463    26.862
   23          inf   5.5106e+06   5.5142e+06  15874   2015     0   1737   1597      4      3   0.871   0.212   0.049   1.480    28.342
   24   5.5140e+06   5.5108e+06   5.5140e+06  16132   2013     0   1736   1478      0      2   0.903   0.214   0.048   1.503    29.845
   25   5.5140e+06   5.5112e+06   5.5138e+06  15980   2008     0   1735   1887      1      6   0.934   0.213   0.049   1.555    31.400
   26   5.5140e+06   5.5117e+06   5.5137e+06  16108   2007     0   1724   1596      2      3   0.898   0.218   0.050   1.518    32.918
   27   5.5140e+06   5.5117e+06   5.5135e+06  16269   2007     0   1724   1563      1      1   0.925   0.219   0.049   1.546    34.464
   28   5.5140e+06   5.5117e+06   5.5134e+06  16127   2007     0   1720   1862      3      3   0.927   0.220   0.052   1.551    36.015
   29   5.5134e+06   5.5117e+06   5.5134e+06  16656   2005     0   1721   1192      0      2   0.880   0.225   0.050   1.494    37.509
   30   5.5133e+06   5.5120e+06   5.5133e+06  16928   2005     0   1703   1431      0      0   0.915   0.224   0.052   1.530    39.040
   31   5.5133e+06   5.5120e+06   5.5133e+06  17193   2005     0   1699   1434      1      1   0.925   0.222   0.055   1.562    40.601
   32   5.5133e+06   5.5121e+06   5.5133e+06  17518   2006     0   1683   1358      1      0   0.981   0.222   0.052   1.609    42.210
   33   5.5132e+06   5.5122e+06   5.5132e+06  17910   2006     0   1658   1266      0      0   1.050   0.221   0.053   1.672    43.882
   34   5.5132e+06   5.5123e+06   5.5132e+06  18501   2006     0   1645   1054      1      1   1.016   0.221   0.055   1.671    45.553
   35   5.5132e+06   5.5123e+06   5.5132e+06  18636   2007     0   1605   1470      1      0   1.091   0.219   0.057   1.727    47.280
   36   5.5132e+06   5.5123e+06   5.5132e+06  18943   2006     0   1569   1262      0      1   1.091   0.219   0.056   1.736    49.015
   37   5.5132e+06   5.5123e+06   5.5132e+06  19310   2005     0   1522   1155      0      1   1.105   0.222   0.059   1.756    50.771
   38   5.5132e+06   5.5123e+06   5.5132e+06  19507   2004     0   1505   1308      0      1   1.126   0.224   0.061   1.781    52.552
   39   5.5132e+06   5.5123e+06   5.5132e+06  19674   2004     0   1465   1298      0      0   1.154   0.221   0.061   1.791    54.343
   40   5.5132e+06   5.5123e+06   5.5132e+06  20215   2006     0   1375    834      2      0   1.162   0.222   0.061   1.819    56.163
   41   5.5132e+06   5.5124e+06   5.5132e+06  21047   2006     0   1232    400      0      0   1.177   0.219   0.062   1.823    57.986
   42   5.5132e+06   5.5124e+06   5.5132e+06  21678   2006     0   1117    486      1      1   1.230   0.220   0.064   1.883    59.869
   43   5.5132e+06   5.5124e+06   5.5132e+06  22110   2005     0    791    359      0      1   1.273   0.224   0.070   1.893    61.761
   44   5.5132e+06   5.5124e+06   5.5132e+06  22697   2005     0    818    231      0      0   1.258   0.222   0.067   1.867    63.628
   45   5.5132e+06   5.5124e+06   5.5132e+06  23179   2005     0    632    150      0      0   1.249   0.226   0.067   1.847    65.475
   46   5.5132e+06   5.5124e+06   5.5132e+06  23356   2003     0    281    104      0      2   1.357   0.225   0.069   1.918    67.393
   47   5.5132e+06   5.5124e+06   5.5132e+06  23558   2003     0    265     63      0      0   1.292   0.225   0.071   1.839    69.232
   48   5.5132e+06   5.5124e+06   5.5132e+06  23642   2003     0    184    100      0      0   1.269   0.220   0.070   1.801    71.033
   49   5.5132e+06   5.5124e+06   5.5132e+06  23666   2002     0     67     43      0      1   1.298   0.220   0.070   1.832    72.865
   50   5.5132e+06   5.5124e+06   5.5132e+06  23626   2002     0      2     42      0      0   1.328   0.220   0.061   1.826    74.691
   51   5.5132e+06   5.5124e+06   5.5132e+06  23614   2002     0      8     20      0      0   1.363   0.222   0.060   1.864    76.555
   52   5.5132e+06   5.5124e+06   5.5132e+06  23614   2002     0      0      0      0      0   1.389   0.423   0.063   1.874    78.430
CG optimal after 52 iterations. UB=5513156.266424 LB=5512373.907982 gap=7.824e+02 tol=5.513e+02  t_LP=47.906  t_PR=13.064  t_SP=2.493  t_Tot=78.944
[bounded-pricing] enabled=0 fired=0 priced=102718 rate=0.0%

# === STDOUT (result CSV) ===
Setting parameter 'LpMethod' to 2
Setting parameter 'GPUMode' to 2
Setting parameter 'Presolve' to 0
Setting parameter 'Crossover' to 0
instance,formulation,iterations,columns,objective,lower_bound,optimal,time,time_lp,time_pricing,time_separation
data/transportation/ChicagoRegional_net.tntp.gz,tree,52,21843,5513156.266424,5512373.907982,1,79.454,47.906,13.064,2.493
