# cmd: /usr/bin/time -o /tmp/mcfcg_mem_cf8ycnco.txt -f %M build/mcfcg_cli data/transportation/ChicagoSketch_net.tntp.gz --solver copt --copt-gpu-mode 2 --formulation tree --max-iters 10000 --time-limit 1800.0
# outcome: ok
# returncode: 0
# peak_rss_kb: 522884
# peak_rss_source: measured
# === STDERR (CG iteration log + preamble) ===
TNTP: net=data/transportation/ChicagoSketch_net.tntp.gz trips=data/transportation/ChicagoSketch_trips.tntp.gz coef=2.4
Instance: 933 vertices, 2950 arcs, 93513 commodities, 386 sources
Solver: copt (gpu-mode 2), formulation: tree
Pricing threads: 32 (auto)
Slack mode: CommodityRows (struct=386, capped_arcs=2950)
[lp-config] backend=copt version=8.0.1 method=barrier exec=GPU presolve=off crossover=off tol=0.0001 threads=n/a(GPU)
   It           UB           LB       LP_obj   #col   #row  #slk   +col   -col   +cut   -cut    t_LP    t_PR    t_SP   t_Tot     t_acc
    1          inf   6.6870e+06   9.6191e+03    772    386   386      0      0      0      0   0.242   0.008   0.000   0.251     0.251
    2          inf   6.6870e+06   9.6191e+04    772    386   386      0      0      0      0   0.026   0.007   0.000   0.034     0.285
    3          inf   6.6870e+06   9.1394e+05    772    386   339      0      0      0      0   0.027   0.007   0.000   0.034     0.319
    4          inf   6.6870e+06   5.1857e+06    772    396    99      0      0     10      0   0.026   0.007   0.000   0.034     0.353
    5          inf   6.6870e+06   1.1395e+07   1119    408   109    347      0     12      0   0.038   0.005   0.000   0.047     0.400
    6          inf   6.6870e+06   7.7027e+06   1446    425    25    339     12     17      0   0.050   0.005   0.001   0.061     0.460
    7          inf   6.6870e+06   8.2942e+06   1826    429    37    380      0      4      0   0.063   0.005   0.001   0.073     0.534
    8          inf   6.6870e+06   8.0027e+06   2204    434     6    378      0      5      0   0.071   0.005   0.001   0.082     0.616
    9   6.7167e+06   6.6870e+06   6.7167e+06   2581    434     0    377      0      0      0   0.079   0.005   0.001   0.089     0.704
   10   6.7167e+06   6.6977e+06   6.7108e+06   2903    434     0    374     52      1      1   0.076   0.005   0.001   0.089     0.794
   11   6.7073e+06   6.7041e+06   6.7073e+06   3111    433     0    357    149      0      1   0.077   0.004   0.001   0.090     0.883
   12   6.7073e+06   6.7047e+06   6.7064e+06   3143    432     0    319    287      1      2   0.076   0.005   0.001   0.089     0.972
   13   6.7073e+06   6.7047e+06   6.7061e+06   3081    429     0    318    380      1      4   0.082   0.004   0.001   0.095     1.067
   14   6.7059e+06   6.7055e+06   6.7059e+06   3081    429     0   *221      0      0      0   0.076   0.004   0.001   0.082     1.148
CG optimal after 14 iterations. UB=6705927.477376 LB=6705451.255072 gap=4.762e+02 tol=6.706e+02  t_LP=1.009  t_PR=0.088  t_SP=0.012  t_Tot=1.164
[bounded-pricing] enabled=0 fired=0 priced=7334 rate=0.0%

# === STDOUT (result CSV) ===
Setting parameter 'LpMethod' to 2
Setting parameter 'GPUMode' to 2
Setting parameter 'Presolve' to 0
Setting parameter 'Crossover' to 0
instance,formulation,iterations,columns,objective,lower_bound,optimal,time,time_lp,time_pricing,time_separation
data/transportation/ChicagoSketch_net.tntp.gz,tree,14,2695,6705927.477376,6705451.255072,1,1.181,1.009,0.088,0.012
