# cmd: /usr/bin/time -o /tmp/mcfcg_mem_nyvlfqfl.txt -f %M build/mcfcg_cli data/transportation/Winnipeg_net.tntp.gz --solver copt --copt-gpu-mode 2 --formulation tree --max-iters 10000 --time-limit 1800.0
# outcome: ok
# returncode: 0
# peak_rss_kb: 484992
# peak_rss_source: measured
# === STDERR (CG iteration log + preamble) ===
TNTP: net=data/transportation/Winnipeg_net.tntp.gz trips=data/transportation/Winnipeg_trips.tntp.gz coef=2000.0
Instance: 1052 vertices, 2836 arcs, 4345 commodities, 135 sources
Solver: copt (gpu-mode 2), formulation: tree
Pricing threads: 32 (auto)
Slack mode: CommodityRows (struct=135, capped_arcs=2836)
[lp-config] backend=copt version=8.0.1 method=barrier exec=GPU presolve=off crossover=off tol=0.0001 threads=n/a(GPU)
   It           UB           LB       LP_obj   #col   #row  #slk   +col   -col   +cut   -cut    t_LP    t_PR    t_SP   t_Tot     t_acc
    1          inf   3.9643e+02   3.7371e+02    270    270     6      0      0    135      0   0.241   0.002   0.000   0.244     0.244
    2          inf   3.9643e+02   6.0255e+02    386    278    42    116      0      8      0   0.055   0.001   0.000   0.057     0.301
    3          inf   3.9643e+02   1.5701e+03    507    280    49    121      0      2      0   0.054   0.001   0.000   0.056     0.357
    4          inf   3.9643e+02   1.5336e+03    627    325    32    120      0     45      0   0.064   0.001   0.000   0.066     0.423
    5          inf   3.9643e+02   2.7161e+03    751    331    29    124      0      6      0   0.064   0.001   0.000   0.066     0.489
    6          inf   3.9643e+02   1.5587e+03    875    360    16    124      0     29      0   0.074   0.001   0.000   0.076     0.566
    7          inf   3.9643e+02   3.1884e+03    999    301    20    132      8      8     67   0.092   0.001   0.000   0.095     0.660
    8          inf   3.9643e+02   6.3601e+02   1079    333     2    126     46     43     11   0.099   0.001   0.000   0.102     0.763
    9          inf   3.9643e+02   1.8570e+03   1133    339     3    128     74      7      1   0.089   0.001   0.000   0.092     0.854
   10          inf   3.9643e+02   4.5033e+02   1182    321     0    121     72      9     27   0.114   0.001   0.000   0.117     0.972
   11          inf   3.9643e+02   4.4395e+02   1220    319     0    123     85      6      8   0.106   0.001   0.001   0.110     1.082
   12          inf   4.0376e+02   4.3698e+02   1243    307     0    122     99      3     15   0.100   0.001   0.000   0.104     1.185
   13          inf   4.0604e+02   4.3196e+02   1275    311     0    114     82      6      2   0.098   0.001   0.000   0.101     1.287
   14          inf   4.0604e+02   4.2879e+02   1242    284     0    118    151      4     31   0.104   0.001   0.000   0.107     1.394
   15          inf   4.0604e+02   4.2757e+02   1170    271     0    120    192      2     15   0.095   0.001   0.000   0.099     1.493
   16          inf   4.1376e+02   4.2647e+02   1136    267     0    110    144      8     12   0.083   0.001   0.000   0.086     1.579
   17   4.2480e+02   4.1548e+02   4.2480e+02   1136    252     0    112    112      0     15   0.077   0.001   0.000   0.080     1.659
   18   4.2480e+02   4.1680e+02   4.2296e+02   1121    250     0    109    124      3      5   0.077   0.001   0.000   0.080     1.740
   19   4.2480e+02   4.1680e+02   4.2207e+02   1136    250     0    119    104      5      5   0.076   0.001   0.000   0.080     1.819
   20   4.2480e+02   4.1791e+02   4.2151e+02   1127    250     0    102    111      2      2   0.078   0.001   0.000   0.082     1.901
   21   4.2480e+02   4.1918e+02   4.2112e+02   1086    251     0     84    125      2      1   0.077   0.001   0.000   0.080     1.981
   22   4.2480e+02   4.1918e+02   4.2075e+02   1065    249     0     89    110      1      3   0.081   0.001   0.000   0.084     2.065
   23   4.2064e+02   4.1943e+02   4.2064e+02   1032    243     0     82    115      0      6   0.079   0.001   0.000   0.083     2.148
   24   4.2046e+02   4.1957e+02   4.2046e+02    990    238     0     73    115      0      5   0.076   0.001   0.000   0.080     2.228
   25   4.2046e+02   4.1957e+02   4.2034e+02    917    238     0     58    131      1      1   0.069   0.001   0.000   0.073     2.300
   26   4.2028e+02   4.1987e+02   4.2028e+02    893    238     0     60     84      0      0   0.081   0.001   0.000   0.084     2.384
   27   4.2028e+02   4.1990e+02   4.2021e+02    844    237     0     42     91      1      2   0.078   0.001   0.000   0.081     2.464
   28   4.2020e+02   4.1990e+02   4.2020e+02    812    236     0     52     84      0      1   0.074   0.001   0.000   0.077     2.541
   29   4.2019e+02   4.2003e+02   4.2019e+02    741    234     0     17     88      0      2   0.072   0.001   0.000   0.075     2.616
   30   4.2018e+02   4.2004e+02   4.2018e+02    689    233     0     19     71      0      1   0.072   0.001   0.000   0.075     2.691
   31   4.2017e+02   4.2005e+02   4.2017e+02    645    233     0     10     54      0      0   0.070   0.001   0.000   0.074     2.765
   32   4.2017e+02   4.2005e+02   4.2017e+02    630    232     0     41     56      0      1   0.072   0.001   0.000   0.074     2.839
   33   4.2017e+02   4.2005e+02   4.2017e+02    590    232     0      2     42      0      0   0.075   0.001   0.000   0.077     2.917
   34   4.2017e+02   4.2008e+02   4.2017e+02    534    232     0      1     57      0      0   0.070   0.001   0.000   0.072     2.989
   35   4.2017e+02   4.2008e+02   4.2017e+02    557    232     0     41     18      0      0   0.076   0.001   0.000   0.078     3.067
   36   4.2017e+02   4.2008e+02   4.2017e+02    557    232     0      0      0      0      0   0.074   0.003   0.000   0.077     3.144
CG optimal after 36 iterations. UB=420.167698 LB=420.078287 gap=8.941e-02 tol=4.202e-02  t_LP=3.034  t_PR=0.053  t_SP=0.013  t_Tot=3.148
[bounded-pricing] enabled=0 fired=0 priced=5265 rate=0.0%

# === STDOUT (result CSV) ===
Setting parameter 'LpMethod' to 2
Setting parameter 'GPUMode' to 2
Setting parameter 'Presolve' to 0
Setting parameter 'Crossover' to 0
instance,formulation,iterations,columns,objective,lower_bound,optimal,time,time_lp,time_pricing,time_separation
data/transportation/Winnipeg_net.tntp.gz,tree,36,422,420.167698,420.078287,1,3.162,3.034,0.053,0.013
