# cmd: /usr/bin/time -o /tmp/mcfcg_mem_qhgxx0qc.txt -f %M build/mcfcg_cli data/transportation/Barcelona_net.tntp.gz --solver copt --copt-gpu-mode 2 --formulation tree --max-iters 10000 --time-limit 1800.0
# outcome: ok
# returncode: 0
# peak_rss_kb: 496912
# peak_rss_source: measured
# === STDERR (CG iteration log + preamble) ===
TNTP: net=data/transportation/Barcelona_net.tntp.gz trips=data/transportation/Barcelona_trips.tntp.gz coef=5050.0
Instance: 1020 vertices, 2522 arcs, 7922 commodities, 97 sources
Solver: copt (gpu-mode 2), formulation: tree
Pricing threads: 32 (auto)
Slack mode: CommodityRows (struct=97, capped_arcs=2522)
[lp-config] backend=copt version=8.0.1 method=barrier exec=GPU presolve=off crossover=off tol=0.0001 threads=n/a(GPU)
   It           UB           LB       LP_obj   #col   #row  #slk   +col   -col   +cut   -cut    t_LP    t_PR    t_SP   t_Tot     t_acc
    1          inf   2.3750e+02   2.3756e+02    194    227     0      0      0    130      0   0.394   0.002   0.000   0.396     0.396
    2          inf   2.3750e+02   1.4151e+03    290    227    26     96      0      0      0   0.209   0.001   0.000   0.211     0.607
    3          inf   2.3750e+02   3.8452e+03    385    230    37     95      0      3      0   0.204   0.001   0.000   0.206     0.813
    4          inf   2.3750e+02   8.5308e+03    480    235    40     95      0      5      0   0.213   0.001   0.000   0.215     1.029
    5          inf   2.3750e+02   2.7493e+03    576    273    11     96      0     38      0   0.199   0.001   0.000   0.201     1.230
    6          inf   2.3750e+02   7.7570e+03    671    278    11     95      0      5      0   0.213   0.001   0.000   0.216     1.446
    7          inf   2.3750e+02   3.7874e+03    758    213     4     94      7      7     72   0.222   0.001   0.001   0.225     1.671
    8          inf   2.3750e+02   2.4832e+02    811    226     0     95     42     14      1   0.255   0.001   0.001   0.259     1.930
    9          inf   2.3854e+02   2.4684e+02    857    229     0     94     48      3      0   0.244   0.001   0.001   0.248     2.178
   10          inf   2.4061e+02   2.4619e+02    906    231     0     88     39      8      6   0.254   0.001   0.000   0.257     2.435
   11          inf   2.4164e+02   2.4525e+02    908    216     0     85     83      5     20   0.203   0.001   0.000   0.206     2.642
   12          inf   2.4164e+02   2.4473e+02    903    214     0     81     86      1      3   0.195   0.001   0.000   0.198     2.840
   13          inf   2.4201e+02   2.4432e+02    870    206     0     81    114      3     11   0.199   0.001   0.000   0.202     3.041
   14          inf   2.4232e+02   2.4413e+02    830    198     0     76    116      5     13   0.195   0.001   0.000   0.198     3.240
   15          inf   2.4268e+02   2.4396e+02    812    200     0     73     91      5      3   0.198   0.001   0.000   0.201     3.440
   16          inf   2.4310e+02   2.4390e+02    793    192     0     68     87      2     10   0.195   0.001   0.000   0.198     3.638
   17          inf   2.4310e+02   2.4379e+02    772    191     0     62     83      1      2   0.207   0.001   0.000   0.210     3.848
   18          inf   2.4310e+02   2.4370e+02    745    188     0     57     84      2      5   0.199   0.001   0.000   0.202     4.050
   19          inf   2.4322e+02   2.4365e+02    722    193     0     57     80      6      1   0.197   0.001   0.000   0.199     4.249
   20          inf   2.4329e+02   2.4361e+02    689    192     0     44     77      1      2   0.201   0.001   0.000   0.204     4.453
   21          inf   2.4335e+02   2.4359e+02    645    193     0     31     75      3      2   0.198   0.001   0.000   0.201     4.653
   22   2.4357e+02   2.4335e+02   2.4357e+02    616    189     0     39     68      0      4   0.219   0.001   0.000   0.222     4.876
   23   2.4355e+02   2.4335e+02   2.4355e+02    584    187     0     33     65      0      2   0.197   0.001   0.000   0.199     5.075
   24   2.4354e+02   2.4335e+02   2.4354e+02    554    184     0     35     65      0      3   0.196   0.001   0.000   0.198     5.273
   25   2.4354e+02   2.4339e+02   2.4354e+02    528    184     0     18     44      2      2   0.215   0.001   0.000   0.217     5.490
   26   2.4353e+02   2.4339e+02   2.4353e+02    521    183     0     28     35      0      1   0.214   0.001   0.000   0.217     5.707
   27   2.4353e+02   2.4341e+02   2.4353e+02    498    179     0     14     37      0      4   0.237   0.001   0.000   0.240     5.947
   28   2.4352e+02   2.4341e+02   2.4352e+02    477    179     0     10     31      0      0   0.208   0.001   0.000   0.211     6.158
   29   2.4352e+02   2.4341e+02   2.4352e+02    443    179     0      9     43      0      0   0.264   0.001   0.000   0.267     6.424
   30   2.4352e+02   2.4342e+02   2.4352e+02    404    178     0      4     43      0      1   0.252   0.001   0.000   0.254     6.679
   31   2.4352e+02   2.4343e+02   2.4352e+02    386    176     0      3     21      0      2   0.254   0.001   0.000   0.256     6.935
   32   2.4352e+02   2.4343e+02   2.4352e+02    355    176     0      9     40      0      0   0.235   0.001   0.000   0.238     7.173
   33   2.4352e+02   2.4343e+02   2.4352e+02    344    176     0      7     18      0      0   0.199   0.001   0.000   0.201     7.374
   34   2.4352e+02   2.4343e+02   2.4352e+02    331    176     0      2     15      0      0   0.210   0.001   0.000   0.212     7.586
   35   2.4352e+02   2.4344e+02   2.4352e+02    331    176     0      0      0      0      0   0.198   0.003   0.000   0.201     7.787
CG optimal after 35 iterations. UB=243.518425 LB=243.437220 gap=8.120e-02 tol=2.435e-02  t_LP=7.690  t_PR=0.049  t_SP=0.013  t_Tot=7.794
[bounded-pricing] enabled=0 cut=0 priced=3686 rate=0.0%

# === STDOUT (result CSV) ===
Setting parameter 'LpMethod' to 2
Setting parameter 'GPUMode' to 2
Setting parameter 'Presolve' to 0
Setting parameter 'Crossover' to 0
instance,formulation,iterations,columns,objective,lower_bound,optimal,time,time_lp,time_pricing,time_separation
data/transportation/Barcelona_net.tntp.gz,tree,35,234,243.518425,243.437220,1,7.816,7.690,0.049,0.013
