# cmd: /usr/bin/time -o /tmp/mcfcg_mem_169iptd9.txt -f %M build/mcfcg_cli data/transportation/BerlinCenter_net.tntp.gz --solver copt --copt-gpu-mode 2 --formulation tree --max-iters 10000 --time-limit 1800.0
# outcome: ok
# returncode: 0
# peak_rss_kb: 687548
# peak_rss_source: measured
# === STDERR (CG iteration log + preamble) ===
TNTP: net=data/transportation/BerlinCenter_net.tntp.gz trips=data/transportation/BerlinCenter_trips.tntp.gz coef=0.5
Instance: 12981 vertices, 28376 arcs, 49688 commodities, 865 sources
Solver: copt (gpu-mode 2), formulation: tree
Pricing threads: 32 (auto)
Slack mode: CommodityRows (struct=865, capped_arcs=28376)
[lp-config] backend=copt version=8.0.1 method=barrier exec=GPU presolve=off crossover=off tol=0.0001 threads=n/a(GPU)
   It           UB           LB       LP_obj   #col   #row  #slk   +col   -col   +cut   -cut    t_LP    t_PR    t_SP   t_Tot     t_acc
    1          inf   2.6118e+07   2.6017e+05   1730    865   853      0      0      0      0   0.246   0.077   0.002   0.325     0.325
    2          inf   2.6118e+07   2.4448e+06   1730    865   754      0      0      0      0   0.033   0.064   0.002   0.099     0.425
    3          inf   2.6118e+07   1.5789e+07   1730    891   303      0      0     26      0   0.031   0.059   0.003   0.092     0.517
    4          inf   2.6118e+07   4.0348e+07   2184   1138   237    454      0    247      0   0.042   0.032   0.003   0.083     0.599
    5          inf   2.6118e+07   1.0208e+08   2896   1185   376    712      0     47      0   0.107   0.040   0.003   0.158     0.758
    6          inf   2.6118e+07   3.1195e+08   3608   1251   303    746     34     66      0   0.120   0.041   0.003   0.175     0.933
    7          inf   2.6118e+07   7.6867e+08   4349   1299   254    741      0     48      0   0.151   0.047   0.004   0.209     1.142
    8          inf   2.6118e+07   1.4776e+09   5090   1365   193    741      0     66      0   0.177   0.041   0.005   0.232     1.374
    9          inf   2.6118e+07   2.1270e+09   5778   1402   158    745     57     37      0   0.298   0.046   0.004   0.362     1.736
   10          inf   2.6118e+07   1.7070e+09   6246   1383    94    743    275     25     44   0.339   0.045   0.004   0.405     2.141
   11          inf   2.6118e+07   1.4024e+09   6592   1423    45    720    374     44      4   0.301   0.052   0.006   0.375     2.516
   12          inf   2.6118e+07   5.3628e+08   6820   1458     7    711    483     51     16   0.364   0.051   0.004   0.436     2.952
   13          inf   2.6118e+07   1.0620e+09   7024   1486    19    722    518     47     19   0.396   0.047   0.006   0.466     3.418
   14          inf   2.6118e+07   3.2012e+08   7119   1504     2    692    597     31     13   0.422   0.040   0.004   0.485     3.902
   15          inf   2.6118e+07   6.1159e+07   7171   1509     2    700    648     22     17   0.393   0.041   0.005   0.458     4.360
   16          inf   2.6972e+07   2.8076e+07   7151   1503     0    675    695      4     10   0.376   0.048   0.005   0.448     4.807
   17          inf   2.6982e+07   2.7901e+07   7205   1486     0    665    611      1     18   0.411   0.040   0.006   0.475     5.283
   18          inf   2.7157e+07   2.7809e+07   7174   1456     0    667    698      9     39   0.421   0.041   0.006   0.485     5.768
   19          inf   2.7209e+07   2.7701e+07   6998   1410     0    638    814      6     52   0.332   0.042   0.006   0.397     6.165
   20          inf   2.7332e+07   2.7648e+07   6826   1392     0    630    802     13     31   0.328   0.043   0.005   0.394     6.559
   21          inf   2.7347e+07   2.7604e+07   6586   1376     0    568    808      7     23   0.341   0.045   0.005   0.408     6.966
   22   2.7586e+07   2.7431e+07   2.7586e+07   6473   1360     0    508    621      0     16   0.286   0.047   0.005   0.353     7.319
   23   2.7586e+07   2.7453e+07   2.7568e+07   6423   1351     0    492    542      5     14   0.258   0.045   0.005   0.324     7.643
   24   2.7586e+07   2.7481e+07   2.7556e+07   6308   1340     0    460    575      1     12   0.280   0.049   0.005   0.349     7.992
   25   2.7586e+07   2.7481e+07   2.7547e+07   6219   1342     0    447    536      5      3   0.282   0.043   0.005   0.346     8.338
   26   2.7586e+07   2.7502e+07   2.7542e+07   6193   1334     0    429    455      1      9   0.265   0.045   0.005   0.329     8.667
   27   2.7538e+07   2.7502e+07   2.7538e+07   6150   1331     0    448    491      0      3   0.252   0.045   0.005   0.317     8.984
   28   2.7535e+07   2.7508e+07   2.7535e+07   6089   1330     0    358    419      0      1   0.250   0.044   0.005   0.313     9.297
   29   2.7533e+07   2.7520e+07   2.7533e+07   6096   1321     0    369    362      0      9   0.271   0.043   0.005   0.332     9.628
   30   2.7531e+07   2.7520e+07   2.7531e+07   6106   1320     0    392    382      0      1   0.288   0.047   0.005   0.354     9.982
   31   2.7530e+07   2.7525e+07   2.7530e+07   6118   1315     0    349    337      0      5   0.247   0.046   0.005   0.312    10.294
   32   2.7530e+07   2.7527e+07   2.7530e+07   6134   1314     0    351    335      0      1   0.259   0.049   0.005   0.326    10.620
   33   2.7529e+07   2.7527e+07   2.7529e+07   6066   1313     0    299    367      0      1   0.269   0.047   0.005   0.334    10.953
   34   2.7529e+07   2.7527e+07   2.7529e+07   6173   1314     0    319    212      1      0   0.269   0.048   0.005   0.334    11.287
   35   2.7529e+07   2.7527e+07   2.7529e+07   6186   1315     0    178    165      1      0   0.277   0.046   0.005   0.339    11.627
   36   2.7529e+07   2.7528e+07   2.7529e+07   6186   1315     0    *77      0      0      0   0.299   0.046   0.006   0.351    11.977
CG optimal after 36 iterations. UB=27529169.321991 LB=27528382.434445 gap=7.869e+02 tol=2.753e+03  t_LP=9.684  t_PR=1.712  t_SP=0.171  t_Tot=12.021
[bounded-pricing] enabled=0 fired=0 priced=34600 rate=0.0%

# === STDOUT (result CSV) ===
Setting parameter 'LpMethod' to 2
Setting parameter 'GPUMode' to 2
Setting parameter 'Presolve' to 0
Setting parameter 'Crossover' to 0
instance,formulation,iterations,columns,objective,lower_bound,optimal,time,time_lp,time_pricing,time_separation
data/transportation/BerlinCenter_net.tntp.gz,tree,36,5321,27529169.321991,27528382.434445,1,12.066,9.684,1.712,0.171
