# cmd: /usr/bin/time -o /tmp/mcfcg_mem_iguavu7h.txt -f %M build/mcfcg_cli data/intermodal/SBT-43785-0.txt.gz --solver copt --copt-gpu-mode 2 --formulation tree --max-iters 10000 --strategy pricer-heavy --bounded-pricing --time-limit 1800.0
# outcome: ok
# returncode: 0
# peak_rss_kb: 2054468
# peak_rss_source: measured
# === STDERR (CG iteration log + preamble) ===
Instance: 238529 vertices, 3741246 arcs, 43757 commodities, 43757 sources
Solver: copt (gpu-mode 2), formulation: tree
Pricing threads: 32 (auto)
Slack mode: CommodityRows (struct=43757, capped_arcs=3494226)
[lp-config] backend=copt version=8.0.1 method=barrier exec=GPU presolve=off crossover=off tol=0.0001 threads=n/a(GPU)
   It           UB           LB       LP_obj   #col   #row  #slk   +col   -col   +cut   -cut    t_LP    t_PR    t_SP   t_Tot     t_acc
    1          inf         -inf   1.1175e+06  87514  43829   745      0      0     72      0   0.473   0.000   0.284   0.759     0.759
    2          inf         -inf   1.1284e+06  89098  43829  1264   1584      0      0      0   0.174   0.599   0.284   1.060     1.819
    3          inf         -inf   1.1237e+06  89098  43840     0      0      0     11      0   0.189   0.000   0.276   0.468     2.286
    4          inf         -inf   1.1238e+06  89246  43840    23    148      0      0      0   0.188   0.235   0.275   0.700     2.986
    5   1.1237e+06   1.1235e+06   1.1237e+06  89487  43840     0    241      0      0      0   0.185   8.873   0.273   9.332    12.318
    6   1.1236e+06   1.1236e+06   1.1236e+06  89487  43840     0     *1      0      0      0   0.186   8.892   0.273   9.351    21.669
CG optimal after 6 iterations. UB=1123600.000001 LB=1123593.830630 gap=6.169e+00 tol=1.124e+02  t_LP=1.395  t_PR=27.890  t_SP=1.666  t_Tot=30.960
[bounded-pricing] enabled=1 cut=87555 priced=133286 rate=65.7%

# === STDOUT (result CSV) ===
Setting parameter 'LpMethod' to 2
Setting parameter 'GPUMode' to 2
Setting parameter 'Presolve' to 0
Setting parameter 'Crossover' to 0
instance,formulation,iterations,columns,objective,lower_bound,optimal,time,time_lp,time_pricing,time_separation
data/intermodal/SBT-43785-0.txt.gz,tree,6,45730,1123600.000001,1123593.830630,1,31.847,1.395,27.890,1.666
