# cmd: /usr/bin/time -o /tmp/mcfcg_mem_d2hkz2_z.txt -f %M build/mcfcg_cli data/intermodal/BUS-13160-0.txt.gz --solver copt --copt-gpu-mode 2 --formulation tree --max-iters 10000 --strategy pricer-heavy --bounded-pricing --time-limit 1800.0
# outcome: ok
# returncode: 0
# peak_rss_kb: 945184
# peak_rss_source: measured
# === STDERR (CG iteration log + preamble) ===
Instance: 140925 vertices, 1023858 arcs, 13135 commodities, 13135 sources
Solver: copt (gpu-mode 2), formulation: tree
Pricing threads: 32 (auto)
Slack mode: CommodityRows (struct=13135, capped_arcs=836960)
[lp-config] backend=copt version=8.0.1 method=barrier exec=GPU presolve=off crossover=off tol=0.0001 threads=n/a(GPU)
   It           UB           LB       LP_obj   #col   #row  #slk   +col   -col   +cut   -cut    t_LP    t_PR    t_SP   t_Tot     t_acc
    1          inf         -inf   3.3868e+05  26270  13208   783      0      0     73      0   0.280   0.000   0.073   0.353     0.353
    2          inf         -inf   3.4174e+05  26924  13208  1041    654      0      0      0   0.043   0.083   0.070   0.197     0.550
    3          inf         -inf   3.4913e+05  26924  13259    71      0      0     51      0   0.049   0.000   0.073   0.123     0.673
    4          inf         -inf   3.5030e+05  27288  13259   146    364      0      0      0   0.052   0.066   0.070   0.189     0.862
    5          inf         -inf   3.5357e+05  27288  13268    90      0      0      9      0   0.054   0.000   0.071   0.126     0.988
    6          inf         -inf   3.5362e+05  27404  13268    92    116      0      0      0   0.058   0.047   0.070   0.175     1.163
    7          inf         -inf   3.6396e+05  27404  13272    56      0      0      4      0   0.062   0.000   0.070   0.133     1.296
    8          inf         -inf   3.6397e+05  27511  13233    58    107      0      0     39   0.061   0.041   0.070   0.173     1.469
    9          inf         -inf   3.7153e+05  27511  13239    73      0      0      6      0   0.053   0.000   0.071   0.125     1.594
   10          inf         -inf   3.7158e+05  27604  13209    74     93      0      0     30   0.062   0.043   0.071   0.177     1.771
   11          inf         -inf   3.5741e+05  27604  13218    28      0      0      9      0   0.063   0.000   0.070   0.134     1.905
   12          inf         -inf   3.5742e+05  27686  13208    32     82      0      0     10   0.061   0.044   0.070   0.175     2.080
   13          inf         -inf   3.5354e+05  27686  13219    23      0      0     11      0   0.060   0.000   0.070   0.130     2.211
   14          inf         -inf   3.5355e+05  27749  13211    26     63      0      0      8   0.065   0.043   0.069   0.178     2.389
   15          inf   2.8844e+05   3.5453e+05  28063  13208    16    314      0      0      3   0.059   0.420   0.072   0.553     2.941
   16          inf   2.8844e+05   3.4838e+05  28063  13232     0      0      0     24      0   0.057   0.000   0.072   0.129     3.070
   17   3.4843e+05   2.8844e+05   3.4843e+05  28096  13228     0     33      0      0      4   0.061   0.046   0.071   0.179     3.249
   18   3.4843e+05   2.8844e+05   3.4840e+05  28096  13229     0      0      0      1      0   0.063   0.000   0.070   0.134     3.382
   19   3.4840e+05   3.4834e+05   3.4840e+05  28125  13221     0     29      0      0      8   0.060   0.430   0.072   0.563     3.946
   20   3.4840e+05   3.4834e+05   3.4836e+05  28125  13223     0      0      0      2      0   0.058   0.000   0.071   0.129     4.075
   21   3.4836e+05   3.4836e+05   3.4836e+05  28125  13223     0     *4      0      0      0   0.057   0.436   0.071   0.564     4.639
CG optimal after 21 iterations. UB=348361.500002 LB=348359.968724 gap=1.531e+00 tol=3.484e+01  t_LP=1.438  t_PR=2.160  t_SP=1.486  t_Tot=5.101
[bounded-pricing] enabled=1 fired=40200 priced=55194 rate=72.8%

# === STDOUT (result CSV) ===
Setting parameter 'LpMethod' to 2
Setting parameter 'GPUMode' to 2
Setting parameter 'Presolve' to 0
Setting parameter 'Crossover' to 0
instance,formulation,iterations,columns,objective,lower_bound,optimal,time,time_lp,time_pricing,time_separation
data/intermodal/BUS-13160-0.txt.gz,tree,21,14990,348361.500002,348359.968724,1,5.365,1.438,2.160,1.486
