# cmd: /usr/bin/time -o /tmp/mcfcg_mem_n_3caf7f.txt -f %M build/mcfcg_cli data/intermodal/BUS-18424-0.txt.gz --solver copt --copt-gpu-mode 2 --formulation tree --max-iters 10000 --strategy pricer-heavy --bounded-pricing --time-limit 1800.0
# outcome: ok
# returncode: 0
# peak_rss_kb: 1119056
# peak_rss_source: measured
# === STDERR (CG iteration log + preamble) ===
Instance: 151455 vertices, 1338522 arcs, 18388 commodities, 18388 sources
Solver: copt (gpu-mode 2), formulation: tree
Pricing threads: 32 (auto)
Slack mode: CommodityRows (struct=18388, capped_arcs=1151624)
[lp-config] backend=copt version=8.0.1 method=barrier exec=GPU presolve=off crossover=off tol=0.0001 threads=n/a(GPU)
   It           UB           LB       LP_obj   #col   #row  #slk   +col   -col   +cut   -cut    t_LP    t_PR    t_SP   t_Tot     t_acc
    1          inf         -inf   4.7151e+05  36776  18454  1078      0      0     66      0   0.416   0.000   0.097   0.513     0.513
    2          inf         -inf   4.7582e+05  37652  18454  1435    876      0      0      0   0.177   0.130   0.092   0.402     0.915
    3          inf         -inf   4.8678e+05  37652  18496   136      0      0     42      0   0.179   0.000   0.095   0.275     1.189
    4          inf         -inf   4.8820e+05  37652  18498   237      0      0      2      0   0.191   0.000   0.096   0.287     1.477
    5          inf         -inf   4.8824e+05  37727  18498   240     75      0      0      0   0.193   0.041   0.092   0.327     1.804
    6          inf         -inf   5.0369e+05  37727  18505   225      0      0      7      0   0.193   0.000   0.093   0.287     2.091
    7          inf         -inf   5.0370e+05  37823  18482   227     96      0      0     23   0.187   0.046   0.093   0.327     2.418
    8          inf         -inf   5.4388e+05  37823  18483   194      0      0      1      0   0.190   0.000   0.093   0.284     2.701
    9          inf         -inf   5.4388e+05  37855  18453   195     32      0      0     30   0.190   0.044   0.093   0.327     3.029
   10          inf         -inf   5.7440e+05  37855  18456   210      0      0      3      0   0.192   0.000   0.093   0.286     3.314
   11          inf         -inf   5.7440e+05  37900  18454   211     45      0      0      2   0.190   0.041   0.093   0.325     3.639
   12          inf         -inf   6.8765e+05  37900  18462   178      0      0      8      0   0.191   0.000   0.091   0.283     3.922
   13          inf         -inf   6.8765e+05  38046  18456   178    146      0      0      6   0.188   0.072   0.093   0.354     4.276
   14          inf         -inf   8.0287e+05  38046  18467   116      0      0     11      0   0.187   0.000   0.091   0.279     4.556
   15          inf         -inf   8.0292e+05  38131  18466   124     85      0      0      1   0.195   0.060   0.093   0.349     4.905
   16          inf         -inf   7.7682e+05  38131  18470   129      0      0      4      0   0.190   0.000   0.094   0.285     5.190
   17          inf         -inf   7.7686e+05  38247  18465   132    116      0      0      5   0.194   0.052   0.092   0.340     5.529
   18          inf         -inf   1.2151e+06  38247  18467    95      0      0      2      0   0.194   0.000   0.093   0.288     5.817
   19          inf         -inf   1.2151e+06  38294  18453    96     47      0      0     14   0.198   0.043   0.091   0.333     6.150
   20          inf         -inf   1.9710e+06  38294  18466    95      0      0     13      0   0.190   0.000   0.092   0.282     6.432
   21          inf         -inf   1.9710e+06  38363  18460    95     69      0      0      6   0.196   0.057   0.091   0.345     6.777
   22          inf         -inf   1.9202e+06  38363  18462    73      0      0      2      0   0.189   0.000   0.091   0.281     7.058
   23          inf  -2.9708e+06   1.9202e+06  39028  18457    73    665      0      0      5   0.198   0.775   0.093   1.069     8.127
   24          inf  -2.9708e+06   4.8509e+05  39028  18477     0      0      0     20      0   0.202   0.000   0.094   0.297     8.425
   25          inf  -2.9708e+06   4.8517e+05  39028  18478     2      0      0      1      0   0.212   0.000   0.094   0.306     8.731
   26          inf  -2.9708e+06   4.8517e+05  39042  18475     2     14      0      0      3   0.202   0.044   0.094   0.341     9.071
   27   4.8517e+05   4.8448e+05   4.8517e+05  39293  18472     0    251      0      0      3   0.209   0.765   0.092   1.067    10.138
   28   4.8517e+05   4.8448e+05   4.8503e+05  39293  18474     0      0      0      2      0   0.206   0.000   0.092   0.298    10.436
   29   4.8517e+05   4.8448e+05   4.8503e+05  39293  18475     0      0      0      1      0   0.204   0.000   0.091   0.297    10.733
   30   4.8503e+05   4.8448e+05   4.8503e+05  39294  18456     0      1      0      0     19   0.200   0.040   0.093   0.334    11.067
   31   4.8503e+05   4.8448e+05   4.8503e+05  39294  18459     0      0      0      3      0   0.197   0.000   0.094   0.291    11.357
   32   4.8503e+05   4.8501e+05   4.8503e+05  39294  18459     0    *25      0      0      0   0.202   0.775   0.091   1.068    12.426
CG optimal after 32 iterations. UB=485032.000345 LB=485007.795000 gap=2.421e+01 tol=4.850e+01  t_LP=6.441  t_PR=3.767  t_SP=2.969  t_Tot=13.211
[bounded-pricing] enabled=1 cut=55124 priced=76055 rate=72.5%

# === STDOUT (result CSV) ===
Setting parameter 'LpMethod' to 2
Setting parameter 'GPUMode' to 2
Setting parameter 'Presolve' to 0
Setting parameter 'Crossover' to 0
instance,formulation,iterations,columns,objective,lower_bound,optimal,time,time_lp,time_pricing,time_separation
data/intermodal/BUS-18424-0.txt.gz,tree,32,20906,485032.000345,485007.795000,1,13.576,6.441,3.767,2.969
