# cmd: /usr/bin/time -o /tmp/mcfcg_mem_vzpeca74.txt -f %M build/mcfcg_cli data/intermodal/BUS-23688-0.txt.gz --solver copt --copt-gpu-mode 2 --formulation tree --max-iters 10000 --strategy pricer-heavy --bounded-pricing --time-limit 1800.0
# outcome: ok
# returncode: 0
# peak_rss_kb: 1213992
# peak_rss_source: measured
# === STDERR (CG iteration log + preamble) ===
Instance: 161993 vertices, 1653437 arcs, 23643 commodities, 23643 sources
Solver: copt (gpu-mode 2), formulation: tree
Pricing threads: 32 (auto)
Slack mode: CommodityRows (struct=23643, capped_arcs=1466539)
[lp-config] backend=copt version=8.0.1 method=barrier exec=GPU presolve=off crossover=off tol=0.0001 threads=n/a(GPU)
   It           UB           LB       LP_obj   #col   #row  #slk   +col   -col   +cut   -cut    t_LP    t_PR    t_SP   t_Tot     t_acc
    1          inf         -inf   6.0693e+05  47286  23709  1421      0      0     66      0   0.389   0.000   0.113   0.503     0.503
    2          inf         -inf   6.1290e+05  48445  23709  1888   1159      0      0      0   0.055   0.193   0.115   0.366     0.869
    3          inf         -inf   6.2762e+05  48445  23756   198      0      0     47      0   0.064   0.000   0.112   0.177     1.046
    4          inf         -inf   6.2951e+05  48445  23758   352      0      0      2      0   0.069   0.000   0.112   0.182     1.227
    5          inf         -inf   6.2953e+05  48539  23758   356     94      0      0      0   0.068   0.050   0.111   0.230     1.458
    6          inf   4.6901e+05   6.5966e+05  50150  23758   348   1611      0      0      0   0.075   1.075   0.111   1.264     2.721
    7          inf   4.6901e+05   6.2486e+05  50150  23799     5      0      0     41      0   0.076   0.000   0.112   0.189     2.911
    8          inf   4.6901e+05   6.2525e+05  50150  23808    19      0      0      9      0   0.087   0.000   0.111   0.199     3.110
    9          inf   4.6901e+05   6.2528e+05  50300  23764    23    150      0      0     44   0.089   0.084   0.111   0.286     3.396
   10          inf   4.6901e+05   6.2537e+05  50300  23768     9      0      0      4      0   0.081   0.000   0.111   0.193     3.589
   11          inf   4.6901e+05   6.2537e+05  50346  23765     9     46      0      0      3   0.082   0.059   0.112   0.254     3.843
   12          inf   4.6901e+05   6.2538e+05  50346  23767     8      0      0      2      0   0.080   0.000   0.111   0.192     4.035
   13          inf   4.6901e+05   6.2538e+05  50532  23725     8    186      0      0     42   0.080   0.068   0.112   0.262     4.297
   14          inf   4.6901e+05   6.2521e+05  50532  23729     3      0      0      4      0   0.079   0.000   0.111   0.191     4.488
   15          inf   4.6901e+05   6.2521e+05  50533  23721     3      1      0      0      8   0.080   0.056   0.111   0.248     4.736
   16          inf   6.2275e+05   6.2522e+05  50968  23720     3    435      0      0      1   0.084   1.093   0.112   1.292     6.028
   17          inf   6.2275e+05   6.2489e+05  50968  23728     0      0      0      8      0   0.082   0.000   0.112   0.194     6.222
   18   6.2489e+05   6.2275e+05   6.2489e+05  50988  23725     0     20      0      0      3   0.082   0.083   0.111   0.278     6.499
   19   6.2489e+05   6.2275e+05   6.2489e+05  50988  23726     0      0      0      1      0   0.081   0.000   0.111   0.193     6.692
   20   6.2489e+05   6.2485e+05   6.2489e+05  50988  23726     0    *30      0      0      0   0.079   1.130   0.111   1.321     8.013
CG optimal after 20 iterations. UB=624894.000001 LB=624846.295662 gap=4.770e+01 tol=6.249e+01  t_LP=1.861  t_PR=5.013  t_SP=2.235  t_Tot=9.135
[bounded-pricing] enabled=1 fired=70064 priced=97439 rate=71.9%

# === STDOUT (result CSV) ===
Setting parameter 'LpMethod' to 2
Setting parameter 'GPUMode' to 2
Setting parameter 'Presolve' to 0
Setting parameter 'Crossover' to 0
instance,formulation,iterations,columns,objective,lower_bound,optimal,time,time_lp,time_pricing,time_separation
data/intermodal/BUS-23688-0.txt.gz,tree,20,27345,624894.000001,624846.295662,1,9.537,1.861,5.013,2.235
