# cmd: /usr/bin/time -o /tmp/mcfcg_mem_seda2iz3.txt -f %M build/mcfcg_cli data/intermodal/BUS-13160-0.txt.gz --solver highs --formulation tree --max-iters 10000 --strategy pricer-heavy --bounded-pricing --time-limit 7200.0
# outcome: ok
# returncode: 0
# peak_rss_kb: 798684
# peak_rss_source: measured
# === STDERR (CG iteration log + preamble) ===
Instance: 140925 vertices, 1023858 arcs, 13135 commodities, 13135 sources
Solver: highs, formulation: tree
Pricing threads: 32 (auto)
Slack mode: CommodityRows (struct=13135, capped_arcs=836960)
[lp-config] backend=highs version=1.15.1-04024d701f method=hipo exec=CPU presolve=off crossover=off tol=0.0001 threads=auto(32)
   It           UB           LB       LP_obj   #col   #row  #slk   +col   -col   +cut   -cut    t_LP    t_PR    t_SP   t_Tot     t_acc
    1          inf         -inf   3.3868e+05  26270  13208   783      0      0     73      0   0.185   0.000   0.074   0.260     0.260
    2          inf         -inf   3.4174e+05  26943  13208  1041    673      0      0      0   0.326   0.084   0.073   0.485     0.744
    3          inf         -inf   3.4912e+05  26943  13259    70      0      0     51      0   0.465   0.000   0.072   0.537     1.282
    4          inf         -inf   3.5029e+05  26943  13261   145      0      0      2      0   0.567   0.000   0.075   0.643     1.925
    5          inf         -inf   3.5029e+05  26984  13261   146     41      0      0      0   0.563   0.033   0.075   0.670     2.595
    6          inf         -inf   3.5643e+05  26984  13262   163      0      0      1      0   0.502   0.000   0.073   0.576     3.171
    7          inf         -inf   3.5645e+05  27023  13231   162     39      0      0     31   0.625   0.033   0.072   0.730     3.901
    8          inf         -inf   3.8512e+05  27023  13232   112      0      0      1      0   0.518   0.000   0.072   0.591     4.492
    9          inf         -inf   3.8512e+05  27032  13192   113      9      0      0     40   0.542   0.033   0.075   0.650     5.142
   10          inf         -inf   3.9777e+05  27032  13200   131      0      0      8      0   0.559   0.000   0.073   0.632     5.774
   11          inf         -inf   3.9781e+05  27132  13197   132    100      0      0      3   0.588   0.046   0.074   0.709     6.483
   12          inf         -inf   3.8218e+05  27132  13208    82      0      0     11      0   0.617   0.000   0.071   0.688     7.171
   13          inf         -inf   3.8223e+05  27241  13206    88    109      0      0      2   0.563   0.046   0.080   0.690     7.861
   14          inf         -inf   4.0574e+05  27241  13226    64      0      0     20      0   0.534   0.000   0.072   0.607     8.467
   15          inf         -inf   4.0870e+05  27486  13225    82    245      0      0      1   0.628   0.068   0.073   0.771     9.238
   16          inf         -inf   4.2778e+05  27486  13230    33      0      0      5      0   0.586   0.000   0.071   0.657     9.895
   17          inf         -inf   4.2778e+05  27581  13222    33     95      0      0      8   0.623   0.049   0.077   0.749    10.644
   18          inf         -inf   4.5177e+05  27581  13233    32      0      0     11      0   0.584   0.000   0.072   0.657    11.301
   19          inf         -inf   4.5179e+05  27614  13225    32     33      0      0      8   0.622   0.033   0.072   0.728    12.029
   20          inf         -inf   4.6327e+05  27614  13228    31      0      0      3      0   0.652   0.000   0.073   0.725    12.754
   21          inf         -inf   4.6327e+05  27614  13229    31      0      0      1      0   0.620   0.000   0.074   0.694    13.448
   22          inf  -6.8748e+05   4.6327e+05  28097  13211    32    483      0      0     18   0.662   0.504   0.074   1.242    14.690
   23          inf  -6.8748e+05   3.4842e+05  28097  13224     0      0      0     13      0   0.580   0.000   0.072   0.653    15.343
   24   3.4843e+05  -6.8748e+05   3.4843e+05  28128  13211     0     31      0      0     13   0.570   0.042   0.073   0.685    16.028
   25   3.4843e+05  -6.8748e+05   3.4840e+05  28128  13212     0      0      0      1      0   0.591   0.000   0.073   0.665    16.693
   26   3.4840e+05   3.4835e+05   3.4840e+05  28155  13210     0     27      0      0      2   0.596   0.451   0.072   1.119    17.812
   27   3.4836e+05   3.4836e+05   3.4836e+05  28155  13210     0     *3      0      0      0   0.620   0.427   0.071   1.118    18.929
CG optimal after 27 iterations. UB=348361.500019 LB=348360.447640 gap=1.052e+00 tol=3.484e+01  t_LP=15.086  t_PR=2.301  t_SP=1.977  t_Tot=19.383
[bounded-pricing] enabled=1 cut=39766 priced=54789 rate=72.6%

# === STDOUT (result CSV) ===
instance,formulation,iterations,columns,objective,lower_bound,optimal,time,time_lp,time_pricing,time_separation
data/intermodal/BUS-13160-0.txt.gz,tree,27,15020,348361.500019,348360.447640,1,19.603,15.086,2.301,1.977
