# cmd: /usr/bin/time -o /tmp/mcfcg_mem_ecxqdeaa.txt -f %M build/mcfcg_cli data/intermodal/BUS-23688-0.txt.gz --solver highs --formulation path --max-iters 10000 --strategy pricer-heavy --bounded-pricing --time-limit 7200.0
# outcome: ok
# returncode: 0
# peak_rss_kb: 1045980
# peak_rss_source: measured
# === STDERR (CG iteration log + preamble) ===
Instance: 161993 vertices, 1653437 arcs, 23643 commodities, 23643 sources
Solver: highs, formulation: path
Pricing threads: 32 (auto)
Slack mode: CommodityRows (struct=23643, capped_arcs=1466539)
[lp-config] backend=highs version=1.15.1-04024d701f method=hipo exec=CPU presolve=off crossover=off tol=0.0001 threads=auto(32)
   It           UB           LB       LP_obj   #col   #row  #slk   +col   -col   +cut   -cut    t_LP    t_PR    t_SP   t_Tot     t_acc
    1          inf         -inf   6.0693e+05  47286  23709  1421      0      0     66      0   0.450   0.000   0.112   0.563     0.563
    2          inf         -inf   6.1290e+05  48444  23709  1888   1158      0      0      0   1.254   0.201   0.115   1.574     2.137
    3          inf         -inf   6.2764e+05  48444  23756   199      0      0     47      0   1.352   0.000   0.109   1.463     3.600
    4          inf         -inf   6.2956e+05  48444  23758   355      0      0      2      0   1.399   0.000   0.112   1.511     5.111
    5          inf         -inf   6.2957e+05  48537  23758   357     93      0      0      0   1.390   0.052   0.109   1.551     6.662
    6          inf   4.6874e+05   6.5984e+05  50098  23758   348   1561      0      0      0   1.511   1.136   0.110   2.759     9.421
    7          inf   4.6874e+05   6.2478e+05  50098  23802     3      0      0     44      0   2.060   0.000   0.110   2.172    11.593
    8          inf   4.6874e+05   6.2516e+05  50098  23808    21      0      0      6      0   2.698   0.000   0.112   2.811    14.404
    9          inf   4.6874e+05   6.2519e+05  50205  23765    24    107      0      0     43   2.591   0.063   0.110   2.765    17.169
   10          inf   4.6874e+05   6.2529e+05  50205  23767     8      0      0      2      0   2.320   0.000   0.110   2.431    19.600
   11          inf   6.2210e+05   6.2529e+05  50938  23763     8    733      0      0      4   2.252   1.210   0.110   3.574    23.173
   12          inf   6.2210e+05   6.2489e+05  50938  23770     0      0      0      7      0   1.903   0.000   0.109   2.013    25.186
   13   6.2490e+05   6.2210e+05   6.2490e+05  50951  23722     0     13      0      0     48   2.528   0.088   0.114   2.731    27.917
   14   6.2490e+05   6.2210e+05   6.2489e+05  50951  23726     0      0      0      4      0   2.032   0.000   0.113   2.146    30.063
   15   6.2489e+05   6.2487e+05   6.2489e+05  50951  23726     0    *26      0      0      0   2.046   1.199   0.111   3.356    33.419
CG optimal after 15 iterations. UB=624888.500080 LB=624870.373292 gap=1.813e+01 tol=6.249e+01  t_LP=27.787  t_PR=5.132  t_SP=1.665  t_Tot=34.603
[bounded-pricing] enabled=1 cut=69614 priced=96948 rate=71.8%

# === STDOUT (result CSV) ===
instance,formulation,iterations,columns,objective,lower_bound,optimal,time,time_lp,time_pricing,time_separation
data/intermodal/BUS-23688-0.txt.gz,path,15,27308,624888.500080,624870.373292,1,34.944,27.787,5.132,1.665
