# cmd: /usr/bin/time -o /tmp/mcfcg_mem_n39l1pdk.txt -f %M build/mcfcg_cli data/intermodal/SBT-6255-0.txt.gz --solver highs --formulation tree --max-iters 10000 --strategy pricer-heavy --bounded-pricing --time-limit 7200.0
# outcome: ok
# returncode: 0
# peak_rss_kb: 706824
# peak_rss_source: measured
# === STDERR (CG iteration log + preamble) ===
Instance: 163487 vertices, 809375 arcs, 6251 commodities, 6251 sources
Solver: highs, formulation: tree
Pricing threads: 32 (auto)
Slack mode: CommodityRows (struct=6251, capped_arcs=562355)
[lp-config] backend=highs version=1.15.1-04024d701f method=hipo exec=CPU presolve=off crossover=off tol=0.0001 threads=auto(32)
   It           UB           LB       LP_obj   #col   #row  #slk   +col   -col   +cut   -cut    t_LP    t_PR    t_SP   t_Tot     t_acc
    1          inf         -inf   1.5957e+05  12502   6351   120      0      0    100      0   0.085   0.000   0.061   0.146     0.146
    2          inf         -inf   1.6193e+05  12845   6351   241    343      0      0      0   0.143   0.058   0.060   0.263     0.409
    3          inf         -inf   1.6080e+05  12845   6369     6      0      0     18      0   0.155   0.000   0.058   0.214     0.623
    4          inf         -inf   1.6086e+05  12845   6370    13      0      0      1      0   0.169   0.000   0.061   0.230     0.853
    5          inf         -inf   1.6086e+05  12852   6370    13      7      0      0      0   0.181   0.029   0.066   0.276     1.129
    6          inf   1.5651e+05   1.6287e+05  13003   6370    12    151      0      0      0   0.166   0.398   0.062   0.626     1.755
    7          inf   1.5651e+05   1.6061e+05  13003   6374     0      0      0      4      0   0.168   0.000   0.058   0.226     1.981
    8   1.6061e+05   1.6061e+05   1.6061e+05  13003   6374     0     *1      0      0      0   0.183   0.414   0.065   0.662     2.644
CG optimal after 8 iterations. UB=160606.000012 LB=160605.149553 gap=8.505e-01 tol=1.606e+01  t_LP=1.249  t_PR=1.336  t_SP=0.491  t_Tot=3.080
[bounded-pricing] enabled=1 cut=12410 priced=19163 rate=64.8%

# === STDOUT (result CSV) ===
instance,formulation,iterations,columns,objective,lower_bound,optimal,time,time_lp,time_pricing,time_separation
data/intermodal/SBT-6255-0.txt.gz,tree,8,6752,160606.000012,160605.149553,1,3.268,1.249,1.336,0.491
