# cmd: /usr/bin/time -o /tmp/mcfcg_mem_uh1fz6au.txt -f %M build/mcfcg_cli data/intermodal/SBT-18765-0.txt.gz --solver highs --formulation tree --max-iters 10000 --strategy pricer-heavy --bounded-pricing --time-limit 7200.0
# outcome: ok
# returncode: 0
# peak_rss_kb: 1048764
# peak_rss_source: measured
# === STDERR (CG iteration log + preamble) ===
Instance: 188487 vertices, 1782614 arcs, 18745 commodities, 18745 sources
Solver: highs, formulation: tree
Pricing threads: 32 (auto)
Slack mode: CommodityRows (struct=18745, capped_arcs=1535594)
[lp-config] backend=highs version=1.15.1-04024d701f method=hipo exec=CPU presolve=off crossover=off tol=0.0001 threads=auto(32)
   It           UB           LB       LP_obj   #col   #row  #slk   +col   -col   +cut   -cut    t_LP    t_PR    t_SP   t_Tot     t_acc
    1          inf         -inf   4.7848e+05  37490  18814   327      0      0     69      0   0.257   0.000   0.124   0.382     0.382
    2          inf         -inf   4.8278e+05  38151  18814   549    661      0      0      0   0.480   0.163   0.123   0.768     1.150
    3          inf         -inf   4.8136e+05  38151  18831    10      0      0     17      0   0.584   0.000   0.120   0.705     1.855
    4          inf         -inf   4.8147e+05  38151  18832    23      0      0      1      0   0.554   0.000   0.119   0.674     2.529
    5          inf         -inf   4.8156e+05  38172  18832    28     21      0      0      0   0.566   0.047   0.122   0.735     3.264
    6          inf   4.7028e+05   4.8419e+05  38403  18832    23    231      0      0      0   0.586   1.936   0.119   2.642     5.905
    7   4.8111e+05   4.8110e+05   4.8111e+05  38403  18832     0     *9      0      0      0   0.649   1.893   0.120   2.662     8.568
CG optimal after 7 iterations. UB=481112.001602 LB=481098.084626 gap=1.392e+01 tol=4.811e+01  t_LP=3.676  t_PR=6.064  t_SP=0.847  t_Tot=10.593
[bounded-pricing] enabled=1 fired=37331 priced=56998 rate=65.5%

# === STDOUT (result CSV) ===
instance,formulation,iterations,columns,objective,lower_bound,optimal,time,time_lp,time_pricing,time_separation
data/intermodal/SBT-18765-0.txt.gz,tree,7,19658,481112.001602,481098.084626,1,10.953,3.676,6.064,0.847
