# cmd: /usr/bin/time -o /tmp/mcfcg_mem_vyfu6_ao.txt -f %M build/mcfcg_cli data/intermodal/SBT-56295-0.txt.gz --solver highs --formulation tree --max-iters 10000 --strategy pricer-heavy --bounded-pricing --time-limit 7200.0
# outcome: ok
# returncode: 0
# peak_rss_kb: 2243884
# peak_rss_source: measured
# === STDERR (CG iteration log + preamble) ===
Instance: 263559 vertices, 4725174 arcs, 56269 commodities, 56269 sources
Solver: highs, formulation: tree
Pricing threads: 32 (auto)
Slack mode: CommodityRows (struct=56269, capped_arcs=4478154)
[lp-config] backend=highs version=1.15.1-04024d701f method=hipo exec=CPU presolve=off crossover=off tol=0.0001 threads=auto(32)
   It           UB           LB       LP_obj   #col   #row  #slk   +col   -col   +cut   -cut    t_LP    t_PR    t_SP   t_Tot     t_acc
    1          inf         -inf   1.4398e+06 112538  56332   974      0      0     63      0   0.859   0.000   0.357   1.218     1.218
    2          inf         -inf   1.4541e+06 114364  56332  1658   1826      0      0      0   1.937   0.851   0.352   3.145     4.363
    3          inf         -inf   1.4482e+06 114364  56349     8      0      0     17      0   2.221   0.000   0.353   2.576     6.939
    4          inf         -inf   1.4484e+06 114364  56351    43      0      0      2      0   2.371   0.000   0.356   2.729     9.668
    5          inf         -inf   1.4484e+06 114416  56351    43     52      0      0      0   2.612   0.152   0.353   3.118    12.786
    6          inf   1.4444e+06   1.4488e+06 114989  56351    46    573      0      0      0   2.405  14.333   0.354  17.094    29.880
    7          inf   1.4444e+06   1.4479e+06 114989  56352     0      0      0      1      0   2.496   0.000   0.355   2.853    32.732
    8   1.4479e+06   1.4444e+06   1.4479e+06 115022  56311     0     33      0      0     41   2.302   0.151   0.352   2.807    35.540
    9   1.4479e+06   1.4444e+06   1.4479e+06 115022  56318     0      0      0      7      0   2.497   0.000   0.356   2.855    38.394
   10   1.4479e+06   1.4478e+06   1.4479e+06 115022  56318     0    *30      0      0      0   2.679  14.280   0.353  17.313    55.707
CG optimal after 10 iterations. UB=1447869.000111 LB=1447845.522118 gap=2.348e+01 tol=1.448e+02  t_LP=22.380  t_PR=44.527  t_SP=3.541  t_Tot=70.470
[bounded-pricing] enabled=1 fired=112325 priced=171108 rate=65.6%

# === STDOUT (result CSV) ===
instance,formulation,iterations,columns,objective,lower_bound,optimal,time,time_lp,time_pricing,time_separation
data/intermodal/SBT-56295-0.txt.gz,tree,10,58753,1447869.000111,1447845.522118,1,71.493,22.380,44.527,3.541
