# cmd: /usr/bin/time -o /tmp/mcfcg_mem_w3i8d1ib.txt -f %M build/mcfcg_cli data/intermodal/SBT-6255-0.txt.gz --solver highs --formulation path --max-iters 10000 --strategy pricer-heavy --bounded-pricing --time-limit 7200.0
# outcome: ok
# returncode: 0
# peak_rss_kb: 710028
# peak_rss_source: measured
# === STDERR (CG iteration log + preamble) ===
Instance: 163487 vertices, 809375 arcs, 6251 commodities, 6251 sources
Solver: highs, formulation: path
Pricing threads: 32 (auto)
Slack mode: CommodityRows (struct=6251, capped_arcs=562355)
[lp-config] backend=highs version=1.15.1-04024d701f method=hipo exec=CPU presolve=off crossover=off tol=0.0001 threads=auto(32)
   It           UB           LB       LP_obj   #col   #row  #slk   +col   -col   +cut   -cut    t_LP    t_PR    t_SP   t_Tot     t_acc
    1          inf         -inf   1.5957e+05  12502   6351   120      0      0    100      0   0.119   0.000   0.058   0.178     0.178
    2          inf         -inf   1.6193e+05  12844   6351   241    342      0      0      0   0.198   0.058   0.061   0.319     0.497
    3          inf         -inf   1.6080e+05  12844   6369     6      0      0     18      0   0.235   0.000   0.057   0.293     0.790
    4          inf         -inf   1.6086e+05  12844   6370    13      0      0      1      0   0.224   0.000   0.061   0.285     1.074
    5          inf         -inf   1.6086e+05  12851   6370    13      7      0      0      0   0.224   0.032   0.068   0.324     1.398
    6          inf   1.5655e+05   1.6287e+05  12998   6370    12    147      0      0      0   0.234   0.400   0.062   0.696     2.094
    7          inf   1.5655e+05   1.6061e+05  12998   6374     0      0      0      4      0   0.262   0.000   0.055   0.318     2.412
    8   1.6061e+05   1.6061e+05   1.6061e+05  12998   6374     0     *0      0      0      0   0.270   0.423   0.062   0.754     3.166
CG optimal after 8 iterations. UB=160606.000121 LB=160605.489015 gap=5.111e-01 tol=1.606e+01  t_LP=1.766  t_PR=1.360  t_SP=0.484  t_Tot=3.613
[bounded-pricing] enabled=1 cut=12416 priced=19163 rate=64.8%

# === STDOUT (result CSV) ===
instance,formulation,iterations,columns,objective,lower_bound,optimal,time,time_lp,time_pricing,time_separation
data/intermodal/SBT-6255-0.txt.gz,path,8,6747,160606.000121,160605.489015,1,3.801,1.766,1.360,0.484
