# cmd: /usr/bin/time -o /tmp/mcfcg_mem_htu5wxaf.txt -f %M build/mcfcg_cli data/intermodal/SBT-18765-0.txt.gz --solver highs --formulation path --max-iters 10000 --strategy pricer-heavy --bounded-pricing --time-limit 7200.0
# outcome: ok
# returncode: 0
# peak_rss_kb: 1057384
# peak_rss_source: measured
# === STDERR (CG iteration log + preamble) ===
Instance: 188487 vertices, 1782614 arcs, 18745 commodities, 18745 sources
Solver: highs, formulation: path
Pricing threads: 32 (auto)
Slack mode: CommodityRows (struct=18745, capped_arcs=1535594)
[lp-config] backend=highs version=1.15.1-04024d701f method=hipo exec=CPU presolve=off crossover=off tol=0.0001 threads=auto(32)
   It           UB           LB       LP_obj   #col   #row  #slk   +col   -col   +cut   -cut    t_LP    t_PR    t_SP   t_Tot     t_acc
    1          inf         -inf   4.7848e+05  37490  18814   327      0      0     69      0   0.351   0.000   0.118   0.470     0.470
    2          inf         -inf   4.8278e+05  38149  18814   549    659      0      0      0   0.710   0.162   0.116   0.991     1.460
    3          inf         -inf   4.8136e+05  38149  18831    10      0      0     17      0   0.825   0.000   0.117   0.942     2.402
    4          inf         -inf   4.8147e+05  38149  18832    23      0      0      1      0   0.878   0.000   0.114   0.993     3.396
    5          inf         -inf   4.8156e+05  38170  18832    28     21      0      0      0   0.817   0.048   0.116   0.981     4.376
    6          inf   4.7028e+05   4.8419e+05  38401  18832    23    231      0      0      0   0.870   1.930   0.114   2.915     7.291
    7   4.8111e+05   4.8110e+05   4.8111e+05  38401  18832     0     *9      0      0      0   0.962   1.936   0.114   3.012    10.303
CG optimal after 7 iterations. UB=481112.000057 LB=481097.645186 gap=1.435e+01 tol=4.811e+01  t_LP=5.413  t_PR=6.161  t_SP=0.810  t_Tot=12.390
[bounded-pricing] enabled=1 fired=37333 priced=56998 rate=65.5%

# === STDOUT (result CSV) ===
instance,formulation,iterations,columns,objective,lower_bound,optimal,time,time_lp,time_pricing,time_separation
data/intermodal/SBT-18765-0.txt.gz,path,7,19656,481112.000057,481097.645186,1,12.742,5.413,6.161,0.810
