# cmd: /usr/bin/time -o /tmp/mcfcg_mem_1nemuqhc.txt -f %M build/mcfcg_cli data/intermodal/BUS-23688-0.txt.gz --solver highs --formulation tree --max-iters 10000 --strategy pricer-heavy --bounded-pricing --time-limit 7200.0
# outcome: ok
# returncode: 0
# peak_rss_kb: 1017704
# peak_rss_source: measured
# === STDERR (CG iteration log + preamble) ===
Instance: 161993 vertices, 1653437 arcs, 23643 commodities, 23643 sources
Solver: highs, formulation: tree
Pricing threads: 32 (auto)
Slack mode: CommodityRows (struct=23643, capped_arcs=1466539)
[lp-config] backend=highs version=1.15.1-04024d701f method=hipo exec=CPU presolve=off crossover=off tol=0.0001 threads=auto(32)
   It           UB           LB       LP_obj   #col   #row  #slk   +col   -col   +cut   -cut    t_LP    t_PR    t_SP   t_Tot     t_acc
    1          inf         -inf   6.0693e+05  47286  23709  1421      0      0     66      0   0.336   0.000   0.114   0.451     0.451
    2          inf         -inf   6.1290e+05  48449  23709  1888   1163      0      0      0   0.695   0.192   0.113   1.003     1.454
    3          inf         -inf   6.2720e+05  48449  23757   171      0      0     48      0   0.982   0.000   0.112   1.095     2.549
    4          inf         -inf   6.2909e+05  48449  23759   325      0      0      2      0   1.100   0.000   0.112   1.213     3.762
    5          inf         -inf   6.2910e+05  48543  23759   327     94      0      0      0   1.111   0.050   0.112   1.274     5.036
    6          inf   4.9542e+05   6.4597e+05  50083  23759   321   1540      0      0      0   1.094   1.081   0.110   2.288     7.324
    7          inf   4.9542e+05   6.2480e+05  50083  23803     3      0      0     44      0   1.236   0.000   0.111   1.348     8.672
    8          inf   4.9542e+05   6.2516e+05  50083  23809    22      0      0      6      0   1.326   0.000   0.113   1.440    10.112
    9          inf   4.9542e+05   6.2520e+05  50184  23764    25    101      0      0     45   1.466   0.061   0.112   1.640    11.751
   10          inf   4.9542e+05   6.2529e+05  50184  23767     8      0      0      3      0   1.218   0.000   0.113   1.332    13.083
   11          inf   4.9542e+05   6.2529e+05  50316  23763     8    132      0      0      4   1.217   0.063   0.111   1.392    14.475
   12          inf   4.9542e+05   6.2524e+05  50316  23765     4      0      0      2      0   1.273   0.000   0.110   1.384    15.859
   13          inf   4.9542e+05   6.2524e+05  50323  23717     5      7      0      0     48   1.208   0.044   0.113   1.365    17.224
   14          inf   4.9542e+05   6.2526e+05  50323  23721     4      0      0      4      0   1.165   0.000   0.112   1.278    18.503
   15          inf   4.9542e+05   6.2526e+05  50342  23717     4     19      0      0      4   1.193   0.065   0.112   1.370    19.873
   16          inf   6.2166e+05   6.2523e+05  50863  23715     3    521      0      0      2   1.250   1.139   0.111   2.502    22.375
   17          inf   6.2166e+05   6.2489e+05  50863  23720     0      0      0      5      0   1.150   0.000   0.110   1.261    23.636
   18   6.2489e+05   6.2166e+05   6.2489e+05  50864  23716     0      1      0      0      4   1.220   0.070   0.113   1.403    25.039
   19   6.2489e+05   6.2166e+05   6.2489e+05  50864  23717     0      0      0      1      0   1.207   0.000   0.110   1.319    26.357
   20   6.2489e+05   6.2487e+05   6.2489e+05  50864  23717     0    *17      0      0      0   1.203   1.129   0.111   2.442    28.799
CG optimal after 20 iterations. UB=624887.500522 LB=624873.025956 gap=1.447e+01 tol=6.249e+01  t_LP=22.650  t_PR=5.027  t_SP=2.235  t_Tot=29.935
[bounded-pricing] enabled=1 fired=69913 priced=97151 rate=72.0%

# === STDOUT (result CSV) ===
instance,formulation,iterations,columns,objective,lower_bound,optimal,time,time_lp,time_pricing,time_separation
data/intermodal/BUS-23688-0.txt.gz,tree,20,27221,624887.500522,624873.025956,1,30.267,22.650,5.027,2.235
