# cmd: /usr/bin/time -o /tmp/mcfcg_mem__fz_rmnx.txt -f %M build/mcfcg_cli data/intermodal/SBT-43785-0.txt.gz --solver highs --formulation tree --max-iters 10000 --strategy pricer-heavy --bounded-pricing --time-limit 7200.0
# outcome: ok
# returncode: 0
# peak_rss_kb: 1813256
# peak_rss_source: measured
# === STDERR (CG iteration log + preamble) ===
Instance: 238529 vertices, 3741246 arcs, 43757 commodities, 43757 sources
Solver: highs, formulation: tree
Pricing threads: 32 (auto)
Slack mode: CommodityRows (struct=43757, capped_arcs=3494226)
[lp-config] backend=highs version=1.15.1-04024d701f method=hipo exec=CPU presolve=off crossover=off tol=0.0001 threads=auto(32)
   It           UB           LB       LP_obj   #col   #row  #slk   +col   -col   +cut   -cut    t_LP    t_PR    t_SP   t_Tot     t_acc
    1          inf         -inf   1.1175e+06  87514  43829   745      0      0     72      0   0.659   0.000   0.281   0.942     0.942
    2          inf         -inf   1.1284e+06  89103  43829  1264   1589      0      0      0   1.328   0.592   0.274   2.198     3.140
    3          inf         -inf   1.1237e+06  89103  43839     0      0      0     10      0   1.807   0.000   0.287   2.097     5.236
    4          inf         -inf   1.1238e+06  89259  43839    23    156      0      0      0   1.957   0.231   0.269   2.459     7.695
    5   1.1237e+06   1.1235e+06   1.1237e+06  89490  43839     0    231      0      0      0   1.844   8.554   0.272  10.670    18.365
    6   1.1236e+06   1.1236e+06   1.1236e+06  89490  43839     0     *1      0      0      0   1.743   8.542   0.271  10.556    28.921
CG optimal after 6 iterations. UB=1123600.000225 LB=1123593.783459 gap=6.217e+00 tol=1.124e+02  t_LP=9.339  t_PR=26.923  t_SP=1.655  t_Tot=37.927
[bounded-pricing] enabled=1 fired=87552 priced=133286 rate=65.7%

# === STDOUT (result CSV) ===
instance,formulation,iterations,columns,objective,lower_bound,optimal,time,time_lp,time_pricing,time_separation
data/intermodal/SBT-43785-0.txt.gz,tree,6,45733,1123600.000225,1123593.783459,1,38.754,9.339,26.923,1.655
