# cmd: /usr/bin/time -o /tmp/mcfcg_mem_sljdgt4h.txt -f %M build/mcfcg_cli data/intermodal/SBT-56295-0.txt.gz --solver highs --formulation path --max-iters 10000 --strategy pricer-heavy --bounded-pricing --time-limit 7200.0
# outcome: ok
# returncode: 0
# peak_rss_kb: 2280944
# peak_rss_source: measured
# === STDERR (CG iteration log + preamble) ===
Instance: 263559 vertices, 4725174 arcs, 56269 commodities, 56269 sources
Solver: highs, formulation: path
Pricing threads: 32 (auto)
Slack mode: CommodityRows (struct=56269, capped_arcs=4478154)
[lp-config] backend=highs version=1.15.1-04024d701f method=hipo exec=CPU presolve=off crossover=off tol=0.0001 threads=auto(32)
   It           UB           LB       LP_obj   #col   #row  #slk   +col   -col   +cut   -cut    t_LP    t_PR    t_SP   t_Tot     t_acc
    1          inf         -inf   1.4398e+06 112538  56332   974      0      0     63      0   1.216   0.000   0.332   1.550     1.550
    2          inf         -inf   1.4541e+06 114364  56332  1658   1826      0      0      0   2.977   0.875   0.349   4.205     5.756
    3          inf         -inf   1.4482e+06 114364  56349     7      0      0     17      0   3.285   0.000   0.350   3.637     9.393
    4          inf         -inf   1.4484e+06 114364  56351    42      0      0      2      0   3.710   0.000   0.355   4.067    13.460
    5          inf         -inf   1.4484e+06 114416  56351    42     52      0      0      0   4.209   0.155   0.351   4.715    18.175
    6          inf   1.4445e+06   1.4488e+06 114985  56351    45    569      0      0      0   3.611  14.868   0.351  18.832    37.007
    7          inf   1.4445e+06   1.4479e+06 114985  56352     0      0      0      1      0   3.150   0.000   0.355   3.507    40.514
    8   1.4479e+06   1.4445e+06   1.4479e+06 115016  56311     0     31      0      0     41   3.154   0.154   0.351   3.660    44.174
    9   1.4479e+06   1.4445e+06   1.4479e+06 115016  56317     0      0      0      6      0   3.564   0.000   0.352   3.918    48.092
   10   1.4479e+06   1.4478e+06   1.4479e+06 115016  56317     0    *30      0      0      0   3.700  15.150   0.350  19.200    67.292
CG optimal after 10 iterations. UB=1447869.000395 LB=1447845.522424 gap=2.348e+01 tol=1.448e+02  t_LP=32.576  t_PR=46.428  t_SP=3.496  t_Tot=82.523
[bounded-pricing] enabled=1 cut=112289 priced=171066 rate=65.6%

# === STDOUT (result CSV) ===
instance,formulation,iterations,columns,objective,lower_bound,optimal,time,time_lp,time_pricing,time_separation
data/intermodal/SBT-56295-0.txt.gz,path,10,58747,1447869.000395,1447845.522424,1,83.564,32.576,46.428,3.496
