# cmd: /usr/bin/time -o /tmp/mcfcg_mem__w_4bnf0.txt -f %M build/mcfcg_cli data/intermodal/BUS-2632-0.txt.gz --solver highs --formulation path --max-iters 10000 --strategy pricer-heavy --bounded-pricing --time-limit 7200.0
# outcome: ok
# returncode: 0
# peak_rss_kb: 526916
# peak_rss_source: measured
# === STDERR (CG iteration log + preamble) ===
Instance: 119865 vertices, 397362 arcs, 2628 commodities, 2628 sources
Solver: highs, formulation: path
Pricing threads: 32 (auto)
Slack mode: CommodityRows (struct=2628, capped_arcs=210464)
[lp-config] backend=highs version=1.15.1-04024d701f method=hipo exec=CPU presolve=off crossover=off tol=0.0001 threads=auto(32)
   It           UB           LB       LP_obj   #col   #row  #slk   +col   -col   +cut   -cut    t_LP    t_PR    t_SP   t_Tot     t_acc
    1          inf         -inf   6.8907e+04   5256   2722   161      0      0     94      0   0.049   0.000   0.030   0.080     0.080
    2          inf         -inf   6.9679e+04   5423   2722   229    167      0      0      0   0.081   0.027   0.035   0.143     0.223
    3          inf         -inf   7.1126e+04   5423   2803    14      0      0     81      0   0.101   0.000   0.034   0.136     0.359
    4          inf         -inf   7.2127e+04   5423   2804    42      0      0      1      0   0.121   0.000   0.034   0.156     0.514
    5          inf         -inf   7.2145e+04   5430   2804    43      7      0      0      0   0.124   0.018   0.034   0.177     0.691
    6          inf         -inf   7.6806e+04   5430   2806    45      0      0      2      0   0.137   0.000   0.034   0.172     0.862
    7          inf         -inf   7.6822e+04   5437   2786    46      7      0      0     20   0.131   0.020   0.035   0.185     1.048
    8          inf   1.3287e+04   8.4155e+04   5666   2777    37    229      0      0      9   0.132   0.094   0.036   0.263     1.311
    9          inf   1.3287e+04   7.1560e+04   5666   2823     2      0      0     46      0   0.146   0.000   0.035   0.182     1.492
   10          inf   1.3287e+04   7.1660e+04   5739   2814     8     73      0      0      9   0.173   0.028   0.035   0.236     1.729
   11          inf   1.3287e+04   7.1544e+04   5739   2818     1      0      0      4      0   0.162   0.000   0.034   0.197     1.926
   12          inf   1.3287e+04   7.1544e+04   5754   2811     1     15      0      0      7   0.155   0.020   0.035   0.209     2.135
   13          inf   6.8271e+04   7.1559e+04   5807   2804     1     53      0      0      7   0.153   0.078   0.034   0.265     2.400
   14          inf   6.8271e+04   7.1027e+04   5807   2810     0      0      0      6      0   0.161   0.000   0.034   0.196     2.596
   15   7.1027e+04   6.8271e+04   7.1027e+04   5817   2761     0     10      0      0     49   0.171   0.022   0.035   0.228     2.824
   16   7.1027e+04   6.8271e+04   7.1027e+04   5817   2763     0      0      0      2      0   0.152   0.000   0.034   0.186     3.010
   17   7.1027e+04   7.1023e+04   7.1027e+04   5817   2763     0     *5      0      0      0   0.143   0.082   0.034   0.259     3.269
CG optimal after 17 iterations. UB=71026.500006 LB=71022.743957 gap=3.756e+00 tol=7.103e+00  t_LP=2.292  t_PR=0.470  t_SP=0.584  t_Tot=3.352
[bounded-pricing] enabled=1 fired=7804 priced=10998 rate=71.0%

# === STDOUT (result CSV) ===
instance,formulation,iterations,columns,objective,lower_bound,optimal,time,time_lp,time_pricing,time_separation
data/intermodal/BUS-2632-0.txt.gz,path,17,3189,71026.500006,71022.743957,1,3.457,2.292,0.470,0.584
