# cmd: /usr/bin/time -o /tmp/mcfcg_mem_kv4hv8rc.txt -f %M build/mcfcg_cli data/intermodal/BUS-2632-0.txt.gz --solver highs --formulation tree --max-iters 10000 --strategy pricer-heavy --bounded-pricing --time-limit 7200.0
# outcome: ok
# returncode: 0
# peak_rss_kb: 525404
# peak_rss_source: measured
# === STDERR (CG iteration log + preamble) ===
Instance: 119865 vertices, 397362 arcs, 2628 commodities, 2628 sources
Solver: highs, formulation: tree
Pricing threads: 32 (auto)
Slack mode: CommodityRows (struct=2628, capped_arcs=210464)
[lp-config] backend=highs version=1.15.1-04024d701f method=hipo exec=CPU presolve=off crossover=off tol=0.0001 threads=auto(32)
   It           UB           LB       LP_obj   #col   #row  #slk   +col   -col   +cut   -cut    t_LP    t_PR    t_SP   t_Tot     t_acc
    1          inf         -inf   6.8907e+04   5256   2722   161      0      0     94      0   0.036   0.000   0.031   0.068     0.068
    2          inf         -inf   6.9679e+04   5422   2722   229    166      0      0      0   0.069   0.021   0.031   0.122     0.190
    3          inf         -inf   7.1121e+04   5422   2803    13      0      0     81      0   0.072   0.000   0.031   0.103     0.293
    4          inf         -inf   7.2122e+04   5422   2804    41      0      0      1      0   0.085   0.000   0.036   0.121     0.414
    5          inf         -inf   7.2140e+04   5429   2804    42      7      0      0      0   0.086   0.015   0.031   0.132     0.546
    6          inf         -inf   7.6806e+04   5429   2806    45      0      0      2      0   0.091   0.000   0.034   0.125     0.672
    7          inf         -inf   7.6822e+04   5436   2786    46      7      0      0     20   0.094   0.016   0.036   0.146     0.818
    8          inf   2.1056e+04   8.4155e+04   5659   2777    37    223      0      0      9   0.096   0.081   0.035   0.213     1.031
    9          inf   2.1056e+04   7.1560e+04   5659   2821     2      0      0     44      0   0.097   0.000   0.031   0.129     1.160
   10          inf   2.1056e+04   7.1658e+04   5734   2812     8     75      0      0      9   0.116   0.023   0.034   0.174     1.333
   11          inf   2.1056e+04   7.1544e+04   5734   2816     1      0      0      4      0   0.106   0.000   0.033   0.139     1.472
   12          inf   2.1056e+04   7.1544e+04   5749   2809     1     15      0      0      7   0.110   0.020   0.035   0.165     1.637
   13          inf   6.8222e+04   7.1559e+04   5800   2802     1     51      0      0      7   0.111   0.073   0.036   0.221     1.858
   14          inf   6.8222e+04   7.1027e+04   5800   2806     0      0      0      4      0   0.127   0.000   0.031   0.158     2.016
   15   7.1027e+04   6.8222e+04   7.1027e+04   5810   2757     0     10      0      0     49   0.112   0.021   0.037   0.171     2.187
   16   7.1027e+04   6.8222e+04   7.1027e+04   5810   2759     0      0      0      2      0   0.097   0.000   0.034   0.132     2.318
   17   7.1027e+04   7.1022e+04   7.1027e+04   5810   2759     0     *4      0      0      0   0.100   0.080   0.036   0.215     2.534
CG optimal after 17 iterations. UB=71026.500009 LB=71022.414389 gap=4.086e+00 tol=7.103e+00  t_LP=1.606  t_PR=0.424  t_SP=0.572  t_Tot=2.609
[bounded-pricing] enabled=1 cut=7802 priced=10988 rate=71.0%

# === STDOUT (result CSV) ===
instance,formulation,iterations,columns,objective,lower_bound,optimal,time,time_lp,time_pricing,time_separation
data/intermodal/BUS-2632-0.txt.gz,tree,17,3182,71026.500009,71022.414389,1,2.713,1.606,0.424,0.572
