# cmd: /usr/bin/time -o /tmp/mcfcg_mem_upb2zj5l.txt -f %M build/mcfcg_cli data/intermodal/BUS-7896-0.txt.gz --solver highs --formulation path --max-iters 10000 --strategy pricer-heavy --bounded-pricing --time-limit 7200.0
# outcome: ok
# returncode: 0
# peak_rss_kb: 661672
# peak_rss_source: measured
# === STDERR (CG iteration log + preamble) ===
Instance: 130395 vertices, 710935 arcs, 7883 commodities, 7883 sources
Solver: highs, formulation: path
Pricing threads: 32 (auto)
Slack mode: CommodityRows (struct=7883, capped_arcs=524037)
[lp-config] backend=highs version=1.15.1-04024d701f method=hipo exec=CPU presolve=off crossover=off tol=0.0001 threads=auto(32)
   It           UB           LB       LP_obj   #col   #row  #slk   +col   -col   +cut   -cut    t_LP    t_PR    t_SP   t_Tot     t_acc
    1          inf         -inf   2.0473e+05  15766   7960   475      0      0     77      0   0.142   0.000   0.048   0.190     0.190
    2          inf         -inf   2.0647e+05  16202   7960   631    436      0      0      0   0.312   0.050   0.054   0.418     0.608
    3          inf         -inf   2.1095e+05  16202   8033    33      0      0     73      0   0.450   0.000   0.052   0.502     1.110
    4          inf         -inf   2.1189e+05  16202   8035    98      0      0      2      0   0.393   0.000   0.059   0.453     1.563
    5          inf         -inf   2.1189e+05  16229   8035    98     27      0      0      0   0.399   0.030   0.062   0.491     2.054
    6          inf   1.6459e+05   2.1650e+05  16801   8035   108    572      0      0      0   0.423   0.203   0.058   0.685     2.739
    7          inf   1.6459e+05   2.1070e+05  16801   8046     2      0      0     11      0   0.473   0.000   0.047   0.520     3.259
    8          inf   1.6459e+05   2.1071e+05  16801   8049     2      0      0      3      0   0.478   0.000   0.058   0.536     3.795
    9          inf   1.6459e+05   2.1071e+05  16838   7987     2     37      0      0     62   0.486   0.033   0.061   0.580     4.375
   10          inf   1.6459e+05   2.1116e+05  16838   7993     2      0      0      6      0   0.471   0.000   0.059   0.531     4.907
   11          inf   1.6459e+05   2.1116e+05  16866   7991     2     28      0      0      2   0.459   0.032   0.060   0.551     5.458
   12          inf   2.0308e+05   2.1162e+05  16983   7961     2    117      0      0     30   0.481   0.205   0.059   0.745     6.203
   13          inf   2.0308e+05   2.1059e+05  16983   7972     0      0      0     11      0   0.465   0.000   0.048   0.514     6.717
   14   2.1059e+05   2.0308e+05   2.1059e+05  16984   7966     0      1      0      0      6   0.502   0.029   0.056   0.588     7.304
   15   2.1059e+05   2.1058e+05   2.1059e+05  16984   7966     0    *20      0      0      0   0.476   0.197   0.057   0.730     8.034
CG optimal after 15 iterations. UB=210594.000113 LB=210583.168771 gap=1.083e+01 tol=2.106e+01  t_LP=6.409  t_PR=1.011  t_SP=0.838  t_Tot=8.266
[bounded-pricing] enabled=1 fired=23338 priced=32459 rate=71.9%

# === STDOUT (result CSV) ===
instance,formulation,iterations,columns,objective,lower_bound,optimal,time,time_lp,time_pricing,time_separation
data/intermodal/BUS-7896-0.txt.gz,path,15,9101,210594.000113,210583.168771,1,8.422,6.409,1.011,0.838
