# cmd: /usr/bin/time -o /tmp/mcfcg_mem_l91748bw.txt -f %M build/mcfcg_cli data/intermodal/SBT-43785-0.txt.gz --solver highs --formulation path --max-iters 10000 --strategy pricer-heavy --bounded-pricing --time-limit 7200.0
# outcome: ok
# returncode: 0
# peak_rss_kb: 1829472
# peak_rss_source: measured
# === STDERR (CG iteration log + preamble) ===
Instance: 238529 vertices, 3741246 arcs, 43757 commodities, 43757 sources
Solver: highs, formulation: path
Pricing threads: 32 (auto)
Slack mode: CommodityRows (struct=43757, capped_arcs=3494226)
[lp-config] backend=highs version=1.15.1-04024d701f method=hipo exec=CPU presolve=off crossover=off tol=0.0001 threads=auto(32)
   It           UB           LB       LP_obj   #col   #row  #slk   +col   -col   +cut   -cut    t_LP    t_PR    t_SP   t_Tot     t_acc
    1          inf         -inf   1.1175e+06  87514  43829   745      0      0     72      0   0.893   0.000   0.272   1.167     1.167
    2          inf         -inf   1.1284e+06  89098  43829  1264   1584      0      0      0   2.156   0.608   0.269   3.036     4.203
    3          inf         -inf   1.1237e+06  89098  43838     0      0      0      9      0   2.616   0.000   0.267   2.886     7.089
    4          inf         -inf   1.1238e+06  89199  43838    23    101      0      0      0   2.725   0.220   0.266   3.212    10.301
    5   1.1237e+06   1.1235e+06   1.1237e+06  89429  43838     0    230      0      0      0   2.619   9.027   0.265  11.912    22.213
    6   1.1236e+06   1.1236e+06   1.1236e+06  89429  43838     0     *1      0      0      0   2.390   8.983   0.266  11.638    33.852
CG optimal after 6 iterations. UB=1123600.000839 LB=1123593.781735 gap=6.219e+00 tol=1.124e+02  t_LP=13.398  t_PR=28.194  t_SP=1.606  t_Tot=43.207
[bounded-pricing] enabled=1 cut=87554 priced=133227 rate=65.7%

# === STDOUT (result CSV) ===
instance,formulation,iterations,columns,objective,lower_bound,optimal,time,time_lp,time_pricing,time_separation
data/intermodal/SBT-43785-0.txt.gz,path,6,45672,1123600.000839,1123593.781735,1,44.059,13.398,28.194,1.606
