# cmd: /usr/bin/time -o /tmp/mcfcg_mem_1farj8y2.txt -f %M build/mcfcg_cli data/intermodal/SBT-31275-0.txt.gz --solver highs --formulation tree --max-iters 10000 --strategy pricer-heavy --bounded-pricing --time-limit 7200.0
# outcome: ok
# returncode: 0
# peak_rss_kb: 1434584
# peak_rss_source: measured
# === STDERR (CG iteration log + preamble) ===
Instance: 213509 vertices, 2760366 arcs, 31252 commodities, 31252 sources
Solver: highs, formulation: tree
Pricing threads: 32 (auto)
Slack mode: CommodityRows (struct=31252, capped_arcs=2513346)
[lp-config] backend=highs version=1.15.1-04024d701f method=hipo exec=CPU presolve=off crossover=off tol=0.0001 threads=auto(32)
   It           UB           LB       LP_obj   #col   #row  #slk   +col   -col   +cut   -cut    t_LP    t_PR    t_SP   t_Tot     t_acc
    1          inf         -inf   7.9697e+05  62504  31318   523      0      0     66      0   0.461   0.000   0.199   0.662     0.662
    2          inf         -inf   8.0461e+05  63530  31318   892   1026      0      0      0   0.895   0.296   0.196   1.390     2.052
    3          inf         -inf   8.0139e+05  63530  31330     0      0      0     12      0   1.114   0.000   0.193   1.308     3.360
    4          inf         -inf   8.0149e+05  63671  31330    20    141      0      0      0   1.385   0.167   0.193   1.745     5.104
    5   8.0138e+05   8.0086e+05   8.0138e+05  63791  31330     0    120      0      0      0   1.129   4.835   0.193   6.157    11.262
    6   8.0133e+05   8.0132e+05   8.0133e+05  63791  31330     0     *3      0      0      0   1.215   4.839   0.193   6.247    17.509
CG optimal after 6 iterations. UB=801325.000052 LB=801316.929959 gap=8.070e+00 tol=8.013e+01  t_LP=6.199  t_PR=15.148  t_SP=1.167  t_Tot=22.521
[bounded-pricing] enabled=1 cut=62548 priced=95090 rate=65.8%

# === STDOUT (result CSV) ===
instance,formulation,iterations,columns,objective,lower_bound,optimal,time,time_lp,time_pricing,time_separation
data/intermodal/SBT-31275-0.txt.gz,tree,6,32539,801325.000052,801316.929959,1,23.085,6.199,15.148,1.167
