# cmd: /usr/bin/time -o /tmp/mcfcg_mem_6h4xu5ep.txt -f %M build/mcfcg_cli data/intermodal/BUS-13160-0.txt.gz --solver highs --formulation path --max-iters 10000 --strategy pricer-heavy --bounded-pricing --time-limit 7200.0
# outcome: ok
# returncode: 0
# peak_rss_kb: 800148
# peak_rss_source: measured
# === STDERR (CG iteration log + preamble) ===
Instance: 140925 vertices, 1023858 arcs, 13135 commodities, 13135 sources
Solver: highs, formulation: path
Pricing threads: 32 (auto)
Slack mode: CommodityRows (struct=13135, capped_arcs=836960)
[lp-config] backend=highs version=1.15.1-04024d701f method=hipo exec=CPU presolve=off crossover=off tol=0.0001 threads=auto(32)
   It           UB           LB       LP_obj   #col   #row  #slk   +col   -col   +cut   -cut    t_LP    t_PR    t_SP   t_Tot     t_acc
    1          inf         -inf   3.3868e+05  26270  13208   783      0      0     73      0   0.252   0.000   0.068   0.321     0.321
    2          inf         -inf   3.4174e+05  26922  13208  1041    652      0      0      0   0.585   0.087   0.071   0.745     1.066
    3          inf         -inf   3.4931e+05  26922  13259    84      0      0     51      0   0.622   0.000   0.067   0.690     1.756
    4          inf         -inf   3.5048e+05  27286  13259   159    364      0      0      0   0.664   0.067   0.078   0.809     2.565
    5          inf         -inf   3.5372e+05  27286  13268    86      0      0      9      0   0.710   0.000   0.067   0.777     3.343
    6          inf         -inf   3.5376e+05  27286  13269    89      0      0      1      0   0.741   0.000   0.080   0.821     4.164
    7          inf         -inf   3.5376e+05  27290  13239    90      4      0      0     30   0.760   0.036   0.085   0.881     5.045
    8          inf         -inf   3.6529e+05  27290  13242    70      0      0      3      0   0.799   0.000   0.079   0.878     5.923
    9          inf         -inf   3.6529e+05  27348  13206    70     58      0      0     36   0.839   0.038   0.084   0.962     6.885
   10          inf         -inf   3.7983e+05  27348  13214    94      0      0      8      0   0.821   0.000   0.077   0.899     7.784
   11          inf         -inf   3.7987e+05  27456  13196    96    108      0      0     18   0.827   0.049   0.076   0.953     8.737
   12          inf         -inf   3.6275e+05  27456  13203    40      0      0      7      0   0.811   0.000   0.071   0.884     9.620
   13          inf         -inf   3.6277e+05  27456  13204    47      0      0      1      0   0.822   0.000   0.072   0.895    10.515
   14          inf         -inf   3.6277e+05  27473  13201    47     17      0      0      3   0.828   0.035   0.072   0.935    11.450
   15          inf         -inf   3.5898e+05  27473  13205    40      0      0      4      0   0.791   0.000   0.071   0.863    12.313
   16          inf         -inf   3.5898e+05  27495  13196    41     22      0      0      9   0.849   0.036   0.075   0.961    13.273
   17          inf         -inf   3.5953e+05  27495  13202    30      0      0      6      0   0.854   0.000   0.074   0.928    14.202
   18          inf         -inf   3.5956e+05  27495  13204    31      0      0      2      0   0.829   0.000   0.072   0.902    15.103
   19          inf         -inf   3.5956e+05  27548  13198    32     53      0      0      6   0.834   0.035   0.072   0.942    16.045
   20          inf         -inf   3.6018e+05  27548  13199    31      0      0      1      0   0.818   0.000   0.071   0.889    16.934
   21          inf         -inf   3.6018e+05  27557  13198    31      9      0      0      1   0.789   0.036   0.078   0.904    17.838
   22          inf         -inf   3.8216e+05  27557  13201    31      0      0      3      0   0.933   0.000   0.074   1.007    18.845
   23          inf         -inf   3.8216e+05  27592  13193    31     35      0      0      8   0.892   0.040   0.076   1.008    19.853
   24          inf         -inf   4.1301e+05  27592  13200    27      0      0      7      0   0.947   0.000   0.078   1.026    20.879
   25          inf         -inf   4.1301e+05  27611  13199    27     19      0      0      1   0.944   0.038   0.073   1.055    21.934
   26          inf  -2.0406e+05   4.2749e+05  28089  13198    25    478      0      0      1   0.986   0.430   0.069   1.487    23.421
   27          inf  -2.0406e+05   3.4838e+05  28089  13221     0      0      0     23      0   0.890   0.000   0.067   0.958    24.379
   28   3.4844e+05  -2.0406e+05   3.4844e+05  28130  13220     0     41      0      0      1   0.912   0.048   0.071   1.032    25.411
   29   3.4844e+05  -2.0406e+05   3.4840e+05  28130  13221     0      0      0      1      0   0.904   0.000   0.069   0.973    26.385
   30   3.4840e+05  -2.0406e+05   3.4840e+05  28135  13218     0      5      0      0      3   0.910   0.032   0.078   1.021    27.406
   31   3.4840e+05  -2.0406e+05   3.4840e+05  28135  13219     0      0      0      1      0   0.910   0.000   0.074   0.985    28.391
   32   3.4840e+05   3.4830e+05   3.4840e+05  28179  13205     0     44      0      0     14   0.924   0.437   0.076   1.438    29.829
   33   3.4840e+05   3.4830e+05   3.4836e+05  28179  13212     0      0      0      7      0   0.952   0.000   0.071   1.023    30.852
   34   3.4836e+05   3.4836e+05   3.4836e+05  28179  13212     0     *5      0      0      0   0.968   0.437   0.067   1.472    32.324
CG optimal after 34 iterations. UB=348361.500151 LB=348359.933252 gap=1.567e+00 tol=3.484e+01  t_LP=27.920  t_PR=2.321  t_SP=2.501  t_Tot=32.766
[bounded-pricing] enabled=1 fired=39812 priced=54861 rate=72.6%

# === STDOUT (result CSV) ===
instance,formulation,iterations,columns,objective,lower_bound,optimal,time,time_lp,time_pricing,time_separation
data/intermodal/BUS-13160-0.txt.gz,path,34,15044,348361.500151,348359.933252,1,32.980,27.920,2.321,2.501
