# cmd: /usr/bin/time -o /tmp/mcfcg_mem_gqe61t5d.txt -f %M build/mcfcg_cli data/commalab/grid/grid2 --solver copt --copt-gpu-mode 2 --formulation tree --max-iters 10000 --pricing-cutoff --time-limit 1800.0
# outcome: ok
# returncode: 0
# peak_rss_kb: 477568
# peak_rss_source: measured
# === STDERR (CG iteration log + preamble) ===
Instance: 25 vertices, 80 arcs, 100 commodities, 25 sources
Solver: copt (gpu-mode 2), formulation: tree
Pricing threads: 32 (auto)
Slack mode: CommodityRows (struct=25, capped_arcs=80)
[lp-config] backend=copt version=8.0.1 method=barrier exec=GPU presolve=off crossover=off tol=0.0001 threads=n/a(GPU)
   It           UB           LB       LP_obj   #col   #row  #slk   +col   -col   +cut   -cut    t_LP    t_PR    t_SP   t_Tot     t_acc
    1          inf   4.7926e+05   2.5000e+03     50     25    25      0      0      0      0   0.370   0.000   0.000   0.371     0.371
    2          inf   4.7926e+05   2.5000e+04     50     25    25      0      0      0      0   0.160   0.000   0.000   0.161     0.531
    3          inf   4.8662e+05   2.4682e+05     50     25    24      0      0      0      0   0.160   0.000   0.000   0.160     0.691
    4          inf   1.5888e+06   1.5673e+06     50     32     6      0      0      7      0   0.155   0.001   0.000   0.156     0.847
    5          inf   1.5888e+06   3.0013e+06     66     35    12     16      0      3      0   0.164   0.000   0.000   0.164     1.011
    6          inf   1.5888e+06   4.0893e+06     89     39    10     23      0      4      0   0.149   0.000   0.000   0.150     1.161
    7          inf   1.5888e+06   9.2755e+06    110     42     6     21      0      3      0   0.159   0.000   0.000   0.159     1.320
    8          inf   1.5888e+06   1.7523e+06    130     51     1     20      0      9      0   0.156   0.000   0.000   0.156     1.476
    9          inf   1.5888e+06   1.7588e+06    152     54     0     22      0      3      0   0.161   0.000   0.000   0.161     1.637
   10          inf   1.6711e+06   1.7172e+06    167     56     0     17      2      2      0   0.157   0.000   0.000   0.157     1.794
   11          inf   1.7027e+06   1.7074e+06    179     56     0     14      2      1      1   0.162   0.000   0.000   0.162     1.957
   12   1.7061e+06   1.7041e+06   1.7061e+06    173     54     0      8     14      0      2   0.156   0.000   0.000   0.156     2.113
   13   1.7061e+06   1.7041e+06   1.7055e+06    175     55     0     10      8      2      1   0.168   0.000   0.000   0.168     2.281
   14   1.7054e+06   1.7054e+06   1.7054e+06    175     55     0     *0      0      0      0   0.169   0.000   0.000   0.169     2.450
CG optimal after 14 iterations. UB=1705375.000000 LB=1705373.847981 gap=1.152e+00 tol=1.705e+02  t_LP=2.445  t_PR=0.004  t_SP=0.000  t_Tot=2.451
[pricing-cutoff] enabled=1 cut=324 priced=500 rate=64.8%

# === STDOUT (result CSV) ===
Setting parameter 'LpMethod' to 2
Setting parameter 'GPUMode' to 2
Setting parameter 'Presolve' to 0
Setting parameter 'Crossover' to 0
instance,formulation,iterations,columns,objective,lower_bound,optimal,time,time_lp,time_pricing,time_separation
data/commalab/grid/grid2,tree,14,150,1705375.000000,1705373.847981,1,2.469,2.445,0.004,0.000
