# cmd: /usr/bin/time -o /tmp/mcfcg_mem_n_lfcs9u.txt -f %M build/mcfcg_cli data/commalab/grid/grid13 --solver copt --copt-gpu-mode 2 --formulation tree --max-iters 10000 --pricing-cutoff --time-limit 1800.0
# outcome: ok
# returncode: 0
# peak_rss_kb: 647856
# peak_rss_source: measured
# === STDERR (CG iteration log + preamble) ===
Instance: 900 vertices, 3480 arcs, 12000 commodities, 900 sources
Solver: copt (gpu-mode 2), formulation: tree
Pricing threads: 32 (auto)
Slack mode: CommodityRows (struct=900, capped_arcs=3480)
[lp-config] backend=copt version=8.0.1 method=barrier exec=GPU presolve=off crossover=off tol=0.0001 threads=n/a(GPU)
   It           UB           LB       LP_obj   #col   #row  #slk   +col   -col   +cut   -cut    t_LP    t_PR    t_SP   t_Tot     t_acc
    1          inf   5.5802e+07   9.0000e+04   1800    900   900      0      0      0      0   0.347   0.001   0.000   0.348     0.348
    2          inf   5.5802e+07   9.0000e+05   1800    900   900      0      0      0      0   0.170   0.000   0.000   0.170     0.519
    3          inf   5.5802e+07   9.0000e+06   1800    900   900      0      0      0      0   0.154   0.000   0.000   0.154     0.673
    4          inf   1.1066e+08   9.0000e+07   1800    900   900      0      0      0      0   0.149   0.000   0.000   0.150     0.823
    5          inf   8.4093e+08   8.3935e+08   1800    900   628      0      0      0      0   0.151   0.008   0.000   0.159     0.982
    6          inf   1.1535e+09   1.1535e+09   1800   1187     0      0      0    287      0   0.153   0.014   0.001   0.168     1.151
    7          inf   1.1535e+09   3.4211e+09   2693   1187   535    893      0      0      0   0.250   0.007   0.000   0.260     1.411
    8          inf   1.1535e+09   5.8399e+09   3590   1191   480    897      0      4      0   0.309   0.006   0.000   0.320     1.731
    9          inf   1.1535e+09   1.3450e+10   4490   1204   280    900      0     13      0   0.320   0.006   0.000   0.331     2.062
   10          inf   1.1535e+09   1.2688e+10   5390   1237   127    900      0     33      0   0.359   0.006   0.000   0.370     2.432
   11          inf   1.1535e+09   5.5738e+09   6290   1282    54    900      0     45      0   0.419   0.007   0.001   0.432     2.864
   12          inf   1.1535e+09   1.1630e+09   6929   1196     0    900    261     22    108   0.495   0.007   0.002   0.516     3.379
   13          inf   1.1554e+09   1.1620e+09   7399   1207     0    900    430     12      1   0.402   0.005   0.001   0.420     3.799
   14          inf   1.1571e+09   1.1613e+09   7841   1220     0    900    458     15      2   0.416   0.006   0.001   0.434     4.233
   15          inf   1.1571e+09   1.1607e+09   8185   1225     0    900    556      7      2   0.439   0.007   0.002   0.459     4.692
   16          inf   1.1579e+09   1.1604e+09   8389   1227     0    899    695      8      6   0.415   0.006   0.002   0.435     5.127
   17          inf   1.1584e+09   1.1600e+09   8225   1218     0    900   1064      4     13   0.472   0.007   0.002   0.493     5.620
   18          inf   1.1585e+09   1.1598e+09   7982   1203     0    898   1141      6     21   0.475   0.006   0.002   0.494     6.114
   19          inf   1.1587e+09   1.1596e+09   7960   1199     0    898    920      9     13   0.412   0.006   0.002   0.432     6.547
   20          inf   1.1589e+09   1.1595e+09   8023   1200     0    898    835      6      5   0.419   0.006   0.002   0.439     6.986
   21          inf   1.1591e+09   1.1595e+09   7998   1203     0    893    918      5      2   0.431   0.006   0.002   0.451     7.437
   22          inf   1.1591e+09   1.1594e+09   8002   1201     0    890    886      5      7   0.443   0.007   0.002   0.465     7.901
   23          inf   1.1592e+09   1.1594e+09   8023   1198     0    882    861      2      5   0.459   0.007   0.002   0.481     8.382
   24          inf   1.1593e+09   1.1593e+09   8026   1199     0    870    867      4      3   0.474   0.007   0.002   0.495     8.877
   25          inf   1.1593e+09   1.1593e+09   7969   1202     0    857    914      6      3   0.459   0.007   0.002   0.481     9.358
   26          inf   1.1593e+09   1.1593e+09   7887   1201     0    831    913      2      3   0.446   0.006   0.002   0.466     9.824
   27   1.1593e+09   1.1593e+09   1.1593e+09   7887   1201     0   *843      0      0      0   0.483   0.006   0.002   0.491    10.315
CG optimal after 27 iterations. UB=1159321493.280029 LB=1159315889.560734 gap=5.604e+03 tol=1.159e+05  t_LP=9.921  t_PR=0.172  t_SP=0.034  t_Tot=10.329
[pricing-cutoff] enabled=1 cut=11051 priced=30600 rate=36.1%

# === STDOUT (result CSV) ===
Setting parameter 'LpMethod' to 2
Setting parameter 'GPUMode' to 2
Setting parameter 'Presolve' to 0
Setting parameter 'Crossover' to 0
instance,formulation,iterations,columns,objective,lower_bound,optimal,time,time_lp,time_pricing,time_separation
data/commalab/grid/grid13,tree,27,6987,1159321493.280029,1159315889.560734,1,10.361,9.921,0.172,0.034
