# cmd: /usr/bin/time -o /tmp/mcfcg_mem__dogcqo5.txt -f %M build/mcfcg_cli data/commalab/grid/grid14 --solver copt --copt-gpu-mode 2 --formulation tree --max-iters 10000 --pricing-cutoff --time-limit 1800.0
# outcome: ok
# returncode: 0
# peak_rss_kb: 654036
# peak_rss_source: measured
# === STDERR (CG iteration log + preamble) ===
Instance: 1225 vertices, 4760 arcs, 16000 commodities, 1225 sources
Solver: copt (gpu-mode 2), formulation: tree
Pricing threads: 32 (auto)
Slack mode: CommodityRows (struct=1225, capped_arcs=4760)
[lp-config] backend=copt version=8.0.1 method=barrier exec=GPU presolve=off crossover=off tol=0.0001 threads=n/a(GPU)
   It           UB           LB       LP_obj   #col   #row  #slk   +col   -col   +cut   -cut    t_LP    t_PR    t_SP   t_Tot     t_acc
    1          inf   7.4250e+07   1.2250e+05   2450   1225  1225      0      0      0      0   0.335   0.001   0.001   0.336     0.336
    2          inf   7.4250e+07   1.2250e+06   2450   1225  1225      0      0      0      0   0.157   0.001   0.001   0.158     0.494
    3          inf   7.4250e+07   1.2250e+07   2450   1225  1225      0      0      0      0   0.147   0.001   0.001   0.149     0.643
    4          inf   1.5029e+08   1.2250e+08   2450   1225  1225      0      0      0      0   0.145   0.001   0.001   0.146     0.790
    5          inf   1.1734e+09   1.1712e+09   2450   1225   967      0      0      0      0   0.151   0.014   0.001   0.165     0.955
    6          inf   1.7977e+09   1.7977e+09   2450   1442     0      0      0    217      0   0.154   0.026   0.002   0.181     1.136
    7          inf   1.7977e+09   4.6145e+09   3670   1442   606   1220      0      0      0   0.259   0.011   0.001   0.275     1.411
    8          inf   1.7977e+09   5.6097e+09   4892   1442   449   1222      0      0      0   0.295   0.012   0.001   0.313     1.724
    9          inf   1.7977e+09   6.4545e+09   6116   1456   315   1224      0     14      0   0.316   0.014   0.001   0.337     2.061
   10          inf   1.7977e+09   3.7732e+09   7341   1476    83   1225      0     20      0   0.343   0.012   0.001   0.362     2.423
   11          inf   1.7977e+09   1.8059e+09   8564   1498     0   1223      0     22      0   0.452   0.012   0.002   0.472     2.895
   12          inf   1.7997e+09   1.8047e+09   9585   1410     0   1224    203     10     98   0.440   0.011   0.002   0.467     3.362
   13          inf   1.8012e+09   1.8040e+09  10258   1420     0   1221    548     10      0   0.386   0.012   0.002   0.411     3.774
   14          inf   1.8014e+09   1.8035e+09  10826   1422     0   1216    648      5      3   0.380   0.011   0.002   0.407     4.181
   15          inf   1.8020e+09   1.8032e+09  11112   1423     0   1204    918      7      6   0.407   0.011   0.003   0.436     4.617
   16          inf   1.8022e+09   1.8030e+09  10787   1421     0   1182   1507      2      4   0.405   0.014   0.003   0.436     5.053
   17          inf   1.8023e+09   1.8029e+09  10418   1415     0   1177   1546      5     11   0.417   0.013   0.003   0.449     5.502
   18          inf   1.8025e+09   1.8028e+09  10265   1409     0   1152   1305      1      7   0.393   0.012   0.003   0.421     5.923
   19          inf   1.8026e+09   1.8027e+09  10182   1406     0   1068   1151      2      5   0.426   0.013   0.003   0.455     6.378
   20          inf   1.8026e+09   1.8027e+09  10025   1407     0   1067   1224      3      2   0.391   0.013   0.003   0.420     6.798
   21          inf   1.8027e+09   1.8027e+09   9751   1406     0    932   1206      2      3   0.388   0.012   0.003   0.416     7.214
   22          inf   1.8027e+09   1.8027e+09   9586   1404     0    838   1003      3      5   0.432   0.011   0.002   0.458     7.672
   23   1.8027e+09   1.8027e+09   1.8027e+09   9586   1404     0   *411      0      0      0   0.418   0.012   0.002   0.433     8.105
CG optimal after 23 iterations. UB=1802673016.340676 LB=1802670931.569902 gap=2.085e+03 tol=1.803e+05  t_LP=7.637  t_PR=0.273  t_SP=0.042  t_Tot=8.128
[pricing-cutoff] enabled=1 cut=16654 priced=36750 rate=45.3%

# === STDOUT (result CSV) ===
Setting parameter 'LpMethod' to 2
Setting parameter 'GPUMode' to 2
Setting parameter 'Presolve' to 0
Setting parameter 'Crossover' to 0
instance,formulation,iterations,columns,objective,lower_bound,optimal,time,time_lp,time_pricing,time_separation
data/commalab/grid/grid14,tree,23,8361,1802673016.340676,1802670931.569902,1,8.163,7.637,0.273,0.042
