# cmd: /usr/bin/time -o /tmp/mcfcg_mem_2owbtzf6.txt -f %M build/mcfcg_cli data/commalab/grid/grid15 --solver copt --copt-gpu-mode 2 --formulation tree --max-iters 10000 --pricing-cutoff --time-limit 1800.0
# outcome: ok
# returncode: 0
# peak_rss_kb: 750012
# peak_rss_source: measured
# === STDERR (CG iteration log + preamble) ===
Instance: 1225 vertices, 4760 arcs, 32000 commodities, 1225 sources
Solver: copt (gpu-mode 2), formulation: tree
Pricing threads: 32 (auto)
Slack mode: CommodityRows (struct=1225, capped_arcs=4760)
[lp-config] backend=copt version=8.0.1 method=barrier exec=GPU presolve=off crossover=off tol=0.0001 threads=n/a(GPU)
   It           UB           LB       LP_obj   #col   #row  #slk   +col   -col   +cut   -cut    t_LP    t_PR    t_SP   t_Tot     t_acc
    1          inf   1.4824e+08   1.2250e+05   2450   1225  1225      0      0      0      0   0.346   0.001   0.001   0.348     0.348
    2          inf   1.4824e+08   1.2250e+06   2450   1225  1225      0      0      0      0   0.160   0.001   0.001   0.161     0.509
    3          inf   1.4824e+08   1.2250e+07   2450   1225  1225      0      0      0      0   0.149   0.001   0.001   0.151     0.660
    4          inf   1.5769e+08   1.2250e+08   2450   1225  1225      0      0      0      0   0.148   0.001   0.001   0.149     0.809
    5          inf   1.2379e+09   1.2248e+09   2450   1225  1223      0      0      0      0   0.153   0.004   0.001   0.158     0.968
    6          inf   3.5815e+09   3.5815e+09   2450   1483     0      0      0    258      0   0.151   0.028   0.001   0.181     1.148
    7          inf   3.5815e+09   7.2061e+09   3675   1483   561   1225      0      0      0   0.320   0.013   0.001   0.341     1.489
    8          inf   3.5815e+09   1.0864e+10   4900   1484   606   1225      0      1      0   0.374   0.016   0.001   0.398     1.887
    9          inf   3.5815e+09   2.2924e+10   6125   1496   294   1225      0     12      0   0.433   0.013   0.002   0.455     2.342
   10          inf   3.5815e+09   2.1194e+10   7350   1509   189   1225      0     13      0   0.503   0.013   0.001   0.526     2.869
   11          inf   3.5815e+09   8.4827e+09   8575   1528    52   1225      0     19      0   0.559   0.013   0.001   0.582     3.451
   12          inf   3.5815e+09   3.6020e+09   9585   1429     0   1225    215     21    120   0.746   0.015   0.003   0.783     4.234
   13          inf   3.5853e+09   3.5994e+09  10229   1440     0   1225    581     14      3   0.433   0.013   0.003   0.469     4.703
   14          inf   3.5884e+09   3.5977e+09  10706   1456     0   1225    748     17      1   0.494   0.015   0.003   0.533     5.236
   15          inf   3.5884e+09   3.5969e+09  11080   1459     0   1225    851      7      4   0.549   0.013   0.003   0.586     5.821
   16          inf   3.5905e+09   3.5961e+09  11306   1458     0   1225    999      3      4   0.526   0.014   0.004   0.565     6.386
   17          inf   3.5915e+09   3.5954e+09  11028   1453     0   1225   1503      3      8   0.577   0.014   0.004   0.617     7.003
   18          inf   3.5918e+09   3.5949e+09  10688   1446     0   1225   1565      5     12   0.533   0.013   0.004   0.572     7.575
   19          inf   3.5918e+09   3.5944e+09  10697   1436     0   1224   1215      2     12   0.523   0.013   0.003   0.561     8.136
   20          inf   3.5922e+09   3.5941e+09  10755   1437     0   1222   1164      5      4   0.509   0.013   0.004   0.548     8.684
   21          inf   3.5926e+09   3.5939e+09  10656   1436     0   1221   1320      3      4   0.509   0.013   0.004   0.548     9.232
   22          inf   3.5931e+09   3.5938e+09  10656   1436     0   1220   1220      4      4   0.514   0.013   0.003   0.552     9.784
   23   3.5937e+09   3.5932e+09   3.5937e+09  10693   1433     0   1215   1178      0      3   0.475   0.013   0.004   0.511    10.295
   24   3.5937e+09   3.5933e+09   3.5936e+09  10730   1433     0   1217   1180      2      2   0.522   0.014   0.004   0.562    10.858
   25   3.5937e+09   3.5934e+09   3.5936e+09  10730   1437     0  *1203      0      4      0   0.529   0.015   0.004   0.548    11.406
CG optimal after 25 iterations. UB=3593666713.987979 LB=3593381574.282011 gap=2.851e+05 tol=3.594e+05  t_LP=10.737  t_PR=0.319  t_SP=0.061  t_Tot=11.432
[pricing-cutoff] enabled=1 cut=14753 priced=39200 rate=37.6%

# === STDOUT (result CSV) ===
Setting parameter 'LpMethod' to 2
Setting parameter 'GPUMode' to 2
Setting parameter 'Presolve' to 0
Setting parameter 'Crossover' to 0
instance,formulation,iterations,columns,objective,lower_bound,optimal,time,time_lp,time_pricing,time_separation
data/commalab/grid/grid15,tree,25,9505,3593666713.987979,3593381574.282011,1,11.475,10.737,0.319,0.061
