# cmd: /usr/bin/time -o /tmp/mcfcg_mem_bv1z5mwx.txt -f %M build/mcfcg_cli data/commalab/grid/grid3 --solver copt --copt-gpu-mode 2 --formulation path --max-iters 10000 --pricing-cutoff --time-limit 1800.0
# outcome: ok
# returncode: 0
# peak_rss_kb: 471724
# peak_rss_source: measured
# === STDERR (CG iteration log + preamble) ===
Instance: 100 vertices, 360 arcs, 50 commodities, 40 sources
Solver: copt (gpu-mode 2), formulation: path
Pricing threads: 32 (auto)
Slack mode: CommodityRows (struct=50, capped_arcs=360)
[lp-config] backend=copt version=8.0.1 method=barrier exec=GPU presolve=off crossover=off tol=0.0001 threads=n/a(GPU)
   It           UB           LB       LP_obj   #col   #row  #slk   +col   -col   +cut   -cut    t_LP    t_PR    t_SP   t_Tot     t_acc
    1          inf   4.6443e+05   2.8416e+05    100     50    48      0      0      0      0   0.337   0.000   0.000   0.337     0.337
    2          inf   1.5093e+06   1.5065e+06    100     59     4      0      0      9      0   0.145   0.000   0.000   0.145     0.482
    3          inf   1.5093e+06   1.6534e+06    117     65     9     17      0      6      0   0.144   0.000   0.000   0.144     0.626
    4          inf   1.5093e+06   1.7193e+06    130     67     4     13      0      2      0   0.148   0.000   0.000   0.149     0.774
    5          inf   1.5226e+06   1.5250e+06    138     68     0      8      0      1      0   0.153   0.000   0.000   0.153     0.927
    6          inf   1.5243e+06   1.5243e+06    138     69     0      0      0      1      0   0.145   0.000   0.000   0.146     1.073
    7   1.5247e+06   1.5246e+06   1.5247e+06    138     69     0     *2      0      0      0   0.149   0.000   0.000   0.149     1.222
CG optimal after 7 iterations. UB=1524748.000000 LB=1524595.675788 gap=1.523e+02 tol=1.525e+02  t_LP=1.220  t_PR=0.002  t_SP=0.000  t_Tot=1.224
[pricing-cutoff] enabled=1 cut=366 priced=440 rate=83.2%

# === STDOUT (result CSV) ===
Setting parameter 'LpMethod' to 2
Setting parameter 'GPUMode' to 2
Setting parameter 'Presolve' to 0
Setting parameter 'Crossover' to 0
instance,formulation,iterations,columns,objective,lower_bound,optimal,time,time_lp,time_pricing,time_separation
data/commalab/grid/grid3,path,7,88,1524748.000000,1524595.675788,1,1.240,1.220,0.002,0.000
