# cmd: /usr/bin/time -o /tmp/mcfcg_mem_49to0qmn.txt -f %M build/mcfcg_cli data/commalab/grid/grid6 --solver copt --copt-gpu-mode 2 --formulation path --max-iters 10000 --pricing-cutoff --time-limit 1800.0
# outcome: ok
# returncode: 0
# peak_rss_kb: 481648
# peak_rss_source: measured
# === STDERR (CG iteration log + preamble) ===
Instance: 225 vertices, 840 arcs, 200 commodities, 135 sources
Solver: copt (gpu-mode 2), formulation: path
Pricing threads: 32 (auto)
Slack mode: CommodityRows (struct=200, capped_arcs=840)
[lp-config] backend=copt version=8.0.1 method=barrier exec=GPU presolve=off crossover=off tol=0.0001 threads=n/a(GPU)
   It           UB           LB       LP_obj   #col   #row  #slk   +col   -col   +cut   -cut    t_LP    t_PR    t_SP   t_Tot     t_acc
    1          inf   1.8616e+06   1.1258e+06    400    200   198      0      0      0      0   0.346   0.000   0.000   0.347     0.347
    2          inf   8.8143e+06   8.7504e+06    400    213    82      0      0     13      0   0.150   0.000   0.000   0.150     0.497
    3          inf   8.8143e+06   1.7843e+07    481    270    56     81      0     57      0   0.149   0.000   0.000   0.150     0.647
    4          inf   8.8143e+06   2.8483e+07    611    289    72    130      0     19      0   0.163   0.000   0.000   0.164     0.811
    5          inf   8.8143e+06   2.1995e+07    740    314    40    129      0     25      0   0.170   0.000   0.000   0.171     0.981
    6          inf   8.8143e+06   1.1928e+07    870    335     8    134      4     21      0   0.183   0.000   0.000   0.184     1.165
    7          inf   1.0301e+07   1.0423e+07    983    347     0    113      0     12      0   0.185   0.000   0.000   0.186     1.351
    8          inf   1.0370e+07   1.0412e+07   1063    350     0     88      8      3      0   0.182   0.000   0.000   0.183     1.534
    9          inf   1.0390e+07   1.0405e+07   1108    345     0     64     19      1      6   0.186   0.000   0.000   0.187     1.721
   10          inf   1.0395e+07   1.0402e+07   1116    347     0     42     34      3      1   0.182   0.000   0.000   0.183     1.904
   11          inf   1.0399e+07   1.0402e+07   1077    343     0     33     72      2      6   0.186   0.000   0.000   0.187     2.090
   12          inf   1.0401e+07   1.0402e+07    970    337     0     13    120      1      7   0.190   0.000   0.000   0.191     2.282
   13   1.0402e+07   1.0401e+07   1.0402e+07    970    337     0    *10      0      0      0   0.184   0.000   0.000   0.185     2.466
CG optimal after 13 iterations. UB=10401534.363691 LB=10401333.813533 gap=2.006e+02 tol=1.040e+03  t_LP=2.458  t_PR=0.005  t_SP=0.002  t_Tot=2.468
[pricing-cutoff] enabled=1 cut=1388 priced=2160 rate=64.3%

# === STDOUT (result CSV) ===
Setting parameter 'LpMethod' to 2
Setting parameter 'GPUMode' to 2
Setting parameter 'Presolve' to 0
Setting parameter 'Crossover' to 0
instance,formulation,iterations,columns,objective,lower_bound,optimal,time,time_lp,time_pricing,time_separation
data/commalab/grid/grid6,path,13,770,10401534.363691,10401333.813533,1,2.485,2.458,0.005,0.002
