# cmd: /usr/bin/time -o /tmp/mcfcg_mem_9kbet4by.txt -f %M build/mcfcg_cli data/commalab/grid/grid10 --solver copt --copt-gpu-mode 2 --formulation tree --max-iters 10000 --pricing-cutoff --time-limit 1800.0
# outcome: ok
# returncode: 0
# peak_rss_kb: 553080
# peak_rss_source: measured
# === STDERR (CG iteration log + preamble) ===
Instance: 625 vertices, 2400 arcs, 2000 commodities, 593 sources
Solver: copt (gpu-mode 2), formulation: tree
Pricing threads: 32 (auto)
Slack mode: CommodityRows (struct=593, capped_arcs=2400)
[lp-config] backend=copt version=8.0.1 method=barrier exec=GPU presolve=off crossover=off tol=0.0001 threads=n/a(GPU)
   It           UB           LB       LP_obj   #col   #row  #slk   +col   -col   +cut   -cut    t_LP    t_PR    t_SP   t_Tot     t_acc
    1          inf   9.3978e+06   5.9300e+04   1186    593   593      0      0      0      0   0.341   0.000   0.000   0.342     0.342
    2          inf   9.3980e+06   5.9300e+05   1186    593   593      0      0      0      0   0.159   0.000   0.000   0.159     0.501
    3          inf   1.0510e+07   5.9216e+06   1186    593   590      0      0      0      0   0.160   0.000   0.000   0.161     0.662
    4          inf   5.6755e+07   5.5288e+07   1186    593   495      0      0      0      0   0.155   0.002   0.000   0.157     0.818
    5          inf   1.6218e+08   1.6218e+08   1186    910     1      0      0    317      0   0.146   0.004   0.000   0.151     0.969
    6          inf   1.6218e+08   2.8039e+08   1706    910   271    520      0      0      0   0.197   0.003   0.000   0.201     1.170
    7          inf   1.6218e+08   7.6387e+08   2250    913   299    544      0      3      0   0.212   0.002   0.000   0.215     1.385
    8          inf   1.6218e+08   1.3705e+09   2798    924   201    548      0     11      0   0.220   0.002   0.000   0.224     1.609
    9          inf   1.6218e+08   1.3036e+09   3359    965   158    561      0     41      0   0.236   0.002   0.000   0.239     1.849
   10          inf   1.6218e+08   9.8212e+08   3923   1010   105    564      0     45      0   0.254   0.003   0.000   0.258     2.106
   11          inf   1.6218e+08   1.6511e+08   4393    986     0    557     87     60     84   0.364   0.002   0.000   0.369     2.475
   12          inf   1.6285e+08   1.6463e+08   4669   1017     0    539    263     33      2   0.309   0.002   0.000   0.314     2.790
   13          inf   1.6335e+08   1.6449e+08   4925   1033     0    532    276     17      1   0.283   0.002   0.001   0.289     3.079
   14          inf   1.6355e+08   1.6439e+08   5140   1046     0    524    309     13      0   0.320   0.002   0.001   0.325     3.404
   15          inf   1.6374e+08   1.6432e+08   5264   1049     0    510    386     12      9   0.327   0.002   0.001   0.333     3.737
   16          inf   1.6381e+08   1.6426e+08   5318   1049     0    505    451      8      8   0.335   0.002   0.001   0.341     4.078
   17          inf   1.6389e+08   1.6422e+08   5131   1035     0    494    681      6     20   0.333   0.002   0.001   0.339     4.417
   18          inf   1.6394e+08   1.6419e+08   5044   1028     0    482    569      9     16   0.319   0.002   0.001   0.324     4.741
   19          inf   1.6400e+08   1.6416e+08   4972   1027     0    464    536     10     11   0.304   0.002   0.000   0.310     5.051
   20          inf   1.6402e+08   1.6414e+08   4914   1031     0    452    510      7      3   0.329   0.002   0.001   0.335     5.386
   21          inf   1.6404e+08   1.6413e+08   4866   1028     0    442    490      4      7   0.307   0.002   0.000   0.313     5.699
   22          inf   1.6407e+08   1.6413e+08   4807   1024     0    402    461      1      5   0.322   0.002   0.001   0.328     6.026
   23          inf   1.6408e+08   1.6412e+08   4732   1025     0    389    464      5      4   0.328   0.002   0.001   0.334     6.361
   24          inf   1.6409e+08   1.6412e+08   4610   1026     0    332    454      3      2   0.314   0.002   0.001   0.319     6.680
   25          inf   1.6410e+08   1.6411e+08   4566   1018     0    352    396      2     10   0.332   0.002   0.000   0.338     7.018
   26          inf   1.6411e+08   1.6411e+08   4508   1016     0    328    386      2      4   0.322   0.002   0.001   0.328     7.346
   27          inf   1.6411e+08   1.6411e+08   4416   1017     0    283    375      2      1   0.330   0.002   0.000   0.335     7.681
   28   1.6411e+08   1.6411e+08   1.6411e+08   4416   1017     0    *77      0      0      0   0.340   0.002   0.001   0.343     8.024
CG optimal after 28 iterations. UB=164110915.608553 LB=164110703.020014 gap=2.126e+02 tol=1.641e+04  t_LP=7.897  t_PR=0.067  t_SP=0.013  t_Tot=8.034
[pricing-cutoff] enabled=1 cut=9162 priced=20162 rate=45.4%

# === STDOUT (result CSV) ===
Setting parameter 'LpMethod' to 2
Setting parameter 'GPUMode' to 2
Setting parameter 'Presolve' to 0
Setting parameter 'Crossover' to 0
instance,formulation,iterations,columns,objective,lower_bound,optimal,time,time_lp,time_pricing,time_separation
data/commalab/grid/grid10,tree,28,3823,164110915.608553,164110703.020014,1,8.056,7.897,0.067,0.013
