# cmd: /usr/bin/time -o /tmp/mcfcg_mem_53kmdai9.txt -f %M build/mcfcg_cli data/commalab/grid/grid11 --solver copt --copt-gpu-mode 2 --formulation tree --max-iters 10000 --pricing-cutoff --time-limit 1800.0
# outcome: ok
# returncode: 0
# peak_rss_kb: 550868
# peak_rss_source: measured
# === STDERR (CG iteration log + preamble) ===
Instance: 625 vertices, 2400 arcs, 4000 commodities, 625 sources
Solver: copt (gpu-mode 2), formulation: tree
Pricing threads: 32 (auto)
Slack mode: CommodityRows (struct=625, capped_arcs=2400)
[lp-config] backend=copt version=8.0.1 method=barrier exec=GPU presolve=off crossover=off tol=0.0001 threads=n/a(GPU)
   It           UB           LB       LP_obj   #col   #row  #slk   +col   -col   +cut   -cut    t_LP    t_PR    t_SP   t_Tot     t_acc
    1          inf   1.8834e+07   6.2500e+04   1250    625   625      0      0      0      0   0.331   0.000   0.000   0.332     0.332
    2          inf   1.8834e+07   6.2500e+05   1250    625   625      0      0      0      0   0.152   0.000   0.000   0.153     0.484
    3          inf   1.8965e+07   6.2500e+06   1250    625   625      0      0      0      0   0.145   0.000   0.000   0.146     0.630
    4          inf   6.6412e+07   6.2161e+07   1250    625   613      0      0      0      0   0.147   0.001   0.000   0.148     0.778
    5          inf   3.2197e+08   3.2192e+08   1250    817    31      0      0    192      0   0.146   0.006   0.000   0.153     0.931
    6          inf   3.2197e+08   4.3436e+08   1849    817   305    599      0      0      0   0.195   0.003   0.000   0.200     1.130
    7          inf   3.2197e+08   1.1206e+09   2453    819   310    604      0      2      0   0.205   0.003   0.000   0.210     1.340
    8          inf   3.2197e+08   1.3957e+09   3069    841   167    616      0     22      0   0.205   0.003   0.000   0.209     1.549
    9          inf   3.2197e+08   1.0416e+09   3689    863   103    620      0     22      0   0.223   0.003   0.000   0.228     1.777
   10          inf   3.2197e+08   4.0967e+08   4309    921    12    620      0     58      0   0.263   0.003   0.001   0.268     2.045
   11          inf   3.2197e+08   3.3056e+08   4840    889     0    620     89     11     43   0.317   0.003   0.001   0.324     2.369
   12          inf   3.2802e+08   3.3010e+08   5088    907     0    610    362     19      1   0.266   0.003   0.001   0.273     2.642
   13          inf   3.2844e+08   3.2985e+08   5426    915     0    604    266      9      1   0.266   0.003   0.001   0.273     2.915
   14          inf   3.2868e+08   3.2967e+08   5661    923     0    600    365     11      3   0.281   0.003   0.001   0.289     3.204
   15          inf   3.2875e+08   3.2953e+08   5791    927     0    599    469      8      4   0.299   0.003   0.001   0.307     3.510
   16          inf   3.2889e+08   3.2944e+08   5627    915     0    585    749      9     21   0.310   0.003   0.001   0.318     3.829
   17          inf   3.2905e+08   3.2937e+08   5420    908     0    578    785      5     12   0.290   0.003   0.001   0.298     4.127
   18          inf   3.2910e+08   3.2933e+08   5393    910     0    563    590      9      7   0.305   0.003   0.001   0.313     4.440
   19          inf   3.2916e+08   3.2930e+08   5349    910     0    558    602      5      5   0.296   0.003   0.001   0.304     4.744
   20          inf   3.2919e+08   3.2928e+08   5326    912     0    525    548      7      5   0.281   0.003   0.001   0.289     5.033
   21   3.2927e+08   3.2922e+08   3.2927e+08   5245    906     0    501    582      0      6   0.307   0.003   0.001   0.314     5.347
   22   3.2927e+08   3.2924e+08   3.2926e+08   5172    905     0    498    571      2      3   0.298   0.003   0.001   0.305     5.653
   23   3.2927e+08   3.2925e+08   3.2926e+08   5172    911     0   *475      0      6      0   0.277   0.003   0.001   0.281     5.933
CG optimal after 23 iterations. UB=329270920.745469 LB=329251613.141549 gap=1.931e+04 tol=3.293e+04  t_LP=5.806  t_PR=0.065  t_SP=0.012  t_Tot=5.939
[pricing-cutoff] enabled=1 cut=7125 priced=18125 rate=39.3%

# === STDOUT (result CSV) ===
Setting parameter 'LpMethod' to 2
Setting parameter 'GPUMode' to 2
Setting parameter 'Presolve' to 0
Setting parameter 'Crossover' to 0
instance,formulation,iterations,columns,objective,lower_bound,optimal,time,time_lp,time_pricing,time_separation
data/commalab/grid/grid11,tree,23,4547,329270920.745469,329251613.141549,1,5.963,5.806,0.065,0.012
