# cmd: /usr/bin/time -o /tmp/mcfcg_mem_2lhkpr58.txt -f %M build/mcfcg_cli data/commalab/grid/grid7 --solver copt --copt-gpu-mode 2 --formulation path --max-iters 10000 --pricing-cutoff --time-limit 1800.0
# outcome: ok
# returncode: 0
# peak_rss_kb: 487452
# peak_rss_source: measured
# === STDERR (CG iteration log + preamble) ===
Instance: 400 vertices, 1520 arcs, 400 commodities, 247 sources
Solver: copt (gpu-mode 2), formulation: path
Pricing threads: 32 (auto)
Slack mode: CommodityRows (struct=400, capped_arcs=1520)
[lp-config] backend=copt version=8.0.1 method=barrier exec=GPU presolve=off crossover=off tol=0.0001 threads=n/a(GPU)
   It           UB           LB       LP_obj   #col   #row  #slk   +col   -col   +cut   -cut    t_LP    t_PR    t_SP   t_Tot     t_acc
    1          inf   3.5720e+06   2.2330e+06    800    400   394      0      0      0      0   0.335   0.000   0.000   0.336     0.336
    2          inf   1.8975e+07   1.8829e+07    800    400   239      0      0      0      0   0.148   0.001   0.000   0.149     0.485
    3          inf   2.5727e+07   2.5727e+07    800    523     0      0      0    123      0   0.140   0.001   0.000   0.142     0.627
    4          inf   2.5727e+07   5.9583e+07   1048    523   132    248      0      0      0   0.162   0.001   0.000   0.163     0.790
    5          inf   2.5727e+07   5.9781e+07   1284    531    70    236      0      8      0   0.175   0.001   0.000   0.177     0.966
    6          inf   2.5727e+07   2.5889e+07   1481    568     0    197      0     37      0   0.197   0.001   0.000   0.198     1.164
    7          inf   2.5727e+07   2.5893e+07   1690    585     0    209      0     17      0   0.211   0.001   0.000   0.212     1.376
    8          inf   2.5839e+07   2.5876e+07   1832    591     0    142      0      6      0   0.201   0.001   0.000   0.203     1.579
    9          inf   2.5853e+07   2.5867e+07   1904    558     0     91     19      3     36   0.200   0.001   0.000   0.202     1.781
   10          inf   2.5861e+07   2.5865e+07   1873    558     0     40     71      1      1   0.188   0.001   0.000   0.189     1.970
   11          inf   2.5863e+07   2.5864e+07   1792    558     0     34    115      1      1   0.193   0.001   0.000   0.194     2.164
   12          inf   2.5863e+07   2.5864e+07   1623    546     0     10    179      1     13   0.184   0.001   0.000   0.185     2.349
   13          inf   2.5864e+07   2.5864e+07   1406    535     0      2    219      1     12   0.187   0.001   0.000   0.189     2.537
   14   2.5864e+07   2.5864e+07   2.5864e+07   1406    535     0     *0      0      0      0   0.187   0.002   0.000   0.189     2.726
CG optimal after 14 iterations. UB=25864036.577655 LB=25864027.926431 gap=8.651e+00 tol=2.586e+03  t_LP=2.709  t_PR=0.012  t_SP=0.003  t_Tot=2.729
[pricing-cutoff] enabled=1 cut=3522 priced=4693 rate=75.0%

# === STDOUT (result CSV) ===
Setting parameter 'LpMethod' to 2
Setting parameter 'GPUMode' to 2
Setting parameter 'Presolve' to 0
Setting parameter 'Crossover' to 0
instance,formulation,iterations,columns,objective,lower_bound,optimal,time,time_lp,time_pricing,time_separation
data/commalab/grid/grid7,path,14,1006,25864036.577655,25864027.926431,1,2.745,2.709,0.012,0.003
