# cmd: /usr/bin/time -o /tmp/mcfcg_mem_39vq1yvs.txt -f %M build/mcfcg_cli data/commalab/grid/grid10 --solver copt --copt-gpu-mode 2 --formulation path --max-iters 10000 --pricing-cutoff --time-limit 1800.0
# outcome: ok
# returncode: 0
# peak_rss_kb: 555320
# peak_rss_source: measured
# === STDERR (CG iteration log + preamble) ===
Instance: 625 vertices, 2400 arcs, 2000 commodities, 593 sources
Solver: copt (gpu-mode 2), formulation: path
Pricing threads: 32 (auto)
Slack mode: CommodityRows (struct=2000, capped_arcs=2400)
[lp-config] backend=copt version=8.0.1 method=barrier exec=GPU presolve=off crossover=off tol=0.0001 threads=n/a(GPU)
   It           UB           LB       LP_obj   #col   #row  #slk   +col   -col   +cut   -cut    t_LP    t_PR    t_SP   t_Tot     t_acc
    1          inf   1.7233e+07   1.1189e+07   4000   2000  1987      0      0      0      0   0.340   0.000   0.000   0.341     0.341
    2          inf   1.0049e+08   9.9736e+07   4000   2000  1410      0      0      0      0   0.156   0.002   0.000   0.159     0.499
    3          inf   1.6221e+08   1.6221e+08   4000   2320     0      0      0    320      0   0.149   0.004   0.001   0.154     0.653
    4          inf   1.6221e+08   3.9375e+08   5453   2320   742   1453      0      0      0   0.227   0.002   0.000   0.230     0.883
    5          inf   1.6221e+08   8.1998e+08   6926   2339   606   1473      0     19      0   0.256   0.002   0.000   0.260     1.144
    6          inf   1.6221e+08   6.3927e+08   8440   2406   340   1514      0     67      0   0.271   0.002   0.000   0.275     1.418
    7          inf   1.6221e+08   2.6916e+08   9965   2458   163   1525      0     52      0   0.290   0.002   0.000   0.294     1.713
    8          inf   1.6292e+08   1.6450e+08  11325   2499     0   1360      0     41      0   0.386   0.002   0.001   0.391     2.104
    9          inf   1.6375e+08   1.6432e+08  12244   2451     0   1144    225     24     72   0.415   0.002   0.000   0.421     2.525
   10          inf   1.6390e+08   1.6422e+08  12750   2471     0   1001    495     20      0   0.358   0.002   0.000   0.363     2.887
   11          inf   1.6399e+08   1.6416e+08  12882   2479     0    901    769     13      5   0.372   0.002   0.000   0.379     3.266
   12          inf   1.6405e+08   1.6414e+08  12468   2475     0    695   1109      6     10   0.359   0.002   0.000   0.365     3.631
   13          inf   1.6407e+08   1.6412e+08  11324   2459     0    537   1681      6     22   0.351   0.002   0.000   0.357     3.988
   14          inf   1.6409e+08   1.6411e+08  10240   2448     0    429   1513      3     14   0.334   0.002   0.000   0.340     4.327
   15          inf   1.6410e+08   1.6411e+08   9515   2441     0    278   1003      4     11   0.346   0.002   0.000   0.351     4.678
   16          inf   1.6411e+08   1.6411e+08   8773   2433     0    107    849      4     12   0.347   0.002   0.000   0.352     5.030
   17          inf   1.6411e+08   1.6411e+08   8773   2434     0      0      0      1      0   0.348   0.004   0.000   0.353     5.383
   18   1.6411e+08   1.6411e+08   1.6411e+08   8773   2434     0     *0      0      0      0   0.396   0.004   0.000   0.401     5.784
CG optimal after 18 iterations. UB=164110896.961477 LB=164110784.708318 gap=1.123e+02 tol=1.641e+04  t_LP=5.699  t_PR=0.049  t_SP=0.007  t_Tot=5.791
[pricing-cutoff] enabled=1 cut=8581 priced=14232 rate=60.3%

# === STDOUT (result CSV) ===
Setting parameter 'LpMethod' to 2
Setting parameter 'GPUMode' to 2
Setting parameter 'Presolve' to 0
Setting parameter 'Crossover' to 0
instance,formulation,iterations,columns,objective,lower_bound,optimal,time,time_lp,time_pricing,time_separation
data/commalab/grid/grid10,path,18,6773,164110896.961477,164110784.708318,1,5.814,5.699,0.049,0.007
