# cmd: /usr/bin/time -o /tmp/mcfcg_mem_h6yg7gda.txt -f %M build/mcfcg_cli data/commalab/grid/grid8 --solver copt --copt-gpu-mode 2 --formulation tree --max-iters 10000 --pricing-cutoff --time-limit 1800.0
# outcome: ok
# returncode: 0
# peak_rss_kb: 503508
# peak_rss_source: measured
# === STDERR (CG iteration log + preamble) ===
Instance: 625 vertices, 2400 arcs, 500 commodities, 343 sources
Solver: copt (gpu-mode 2), formulation: tree
Pricing threads: 32 (auto)
Slack mode: CommodityRows (struct=343, capped_arcs=2400)
[lp-config] backend=copt version=8.0.1 method=barrier exec=GPU presolve=off crossover=off tol=0.0001 threads=n/a(GPU)
   It           UB           LB       LP_obj   #col   #row  #slk   +col   -col   +cut   -cut    t_LP    t_PR    t_SP   t_Tot     t_acc
    1          inf   2.4712e+06   3.4300e+04    686    343   343      0      0      0      0   0.347   0.000   0.000   0.348     0.348
    2          inf   2.4712e+06   3.4300e+05    686    343   343      0      0      0      0   0.155   0.000   0.000   0.155     0.503
    3          inf   4.3694e+06   3.4172e+06    686    343   338      0      0      0      0   0.147   0.000   0.000   0.148     0.650
    4          inf   2.6178e+07   2.6022e+07    686    344   167      0      0      1      0   0.147   0.003   0.000   0.151     0.801
    5          inf   3.7340e+07   4.6211e+07    709    593    16     23      0    249      0   0.148   0.002   0.000   0.150     0.951
    6          inf   3.7340e+07   1.0110e+08    981    596   174    274      2      3      0   0.176   0.001   0.000   0.178     1.129
    7          inf   3.7340e+07   2.1948e+08   1240    615   130    259      0     19      0   0.186   0.002   0.000   0.188     1.317
    8          inf   3.7340e+07   2.0637e+08   1520    656    68    280      0     41      0   0.197   0.002   0.000   0.199     1.516
    9          inf   3.7340e+07   8.3970e+07   1809    705    34    289      0     49      0   0.211   0.001   0.000   0.213     1.729
   10          inf   3.8837e+07   4.1900e+07   2075    734     0    267      1     29      0   0.270   0.001   0.000   0.273     2.002
   11          inf   4.1486e+07   4.1804e+07   2274    672     0    242     43      7     69   0.244   0.001   0.000   0.246     2.248
   12          inf   4.1602e+07   4.1764e+07   2422    680     0    218     70      8      0   0.241   0.001   0.000   0.243     2.490
   13          inf   4.1626e+07   4.1745e+07   2540    684     0    204     86      7      3   0.239   0.001   0.000   0.241     2.731
   14          inf   4.1649e+07   4.1733e+07   2595    679     0    198    143      5     10   0.230   0.001   0.000   0.233     2.964
   15          inf   4.1673e+07   4.1724e+07   2497    672     1    171    269     12     19   0.233   0.001   0.000   0.235     3.199
   16          inf   4.1687e+07   4.1719e+07   2347    660     0    163    313      5     17   0.233   0.001   0.000   0.235     3.435
   17          inf   4.1696e+07   4.1715e+07   2234    655     0    134    247      9     14   0.235   0.001   0.000   0.238     3.672
   18          inf   4.1699e+07   4.1714e+07   2147    653     0    110    197      2      4   0.220   0.001   0.000   0.223     3.895
   19          inf   4.1706e+07   4.1712e+07   2041    652     0     87    193      3      4   0.232   0.001   0.000   0.234     4.129
   20          inf   4.1707e+07   4.1711e+07   1933    651     0     64    172      1      2   0.237   0.001   0.000   0.239     4.368
   21          inf   4.1709e+07   4.1711e+07   1889    649     0     87    131      2      4   0.239   0.001   0.000   0.242     4.610
   22   4.1711e+07   4.1710e+07   4.1711e+07   1889    649     0    *32      0      0      0   0.226   0.001   0.000   0.227     4.837
CG optimal after 22 iterations. UB=41710779.407667 LB=41709824.309076 gap=9.551e+02 tol=4.171e+03  t_LP=4.791  t_PR=0.030  t_SP=0.006  t_Tot=4.842
[pricing-cutoff] enabled=1 cut=5816 priced=9261 rate=62.8%

# === STDOUT (result CSV) ===
Setting parameter 'LpMethod' to 2
Setting parameter 'GPUMode' to 2
Setting parameter 'Presolve' to 0
Setting parameter 'Crossover' to 0
instance,formulation,iterations,columns,objective,lower_bound,optimal,time,time_lp,time_pricing,time_separation
data/commalab/grid/grid8,tree,22,1546,41710779.407667,41709824.309076,1,4.862,4.791,0.030,0.006
