# cmd: /usr/bin/time -o /tmp/mcfcg_mem_uk_vd5a3.txt -f %M build/mcfcg_cli data/commalab/grid/grid9 --solver copt --copt-gpu-mode 2 --formulation tree --max-iters 10000 --pricing-cutoff --time-limit 1800.0
# outcome: ok
# returncode: 0
# peak_rss_kb: 532368
# peak_rss_source: measured
# === STDERR (CG iteration log + preamble) ===
Instance: 625 vertices, 2400 arcs, 1000 commodities, 495 sources
Solver: copt (gpu-mode 2), formulation: tree
Pricing threads: 32 (auto)
Slack mode: CommodityRows (struct=495, capped_arcs=2400)
[lp-config] backend=copt version=8.0.1 method=barrier exec=GPU presolve=off crossover=off tol=0.0001 threads=n/a(GPU)
   It           UB           LB       LP_obj   #col   #row  #slk   +col   -col   +cut   -cut    t_LP    t_PR    t_SP   t_Tot     t_acc
    1          inf   4.7986e+06   4.9500e+04    990    495   495      0      0      0      0   0.350   0.000   0.000   0.351     0.351
    2          inf   4.7987e+06   4.9500e+05    990    495   495      0      0      0      0   0.154   0.000   0.000   0.155     0.506
    3          inf   6.7889e+06   4.9481e+06    990    495   493      0      0      0      0   0.147   0.000   0.000   0.148     0.654
    4          inf   4.2278e+07   4.1744e+07    990    495   314      0      0      0      0   0.147   0.002   0.000   0.149     0.802
    5          inf   8.1702e+07   8.1702e+07    990    822     0      0      0    327      0   0.150   0.003   0.000   0.154     0.956
    6          inf   8.1702e+07   1.7605e+08   1392    822   253    402      0      0      0   0.194   0.002   0.000   0.196     1.153
    7          inf   8.1702e+07   5.2113e+08   1810    826   224    418      0      4      0   0.206   0.002   0.000   0.209     1.362
    8          inf   8.1702e+07   6.8576e+08   2243    881   143    433      0     55      0   0.208   0.002   0.000   0.211     1.573
    9          inf   8.1702e+07   6.2611e+08   2683    918   109    440      0     37      0   0.228   0.002   0.000   0.231     1.804
   10          inf   8.1702e+07   1.4245e+08   3114    984    26    431      0     66      0   0.282   0.002   0.000   0.285     2.088
   11          inf   8.1702e+07   8.2942e+07   3457    921     0    430     87     24     87   0.326   0.002   0.000   0.330     2.418
   12          inf   8.2258e+07   8.2834e+07   3713    950     0    403    147     29      0   0.287   0.002   0.000   0.291     2.709
   13          inf   8.2328e+07   8.2789e+07   3959    955     0    389    143      9      4   0.294   0.002   0.000   0.298     3.006
   14          inf   8.2452e+07   8.2747e+07   4130    962     0    378    207     17     10   0.280   0.002   0.001   0.283     3.290
   15          inf   8.2516e+07   8.2718e+07   4188    966     0    350    292     13      9   0.291   0.002   0.000   0.295     3.585
   16          inf   8.2535e+07   8.2696e+07   4005    954     0    328    511     14     26   0.287   0.002   0.000   0.291     3.876
   17          inf   8.2572e+07   8.2683e+07   3854    952     0    315    466     10     12   0.283   0.002   0.000   0.287     4.163
   18          inf   8.2607e+07   8.2673e+07   3787    945     0    298    365      5     12   0.288   0.002   0.000   0.292     4.455
   19          inf   8.2617e+07   8.2663e+07   3665    938     0    258    380      3     10   0.288   0.002   0.001   0.293     4.748
   20          inf   8.2632e+07   8.2658e+07   3575    939     0    241    331      6      5   0.299   0.001   0.000   0.302     5.050
   21          inf   8.2641e+07   8.2656e+07   3498    938     0    235    312      5      6   0.295   0.002   0.000   0.298     5.349
   22          inf   8.2645e+07   8.2654e+07   3390    934     0    201    309      2      6   0.322   0.002   0.000   0.326     5.674
   23          inf   8.2649e+07   8.2653e+07   3267    931     0    167    290      4      7   0.298   0.002   0.000   0.301     5.976
   24          inf   8.2652e+07   8.2653e+07   3122    927     0     99    244      1      5   0.281   0.002   0.000   0.285     6.261
   25   8.2653e+07   8.2653e+07   8.2653e+07   3122    927     0    *65      0      0      0   0.296   0.002   0.000   0.298     6.558
CG optimal after 25 iterations. UB=82653004.425988 LB=82652743.260751 gap=2.612e+02 tol=8.265e+03  t_LP=6.480  t_PR=0.044  t_SP=0.009  t_Tot=6.563
[pricing-cutoff] enabled=1 cut=8567 priced=15345 rate=55.8%

# === STDOUT (result CSV) ===
Setting parameter 'LpMethod' to 2
Setting parameter 'GPUMode' to 2
Setting parameter 'Presolve' to 0
Setting parameter 'Crossover' to 0
instance,formulation,iterations,columns,objective,lower_bound,optimal,time,time_lp,time_pricing,time_separation
data/commalab/grid/grid9,tree,25,2627,82653004.425988,82652743.260751,1,6.585,6.480,0.044,0.009
