# cmd: /usr/bin/time -o /tmp/mcfcg_mem_j0afr3q2.txt -f %M build/mcfcg_cli data/commalab/grid/grid8 --solver copt --copt-gpu-mode 2 --formulation path --max-iters 10000 --pricing-cutoff --time-limit 1800.0
# outcome: ok
# returncode: 0
# peak_rss_kb: 499976
# peak_rss_source: measured
# === STDERR (CG iteration log + preamble) ===
Instance: 625 vertices, 2400 arcs, 500 commodities, 343 sources
Solver: copt (gpu-mode 2), formulation: path
Pricing threads: 32 (auto)
Slack mode: CommodityRows (struct=500, capped_arcs=2400)
[lp-config] backend=copt version=8.0.1 method=barrier exec=GPU presolve=off crossover=off tol=0.0001 threads=n/a(GPU)
   It           UB           LB       LP_obj   #col   #row  #slk   +col   -col   +cut   -cut    t_LP    t_PR    t_SP   t_Tot     t_acc
    1          inf   4.5016e+06   2.7778e+06   1000    500   499      0      0      0      0   0.330   0.000   0.000   0.331     0.331
    2          inf   2.5344e+07   2.5136e+07   1000    500   349      0      0      0      0   0.147   0.001   0.000   0.148     0.480
    3          inf   4.1328e+07   4.1328e+07   1000    776     0      0      0    276      0   0.138   0.002   0.001   0.141     0.621
    4          inf   4.1328e+07   1.0076e+08   1369    776   208    369      0      0      0   0.183   0.001   0.000   0.185     0.806
    5          inf   4.1328e+07   2.3437e+08   1721    799   176    352      0     23      0   0.189   0.001   0.000   0.192     0.997
    6          inf   4.1328e+07   1.6668e+08   2092    847    92    371      0     48      0   0.199   0.001   0.000   0.201     1.198
    7          inf   4.1328e+07   5.5419e+07   2460    908    23    368      0     61      0   0.229   0.001   0.000   0.231     1.430
    8          inf   4.1384e+07   4.1799e+07   2791    932     0    331      0     24      0   0.270   0.001   0.000   0.272     1.701
    9          inf   4.1620e+07   4.1763e+07   3016    858     0    268     43      9     83   0.263   0.001   0.000   0.266     1.967
   10          inf   4.1640e+07   4.1740e+07   3160    876     0    249    105     18      0   0.236   0.001   0.000   0.239     2.205
   11          inf   4.1661e+07   4.1728e+07   3259    882     0    207    108     10      4   0.239   0.001   0.000   0.242     2.448
   12   4.1720e+07   4.1677e+07   4.1720e+07   3208    872     0    184    235      0     10   0.231   0.001   0.000   0.234     2.681
   13   4.1720e+07   4.1697e+07   4.1715e+07   2959    853     0    149    398      6     25   0.250   0.001   0.000   0.252     2.933
   14   4.1720e+07   4.1703e+07   4.1713e+07   2741    842     0    103    321      3     14   0.266   0.001   0.000   0.268     3.202
   15   4.1720e+07   4.1708e+07   4.1712e+07   2575    833     0     57    223      2     11   0.229   0.001   0.000   0.231     3.433
   16   4.1720e+07   4.1710e+07   4.1711e+07   2422    818     0     45    198      1     16   0.240   0.001   0.000   0.242     3.675
   17   4.1720e+07   4.1711e+07   4.1711e+07   2234    812     0     21    209      1      7   0.238   0.001   0.000   0.240     3.916
   18   4.1720e+07   4.1711e+07   4.1711e+07   2071    810     0      3    166      2      4   0.237   0.001   0.000   0.239     4.155
   19   4.1711e+07   4.1711e+07   4.1711e+07   2071    810     0     *0      0      0      0   0.229   0.003   0.000   0.232     4.387
CG optimal after 19 iterations. UB=41711148.466147 LB=41711137.377662 gap=1.109e+01 tol=4.171e+03  t_LP=4.344  t_PR=0.029  t_SP=0.006  t_Tot=4.392
[pricing-cutoff] enabled=1 cut=5517 priced=8232 rate=67.0%

# === STDOUT (result CSV) ===
Setting parameter 'LpMethod' to 2
Setting parameter 'GPUMode' to 2
Setting parameter 'Presolve' to 0
Setting parameter 'Crossover' to 0
instance,formulation,iterations,columns,objective,lower_bound,optimal,time,time_lp,time_pricing,time_separation
data/commalab/grid/grid8,path,19,1571,41711148.466147,41711137.377662,1,4.410,4.344,0.029,0.006
