# cmd: /usr/bin/time -o /tmp/mcfcg_mem_ugs_3bfm.txt -f %M build/mcfcg_cli data/commalab/planar/planar1000 --solver copt --copt-gpu-mode 2 --formulation tree --max-iters 10000 --pricing-cutoff --time-limit 1800.0
# outcome: ok
# returncode: 0
# peak_rss_kb: 824512
# peak_rss_source: measured
# === STDERR (CG iteration log + preamble) ===
Instance: 1000 vertices, 5200 arcs, 20026 commodities, 1000 sources
Solver: copt (gpu-mode 2), formulation: tree
Pricing threads: 32 (auto)
Slack mode: CommodityRows (struct=1000, capped_arcs=5200)
[lp-config] backend=copt version=8.0.1 method=barrier exec=GPU presolve=off crossover=off tol=0.0001 threads=n/a(GPU)
   It           UB           LB       LP_obj   #col   #row  #slk   +col   -col   +cut   -cut    t_LP    t_PR    t_SP   t_Tot     t_acc
    1          inf   5.7179e+07   8.7300e+06   2000   1000  1000      0      0      0      0   0.344   0.001   0.001   0.346     0.346
    2          inf   1.2829e+08   8.7300e+07   2000   1000  1000      0      0      0      0   0.159   0.001   0.001   0.161     0.507
    3          inf   8.8430e+08   8.7275e+08   2000   1000   998      0      0      0      0   0.151   0.003   0.002   0.155     0.662
    4          inf   3.1896e+09   3.1896e+09   2000   1538     0      0      0    538      0   0.154   0.022   0.002   0.177     0.840
    5          inf   3.1896e+09   6.1730e+09   2999   1538   602    999      0      0      0   0.456   0.011   0.001   0.473     1.312
    6          inf   3.1896e+09   2.5922e+10   3999   1538   647   1000      0      0      0   0.574   0.012   0.001   0.594     1.906
    7          inf   3.1896e+09   7.5058e+10   4998   1539   650    999      0      1      0   0.681   0.013   0.001   0.704     2.610
    8          inf   3.1896e+09   2.9327e+11   5998   1542   459   1000      0      3      0   0.798   0.011   0.001   0.818     3.428
    9          inf   3.1896e+09   3.0901e+11   6998   1555   345   1000      0     13      0   0.841   0.011   0.001   0.862     4.290
   10          inf   3.1896e+09   2.5421e+11   7628   1267   279   1000    370      9    297   0.925   0.011   0.001   0.958     5.248
   11          inf   3.1896e+09   1.7791e+11   7901   1360   187   1000    727     93      0   0.480   0.011   0.002   0.505     5.752
   12          inf   3.1896e+09   1.6188e+11   8168   1393   176   1000    733     33      0   0.567   0.011   0.003   0.595     6.347
   13          inf   3.1896e+09   1.0362e+11   8327   1447   116   1000    841     56      2   0.601   0.011   0.002   0.634     6.981
   14          inf   3.1896e+09   7.7369e+10   8504   1505    85   1000    823     59      1   0.691   0.009   0.001   0.723     7.704
   15          inf   3.1896e+09   4.9073e+10   8741   1544    54   1000    763     49     10   0.716   0.009   0.001   0.751     8.455
   16          inf   3.1896e+09   1.5044e+10   9008   1606    16   1000    733     67      5   0.776   0.011   0.002   0.814     9.269
   17          inf   3.1896e+09   6.4702e+09   9124   1629     3   1000    884     27      4   0.980   0.012   0.003   1.021    10.289
   18          inf   3.1896e+09   3.5636e+09   9292   1601     0   1000    832      7     35   0.964   0.011   0.003   1.002    11.292
   19          inf   3.2522e+09   3.5459e+09   9407   1595     0   1000    885      6     12   0.893   0.011   0.003   0.932    12.223
   20          inf   3.2548e+09   3.5323e+09   9526   1585     0   1000    881     12     22   0.827   0.010   0.003   0.863    13.086
   21          inf   3.2908e+09   3.5193e+09   9600   1593     0   1000    926     19     11   0.853   0.010   0.003   0.890    13.976
   22          inf   3.2979e+09   3.5085e+09   9530   1581     0   1000   1070      5     17   0.860   0.011   0.003   0.899    14.875
   23          inf   3.3372e+09   3.4975e+09   9212   1570     0   1000   1318      9     20   0.911   0.009   0.003   0.948    15.823
   24          inf   3.3407e+09   3.4890e+09   9146   1547     0   1000   1066     11     34   0.843   0.010   0.003   0.881    16.704
   25          inf   3.3662e+09   3.4829e+09   9234   1523     0   1000    912      9     33   0.817   0.010   0.003   0.854    17.558
   26          inf   3.3802e+09   3.4765e+09   9253   1501     0   1000    981      7     29   0.777   0.009   0.003   0.812    18.370
   27          inf   3.3802e+09   3.4721e+09   9317   1492     0   1000    936     12     21   0.779   0.010   0.003   0.817    19.187
   28          inf   3.3917e+09   3.4686e+09   9280   1495     0   1000   1037     13     10   0.780   0.013   0.003   0.819    20.005
   29          inf   3.3970e+09   3.4653e+09   9325   1505     0   1000    955     22     12   0.783   0.010   0.003   0.820    20.826
   30          inf   3.4122e+09   3.4628e+09   9294   1505     0   1000   1031     11     11   0.811   0.011   0.003   0.848    21.674
   31          inf   3.4122e+09   3.4604e+09   9361   1503     0   1000    933     10     12   0.808   0.010   0.003   0.844    22.518
   32          inf   3.4188e+09   3.4584e+09   9425   1502     0   1000    936     10     11   0.783   0.010   0.004   0.823    23.341
   33          inf   3.4230e+09   3.4568e+09   9436   1504     0   1000    989      8      6   0.796   0.011   0.003   0.833    24.174
   34          inf   3.4277e+09   3.4556e+09   9400   1497     0   1000   1036      1      8   0.776   0.010   0.003   0.813    24.987
   35          inf   3.4322e+09   3.4544e+09   9377   1499     0   1000   1023      8      6   0.754   0.010   0.003   0.791    25.778
   36          inf   3.4332e+09   3.4534e+09   9427   1498     0   1000    950      8      9   0.776   0.011   0.003   0.813    26.591
   37          inf   3.4332e+09   3.4524e+09   9426   1487     0   1000   1001      5     16   0.794   0.011   0.003   0.831    27.422
   38          inf   3.4346e+09   3.4517e+09   9444   1492     0   1000    982      8      3   0.776   0.011   0.003   0.814    28.236
   39          inf   3.4386e+09   3.4512e+09   9405   1487     0   1000   1039      3      8   0.770   0.012   0.003   0.808    29.044
   40          inf   3.4419e+09   3.4508e+09   9411   1490     0   1000    994      6      3   0.802   0.011   0.003   0.840    29.884
   41          inf   3.4432e+09   3.4504e+09   9475   1493     0   1000    936      6      3   0.853   0.012   0.003   0.891    30.775
   42          inf   3.4438e+09   3.4502e+09   9508   1490     0   1000    967      2      5   0.828   0.012   0.003   0.868    31.643
   43          inf   3.4461e+09   3.4500e+09   9507   1491     0   1000   1001      2      1   0.839   0.010   0.003   0.876    32.518
   44          inf   3.4466e+09   3.4499e+09   9449   1492     0   1000   1058      5      4   0.831   0.009   0.003   0.868    33.386
   45          inf   3.4478e+09   3.4498e+09   9424   1490     0   1000   1025      1      3   0.873   0.011   0.002   0.910    34.296
   46          inf   3.4485e+09   3.4497e+09   9473   1490     0   1000    951      2      2   0.845   0.011   0.003   0.885    35.181
   47          inf   3.4485e+09   3.4497e+09   9494   1486     0   1000    979      1      5   0.814   0.012   0.003   0.853    36.033
   48          inf   3.4490e+09   3.4496e+09   9482   1486     0   1000   1012      1      1   0.845   0.012   0.003   0.885    36.918
   49   3.4496e+09   3.4493e+09   3.4496e+09   9572   1486     0   1000    910      0      0   0.812   0.011   0.003   0.840    37.758
   50   3.4496e+09   3.4494e+09   3.4496e+09   9572   1487     0  *1000      0      1      0   0.832   0.008   0.003   0.843    38.602
CG optimal after 50 iterations. UB=3449625635.054077 LB=3449417110.462172 gap=2.085e+05 tol=3.450e+05  t_LP=37.000  t_PR=0.539  t_SP=0.120  t_Tot=38.624
[pricing-cutoff] enabled=1 cut=8002 priced=55000 rate=14.5%

# === STDOUT (result CSV) ===
Setting parameter 'LpMethod' to 2
Setting parameter 'GPUMode' to 2
Setting parameter 'Presolve' to 0
Setting parameter 'Crossover' to 0
instance,formulation,iterations,columns,objective,lower_bound,optimal,time,time_lp,time_pricing,time_separation
data/commalab/planar/planar1000,tree,50,8572,3449625635.054077,3449417110.462172,1,38.668,37.000,0.539,0.120
