# cmd: /usr/bin/time -o /tmp/mcfcg_mem_6wi76421.txt -f %M build/mcfcg_cli data/commalab/planar/planar150 --solver copt --copt-gpu-mode 2 --formulation tree --max-iters 10000 --pricing-cutoff --time-limit 1800.0
# outcome: ok
# returncode: 0
# peak_rss_kb: 519348
# peak_rss_source: measured
# === STDERR (CG iteration log + preamble) ===
Instance: 150 vertices, 850 arcs, 2239 commodities, 150 sources
Solver: copt (gpu-mode 2), formulation: tree
Pricing threads: 32 (auto)
Slack mode: CommodityRows (struct=150, capped_arcs=850)
[lp-config] backend=copt version=8.0.1 method=barrier exec=GPU presolve=off crossover=off tol=0.0001 threads=n/a(GPU)
   It           UB           LB       LP_obj   #col   #row  #slk   +col   -col   +cut   -cut    t_LP    t_PR    t_SP   t_Tot     t_acc
    1          inf   4.3848e+07   2.8355e+07    300    150   150      0      0      0      0   0.345   0.000   0.000   0.345     0.345
    2          inf   2.8169e+08   2.7752e+08    300    150   137      0      0      0      0   0.160   0.002   0.000   0.162     0.507
    3          inf   4.6091e+08   4.6091e+08    300    366     0      0      0    216      0   0.153   0.001   0.000   0.154     0.661
    4          inf   4.6091e+08   1.9672e+09    447    366   120    147      0      0      0   0.177   0.000   0.000   0.177     0.838
    5          inf   4.6091e+08   1.1631e+10    597    366   109    150      0      0      0   0.190   0.000   0.000   0.191     1.029
    6          inf   4.6091e+08   3.5622e+10    747    370   103    150      0      4      0   0.195   0.000   0.000   0.196     1.225
    7          inf   4.6091e+08   6.3698e+10    897    372    88    150      0      2      0   0.197   0.000   0.000   0.198     1.423
    8          inf   4.6091e+08   5.5124e+10   1047    379    69    150      0      7      0   0.203   0.000   0.000   0.204     1.627
    9          inf   4.6091e+08   4.2550e+10   1131    394    55    150     66     15      0   0.205   0.000   0.000   0.206     1.833
   10          inf   4.6091e+08   3.5557e+10   1212    411    48    150     69     17      0   0.208   0.001   0.000   0.210     2.043
   11          inf   4.6091e+08   2.8457e+10   1255    420    35    150    107      9      0   0.213   0.000   0.000   0.215     2.257
   12          inf   4.6091e+08   2.0911e+10   1309    445    36    150     96     25      0   0.212   0.000   0.000   0.214     2.471
   13          inf   4.6091e+08   1.9028e+10   1358    454    29    150    101      9      0   0.224   0.000   0.000   0.225     2.696
   14          inf   4.6091e+08   1.3152e+10   1412    455    23    150     96     13     12   0.225   0.000   0.000   0.227     2.923
   15          inf   4.6091e+08   8.9930e+09   1458    468    19    150    104     13      0   0.246   0.000   0.000   0.248     3.171
   16          inf   4.6091e+08   3.0131e+09   1514    488     3    150     94     20      0   0.235   0.000   0.000   0.237     3.408
   17          inf   4.6091e+08   6.0625e+08   1525    484     0    150    139     12     16   0.281   0.000   0.000   0.283     3.691
   18          inf   4.6091e+08   5.9260e+08   1573    485     0    150    102      3      2   0.255   0.000   0.000   0.257     3.948
   19          inf   4.6091e+08   5.8684e+08   1597    484     0    150    126      1      2   0.262   0.000   0.000   0.264     4.212
   20          inf   4.7324e+08   5.8070e+08   1643    486     0    150    104      4      2   0.245   0.000   0.000   0.248     4.459
   21          inf   4.8544e+08   5.7627e+08   1659    481     0    150    134      3      8   0.245   0.000   0.000   0.246     4.706
   22          inf   4.9446e+08   5.7210e+08   1637    470     0    150    172      2     13   0.246   0.000   0.000   0.248     4.953
   23          inf   5.0414e+08   5.6729e+08   1593    459     0    150    194      4     15   0.240   0.000   0.000   0.242     5.195
   24          inf   5.1614e+08   5.6479e+08   1575    459     0    150    168      2      2   0.249   0.000   0.000   0.251     5.446
   25          inf   5.1614e+08   5.6130e+08   1574    461     0    150    151      4      2   0.235   0.000   0.000   0.237     5.683
   26          inf   5.2196e+08   5.5923e+08   1582    459     0    150    142      2      4   0.239   0.000   0.000   0.242     5.925
   27          inf   5.2400e+08   5.5744e+08   1594    458     0    150    138      2      3   0.240   0.000   0.000   0.242     6.167
   28          inf   5.3203e+08   5.5589e+08   1592    462     0    150    152      5      1   0.244   0.000   0.000   0.246     6.412
   29          inf   5.3235e+08   5.5478e+08   1590    428     0    150    152      1     35   0.246   0.000   0.000   0.248     6.661
   30          inf   5.3483e+08   5.5351e+08   1603    425     0    150    137      3      6   0.225   0.000   0.000   0.228     6.888
   31          inf   5.3530e+08   5.5234e+08   1588    425     0    150    165      5      5   0.232   0.000   0.000   0.234     7.122
   32          inf   5.3816e+08   5.5167e+08   1588    427     0    150    150      3      1   0.240   0.000   0.000   0.242     7.364
   33          inf   5.3958e+08   5.5100e+08   1605    428     0    150    133      1      0   0.229   0.000   0.000   0.231     7.595
   34          inf   5.4155e+08   5.5029e+08   1614    429     0    150    141      1      0   0.233   0.000   0.000   0.235     7.830
   35   5.4980e+08   5.4183e+08   5.4980e+08   1612    415     0    150    152      0     14   0.237   0.000   0.000   0.239     8.069
   36   5.4948e+08   5.4219e+08   5.4948e+08   1620    414     0    150    142      0      1   0.235   0.000   0.000   0.237     8.306
   37   5.4921e+08   5.4407e+08   5.4921e+08   1627    413     0    150    143      0      1   0.223   0.000   0.000   0.225     8.531
   38   5.4921e+08   5.4447e+08   5.4896e+08   1621    412     0    150    156      1      2   0.237   0.000   0.000   0.239     8.770
   39   5.4921e+08   5.4514e+08   5.4875e+08   1620    397     0    150    151      2     17   0.234   0.000   0.000   0.236     9.006
   40   5.4921e+08   5.4568e+08   5.4857e+08   1634    394     0    150    136      2      5   0.229   0.000   0.000   0.231     9.237
   41   5.4921e+08   5.4583e+08   5.4839e+08   1616    395     0    150    168      1      0   0.222   0.001   0.000   0.224     9.460
   42   5.4921e+08   5.4667e+08   5.4831e+08   1630    396     0    150    136      2      1   0.229   0.000   0.000   0.231     9.691
   43   5.4824e+08   5.4704e+08   5.4824e+08   1633    396     0    150    147      0      0   0.243   0.000   0.000   0.244     9.935
   44   5.4818e+08   5.4730e+08   5.4818e+08   1639    396     0    149    143      0      0   0.241   0.001   0.000   0.243    10.178
   45   5.4818e+08   5.4756e+08   5.4814e+08   1634    398     0    150    155      3      1   0.237   0.000   0.000   0.239    10.417
   46   5.4811e+08   5.4776e+08   5.4811e+08   1632    398     0    149    151      0      0   0.245   0.000   0.000   0.247    10.664
   47   5.4810e+08   5.4787e+08   5.4810e+08   1630    396     0    149    151      0      2   0.255   0.000   0.000   0.257    10.920
   48   5.4809e+08   5.4802e+08   5.4809e+08   1653    395     0    150    127      0      1   0.243   0.000   0.000   0.245    11.165
   49   5.4809e+08   5.4807e+08   5.4809e+08   1653    397     0   *149      0      2      0   0.248   0.000   0.000   0.248    11.413
CG optimal after 49 iterations. UB=548089165.361317 LB=548067221.354424 gap=2.194e+04 tol=5.481e+04  t_LP=11.331  t_PR=0.022  t_SP=0.011  t_Tot=11.417
[pricing-cutoff] enabled=1 cut=907 priced=7950 rate=11.4%

# === STDOUT (result CSV) ===
Setting parameter 'LpMethod' to 2
Setting parameter 'GPUMode' to 2
Setting parameter 'Presolve' to 0
Setting parameter 'Crossover' to 0
instance,formulation,iterations,columns,objective,lower_bound,optimal,time,time_lp,time_pricing,time_separation
data/commalab/planar/planar150,tree,49,1503,548089165.361317,548067221.354424,1,11.437,11.331,0.022,0.011
