# cmd: /usr/bin/time -o /tmp/mcfcg_mem_r6k06lye.txt -f %M build/mcfcg_cli data/commalab/planar/planar300 --solver copt --copt-gpu-mode 2 --formulation tree --max-iters 10000 --pricing-cutoff --time-limit 1800.0
# outcome: ok
# returncode: 0
# peak_rss_kb: 509292
# peak_rss_source: measured
# === STDERR (CG iteration log + preamble) ===
Instance: 300 vertices, 1680 arcs, 3584 commodities, 300 sources
Solver: copt (gpu-mode 2), formulation: tree
Pricing threads: 32 (auto)
Slack mode: CommodityRows (struct=300, capped_arcs=1680)
[lp-config] backend=copt version=8.0.1 method=barrier exec=GPU presolve=off crossover=off tol=0.0001 threads=n/a(GPU)
   It           UB           LB       LP_obj   #col   #row  #slk   +col   -col   +cut   -cut    t_LP    t_PR    t_SP   t_Tot     t_acc
    1          inf   3.4187e+07   1.3575e+07    600    300   300      0      0      0      0   0.343   0.000   0.000   0.344     0.344
    2          inf   1.4337e+08   1.3575e+08    600    300   300      0      0      0      0   0.158   0.001   0.000   0.158     0.502
    3          inf   6.6907e+08   6.6907e+08    600    457     1      0      0    157      0   0.150   0.002   0.000   0.153     0.655
    4          inf   6.6907e+08   9.3512e+08    898    457   155    298      0      0      0   0.188   0.001   0.000   0.190     0.845
    5          inf   6.6907e+08   2.5164e+09   1196    457   172    298      0      0      0   0.192   0.001   0.000   0.194     1.039
    6          inf   6.6907e+08   4.3615e+09   1496    458   104    300      0      1      0   0.205   0.001   0.000   0.207     1.246
    7          inf   6.6907e+08   4.6940e+09   1796    461    81    300      0      3      0   0.206   0.001   0.000   0.208     1.454
    8          inf   6.6907e+08   3.6393e+09   2096    485    35    300      0     24      0   0.211   0.001   0.000   0.214     1.668
    9          inf   6.6907e+08   2.4909e+09   2345    437    29    300     51      7     55   0.238   0.001   0.000   0.241     1.909
   10          inf   6.6907e+08   6.9772e+08   2478    445     0    300    167     10      2   0.234   0.001   0.000   0.237     2.146
   11          inf   6.7811e+08   6.9512e+08   2579    450     0    300    199      5      0   0.215   0.001   0.000   0.218     2.364
   12          inf   6.8260e+08   6.9350e+08   2722    453     0    300    157      4      1   0.220   0.001   0.000   0.223     2.587
   13          inf   6.8414e+08   6.9235e+08   2824    454     0    300    198      1      0   0.215   0.001   0.000   0.218     2.806
   14          inf   6.8488e+08   6.9149e+08   2833    450     0    300    291      2      6   0.218   0.001   0.000   0.222     3.027
   15          inf   6.8693e+08   6.9085e+08   2748    449     0    300    385      1      2   0.218   0.001   0.000   0.221     3.248
   16          inf   6.8842e+08   6.9050e+08   2701    449     0    299    346      1      1   0.218   0.001   0.000   0.222     3.470
   17   6.9028e+08   6.8870e+08   6.9028e+08   2693    446     0    299    307      0      3   0.220   0.001   0.000   0.224     3.694
   18   6.9014e+08   6.8938e+08   6.9014e+08   2728    445     0    299    264      0      1   0.219   0.001   0.000   0.223     3.916
   19   6.9005e+08   6.8953e+08   6.9005e+08   2755    443     0    300    273      0      2   0.234   0.001   0.000   0.237     4.153
   20   6.9005e+08   6.8981e+08   6.9001e+08   2746    441     0    299    308      2      4   0.229   0.001   0.000   0.232     4.386
   21   6.9000e+08   6.8989e+08   6.9000e+08   2747    440     0    297    296      0      1   0.228   0.001   0.000   0.231     4.617
   22   6.9000e+08   6.8995e+08   6.8998e+08   2747    441     0   *299      0      1      0   0.247   0.001   0.000   0.249     4.865
CG optimal after 22 iterations. UB=689995036.770997 LB=689951388.182529 gap=4.365e+04 tol=6.900e+04  t_LP=4.806  t_PR=0.029  t_SP=0.007  t_Tot=4.871
[pricing-cutoff] enabled=1 cut=1812 priced=7800 rate=23.2%

# === STDOUT (result CSV) ===
Setting parameter 'LpMethod' to 2
Setting parameter 'GPUMode' to 2
Setting parameter 'Presolve' to 0
Setting parameter 'Crossover' to 0
instance,formulation,iterations,columns,objective,lower_bound,optimal,time,time_lp,time_pricing,time_separation
data/commalab/planar/planar300,tree,22,2447,689995036.770997,689951388.182529,1,4.890,4.806,0.029,0.007
