# cmd: /usr/bin/time -o /tmp/mcfcg_mem_rh_y5ytt.txt -f %M build/mcfcg_cli data/commalab/planar/planar500 --solver copt --copt-gpu-mode 2 --formulation tree --max-iters 10000 --pricing-cutoff --time-limit 1800.0
# outcome: ok
# returncode: 0
# peak_rss_kb: 505788
# peak_rss_source: measured
# === STDERR (CG iteration log + preamble) ===
Instance: 500 vertices, 2842 arcs, 3525 commodities, 500 sources
Solver: copt (gpu-mode 2), formulation: tree
Pricing threads: 32 (auto)
Slack mode: CommodityRows (struct=500, capped_arcs=2842)
[lp-config] backend=copt version=8.0.1 method=barrier exec=GPU presolve=off crossover=off tol=0.0001 threads=n/a(GPU)
   It           UB           LB       LP_obj   #col   #row  #slk   +col   -col   +cut   -cut    t_LP    t_PR    t_SP   t_Tot     t_acc
    1          inf   1.4294e+08   1.4003e+08   1000    500   486      0      0      0      0   0.338   0.001   0.000   0.339     0.339
    2          inf   4.7568e+08   4.7568e+08   1000    604     1      0      0    104      0   0.158   0.005   0.000   0.163     0.502
    3          inf   4.7568e+08   6.6299e+08   1457    604   142    457      0      0      0   0.173   0.002   0.000   0.176     0.679
    4          inf   4.7568e+08   7.4618e+08   1926    604   151    469      0      0      0   0.183   0.002   0.000   0.187     0.865
    5          inf   4.7568e+08   9.6792e+08   2405    604   114    479      0      0      0   0.203   0.003   0.000   0.207     1.073
    6          inf   4.7568e+08   6.2765e+08   2890    606    36    485      0      2      0   0.212   0.003   0.001   0.217     1.289
    7          inf   4.7856e+08   4.8357e+08   3347    607     0    457      0      1      0   0.202   0.002   0.000   0.205     1.495
    8          inf   4.8078e+08   4.8278e+08   3744    561     0    428     31      1     47   0.207   0.002   0.000   0.212     1.706
    9          inf   4.8082e+08   4.8236e+08   3855    564     0    392    281      3      0   0.190   0.002   0.000   0.194     1.900
   10          inf   4.8148e+08   4.8209e+08   3889    567     0    350    316      3      0   0.193   0.003   0.001   0.198     2.099
   11   4.8201e+08   4.8189e+08   4.8201e+08   3775    566     0    280    394      0      1   0.195   0.003   0.001   0.200     2.299
   12   4.8199e+08   4.8197e+08   4.8199e+08   3775    566     0   *114      0      0      0   0.198   0.003   0.000   0.201     2.500
CG optimal after 12 iterations. UB=481987762.304851 LB=481968600.379833 gap=1.916e+04 tol=4.820e+04  t_LP=2.451  t_PR=0.036  t_SP=0.006  t_Tot=2.505
[pricing-cutoff] enabled=1 cut=3089 priced=7500 rate=41.2%

# === STDOUT (result CSV) ===
Setting parameter 'LpMethod' to 2
Setting parameter 'GPUMode' to 2
Setting parameter 'Presolve' to 0
Setting parameter 'Crossover' to 0
instance,formulation,iterations,columns,objective,lower_bound,optimal,time,time_lp,time_pricing,time_separation
data/commalab/planar/planar500,tree,12,3275,481987762.304851,481968600.379833,1,2.524,2.451,0.036,0.006
