# cmd: /usr/bin/time -o /tmp/mcfcg_mem_9o9uosz9.txt -f %M build/mcfcg_cli data/commalab/planar/planar80 --solver copt --copt-gpu-mode 2 --formulation path --max-iters 10000 --pricing-cutoff --time-limit 1800.0
# outcome: ok
# returncode: 0
# peak_rss_kb: 486896
# peak_rss_source: measured
# === STDERR (CG iteration log + preamble) ===
Instance: 80 vertices, 440 arcs, 543 commodities, 80 sources
Solver: copt (gpu-mode 2), formulation: path
Pricing threads: 32 (auto)
Slack mode: EdgeRows (struct=543, capped_arcs=440)
[lp-config] backend=copt version=8.0.1 method=barrier exec=GPU presolve=off crossover=off tol=0.0001 threads=n/a(GPU)
   It           UB           LB       LP_obj   #col   #row  #slk   +col   -col   +cut   -cut    t_LP    t_PR    t_SP   t_Tot     t_acc
    1          inf   1.6746e+08   1.6746e+08    634    634     0      0      0     91      0   0.330   0.000   0.000   0.331     0.331
    2          inf   1.6746e+08   2.5924e+09   1155    634    91    521      0      0      0   0.194   0.000   0.000   0.195     0.525
    3          inf   1.6746e+08   1.8987e+08   1610    676     0    413      0     42      0   0.170   0.000   0.000   0.171     0.696
    4          inf   1.6746e+08   2.8676e+08   2045    686    16    425      0     10      0   0.177   0.000   0.000   0.178     0.874
    5          inf   1.6746e+08   2.7527e+08   2389    694     6    336      0      8      0   0.190   0.000   0.000   0.190     1.064
    6          inf   1.7893e+08   1.8337e+08   2692    695     0    302      0      1      0   0.191   0.000   0.000   0.191     1.256
    7          inf   1.8110e+08   1.8270e+08   2862    697     0    168      0      2      0   0.190   0.000   0.000   0.191     1.446
    8   1.8248e+08   1.8232e+08   1.8248e+08   2753    683     0    111    206      0     14   0.196   0.000   0.000   0.197     1.644
    9   1.8248e+08   1.8244e+08   1.8244e+08   2754    684     0      0      0      1      0   0.189   0.000   0.000   0.190     1.834
   10   1.8244e+08   1.8244e+08   1.8244e+08   2754    684     0     *0      0      0      0   0.197   0.000   0.000   0.197     2.031
CG optimal after 10 iterations. UB=182438134.000000 LB=182438132.414779 gap=1.585e+00 tol=1.824e+04  t_LP=2.024  t_PR=0.003  t_SP=0.002  t_Tot=2.032
[pricing-cutoff] enabled=1 cut=621 priced=1120 rate=55.4%

# === STDOUT (result CSV) ===
Setting parameter 'LpMethod' to 2
Setting parameter 'GPUMode' to 2
Setting parameter 'Presolve' to 0
Setting parameter 'Crossover' to 0
instance,formulation,iterations,columns,objective,lower_bound,optimal,time,time_lp,time_pricing,time_separation
data/commalab/planar/planar80,path,10,2613,182438134.000000,182438132.414779,1,2.050,2.024,0.003,0.002
