# cmd: /usr/bin/time -o /tmp/mcfcg_mem_kmc7999g.txt -f %M build/mcfcg_cli data/transportation/Barcelona_net.tntp.gz --solver copt --copt-gpu-mode 2 --formulation tree --max-iters 10000 --pricing-cutoff --time-limit 1800.0
# outcome: ok
# returncode: 0
# peak_rss_kb: 506988
# peak_rss_source: measured
# === STDERR (CG iteration log + preamble) ===
TNTP: net=data/transportation/Barcelona_net.tntp.gz trips=data/transportation/Barcelona_trips.tntp.gz coef=5050.0
Instance: 1020 vertices, 2522 arcs, 7922 commodities, 97 sources
Solver: copt (gpu-mode 2), formulation: tree
Pricing threads: 32 (auto)
Slack mode: CommodityRows (struct=97, capped_arcs=2522)
[lp-config] backend=copt version=8.0.1 method=barrier exec=GPU presolve=off crossover=off tol=0.0001 threads=n/a(GPU)
   It           UB           LB       LP_obj   #col   #row  #slk   +col   -col   +cut   -cut    t_LP    t_PR    t_SP   t_Tot     t_acc
    1          inf   2.3745e+02   2.3756e+02    194    227     0      0      0    130      0   0.324   0.003   0.000   0.327     0.327
    2          inf   2.3745e+02   1.4151e+03    290    227    26     96      0      0      0   0.174   0.001   0.000   0.176     0.503
    3          inf   2.3745e+02   3.8452e+03    385    230    37     95      0      3      0   0.171   0.001   0.000   0.173     0.677
    4          inf   2.3745e+02   8.5308e+03    480    235    40     95      0      5      0   0.179   0.001   0.000   0.181     0.858
    5          inf   2.3745e+02   2.7493e+03    576    273    11     96      0     38      0   0.185   0.001   0.000   0.187     1.045
    6          inf   2.3745e+02   7.7570e+03    671    278    11     95      0      5      0   0.192   0.001   0.000   0.194     1.239
    7          inf   2.3745e+02   3.7874e+03    758    213     4     94      7      7     72   0.203   0.002   0.000   0.207     1.446
    8          inf   2.3745e+02   2.4832e+02    811    226     0     95     42     14      1   0.194   0.001   0.000   0.197     1.643
    9          inf   2.3854e+02   2.4684e+02    857    229     0     94     48      3      0   0.186   0.001   0.000   0.189     1.832
   10          inf   2.4061e+02   2.4619e+02    906    230     0     88     39      7      6   0.190   0.001   0.000   0.193     2.026
   11          inf   2.4156e+02   2.4525e+02    909    215     0     86     83      5     20   0.186   0.001   0.000   0.189     2.215
   12          inf   2.4156e+02   2.4472e+02    899    214     0     78     88      2      3   0.190   0.001   0.000   0.194     2.408
   13          inf   2.4209e+02   2.4443e+02    867    204     0     83    115      1     11   0.196   0.001   0.000   0.199     2.607
   14          inf   2.4266e+02   2.4422e+02    822    193     0     72    117      2     13   0.185   0.001   0.000   0.188     2.796
   15          inf   2.4274e+02   2.4405e+02    812    192     0     78     88      3      4   0.184   0.001   0.000   0.187     2.983
   16          inf   2.4296e+02   2.4393e+02    801    186     0     70     81      3      9   0.184   0.001   0.000   0.187     3.170
   17   2.4382e+02   2.4296e+02   2.4382e+02    783    183     0     64     82      0      3   0.186   0.001   0.000   0.189     3.359
   18   2.4382e+02   2.4296e+02   2.4375e+02    759    179     0     63     87      1      5   0.182   0.001   0.000   0.185     3.544
   19   2.4382e+02   2.4297e+02   2.4366e+02    735    180     0     61     85      2      1   0.187   0.001   0.000   0.190     3.734
   20   2.4382e+02   2.4316e+02   2.4363e+02    724    180     0     54     65      1      1   0.188   0.001   0.000   0.191     3.925
   21   2.4362e+02   2.4329e+02   2.4362e+02    685    177     0     37     76      0      3   0.186   0.001   0.000   0.189     4.114
   22   2.4362e+02   2.4329e+02   2.4359e+02    671    180     0     45     59      4      1   0.185   0.001   0.000   0.188     4.302
   23   2.4362e+02   2.4332e+02   2.4357e+02    637    182     0     40     74      3      1   0.180   0.001   0.000   0.183     4.484
   24   2.4362e+02   2.4332e+02   2.4355e+02    591    178     0     33     79      1      5   0.187   0.001   0.000   0.189     4.674
   25   2.4354e+02   2.4334e+02   2.4354e+02    568    178     0     38     61      0      0   0.184   0.001   0.000   0.187     4.861
   26   2.4353e+02   2.4338e+02   2.4353e+02    535    178     0     16     49      0      0   0.186   0.001   0.000   0.189     5.049
   27   2.4352e+02   2.4338e+02   2.4352e+02    517    177     0     23     41      0      1   0.184   0.001   0.000   0.187     5.236
   28   2.4352e+02   2.4340e+02   2.4352e+02    484    178     0      8     41      2      1   0.192   0.001   0.000   0.194     5.430
   29   2.4352e+02   2.4340e+02   2.4352e+02    452    178     0      7     39      0      0   0.189   0.001   0.000   0.192     5.622
   30   2.4352e+02   2.4340e+02   2.4352e+02    419    177     0      5     38      0      1   0.190   0.001   0.000   0.192     5.814
   31   2.4352e+02   2.4341e+02   2.4352e+02    385    177     0      2     36      0      0   0.186   0.001   0.000   0.188     6.002
   32   2.4352e+02   2.4341e+02   2.4352e+02    385    179     0      0      0      2      0   0.181   0.002   0.000   0.183     6.185
   33   2.4352e+02   2.4341e+02   2.4352e+02    385    179     0      0      0      0      0   0.187   0.002   0.000   0.189     6.375
CG optimal after 33 iterations. UB=243.517311 LB=243.412128 gap=1.052e-01 tol=2.435e-02  t_LP=6.286  t_PR=0.047  t_SP=0.011  t_Tot=6.379
[pricing-cutoff] enabled=1 cut=1681 priced=3589 rate=46.8%

# === STDOUT (result CSV) ===
Setting parameter 'LpMethod' to 2
Setting parameter 'GPUMode' to 2
Setting parameter 'Presolve' to 0
Setting parameter 'Crossover' to 0
instance,formulation,iterations,columns,objective,lower_bound,optimal,time,time_lp,time_pricing,time_separation
data/transportation/Barcelona_net.tntp.gz,tree,33,288,243.517311,243.412128,1,6.400,6.286,0.047,0.011
