# cmd: /usr/bin/time -o /tmp/mcfcg_mem_k2wsiu27.txt -f %M build/mcfcg_cli data/transportation/ChicagoSketch_net.tntp.gz --solver copt --copt-gpu-mode 2 --formulation tree --max-iters 10000 --pricing-cutoff --time-limit 1800.0
# outcome: ok
# returncode: 0
# peak_rss_kb: 570304
# peak_rss_source: measured
# === STDERR (CG iteration log + preamble) ===
TNTP: net=data/transportation/ChicagoSketch_net.tntp.gz trips=data/transportation/ChicagoSketch_trips.tntp.gz coef=2.4
Instance: 933 vertices, 2950 arcs, 93513 commodities, 386 sources
Solver: copt (gpu-mode 2), formulation: tree
Pricing threads: 32 (auto)
Slack mode: CommodityRows (struct=386, capped_arcs=2950)
[lp-config] backend=copt version=8.0.1 method=barrier exec=GPU presolve=off crossover=off tol=0.0001 threads=n/a(GPU)
   It           UB           LB       LP_obj   #col   #row  #slk   +col   -col   +cut   -cut    t_LP    t_PR    t_SP   t_Tot     t_acc
    1          inf   1.7040e+06   9.6191e+03    772    386   386      0      0      0      0   0.333   0.000   0.002   0.335     0.335
    2          inf   1.7059e+06   9.6191e+04    772    386   386      0      0      0      0   0.152   0.001   0.000   0.153     0.488
    3          inf   1.9538e+06   9.1394e+05    772    386   339      0      0      0      0   0.145   0.002   0.000   0.147     0.636
    4          inf   5.2474e+06   5.1857e+06    772    396    99      0      0     10      0   0.144   0.008   0.001   0.152     0.788
    5          inf   5.2474e+06   1.1395e+07   1119    408   109    347      0     12      0   0.155   0.005   0.000   0.163     0.951
    6          inf   5.2474e+06   7.7027e+06   1446    425    25    339     12     17      0   0.167   0.005   0.001   0.176     1.127
    7          inf   5.2474e+06   8.2942e+06   1826    429    37    380      0      4      0   0.180   0.005   0.001   0.189     1.316
    8          inf   5.2474e+06   8.0027e+06   2204    434     6    378      0      5      0   0.191   0.005   0.001   0.201     1.517
    9   6.7167e+06   6.6683e+06   6.7167e+06   2581    434     0    377      0      0      0   0.198   0.005   0.001   0.208     1.724
   10   6.7167e+06   6.6977e+06   6.7108e+06   2903    434     0    374     52      1      1   0.195   0.006   0.001   0.209     1.933
   11   6.7073e+06   6.7041e+06   6.7073e+06   3111    433     0    357    149      0      1   0.191   0.005   0.001   0.203     2.136
   12   6.7073e+06   6.7047e+06   6.7064e+06   3143    432     0    319    287      1      2   0.191   0.005   0.001   0.204     2.340
   13   6.7073e+06   6.7047e+06   6.7061e+06   3081    429     0    318    380      1      4   0.195   0.005   0.001   0.208     2.548
   14   6.7059e+06   6.7055e+06   6.7059e+06   3081    429     0   *221      0      0      0   0.190   0.005   0.002   0.197     2.745
CG optimal after 14 iterations. UB=6705927.477377 LB=6705451.681376 gap=4.758e+02 tol=6.706e+02  t_LP=2.628  t_PR=0.076  t_SP=0.014  t_Tot=2.760
[pricing-cutoff] enabled=1 cut=3479 priced=7334 rate=47.4%

# === STDOUT (result CSV) ===
Setting parameter 'LpMethod' to 2
Setting parameter 'GPUMode' to 2
Setting parameter 'Presolve' to 0
Setting parameter 'Crossover' to 0
instance,formulation,iterations,columns,objective,lower_bound,optimal,time,time_lp,time_pricing,time_separation
data/transportation/ChicagoSketch_net.tntp.gz,tree,14,2695,6705927.477377,6705451.681376,1,2.786,2.628,0.076,0.014
