# cmd: /usr/bin/time -o /tmp/mcfcg_mem_zr9v_ahf.txt -f %M build/mcfcg_cli data/transportation/BerlinCenter_net.tntp.gz --solver copt --copt-gpu-mode 2 --formulation tree --max-iters 10000 --pricing-cutoff --time-limit 1800.0
# outcome: ok
# returncode: 0
# peak_rss_kb: 753732
# peak_rss_source: measured
# === STDERR (CG iteration log + preamble) ===
TNTP: net=data/transportation/BerlinCenter_net.tntp.gz trips=data/transportation/BerlinCenter_trips.tntp.gz coef=0.5
Instance: 12981 vertices, 28376 arcs, 49688 commodities, 865 sources
Solver: copt (gpu-mode 2), formulation: tree
Pricing threads: 32 (auto)
Slack mode: CommodityRows (struct=865, capped_arcs=28376)
[lp-config] backend=copt version=8.0.1 method=barrier exec=GPU presolve=off crossover=off tol=0.0001 threads=n/a(GPU)
   It           UB           LB       LP_obj   #col   #row  #slk   +col   -col   +cut   -cut    t_LP    t_PR    t_SP   t_Tot     t_acc
    1          inf   2.7321e+06   2.6017e+05   1730    865   853      0      0      0      0   0.336   0.003   0.003   0.341     0.341
    2          inf   4.3185e+06   2.4448e+06   1730    865   754      0      0      0      0   0.156   0.006   0.003   0.165     0.506
    3          inf   1.5994e+07   1.5789e+07   1730    891   303      0      0     26      0   0.149   0.046   0.003   0.198     0.705
    4          inf   1.5994e+07   4.0348e+07   2184   1138   237    454      0    247      0   0.157   0.047   0.003   0.212     0.917
    5          inf   1.5994e+07   1.0208e+08   2896   1185   376    712      0     47      0   0.226   0.036   0.003   0.272     1.189
    6          inf   1.5994e+07   3.1195e+08   3608   1251   303    746     34     66      0   0.239   0.043   0.003   0.297     1.485
    7          inf   1.5994e+07   7.6867e+08   4349   1299   254    741      0     48      0   0.265   0.048   0.003   0.324     1.809
    8          inf   1.5994e+07   1.4776e+09   5090   1365   193    741      0     66      0   0.302   0.049   0.004   0.362     2.171
    9          inf   1.5994e+07   2.1270e+09   5778   1402   158    745     57     37      0   0.414   0.046   0.004   0.478     2.648
   10          inf   1.5994e+07   1.7070e+09   6246   1384    94    743    275     26     44   0.448   0.045   0.005   0.514     3.163
   11          inf   1.5994e+07   1.4185e+09   6588   1418    47    719    377     38      4   0.450   0.051   0.005   0.521     3.684
   12          inf   1.5994e+07   5.3496e+08   6828   1448     7    717    477     46     16   0.429   0.053   0.005   0.503     4.187
   13          inf   1.5994e+07   1.1042e+09   7030   1476    15    710    508     41     13   0.492   0.051   0.005   0.566     4.753
   14          inf   1.5994e+07   3.6942e+08   7101   1482     1    683    612     28     22   0.588   0.047   0.005   0.658     5.411
   15          inf   2.6378e+07   2.8297e+07   7125   1484     0    681    657     19     17   0.485   0.037   0.005   0.545     5.957
   16          inf   2.6589e+07   2.8007e+07   7107   1490     0    677    695     14      8   0.505   0.042   0.005   0.571     6.528
   17          inf   2.7129e+07   2.7876e+07   7200   1480     0    658    565      7     17   0.468   0.049   0.003   0.538     7.065
   18          inf   2.7129e+07   2.7757e+07   7100   1467     0    641    741      6     19   0.495   0.052   0.005   0.570     7.635
   19          inf   2.7268e+07   2.7684e+07   6865   1434     0    634    869      8     41   0.493   0.053   0.005   0.569     8.204
   20          inf   2.7304e+07   2.7639e+07   6571   1387     0    612    906      1     48   0.501   0.051   0.005   0.577     8.781
   21   2.7602e+07   2.7411e+07   2.7602e+07   6424   1360     0    538    685      0     27   0.461   0.045   0.005   0.526     9.308
   22   2.7602e+07   2.7411e+07   2.7576e+07   6321   1345     0    483    586      1     16   0.402   0.052   0.005   0.474     9.782
   23   2.7602e+07   2.7455e+07   2.7560e+07   6280   1333     0    517    558      6     18   0.369   0.051   0.005   0.440    10.222
   24   2.7602e+07   2.7475e+07   2.7550e+07   6227   1332     0    463    516      3      4   0.401   0.052   0.006   0.473    10.695
   25   2.7602e+07   2.7487e+07   2.7543e+07   6228   1325     0    450    449      1      8   0.383   0.054   0.005   0.456    11.151
   26   2.7602e+07   2.7504e+07   2.7539e+07   6183   1333     0    407    452     11      3   0.396   0.042   0.005   0.457    11.609
   27   2.7602e+07   2.7507e+07   2.7536e+07   6162   1328     0    392    413      1      6   0.409   0.051   0.005   0.480    12.088
   28   2.7534e+07   2.7518e+07   2.7534e+07   6171   1322     0    427    418      0      6   0.412   0.049   0.006   0.481    12.569
   29   2.7534e+07   2.7521e+07   2.7532e+07   6110   1323     0    373    434      1      0   0.398   0.051   0.005   0.467    13.036
   30   2.7531e+07   2.7521e+07   2.7531e+07   6173   1323     0    416    353      0      0   0.392   0.047   0.005   0.457    13.493
   31   2.7530e+07   2.7526e+07   2.7530e+07   6146   1321     0    309    336      0      2   0.419   0.051   0.005   0.488    13.981
   32   2.7530e+07   2.7526e+07   2.7530e+07   6127   1321     0    307    326      2      2   0.385   0.047   0.005   0.451    14.432
   33   2.7530e+07   2.7527e+07   2.7529e+07   6152   1322     0    288    263      1      0   0.401   0.052   0.005   0.470    14.902
   34   2.7529e+07   2.7527e+07   2.7529e+07   6152   1322     0   *338      0      0      0   0.410   0.045   0.005   0.460    15.362
CG optimal after 34 iterations. UB=27529232.872520 LB=27527079.157977 gap=2.154e+03 tol=2.753e+03  t_LP=13.237  t_PR=1.587  t_SP=0.156  t_Tot=15.406
[pricing-cutoff] enabled=1 cut=9787 priced=32870 rate=29.8%

# === STDOUT (result CSV) ===
Setting parameter 'LpMethod' to 2
Setting parameter 'GPUMode' to 2
Setting parameter 'Presolve' to 0
Setting parameter 'Crossover' to 0
instance,formulation,iterations,columns,objective,lower_bound,optimal,time,time_lp,time_pricing,time_separation
data/transportation/BerlinCenter_net.tntp.gz,tree,34,5287,27529232.872520,27527079.157977,1,15.456,13.237,1.587,0.156
