# cmd: /usr/bin/time -o /tmp/mcfcg_mem_bq1brf1w.txt -f %M build/mcfcg_cli data/transportation/Sydney_net.tntp.gz --solver copt --copt-gpu-mode 2 --formulation tree --max-iters 10000 --pricing-cutoff --time-limit 1800.0
# outcome: ok
# returncode: 0
# peak_rss_kb: 9861336
# peak_rss_source: measured
# === STDERR (CG iteration log + preamble) ===
TNTP: net=data/transportation/Sydney_net.tntp.gz trips=data/transportation/Sydney_trips.tntp.gz coef=1.9
Instance: 33113 vertices, 75379 arcs, 3343560 commodities, 3257 sources
Solver: copt (gpu-mode 2), formulation: tree
Pricing threads: 32 (auto)
Slack mode: CommodityRows (struct=3257, capped_arcs=75379)
[lp-config] backend=copt version=8.0.1 method=barrier exec=GPU presolve=off crossover=off tol=0.0001 threads=n/a(GPU)
   It           UB           LB       LP_obj   #col   #row  #slk   +col   -col   +cut   -cut    t_LP    t_PR    t_SP   t_Tot     t_acc
    1          inf   6.4642e+05   1.5043e+05   6514   3257  3042      0      0      0      0   0.433   0.138   0.006   0.577     0.577
    2          inf   1.3602e+06   1.2093e+06   6514   3257  2028      0      0      0      0   0.163   0.697   0.011   0.871     1.448
    3          inf   4.6551e+06   4.6463e+06   6514   3477    91      0      0    220      0   0.171   1.866   0.026   2.063     3.511
    4          inf   4.6551e+06   5.5261e+06   9757   3482   706   3243      0      5      0   0.570   0.939   0.018   2.300     5.812
    5          inf   4.6551e+06   5.8426e+06  13011   3497   735   3254      0     15      0   0.697   0.951   0.036   2.507     8.319
    6          inf   4.6551e+06   5.8386e+06  16263   3552   223   3252      0     55      0   0.868   0.946   0.056   2.701    11.019
    7          inf   4.6551e+06   5.2367e+06  19511   3610    19   3248      0     58      0   1.501   0.954   0.077   3.377    14.396
    8          inf   4.6831e+06   4.9884e+06  22755   3618     0   3244      0      8      0   2.191   0.954   0.087   4.105    18.501
    9          inf   4.9585e+06   4.9804e+06  25875   3514     0   3243    123      1    105   2.282   0.955   0.073   4.473    22.974
   10          inf   4.9615e+06   4.9735e+06  27636   3516     0   3205   1444      3      1   1.483   0.956   0.119   3.631    26.605
   11          inf   4.9645e+06   4.9713e+06  28863   3510     0   3215   1988      3      9   1.660   0.943   0.129   3.778    30.383
   12          inf   4.9654e+06   4.9700e+06  28613   3471     0   3172   3422      1     40   1.505   0.931   0.133   3.503    33.886
   13          inf   4.9654e+06   4.9692e+06  27905   3422     0   3114   3822      2     51   1.268   0.965   0.136   3.303    37.189
   14   4.9689e+06   4.9661e+06   4.9689e+06  26625   3404     0   3031   4311      0     18   1.005   0.937   0.130   2.955    40.144
   15   4.9685e+06   4.9662e+06   4.9685e+06  26128   3397     0   2847   3344      0      7   0.884   0.975   0.126   2.878    43.023
   16   4.9685e+06   4.9663e+06   4.9683e+06  26091   3397     0   2890   2927      2      2   0.831   0.963   0.121   2.815    45.838
   17   4.9683e+06   4.9664e+06   4.9683e+06  25847   3391     0   2299   2543      0      6   0.817   0.953   0.122   2.703    48.541
   18   4.9682e+06   4.9664e+06   4.9682e+06  24789   3391     0   2060   3118      0      0   0.838   0.998   0.122   2.736    51.277
   19   4.9682e+06   4.9664e+06   4.9682e+06  23278   3391     0   1646   3157      0      0   0.827   0.984   0.124   2.639    53.916
   20   4.9682e+06   4.9665e+06   4.9682e+06  21363   3389     0    847   2762      0      2   0.811   0.989   0.114   2.473    56.389
   21   4.9682e+06   4.9665e+06   4.9682e+06  19590   3389     0    383   2156      0      0   0.734   0.999   0.102   2.253    58.642
   22   4.9682e+06   4.9665e+06   4.9682e+06  17868   3388     0     45   1767      0      1   0.732   1.002   0.093   2.154    60.795
   23   4.9682e+06   4.9665e+06   4.9682e+06  16635   3388     0    131   1364      0      0   0.679   1.064   0.089   2.123    62.918
   24   4.9682e+06   4.9665e+06   4.9682e+06  15904   3385     0      3    734      0      3   0.686   1.063   0.075   2.046    64.964
   25   4.9682e+06   4.9665e+06   4.9682e+06  15904   3385     0      0      0      0      0   0.614   2.130   0.069   2.813    67.777
CG optimal after 25 iterations. UB=4968208.845097 LB=4966458.791924 gap=1.750e+03 tol=4.968e+02  t_LP=24.252  t_PR=26.951  t_SP=2.196  t_Tot=69.479
[pricing-cutoff] enabled=1 cut=28627 priced=97710 rate=29.3%

# === STDOUT (result CSV) ===
Setting parameter 'LpMethod' to 2
Setting parameter 'GPUMode' to 2
Setting parameter 'Presolve' to 0
Setting parameter 'Crossover' to 0
instance,formulation,iterations,columns,objective,lower_bound,optimal,time,time_lp,time_pricing,time_separation
data/transportation/Sydney_net.tntp.gz,tree,25,12647,4968208.845097,4966458.791924,1,70.386,24.252,26.951,2.196
