# cmd: /usr/bin/time -o /tmp/mcfcg_mem_p289e9g1.txt -f %M build/mcfcg_cli data/transportation/Winnipeg_net.tntp.gz --solver copt --copt-gpu-mode 2 --formulation tree --max-iters 10000 --pricing-cutoff --time-limit 1800.0
# outcome: ok
# returncode: 0
# peak_rss_kb: 513576
# peak_rss_source: measured
# === STDERR (CG iteration log + preamble) ===
TNTP: net=data/transportation/Winnipeg_net.tntp.gz trips=data/transportation/Winnipeg_trips.tntp.gz coef=2000.0
Instance: 1052 vertices, 2836 arcs, 4345 commodities, 135 sources
Solver: copt (gpu-mode 2), formulation: tree
Pricing threads: 32 (auto)
Slack mode: CommodityRows (struct=135, capped_arcs=2836)
[lp-config] backend=copt version=8.0.1 method=barrier exec=GPU presolve=off crossover=off tol=0.0001 threads=n/a(GPU)
   It           UB           LB       LP_obj   #col   #row  #slk   +col   -col   +cut   -cut    t_LP    t_PR    t_SP   t_Tot     t_acc
    1          inf   3.7412e+02   3.7371e+02    270    270     6      0      0    135      0   0.327   0.003   0.000   0.330     0.330
    2          inf   3.7412e+02   6.0255e+02    386    278    42    116      0      8      0   0.174   0.001   0.000   0.176     0.506
    3          inf   3.7412e+02   1.5701e+03    507    280    49    121      0      2      0   0.169   0.001   0.000   0.171     0.677
    4          inf   3.7412e+02   1.5336e+03    627    325    32    120      0     45      0   0.177   0.001   0.000   0.179     0.857
    5          inf   3.7412e+02   2.7161e+03    751    331    29    124      0      6      0   0.185   0.001   0.000   0.187     1.044
    6          inf   3.7412e+02   1.5587e+03    875    360    16    124      0     29      0   0.192   0.001   0.000   0.195     1.239
    7          inf   3.7412e+02   3.1884e+03    999    301    20    132      8      8     67   0.211   0.001   0.000   0.215     1.453
    8          inf   3.7412e+02   6.3601e+02   1079    330     2    126     46     40     11   0.212   0.001   0.000   0.216     1.669
    9          inf   3.7412e+02   1.8570e+03   1133    338     3    128     74      9      1   0.203   0.001   0.000   0.207     1.876
   10          inf   3.7412e+02   4.5033e+02   1182    319     0    121     72      8     27   0.232   0.001   0.000   0.236     2.112
   11          inf   3.8699e+02   4.4392e+02   1220    319     0    123     85      8      8   0.216   0.001   0.001   0.219     2.331
   12   4.3691e+02   4.0408e+02   4.3691e+02   1241    304     0    120     99      0     15   0.222   0.001   0.000   0.226     2.556
   13   4.3691e+02   4.0408e+02   4.3226e+02   1273    309     0    118     86      7      2   0.218   0.001   0.001   0.223     2.779
   14   4.3691e+02   4.0786e+02   4.2988e+02   1237    280     0    114    150      2     31   0.215   0.001   0.001   0.219     2.998
   15   4.3691e+02   4.0786e+02   4.2769e+02   1161    266     0    114    190      2     16   0.202   0.001   0.000   0.206     3.203
   16   4.3691e+02   4.1094e+02   4.2596e+02   1131    258     0    117    147      3     11   0.198   0.001   0.000   0.202     3.405
   17   4.3691e+02   4.1308e+02   4.2506e+02   1130    246     0    112    113      3     15   0.187   0.001   0.000   0.191     3.596
   18   4.2373e+02   4.1615e+02   4.2373e+02   1140    243     0    116    106      0      3   0.190   0.001   0.000   0.193     3.789
   19   4.2373e+02   4.1676e+02   4.2241e+02   1112    245     0    103    131      5      3   0.185   0.001   0.000   0.189     3.978
   20   4.2179e+02   4.1804e+02   4.2179e+02   1115    245     0     97     94      0      0   0.189   0.001   0.000   0.192     4.170
   21   4.2179e+02   4.1872e+02   4.2126e+02   1080    244     0     92    127      2      3   0.196   0.001   0.000   0.199     4.369
   22   4.2179e+02   4.1902e+02   4.2091e+02   1048    245     0     85    117      2      1   0.194   0.001   0.000   0.197     4.567
   23   4.2179e+02   4.1962e+02   4.2060e+02   1000    243     0     68    116      2      4   0.194   0.001   0.000   0.197     4.764
   24   4.2179e+02   4.1965e+02   4.2041e+02    946    243     0     72    126      1      1   0.199   0.001   0.000   0.202     4.966
   25   4.2028e+02   4.1977e+02   4.2028e+02    902    238     0     68    112      0      5   0.191   0.001   0.000   0.194     5.160
   26   4.2028e+02   4.1987e+02   4.2023e+02    878    238     0     52     76      2      2   0.188   0.001   0.000   0.191     5.351
   27   4.2020e+02   4.1987e+02   4.2020e+02    834    236     0     47     91      0      2   0.188   0.001   0.000   0.191     5.542
   28   4.2019e+02   4.1997e+02   4.2019e+02    772    235     0     19     81      0      1   0.187   0.001   0.000   0.190     5.731
   29   4.2018e+02   4.2000e+02   4.2018e+02    715    235     0      8     65      0      0   0.196   0.001   0.000   0.199     5.930
   30   4.2018e+02   4.2000e+02   4.2018e+02    653    235     0      7     69      0      0   0.187   0.001   0.000   0.190     6.120
   31   4.2017e+02   4.2000e+02   4.2017e+02    592    234     0      7     68      0      1   0.191   0.001   0.000   0.193     6.313
   32   4.2017e+02   4.2002e+02   4.2017e+02    539    232     0      1     54      0      2   0.187   0.001   0.000   0.190     6.503
   33   4.2017e+02   4.2002e+02   4.2017e+02    477    231     0      1     63      0      1   0.183   0.001   0.000   0.186     6.689
   34   4.2017e+02   4.2002e+02   4.2017e+02    501    231     0     44     20      0      0   0.183   0.001   0.000   0.186     6.875
   35   4.2017e+02   4.2002e+02   4.2017e+02    501    231     0      0      0      0      0   0.186   0.003   0.000   0.189     7.064
CG optimal after 35 iterations. UB=420.169913 LB=420.017768 gap=1.521e-01 tol=4.202e-02  t_LP=6.956  t_PR=0.053  t_SP=0.014  t_Tot=7.069
[pricing-cutoff] enabled=1 cut=2178 priced=5130 rate=42.5%

# === STDOUT (result CSV) ===
Setting parameter 'LpMethod' to 2
Setting parameter 'GPUMode' to 2
Setting parameter 'Presolve' to 0
Setting parameter 'Crossover' to 0
instance,formulation,iterations,columns,objective,lower_bound,optimal,time,time_lp,time_pricing,time_separation
data/transportation/Winnipeg_net.tntp.gz,tree,35,366,420.169913,420.017768,1,7.091,6.956,0.053,0.014
