# cmd: /usr/bin/time -o /tmp/mcfcg_mem_13a1kp4y.txt -f %M build/mcfcg_cli data/transportation/ChicagoRegional_net.tntp.gz --solver copt --copt-gpu-mode 2 --formulation tree --max-iters 10000 --pricing-cutoff --time-limit 1800.0
# outcome: ok
# returncode: 0
# peak_rss_kb: 5805128
# peak_rss_source: measured
# === STDERR (CG iteration log + preamble) ===
TNTP: net=data/transportation/ChicagoRegional_net.tntp.gz trips=data/transportation/ChicagoRegional_trips.tntp.gz coef=4.1
Instance: 12982 vertices, 39018 arcs, 2297945 commodities, 1771 sources
Solver: copt (gpu-mode 2), formulation: tree
Pricing threads: 32 (auto)
Slack mode: CommodityRows (struct=1771, capped_arcs=39018)
[lp-config] backend=copt version=8.0.1 method=barrier exec=GPU presolve=off crossover=off tol=0.0001 threads=n/a(GPU)
   It           UB           LB       LP_obj   #col   #row  #slk   +col   -col   +cut   -cut    t_LP    t_PR    t_SP   t_Tot     t_acc
    1          inf   3.7829e+05   2.1129e+04   3542   1771  1757      0      0      0      0   0.370   0.011   0.003   0.385     0.385
    2          inf   4.5599e+05   2.0846e+05   3542   1771  1717      0      0      0      0   0.159   0.022   0.004   0.185     0.569
    3          inf   1.8763e+06   1.8320e+06   3542   1771  1324      0      0      0      0   0.148   0.135   0.005   0.289     0.858
    4          inf   5.3742e+06   5.3728e+06   3542   2014    24      0      0    243      0   0.147   0.487   0.011   0.644     1.502
    5          inf   5.3742e+06   7.6699e+06   5301   2025   567   1759      0     11      0   0.363   0.242   0.008   0.850     2.352
    6          inf   5.3742e+06   1.5972e+07   7060   2028   585   1759      0      3      0   0.548   0.246   0.014   1.055     3.407
    7          inf   5.3742e+06   2.7241e+07   8819   2033   513   1759      0      5      0   0.675   0.241   0.018   1.162     4.569
    8          inf   5.3742e+06   3.8959e+07  10579   2053   325   1760      0     20      0   0.727   0.240   0.025   1.219     5.788
    9          inf   5.3742e+06   5.0896e+07  12344   2062   313   1765      0      9      0   0.862   0.242   0.030   1.384     7.172
   10          inf   5.3742e+06   3.9714e+07  14021   2011   166   1762     85     28     79   0.955   0.246   0.040   1.582     8.754
   11          inf   5.3742e+06   6.7789e+06  14951   2055     2   1763    833     48      4   0.966   0.243   0.045   1.584    10.339
   12          inf   5.3742e+06   8.0070e+06  15593   2077    11   1761   1119     24      2   1.026   0.245   0.033   1.651    11.990
   13          inf   5.4522e+06   5.5328e+06  15871   2085     0   1761   1483     10      2   0.956   0.245   0.050   1.598    13.588
   14          inf   5.4782e+06   5.5272e+06  16284   2081     0   1756   1343      2      6   0.968   0.248   0.049   1.613    15.200
   15          inf   5.4956e+06   5.5230e+06  16710   2082     0   1756   1330      6      5   0.991   0.250   0.050   1.655    16.856
   16          inf   5.5008e+06   5.5204e+06  16829   2073     0   1755   1636      2     11   1.018   0.242   0.052   1.668    18.524
   17          inf   5.5042e+06   5.5188e+06  16484   2063     0   1756   2101      6     16   1.022   0.242   0.056   1.681    20.205
   18          inf   5.5042e+06   5.5177e+06  15452   2032     0   1755   2787      1     32   1.069   0.249   0.054   1.725    21.930
   19   5.5165e+06   5.5065e+06   5.5165e+06  15218   2016     0   1754   1988      0     16   0.964   0.251   0.048   1.612    23.543
   20   5.5165e+06   5.5094e+06   5.5158e+06  15271   2017     0   1748   1695      3      2   0.928   0.246   0.048   1.568    25.111
   21   5.5165e+06   5.5094e+06   5.5151e+06  15479   2014     0   1744   1536      2      5   0.948   0.248   0.047   1.587    26.698
   22   5.5165e+06   5.5101e+06   5.5147e+06  15773   2011     0   1744   1450      2      5   0.978   0.246   0.051   1.621    28.319
   23   5.5165e+06   5.5106e+06   5.5143e+06  15915   2013     0   1742   1600      5      3   0.960   0.244   0.050   1.599    29.918
   24   5.5165e+06   5.5110e+06   5.5140e+06  16071   2012     0   1738   1582      3      4   0.977   0.239   0.051   1.621    31.539
   25   5.5165e+06   5.5110e+06   5.5139e+06  15927   2010     0   1728   1872      3      5   0.962   0.243   0.049   1.608    33.148
   26   5.5165e+06   5.5110e+06   5.5138e+06  16030   2010     0   1727   1624      2      2   0.993   0.240   0.050   1.634    34.782
   27   5.5165e+06   5.5117e+06   5.5136e+06  15929   2011     0   1722   1823      3      2   1.044   0.244   0.049   1.682    36.463
   28   5.5135e+06   5.5117e+06   5.5135e+06  16203   2008     0   1713   1439      0      3   1.032   0.241   0.050   1.663    38.127
   29   5.5135e+06   5.5119e+06   5.5134e+06  16509   2009     0   1716   1410      1      0   1.024   0.236   0.049   1.650    39.776
   30   5.5134e+06   5.5119e+06   5.5134e+06  16918   2007     0   1716   1307      0      2   1.019   0.239   0.051   1.653    41.429
   31   5.5133e+06   5.5119e+06   5.5133e+06  17347   2007     0   1702   1273      0      0   1.055   0.238   0.052   1.681    43.110
   32   5.5133e+06   5.5120e+06   5.5133e+06  17762   2008     0   1691   1276      1      0   1.057   0.242   0.054   1.716    44.826
   33   5.5133e+06   5.5121e+06   5.5132e+06  18166   2007     0   1678   1274      3      4   1.119   0.236   0.056   1.774    46.601
   34   5.5132e+06   5.5122e+06   5.5132e+06  18325   2003     0   1650   1491      0      4   1.164   0.233   0.057   1.806    48.406
   35   5.5132e+06   5.5123e+06   5.5132e+06  18721   2004     0   1647   1251      2      1   1.173   0.232   0.056   1.829    50.235
   36   5.5132e+06   5.5123e+06   5.5132e+06  18784   2005     0   1621   1558      1      0   1.165   0.230   0.057   1.812    52.047
   37   5.5132e+06   5.5123e+06   5.5132e+06  19267   2005     0   1608   1125      0      0   1.182   0.232   0.059   1.839    53.886
   38   5.5132e+06   5.5123e+06   5.5132e+06  19561   2005     0   1540   1246      0      0   1.193   0.237   0.059   1.845    55.731
   39   5.5132e+06   5.5123e+06   5.5132e+06  19365   2006     0   1439   1635      1      0   1.242   0.238   0.060   1.893    57.624
   40   5.5132e+06   5.5123e+06   5.5132e+06  20080   2005     0   1452    737      0      1   1.219   0.238   0.061   1.891    59.515
   41   5.5132e+06   5.5124e+06   5.5132e+06  20943   2003     0   1304    441      0      2   1.264   0.238   0.061   1.946    61.461
   42   5.5132e+06   5.5124e+06   5.5132e+06  21571   2003     0   1209    581      0      0   1.378   0.239   0.064   2.037    63.499
   43   5.5132e+06   5.5124e+06   5.5132e+06  22244   2003     0   1062    389      0      0   1.368   0.241   0.065   2.020    65.519
   44   5.5132e+06   5.5124e+06   5.5132e+06  22810   2003     0    877    311      1      1   1.345   0.243   0.067   2.008    67.527
   45   5.5132e+06   5.5124e+06   5.5132e+06  23486   2003     0    777    101      0      0   1.422   0.244   0.070   2.054    69.581
   46   5.5132e+06   5.5124e+06   5.5132e+06  23774   2003     0    390    102      0      0   1.465   0.246   0.071   2.051    71.632
   47   5.5132e+06   5.5124e+06   5.5132e+06  23505   2004     0    262    531      1      0   1.431   0.244   0.070   2.013    73.645
   48   5.5132e+06   5.5124e+06   5.5132e+06  23590   2004     0    203    118      1      1   1.420   0.241   0.070   2.000    75.645
   49   5.5132e+06   5.5124e+06   5.5132e+06  23689   2003     0    140     41      0      1   1.474   0.250   0.067   2.036    77.681
   50   5.5132e+06   5.5124e+06   5.5132e+06  23693   2003     0     19     15      0      0   1.424   0.246   0.067   1.951    79.632
   51   5.5132e+06   5.5124e+06   5.5132e+06  23693   2003     0      0      0      0      0   1.427   0.498   0.066   1.992    81.624
CG optimal after 51 iterations. UB=5513156.283140 LB=5512373.537388 gap=7.827e+02 tol=5.513e+02  t_LP=51.784  t_PR=12.812  t_SP=2.450  t_Tot=82.159
[pricing-cutoff] enabled=1 cut=22923 priced=100947 rate=22.7%

# === STDOUT (result CSV) ===
Setting parameter 'LpMethod' to 2
Setting parameter 'GPUMode' to 2
Setting parameter 'Presolve' to 0
Setting parameter 'Crossover' to 0
instance,formulation,iterations,columns,objective,lower_bound,optimal,time,time_lp,time_pricing,time_separation
data/transportation/ChicagoRegional_net.tntp.gz,tree,51,21922,5513156.283140,5512373.537388,1,82.683,51.784,12.812,2.450
