# cmd: /usr/bin/time -o /tmp/mcfcg_mem_nnqsev19.txt -f %M build/mcfcg_cli data/intermodal/BUS-23688-0.txt.gz --solver copt --copt-gpu-mode 0 --formulation tree --max-iters 10000 --strategy pricer-heavy --pricing-cutoff --time-limit 1800.0
# outcome: ok
# returncode: 0
# peak_rss_kb: 820688
# peak_rss_source: measured
# === STDERR (CG iteration log + preamble) ===
Instance: 161993 vertices, 1653437 arcs, 23643 commodities, 23643 sources
Solver: copt (gpu-mode 0), formulation: tree
Pricing threads: 32 (auto)
Slack mode: CommodityRows (struct=23643, capped_arcs=1466539)
[lp-config] backend=copt version=8.0.1 method=barrier exec=CPU presolve=off crossover=off tol=0.0001 threads=auto(32)
   It           UB           LB       LP_obj   #col   #row  #slk   +col   -col   +cut   -cut    t_LP    t_PR    t_SP   t_Tot     t_acc
    1          inf         -inf   6.0693e+05  47286  23709  1421      0      0     66      0   0.080   0.000   0.114   0.195     0.195
    2          inf         -inf   6.1290e+05  48445  23709  1888   1159      0      0      0   0.022   0.192   0.114   0.330     0.526
    3          inf         -inf   6.2762e+05  48445  23756   198      0      0     47      0   0.026   0.000   0.112   0.140     0.665
    4          inf         -inf   6.2951e+05  48445  23758   352      0      0      2      0   0.035   0.000   0.113   0.150     0.815
    5          inf         -inf   6.2953e+05  48539  23758   356     94      0      0      0   0.033   0.050   0.111   0.195     1.010
    6          inf   4.6901e+05   6.5966e+05  50150  23758   348   1611      0      0      0   0.034   1.080   0.113   1.230     2.240
    7          inf   4.6901e+05   6.2486e+05  50150  23799     5      0      0     41      0   0.041   0.000   0.112   0.154     2.394
    8          inf   4.6901e+05   6.2525e+05  50150  23808    19      0      0      9      0   0.052   0.000   0.111   0.164     2.558
    9          inf   4.6901e+05   6.2528e+05  50300  23764    23    150      0      0     44   0.053   0.084   0.112   0.251     2.809
   10          inf   4.6901e+05   6.2537e+05  50300  23768     9      0      0      4      0   0.045   0.000   0.111   0.157     2.966
   11          inf   4.6901e+05   6.2537e+05  50346  23765     9     46      0      0      3   0.045   0.058   0.111   0.215     3.181
   12          inf   4.6901e+05   6.2538e+05  50346  23767     8      0      0      2      0   0.044   0.000   0.111   0.157     3.337
   13          inf   4.6901e+05   6.2538e+05  50532  23725     8    186      0      0     42   0.044   0.068   0.111   0.225     3.563
   14          inf   4.6901e+05   6.2521e+05  50532  23729     3      0      0      4      0   0.041   0.000   0.112   0.154     3.717
   15          inf   4.6901e+05   6.2521e+05  50533  23721     3      1      0      0      8   0.041   0.054   0.112   0.207     3.924
   16          inf   6.2275e+05   6.2522e+05  50968  23720     3    435      0      0      1   0.042   1.117   0.111   1.273     5.197
   17          inf   6.2275e+05   6.2489e+05  50968  23728     0      0      0      8      0   0.041   0.000   0.112   0.154     5.351
   18   6.2489e+05   6.2275e+05   6.2489e+05  50988  23725     0     20      0      0      3   0.043   0.087   0.112   0.244     5.595
   19   6.2489e+05   6.2275e+05   6.2489e+05  50988  23726     0      0      0      1      0   0.041   0.000   0.111   0.153     5.748
   20   6.2489e+05   6.2485e+05   6.2489e+05  50988  23726     0    *30      0      0      0   0.041   1.161   0.117   1.319     7.067
CG optimal after 20 iterations. UB=624894.000001 LB=624846.243112 gap=4.776e+01 tol=6.249e+01  t_LP=0.846  t_PR=5.096  t_SP=2.245  t_Tot=8.212
[pricing-cutoff] enabled=1 cut=70064 priced=97439 rate=71.9%

# === STDOUT (result CSV) ===
Setting parameter 'LpMethod' to 2
Setting parameter 'GPUMode' to 0
Setting parameter 'Presolve' to 0
Setting parameter 'Crossover' to 0
instance,formulation,iterations,columns,objective,lower_bound,optimal,time,time_lp,time_pricing,time_separation
data/intermodal/BUS-23688-0.txt.gz,tree,20,27345,624894.000001,624846.243112,1,8.604,0.846,5.096,2.245
