# cmd: /usr/bin/time -o /tmp/mcfcg_mem_yf0qzvzk.txt -f %M build/mcfcg_cli data/intermodal/SBT-43785-0.txt.gz --solver copt --copt-gpu-mode 0 --formulation tree --max-iters 10000 --strategy pricer-heavy --pricing-cutoff --time-limit 1800.0
# outcome: ok
# returncode: 0
# peak_rss_kb: 1667220
# peak_rss_source: measured
# === STDERR (CG iteration log + preamble) ===
Instance: 238529 vertices, 3741246 arcs, 43757 commodities, 43757 sources
Solver: copt (gpu-mode 0), formulation: tree
Pricing threads: 32 (auto)
Slack mode: CommodityRows (struct=43757, capped_arcs=3494226)
[lp-config] backend=copt version=8.0.1 method=barrier exec=CPU presolve=off crossover=off tol=0.0001 threads=auto(32)
   It           UB           LB       LP_obj   #col   #row  #slk   +col   -col   +cut   -cut    t_LP    t_PR    t_SP   t_Tot     t_acc
    1          inf         -inf   1.1175e+06  87514  43829   745      0      0     72      0   0.147   0.000   0.273   0.422     0.422
    2          inf         -inf   1.1284e+06  89098  43829  1264   1584      0      0      0   0.032   0.587   0.279   0.900     1.323
    3          inf         -inf   1.1237e+06  89098  43840     0      0      0     11      0   0.034   0.000   0.278   0.314     1.636
    4          inf         -inf   1.1238e+06  89246  43840    23    148      0      0      0   0.035   0.233   0.275   0.544     2.181
    5   1.1237e+06   1.1235e+06   1.1237e+06  89487  43840     0    241      0      0      0   0.034   8.456   0.276   8.767    10.948
    6   1.1236e+06   1.1236e+06   1.1236e+06  89487  43840     0     *1      0      0      0   0.034   8.472   0.279   8.786    19.734
CG optimal after 6 iterations. UB=1123600.000001 LB=1123593.830630 gap=6.169e+00 tol=1.124e+02  t_LP=0.316  t_PR=26.701  t_SP=1.660  t_Tot=28.687
[pricing-cutoff] enabled=1 cut=87555 priced=133286 rate=65.7%

# === STDOUT (result CSV) ===
Setting parameter 'LpMethod' to 2
Setting parameter 'GPUMode' to 0
Setting parameter 'Presolve' to 0
Setting parameter 'Crossover' to 0
instance,formulation,iterations,columns,objective,lower_bound,optimal,time,time_lp,time_pricing,time_separation
data/intermodal/SBT-43785-0.txt.gz,tree,6,45730,1123600.000001,1123593.830630,1,29.510,0.316,26.701,1.660
