# cmd: /usr/bin/time -o /tmp/mcfcg_mem_cw24416k.txt -f %M build/mcfcg_cli data/intermodal/SBT-31275-0.txt.gz --solver copt --copt-gpu-mode 0 --formulation tree --max-iters 10000 --strategy pricer-heavy --pricing-cutoff --time-limit 1800.0
# outcome: ok
# returncode: 0
# peak_rss_kb: 1241528
# peak_rss_source: measured
# === STDERR (CG iteration log + preamble) ===
Instance: 213509 vertices, 2760366 arcs, 31252 commodities, 31252 sources
Solver: copt (gpu-mode 0), formulation: tree
Pricing threads: 32 (auto)
Slack mode: CommodityRows (struct=31252, capped_arcs=2513346)
[lp-config] backend=copt version=8.0.1 method=barrier exec=CPU presolve=off crossover=off tol=0.0001 threads=auto(32)
   It           UB           LB       LP_obj   #col   #row  #slk   +col   -col   +cut   -cut    t_LP    t_PR    t_SP   t_Tot     t_acc
    1          inf         -inf   7.9697e+05  62504  31318   523      0      0     66      0   0.112   0.000   0.192   0.305     0.305
    2          inf         -inf   8.0461e+05  63528  31318   892   1024      0      0      0   0.019   0.287   0.187   0.495     0.800
    3          inf         -inf   8.0139e+05  63528  31331     0      0      0     13      0   0.022   0.000   0.186   0.209     1.010
    4          inf         -inf   8.0149e+05  63669  31331    20    141      0      0      0   0.023   0.160   0.185   0.370     1.379
    5   8.0138e+05   8.0084e+05   8.0138e+05  63790  31331     0    121      0      0      0   0.023   4.546   0.189   4.758     6.137
    6   8.0132e+05   8.0132e+05   8.0132e+05  63790  31331     0     *0      0      0      0   0.024   9.176   0.187   9.387    15.524
CG optimal after 6 iterations. UB=801323.000000 LB=801319.663709 gap=3.336e+00 tol=8.013e+01  t_LP=0.222  t_PR=19.037  t_SP=1.127  t_Tot=20.392
[pricing-cutoff] enabled=1 cut=93804 priced=126342 rate=74.2%

# === STDOUT (result CSV) ===
Setting parameter 'LpMethod' to 2
Setting parameter 'GPUMode' to 0
Setting parameter 'Presolve' to 0
Setting parameter 'Crossover' to 0
instance,formulation,iterations,columns,objective,lower_bound,optimal,time,time_lp,time_pricing,time_separation
data/intermodal/SBT-31275-0.txt.gz,tree,6,32538,801323.000000,801319.663709,1,21.001,0.222,19.037,1.127
