# cmd: /usr/bin/time -o /tmp/mcfcg_mem_3i3x480n.txt -f %M build/mcfcg_cli data/intermodal/BUS-18424-0.txt.gz --solver copt --copt-gpu-mode 0 --formulation tree --max-iters 10000 --strategy pricer-heavy --pricing-cutoff --time-limit 1800.0
# outcome: ok
# returncode: 0
# peak_rss_kb: 691012
# peak_rss_source: measured
# === STDERR (CG iteration log + preamble) ===
Instance: 151455 vertices, 1338522 arcs, 18388 commodities, 18388 sources
Solver: copt (gpu-mode 0), formulation: tree
Pricing threads: 32 (auto)
Slack mode: CommodityRows (struct=18388, capped_arcs=1151624)
[lp-config] backend=copt version=8.0.1 method=barrier exec=CPU presolve=off crossover=off tol=0.0001 threads=auto(32)
   It           UB           LB       LP_obj   #col   #row  #slk   +col   -col   +cut   -cut    t_LP    t_PR    t_SP   t_Tot     t_acc
    1          inf         -inf   4.7151e+05  36776  18454  1078      0      0     66      0   0.060   0.000   0.091   0.152     0.152
    2          inf         -inf   4.7582e+05  37652  18454  1435    876      0      0      0   0.018   0.126   0.091   0.237     0.388
    3          inf         -inf   4.8678e+05  37652  18496   136      0      0     42      0   0.020   0.000   0.093   0.114     0.503
    4          inf         -inf   4.8820e+05  37652  18498   237      0      0      2      0   0.025   0.000   0.091   0.117     0.619
    5          inf         -inf   4.8824e+05  37727  18498   240     75      0      0      0   0.025   0.041   0.090   0.156     0.776
    6          inf         -inf   5.0369e+05  37727  18505   225      0      0      7      0   0.027   0.000   0.090   0.117     0.893
    7          inf         -inf   5.0370e+05  37823  18482   227     96      0      0     23   0.027   0.046   0.090   0.164     1.057
    8          inf         -inf   5.4388e+05  37823  18483   194      0      0      1      0   0.026   0.000   0.090   0.116     1.173
    9          inf         -inf   5.4388e+05  37855  18453   195     32      0      0     30   0.025   0.043   0.090   0.158     1.331
   10          inf         -inf   5.7440e+05  37855  18456   210      0      0      3      0   0.023   0.000   0.090   0.114     1.445
   11          inf         -inf   5.7440e+05  37900  18454   211     45      0      0      2   0.024   0.042   0.090   0.157     1.602
   12          inf         -inf   6.8765e+05  37900  18462   178      0      0      8      0   0.024   0.000   0.090   0.115     1.717
   13          inf         -inf   6.8765e+05  38046  18456   178    146      0      0      6   0.025   0.069   0.090   0.185     1.902
   14          inf         -inf   8.0287e+05  38046  18467   116      0      0     11      0   0.024   0.000   0.090   0.115     2.017
   15          inf         -inf   8.0292e+05  38131  18466   124     85      0      0      1   0.026   0.060   0.091   0.178     2.195
   16          inf         -inf   7.7682e+05  38131  18470   129      0      0      4      0   0.026   0.000   0.090   0.116     2.312
   17          inf         -inf   7.7686e+05  38247  18465   132    116      0      0      5   0.028   0.052   0.089   0.170     2.482
   18          inf         -inf   1.2151e+06  38247  18467    95      0      0      2      0   0.027   0.000   0.091   0.119     2.601
   19          inf         -inf   1.2151e+06  38294  18453    96     47      0      0     14   0.028   0.043   0.090   0.162     2.763
   20          inf         -inf   1.9710e+06  38294  18466    95      0      0     13      0   0.024   0.000   0.090   0.115     2.878
   21          inf         -inf   1.9710e+06  38363  18460    95     69      0      0      6   0.026   0.056   0.090   0.173     3.052
   22          inf         -inf   1.9202e+06  38363  18462    73      0      0      2      0   0.028   0.000   0.096   0.125     3.177
   23          inf  -2.9708e+06   1.9202e+06  39028  18457    73    665      0      0      5   0.029   0.761   0.090   0.882     4.058
   24          inf  -2.9708e+06   4.8509e+05  39028  18477     0      0      0     20      0   0.030   0.000   0.090   0.121     4.179
   25          inf  -2.9708e+06   4.8517e+05  39028  18478     2      0      0      1      0   0.033   0.000   0.090   0.124     4.303
   26          inf  -2.9708e+06   4.8517e+05  39042  18475     2     14      0      0      3   0.031   0.042   0.095   0.169     4.472
   27   4.8517e+05   4.8448e+05   4.8517e+05  39293  18472     0    251      0      0      3   0.033   0.754   0.093   0.881     5.354
   28   4.8517e+05   4.8448e+05   4.8503e+05  39293  18474     0      0      0      2      0   0.033   0.000   0.090   0.124     5.478
   29   4.8517e+05   4.8448e+05   4.8503e+05  39293  18475     0      0      0      1      0   0.033   0.000   0.090   0.123     5.601
   30   4.8503e+05   4.8448e+05   4.8503e+05  39294  18456     0      1      0      0     19   0.033   0.040   0.090   0.163     5.765
   31   4.8503e+05   4.8448e+05   4.8503e+05  39294  18459     0      0      0      3      0   0.031   0.000   0.091   0.122     5.887
   32   4.8503e+05   4.8501e+05   4.8503e+05  39294  18459     0    *25      0      0      0   0.031   0.738   0.090   0.859     6.746
CG optimal after 32 iterations. UB=485032.000322 LB=485007.798403 gap=2.420e+01 tol=4.850e+01  t_LP=0.903  t_PR=3.678  t_SP=2.902  t_Tot=7.514
[pricing-cutoff] enabled=1 cut=55124 priced=76055 rate=72.5%

# === STDOUT (result CSV) ===
Setting parameter 'LpMethod' to 2
Setting parameter 'GPUMode' to 0
Setting parameter 'Presolve' to 0
Setting parameter 'Crossover' to 0
instance,formulation,iterations,columns,objective,lower_bound,optimal,time,time_lp,time_pricing,time_separation
data/intermodal/BUS-18424-0.txt.gz,tree,32,20906,485032.000322,485007.798403,1,7.833,0.903,3.678,2.902
