# cmd: /usr/bin/time -o /tmp/mcfcg_mem_b1n_hl5d.txt -f %M build/mcfcg_cli data/intermodal/SBT-6255-0.txt.gz --solver mosek --formulation tree --max-iters 10000 --strategy pricer-heavy --bounded-pricing --time-limit 7200.0
# outcome: ok
# returncode: 0
# peak_rss_kb: 758072
# peak_rss_source: measured
# === STDERR (CG iteration log + preamble) ===
Instance: 163487 vertices, 809375 arcs, 6251 commodities, 6251 sources
Solver: mosek, formulation: tree
Pricing threads: 32 (auto)
Slack mode: CommodityRows (struct=6251, capped_arcs=562355)
[lp-config] backend=mosek version=11.0.30 method=barrier exec=CPU presolve=off crossover=off tol=0.0001 threads=auto(32)
   It           UB           LB       LP_obj   #col   #row  #slk   +col   -col   +cut   -cut    t_LP    t_PR    t_SP   t_Tot     t_acc
    1          inf         -inf   1.5957e+05  12502   6351   120      0      0    100      0   0.015   0.000   0.058   0.073     0.073
    2          inf         -inf   1.6193e+05  12845   6351   241    343      0      0      0   0.008   0.058   0.059   0.127     0.200
    3          inf         -inf   1.6080e+05  12845   6368     6      0      0     17      0   0.011   0.000   0.061   0.073     0.273
    4          inf         -inf   1.6086e+05  12845   6369    13      0      0      1      0   0.010   0.000   0.058   0.069     0.341
    5          inf         -inf   1.6086e+05  12852   6369    13      7      0      0      0   0.010   0.026   0.058   0.094     0.435
    6          inf   1.5652e+05   1.6287e+05  12990   6369    12    138      0      0      0   0.011   0.414   0.058   0.484     0.919
    7          inf   1.5652e+05   1.6061e+05  12990   6371     0      0      0      2      0   0.015   0.000   0.058   0.073     0.992
    8   1.6061e+05   1.5652e+05   1.6061e+05  12993   6320     0      3      0      0     51   0.014   0.025   0.058   0.098     1.090
    9   1.6061e+05   1.5652e+05   1.6061e+05  12993   6346     0      0      0     26      0   0.012   0.000   0.059   0.071     1.161
   10   1.6061e+05   1.6061e+05   1.6061e+05  12993   6346     0     *1      0      0      0   0.011   0.424   0.058   0.493     1.654
CG optimal after 10 iterations. UB=160606.006161 LB=160605.190495 gap=8.157e-01 tol=1.606e+01  t_LP=0.116  t_PR=1.394  t_SP=0.584  t_Tot=2.100
[bounded-pricing] enabled=1 cut=12446 priced=19189 rate=64.9%

# === STDOUT (result CSV) ===
instance,formulation,iterations,columns,objective,lower_bound,optimal,time,time_lp,time_pricing,time_separation
data/intermodal/SBT-6255-0.txt.gz,tree,10,6742,160606.006161,160605.190495,1,2.291,0.116,1.394,0.584
