# cmd: /usr/bin/time -o /tmp/mcfcg_mem_zzlwo0ou.txt -f %M build/mcfcg_cli data/intermodal/BUS-18424-0.txt.gz --solver mosek --formulation path --max-iters 10000 --strategy pricer-heavy --bounded-pricing --time-limit 7200.0
# outcome: ok
# returncode: 0
# peak_rss_kb: 1063408
# peak_rss_source: measured
# === STDERR (CG iteration log + preamble) ===
Instance: 151455 vertices, 1338522 arcs, 18388 commodities, 18388 sources
Solver: mosek, formulation: path
Pricing threads: 32 (auto)
Slack mode: CommodityRows (struct=18388, capped_arcs=1151624)
[lp-config] backend=mosek version=11.0.30 method=barrier exec=CPU presolve=off crossover=off tol=0.0001 threads=auto(32)
   It           UB           LB       LP_obj   #col   #row  #slk   +col   -col   +cut   -cut    t_LP    t_PR    t_SP   t_Tot     t_acc
    1          inf         -inf   4.7151e+05  36776  18454  1078      0      0     66      0   0.021   0.000   0.088   0.110     0.110
    2          inf         -inf   4.7582e+05  37657  18454  1435    881      0      0      0   0.049   0.126   0.088   0.266     0.376
    3          inf         -inf   4.8644e+05  37657  18497   116      0      0     43      0   0.069   0.000   0.093   0.163     0.539
    4          inf         -inf   4.8797e+05  38273  18497   234    616      0      0      0   0.100   0.126   0.088   0.315     0.854
    5          inf         -inf   4.9551e+05  38273  18503    98      0      0      6      0   0.105   0.000   0.088   0.194     1.048
    6          inf         -inf   4.9561e+05  38273  18509   110      0      0      6      0   0.104   0.000   0.089   0.193     1.241
    7          inf         -inf   4.9561e+05  38397  18487   111    124      0      0     22   0.119   0.054   0.087   0.262     1.504
    8          inf         -inf   5.0797e+05  38397  18488   100      0      0      1      0   0.115   0.000   0.087   0.203     1.707
    9          inf         -inf   5.0797e+05  38397  18489   101      0      0      1      0   0.110   0.000   0.088   0.198     1.905
   10          inf         -inf   5.0797e+05  38415  18451   101     18      0      0     38   0.112   0.038   0.087   0.238     2.143
   11          inf         -inf   5.2847e+05  38415  18456   111      0      0      5      0   0.105   0.000   0.087   0.193     2.336
   12          inf         -inf   5.2848e+05  38530  18445   110    115      0      0     11   0.107   0.051   0.087   0.247     2.582
   13          inf         -inf   5.0251e+05  38530  18465    39      0      0     20      0   0.115   0.000   0.088   0.204     2.786
   14          inf         -inf   5.0408e+05  38666  18460    53    136      0      0      5   0.115   0.073   0.088   0.277     3.063
   15          inf         -inf   5.0259e+05  38666  18472    34      0      0     12      0   0.111   0.000   0.089   0.201     3.264
   16          inf         -inf   5.0262e+05  38753  18470    34     87      0      0      2   0.119   0.069   0.092   0.280     3.545
   17          inf         -inf   5.2839e+05  38753  18471    37      0      0      1      0   0.118   0.000   0.093   0.212     3.757
   18          inf         -inf   5.2839e+05  38753  18472    37      0      0      1      0   0.126   0.000   0.090   0.217     3.974
   19          inf   1.7922e+05   5.2839e+05  39100  18460    37    347      0      0     12   0.121   0.754   0.089   0.966     4.940
   20          inf   1.7922e+05   4.8503e+05  39100  18478     0      0      0     18      0   0.124   0.000   0.088   0.213     5.153
   21   4.8511e+05   1.7922e+05   4.8511e+05  39141  18475     0     41      0      0      3   0.126   0.053   0.089   0.268     5.422
   22   4.8509e+05   4.8492e+05   4.8509e+05  39245  18472     0    104      0      0      3   0.127   0.702   0.087   0.918     6.339
   23   4.8509e+05   4.8492e+05   4.8503e+05  39245  18478     0      0      0      6      0   0.129   0.000   0.088   0.218     6.557
   24   4.8503e+05   4.8492e+05   4.8503e+05  39282  18475     0     37      0      0      3   0.133   0.054   0.087   0.274     6.831
   25   4.8503e+05   4.8492e+05   4.8503e+05  39282  18482     0      0      0      7      0   0.135   0.000   0.091   0.226     7.058
   26   4.8503e+05   4.8502e+05   4.8503e+05  39282  18482     0     *6      0      0      0   0.134   0.752   0.087   0.973     8.031
CG optimal after 26 iterations. UB=485026.541104 LB=485021.110768 gap=5.430e+00 tol=4.850e+01  t_LP=2.850  t_PR=3.591  t_SP=2.302  t_Tot=8.772
[bounded-pricing] enabled=1 fired=56325 priced=77225 rate=72.9%

# === STDOUT (result CSV) ===
instance,formulation,iterations,columns,objective,lower_bound,optimal,time,time_lp,time_pricing,time_separation
data/intermodal/BUS-18424-0.txt.gz,path,26,20894,485026.541104,485021.110768,1,9.041,2.850,3.591,2.302
