# cmd: /usr/bin/time -o /tmp/mcfcg_mem_3n03r5c1.txt -f %M build/mcfcg_cli data/intermodal/BUS-2632-0.txt.gz --solver mosek --formulation path --max-iters 10000 --strategy pricer-heavy --bounded-pricing --time-limit 7200.0
# outcome: ok
# returncode: 0
# peak_rss_kb: 616580
# peak_rss_source: measured
# === STDERR (CG iteration log + preamble) ===
Instance: 119865 vertices, 397362 arcs, 2628 commodities, 2628 sources
Solver: mosek, formulation: path
Pricing threads: 32 (auto)
Slack mode: CommodityRows (struct=2628, capped_arcs=210464)
[lp-config] backend=mosek version=11.0.30 method=barrier exec=CPU presolve=off crossover=off tol=0.0001 threads=auto(32)
   It           UB           LB       LP_obj   #col   #row  #slk   +col   -col   +cut   -cut    t_LP    t_PR    t_SP   t_Tot     t_acc
    1          inf         -inf   6.8906e+04   5256   2721   161      0      0     93      0   0.016   0.000   0.031   0.047     0.047
    2          inf         -inf   6.9679e+04   5424   2721   229    168      0      0      0   0.005   0.021   0.029   0.055     0.102
    3          inf         -inf   7.1078e+04   5424   2805    11      0      0     84      0   0.008   0.000   0.028   0.036     0.138
    4          inf         -inf   7.2127e+04   5424   2806    42      0      0      1      0   0.010   0.000   0.028   0.038     0.177
    5          inf         -inf   7.2145e+04   5431   2806    43      7      0      0      0   0.009   0.012   0.028   0.050     0.227
    6          inf   4.5317e+04   7.6830e+04   5656   2806    46    225      0      0      0   0.010   0.069   0.027   0.108     0.335
    7          inf   4.5317e+04   7.1516e+04   5656   2857     1      0      0     51      0   0.014   0.000   0.028   0.042     0.376
    8          inf   4.5317e+04   7.1605e+04   5656   2859     6      0      0      2      0   0.023   0.000   0.027   0.050     0.426
    9          inf   4.5317e+04   7.1608e+04   5656   2867     6      0      0      8      0   0.020   0.000   0.028   0.048     0.475
   10          inf   4.5317e+04   7.1608e+04   5672   2843     6     16      0      0     24   0.025   0.013   0.028   0.067     0.541
   11          inf   4.5317e+04   7.1656e+04   5672   2846     6      0      0      3      0   0.020   0.000   0.027   0.047     0.588
   12          inf   4.5317e+04   7.1656e+04   5680   2824     6      8      0      0     22   0.024   0.014   0.028   0.066     0.654
   13          inf   5.8597e+04   7.1690e+04   5819   2818     4    139      0      0      6   0.024   0.062   0.028   0.115     0.769
   14          inf   5.8597e+04   7.1028e+04   5819   2823     0      0      0      5      0   0.022   0.000   0.028   0.051     0.820
   15   7.1028e+04   5.8597e+04   7.1028e+04   5825   2791     0      6      0      0     32   0.019   0.015   0.028   0.062     0.882
   16   7.1028e+04   7.0994e+04   7.1028e+04   5854   2773     0     29      0      0     18   0.020   0.059   0.028   0.107     0.989
   17   7.1028e+04   7.0994e+04   7.1027e+04   5854   2780     0      0      0      7      0   0.019   0.000   0.028   0.048     1.037
   18   7.1027e+04   7.0994e+04   7.1027e+04   5859   2777     0      5      0      0      3   0.023   0.015   0.029   0.066     1.103
   19   7.1027e+04   7.1024e+04   7.1027e+04   5859   2777     0     *6      0      0      0   0.017   0.060   0.027   0.104     1.207
CG optimal after 19 iterations. UB=71026.500133 LB=71024.023104 gap=2.477e+00 tol=7.103e+00  t_LP=0.328  t_PR=0.417  t_SP=0.532  t_Tot=1.283
[bounded-pricing] enabled=1 cut=10255 priced=13492 rate=76.0%

# === STDOUT (result CSV) ===
instance,formulation,iterations,columns,objective,lower_bound,optimal,time,time_lp,time_pricing,time_separation
data/intermodal/BUS-2632-0.txt.gz,path,19,3231,71026.500133,71024.023104,1,1.388,0.328,0.417,0.532
