# cmd: /usr/bin/time -o /tmp/mcfcg_mem_kvb3p8pe.txt -f %M build/mcfcg_cli data/intermodal/SBT-56295-0.txt.gz --solver mosek --formulation path --max-iters 10000 --strategy pricer-heavy --bounded-pricing --time-limit 7200.0
# outcome: ok
# returncode: 0
# peak_rss_kb: 2328744
# peak_rss_source: measured
# === STDERR (CG iteration log + preamble) ===
Instance: 263559 vertices, 4725174 arcs, 56269 commodities, 56269 sources
Solver: mosek, formulation: path
Pricing threads: 32 (auto)
Slack mode: CommodityRows (struct=56269, capped_arcs=4478154)
[lp-config] backend=mosek version=11.0.30 method=barrier exec=CPU presolve=off crossover=off tol=0.0001 threads=auto(32)
   It           UB           LB       LP_obj   #col   #row  #slk   +col   -col   +cut   -cut    t_LP    t_PR    t_SP   t_Tot     t_acc
    1          inf         -inf   1.4398e+06 112538  56332   974      0      0     63      0   0.053   0.000   0.352   0.407     0.407
    2          inf         -inf   1.4540e+06 114370  56332  1694   1832      0      0      0   0.154   0.878   0.349   1.388     1.794
    3          inf         -inf   1.4481e+06 114370  56349     2      0      0     17      0   0.169   0.000   0.351   0.523     2.317
    4          inf         -inf   1.4483e+06 114370  56351    37      0      0      2      0   0.175   0.000   0.355   0.533     2.850
    5          inf         -inf   1.4483e+06 114422  56351    37     52      0      0      0   0.202   0.154   0.351   0.708     3.557
    6          inf   1.4448e+06   1.4486e+06 115003  56351    44    581      0      0      0   0.182  15.043   0.349  15.576    19.133
    7          inf   1.4448e+06   1.4479e+06 115003  56352     0      0      0      1      0   0.187   0.000   0.354   0.544    19.677
    8   1.4479e+06   1.4448e+06   1.4479e+06 115034  56322     0     31      0      0     30   0.181   0.152   0.352   0.688    20.365
    9   1.4479e+06   1.4448e+06   1.4479e+06 115034  56327     0      0      0      5      0   0.178   0.000   0.351   0.531    20.897
   10   1.4479e+06   1.4479e+06   1.4479e+06 115034  56327     0     *3      0      0      0   0.180  14.775   0.352  15.308    36.205
CG optimal after 10 iterations. UB=1447868.477887 LB=1447859.576653 gap=8.901e+00 tol=1.448e+02  t_LP=1.661  t_PR=46.196  t_SP=3.517  t_Tot=51.402
[bounded-pricing] enabled=1 cut=112238 priced=171006 rate=65.6%

# === STDOUT (result CSV) ===
instance,formulation,iterations,columns,objective,lower_bound,optimal,time,time_lp,time_pricing,time_separation
data/intermodal/SBT-56295-0.txt.gz,path,10,58765,1447868.477887,1447859.576653,1,52.475,1.661,46.196,3.517
