# cmd: /usr/bin/time -o /tmp/mcfcg_mem_wju8tqn7.txt -f %M build/mcfcg_cli data/intermodal/SBT-6255-0.txt.gz --solver mosek --formulation path --max-iters 10000 --strategy pricer-heavy --bounded-pricing --time-limit 7200.0
# outcome: ok
# returncode: 0
# peak_rss_kb: 751864
# peak_rss_source: measured
# === STDERR (CG iteration log + preamble) ===
Instance: 163487 vertices, 809375 arcs, 6251 commodities, 6251 sources
Solver: mosek, formulation: path
Pricing threads: 32 (auto)
Slack mode: CommodityRows (struct=6251, capped_arcs=562355)
[lp-config] backend=mosek version=11.0.30 method=barrier exec=CPU presolve=off crossover=off tol=0.0001 threads=auto(32)
   It           UB           LB       LP_obj   #col   #row  #slk   +col   -col   +cut   -cut    t_LP    t_PR    t_SP   t_Tot     t_acc
    1          inf         -inf   1.5957e+05  12502   6351   120      0      0    100      0   0.012   0.000   0.057   0.070     0.070
    2          inf         -inf   1.6193e+05  12842   6351   241    340      0      0      0   0.010   0.055   0.055   0.122     0.191
    3          inf         -inf   1.6080e+05  12842   6370     6      0      0     19      0   0.013   0.000   0.058   0.072     0.263
    4          inf         -inf   1.6086e+05  12920   6370    13     78      0      0      0   0.015   0.036   0.056   0.107     0.370
    5          inf         -inf   1.6277e+05  12920   6371     5      0      0      1      0   0.015   0.000   0.056   0.071     0.442
    6          inf   1.5721e+05   1.6277e+05  12991   6371     5     71      0      0      0   0.015   0.393   0.056   0.465     0.906
    7   1.6061e+05   1.6060e+05   1.6061e+05  12991   6371     0     *1      0      0      0   0.014   0.371   0.055   0.440     1.346
CG optimal after 7 iterations. UB=160606.013094 LB=160604.974700 gap=1.038e+00 tol=1.606e+01  t_LP=0.094  t_PR=1.281  t_SP=0.394  t_Tot=1.773
[bounded-pricing] enabled=1 fired=12502 priced=19243 rate=65.0%

# === STDOUT (result CSV) ===
instance,formulation,iterations,columns,objective,lower_bound,optimal,time,time_lp,time_pricing,time_separation
data/intermodal/SBT-6255-0.txt.gz,path,7,6740,160606.013094,160604.974700,1,1.955,0.094,1.281,0.394
