# cmd: /usr/bin/time -o /tmp/mcfcg_mem_7ldy54lf.txt -f %M build/mcfcg_cli data/intermodal/BUS-23688-0.txt.gz --solver mosek --formulation path --max-iters 10000 --strategy pricer-heavy --bounded-pricing --time-limit 7200.0
# outcome: ok
# returncode: 0
# peak_rss_kb: 1219420
# peak_rss_source: measured
# === STDERR (CG iteration log + preamble) ===
Instance: 161993 vertices, 1653437 arcs, 23643 commodities, 23643 sources
Solver: mosek, formulation: path
Pricing threads: 32 (auto)
Slack mode: CommodityRows (struct=23643, capped_arcs=1466539)
[lp-config] backend=mosek version=11.0.30 method=barrier exec=CPU presolve=off crossover=off tol=0.0001 threads=auto(32)
   It           UB           LB       LP_obj   #col   #row  #slk   +col   -col   +cut   -cut    t_LP    t_PR    t_SP   t_Tot     t_acc
    1          inf         -inf   6.0693e+05  47286  23709  1421      0      0     66      0   0.029   0.000   0.112   0.142     0.142
    2          inf         -inf   6.1290e+05  48446  23709  1888   1160      0      0      0   0.067   0.197   0.111   0.379     0.521
    3          inf         -inf   6.2623e+05  48446  23764   112      0      0     55      0   0.100   0.000   0.111   0.212     0.733
    4          inf         -inf   6.2856e+05  49340  23764   308    894      0      0      0   0.129   0.197   0.111   0.439     1.172
    5          inf         -inf   6.3034e+05  49340  23773   110      0      0      9      0   0.149   0.000   0.112   0.262     1.434
    6          inf         -inf   6.3040e+05  49340  23779   116      0      0      6      0   0.154   0.000   0.110   0.265     1.699
    7          inf         -inf   6.3043e+05  49340  23781   121      0      0      2      0   0.158   0.000   0.111   0.270     1.969
    8          inf         -inf   6.3043e+05  49364  23756   120     24      0      0     25   0.178   0.050   0.111   0.341     2.311
    9          inf         -inf   6.5095e+05  49364  23758   110      0      0      2      0   0.144   0.000   0.111   0.256     2.567
   10          inf         -inf   6.5095e+05  49407  23718   110     43      0      0     40   0.141   0.066   0.110   0.318     2.885
   11          inf         -inf   6.5602e+05  49407  23723    89      0      0      5      0   0.167   0.000   0.110   0.278     3.163
   12          inf         -inf   6.5603e+05  49519  23718    93    112      0      0      5   0.164   0.079   0.109   0.354     3.517
   13          inf         -inf   6.6160e+05  49519  23720    68      0      0      2      0   0.166   0.000   0.111   0.278     3.795
   14          inf         -inf   6.6161e+05  49532  23717    70     13      0      0      3   0.161   0.058   0.109   0.330     4.125
   15          inf         -inf   7.8461e+05  49532  23718    68      0      0      1      0   0.165   0.000   0.111   0.277     4.401
   16          inf         -inf   7.8461e+05  49569  23713    68     37      0      0      5   0.163   0.052   0.111   0.327     4.728
   17          inf         -inf   7.8378e+05  49569  23717    61      0      0      4      0   0.156   0.000   0.110   0.267     4.995
   18          inf         -inf   7.8379e+05  49602  23713    62     33      0      0      4   0.170   0.068   0.109   0.347     5.343
   19          inf         -inf   7.7698e+05  49602  23723    50      0      0     10      0   0.159   0.000   0.110   0.270     5.613
   20          inf         -inf   7.7703e+05  49697  23720    56     95      0      0      3   0.178   0.079   0.109   0.367     5.979
   21          inf         -inf   1.5745e+06  49697  23722    41      0      0      2      0   0.178   0.000   0.114   0.294     6.273
   22          inf  -2.8384e+06   1.5745e+06  50446  23721    41    749      0      0      1   0.192   1.240   0.110   1.545     7.818
   23          inf  -2.8384e+06   6.2496e+05  50446  23729     0      0      0      8      0   0.182   0.000   0.110   0.293     8.111
   24   6.2501e+05  -2.8384e+06   6.2501e+05  50477  23726     0     31      0      0      3   0.197   0.083   0.111   0.392     8.503
   25   6.2501e+05  -2.8384e+06   6.2496e+05  50477  23727     0      0      0      1      0   0.200   0.000   0.113   0.314     8.817
   26   6.2496e+05   6.2473e+05   6.2496e+05  50672  23712     0    195      0      0     15   0.208   1.202   0.111   1.522    10.339
   27   6.2496e+05   6.2473e+05   6.2488e+05  50672  23725     0      0      0     13      0   0.201   0.000   0.112   0.315    10.653
   28   6.2488e+05   6.2473e+05   6.2488e+05  50731  23720     0     59      0      0      5   0.195   0.093   0.110   0.399    11.053
   29   6.2488e+05   6.2473e+05   6.2488e+05  50731  23724     0      0      0      4      0   0.201   0.000   0.112   0.314    11.367
   30   6.2488e+05   6.2488e+05   6.2488e+05  50731  23724     0     *2      0      0      0   0.201   1.216   0.110   1.527    12.894
CG optimal after 30 iterations. UB=624882.000113 LB=624879.440925 gap=2.559e+00 tol=6.249e+01  t_LP=4.853  t_PR=5.838  t_SP=3.321  t_Tot=14.053
[bounded-pricing] enabled=1 cut=72157 priced=99247 rate=72.7%

# === STDOUT (result CSV) ===
instance,formulation,iterations,columns,objective,lower_bound,optimal,time,time_lp,time_pricing,time_separation
data/intermodal/BUS-23688-0.txt.gz,path,30,27088,624882.000113,624879.440925,1,14.401,4.853,5.838,3.321
