# cmd: /usr/bin/time -o /tmp/mcfcg_mem_suysshoh.txt -f %M build/mcfcg_cli data/intermodal/SBT-18765-0.txt.gz --solver mosek --formulation tree --max-iters 10000 --strategy pricer-heavy --bounded-pricing --time-limit 7200.0
# outcome: ok
# returncode: 0
# peak_rss_kb: 1160368
# peak_rss_source: measured
# === STDERR (CG iteration log + preamble) ===
Instance: 188487 vertices, 1782614 arcs, 18745 commodities, 18745 sources
Solver: mosek, formulation: tree
Pricing threads: 32 (auto)
Slack mode: CommodityRows (struct=18745, capped_arcs=1535594)
[lp-config] backend=mosek version=11.0.30 method=barrier exec=CPU presolve=off crossover=off tol=0.0001 threads=auto(32)
   It           UB           LB       LP_obj   #col   #row  #slk   +col   -col   +cut   -cut    t_LP    t_PR    t_SP   t_Tot     t_acc
    1          inf         -inf   4.7848e+05  37490  18814   327      0      0     69      0   0.017   0.000   0.121   0.139     0.139
    2          inf         -inf   4.8278e+05  38152  18814   549    662      0      0      0   0.036   0.161   0.122   0.321     0.460
    3          inf         -inf   4.8136e+05  38152  18831    10      0      0     17      0   0.029   0.000   0.121   0.151     0.611
    4          inf         -inf   4.8147e+05  38152  18832    23      0      0      1      0   0.037   0.000   0.120   0.158     0.769
    5          inf         -inf   4.8156e+05  38173  18832    28     21      0      0      0   0.032   0.048   0.121   0.201     0.970
    6          inf   4.7020e+05   4.8419e+05  38404  18832    23    231      0      0      0   0.030   1.901   0.120   2.052     3.023
    7   4.8111e+05   4.8110e+05   4.8111e+05  38404  18832     0     *9      0      0      0   0.027   1.917   0.125   2.069     5.091
CG optimal after 7 iterations. UB=481112.000003 LB=481098.690845 gap=1.331e+01 tol=4.811e+01  t_LP=0.208  t_PR=6.063  t_SP=0.850  t_Tot=7.128
[bounded-pricing] enabled=1 fired=37330 priced=56998 rate=65.5%

# === STDOUT (result CSV) ===
instance,formulation,iterations,columns,objective,lower_bound,optimal,time,time_lp,time_pricing,time_separation
data/intermodal/SBT-18765-0.txt.gz,tree,7,19659,481112.000003,481098.690845,1,7.488,0.208,6.063,0.850
