# cmd: /usr/bin/time -o /tmp/mcfcg_mem_hwoebapm.txt -f %M build/mcfcg_cli data/intermodal/SBT-18765-0.txt.gz --solver mosek --formulation path --max-iters 10000 --strategy pricer-heavy --bounded-pricing --time-limit 7200.0
# outcome: ok
# returncode: 0
# peak_rss_kb: 1153040
# peak_rss_source: measured
# === STDERR (CG iteration log + preamble) ===
Instance: 188487 vertices, 1782614 arcs, 18745 commodities, 18745 sources
Solver: mosek, formulation: path
Pricing threads: 32 (auto)
Slack mode: CommodityRows (struct=18745, capped_arcs=1535594)
[lp-config] backend=mosek version=11.0.30 method=barrier exec=CPU presolve=off crossover=off tol=0.0001 threads=auto(32)
   It           UB           LB       LP_obj   #col   #row  #slk   +col   -col   +cut   -cut    t_LP    t_PR    t_SP   t_Tot     t_acc
    1          inf         -inf   4.7848e+05  37490  18814   327      0      0     69      0   0.022   0.000   0.120   0.143     0.143
    2          inf         -inf   4.8278e+05  38150  18814   549    660      0      0      0   0.031   0.161   0.117   0.311     0.454
    3          inf         -inf   4.8136e+05  38150  18831    10      0      0     17      0   0.035   0.000   0.117   0.153     0.607
    4          inf         -inf   4.8147e+05  38150  18832    23      0      0      1      0   0.045   0.000   0.118   0.164     0.771
    5          inf         -inf   4.8156e+05  38171  18832    28     21      0      0      0   0.039   0.048   0.119   0.206     0.977
    6          inf   4.7023e+05   4.8419e+05  38402  18832    23    231      0      0      0   0.042   1.880   0.120   2.042     3.019
    7   4.8111e+05   4.8110e+05   4.8111e+05  38402  18832     0     *9      0      0      0   0.039   1.864   0.116   2.020     5.038
CG optimal after 7 iterations. UB=481112.000646 LB=481098.038709 gap=1.396e+01 tol=4.811e+01  t_LP=0.252  t_PR=5.928  t_SP=0.827  t_Tot=7.013
[bounded-pricing] enabled=1 fired=37332 priced=56998 rate=65.5%

# === STDOUT (result CSV) ===
instance,formulation,iterations,columns,objective,lower_bound,optimal,time,time_lp,time_pricing,time_separation
data/intermodal/SBT-18765-0.txt.gz,path,7,19657,481112.000646,481098.038709,1,7.371,0.252,5.928,0.827
