# cmd: /usr/bin/time -o /tmp/mcfcg_mem_5nurc1l0.txt -f %M build/mcfcg_cli data/intermodal/SBT-43785-0.txt.gz --solver mosek --formulation tree --max-iters 10000 --strategy pricer-heavy --bounded-pricing --time-limit 7200.0
# outcome: ok
# returncode: 0
# peak_rss_kb: 1913040
# peak_rss_source: measured
# === STDERR (CG iteration log + preamble) ===
Instance: 238529 vertices, 3741246 arcs, 43757 commodities, 43757 sources
Solver: mosek, formulation: tree
Pricing threads: 32 (auto)
Slack mode: CommodityRows (struct=43757, capped_arcs=3494226)
[lp-config] backend=mosek version=11.0.30 method=barrier exec=CPU presolve=off crossover=off tol=0.0001 threads=auto(32)
   It           UB           LB       LP_obj   #col   #row  #slk   +col   -col   +cut   -cut    t_LP    t_PR    t_SP   t_Tot     t_acc
    1          inf         -inf   1.1175e+06  87514  43829   745      0      0     72      0   0.032   0.000   0.271   0.306     0.306
    2          inf         -inf   1.1284e+06  89112  43829  1264   1598      0      0      0   0.100   0.585   0.271   0.967     1.272
    3          inf         -inf   1.1237e+06  89112  43840     0      0      0     11      0   0.118   0.000   0.271   0.390     1.663
    4          inf         -inf   1.1238e+06  89263  43840    23    151      0      0      0   0.110   0.257   0.270   0.638     2.300
    5   1.1237e+06   1.1235e+06   1.1237e+06  89584  43840     0    321      0      0      0   0.117   8.593   0.270   8.982    11.282
    6   1.1236e+06   1.1236e+06   1.1236e+06  89584  43840     0     *0      0      0      0   0.122  17.162   0.271  17.556    28.839
CG optimal after 6 iterations. UB=1123599.486705 LB=1123594.277129 gap=5.210e+00 tol=1.124e+02  t_LP=0.600  t_PR=35.579  t_SP=1.624  t_Tot=37.821
[bounded-pricing] enabled=1 fired=131240 priced=177089 rate=74.1%

# === STDOUT (result CSV) ===
instance,formulation,iterations,columns,objective,lower_bound,optimal,time,time_lp,time_pricing,time_separation
data/intermodal/SBT-43785-0.txt.gz,tree,6,45827,1123599.486705,1123594.277129,1,38.634,0.600,35.579,1.624
