# cmd: /usr/bin/time -o /tmp/mcfcg_mem_6e89xkm9.txt -f %M build/mcfcg_cli data/intermodal/BUS-7896-0.txt.gz --solver copt --copt-gpu-mode 0 --formulation tree --max-iters 10000 --strategy pricer-heavy --bounded-pricing --time-limit 1800.0
# outcome: ok
# returncode: 0
# peak_rss_kb: 633796
# peak_rss_source: measured
# === STDERR (CG iteration log + preamble) ===
Instance: 130395 vertices, 710935 arcs, 7883 commodities, 7883 sources
Solver: copt (gpu-mode 0), formulation: tree
Pricing threads: 32 (auto)
Slack mode: CommodityRows (struct=7883, capped_arcs=524037)
[lp-config] backend=copt version=8.0.1 method=barrier exec=CPU presolve=off crossover=off tol=0.0001 threads=auto(32)
   It           UB           LB       LP_obj   #col   #row  #slk   +col   -col   +cut   -cut    t_LP    t_PR    t_SP   t_Tot     t_acc
    1          inf         -inf   2.0473e+05  15766   7960   475      0      0     77      0   0.029   0.000   0.051   0.081     0.081
    2          inf         -inf   2.0647e+05  16206   7960   631    440      0      0      0   0.011   0.047   0.051   0.110     0.190
    3          inf         -inf   2.1121e+05  16206   8031    48      0      0     71      0   0.013   0.000   0.050   0.063     0.253
    4          inf         -inf   2.1215e+05  16206   8035   112      0      0      4      0   0.016   0.000   0.050   0.066     0.319
    5          inf         -inf   2.1217e+05  16255   8035   112     49      0      0      0   0.015   0.023   0.050   0.088     0.407
    6          inf         -inf   2.2155e+05  16255   8036   111      0      0      1      0   0.016   0.000   0.049   0.066     0.473
    7          inf         -inf   2.2155e+05  16275   8011   111     20      0      0     25   0.016   0.022   0.050   0.088     0.561
    8          inf         -inf   2.4088e+05  16275   8013    82      0      0      2      0   0.016   0.000   0.049   0.065     0.626
    9          inf         -inf   2.4093e+05  16294   7967    86     19      0      0     46   0.016   0.026   0.049   0.091     0.718
   10          inf   1.3301e+04   2.5544e+05  16796   7967    80    502      0      0      0   0.014   0.201   0.049   0.266     0.984
   11          inf   1.3301e+04   2.1053e+05  16796   8008     0      0      0     41      0   0.016   0.000   0.049   0.066     1.049
   12          inf   1.3301e+04   2.1075e+05  16796   8019     3      0      0     11      0   0.019   0.000   0.051   0.070     1.119
   13          inf   1.3301e+04   2.1082e+05  16796   8020     5      0      0      1      0   0.022   0.000   0.049   0.071     1.191
   14          inf   1.3301e+04   2.1083e+05  16798   8006     6      2      0      0     14   0.022   0.023   0.050   0.096     1.287
   15          inf   1.9844e+05   2.1135e+05  17080   8005     5    282      0      0      1   0.017   0.212   0.052   0.283     1.569
   16          inf   1.9844e+05   2.1060e+05  17080   8013     0      0      0      8      0   0.023   0.000   0.050   0.073     1.643
   17   2.1060e+05   1.9844e+05   2.1060e+05  17085   7977     0      5      0      0     36   0.023   0.023   0.050   0.096     1.739
   18   2.1060e+05   1.9844e+05   2.1060e+05  17085   7980     0      0      0      3      0   0.016   0.000   0.050   0.067     1.806
   19   2.1060e+05   2.1051e+05   2.1060e+05  17154   7974     0     69      0      0      6   0.016   0.216   0.049   0.282     2.088
   20   2.1060e+05   2.1059e+05   2.1060e+05  17154   7974     0    *24      0      0      0   0.018   0.196   0.049   0.262     2.350
CG optimal after 20 iterations. UB=210595.000061 LB=210590.316884 gap=4.683e+00 tol=2.106e+01  t_LP=0.353  t_PR=1.223  t_SP=0.998  t_Tot=2.585
[bounded-pricing] enabled=1 fired=30979 priced=40274 rate=76.9%

# === STDOUT (result CSV) ===
Setting parameter 'LpMethod' to 2
Setting parameter 'GPUMode' to 0
Setting parameter 'Presolve' to 0
Setting parameter 'Crossover' to 0
instance,formulation,iterations,columns,objective,lower_bound,optimal,time,time_lp,time_pricing,time_separation
data/intermodal/BUS-7896-0.txt.gz,tree,20,9271,210595.000061,210590.316884,1,2.783,0.353,1.223,0.998
