# cmd: /usr/bin/time -o /tmp/mcfcg_mem_dnf_nev6.txt -f %M build/mcfcg_cli data/commalab/grid/grid9 --solver copt --copt-gpu-mode 2 --formulation path --max-iters 10000 --bounded-pricing --time-limit 1800.0
# outcome: ok
# returncode: 0
# peak_rss_kb: 499452
# peak_rss_source: measured
# === STDERR (CG iteration log + preamble) ===
Instance: 625 vertices, 2400 arcs, 1000 commodities, 495 sources
Solver: copt (gpu-mode 2), formulation: path
Pricing threads: 32 (auto)
Slack mode: CommodityRows (struct=1000, capped_arcs=2400)
[lp-config] backend=copt version=8.0.1 method=barrier exec=GPU presolve=off crossover=off tol=0.0001 threads=n/a(GPU)
   It           UB           LB       LP_obj   #col   #row  #slk   +col   -col   +cut   -cut    t_LP    t_PR    t_SP   t_Tot     t_acc
    1          inf   8.8834e+06   5.6336e+06   2000   1000   997      0      0      0      0   0.245   0.000   0.000   0.245     0.245
    2          inf   5.1002e+07   5.0596e+07   2000   1000   710      0      0      0      0   0.025   0.002   0.000   0.027     0.272
    3          inf   8.1702e+07   8.1702e+07   2000   1327     0      0      0    327      0   0.022   0.003   0.000   0.026     0.298
    4          inf   8.1702e+07   2.0615e+08   2742   1327   393    742      0      0      0   0.091   0.002   0.000   0.094     0.392
    5          inf   8.1702e+07   5.0315e+08   3504   1354   313    762      0     27      0   0.111   0.002   0.000   0.114     0.505
    6          inf   8.1702e+07   4.4585e+08   4262   1406   199    758      0     52      0   0.119   0.002   0.000   0.122     0.628
    7          inf   8.1702e+07   1.1838e+08   5018   1473    54    756      0     67      0   0.174   0.002   0.000   0.177     0.805
    8          inf   8.1723e+07   8.2884e+07   5740   1519     1    722      0     46      0   0.237   0.002   0.000   0.240     1.045
    9          inf   8.2350e+07   8.2784e+07   6257   1469     0    621    104     22     72   0.196   0.002   0.000   0.200     1.245
   10          inf   8.2502e+07   8.2725e+07   6585   1488     0    551    223     20      1   0.177   0.002   0.000   0.181     1.426
   11          inf   8.2550e+07   8.2690e+07   6716   1504     0    489    358     22      6   0.182   0.002   0.000   0.186     1.612
   12          inf   8.2595e+07   8.2675e+07   6664   1500     0    411    463      8     12   0.197   0.002   0.000   0.201     1.813
   13          inf   8.2618e+07   8.2662e+07   6179   1486     0    340    825      6     20   0.196   0.002   0.000   0.200     2.013
   14          inf   8.2635e+07   8.2657e+07   5681   1472     0    260    758      6     20   0.191   0.002   0.000   0.195     2.208
   15          inf   8.2644e+07   8.2655e+07   5330   1458     0    214    565      1     15   0.188   0.002   0.000   0.192     2.399
   16          inf   8.2649e+07   8.2653e+07   5011   1453     0    144    463      3      8   0.203   0.002   0.000   0.207     2.606
   17          inf   8.2651e+07   8.2653e+07   4752   1444     0     99    358      3     12   0.198   0.002   0.000   0.201     2.807
   18   8.2653e+07   8.2653e+07   8.2653e+07   4752   1444     0    *65      0      0      0   0.178   0.002   0.000   0.180     2.988
CG optimal after 18 iterations. UB=82653001.732050 LB=82652691.811006 gap=3.099e+02 tol=8.265e+03  t_LP=2.931  t_PR=0.033  t_SP=0.006  t_Tot=2.991
[bounded-pricing] enabled=1 fired=6239 priced=10890 rate=57.3%

# === STDOUT (result CSV) ===
Setting parameter 'LpMethod' to 2
Setting parameter 'GPUMode' to 2
Setting parameter 'Presolve' to 0
Setting parameter 'Crossover' to 0
instance,formulation,iterations,columns,objective,lower_bound,optimal,time,time_lp,time_pricing,time_separation
data/commalab/grid/grid9,path,18,3752,82653001.732050,82652691.811006,1,3.006,2.931,0.033,0.006
