# cmd: /usr/bin/time -o /tmp/mcfcg_mem_3aoo0k8w.txt -f %M build/mcfcg_cli data/commalab/grid/grid7 --solver copt --copt-gpu-mode 2 --formulation tree --max-iters 10000 --bounded-pricing --time-limit 1800.0
# outcome: ok
# returncode: 0
# peak_rss_kb: 476168
# peak_rss_source: measured
# === STDERR (CG iteration log + preamble) ===
Instance: 400 vertices, 1520 arcs, 400 commodities, 247 sources
Solver: copt (gpu-mode 2), formulation: tree
Pricing threads: 32 (auto)
Slack mode: CommodityRows (struct=247, capped_arcs=1520)
[lp-config] backend=copt version=8.0.1 method=barrier exec=GPU presolve=off crossover=off tol=0.0001 threads=n/a(GPU)
   It           UB           LB       LP_obj   #col   #row  #slk   +col   -col   +cut   -cut    t_LP    t_PR    t_SP   t_Tot     t_acc
    1          inf   1.9670e+06   2.4700e+04    494    247   247      0      0      0      0   0.245   0.000   0.000   0.245     0.245
    2          inf   1.9690e+06   2.4700e+05    494    247   247      0      0      0      0   0.027   0.000   0.000   0.027     0.272
    3          inf   3.2474e+06   2.4518e+06    494    247   242      0      0      0      0   0.025   0.000   0.000   0.025     0.297
    4          inf   1.8124e+07   1.7985e+07    494    249   101      0      0      2      0   0.027   0.001   0.000   0.028     0.325
    5          inf   1.9752e+07   3.5045e+07    533    346    30     39      0     97      0   0.032   0.001   0.000   0.033     0.358
    6          inf   1.9752e+07   6.4116e+07    712    354   113    184      5      8      0   0.045   0.001   0.000   0.046     0.404
    7          inf   1.9752e+07   8.5724e+07    893    362    64    181      0      8      0   0.053   0.001   0.000   0.054     0.458
    8          inf   1.9752e+07   3.2468e+07   1055    394    14    162      0     32      0   0.062   0.001   0.000   0.063     0.521
    9          inf   2.5780e+07   2.5898e+07   1209    411     0    154      0     17      0   0.074   0.001   0.000   0.075     0.596
   10          inf   2.5814e+07   2.5884e+07   1342    416     0    141      8      6      1   0.072   0.001   0.000   0.073     0.670
   11   2.5874e+07   2.5841e+07   2.5874e+07   1431    396     0    115     26      0     20   0.069   0.001   0.000   0.070     0.740
   12   2.5874e+07   2.5851e+07   2.5869e+07   1456    401     0     80     55      7      2   0.072   0.001   0.000   0.073     0.813
   13   2.5874e+07   2.5860e+07   2.5866e+07   1427    400     0     59     88      4      5   0.066   0.001   0.000   0.067     0.880
   14   2.5874e+07   2.5862e+07   2.5865e+07   1300    389     0     38    165      3     14   0.070   0.001   0.000   0.072     0.951
   15   2.5874e+07   2.5863e+07   2.5864e+07   1194    383     0     34    140      2      8   0.064   0.001   0.000   0.065     1.016
   16   2.5864e+07   2.5864e+07   2.5864e+07   1194    383     0    *26      0      0      0   0.066   0.001   0.000   0.067     1.083
CG optimal after 16 iterations. UB=25864111.849087 LB=25863513.463771 gap=5.984e+02 tol=2.586e+03  t_LP=1.067  t_PR=0.010  t_SP=0.003  t_Tot=1.085
[bounded-pricing] enabled=1 fired=3727 priced=5187 rate=71.9%

# === STDOUT (result CSV) ===
Setting parameter 'LpMethod' to 2
Setting parameter 'GPUMode' to 2
Setting parameter 'Presolve' to 0
Setting parameter 'Crossover' to 0
instance,formulation,iterations,columns,objective,lower_bound,optimal,time,time_lp,time_pricing,time_separation
data/commalab/grid/grid7,tree,16,947,25864111.849087,25863513.463771,1,1.096,1.067,0.010,0.003
