# cmd: /usr/bin/time -o /tmp/mcfcg_mem_wstrn8b8.txt -f %M build/mcfcg_cli data/commalab/grid/grid13 --solver copt --copt-gpu-mode 2 --formulation tree --max-iters 10000 --bounded-pricing --time-limit 1800.0
# outcome: ok
# returncode: 0
# peak_rss_kb: 571884
# peak_rss_source: measured
# === STDERR (CG iteration log + preamble) ===
Instance: 900 vertices, 3480 arcs, 12000 commodities, 900 sources
Solver: copt (gpu-mode 2), formulation: tree
Pricing threads: 32 (auto)
Slack mode: CommodityRows (struct=900, capped_arcs=3480)
[lp-config] backend=copt version=8.0.1 method=barrier exec=GPU presolve=off crossover=off tol=0.0001 threads=n/a(GPU)
   It           UB           LB       LP_obj   #col   #row  #slk   +col   -col   +cut   -cut    t_LP    t_PR    t_SP   t_Tot     t_acc
    1          inf   5.5802e+07   9.0000e+04   1800    900   900      0      0      0      0   0.247   0.000   0.000   0.247     0.247
    2          inf   5.5802e+07   9.0000e+05   1800    900   900      0      0      0      0   0.031   0.000   0.000   0.032     0.279
    3          inf   5.5802e+07   9.0000e+06   1800    900   900      0      0      0      0   0.028   0.000   0.000   0.029     0.308
    4          inf   1.1066e+08   9.0000e+07   1800    900   900      0      0      0      0   0.027   0.000   0.000   0.028     0.336
    5          inf   8.4093e+08   8.3935e+08   1800    900   628      0      0      0      0   0.032   0.008   0.000   0.040     0.376
    6          inf   1.1535e+09   1.1535e+09   1800   1187     0      0      0    287      0   0.037   0.013   0.001   0.051     0.428
    7          inf   1.1535e+09   3.4211e+09   2693   1187   535    893      0      0      0   0.123   0.007   0.000   0.133     0.561
    8          inf   1.1535e+09   5.8399e+09   3590   1191   480    897      0      4      0   0.164   0.007   0.001   0.174     0.735
    9          inf   1.1535e+09   1.3450e+10   4490   1204   280    900      0     13      0   0.166   0.006   0.000   0.176     0.911
   10          inf   1.1535e+09   1.2688e+10   5390   1237   127    900      0     33      0   0.240   0.006   0.001   0.253     1.164
   11          inf   1.1535e+09   5.5680e+09   6290   1282    54    900      0     45      0   0.322   0.006   0.001   0.334     1.497
   12          inf   1.1535e+09   1.1631e+09   6927   1195     0    900    263     20    107   0.452   0.007   0.002   0.470     1.968
   13          inf   1.1556e+09   1.1621e+09   7401   1205     0    900    426     11      1   0.298   0.006   0.001   0.315     2.282
   14          inf   1.1570e+09   1.1613e+09   7844   1218     0    900    457     15      2   0.312   0.006   0.002   0.330     2.612
   15          inf   1.1571e+09   1.1607e+09   8178   1232     0    900    566     16      2   0.347   0.006   0.002   0.366     2.978
   16          inf   1.1578e+09   1.1604e+09   8395   1230     0    900    683      4      6   0.373   0.006   0.002   0.393     3.371
   17          inf   1.1584e+09   1.1601e+09   8230   1224     0    900   1065      5     11   0.395   0.006   0.002   0.415     3.786
   18          inf   1.1585e+09   1.1598e+09   7967   1210     0    900   1163      4     18   0.349   0.006   0.002   0.368     4.155
   19          inf   1.1587e+09   1.1597e+09   7983   1205     0    899    883      4      9   0.347   0.006   0.001   0.367     4.522
   20          inf   1.1589e+09   1.1596e+09   8015   1204     0    897    865      5      6   0.319   0.006   0.002   0.338     4.860
   21          inf   1.1590e+09   1.1595e+09   8000   1198     0    895    910      1      7   0.316   0.006   0.002   0.337     5.196
   22          inf   1.1591e+09   1.1594e+09   7977   1192     0    888    911      8     14   0.350   0.006   0.002   0.369     5.566
   23          inf   1.1592e+09   1.1594e+09   8028   1194     0    886    835      4      2   0.351   0.006   0.002   0.370     5.936
   24          inf   1.1592e+09   1.1593e+09   8008   1194     0    878    898      4      4   0.310   0.006   0.002   0.329     6.265
   25          inf   1.1593e+09   1.1593e+09   7960   1194     0    857    905      2      2   0.329   0.006   0.002   0.348     6.614
   26          inf   1.1593e+09   1.1593e+09   7966   1191     0    849    843      2      5   0.352   0.006   0.002   0.372     6.986
   27          inf   1.1593e+09   1.1593e+09   7934   1189     0    807    839      2      4   0.366   0.006   0.002   0.385     7.371
   28   1.1593e+09   1.1593e+09   1.1593e+09   7934   1189     0   *616      0      0      0   0.338   0.006   0.002   0.346     7.716
CG optimal after 28 iterations. UB=1159321014.926123 LB=1159319477.742808 gap=1.537e+03 tol=1.159e+05  t_LP=7.319  t_PR=0.165  t_SP=0.035  t_Tot=7.728
[bounded-pricing] enabled=1 fired=11313 priced=31500 rate=35.9%

# === STDOUT (result CSV) ===
Setting parameter 'LpMethod' to 2
Setting parameter 'GPUMode' to 2
Setting parameter 'Presolve' to 0
Setting parameter 'Crossover' to 0
instance,formulation,iterations,columns,objective,lower_bound,optimal,time,time_lp,time_pricing,time_separation
data/commalab/grid/grid13,tree,28,7034,1159321014.926123,1159319477.742808,1,7.751,7.319,0.165,0.035
