# cmd: /usr/bin/time -o /tmp/mcfcg_mem_7n8a3_rg.txt -f %M build/mcfcg_cli data/commalab/grid/grid10 --solver copt --copt-gpu-mode 2 --formulation path --max-iters 10000 --bounded-pricing --time-limit 1800.0
# outcome: ok
# returncode: 0
# peak_rss_kb: 502504
# peak_rss_source: measured
# === STDERR (CG iteration log + preamble) ===
Instance: 625 vertices, 2400 arcs, 2000 commodities, 593 sources
Solver: copt (gpu-mode 2), formulation: path
Pricing threads: 32 (auto)
Slack mode: CommodityRows (struct=2000, capped_arcs=2400)
[lp-config] backend=copt version=8.0.1 method=barrier exec=GPU presolve=off crossover=off tol=0.0001 threads=n/a(GPU)
   It           UB           LB       LP_obj   #col   #row  #slk   +col   -col   +cut   -cut    t_LP    t_PR    t_SP   t_Tot     t_acc
    1          inf   1.7233e+07   1.1189e+07   4000   2000  1987      0      0      0      0   0.245   0.000   0.000   0.246     0.246
    2          inf   1.0049e+08   9.9736e+07   4000   2000  1410      0      0      0      0   0.030   0.002   0.000   0.032     0.277
    3          inf   1.6221e+08   1.6221e+08   4000   2320     0      0      0    320      0   0.026   0.004   0.001   0.030     0.307
    4          inf   1.6221e+08   3.9375e+08   5453   2320   742   1453      0      0      0   0.105   0.002   0.000   0.109     0.416
    5          inf   1.6221e+08   8.1998e+08   6926   2339   606   1473      0     19      0   0.145   0.002   0.000   0.149     0.565
    6          inf   1.6221e+08   6.3927e+08   8440   2406   340   1514      0     67      0   0.152   0.002   0.000   0.156     0.721
    7          inf   1.6221e+08   2.6916e+08   9965   2458   163   1525      0     52      0   0.178   0.002   0.000   0.182     0.903
    8          inf   1.6292e+08   1.6450e+08  11325   2499     0   1360      0     41      0   0.263   0.002   0.000   0.267     1.171
    9          inf   1.6375e+08   1.6432e+08  12244   2451     0   1144    225     24     72   0.282   0.002   0.000   0.288     1.459
   10          inf   1.6390e+08   1.6422e+08  12750   2471     0   1001    495     20      0   0.269   0.002   0.000   0.274     1.732
   11          inf   1.6399e+08   1.6416e+08  12882   2479     0    901    769     13      5   0.268   0.002   0.000   0.274     2.006
   12          inf   1.6405e+08   1.6414e+08  12468   2475     0    695   1109      6     10   0.244   0.002   0.000   0.250     2.256
   13          inf   1.6407e+08   1.6412e+08  11324   2460     0    537   1681      7     22   0.258   0.002   0.000   0.264     2.520
   14          inf   1.6409e+08   1.6411e+08  10240   2449     0    429   1513      3     14   0.226   0.002   0.000   0.232     2.752
   15          inf   1.6410e+08   1.6411e+08   9515   2441     0    278   1003      3     11   0.258   0.002   0.000   0.264     3.016
   16          inf   1.6411e+08   1.6411e+08   8750   2433     0     73    838      4     12   0.257   0.002   0.000   0.261     3.277
   17   1.6411e+08   1.6411e+08   1.6411e+08   8750   2433     0    *22      0      0      0   0.224   0.002   0.000   0.226     3.503
CG optimal after 17 iterations. UB=164110919.954648 LB=164110377.154128 gap=5.428e+02 tol=1.641e+04  t_LP=3.429  t_PR=0.040  t_SP=0.006  t_Tot=3.508
[bounded-pricing] enabled=1 fired=6808 priced=12453 rate=54.7%

# === STDOUT (result CSV) ===
Setting parameter 'LpMethod' to 2
Setting parameter 'GPUMode' to 2
Setting parameter 'Presolve' to 0
Setting parameter 'Crossover' to 0
instance,formulation,iterations,columns,objective,lower_bound,optimal,time,time_lp,time_pricing,time_separation
data/commalab/grid/grid10,path,17,6750,164110919.954648,164110377.154128,1,3.525,3.429,0.040,0.006
