# cmd: /usr/bin/time -o /tmp/mcfcg_mem_t5nv1lku.txt -f %M build/mcfcg_cli data/commalab/grid/grid1 --solver copt --copt-gpu-mode 2 --formulation path --max-iters 10000 --bounded-pricing --time-limit 1800.0
# outcome: ok
# returncode: 0
# peak_rss_kb: 463360
# peak_rss_source: measured
# === STDERR (CG iteration log + preamble) ===
Instance: 25 vertices, 80 arcs, 50 commodities, 23 sources
Solver: copt (gpu-mode 2), formulation: path
Pricing threads: 32 (auto)
Slack mode: CommodityRows (struct=50, capped_arcs=80)
[lp-config] backend=copt version=8.0.1 method=barrier exec=GPU presolve=off crossover=off tol=0.0001 threads=n/a(GPU)
   It           UB           LB       LP_obj   #col   #row  #slk   +col   -col   +cut   -cut    t_LP    t_PR    t_SP   t_Tot     t_acc
    1          inf   4.1021e+05   2.7970e+05    100     50    45      0      0      0      0   0.379   0.000   0.000   0.380     0.380
    2          inf   8.2017e+05   8.2017e+05    100     60     0      0      0     10      0   0.155   0.000   0.000   0.155     0.535
    3          inf   8.2017e+05   1.0895e+06    121     60    10     21      0      0      0   0.154   0.000   0.000   0.155     0.689
    4          inf   8.2017e+05   1.4561e+06    128     61     2      7      0      1      0   0.155   0.000   0.000   0.155     0.845
    5          inf   8.2017e+05   9.3524e+05    137     61     4      9      0      0      0   0.161   0.000   0.000   0.161     1.006
    6   8.2756e+05   8.2685e+05   8.2756e+05    139     61     0      2      0      0      0   0.160   0.000   0.000   0.160     1.166
    7   8.2756e+05   8.2732e+05   8.2732e+05    139     62     0      0      0      1      0   0.156   0.000   0.000   0.156     1.323
    8   8.2741e+05   8.2732e+05   8.2741e+05    138     60     0      1      2      0      2   0.161   0.000   0.000   0.161     1.484
    9   8.2732e+05   8.2732e+05   8.2732e+05    138     60     0     *0      0      0      0   0.151   0.000   0.000   0.151     1.635
CG optimal after 9 iterations. UB=827319.000001 LB=827318.608983 gap=3.910e-01 tol=8.273e+01  t_LP=1.633  t_PR=0.002  t_SP=0.000  t_Tot=1.636
[bounded-pricing] enabled=1 cut=277 priced=322 rate=86.0%

# === STDOUT (result CSV) ===
Setting parameter 'LpMethod' to 2
Setting parameter 'GPUMode' to 2
Setting parameter 'Presolve' to 0
Setting parameter 'Crossover' to 0
instance,formulation,iterations,columns,objective,lower_bound,optimal,time,time_lp,time_pricing,time_separation
data/commalab/grid/grid1,path,9,88,827319.000001,827318.608983,1,1.654,1.633,0.002,0.000
