# cmd: /usr/bin/time -o /tmp/mcfcg_mem_zbu8eybr.txt -f %M build/mcfcg_cli data/commalab/grid/grid11 --solver copt --copt-gpu-mode 2 --formulation path --max-iters 10000 --bounded-pricing --time-limit 1800.0
# outcome: ok
# returncode: 0
# peak_rss_kb: 525132
# peak_rss_source: measured
# === STDERR (CG iteration log + preamble) ===
Instance: 625 vertices, 2400 arcs, 4000 commodities, 625 sources
Solver: copt (gpu-mode 2), formulation: path
Pricing threads: 32 (auto)
Slack mode: EdgeRows (struct=4000, capped_arcs=2400)
[lp-config] backend=copt version=8.0.1 method=barrier exec=GPU presolve=off crossover=off tol=0.0001 threads=n/a(GPU)
   It           UB           LB       LP_obj   #col   #row  #slk   +col   -col   +cut   -cut    t_LP    t_PR    t_SP   t_Tot     t_acc
    1          inf   3.2684e+08   3.2684e+08   4241   4241     0      0      0    241      0   0.247   0.005   0.001   0.253     0.253
    2          inf   3.2684e+08   3.9001e+08   7583   4241   241   3342      0      0      0   0.097   0.003   0.000   0.102     0.355
    3          inf   3.2704e+08   3.3040e+08   9985   4365     0   2278      0    124      0   0.118   0.003   0.001   0.123     0.478
    4          inf   3.2704e+08   3.3108e+08  12798   4383     7   2795      0     18      0   0.229   0.003   0.001   0.235     0.713
    5          inf   3.2825e+08   3.2984e+08  15087   4403     0   2269      0     20      0   0.259   0.003   0.001   0.264     0.977
    6          inf   3.2870e+08   3.2952e+08  17060   4421     0   1955      0     18      0   0.249   0.003   0.001   0.254     1.231
    7          inf   3.2899e+08   3.2939e+08  18621   4430     0   1552      0      9      0   0.259   0.003   0.002   0.264     1.495
    8          inf   3.2916e+08   3.2931e+08  18028   4361     0   1105   1629      4     73   0.287   0.002   0.002   0.298     1.793
    9          inf   3.2921e+08   3.2927e+08  17037   4318     0    747   1695      7     50   0.238   0.003   0.002   0.248     2.042
   10          inf   3.2924e+08   3.2926e+08  14522   4308     0    499   3004      4     14   0.233   0.003   0.001   0.243     2.285
   11          inf   3.2925e+08   3.2926e+08  12661   4298     0    360   2211      3     13   0.213   0.003   0.001   0.221     2.506
   12          inf   3.2926e+08   3.2926e+08  11187   4292     0    149   1617      1      7   0.199   0.002   0.001   0.207     2.713
   13          inf   3.2926e+08   3.2926e+08  10116   4283     0     60   1122      2     11   0.178   0.003   0.001   0.185     2.898
   14          inf   3.2926e+08   3.2926e+08   9493   4274     0      4    618      1     10   0.182   0.003   0.001   0.189     3.086
   15          inf   3.2926e+08   3.2926e+08   9494   4275     0      0      0      1      0   0.174   0.005   0.001   0.180     3.266
   16   3.2926e+08   3.2926e+08   3.2926e+08   9494   4275     0     *0      0      0      0   0.225   0.006   0.000   0.232     3.498
CG optimal after 16 iterations. UB=329258288.241195 LB=329258004.742835 gap=2.835e+02 tol=3.293e+04  t_LP=3.385  t_PR=0.057  t_SP=0.017  t_Tot=3.506
[bounded-pricing] enabled=1 fired=7422 priced=12500 rate=59.4%

# === STDOUT (result CSV) ===
Setting parameter 'LpMethod' to 2
Setting parameter 'GPUMode' to 2
Setting parameter 'Presolve' to 0
Setting parameter 'Crossover' to 0
instance,formulation,iterations,columns,objective,lower_bound,optimal,time,time_lp,time_pricing,time_separation
data/commalab/grid/grid11,path,16,9219,329258288.241195,329258004.742835,1,3.525,3.385,0.057,0.017
