# cmd: /usr/bin/time -o /tmp/mcfcg_mem_ehwclqfb.txt -f %M build/mcfcg_cli data/commalab/grid/grid10 --solver copt --copt-gpu-mode 2 --formulation tree --max-iters 10000 --bounded-pricing --time-limit 1800.0
# outcome: ok
# returncode: 0
# peak_rss_kb: 544272
# peak_rss_source: measured
# === STDERR (CG iteration log + preamble) ===
Instance: 625 vertices, 2400 arcs, 2000 commodities, 593 sources
Solver: copt (gpu-mode 2), formulation: tree
Pricing threads: 32 (auto)
Slack mode: CommodityRows (struct=593, capped_arcs=2400)
[lp-config] backend=copt version=8.0.1 method=barrier exec=GPU presolve=off crossover=off tol=0.0001 threads=n/a(GPU)
   It           UB           LB       LP_obj   #col   #row  #slk   +col   -col   +cut   -cut    t_LP    t_PR    t_SP   t_Tot     t_acc
    1          inf   9.3978e+06   5.9300e+04   1186    593   593      0      0      0      0   0.354   0.000   0.000   0.355     0.355
    2          inf   9.3980e+06   5.9300e+05   1186    593   593      0      0      0      0   0.163   0.000   0.000   0.163     0.518
    3          inf   1.0510e+07   5.9216e+06   1186    593   590      0      0      0      0   0.156   0.000   0.000   0.156     0.674
    4          inf   5.6755e+07   5.5288e+07   1186    593   495      0      0      0      0   0.154   0.002   0.000   0.156     0.830
    5          inf   1.6218e+08   1.6218e+08   1186    910     1      0      0    317      0   0.157   0.005   0.000   0.162     0.992
    6          inf   1.6218e+08   2.8039e+08   1706    910   271    520      0      0      0   0.210   0.002   0.000   0.214     1.205
    7          inf   1.6218e+08   7.6387e+08   2250    913   299    544      0      3      0   0.228   0.002   0.000   0.231     1.437
    8          inf   1.6218e+08   1.3705e+09   2798    924   201    548      0     11      0   0.235   0.003   0.000   0.239     1.676
    9          inf   1.6218e+08   1.3036e+09   3359    965   158    561      0     41      0   0.246   0.002   0.000   0.250     1.926
   10          inf   1.6218e+08   9.8212e+08   3923   1010   105    564      0     45      0   0.262   0.002   0.000   0.266     2.192
   11          inf   1.6218e+08   1.6511e+08   4393    986     0    557     87     60     84   0.375   0.002   0.000   0.381     2.572
   12          inf   1.6285e+08   1.6463e+08   4669   1017     0    539    263     33      2   0.335   0.002   0.000   0.341     2.913
   13          inf   1.6335e+08   1.6449e+08   4925   1033     0    532    276     17      1   0.327   0.002   0.001   0.333     3.247
   14          inf   1.6355e+08   1.6439e+08   5140   1046     0    524    309     13      0   0.324   0.002   0.001   0.329     3.576
   15          inf   1.6374e+08   1.6432e+08   5264   1050     0    510    386     13      9   0.340   0.002   0.001   0.346     3.922
   16          inf   1.6381e+08   1.6426e+08   5320   1050     0    506    450      8      8   0.332   0.002   0.001   0.339     4.261
   17          inf   1.6389e+08   1.6422e+08   5136   1038     0    492    676      7     19   0.350   0.002   0.001   0.356     4.616
   18          inf   1.6398e+08   1.6418e+08   5038   1026     0    469    567      5     17   0.335   0.002   0.000   0.341     4.958
   19          inf   1.6398e+08   1.6415e+08   4992   1025     0    485    531      9     10   0.338   0.002   0.001   0.345     5.302
   20          inf   1.6403e+08   1.6414e+08   4946   1024     0    450    496      3      4   0.343   0.002   0.001   0.350     5.652
   21          inf   1.6405e+08   1.6413e+08   4884   1022     0    437    499      5      7   0.330   0.002   0.001   0.336     5.988
   22          inf   1.6407e+08   1.6412e+08   4811   1023     0    401    474      6      5   0.354   0.002   0.001   0.360     6.348
   23          inf   1.6408e+08   1.6412e+08   4736   1019     0    407    482      2      6   0.339   0.003   0.001   0.345     6.693
   24          inf   1.6410e+08   1.6412e+08   4665   1020     0    369    440      3      2   0.345   0.002   0.001   0.351     7.044
   25          inf   1.6410e+08   1.6411e+08   4569   1018     0    346    442      2      4   0.347   0.002   0.001   0.353     7.397
   26          inf   1.6410e+08   1.6411e+08   4502   1018     0    311    378      3      3   0.363   0.002   0.001   0.369     7.766
   27          inf   1.6411e+08   1.6411e+08   4424   1018     0    302    380      3      3   0.344   0.002   0.001   0.349     8.115
   28          inf   1.6411e+08   1.6411e+08   4310   1017     0    173    287      1      2   0.354   0.003   0.001   0.360     8.476
   29   1.6411e+08   1.6411e+08   1.6411e+08   4310   1017     0    *25      0      0      0   0.344   0.002   0.001   0.348     8.823
CG optimal after 29 iterations. UB=164110910.218594 LB=164110704.358172 gap=2.059e+02 tol=1.641e+04  t_LP=8.686  t_PR=0.070  t_SP=0.014  t_Tot=8.830
[bounded-pricing] enabled=1 cut=9583 priced=20755 rate=46.2%

# === STDOUT (result CSV) ===
Setting parameter 'LpMethod' to 2
Setting parameter 'GPUMode' to 2
Setting parameter 'Presolve' to 0
Setting parameter 'Crossover' to 0
instance,formulation,iterations,columns,objective,lower_bound,optimal,time,time_lp,time_pricing,time_separation
data/commalab/grid/grid10,tree,29,3717,164110910.218594,164110704.358172,1,8.854,8.686,0.070,0.014
