# cmd: /usr/bin/time -o /tmp/mcfcg_mem_h5qne5bb.txt -f %M build/mcfcg_cli data/commalab/grid/grid6 --solver copt --copt-gpu-mode 2 --formulation path --max-iters 10000 --bounded-pricing --time-limit 1800.0
# outcome: ok
# returncode: 0
# peak_rss_kb: 472304
# peak_rss_source: measured
# === STDERR (CG iteration log + preamble) ===
Instance: 225 vertices, 840 arcs, 200 commodities, 135 sources
Solver: copt (gpu-mode 2), formulation: path
Pricing threads: 32 (auto)
Slack mode: CommodityRows (struct=200, capped_arcs=840)
[lp-config] backend=copt version=8.0.1 method=barrier exec=GPU presolve=off crossover=off tol=0.0001 threads=n/a(GPU)
   It           UB           LB       LP_obj   #col   #row  #slk   +col   -col   +cut   -cut    t_LP    t_PR    t_SP   t_Tot     t_acc
    1          inf   1.8616e+06   1.1258e+06    400    200   198      0      0      0      0   0.344   0.000   0.000   0.344     0.344
    2          inf   8.8143e+06   8.7504e+06    400    213    82      0      0     13      0   0.152   0.000   0.000   0.152     0.496
    3          inf   8.8143e+06   1.7843e+07    481    270    56     81      0     57      0   0.150   0.000   0.000   0.151     0.647
    4          inf   8.8143e+06   2.8483e+07    611    289    72    130      0     19      0   0.167   0.000   0.000   0.168     0.815
    5          inf   8.8143e+06   2.1995e+07    740    314    40    129      0     25      0   0.168   0.000   0.000   0.168     0.983
    6          inf   8.8143e+06   1.1928e+07    870    335     8    134      4     21      0   0.182   0.000   0.000   0.182     1.166
    7          inf   1.0301e+07   1.0423e+07    983    349     0    113      0     14      0   0.194   0.000   0.000   0.194     1.360
    8          inf   1.0371e+07   1.0413e+07   1062    352     0     87      8      3      0   0.200   0.000   0.000   0.201     1.561
    9          inf   1.0390e+07   1.0405e+07   1105    352     0     64     21      6      6   0.195   0.000   0.000   0.196     1.757
   10          inf   1.0394e+07   1.0403e+07   1114    356     0     42     33      5      1   0.195   0.000   0.000   0.196     1.953
   11   1.0402e+07   1.0399e+07   1.0402e+07   1069    350     0     27     72      0      6   0.196   0.000   0.000   0.196     2.149
   12   1.0402e+07   1.0401e+07   1.0402e+07    977    343     0     26    118      0      7   0.195   0.000   0.000   0.196     2.346
   13   1.0402e+07   1.0402e+07   1.0402e+07    977    343     0     *3      0      0      0   0.190   0.000   0.000   0.190     2.536
CG optimal after 13 iterations. UB=10401734.178122 LB=10401650.058126 gap=8.412e+01 tol=1.040e+03  t_LP=2.527  t_PR=0.005  t_SP=0.002  t_Tot=2.538
[bounded-pricing] enabled=1 cut=1391 priced=2160 rate=64.4%

# === STDOUT (result CSV) ===
Setting parameter 'LpMethod' to 2
Setting parameter 'GPUMode' to 2
Setting parameter 'Presolve' to 0
Setting parameter 'Crossover' to 0
instance,formulation,iterations,columns,objective,lower_bound,optimal,time,time_lp,time_pricing,time_separation
data/commalab/grid/grid6,path,13,777,10401734.178122,10401650.058126,1,2.556,2.527,0.005,0.002
