# cmd: /usr/bin/time -o /tmp/mcfcg_mem_aidsk4el.txt -f %M build/mcfcg_cli data/commalab/grid/grid14 --solver copt --copt-gpu-mode 2 --formulation tree --max-iters 10000 --bounded-pricing --time-limit 1800.0
# outcome: ok
# returncode: 0
# peak_rss_kb: 594204
# peak_rss_source: measured
# === STDERR (CG iteration log + preamble) ===
Instance: 1225 vertices, 4760 arcs, 16000 commodities, 1225 sources
Solver: copt (gpu-mode 2), formulation: tree
Pricing threads: 32 (auto)
Slack mode: CommodityRows (struct=1225, capped_arcs=4760)
[lp-config] backend=copt version=8.0.1 method=barrier exec=GPU presolve=off crossover=off tol=0.0001 threads=n/a(GPU)
   It           UB           LB       LP_obj   #col   #row  #slk   +col   -col   +cut   -cut    t_LP    t_PR    t_SP   t_Tot     t_acc
    1          inf   7.4250e+07   1.2250e+05   2450   1225  1225      0      0      0      0   0.254   0.001   0.001   0.256     0.256
    2          inf   7.4250e+07   1.2250e+06   2450   1225  1225      0      0      0      0   0.034   0.001   0.001   0.035     0.290
    3          inf   7.4250e+07   1.2250e+07   2450   1225  1225      0      0      0      0   0.030   0.001   0.001   0.031     0.322
    4          inf   1.5029e+08   1.2250e+08   2450   1225  1225      0      0      0      0   0.029   0.001   0.002   0.032     0.353
    5          inf   1.1734e+09   1.1712e+09   2450   1225   967      0      0      0      0   0.034   0.013   0.001   0.047     0.401
    6          inf   1.7977e+09   1.7977e+09   2450   1442     0      0      0    217      0   0.042   0.026   0.002   0.070     0.470
    7          inf   1.7977e+09   4.6145e+09   3670   1442   606   1220      0      0      0   0.141   0.012   0.001   0.159     0.629
    8          inf   1.7977e+09   5.6097e+09   4892   1442   449   1222      0      0      0   0.197   0.013   0.001   0.215     0.844
    9          inf   1.7977e+09   6.4545e+09   6116   1456   315   1224      0     14      0   0.201   0.013   0.001   0.221     1.065
   10          inf   1.7977e+09   3.7732e+09   7341   1476    83   1225      0     20      0   0.229   0.012   0.001   0.249     1.314
   11          inf   1.7977e+09   1.8059e+09   8564   1498     0   1223      0     22      0   0.351   0.012   0.003   0.372     1.686
   12          inf   1.7997e+09   1.8047e+09   9585   1410     0   1224    203     10     98   0.371   0.011   0.002   0.397     2.083
   13          inf   1.8012e+09   1.8040e+09  10258   1423     0   1221    548     13      0   0.239   0.012   0.003   0.265     2.347
   14          inf   1.8014e+09   1.8035e+09  10823   1425     0   1216    651      5      3   0.302   0.013   0.003   0.331     2.678
   15          inf   1.8020e+09   1.8032e+09  11110   1426     0   1205    918      7      6   0.321   0.014   0.002   0.351     3.029
   16          inf   1.8022e+09   1.8030e+09  10793   1422     0   1190   1507      1      5   0.314   0.013   0.003   0.345     3.374
   17          inf   1.8023e+09   1.8029e+09  10415   1415     0   1169   1547      4     11   0.298   0.011   0.003   0.326     3.701
   18          inf   1.8025e+09   1.8028e+09  10256   1409     0   1152   1311      1      7   0.306   0.012   0.002   0.334     4.034
   19          inf   1.8025e+09   1.8027e+09  10169   1402     0   1082   1169      1      8   0.260   0.012   0.002   0.288     4.322
   20          inf   1.8026e+09   1.8027e+09  10048   1401     0   1070   1191      4      5   0.293   0.012   0.003   0.321     4.643
   21          inf   1.8026e+09   1.8027e+09   9794   1402     0    963   1217      5      4   0.313   0.012   0.002   0.341     4.984
   22          inf   1.8027e+09   1.8027e+09   9536   1401     0    819   1077      1      2   0.318   0.012   0.002   0.344     5.328
   23          inf   1.8027e+09   1.8027e+09   9145   1398     0    592    983      2      5   0.295   0.012   0.002   0.320     5.649
   24          inf   1.8027e+09   1.8027e+09   8574   1397     0    199    770      1      2   0.281   0.012   0.002   0.306     5.955
   25   1.8027e+09   1.8027e+09   1.8027e+09   8574   1397     0    *26      0      0      0   0.258   0.012   0.002   0.272     6.227
CG optimal after 25 iterations. UB=1802672991.085350 LB=1802671156.983403 gap=1.834e+03 tol=1.803e+05  t_LP=5.709  t_PR=0.291  t_SP=0.047  t_Tot=6.244
[bounded-pricing] enabled=1 fired=18551 priced=39200 rate=47.3%

# === STDOUT (result CSV) ===
Setting parameter 'LpMethod' to 2
Setting parameter 'GPUMode' to 2
Setting parameter 'Presolve' to 0
Setting parameter 'Crossover' to 0
instance,formulation,iterations,columns,objective,lower_bound,optimal,time,time_lp,time_pricing,time_separation
data/commalab/grid/grid14,tree,25,7349,1802672991.085350,1802671156.983403,1,6.269,5.709,0.291,0.047
