# cmd: /usr/bin/time -o /tmp/mcfcg_mem_n1j10er8.txt -f %M build/mcfcg_cli data/commalab/grid/grid9 --solver copt --copt-gpu-mode 2 --formulation tree --max-iters 10000 --bounded-pricing --time-limit 1800.0
# outcome: ok
# returncode: 0
# peak_rss_kb: 523980
# peak_rss_source: measured
# === STDERR (CG iteration log + preamble) ===
Instance: 625 vertices, 2400 arcs, 1000 commodities, 495 sources
Solver: copt (gpu-mode 2), formulation: tree
Pricing threads: 32 (auto)
Slack mode: CommodityRows (struct=495, capped_arcs=2400)
[lp-config] backend=copt version=8.0.1 method=barrier exec=GPU presolve=off crossover=off tol=0.0001 threads=n/a(GPU)
   It           UB           LB       LP_obj   #col   #row  #slk   +col   -col   +cut   -cut    t_LP    t_PR    t_SP   t_Tot     t_acc
    1          inf   4.7986e+06   4.9500e+04    990    495   495      0      0      0      0   0.353   0.000   0.000   0.354     0.354
    2          inf   4.7987e+06   4.9500e+05    990    495   495      0      0      0      0   0.160   0.000   0.000   0.161     0.514
    3          inf   6.7889e+06   4.9481e+06    990    495   493      0      0      0      0   0.156   0.000   0.000   0.156     0.671
    4          inf   4.2278e+07   4.1744e+07    990    495   314      0      0      0      0   0.154   0.002   0.000   0.156     0.826
    5          inf   8.1702e+07   8.1702e+07    990    822     0      0      0    327      0   0.158   0.003   0.000   0.162     0.989
    6          inf   8.1702e+07   1.7605e+08   1392    822   253    402      0      0      0   0.201   0.002   0.000   0.204     1.193
    7          inf   8.1702e+07   5.2113e+08   1810    826   224    418      0      4      0   0.227   0.002   0.000   0.230     1.422
    8          inf   8.1702e+07   6.8576e+08   2243    881   143    433      0     55      0   0.227   0.002   0.000   0.230     1.652
    9          inf   8.1702e+07   6.2611e+08   2683    918   109    440      0     37      0   0.246   0.002   0.000   0.249     1.901
   10          inf   8.1702e+07   1.4245e+08   3114    984    26    431      0     66      0   0.293   0.002   0.000   0.296     2.197
   11          inf   8.1702e+07   8.2942e+07   3457    921     0    430     87     24     87   0.340   0.002   0.000   0.344     2.540
   12          inf   8.2258e+07   8.2834e+07   3713    950     0    403    147     29      0   0.291   0.002   0.000   0.294     2.835
   13          inf   8.2328e+07   8.2789e+07   3959    955     0    389    143      9      4   0.297   0.001   0.000   0.301     3.135
   14          inf   8.2452e+07   8.2747e+07   4130    962     0    378    207     17     10   0.316   0.002   0.001   0.320     3.455
   15          inf   8.2516e+07   8.2718e+07   4188    966     0    350    292     13      9   0.317   0.002   0.000   0.321     3.776
   16          inf   8.2538e+07   8.2696e+07   4005    954     0    328    511     14     26   0.310   0.002   0.000   0.314     4.090
   17          inf   8.2573e+07   8.2683e+07   3844    951     0    307    468      9     12   0.302   0.002   0.000   0.306     4.396
   18          inf   8.2596e+07   8.2672e+07   3771    946     0    295    368      7     12   0.308   0.002   0.000   0.312     4.708
   19          inf   8.2619e+07   8.2663e+07   3659    944     0    275    387      5      7   0.314   0.002   0.000   0.318     5.026
   20          inf   8.2634e+07   8.2658e+07   3554    944     0    231    336      4      4   0.304   0.001   0.000   0.308     5.334
   21          inf   8.2639e+07   8.2656e+07   3471    940     0    233    316      1      5   0.307   0.002   0.000   0.311     5.645
   22          inf   8.2645e+07   8.2654e+07   3366    941     0    204    309      5      4   0.319   0.002   0.000   0.323     5.967
   23          inf   8.2650e+07   8.2653e+07   3262    933     0    163    267      2     10   0.332   0.002   0.000   0.336     6.303
   24          inf   8.2651e+07   8.2653e+07   3088    927     0     99    273      1      7   0.326   0.001   0.000   0.329     6.632
   25          inf   8.2653e+07   8.2653e+07   2963    925     0     84    209      3      5   0.303   0.002   0.000   0.307     6.939
   26          inf   8.2653e+07   8.2653e+07   2901    921     0     81    143      1      5   0.301   0.002   0.000   0.304     7.243
   27   8.2653e+07   8.2653e+07   8.2653e+07   2901    921     0     *7      0      0      0   0.290   0.002   0.000   0.292     7.535
CG optimal after 27 iterations. UB=82652972.467178 LB=82652925.024701 gap=4.744e+01 tol=8.265e+03  t_LP=7.450  t_PR=0.048  t_SP=0.010  t_Tot=7.541
[bounded-pricing] enabled=1 cut=9455 priced=16335 rate=57.9%

# === STDOUT (result CSV) ===
Setting parameter 'LpMethod' to 2
Setting parameter 'GPUMode' to 2
Setting parameter 'Presolve' to 0
Setting parameter 'Crossover' to 0
instance,formulation,iterations,columns,objective,lower_bound,optimal,time,time_lp,time_pricing,time_separation
data/commalab/grid/grid9,tree,27,2406,82652972.467178,82652925.024701,1,7.563,7.450,0.048,0.010
