# cmd: /usr/bin/time -o /tmp/mcfcg_mem_rxj7jn0v.txt -f %M build/mcfcg_cli data/commalab/grid/grid12 --solver copt --copt-gpu-mode 2 --formulation tree --max-iters 10000 --bounded-pricing --time-limit 1800.0
# outcome: ok
# returncode: 0
# peak_rss_kb: 561316
# peak_rss_source: measured
# === STDERR (CG iteration log + preamble) ===
Instance: 900 vertices, 3480 arcs, 6000 commodities, 899 sources
Solver: copt (gpu-mode 2), formulation: tree
Pricing threads: 32 (auto)
Slack mode: CommodityRows (struct=899, capped_arcs=3480)
[lp-config] backend=copt version=8.0.1 method=barrier exec=GPU presolve=off crossover=off tol=0.0001 threads=n/a(GPU)
   It           UB           LB       LP_obj   #col   #row  #slk   +col   -col   +cut   -cut    t_LP    t_PR    t_SP   t_Tot     t_acc
    1          inf   2.7699e+07   8.9900e+04   1798    899   899      0      0      0      0   0.359   0.000   0.000   0.360     0.360
    2          inf   2.7699e+07   8.9900e+05   1798    899   899      0      0      0      0   0.169   0.000   0.000   0.170     0.530
    3          inf   2.7852e+07   8.9900e+06   1798    899   899      0      0      0      0   0.157   0.000   0.000   0.158     0.687
    4          inf   9.6109e+07   8.9531e+07   1798    899   884      0      0      0      0   0.157   0.001   0.000   0.158     0.846
    5          inf   5.4946e+08   5.4926e+08   1798   1027   122      0      0    128      0   0.161   0.012   0.001   0.173     1.019
    6          inf   5.4946e+08   8.0124e+08   2630   1027   486    838      6      0      0   0.209   0.006   0.000   0.218     1.237
    7          inf   5.4946e+08   1.5191e+09   3495   1038   343    865      0     11      0   0.216   0.006   0.000   0.225     1.462
    8          inf   5.4946e+08   1.2550e+09   4369   1097   110    874      0     59      0   0.220   0.006   0.001   0.229     1.690
    9          inf   5.4946e+08   1.0888e+09   5258   1126    77    889      0     29      0   0.263   0.006   0.001   0.272     1.962
   10          inf   5.7147e+08   5.7840e+08   6141   1155     0    883      0     29      0   0.360   0.006   0.001   0.370     2.332
   11          inf   5.7609e+08   5.7800e+08   6876   1145     0    880    145     18     28   0.329   0.006   0.001   0.341     2.673
   12          inf   5.7649e+08   5.7769e+08   7422   1160     0    860    314     16      1   0.313   0.006   0.001   0.326     3.000
   13          inf   5.7675e+08   5.7750e+08   7851   1169     0    856    427     11      2   0.339   0.006   0.001   0.352     3.351
   14          inf   5.7694e+08   5.7737e+08   8029   1159     0    819    641      4     14   0.329   0.007   0.001   0.344     3.695
   15          inf   5.7702e+08   5.7728e+08   7805   1159     0    805   1029      8      8   0.340   0.005   0.001   0.353     4.048
   16          inf   5.7710e+08   5.7723e+08   7473   1150     0    787   1119      6     15   0.325   0.005   0.001   0.337     4.386
   17          inf   5.7714e+08   5.7720e+08   7229   1140     0    670    914      1     11   0.334   0.006   0.001   0.348     4.734
   18          inf   5.7717e+08   5.7719e+08   7000   1135     0    623    852      2      7   0.330   0.006   0.001   0.343     5.077
   19          inf   5.7718e+08   5.7719e+08   6698   1128     0    503    805      1      8   0.350   0.005   0.002   0.362     5.439
   20          inf   5.7719e+08   5.7719e+08   6211   1127     0    276    763      3      4   0.328   0.006   0.001   0.340     5.779
   21          inf   5.7719e+08   5.7719e+08   5637   1122     0    116    690      1      6   0.316   0.006   0.001   0.328     6.107
   22   5.7719e+08   5.7719e+08   5.7719e+08   5637   1122     0    *14      0      0      0   0.293   0.005   0.001   0.300     6.407
CG optimal after 22 iterations. UB=577186508.309167 LB=577185962.887872 gap=5.454e+02 tol=5.772e+04  t_LP=6.200  t_PR=0.126  t_SP=0.017  t_Tot=6.421
[bounded-pricing] enabled=1 cut=12690 priced=25172 rate=50.4%

# === STDOUT (result CSV) ===
Setting parameter 'LpMethod' to 2
Setting parameter 'GPUMode' to 2
Setting parameter 'Presolve' to 0
Setting parameter 'Crossover' to 0
instance,formulation,iterations,columns,objective,lower_bound,optimal,time,time_lp,time_pricing,time_separation
data/commalab/grid/grid12,tree,22,4738,577186508.309167,577185962.887872,1,6.448,6.200,0.126,0.017
