# cmd: /usr/bin/time -o /tmp/mcfcg_mem_q6x6v8xu.txt -f %M build/mcfcg_cli data/commalab/grid/grid15 --solver copt --copt-gpu-mode 2 --formulation path --max-iters 10000 --bounded-pricing --time-limit 1800.0
# outcome: ok
# returncode: 0
# peak_rss_kb: 959228
# peak_rss_source: measured
# === STDERR (CG iteration log + preamble) ===
Instance: 1225 vertices, 4760 arcs, 32000 commodities, 1225 sources
Solver: copt (gpu-mode 2), formulation: path
Pricing threads: 32 (auto)
Slack mode: EdgeRows (struct=32000, capped_arcs=4760)
[lp-config] backend=copt version=8.0.1 method=barrier exec=GPU presolve=off crossover=off tol=0.0001 threads=n/a(GPU)
   It           UB           LB       LP_obj   #col   #row  #slk   +col   -col   +cut   -cut    t_LP    t_PR    t_SP   t_Tot     t_acc
    1          inf   3.5815e+09   3.5815e+09  32258  32258     0      0      0    258      0   0.386   0.025   0.006   0.418     0.418
    2          inf   3.5815e+09   4.0496e+09  56579  32258   258  24321      0      0      0   0.598   0.014   0.001   0.626     1.044
    3          inf   3.5815e+09   3.6015e+09  72007  32353     0  15333      0     95      0   0.636   0.013   0.008   0.671     1.715
    4          inf   3.5815e+09   3.6011e+09  91043  32371     5  19018      0     18      0   1.123   0.014   0.008   1.163     2.878
    5          inf   3.5892e+09   3.5959e+09 104980  32378     0  13930      0      7      0   1.112   0.014   0.010   1.151     4.029
    6          inf   3.5920e+09   3.5943e+09 114814  32387     0   9825      0      9      0   1.127   0.014   0.013   1.165     5.194
    7          inf   3.5929e+09   3.5938e+09 122465  32390     0   7648      0      3      0   1.449   0.013   0.016   1.490     6.684
    8          inf   3.5934e+09   3.5936e+09 111540  32283     0   3453  14271      2    109   1.496   0.013   0.017   1.615     8.299
    9          inf   3.5935e+09   3.5935e+09 101254  32235     0    597  10835      1     49   1.280   0.014   0.013   1.373     9.672
   10          inf   3.5935e+09   3.5935e+09  82098  32224     0    663  19808      1     12   0.995   0.010   0.010   1.069    10.741
   11   3.5935e+09   3.5935e+09   3.5935e+09  82098  32224     0     *5      0      0      0   0.779   0.012   0.002   0.794    11.535
CG optimal after 11 iterations. UB=3593521818.095552 LB=3593517903.340179 gap=3.915e+03 tol=3.594e+05  t_LP=10.980  t_PR=0.200  t_SP=0.103  t_Tot=11.579
[bounded-pricing] enabled=1 cut=7296 priced=15925 rate=45.8%

# === STDOUT (result CSV) ===
Setting parameter 'LpMethod' to 2
Setting parameter 'GPUMode' to 2
Setting parameter 'Presolve' to 0
Setting parameter 'Crossover' to 0
instance,formulation,iterations,columns,objective,lower_bound,optimal,time,time_lp,time_pricing,time_separation
data/commalab/grid/grid15,path,11,81874,3593521818.095552,3593517903.340179,1,11.649,10.980,0.200,0.103
