# cmd: /usr/bin/time -o /tmp/mcfcg_mem_80mlot2n.txt -f %M build/mcfcg_cli data/commalab/grid/grid2 --solver copt --copt-gpu-mode 2 --formulation path --max-iters 10000 --bounded-pricing --time-limit 1800.0
# outcome: ok
# returncode: 0
# peak_rss_kb: 463776
# peak_rss_source: measured
# === STDERR (CG iteration log + preamble) ===
Instance: 25 vertices, 80 arcs, 100 commodities, 25 sources
Solver: copt (gpu-mode 2), formulation: path
Pricing threads: 32 (auto)
Slack mode: EdgeRows (struct=100, capped_arcs=80)
[lp-config] backend=copt version=8.0.1 method=barrier exec=GPU presolve=off crossover=off tol=0.0001 threads=n/a(GPU)
   It           UB           LB       LP_obj   #col   #row  #slk   +col   -col   +cut   -cut    t_LP    t_PR    t_SP   t_Tot     t_acc
    1          inf   1.6769e+06   1.6769e+06    117    117     0      0      0     17      0   0.345   0.000   0.000   0.345     0.345
    2          inf   1.6769e+06   2.0390e+06    177    117    17     60      0      0      0   0.158   0.000   0.000   0.159     0.504
    3          inf   1.6845e+06   1.7041e+06    203    125     0     18      0      8      0   0.154   0.000   0.000   0.154     0.658
    4          inf   1.6845e+06   1.7347e+06    246    132     2     36      0      7      0   0.153   0.000   0.000   0.153     0.811
    5          inf   1.7029e+06   1.7055e+06    254    136     0      4      0      4      0   0.157   0.001   0.000   0.158     0.969
    6          inf   1.7029e+06   1.7063e+06    264    137     0      9      0      1      0   0.155   0.000   0.000   0.156     1.125
    7   1.7054e+06   1.7052e+06   1.7054e+06    270    137     0      6      0      0      0   0.154   0.000   0.000   0.155     1.279
    8   1.7054e+06   1.7054e+06   1.7054e+06    270    137     0     *0      0      0      0   0.159   0.000   0.000   0.160     1.439
CG optimal after 8 iterations. UB=1705378.000000 LB=1705376.847981 gap=1.152e+00 tol=1.705e+02  t_LP=1.436  t_PR=0.003  t_SP=0.000  t_Tot=1.440
[bounded-pricing] enabled=1 cut=187 priced=275 rate=68.0%

# === STDOUT (result CSV) ===
Setting parameter 'LpMethod' to 2
Setting parameter 'GPUMode' to 2
Setting parameter 'Presolve' to 0
Setting parameter 'Crossover' to 0
instance,formulation,iterations,columns,objective,lower_bound,optimal,time,time_lp,time_pricing,time_separation
data/commalab/grid/grid2,path,8,233,1705378.000000,1705376.847981,1,1.457,1.436,0.003,0.000
