# cmd: /usr/bin/time -o /tmp/mcfcg_mem_mhrxrqfa.txt -f %M build/mcfcg_cli data/commalab/grid/grid8 --solver copt --copt-gpu-mode 2 --formulation path --max-iters 10000 --bounded-pricing --time-limit 1800.0
# outcome: ok
# returncode: 0
# peak_rss_kb: 490640
# peak_rss_source: measured
# === STDERR (CG iteration log + preamble) ===
Instance: 625 vertices, 2400 arcs, 500 commodities, 343 sources
Solver: copt (gpu-mode 2), formulation: path
Pricing threads: 32 (auto)
Slack mode: CommodityRows (struct=500, capped_arcs=2400)
[lp-config] backend=copt version=8.0.1 method=barrier exec=GPU presolve=off crossover=off tol=0.0001 threads=n/a(GPU)
   It           UB           LB       LP_obj   #col   #row  #slk   +col   -col   +cut   -cut    t_LP    t_PR    t_SP   t_Tot     t_acc
    1          inf   4.5016e+06   2.7778e+06   1000    500   499      0      0      0      0   0.343   0.000   0.000   0.344     0.344
    2          inf   2.5344e+07   2.5136e+07   1000    500   349      0      0      0      0   0.154   0.001   0.000   0.155     0.499
    3          inf   4.1328e+07   4.1328e+07   1000    776     0      0      0    276      0   0.144   0.004   0.000   0.149     0.648
    4          inf   4.1328e+07   1.0076e+08   1369    776   208    369      0      0      0   0.197   0.001   0.000   0.198     0.846
    5          inf   4.1328e+07   2.3437e+08   1721    799   176    352      0     23      0   0.201   0.001   0.000   0.203     1.049
    6          inf   4.1328e+07   1.6668e+08   2092    847    92    371      0     48      0   0.209   0.001   0.000   0.211     1.260
    7          inf   4.1328e+07   5.5419e+07   2460    908    23    368      0     61      0   0.250   0.001   0.000   0.252     1.513
    8          inf   4.1384e+07   4.1799e+07   2791    932     0    331      0     24      0   0.275   0.001   0.000   0.277     1.790
    9          inf   4.1620e+07   4.1763e+07   3016    858     0    268     43      9     83   0.281   0.001   0.000   0.283     2.073
   10          inf   4.1640e+07   4.1740e+07   3160    876     0    249    105     18      0   0.249   0.001   0.000   0.252     2.325
   11          inf   4.1662e+07   4.1728e+07   3267    879     0    217    110      7      4   0.260   0.001   0.000   0.263     2.587
   12          inf   4.1680e+07   4.1720e+07   3205    872     0    183    245      2      9   0.256   0.001   0.000   0.258     2.846
   13          inf   4.1694e+07   4.1715e+07   2955    851     0    147    397      4     25   0.261   0.001   0.000   0.263     3.109
   14          inf   4.1703e+07   4.1713e+07   2731    840     0    101    325      4     15   0.249   0.001   0.000   0.251     3.360
   15          inf   4.1707e+07   4.1712e+07   2569    832     0     69    231      1      9   0.265   0.001   0.000   0.267     3.627
   16          inf   4.1710e+07   4.1711e+07   2401    820     0     50    218      5     17   0.259   0.001   0.000   0.262     3.889
   17          inf   4.1711e+07   4.1711e+07   2219    813     0     10    192      1      8   0.248   0.001   0.000   0.250     4.139
   18          inf   4.1711e+07   4.1711e+07   2094    810     0      7    132      1      4   0.249   0.001   0.000   0.251     4.390
   19   4.1711e+07   4.1711e+07   4.1711e+07   2094    810     0    *19      0      0      0   0.240   0.001   0.000   0.241     4.631
CG optimal after 19 iterations. UB=41710995.600206 LB=41710963.854447 gap=3.175e+01 tol=4.171e+03  t_LP=4.590  t_PR=0.027  t_SP=0.006  t_Tot=4.636
[bounded-pricing] enabled=1 cut=5146 priced=7889 rate=65.2%

# === STDOUT (result CSV) ===
Setting parameter 'LpMethod' to 2
Setting parameter 'GPUMode' to 2
Setting parameter 'Presolve' to 0
Setting parameter 'Crossover' to 0
instance,formulation,iterations,columns,objective,lower_bound,optimal,time,time_lp,time_pricing,time_separation
data/commalab/grid/grid8,path,19,1594,41710995.600206,41710963.854447,1,4.656,4.590,0.027,0.006
