# cmd: /usr/bin/time -o /tmp/mcfcg_mem_xd9z2vij.txt -f %M build/mcfcg_cli data/commalab/grid/grid6 --solver copt --copt-gpu-mode 2 --formulation tree --max-iters 10000 --bounded-pricing --time-limit 1800.0
# outcome: ok
# returncode: 0
# peak_rss_kb: 474940
# peak_rss_source: measured
# === STDERR (CG iteration log + preamble) ===
Instance: 225 vertices, 840 arcs, 200 commodities, 135 sources
Solver: copt (gpu-mode 2), formulation: tree
Pricing threads: 32 (auto)
Slack mode: CommodityRows (struct=135, capped_arcs=840)
[lp-config] backend=copt version=8.0.1 method=barrier exec=GPU presolve=off crossover=off tol=0.0001 threads=n/a(GPU)
   It           UB           LB       LP_obj   #col   #row  #slk   +col   -col   +cut   -cut    t_LP    t_PR    t_SP   t_Tot     t_acc
    1          inf   1.0031e+06   1.3500e+04    270    135   135      0      0      0      0   0.352   0.000   0.000   0.352     0.352
    2          inf   1.0031e+06   1.3500e+05    270    135   135      0      0      0      0   0.160   0.000   0.000   0.160     0.512
    3          inf   1.7184e+06   1.3338e+06    270    135   130      0      0      0      0   0.152   0.001   0.000   0.153     0.664
    4          inf   8.3296e+06   8.2519e+06    270    158    35      0      0     23      0   0.153   0.000   0.000   0.153     0.818
    5          inf   8.3296e+06   1.6194e+07    352    202    62     82      0     44      0   0.154   0.000   0.000   0.154     0.972
    6          inf   8.3296e+06   4.6956e+07    451    213    60    100      1     11      0   0.161   0.000   0.000   0.161     1.134
    7          inf   8.3296e+06   5.7345e+07    550    227    31     99      0     14      0   0.171   0.000   0.000   0.172     1.305
    8          inf   8.3296e+06   1.4221e+07    640    249     6     90      0     22      0   0.179   0.000   0.000   0.179     1.485
    9          inf   8.3296e+06   1.2124e+07    725    256     1     85      0      7      0   0.193   0.000   0.000   0.193     1.678
   10          inf   1.0343e+07   1.0419e+07    794    265     0     83     14      9      0   0.191   0.000   0.000   0.192     1.870
   11          inf   1.0362e+07   1.0415e+07    850    265     0     73     17      5      5   0.195   0.000   0.000   0.196     2.066
   12          inf   1.0378e+07   1.0408e+07    879    268     0     60     31      4      1   0.192   0.000   0.000   0.193     2.259
   13          inf   1.0390e+07   1.0405e+07    886    270     0     54     47      4      2   0.188   0.000   0.000   0.189     2.448
   14          inf   1.0392e+07   1.0404e+07    860    269     0     49     75      2      3   0.189   0.000   0.000   0.190     2.638
   15   1.0402e+07   1.0396e+07   1.0402e+07    826    267     0     40     74      0      2   0.190   0.000   0.000   0.191     2.829
   16   1.0402e+07   1.0399e+07   1.0402e+07    767    265     0     19     78      3      5   0.188   0.000   0.000   0.188     3.017
   17   1.0402e+07   1.0399e+07   1.0402e+07    733    260     0     33     67      1      6   0.186   0.000   0.000   0.187     3.205
   18   1.0402e+07   1.0400e+07   1.0402e+07    702    260     0     15     46      1      1   0.190   0.000   0.000   0.191     3.395
   19   1.0402e+07   1.0401e+07   1.0402e+07    669    259     0     13     46      1      2   0.193   0.000   0.000   0.193     3.589
   20   1.0402e+07   1.0401e+07   1.0402e+07    634    258     0      7     42      1      2   0.195   0.000   0.000   0.196     3.785
   21   1.0402e+07   1.0401e+07   1.0402e+07    634    258     0     *2      0      0      0   0.191   0.000   0.000   0.191     3.976
CG optimal after 21 iterations. UB=10401537.242948 LB=10401482.212269 gap=5.503e+01 tol=1.040e+03  t_LP=3.962  t_PR=0.008  t_SP=0.003  t_Tot=3.979
[bounded-pricing] enabled=1 cut=2471 priced=3510 rate=70.4%

# === STDOUT (result CSV) ===
Setting parameter 'LpMethod' to 2
Setting parameter 'GPUMode' to 2
Setting parameter 'Presolve' to 0
Setting parameter 'Crossover' to 0
instance,formulation,iterations,columns,objective,lower_bound,optimal,time,time_lp,time_pricing,time_separation
data/commalab/grid/grid6,tree,21,499,10401537.242948,10401482.212269,1,3.996,3.962,0.008,0.003
