# cmd: /usr/bin/time -o /tmp/mcfcg_mem_len5ktk3.txt -f %M build/mcfcg_cli data/commalab/grid/grid11 --solver copt --copt-gpu-mode 2 --formulation tree --max-iters 10000 --bounded-pricing --time-limit 1800.0
# outcome: ok
# returncode: 0
# peak_rss_kb: 503456
# peak_rss_source: measured
# === STDERR (CG iteration log + preamble) ===
Instance: 625 vertices, 2400 arcs, 4000 commodities, 625 sources
Solver: copt (gpu-mode 2), formulation: tree
Pricing threads: 32 (auto)
Slack mode: CommodityRows (struct=625, capped_arcs=2400)
[lp-config] backend=copt version=8.0.1 method=barrier exec=GPU presolve=off crossover=off tol=0.0001 threads=n/a(GPU)
   It           UB           LB       LP_obj   #col   #row  #slk   +col   -col   +cut   -cut    t_LP    t_PR    t_SP   t_Tot     t_acc
    1          inf   1.8834e+07   6.2500e+04   1250    625   625      0      0      0      0   0.246   0.000   0.000   0.247     0.247
    2          inf   1.8834e+07   6.2500e+05   1250    625   625      0      0      0      0   0.029   0.000   0.000   0.029     0.276
    3          inf   1.8965e+07   6.2500e+06   1250    625   625      0      0      0      0   0.027   0.000   0.000   0.028     0.304
    4          inf   6.6412e+07   6.2161e+07   1250    625   613      0      0      0      0   0.029   0.001   0.000   0.030     0.334
    5          inf   3.2197e+08   3.2192e+08   1250    817    31      0      0    192      0   0.030   0.005   0.000   0.035     0.370
    6          inf   3.2197e+08   4.3436e+08   1849    817   305    599      0      0      0   0.075   0.003   0.000   0.080     0.450
    7          inf   3.2197e+08   1.1206e+09   2453    819   310    604      0      2      0   0.093   0.003   0.000   0.098     0.548
    8          inf   3.2197e+08   1.3957e+09   3069    841   167    616      0     22      0   0.102   0.003   0.000   0.106     0.654
    9          inf   3.2197e+08   1.0416e+09   3689    863   103    620      0     22      0   0.116   0.003   0.000   0.121     0.775
   10          inf   3.2197e+08   4.0967e+08   4309    921    12    620      0     58      0   0.153   0.003   0.001   0.158     0.933
   11          inf   3.2197e+08   3.3056e+08   4840    889     0    620     89     11     43   0.209   0.002   0.001   0.215     1.148
   12          inf   3.2802e+08   3.3010e+08   5088    907     0    610    362     19      1   0.153   0.003   0.001   0.159     1.308
   13          inf   3.2844e+08   3.2985e+08   5426    915     0    604    266      9      1   0.159   0.002   0.001   0.165     1.473
   14          inf   3.2868e+08   3.2967e+08   5661    923     0    600    365     11      3   0.165   0.003   0.001   0.172     1.645
   15          inf   3.2875e+08   3.2953e+08   5791    927     0    599    469      8      4   0.189   0.003   0.001   0.197     1.842
   16          inf   3.2889e+08   3.2944e+08   5627    917     0    585    749     11     21   0.191   0.003   0.001   0.198     2.040
   17          inf   3.2905e+08   3.2937e+08   5419    912     0    577    785      7     12   0.193   0.003   0.001   0.200     2.240
   18          inf   3.2910e+08   3.2933e+08   5405    913     0    575    589      8      7   0.176   0.003   0.001   0.184     2.424
   19          inf   3.2915e+08   3.2930e+08   5349    911     0    549    605      3      5   0.182   0.003   0.001   0.190     2.613
   20          inf   3.2919e+08   3.2928e+08   5338    911     0    538    549      6      6   0.178   0.003   0.001   0.186     2.799
   21          inf   3.2923e+08   3.2927e+08   5267    914     0    498    569      9      6   0.186   0.003   0.001   0.193     2.993
   22          inf   3.2924e+08   3.2926e+08   5198    910     0    504    573      2      6   0.196   0.003   0.001   0.203     3.196
   23          inf   3.2925e+08   3.2926e+08   5110    908     0    458    546      3      5   0.202   0.003   0.001   0.209     3.405
   24   3.2926e+08   3.2926e+08   3.2926e+08   5110    908     0   *436      0      0      0   0.206   0.002   0.001   0.209     3.614
CG optimal after 24 iterations. UB=329258556.629422 LB=329255904.427260 gap=2.652e+03 tol=3.293e+04  t_LP=3.486  t_PR=0.064  t_SP=0.013  t_Tot=3.622
[bounded-pricing] enabled=1 fired=7309 priced=18750 rate=39.0%

# === STDOUT (result CSV) ===
Setting parameter 'LpMethod' to 2
Setting parameter 'GPUMode' to 2
Setting parameter 'Presolve' to 0
Setting parameter 'Crossover' to 0
instance,formulation,iterations,columns,objective,lower_bound,optimal,time,time_lp,time_pricing,time_separation
data/commalab/grid/grid11,tree,24,4485,329258556.629422,329255904.427260,1,3.638,3.486,0.064,0.013
