# cmd: /usr/bin/time -o /tmp/mcfcg_mem_92shb9sd.txt -f %M build/mcfcg_cli data/commalab/grid/grid15 --solver copt --copt-gpu-mode 2 --formulation tree --max-iters 10000 --bounded-pricing --time-limit 1800.0
# outcome: ok
# returncode: 0
# peak_rss_kb: 666464
# peak_rss_source: measured
# === STDERR (CG iteration log + preamble) ===
Instance: 1225 vertices, 4760 arcs, 32000 commodities, 1225 sources
Solver: copt (gpu-mode 2), formulation: tree
Pricing threads: 32 (auto)
Slack mode: CommodityRows (struct=1225, capped_arcs=4760)
[lp-config] backend=copt version=8.0.1 method=barrier exec=GPU presolve=off crossover=off tol=0.0001 threads=n/a(GPU)
   It           UB           LB       LP_obj   #col   #row  #slk   +col   -col   +cut   -cut    t_LP    t_PR    t_SP   t_Tot     t_acc
    1          inf   1.4824e+08   1.2250e+05   2450   1225  1225      0      0      0      0   0.253   0.001   0.001   0.254     0.254
    2          inf   1.4824e+08   1.2250e+06   2450   1225  1225      0      0      0      0   0.036   0.001   0.001   0.037     0.291
    3          inf   1.4824e+08   1.2250e+07   2450   1225  1225      0      0      0      0   0.030   0.001   0.001   0.031     0.322
    4          inf   1.5769e+08   1.2250e+08   2450   1225  1225      0      0      0      0   0.029   0.001   0.001   0.031     0.353
    5          inf   1.2379e+09   1.2248e+09   2450   1225  1223      0      0      0      0   0.034   0.003   0.001   0.038     0.391
    6          inf   3.5815e+09   3.5815e+09   2450   1483     0      0      0    258      0   0.033   0.024   0.002   0.059     0.451
    7          inf   3.5815e+09   7.2061e+09   3675   1483   561   1225      0      0      0   0.191   0.013   0.001   0.212     0.662
    8          inf   3.5815e+09   1.0864e+10   4900   1484   606   1225      0      1      0   0.231   0.014   0.001   0.253     0.916
    9          inf   3.5815e+09   2.2924e+10   6125   1496   294   1225      0     12      0   0.304   0.013   0.002   0.326     1.242
   10          inf   3.5815e+09   2.1194e+10   7350   1509   189   1225      0     13      0   0.369   0.012   0.001   0.391     1.633
   11          inf   3.5815e+09   8.4827e+09   8575   1528    52   1225      0     19      0   0.429   0.013   0.002   0.453     2.086
   12          inf   3.5815e+09   3.6020e+09   9585   1429     0   1225    215     21    120   0.628   0.012   0.003   0.663     2.748
   13          inf   3.5853e+09   3.5994e+09  10229   1439     0   1225    581     13      3   0.373   0.012   0.003   0.407     3.155
   14          inf   3.5885e+09   3.5977e+09  10709   1456     0   1225    745     18      1   0.406   0.013   0.003   0.445     3.599
   15          inf   3.5885e+09   3.5969e+09  11086   1459     0   1225    848      7      4   0.429   0.013   0.003   0.468     4.067
   16          inf   3.5908e+09   3.5960e+09  11313   1460     0   1225    998      4      3   0.450   0.014   0.004   0.491     4.558
   17          inf   3.5914e+09   3.5953e+09  11022   1456     0   1224   1515      4      8   0.486   0.013   0.004   0.525     5.083
   18          inf   3.5918e+09   3.5948e+09  10679   1443     0   1224   1567      1     14   0.407   0.013   0.004   0.448     5.531
   19          inf   3.5920e+09   3.5944e+09  10676   1435     0   1225   1228      4     12   0.410   0.013   0.004   0.449     5.980
   20          inf   3.5922e+09   3.5941e+09  10748   1436     0   1225   1153      4      3   0.399   0.013   0.004   0.439     6.419
   21          inf   3.5928e+09   3.5939e+09  10680   1432     0   1222   1290      1      5   0.433   0.013   0.004   0.472     6.891
   22          inf   3.5930e+09   3.5938e+09  10687   1432     0   1217   1210      2      2   0.408   0.012   0.004   0.445     7.337
   23          inf   3.5932e+09   3.5936e+09  10711   1432     0   1216   1192      4      4   0.436   0.013   0.004   0.477     7.813
   24          inf   3.5933e+09   3.5936e+09  10698   1431     0   1203   1216      3      4   0.440   0.014   0.004   0.480     8.293
   25          inf   3.5934e+09   3.5936e+09  10722   1430     0   1209   1185      3      4   0.413   0.013   0.004   0.451     8.745
   26   3.5935e+09   3.5934e+09   3.5935e+09  10722   1430     0  *1173      0      0      0   0.432   0.011   0.003   0.446     9.191
CG optimal after 26 iterations. UB=3593532819.646184 LB=3593448811.024968 gap=8.401e+04 tol=3.594e+05  t_LP=8.489  t_PR=0.305  t_SP=0.065  t_Tot=9.211
[bounded-pricing] enabled=1 fired=14812 priced=40425 rate=36.6%

# === STDOUT (result CSV) ===
Setting parameter 'LpMethod' to 2
Setting parameter 'GPUMode' to 2
Setting parameter 'Presolve' to 0
Setting parameter 'Crossover' to 0
instance,formulation,iterations,columns,objective,lower_bound,optimal,time,time_lp,time_pricing,time_separation
data/commalab/grid/grid15,tree,26,9497,3593532819.646184,3593448811.024968,1,9.243,8.489,0.305,0.065
