# cmd: /usr/bin/time -o /tmp/mcfcg_mem_eld422zy.txt -f %M build/mcfcg_cli data/commalab/grid/grid13 --solver copt --copt-gpu-mode 2 --formulation path --max-iters 10000 --bounded-pricing --time-limit 1800.0
# outcome: ok
# returncode: 0
# peak_rss_kb: 668144
# peak_rss_source: measured
# === STDERR (CG iteration log + preamble) ===
Instance: 900 vertices, 3480 arcs, 12000 commodities, 900 sources
Solver: copt (gpu-mode 2), formulation: path
Pricing threads: 32 (auto)
Slack mode: EdgeRows (struct=12000, capped_arcs=3480)
[lp-config] backend=copt version=8.0.1 method=barrier exec=GPU presolve=off crossover=off tol=0.0001 threads=n/a(GPU)
   It           UB           LB       LP_obj   #col   #row  #slk   +col   -col   +cut   -cut    t_LP    t_PR    t_SP   t_Tot     t_acc
    1          inf   1.1535e+09   1.1535e+09  12287  12287     0      0      0    287      0   0.262   0.013   0.003   0.279     0.279
    2          inf   1.1535e+09   1.3653e+09  22346  12287   287  10059      0      0      0   0.213   0.005   0.000   0.223     0.502
    3          inf   1.1543e+09   1.1624e+09  29093  12436     0   6598      0    149      0   0.251   0.006   0.002   0.264     0.766
    4          inf   1.1543e+09   1.1658e+09  37646  12468    21   8521      0     32      0   0.451   0.006   0.003   0.467     1.232
    5          inf   1.1560e+09   1.1610e+09  44625  12485     0   6962      0     17      0   0.578   0.005   0.004   0.593     1.825
    6          inf   1.1580e+09   1.1601e+09  50327  12497     0   5690      0     12      0   0.570   0.006   0.005   0.585     2.411
    7          inf   1.1589e+09   1.1596e+09  54477  12505     0   4142      0      8      0   0.673   0.005   0.005   0.688     3.099
    8          inf   1.1591e+09   1.1594e+09  51798  12406     0   2686   5266      6    105   0.682   0.006   0.006   0.728     3.827
    9          inf   1.1593e+09   1.1593e+09  48911  12343     0   1936   4760      5     68   0.659   0.005   0.006   0.697     4.524
   10          inf   1.1593e+09   1.1593e+09  39747  12324     0    718   9863      4     23   0.600   0.005   0.005   0.631     5.154
   11          inf   1.1593e+09   1.1593e+09  33570  12315     0    162   6330      1     10   0.425   0.006   0.004   0.450     5.604
   12   1.1593e+09   1.1593e+09   1.1593e+09  33570  12315     0    *35      0      0      0   0.433   0.005   0.001   0.439     6.043
CG optimal after 12 iterations. UB=1159320977.891662 LB=1159319592.860032 gap=1.385e+03 tol=1.159e+05  t_LP=5.796  t_PR=0.095  t_SP=0.043  t_Tot=6.065
[bounded-pricing] enabled=1 fired=5291 priced=12600 rate=42.0%

# === STDOUT (result CSV) ===
Setting parameter 'LpMethod' to 2
Setting parameter 'GPUMode' to 2
Setting parameter 'Presolve' to 0
Setting parameter 'Crossover' to 0
instance,formulation,iterations,columns,objective,lower_bound,optimal,time,time_lp,time_pricing,time_separation
data/commalab/grid/grid13,path,12,33255,1159320977.891662,1159319592.860032,1,6.097,5.796,0.095,0.043
