# cmd: /usr/bin/time -o /tmp/mcfcg_mem_1jvxgkb3.txt -f %M build/mcfcg_cli data/commalab/planar/planar80 --solver copt --copt-gpu-mode 2 --formulation tree --max-iters 10000 --bounded-pricing --time-limit 1800.0
# outcome: ok
# returncode: 0
# peak_rss_kb: 475292
# peak_rss_source: measured
# === STDERR (CG iteration log + preamble) ===
Instance: 80 vertices, 440 arcs, 543 commodities, 80 sources
Solver: copt (gpu-mode 2), formulation: tree
Pricing threads: 32 (auto)
Slack mode: CommodityRows (struct=80, capped_arcs=440)
[lp-config] backend=copt version=8.0.1 method=barrier exec=GPU presolve=off crossover=off tol=0.0001 threads=n/a(GPU)
   It           UB           LB       LP_obj   #col   #row  #slk   +col   -col   +cut   -cut    t_LP    t_PR    t_SP   t_Tot     t_acc
    1          inf   2.6034e+07   1.7178e+07    160     80    80      0      0      0      0   0.245   0.000   0.000   0.245     0.245
    2          inf   1.4117e+08   1.3972e+08    160    126    30      0      0     46      0   0.031   0.000   0.000   0.031     0.277
    3          inf   1.4117e+08   4.0133e+08    235    130    64     75      0      4      0   0.029   0.000   0.000   0.030     0.307
    4          inf   1.4117e+08   1.9983e+09    311    133    61     76      0      3      0   0.036   0.000   0.000   0.037     0.343
    5          inf   1.4117e+08   7.9506e+09    391    141    46     80      0      8      0   0.040   0.000   0.000   0.040     0.383
    6          inf   1.4117e+08   1.4360e+10    466    155    36     78      3     14      0   0.040   0.000   0.000   0.040     0.424
    7          inf   1.4117e+08   1.2852e+10    546    171    29     80      0     16      0   0.043   0.000   0.000   0.043     0.467
    8          inf   1.4117e+08   1.1286e+10    594    185    20     80     32     17      3   0.046   0.000   0.000   0.047     0.514
    9          inf   1.4117e+08   5.8733e+09    640    193    11     80     34      8      0   0.055   0.000   0.000   0.055     0.569
   10          inf   1.4117e+08   1.5496e+09    687    205     5     80     33     12      0   0.050   0.000   0.000   0.051     0.620
   11          inf   1.4117e+08   3.2484e+08    717    217     1     80     50     12      0   0.059   0.000   0.000   0.060     0.680
   12          inf   1.7048e+08   1.8824e+08    748    221     0     80     49      4      0   0.065   0.000   0.000   0.065     0.745
   13   1.8645e+08   1.7598e+08   1.8645e+08    786    220     0     80     42      0      1   0.062   0.000   0.000   0.063     0.808
   14   1.8645e+08   1.7707e+08   1.8469e+08    826    218     0     80     40      1      3   0.064   0.000   0.000   0.064     0.872
   15   1.8645e+08   1.7908e+08   1.8375e+08    855    222     0     80     51      4      0   0.066   0.000   0.000   0.066     0.939
   16   1.8645e+08   1.7942e+08   1.8335e+08    849    217     0     79     85      2      7   0.069   0.000   0.000   0.070     1.008
   17   1.8306e+08   1.8020e+08   1.8306e+08    812    208     0     77    114      0      9   0.069   0.000   0.000   0.069     1.078
   18   1.8306e+08   1.8120e+08   1.8283e+08    786    201     0     76    102      1      8   0.061   0.000   0.000   0.062     1.139
   19   1.8306e+08   1.8135e+08   1.8266e+08    790    198     0     78     74      1      4   0.060   0.000   0.000   0.061     1.200
   20   1.8306e+08   1.8162e+08   1.8256e+08    780    198     0     74     84      1      1   0.059   0.000   0.000   0.060     1.260
   21   1.8306e+08   1.8203e+08   1.8249e+08    780    196     0     71     71      3      5   0.058   0.000   0.000   0.059     1.319
   22   1.8306e+08   1.8216e+08   1.8247e+08    788    197     0     73     65      1      0   0.063   0.000   0.000   0.064     1.383
   23   1.8245e+08   1.8223e+08   1.8245e+08    782    196     0     68     74      0      1   0.061   0.000   0.000   0.061     1.444
   24   1.8244e+08   1.8238e+08   1.8244e+08    736    196     0     22     68      0      0   0.059   0.000   0.000   0.060     1.504
   25   1.8244e+08   1.8244e+08   1.8244e+08    736    196     0    *43      0      0      0   0.054   0.000   0.000   0.054     1.558
CG optimal after 25 iterations. UB=182438134.281419 LB=182438131.265287 gap=3.016e+00 tol=1.824e+04  t_LP=1.543  t_PR=0.005  t_SP=0.004  t_Tot=1.560
[bounded-pricing] enabled=1 fired=470 priced=2240 rate=21.0%

# === STDOUT (result CSV) ===
Setting parameter 'LpMethod' to 2
Setting parameter 'GPUMode' to 2
Setting parameter 'Presolve' to 0
Setting parameter 'Crossover' to 0
instance,formulation,iterations,columns,objective,lower_bound,optimal,time,time_lp,time_pricing,time_separation
data/commalab/planar/planar80,tree,25,656,182438134.281419,182438131.265287,1,1.571,1.543,0.005,0.004
