# cmd: /usr/bin/time -o /tmp/mcfcg_mem_2c_9ixch.txt -f %M build/mcfcg_cli data/commalab/planar/planar100 --solver copt --copt-gpu-mode 2 --formulation tree --max-iters 10000 --bounded-pricing --time-limit 1800.0
# outcome: ok
# returncode: 0
# peak_rss_kb: 475676
# peak_rss_source: measured
# === STDERR (CG iteration log + preamble) ===
Instance: 100 vertices, 532 arcs, 1085 commodities, 100 sources
Solver: copt (gpu-mode 2), formulation: tree
Pricing threads: 32 (auto)
Slack mode: CommodityRows (struct=100, capped_arcs=532)
[lp-config] backend=copt version=8.0.1 method=barrier exec=GPU presolve=off crossover=off tol=0.0001 threads=n/a(GPU)
   It           UB           LB       LP_obj   #col   #row  #slk   +col   -col   +cut   -cut    t_LP    t_PR    t_SP   t_Tot     t_acc
    1          inf   1.5217e+07   3.1028e+06    200    100   100      0      0      0      0   0.244   0.000   0.000   0.244     0.244
    2          inf   4.3121e+07   3.0947e+07    200    100    99      0      0      0      0   0.028   0.000   0.000   0.028     0.272
    3          inf   2.0985e+08   2.0963e+08    200    162    15      0      0     62      0   0.030   0.000   0.000   0.031     0.303
    4          inf   2.0985e+08   3.1972e+08    293    162    74     93      0      0      0   0.040   0.000   0.000   0.040     0.343
    5          inf   2.0985e+08   1.1438e+09    393    169    49    100      0      7      0   0.044   0.000   0.000   0.044     0.388
    6          inf   2.0985e+08   2.0337e+09    492    173    51     99      0      4      0   0.040   0.000   0.000   0.041     0.428
    7          inf   2.0985e+08   4.4727e+09    592    186    32    100      0     13      0   0.042   0.000   0.000   0.042     0.471
    8          inf   2.0985e+08   3.8664e+09    692    196    18    100      0     10      0   0.044   0.000   0.000   0.045     0.515
    9          inf   2.0985e+08   1.7664e+09    766    199     6    100     26     10      7   0.052   0.000   0.000   0.053     0.569
   10          inf   2.0985e+08   2.3816e+08    834    209     0    100     32     10      0   0.068   0.000   0.000   0.068     0.637
   11          inf   2.1715e+08   2.3571e+08    885    213     0     99     48      4      0   0.065   0.000   0.000   0.066     0.703
   12          inf   2.2527e+08   2.3469e+08    933    214     0     99     51      1      0   0.066   0.000   0.000   0.066     0.769
   13   2.3365e+08   2.2782e+08   2.3365e+08    966    214     0     98     65      0      0   0.060   0.000   0.000   0.061     0.830
   14   2.3365e+08   2.2847e+08   2.3288e+08    990    214     0     98     74      1      1   0.064   0.000   0.000   0.065     0.895
   15   2.3221e+08   2.2970e+08   2.3221e+08    966    213     0     99    123      0      1   0.063   0.000   0.000   0.064     0.959
   16   2.3221e+08   2.3010e+08   2.3177e+08    947    208     0     95    114      1      6   0.064   0.000   0.000   0.065     1.024
   17   2.3161e+08   2.3070e+08   2.3161e+08    942    208     0     95    100      0      0   0.059   0.000   0.000   0.060     1.084
   18   2.3145e+08   2.3073e+08   2.3145e+08    934    208     0     94    102      0      0   0.067   0.000   0.000   0.068     1.152
   19   2.3139e+08   2.3110e+08   2.3139e+08    937    191     0     93     90      0     17   0.061   0.000   0.000   0.062     1.214
   20   2.3136e+08   2.3122e+08   2.3136e+08    926    189     0     93    104      0      2   0.062   0.000   0.000   0.063     1.277
   21   2.3134e+08   2.3127e+08   2.3134e+08    922    188     0     91     95      0      1   0.070   0.000   0.000   0.071     1.349
   22   2.3134e+08   2.3134e+08   2.3134e+08    922    189     0    *62      0      1      0   0.060   0.000   0.000   0.061     1.409
CG optimal after 22 iterations. UB=231344992.214066 LB=231339110.682943 gap=5.882e+03 tol=2.313e+04  t_LP=1.393  t_PR=0.006  t_SP=0.003  t_Tot=1.411
[bounded-pricing] enabled=1 fired=692 priced=2600 rate=26.6%

# === STDOUT (result CSV) ===
Setting parameter 'LpMethod' to 2
Setting parameter 'GPUMode' to 2
Setting parameter 'Presolve' to 0
Setting parameter 'Crossover' to 0
instance,formulation,iterations,columns,objective,lower_bound,optimal,time,time_lp,time_pricing,time_separation
data/commalab/planar/planar100,tree,22,822,231344992.214066,231339110.682943,1,1.422,1.393,0.006,0.003
