# cmd: /usr/bin/time -o /tmp/mcfcg_mem_1hhawpng.txt -f %M build/mcfcg_cli data/commalab/planar/planar500 --solver copt --copt-gpu-mode 2 --formulation tree --max-iters 10000 --bounded-pricing --time-limit 1800.0
# outcome: ok
# returncode: 0
# peak_rss_kb: 480732
# peak_rss_source: measured
# === STDERR (CG iteration log + preamble) ===
Instance: 500 vertices, 2842 arcs, 3525 commodities, 500 sources
Solver: copt (gpu-mode 2), formulation: tree
Pricing threads: 32 (auto)
Slack mode: CommodityRows (struct=500, capped_arcs=2842)
[lp-config] backend=copt version=8.0.1 method=barrier exec=GPU presolve=off crossover=off tol=0.0001 threads=n/a(GPU)
   It           UB           LB       LP_obj   #col   #row  #slk   +col   -col   +cut   -cut    t_LP    t_PR    t_SP   t_Tot     t_acc
    1          inf   1.4294e+08   1.4003e+08   1000    500   486      0      0      0      0   0.248   0.001   0.000   0.249     0.249
    2          inf   4.7568e+08   4.7568e+08   1000    604     1      0      0    104      0   0.035   0.005   0.000   0.041     0.289
    3          inf   4.7568e+08   6.6299e+08   1457    604   142    457      0      0      0   0.055   0.003   0.000   0.059     0.348
    4          inf   4.7568e+08   7.4618e+08   1926    604   151    469      0      0      0   0.070   0.003   0.000   0.074     0.422
    5          inf   4.7568e+08   9.6792e+08   2405    604   114    479      0      0      0   0.089   0.002   0.000   0.093     0.515
    6          inf   4.7568e+08   6.2765e+08   2890    606    36    485      0      2      0   0.098   0.002   0.000   0.102     0.617
    7          inf   4.7856e+08   4.8357e+08   3347    607     0    457      0      1      0   0.087   0.002   0.001   0.091     0.708
    8          inf   4.8078e+08   4.8278e+08   3744    561     0    428     31      1     47   0.091   0.002   0.000   0.095     0.803
    9          inf   4.8082e+08   4.8236e+08   3855    564     0    392    281      3      0   0.072   0.003   0.000   0.077     0.881
   10          inf   4.8148e+08   4.8209e+08   3889    567     0    350    316      3      0   0.078   0.002   0.000   0.083     0.963
   11   4.8201e+08   4.8189e+08   4.8201e+08   3775    566     0    280    394      0      1   0.079   0.002   0.000   0.084     1.047
   12   4.8199e+08   4.8197e+08   4.8199e+08   3775    566     0   *114      0      0      0   0.078   0.002   0.000   0.081     1.128
CG optimal after 12 iterations. UB=481987762.304851 LB=481968600.379767 gap=1.916e+04 tol=4.820e+04  t_LP=1.081  t_PR=0.034  t_SP=0.005  t_Tot=1.133
[bounded-pricing] enabled=1 fired=3089 priced=7500 rate=41.2%

# === STDOUT (result CSV) ===
Setting parameter 'LpMethod' to 2
Setting parameter 'GPUMode' to 2
Setting parameter 'Presolve' to 0
Setting parameter 'Crossover' to 0
instance,formulation,iterations,columns,objective,lower_bound,optimal,time,time_lp,time_pricing,time_separation
data/commalab/planar/planar500,tree,12,3275,481987762.304851,481968600.379767,1,1.147,1.081,0.034,0.005
