# cmd: /usr/bin/time -o /tmp/mcfcg_mem_xwfyosfn.txt -f %M build/mcfcg_cli data/commalab/planar/planar150 --solver copt --copt-gpu-mode 2 --formulation tree --max-iters 10000 --bounded-pricing --time-limit 1800.0
# outcome: ok
# returncode: 0
# peak_rss_kb: 491960
# peak_rss_source: measured
# === STDERR (CG iteration log + preamble) ===
Instance: 150 vertices, 850 arcs, 2239 commodities, 150 sources
Solver: copt (gpu-mode 2), formulation: tree
Pricing threads: 32 (auto)
Slack mode: CommodityRows (struct=150, capped_arcs=850)
[lp-config] backend=copt version=8.0.1 method=barrier exec=GPU presolve=off crossover=off tol=0.0001 threads=n/a(GPU)
   It           UB           LB       LP_obj   #col   #row  #slk   +col   -col   +cut   -cut    t_LP    t_PR    t_SP   t_Tot     t_acc
    1          inf   4.3848e+07   2.8355e+07    300    150   150      0      0      0      0   0.245   0.000   0.000   0.245     0.245
    2          inf   2.8169e+08   2.7752e+08    300    150   137      0      0      0      0   0.031   0.000   0.000   0.032     0.277
    3          inf   4.6091e+08   4.6091e+08    300    366     0      0      0    216      0   0.033   0.001   0.000   0.034     0.311
    4          inf   4.6091e+08   1.9672e+09    447    366   120    147      0      0      0   0.062   0.000   0.000   0.063     0.374
    5          inf   4.6091e+08   1.1631e+10    597    366   109    150      0      0      0   0.068   0.000   0.000   0.069     0.443
    6          inf   4.6091e+08   3.5622e+10    747    370   103    150      0      4      0   0.071   0.000   0.000   0.072     0.515
    7          inf   4.6091e+08   6.3698e+10    897    372    88    150      0      2      0   0.075   0.000   0.000   0.076     0.591
    8          inf   4.6091e+08   5.5124e+10   1047    379    69    150      0      7      0   0.078   0.000   0.000   0.079     0.670
    9          inf   4.6091e+08   4.2550e+10   1131    394    55    150     66     15      0   0.084   0.000   0.000   0.086     0.755
   10          inf   4.6091e+08   3.5557e+10   1212    411    48    150     69     17      0   0.086   0.000   0.000   0.087     0.843
   11          inf   4.6091e+08   2.8457e+10   1255    420    35    150    107      9      0   0.086   0.000   0.000   0.088     0.930
   12          inf   4.6091e+08   2.0911e+10   1309    445    36    150     96     25      0   0.097   0.000   0.000   0.098     1.029
   13          inf   4.6091e+08   1.9028e+10   1358    454    29    150    101      9      0   0.107   0.000   0.000   0.109     1.137
   14          inf   4.6091e+08   1.3152e+10   1412    455    23    150     96     13     12   0.100   0.000   0.000   0.101     1.238
   15          inf   4.6091e+08   8.9930e+09   1458    469    19    150    104     14      0   0.110   0.000   0.000   0.111     1.349
   16          inf   4.6091e+08   3.0131e+09   1514    489     3    150     94     20      0   0.125   0.000   0.000   0.126     1.476
   17          inf   4.6091e+08   6.0626e+08   1525    479     0    150    139     10     20   0.147   0.000   0.000   0.149     1.624
   18          inf   4.6091e+08   5.9264e+08   1574    480     0    150    101      3      2   0.136   0.000   0.000   0.138     1.763
   19          inf   4.6091e+08   5.8682e+08   1600    478     0    150    124      1      3   0.136   0.000   0.000   0.138     1.901
   20          inf   4.6857e+08   5.8068e+08   1635    485     0    150    115      7      0   0.124   0.000   0.000   0.126     2.027
   21          inf   4.9666e+08   5.7679e+08   1652    479     0    150    133      1      7   0.130   0.000   0.000   0.132     2.159
   22          inf   4.9666e+08   5.7243e+08   1628    473     0    150    174      2      8   0.130   0.000   0.000   0.132     2.291
   23          inf   5.0065e+08   5.6871e+08   1586    462     0    150    192      2     13   0.128   0.000   0.000   0.130     2.421
   24          inf   5.0310e+08   5.6442e+08   1584    468     0    150    152      7      1   0.113   0.000   0.000   0.116     2.536
   25          inf   5.1379e+08   5.6175e+08   1586    468     0    150    148      1      1   0.123   0.000   0.000   0.125     2.661
   26          inf   5.2598e+08   5.5884e+08   1588    445     0    150    148      1     24   0.127   0.000   0.000   0.129     2.790
   27          inf   5.2727e+08   5.5671e+08   1595    442     0    150    143      4      7   0.119   0.000   0.000   0.121     2.911
   28          inf   5.3121e+08   5.5543e+08   1607    440     0    150    138      2      4   0.117   0.000   0.000   0.119     3.030
   29          inf   5.3487e+08   5.5396e+08   1605    441     0    150    152      4      3   0.122   0.000   0.000   0.124     3.154
   30          inf   5.3487e+08   5.5292e+08   1607    438     0    150    148      2      5   0.115   0.000   0.000   0.117     3.270
   31          inf   5.3739e+08   5.5198e+08   1595    436     0    150    162      3      5   0.120   0.000   0.000   0.122     3.393
   32          inf   5.3862e+08   5.5123e+08   1597    414     0    150    148      3     25   0.114   0.000   0.000   0.116     3.508
   33          inf   5.3996e+08   5.5069e+08   1590    414     0    150    157      1      1   0.102   0.000   0.000   0.104     3.612
   34          inf   5.4131e+08   5.5011e+08   1605    414     0    150    135      2      2   0.106   0.000   0.000   0.108     3.720
   35   5.4971e+08   5.4238e+08   5.4971e+08   1605    411     0    150    150      0      3   0.109   0.000   0.000   0.111     3.831
   36   5.4971e+08   5.4256e+08   5.4934e+08   1621    413     0    150    134      2      0   0.112   0.000   0.000   0.114     3.945
   37   5.4971e+08   5.4421e+08   5.4900e+08   1624    412     0    150    147      2      3   0.107   0.000   0.000   0.109     4.054
   38   5.4971e+08   5.4469e+08   5.4874e+08   1599    414     0    150    175      2      0   0.111   0.000   0.000   0.113     4.167
   39   5.4857e+08   5.4538e+08   5.4857e+08   1602    409     0    150    147      0      5   0.109   0.000   0.000   0.111     4.278
   40   5.4845e+08   5.4619e+08   5.4845e+08   1618    409     0    150    134      0      0   0.113   0.000   0.000   0.115     4.393
   41   5.4845e+08   5.4662e+08   5.4833e+08   1617    406     0    150    151      1      4   0.113   0.000   0.000   0.115     4.507
   42   5.4825e+08   5.4662e+08   5.4825e+08   1611    403     0    150    156      0      3   0.113   0.000   0.000   0.114     4.622
   43   5.4825e+08   5.4723e+08   5.4820e+08   1618    404     0    150    143      1      0   0.118   0.000   0.000   0.119     4.741
   44   5.4825e+08   5.4742e+08   5.4815e+08   1632    406     0    149    135      2      0   0.106   0.000   0.000   0.108     4.849
   45   5.4825e+08   5.4771e+08   5.4812e+08   1638    407     0    149    143      1      0   0.114   0.000   0.000   0.115     4.964
   46   5.4811e+08   5.4783e+08   5.4811e+08   1656    404     0    150    132      0      3   0.115   0.000   0.000   0.117     5.081
   47   5.4811e+08   5.4797e+08   5.4809e+08   1652    405     0    149    153      1      0   0.126   0.000   0.000   0.128     5.209
   48   5.4809e+08   5.4804e+08   5.4809e+08   1652    405     0   *150      0      0      0   0.134   0.000   0.000   0.135     5.344
CG optimal after 48 iterations. UB=548089059.179483 LB=548040991.153456 gap=4.807e+04 tol=5.481e+04  t_LP=5.268  t_PR=0.018  t_SP=0.010  t_Tot=5.347
[bounded-pricing] enabled=1 fired=906 priced=7800 rate=11.6%

# === STDOUT (result CSV) ===
Setting parameter 'LpMethod' to 2
Setting parameter 'GPUMode' to 2
Setting parameter 'Presolve' to 0
Setting parameter 'Crossover' to 0
instance,formulation,iterations,columns,objective,lower_bound,optimal,time,time_lp,time_pricing,time_separation
data/commalab/planar/planar150,tree,48,1502,548089059.179483,548040991.153456,1,5.359,5.268,0.018,0.010
