# cmd: /usr/bin/time -o /tmp/mcfcg_mem_28ekma7f.txt -f %M build/mcfcg_cli data/commalab/planar/planar1000 --solver copt --copt-gpu-mode 2 --formulation tree --max-iters 10000 --bounded-pricing --time-limit 1800.0
# outcome: ok
# returncode: 0
# peak_rss_kb: 816136
# peak_rss_source: measured
# === STDERR (CG iteration log + preamble) ===
Instance: 1000 vertices, 5200 arcs, 20026 commodities, 1000 sources
Solver: copt (gpu-mode 2), formulation: tree
Pricing threads: 32 (auto)
Slack mode: CommodityRows (struct=1000, capped_arcs=5200)
[lp-config] backend=copt version=8.0.1 method=barrier exec=GPU presolve=off crossover=off tol=0.0001 threads=n/a(GPU)
   It           UB           LB       LP_obj   #col   #row  #slk   +col   -col   +cut   -cut    t_LP    t_PR    t_SP   t_Tot     t_acc
    1          inf   5.7179e+07   8.7300e+06   2000   1000  1000      0      0      0      0   0.359   0.001   0.001   0.361     0.361
    2          inf   1.2829e+08   8.7300e+07   2000   1000  1000      0      0      0      0   0.167   0.001   0.001   0.169     0.529
    3          inf   8.8430e+08   8.7275e+08   2000   1000   998      0      0      0      0   0.157   0.003   0.001   0.161     0.691
    4          inf   3.1896e+09   3.1896e+09   2000   1538     0      0      0    538      0   0.160   0.024   0.002   0.186     0.876
    5          inf   3.1896e+09   6.1730e+09   2999   1538   602    999      0      0      0   0.459   0.012   0.001   0.477     1.354
    6          inf   3.1896e+09   2.5922e+10   3999   1538   647   1000      0      0      0   0.595   0.012   0.001   0.614     1.967
    7          inf   3.1896e+09   7.5058e+10   4998   1539   650    999      0      1      0   0.688   0.012   0.001   0.709     2.677
    8          inf   3.1896e+09   2.9327e+11   5998   1542   459   1000      0      3      0   0.803   0.010   0.001   0.822     3.499
    9          inf   3.1896e+09   3.0901e+11   6998   1555   345   1000      0     13      0   0.866   0.011   0.001   0.887     4.386
   10          inf   3.1896e+09   2.5421e+11   7628   1267   279   1000    370      9    297   0.944   0.011   0.001   0.976     5.362
   11          inf   3.1896e+09   1.7791e+11   7901   1360   187   1000    727     93      0   0.483   0.013   0.001   0.511     5.873
   12          inf   3.1896e+09   1.6188e+11   8168   1393   176   1000    733     33      0   0.593   0.011   0.003   0.621     6.494
   13          inf   3.1896e+09   1.0362e+11   8327   1447   116   1000    841     56      2   0.613   0.013   0.002   0.647     7.142
   14          inf   3.1896e+09   7.7369e+10   8504   1505    85   1000    823     59      1   0.693   0.012   0.001   0.728     7.869
   15          inf   3.1896e+09   4.9073e+10   8741   1544    54   1000    763     49     10   0.731   0.011   0.001   0.767     8.636
   16          inf   3.1896e+09   1.5044e+10   9008   1606    16   1000    733     67      5   0.782   0.012   0.002   0.823     9.459
   17          inf   3.1896e+09   6.4702e+09   9124   1629     3   1000    884     27      4   1.007   0.013   0.004   1.050    10.509
   18          inf   3.1896e+09   3.5636e+09   9292   1601     0   1000    832      7     35   0.989   0.010   0.003   1.027    11.536
   19          inf   3.2522e+09   3.5459e+09   9407   1595     0   1000    885      6     12   0.915   0.011   0.003   0.954    12.491
   20          inf   3.2548e+09   3.5323e+09   9526   1586     0   1000    881     13     22   0.853   0.011   0.003   0.890    13.381
   21          inf   3.2908e+09   3.5193e+09   9600   1595     0   1000    926     20     11   0.903   0.009   0.003   0.939    14.320
   22          inf   3.2979e+09   3.5085e+09   9530   1583     0   1000   1070      5     17   0.873   0.011   0.003   0.911    15.231
   23          inf   3.3366e+09   3.4975e+09   9211   1572     0   1000   1319      9     20   0.881   0.010   0.003   0.919    16.151
   24          inf   3.3409e+09   3.4890e+09   9147   1549     0   1000   1064     10     33   0.891   0.012   0.003   0.930    17.081
   25          inf   3.3664e+09   3.4825e+09   9241   1531     0   1000    906      9     27   0.852   0.012   0.003   0.891    17.971
   26          inf   3.3736e+09   3.4772e+09   9250   1505     0   1000    991      5     31   0.855   0.012   0.003   0.892    18.864
   27          inf   3.3798e+09   3.4722e+09   9328   1499     0   1000    922     14     20   0.784   0.011   0.003   0.821    19.685
   28          inf   3.3895e+09   3.4682e+09   9297   1502     0   1000   1031     14     11   0.817   0.011   0.003   0.855    20.540
   29          inf   3.3963e+09   3.4651e+09   9333   1504     0   1000    964      9      7   0.827   0.012   0.003   0.866    21.405
   30          inf   3.4073e+09   3.4619e+09   9350   1510     0   1000    983     18     12   0.796   0.012   0.003   0.834    22.239
   31          inf   3.4138e+09   3.4597e+09   9395   1515     0   1000    955      9      4   0.830   0.011   0.003   0.869    23.108
   32          inf   3.4220e+09   3.4580e+09   9439   1514     0   1000    956      7      8   0.842   0.011   0.003   0.880    23.987
   33          inf   3.4258e+09   3.4565e+09   9458   1500     0   1000    981      4     18   0.864   0.010   0.003   0.901    24.889
   34          inf   3.4273e+09   3.4551e+09   9435   1506     0   1000   1023      9      3   0.824   0.011   0.003   0.862    25.751
   35          inf   3.4284e+09   3.4541e+09   9440   1504     0   1000    995      3      5   0.813   0.012   0.003   0.852    26.603
   36          inf   3.4344e+09   3.4531e+09   9376   1506     0   1000   1064      8      6   0.799   0.012   0.003   0.839    27.441
   37          inf   3.4353e+09   3.4523e+09   9387   1509     0   1000    989      5      2   0.808   0.012   0.003   0.846    28.288
   38          inf   3.4397e+09   3.4516e+09   9418   1506     0   1000    969      4      7   0.889   0.012   0.003   0.928    29.216
   39          inf   3.4413e+09   3.4511e+09   9494   1506     0   1000    924      3      3   0.850   0.011   0.003   0.888    30.104
   40          inf   3.4430e+09   3.4508e+09   9474   1509     0   1000   1020      4      1   0.852   0.011   0.003   0.891    30.995
   41          inf   3.4434e+09   3.4505e+09   9454   1499     0   1000   1020      2     12   0.876   0.011   0.003   0.915    31.910
   42          inf   3.4440e+09   3.4503e+09   9425   1495     0   1000   1029      2      6   0.834   0.012   0.003   0.874    32.783
   43          inf   3.4448e+09   3.4501e+09   9371   1495     0   1000   1054      3      3   0.849   0.012   0.003   0.888    33.671
   44          inf   3.4466e+09   3.4500e+09   9389   1494     0   1000    982      4      5   0.849   0.012   0.003   0.888    34.558
   45          inf   3.4473e+09   3.4499e+09   9366   1496     0   1000   1023      3      1   0.859   0.011   0.003   0.897    35.455
   46          inf   3.4480e+09   3.4498e+09   9428   1491     0   1000    938      3      8   0.860   0.013   0.003   0.899    36.354
   47          inf   3.4484e+09   3.4497e+09   9507   1492     0   1000    921      2      1   0.867   0.011   0.003   0.905    37.259
   48          inf   3.4489e+09   3.4497e+09   9555   1492     0   1000    952      1      1   0.887   0.012   0.003   0.926    38.185
   49          inf   3.4492e+09   3.4496e+09   9584   1491     0   1000    971      2      3   0.882   0.012   0.003   0.921    39.106
   50          inf   3.4493e+09   3.4496e+09   9656   1487     0   1000    928      1      5   0.875   0.010   0.003   0.912    40.017
   51          inf   3.4495e+09   3.4496e+09   9629   1488     0   1000   1027      2      1   0.884   0.011   0.003   0.923    40.940
   52   3.4496e+09   3.4496e+09   3.4496e+09   9629   1488     0  *1000      0      0      0   0.932   0.011   0.003   0.946    41.885
CG optimal after 52 iterations. UB=3449611193.478930 LB=3449589036.572742 gap=2.216e+04 tol=3.450e+05  t_LP=40.161  t_PR=0.643  t_SP=0.121  t_Tot=41.952
[bounded-pricing] enabled=1 cut=8002 priced=57000 rate=14.0%

# === STDOUT (result CSV) ===
Setting parameter 'LpMethod' to 2
Setting parameter 'GPUMode' to 2
Setting parameter 'Presolve' to 0
Setting parameter 'Crossover' to 0
instance,formulation,iterations,columns,objective,lower_bound,optimal,time,time_lp,time_pricing,time_separation
data/commalab/planar/planar1000,tree,52,8629,3449611193.478930,3449589036.572742,1,41.997,40.161,0.643,0.121
