# cmd: /usr/bin/time -o /tmp/mcfcg_mem_bec1cjbi.txt -f %M build/mcfcg_cli data/intermodal/BUS-23688-0.txt.gz --solver copt --copt-gpu-mode 2 --formulation tree --max-iters 10000 --strategy pricer-heavy --time-limit 1800.0
# outcome: ok
# returncode: 0
# peak_rss_kb: 1233144
# peak_rss_source: measured
# === STDERR (CG iteration log + preamble) ===
Instance: 161993 vertices, 1653437 arcs, 23643 commodities, 23643 sources
Solver: copt (gpu-mode 2), formulation: tree
Pricing threads: 32 (auto)
Slack mode: CommodityRows (struct=23643, capped_arcs=1466539)
[lp-config] backend=copt version=8.0.1 method=barrier exec=GPU presolve=off crossover=off tol=0.0001 threads=n/a(GPU)
   It           UB           LB       LP_obj   #col   #row  #slk   +col   -col   +cut   -cut    t_LP    t_PR    t_SP   t_Tot     t_acc
    1          inf         -inf   6.0693e+05  47286  23709  1421      0      0     66      0   0.439   0.000   0.117   0.557     0.557
    2          inf         -inf   6.1290e+05  48445  23709  1888   1159      0      0      0   0.172   0.231   0.114   0.520     1.077
    3          inf         -inf   6.2762e+05  48445  23756   198      0      0     47      0   0.192   0.000   0.115   0.308     1.385
    4          inf         -inf   6.2951e+05  48445  23758   352      0      0      2      0   0.206   0.000   0.116   0.323     1.708
    5          inf         -inf   6.2953e+05  48551  23758   356    106      0      0      0   0.197   0.055   0.115   0.367     2.076
    6          inf   4.6895e+05   6.5964e+05  50161  23758   348   1610      0      0      0   0.199   1.178   0.114   1.494     3.570
    7          inf   4.6895e+05   6.2479e+05  50161  23801     3      0      0     43      0   0.208   0.000   0.114   0.323     3.893
    8          inf   4.6895e+05   6.2516e+05  50161  23808    22      0      0      7      0   0.215   0.000   0.117   0.333     4.226
    9          inf   4.6895e+05   6.2520e+05  50413  23765    25    252      0      0     43   0.217   0.084   0.113   0.416     4.642
   10          inf   4.6895e+05   6.2523e+05  50413  23768     7      0      0      3      0   0.219   0.000   0.120   0.340     4.981
   11          inf   6.2278e+05   6.2523e+05  50974  23765     8    561      0      0      3   0.226   1.421   0.119   1.768     6.749
   12          inf   6.2278e+05   6.2489e+05  50974  23767     0      0      0      2      0   0.223   0.000   0.119   0.343     7.092
   13   6.2489e+05   6.2483e+05   6.2489e+05  50974  23767     0    *24      0      0      0   0.215   1.275   0.119   1.609     8.701
CG optimal after 13 iterations. UB=624891.002130 LB=624830.570363 gap=6.043e+01 tol=6.249e+01  t_LP=2.928  t_PR=5.402  t_SP=1.513  t_Tot=9.861
[bounded-pricing] enabled=0 cut=0 priced=97029 rate=0.0%

# === STDOUT (result CSV) ===
Setting parameter 'LpMethod' to 2
Setting parameter 'GPUMode' to 2
Setting parameter 'Presolve' to 0
Setting parameter 'Crossover' to 0
instance,formulation,iterations,columns,objective,lower_bound,optimal,time,time_lp,time_pricing,time_separation
data/intermodal/BUS-23688-0.txt.gz,tree,13,27331,624891.002130,624830.570363,1,10.293,2.928,5.402,1.513
