# cmd: /usr/bin/time -o /tmp/mcfcg_mem_1rjgp7b6.txt -f %M build/mcfcg_cli data/intermodal/BUS-7896-0.txt.gz --solver copt --copt-gpu-mode 2 --formulation tree --max-iters 10000 --strategy pricer-heavy --time-limit 1800.0
# outcome: ok
# returncode: 0
# peak_rss_kb: 840348
# peak_rss_source: measured
# === STDERR (CG iteration log + preamble) ===
Instance: 130395 vertices, 710935 arcs, 7883 commodities, 7883 sources
Solver: copt (gpu-mode 2), formulation: tree
Pricing threads: 32 (auto)
Slack mode: CommodityRows (struct=7883, capped_arcs=524037)
[lp-config] backend=copt version=8.0.1 method=barrier exec=GPU presolve=off crossover=off tol=0.0001 threads=n/a(GPU)
   It           UB           LB       LP_obj   #col   #row  #slk   +col   -col   +cut   -cut    t_LP    t_PR    t_SP   t_Tot     t_acc
    1          inf         -inf   2.0473e+05  15766   7960   475      0      0     77      0   0.366   0.000   0.052   0.419     0.419
    2          inf         -inf   2.0647e+05  16206   7960   631    440      0      0      0   0.157   0.055   0.057   0.270     0.689
    3          inf         -inf   2.1121e+05  16206   8031    48      0      0     71      0   0.171   0.000   0.053   0.224     0.913
    4          inf         -inf   2.1215e+05  16206   8035   112      0      0      4      0   0.176   0.000   0.059   0.235     1.148
    5          inf         -inf   2.1217e+05  16264   8035   112     58      0      0      0   0.172   0.030   0.061   0.264     1.412
    6          inf   1.5296e+05   2.2155e+05  16789   8035   111    525      0      0      0   0.183   0.224   0.060   0.468     1.880
    7          inf   1.5296e+05   2.1073e+05  16789   8054     2      0      0     19      0   0.180   0.000   0.051   0.232     2.112
    8          inf   1.5296e+05   2.1082e+05  16789   8055     4      0      0      1      0   0.186   0.000   0.055   0.241     2.353
    9          inf   1.5296e+05   2.1082e+05  16791   8004     4      2      0      0     51   0.186   0.026   0.058   0.270     2.622
   10          inf   1.5296e+05   2.1130e+05  16791   8005     4      0      0      1      0   0.178   0.000   0.054   0.232     2.854
   11          inf   2.0043e+05   2.1130e+05  16987   7995     4    196      0      0     10   0.179   0.254   0.061   0.495     3.349
   12          inf   2.0043e+05   2.1061e+05  16987   7999     0      0      0      4      0   0.179   0.000   0.051   0.230     3.580
   13   2.1061e+05   2.0043e+05   2.1061e+05  17008   7970     0     21      0      0     29   0.182   0.027   0.055   0.265     3.845
   14   2.1061e+05   2.0043e+05   2.1060e+05  17008   7971     0      0      0      1      0   0.182   0.000   0.054   0.237     4.082
   15   2.1060e+05   2.1056e+05   2.1060e+05  17051   7971     0     43      0      0      0   0.184   0.240   0.058   0.482     4.564
   16   2.1059e+05   2.1058e+05   2.1059e+05  17051   7971     0     *8      0      0      0   0.182   0.211   0.049   0.442     5.006
CG optimal after 16 iterations. UB=210593.501491 LB=210575.695613 gap=1.781e+01 tol=2.106e+01  t_LP=3.042  t_PR=1.286  t_SP=0.887  t_Tot=5.226
[bounded-pricing] enabled=0 cut=0 priced=40322 rate=0.0%

# === STDOUT (result CSV) ===
Setting parameter 'LpMethod' to 2
Setting parameter 'GPUMode' to 2
Setting parameter 'Presolve' to 0
Setting parameter 'Crossover' to 0
instance,formulation,iterations,columns,objective,lower_bound,optimal,time,time_lp,time_pricing,time_separation
data/intermodal/BUS-7896-0.txt.gz,tree,16,9168,210593.501491,210575.695613,1,5.436,3.042,1.286,0.887
