# cmd: /usr/bin/time -o /tmp/mcfcg_mem_iivsqks9.txt -f %M build/mcfcg_cli data/intermodal/BUS-2632-0.txt.gz --solver copt --copt-gpu-mode 2 --formulation tree --max-iters 10000 --strategy pricer-heavy --time-limit 1800.0
# outcome: ok
# returncode: 0
# peak_rss_kb: 672560
# peak_rss_source: measured
# === STDERR (CG iteration log + preamble) ===
Instance: 119865 vertices, 397362 arcs, 2628 commodities, 2628 sources
Solver: copt (gpu-mode 2), formulation: tree
Pricing threads: 32 (auto)
Slack mode: CommodityRows (struct=2628, capped_arcs=210464)
[lp-config] backend=copt version=8.0.1 method=barrier exec=GPU presolve=off crossover=off tol=0.0001 threads=n/a(GPU)
   It           UB           LB       LP_obj   #col   #row  #slk   +col   -col   +cut   -cut    t_LP    t_PR    t_SP   t_Tot     t_acc
    1          inf         -inf   6.8906e+04   5256   2722   161      0      0     94      0   0.246   0.000   0.033   0.279     0.279
    2          inf         -inf   6.9679e+04   5424   2722   229    168      0      0      0   0.028   0.025   0.034   0.088     0.367
    3          inf         -inf   7.1144e+04   5424   2793    14      0      0     71      0   0.031   0.000   0.029   0.060     0.427
    4          inf         -inf   7.2231e+04   5561   2793    45    137      0      0      0   0.036   0.025   0.030   0.092     0.518
    5          inf         -inf   7.2672e+04   5561   2818    13      0      0     25      0   0.036   0.000   0.029   0.065     0.584
    6          inf         -inf   7.2837e+04   5561   2823    19      0      0      5      0   0.040   0.000   0.032   0.073     0.656
    7          inf         -inf   7.2865e+04   5585   2805    21     24      0      0     18   0.041   0.017   0.034   0.093     0.750
    8          inf         -inf   7.4673e+04   5585   2807    13      0      0      2      0   0.040   0.000   0.033   0.073     0.822
    9          inf         -inf   7.4683e+04   5590   2787    14      5      0      0     20   0.039   0.017   0.034   0.090     0.913
   10          inf         -inf   7.6790e+04   5590   2792    15      0      0      5      0   0.042   0.000   0.034   0.076     0.989
   11          inf         -inf   7.6790e+04   5599   2757    15      9      0      0     35   0.041   0.018   0.037   0.096     1.085
   12          inf         -inf   7.6464e+04   5599   2760    17      0      0      3      0   0.040   0.000   0.036   0.075     1.161
   13          inf         -inf   7.6469e+04   5605   2751    18      6      0      0      9   0.040   0.017   0.034   0.092     1.252
   14          inf         -inf   8.6678e+04   5605   2757    13      0      0      6      0   0.042   0.000   0.034   0.077     1.329
   15          inf         -inf   8.6679e+04   5612   2757    13      7      0      0      0   0.042   0.019   0.036   0.098     1.427
   16          inf         -inf   9.1383e+04   5612   2758    11      0      0      1      0   0.042   0.000   0.033   0.076     1.502
   17          inf         -inf   9.1383e+04   5620   2751    12      8      0      0      7   0.042   0.018   0.037   0.097     1.599
   18          inf         -inf   9.0318e+04   5620   2762    10      0      0     11      0   0.040   0.000   0.035   0.075     1.674
   19          inf         -inf   9.0338e+04   5620   2763    11      0      0      1      0   0.039   0.000   0.034   0.073     1.747
   20          inf  -2.2490e+04   9.0338e+04   5795   2758    11    175      0      0      5   0.039   0.094   0.035   0.170     1.917
   21          inf  -2.2490e+04   7.1036e+04   5795   2773     0      0      0     15      0   0.037   0.000   0.028   0.065     1.983
   22          inf  -2.2490e+04   7.1050e+04   5795   2776     0      0      0      3      0   0.040   0.000   0.031   0.071     2.054
   23   7.1050e+04  -2.2490e+04   7.1050e+04   5797   2774     0      2      0      0      2   0.040   0.015   0.034   0.090     2.144
   24   7.1050e+04   7.0927e+04   7.1050e+04   5847   2774     0     50      0      0      0   0.040   0.063   0.032   0.136     2.281
   25   7.1050e+04   7.0927e+04   7.1028e+04   5847   2777     0      0      0      3      0   0.046   0.000   0.029   0.075     2.356
   26   7.1033e+04   7.0927e+04   7.1033e+04   5849   2759     0      2      0      0     18   0.044   0.014   0.029   0.088     2.444
   27   7.1033e+04   7.1010e+04   7.1033e+04   5860   2752     0     11      0      0      7   0.043   0.061   0.031   0.135     2.579
   28   7.1033e+04   7.1010e+04   7.1027e+04   5860   2760     0      0      0      8      0   0.041   0.000   0.028   0.070     2.649
   29   7.1027e+04   7.1010e+04   7.1027e+04   5867   2758     0      7      0      0      2   0.040   0.016   0.031   0.087     2.735
   30   7.1027e+04   7.1019e+04   7.1027e+04   5871   2747     0      4      0      0     11   0.040   0.062   0.032   0.134     2.869
   31   7.1027e+04   7.1019e+04   7.1027e+04   5871   2749     0      0      0      2      0   0.040   0.000   0.028   0.069     2.938
   32   7.1027e+04   7.1022e+04   7.1027e+04   5871   2749     0     *0      0      0      0   0.040   0.076   0.032   0.148     3.086
CG optimal after 32 iterations. UB=71026.500000 LB=71021.869800 gap=4.630e+00 tol=7.103e+00  t_LP=1.479  t_PR=0.634  t_SP=1.040  t_Tot=3.163
[bounded-pricing] enabled=0 fired=0 priced=16342 rate=0.0%

# === STDOUT (result CSV) ===
Setting parameter 'LpMethod' to 2
Setting parameter 'GPUMode' to 2
Setting parameter 'Presolve' to 0
Setting parameter 'Crossover' to 0
instance,formulation,iterations,columns,objective,lower_bound,optimal,time,time_lp,time_pricing,time_separation
data/intermodal/BUS-2632-0.txt.gz,tree,32,3243,71026.500000,71021.869800,1,3.289,1.479,0.634,1.040
