# cmd: /usr/bin/time -o /tmp/mcfcg_mem_sn8a6gcj.txt -f %M build/mcfcg_cli data/intermodal/SBT-56295-0.txt.gz --solver copt --copt-gpu-mode 0 --formulation tree --max-iters 10000 --strategy pricer-heavy --pricing-cutoff --time-limit 1800.0
# outcome: ok
# returncode: 0
# peak_rss_kb: 2019800
# peak_rss_source: measured
# === STDERR (CG iteration log + preamble) ===
Instance: 263559 vertices, 4725174 arcs, 56269 commodities, 56269 sources
Solver: copt (gpu-mode 0), formulation: tree
Pricing threads: 32 (auto)
Slack mode: CommodityRows (struct=56269, capped_arcs=4478154)
[lp-config] backend=copt version=8.0.1 method=barrier exec=CPU presolve=off crossover=off tol=0.0001 threads=auto(32)
   It           UB           LB       LP_obj   #col   #row  #slk   +col   -col   +cut   -cut    t_LP    t_PR    t_SP   t_Tot     t_acc
    1          inf         -inf   1.4398e+06 112538  56332   974      0      0     63      0   0.194   0.000   0.347   0.543     0.543
    2          inf         -inf   1.4541e+06 114364  56332  1658   1826      0      0      0   0.033   0.835   0.333   1.204     1.748
    3          inf         -inf   1.4482e+06 114364  56350     7      0      0     18      0   0.039   0.000   0.335   0.375     2.123
    4          inf         -inf   1.4484e+06 114364  56352    42      0      0      2      0   0.041   0.000   0.354   0.398     2.521
    5          inf         -inf   1.4484e+06 114416  56352    42     52      0      0      0   0.045   0.151   0.339   0.536     3.057
    6          inf   1.4445e+06   1.4488e+06 114986  56352    45    570      0      0      0   0.042  14.020   0.334  14.398    17.455
    7          inf   1.4445e+06   1.4479e+06 114986  56353     0      0      0      1      0   0.043   0.000   0.334   0.379    17.835
    8   1.4479e+06   1.4445e+06   1.4479e+06 115019  56312     0     33      0      0     41   0.043   0.155   0.334   0.534    18.369
    9   1.4479e+06   1.4445e+06   1.4479e+06 115019  56320     0      0      0      8      0   0.042   0.000   0.334   0.379    18.748
   10   1.4479e+06   1.4478e+06   1.4479e+06 115019  56320     0    *30      0      0      0   0.043  14.203   0.334  14.580    33.328
CG optimal after 10 iterations. UB=1447869.000000 LB=1447845.522451 gap=2.348e+01 tol=1.448e+02  t_LP=0.566  t_PR=44.055  t_SP=3.377  t_Tot=48.022
[pricing-cutoff] enabled=1 cut=112303 priced=171083 rate=65.6%

# === STDOUT (result CSV) ===
Setting parameter 'LpMethod' to 2
Setting parameter 'GPUMode' to 0
Setting parameter 'Presolve' to 0
Setting parameter 'Crossover' to 0
instance,formulation,iterations,columns,objective,lower_bound,optimal,time,time_lp,time_pricing,time_separation
data/intermodal/SBT-56295-0.txt.gz,tree,10,58750,1447869.000000,1447845.522451,1,49.056,0.566,44.055,3.377
