# cmd: /usr/bin/time -o /tmp/mcfcg_mem_sdyrv6tt.txt -f %M build/mcfcg_cli data/transportation/ChicagoRegional_net.tntp.gz --solver copt --copt-gpu-mode 2 --formulation tree --max-iters 10000 --time-limit 1800.0
# outcome: ok
# returncode: 0
# peak_rss_kb: 5832088
# peak_rss_source: measured
# === STDERR (CG iteration log + preamble) ===
TNTP: net=data/transportation/ChicagoRegional_net.tntp.gz trips=data/transportation/ChicagoRegional_trips.tntp.gz coef=4.1
Instance: 12982 vertices, 39018 arcs, 2297945 commodities, 1771 sources
Solver: copt (gpu-mode 2), formulation: tree
Pricing threads: 32 (auto)
Slack mode: CommodityRows (struct=1771, capped_arcs=39018)
[lp-config] backend=copt version=8.0.1 method=barrier exec=GPU presolve=off crossover=off tol=0.0001 threads=n/a(GPU)
   It           UB           LB       LP_obj   #col   #row  #slk   +col   -col   +cut   -cut    t_LP    t_PR    t_SP   t_Tot     t_acc
    1          inf   5.4984e+06   2.1129e+04   3542   1771  1757      0      0      0      0   0.342   0.456   0.003   0.801     0.801
    2          inf   5.4984e+06   2.0846e+05   3542   1771  1717      0      0      0      0   0.172   0.458   0.003   0.633     1.434
    3          inf   5.4984e+06   1.8320e+06   3542   1771  1324      0      0      0      0   0.163   0.468   0.004   0.636     2.070
    4          inf   5.4984e+06   5.3728e+06   3542   2014    24      0      0    243      0   0.158   0.469   0.011   0.639     2.709
    5          inf   5.4984e+06   7.6699e+06   5301   2025   567   1759      0     11      0   0.430   0.237   0.008   0.914     3.623
    6          inf   5.4984e+06   1.5972e+07   7060   2028   585   1759      0      3      0   0.590   0.234   0.014   1.083     4.706
    7          inf   5.4984e+06   2.7241e+07   8819   2033   513   1759      0      5      0   0.715   0.230   0.021   1.198     5.904
    8          inf   5.4984e+06   3.8959e+07  10579   2053   325   1760      0     20      0   0.745   0.232   0.027   1.239     7.143
    9          inf   5.4984e+06   5.0896e+07  12344   2062   313   1765      0      9      0   0.888   0.239   0.031   1.416     8.558
   10          inf   5.4984e+06   3.9714e+07  14021   2011   166   1762     85     28     79   1.014   0.234   0.041   1.643    10.201
   11          inf   5.4984e+06   6.7789e+06  14951   2055     2   1763    833     48      4   1.015   0.245   0.045   1.640    11.841
   12          inf   5.4984e+06   8.0070e+06  15593   2078    11   1761   1119     25      2   1.082   0.234   0.032   1.697    13.538
   13          inf   5.4984e+06   5.5328e+06  15878   2086     0   1761   1476     10      2   1.029   0.243   0.050   1.676    15.214
   14          inf   5.4984e+06   5.5272e+06  16307   2083     0   1756   1327      3      6   1.032   0.237   0.051   1.671    16.885
   15          inf   5.4984e+06   5.5231e+06  16758   2085     0   1756   1305      7      5   1.057   0.239   0.054   1.715    18.600
   16          inf   5.5006e+06   5.5204e+06  16884   2078     0   1756   1630      4     11   1.087   0.235   0.055   1.750    20.350
   17          inf   5.5042e+06   5.5188e+06  16555   2066     0   1756   2085      4     16   1.139   0.230   0.054   1.785    22.135
   18          inf   5.5042e+06   5.5175e+06  15534   2035     0   1753   2774      2     33   1.134   0.224   0.054   1.760    23.895
   19          inf   5.5082e+06   5.5163e+06  15270   2021     0   1750   2014      2     16   0.980   0.224   0.049   1.615    25.510
   20          inf   5.5098e+06   5.5156e+06  15306   2022     0   1749   1713      4      3   0.960   0.236   0.049   1.593    27.103
   21          inf   5.5098e+06   5.5150e+06  15442   2016     0   1746   1610      1      7   0.994   0.234   0.049   1.630    28.734
   22          inf   5.5098e+06   5.5145e+06  15724   2014     0   1740   1458      3      5   1.021   0.235   0.051   1.655    30.389
   23          inf   5.5104e+06   5.5142e+06  15879   2015     0   1742   1587      4      3   1.016   0.231   0.050   1.652    32.041
   24   5.5140e+06   5.5111e+06   5.5140e+06  16179   2012     0   1734   1434      0      3   1.080   0.229   0.052   1.704    33.745
   25   5.5140e+06   5.5113e+06   5.5139e+06  16094   2009     0   1734   1819      3      6   1.053   0.237   0.053   1.701    35.447
   26   5.5140e+06   5.5118e+06   5.5137e+06  16210   2008     0   1726   1610      2      3   1.061   0.235   0.052   1.702    37.149
   27   5.5140e+06   5.5118e+06   5.5136e+06  16262   2008     0   1723   1671      1      1   1.064   0.243   0.051   1.712    38.861
   28   5.5140e+06   5.5118e+06   5.5135e+06  16674   2008     0   1726   1314      1      1   1.042   0.238   0.052   1.682    40.544
   29   5.5140e+06   5.5118e+06   5.5134e+06  16512   2010     0   1712   1874      2      0   1.093   0.238   0.053   1.727    42.271
   30   5.5133e+06   5.5120e+06   5.5133e+06  17023   2010     0   1704   1193      0      0   1.058   0.236   0.056   1.683    43.954
   31   5.5133e+06   5.5121e+06   5.5133e+06  17521   2007     0   1684   1186      0      3   1.175   0.233   0.055   1.812    45.766
   32   5.5133e+06   5.5121e+06   5.5133e+06  17727   2007     0   1670   1464      1      1   1.070   0.238   0.056   1.736    47.502
   33   5.5132e+06   5.5122e+06   5.5132e+06  18030   2005     0   1653   1350      0      2   1.109   0.243   0.056   1.778    49.280
   34   5.5132e+06   5.5122e+06   5.5132e+06  18782   2004     0   1661    909      0      1   1.135   0.245   0.058   1.819    51.099
   35   5.5132e+06   5.5123e+06   5.5132e+06  19343   2003     0   1618   1057      0      1   1.186   0.242   0.059   1.871    52.970
   36   5.5132e+06   5.5123e+06   5.5132e+06  19497   2004     0   1566   1412      1      0   1.264   0.247   0.062   1.944    54.914
   37   5.5132e+06   5.5123e+06   5.5132e+06  20050   2003     0   1585   1032      0      1   1.281   0.250   0.062   1.995    56.908
   38   5.5132e+06   5.5123e+06   5.5132e+06  19825   2005     0   1522   1747      2      0   1.339   0.238   0.067   2.021    58.929
   39   5.5132e+06   5.5123e+06   5.5132e+06  20546   2005     0   1442    721      0      0   1.316   0.231   0.061   1.964    60.894
   40   5.5132e+06   5.5123e+06   5.5132e+06  20951   2006     0   1392    987      1      0   1.401   0.237   0.066   2.072    62.966
   41   5.5132e+06   5.5123e+06   5.5132e+06  21750   2007     0   1337    538      1      0   1.421   0.244   0.069   2.112    65.078
   42   5.5132e+06   5.5124e+06   5.5132e+06  22612   2006     0   1219    357      0      1   1.517   0.246   0.068   2.225    67.303
   43   5.5132e+06   5.5124e+06   5.5132e+06  22740   2006     0   1024    896      0      0   1.485   0.247   0.070   2.132    69.435
   44   5.5132e+06   5.5124e+06   5.5132e+06  23227   2006     0    842    355      0      0   1.547   0.236   0.073   2.174    71.610
   45   5.5132e+06   5.5124e+06   5.5132e+06  23551   2005     0    622    298      0      1   1.569   0.238   0.072   2.186    73.796
   46   5.5132e+06   5.5124e+06   5.5132e+06  23631   2004     0    372    292      0      1   1.594   0.245   0.078   2.207    76.003
   47   5.5132e+06   5.5124e+06   5.5132e+06  23834   2004     0    290     87      1      1   1.594   0.244   0.074   2.208    78.211
   48   5.5132e+06   5.5124e+06   5.5132e+06  23793   2004     0     21     62      0      0   1.549   0.243   0.072   2.094    80.305
   49   5.5132e+06   5.5124e+06   5.5132e+06  23726   2003     0      1     68      0      1   1.544   0.246   0.061   2.088    82.393
   50   5.5132e+06   5.5124e+06   5.5132e+06  23726   2003     0      0      0      0      0   1.595   0.486   0.062   2.143    84.536
CG optimal after 50 iterations. UB=5513156.286848 LB=5512374.797891 gap=7.815e+02 tol=5.513e+02  t_LP=53.908  t_PR=13.549  t_SP=2.480  t_Tot=85.049
[bounded-pricing] enabled=0 cut=0 priced=99176 rate=0.0%

# === STDOUT (result CSV) ===
Setting parameter 'LpMethod' to 2
Setting parameter 'GPUMode' to 2
Setting parameter 'Presolve' to 0
Setting parameter 'Crossover' to 0
instance,formulation,iterations,columns,objective,lower_bound,optimal,time,time_lp,time_pricing,time_separation
data/transportation/ChicagoRegional_net.tntp.gz,tree,50,21955,5513156.286848,5512374.797891,1,85.566,53.908,13.549,2.480
