# cmd: /usr/bin/time -o /tmp/mcfcg_mem_h3b_jmp1.txt -f %M build/mcfcg_cli data/transportation/BerlinCenter_net.tntp.gz --solver copt --copt-gpu-mode 2 --formulation tree --max-iters 10000 --time-limit 1800.0
# outcome: ok
# returncode: 0
# peak_rss_kb: 743608
# peak_rss_source: measured
# === STDERR (CG iteration log + preamble) ===
TNTP: net=data/transportation/BerlinCenter_net.tntp.gz trips=data/transportation/BerlinCenter_trips.tntp.gz coef=0.5
Instance: 12981 vertices, 28376 arcs, 49688 commodities, 865 sources
Solver: copt (gpu-mode 2), formulation: tree
Pricing threads: 32 (auto)
Slack mode: CommodityRows (struct=865, capped_arcs=28376)
[lp-config] backend=copt version=8.0.1 method=barrier exec=GPU presolve=off crossover=off tol=0.0001 threads=n/a(GPU)
   It           UB           LB       LP_obj   #col   #row  #slk   +col   -col   +cut   -cut    t_LP    t_PR    t_SP   t_Tot     t_acc
    1          inf   2.6118e+07   2.6017e+05   1730    865   853      0      0      0      0   0.355   0.076   0.003   0.434     0.434
    2          inf   2.6118e+07   2.4448e+06   1730    865   754      0      0      0      0   0.169   0.076   0.003   0.247     0.681
    3          inf   2.6118e+07   1.5789e+07   1730    891   303      0      0     26      0   0.161   0.072   0.003   0.236     0.916
    4          inf   2.6118e+07   4.0348e+07   2184   1138   237    454      0    247      0   0.168   0.041   0.003   0.217     1.133
    5          inf   2.6118e+07   1.0208e+08   2896   1185   376    712      0     47      0   0.242   0.044   0.003   0.297     1.430
    6          inf   2.6118e+07   3.1195e+08   3608   1251   303    746     34     66      0   0.265   0.045   0.003   0.323     1.753
    7          inf   2.6118e+07   7.6867e+08   4349   1299   254    741      0     48      0   0.286   0.046   0.004   0.344     2.097
    8          inf   2.6118e+07   1.4776e+09   5090   1365   193    741      0     66      0   0.333   0.046   0.004   0.391     2.487
    9          inf   2.6118e+07   2.1270e+09   5778   1402   158    745     57     37      0   0.390   0.044   0.004   0.451     2.938
   10          inf   2.6118e+07   1.7070e+09   6246   1384    94    743    275     26     44   0.475   0.038   0.004   0.533     3.472
   11          inf   2.6118e+07   1.4185e+09   6588   1418    47    719    377     38      4   0.461   0.047   0.005   0.530     4.001
   12          inf   2.6118e+07   5.3496e+08   6828   1448     7    717    477     46     16   0.476   0.047   0.004   0.546     4.547
   13          inf   2.6118e+07   1.1042e+09   7030   1476    15    710    508     41     13   0.508   0.051   0.005   0.582     5.129
   14          inf   2.6118e+07   3.6942e+08   7101   1482     1    683    612     28     22   0.605   0.045   0.005   0.674     5.803
   15          inf   2.6379e+07   2.8297e+07   7123   1484     0    680    658     19     17   0.532   0.046   0.005   0.600     6.403
   16          inf   2.6574e+07   2.8001e+07   7108   1489     0    678    693     13      8   0.509   0.046   0.005   0.579     6.982
   17          inf   2.7141e+07   2.7873e+07   7201   1480     0    660    567      8     17   0.526   0.049   0.006   0.598     7.580
   18          inf   2.7141e+07   2.7754e+07   7128   1465     0    659    732      6     21   0.521   0.049   0.006   0.595     8.175
   19          inf   2.7278e+07   2.7678e+07   6878   1432     0    618    868      7     40   0.536   0.048   0.005   0.608     8.782
   20          inf   2.7314e+07   2.7628e+07   6574   1388     0    617    921      4     48   0.533   0.049   0.005   0.604     9.387
   21          inf   2.7407e+07   2.7593e+07   6448   1362     0    541    667      2     28   0.459   0.049   0.005   0.530     9.916
   22          inf   2.7407e+07   2.7573e+07   6323   1356     0    468    593      8     14   0.433   0.042   0.005   0.496    10.412
   23          inf   2.7463e+07   2.7555e+07   6246   1343     0    474    551      5     18   0.394   0.050   0.005   0.465    10.877
   24          inf   2.7479e+07   2.7548e+07   6167   1339     0    474    553      6     10   0.396   0.049   0.005   0.465    11.343
   25   2.7543e+07   2.7501e+07   2.7543e+07   6168   1330     0    471    470      0      9   0.436   0.044   0.005   0.499    11.841
   26   2.7543e+07   2.7505e+07   2.7538e+07   6141   1329     0    429    456      1      2   0.410   0.040   0.005   0.470    12.312
   27   2.7543e+07   2.7512e+07   2.7533e+07   6133   1328     0    395    403      4      5   0.388   0.047   0.005   0.454    12.766
   28   2.7532e+07   2.7514e+07   2.7532e+07   6120   1326     0    405    418      0      2   0.432   0.046   0.005   0.497    13.263
   29   2.7530e+07   2.7521e+07   2.7530e+07   6066   1326     0    371    425      0      0   0.430   0.047   0.005   0.495    13.757
   30   2.7530e+07   2.7524e+07   2.7530e+07   6087   1322     0    379    358      0      4   0.430   0.049   0.006   0.499    14.257
   31   2.7530e+07   2.7527e+07   2.7529e+07   6087   1323     0   *329      0      1      0   0.438   0.051   0.005   0.494    14.751
CG optimal after 31 iterations. UB=27529700.791880 LB=27527357.323118 gap=2.343e+03 tol=2.753e+03  t_LP=12.700  t_PR=1.567  t_SP=0.141  t_Tot=14.799
[bounded-pricing] enabled=0 cut=0 priced=30275 rate=0.0%

# === STDOUT (result CSV) ===
Setting parameter 'LpMethod' to 2
Setting parameter 'GPUMode' to 2
Setting parameter 'Presolve' to 0
Setting parameter 'Crossover' to 0
instance,formulation,iterations,columns,objective,lower_bound,optimal,time,time_lp,time_pricing,time_separation
data/transportation/BerlinCenter_net.tntp.gz,tree,31,5222,27529700.791880,27527357.323118,1,14.851,12.700,1.567,0.141
