# cmd: /usr/bin/time -o /tmp/mcfcg_mem_jds4uxj2.txt -f %M build/mcfcg_cli data/transportation/ChicagoSketch_net.tntp.gz --solver copt --copt-gpu-mode 2 --formulation tree --max-iters 10000 --time-limit 1800.0
# outcome: ok
# returncode: 0
# peak_rss_kb: 523292
# peak_rss_source: measured
# === STDERR (CG iteration log + preamble) ===
TNTP: net=data/transportation/ChicagoSketch_net.tntp.gz trips=data/transportation/ChicagoSketch_trips.tntp.gz coef=2.4
Instance: 933 vertices, 2950 arcs, 93513 commodities, 386 sources
Solver: copt (gpu-mode 2), formulation: tree
Pricing threads: 32 (auto)
Slack mode: CommodityRows (struct=386, capped_arcs=2950)
[lp-config] backend=copt version=8.0.1 method=barrier exec=GPU presolve=off crossover=off tol=0.0001 threads=n/a(GPU)
   It           UB           LB       LP_obj   #col   #row  #slk   +col   -col   +cut   -cut    t_LP    t_PR    t_SP   t_Tot     t_acc
    1          inf   6.6870e+06   9.6191e+03    772    386   386      0      0      0      0   0.239   0.008   0.000   0.248     0.248
    2          inf   6.6870e+06   9.6191e+04    772    386   386      0      0      0      0   0.026   0.009   0.000   0.035     0.283
    3          inf   6.6870e+06   9.1394e+05    772    386   339      0      0      0      0   0.026   0.008   0.000   0.035     0.318
    4          inf   6.6870e+06   5.1857e+06    772    396    99      0      0     10      0   0.026   0.009   0.000   0.035     0.353
    5          inf   6.6870e+06   1.1395e+07   1119    408   109    347      0     12      0   0.037   0.004   0.000   0.046     0.399
    6          inf   6.6870e+06   7.7027e+06   1446    425    25    339     12     17      0   0.050   0.005   0.001   0.060     0.459
    7          inf   6.6870e+06   8.2942e+06   1826    429    37    380      0      4      0   0.061   0.005   0.001   0.072     0.531
    8          inf   6.6870e+06   8.0027e+06   2204    434     6    378      0      5      0   0.068   0.005   0.001   0.079     0.610
    9          inf   6.6870e+06   6.7167e+06   2581    435     0    377      0      1      0   0.079   0.005   0.001   0.089     0.698
   10          inf   6.6977e+06   6.7108e+06   2903    435     0    374     52      1      1   0.074   0.005   0.001   0.087     0.786
   11   6.7073e+06   6.7035e+06   6.7073e+06   3113    434     0    359    149      0      1   0.075   0.005   0.001   0.088     0.874
   12   6.7065e+06   6.7047e+06   6.7065e+06   3169    432     0    326    270      0      2   0.074   0.005   0.001   0.087     0.961
   13   6.7065e+06   6.7054e+06   6.7061e+06   3108    429     0    309    370      1      4   0.076   0.004   0.002   0.088     1.049
   14   6.7059e+06   6.7054e+06   6.7059e+06   3108    429     0   *225      0      0      0   0.077   0.004   0.001   0.083     1.132
CG optimal after 14 iterations. UB=6705940.401858 LB=6705421.631723 gap=5.188e+02 tol=6.706e+02  t_LP=0.990  t_PR=0.090  t_SP=0.011  t_Tot=1.142
[bounded-pricing] enabled=0 fired=0 priced=7334 rate=0.0%

# === STDOUT (result CSV) ===
Setting parameter 'LpMethod' to 2
Setting parameter 'GPUMode' to 2
Setting parameter 'Presolve' to 0
Setting parameter 'Crossover' to 0
instance,formulation,iterations,columns,objective,lower_bound,optimal,time,time_lp,time_pricing,time_separation
data/transportation/ChicagoSketch_net.tntp.gz,tree,14,2722,6705940.401858,6705421.631723,1,1.159,0.990,0.090,0.011
