# cmd: /usr/bin/time -o /tmp/mcfcg_mem_q5pby861.txt -f %M build/mcfcg_cli data/transportation/Winnipeg_net.tntp.gz --solver copt --copt-gpu-mode 2 --formulation tree --max-iters 10000 --time-limit 1800.0
# outcome: ok
# returncode: 0
# peak_rss_kb: 503868
# peak_rss_source: measured
# === STDERR (CG iteration log + preamble) ===
TNTP: net=data/transportation/Winnipeg_net.tntp.gz trips=data/transportation/Winnipeg_trips.tntp.gz coef=2000.0
Instance: 1052 vertices, 2836 arcs, 4345 commodities, 135 sources
Solver: copt (gpu-mode 2), formulation: tree
Pricing threads: 32 (auto)
Slack mode: CommodityRows (struct=135, capped_arcs=2836)
[lp-config] backend=copt version=8.0.1 method=barrier exec=GPU presolve=off crossover=off tol=0.0001 threads=n/a(GPU)
   It           UB           LB       LP_obj   #col   #row  #slk   +col   -col   +cut   -cut    t_LP    t_PR    t_SP   t_Tot     t_acc
    1          inf   3.9643e+02   3.7371e+02    270    270     6      0      0    135      0   0.346   0.003   0.000   0.348     0.348
    2          inf   3.9643e+02   6.0255e+02    386    278    42    116      0      8      0   0.187   0.001   0.000   0.189     0.538
    3          inf   3.9643e+02   1.5701e+03    507    280    49    121      0      2      0   0.175   0.001   0.000   0.177     0.715
    4          inf   3.9643e+02   1.5336e+03    627    325    32    120      0     45      0   0.189   0.001   0.000   0.191     0.906
    5          inf   3.9643e+02   2.7161e+03    751    331    29    124      0      6      0   0.192   0.001   0.000   0.195     1.101
    6          inf   3.9643e+02   1.5587e+03    875    360    16    124      0     29      0   0.204   0.001   0.000   0.206     1.307
    7          inf   3.9643e+02   3.1884e+03    999    301    20    132      8      8     67   0.216   0.001   0.000   0.220     1.527
    8          inf   3.9643e+02   6.3601e+02   1079    330     2    126     46     40     11   0.221   0.001   0.000   0.224     1.751
    9          inf   3.9643e+02   1.8570e+03   1133    338     3    128     74      9      1   0.220   0.001   0.000   0.223     1.975
   10          inf   3.9643e+02   4.5033e+02   1182    320     0    121     72      9     27   0.249   0.002   0.000   0.253     2.227
   11          inf   3.9643e+02   4.4395e+02   1220    317     0    123     85      5      8   0.228   0.001   0.000   0.232     2.459
   12          inf   4.0310e+02   4.3689e+02   1243    303     0    120     97      1     15   0.229   0.001   0.001   0.233     2.692
   13          inf   4.0732e+02   4.3186e+02   1272    304     0    116     87      3      2   0.219   0.001   0.000   0.223     2.915
   14          inf   4.0732e+02   4.2894e+02   1238    280     0    115    149      8     32   0.221   0.001   0.000   0.225     3.140
   15          inf   4.0732e+02   4.2716e+02   1169    267     0    120    189      2     15   0.217   0.001   0.000   0.220     3.360
   16          inf   4.0898e+02   4.2585e+02   1135    257     0    115    149      1     11   0.204   0.001   0.000   0.208     3.568
   17   4.2479e+02   4.1731e+02   4.2479e+02   1130    246     0    111    116      0     11   0.203   0.001   0.000   0.207     3.774
   18   4.2479e+02   4.1731e+02   4.2313e+02   1113    244     0    105    122      2      4   0.197   0.001   0.000   0.201     3.975
   19   4.2479e+02   4.1731e+02   4.2234e+02   1110    244     0    112    115      3      3   0.199   0.001   0.000   0.202     4.177
   20   4.2479e+02   4.1735e+02   4.2167e+02   1115    242     0    101     96      1      3   0.204   0.001   0.000   0.207     4.384
   21   4.2479e+02   4.1838e+02   4.2119e+02   1068    241     0     92    139      1      2   0.206   0.001   0.000   0.210     4.594
   22   4.2479e+02   4.1928e+02   4.2086e+02   1037    243     0     84    115      2      0   0.202   0.001   0.000   0.206     4.799
   23   4.2065e+02   4.1934e+02   4.2065e+02   1024    240     0     83     96      0      3   0.197   0.001   0.000   0.201     5.000
   24   4.2047e+02   4.1934e+02   4.2047e+02   1008    240     0     84    100      0      0   0.205   0.001   0.000   0.208     5.208
   25   4.2047e+02   4.1968e+02   4.2041e+02    954    240     0     63    117      1      1   0.207   0.001   0.000   0.210     5.418
   26   4.2031e+02   4.1968e+02   4.2031e+02    928    238     0     57     83      0      2   0.200   0.001   0.000   0.204     5.622
   27   4.2031e+02   4.1989e+02   4.2027e+02    861    238     0     42    109      2      2   0.208   0.001   0.000   0.211     5.833
   28   4.2031e+02   4.1995e+02   4.2021e+02    812    237     0     29     78      1      2   0.205   0.001   0.000   0.208     6.041
   29   4.2018e+02   4.2003e+02   4.2018e+02    764    237     0     18     66      0      0   0.205   0.001   0.000   0.208     6.249
   30   4.2018e+02   4.2005e+02   4.2018e+02    680    237     0     11     95      0      0   0.207   0.001   0.000   0.209     6.458
   31   4.2017e+02   4.2005e+02   4.2017e+02    660    237     0     43     63      0      0   0.198   0.001   0.000   0.200     6.659
   32   4.2017e+02   4.2007e+02   4.2017e+02    608    235     0      3     55      0      2   0.201   0.001   0.000   0.204     6.862
   33   4.2017e+02   4.2007e+02   4.2017e+02    572    233     0      5     41      0      2   0.207   0.001   0.000   0.210     7.072
   34   4.2017e+02   4.2008e+02   4.2017e+02    572    233     0      0      0      0      0   0.200   0.003   0.000   0.203     7.275
CG optimal after 34 iterations. UB=420.170948 LB=420.076126 gap=9.482e-02 tol=4.202e-02  t_LP=7.170  t_PR=0.053  t_SP=0.013  t_Tot=7.283
[bounded-pricing] enabled=0 cut=0 priced=4995 rate=0.0%

# === STDOUT (result CSV) ===
Setting parameter 'LpMethod' to 2
Setting parameter 'GPUMode' to 2
Setting parameter 'Presolve' to 0
Setting parameter 'Crossover' to 0
instance,formulation,iterations,columns,objective,lower_bound,optimal,time,time_lp,time_pricing,time_separation
data/transportation/Winnipeg_net.tntp.gz,tree,34,437,420.170948,420.076126,1,7.306,7.170,0.053,0.013
