# cmd: /usr/bin/time -o /tmp/mcfcg_mem__m898mxp.txt -f %M build/mcfcg_cli data/intermodal/SBT-56295-0.txt.gz --solver copt --copt-gpu-mode 2 --formulation tree --max-iters 10000 --strategy pricer-heavy --bounded-pricing --time-limit 1800.0
# outcome: ok
# returncode: 0
# peak_rss_kb: 2444148
# peak_rss_source: measured
# === STDERR (CG iteration log + preamble) ===
Instance: 263559 vertices, 4725174 arcs, 56269 commodities, 56269 sources
Solver: copt (gpu-mode 2), formulation: tree
Pricing threads: 32 (auto)
Slack mode: CommodityRows (struct=56269, capped_arcs=4478154)
[lp-config] backend=copt version=8.0.1 method=barrier exec=GPU presolve=off crossover=off tol=0.0001 threads=n/a(GPU)
   It           UB           LB       LP_obj   #col   #row  #slk   +col   -col   +cut   -cut    t_LP    t_PR    t_SP   t_Tot     t_acc
    1          inf         -inf   1.4398e+06 112538  56332   974      0      0     63      0   0.566   0.000   0.349   0.917     0.917
    2          inf         -inf   1.4541e+06 114364  56332  1658   1826      0      0      0   0.189   0.863   0.345   1.400     2.317
    3          inf         -inf   1.4482e+06 114364  56350     7      0      0     18      0   0.197   0.000   0.354   0.553     2.870
    4          inf         -inf   1.4484e+06 114364  56352    42      0      0      2      0   0.197   0.000   0.340   0.538     3.409
    5          inf         -inf   1.4484e+06 114416  56352    42     52      0      0      0   0.204   0.152   0.341   0.698     4.106
    6          inf   1.4445e+06   1.4488e+06 114986  56352    45    570      0      0      0   0.196  14.620   0.343  15.161    19.267
    7          inf   1.4445e+06   1.4479e+06 114986  56353     0      0      0      1      0   0.196   0.000   0.342   0.540    19.807
    8   1.4479e+06   1.4445e+06   1.4479e+06 115019  56312     0     33      0      0     41   0.198   0.156   0.344   0.700    20.506
    9   1.4479e+06   1.4445e+06   1.4479e+06 115019  56320     0      0      0      8      0   0.193   0.000   0.343   0.538    21.044
   10   1.4479e+06   1.4478e+06   1.4479e+06 115019  56320     0    *30      0      0      0   0.197  14.725   0.342  15.265    36.309
CG optimal after 10 iterations. UB=1447869.000000 LB=1447845.522451 gap=2.348e+01 tol=1.448e+02  t_LP=2.332  t_PR=45.437  t_SP=3.441  t_Tot=51.234
[bounded-pricing] enabled=1 cut=112303 priced=171083 rate=65.6%

# === STDOUT (result CSV) ===
Setting parameter 'LpMethod' to 2
Setting parameter 'GPUMode' to 2
Setting parameter 'Presolve' to 0
Setting parameter 'Crossover' to 0
instance,formulation,iterations,columns,objective,lower_bound,optimal,time,time_lp,time_pricing,time_separation
data/intermodal/SBT-56295-0.txt.gz,tree,10,58750,1447869.000000,1447845.522451,1,52.317,2.332,45.437,3.441
