# cmd: /usr/bin/time -o /tmp/mcfcg_mem_14owme5h.txt -f %M build/mcfcg_cli data/intermodal/BUS-18424-0.txt.gz --solver copt --copt-gpu-mode 2 --formulation tree --max-iters 10000 --strategy pricer-heavy --bounded-pricing --time-limit 1800.0
# outcome: ok
# returncode: 0
# peak_rss_kb: 1077384
# peak_rss_source: measured
# === STDERR (CG iteration log + preamble) ===
Instance: 151455 vertices, 1338522 arcs, 18388 commodities, 18388 sources
Solver: copt (gpu-mode 2), formulation: tree
Pricing threads: 32 (auto)
Slack mode: CommodityRows (struct=18388, capped_arcs=1151624)
[lp-config] backend=copt version=8.0.1 method=barrier exec=GPU presolve=off crossover=off tol=0.0001 threads=n/a(GPU)
   It           UB           LB       LP_obj   #col   #row  #slk   +col   -col   +cut   -cut    t_LP    t_PR    t_SP   t_Tot     t_acc
    1          inf         -inf   4.7151e+05  36776  18454  1078      0      0     66      0   0.376   0.000   0.095   0.471     0.471
    2          inf         -inf   4.7582e+05  37652  18454  1435    876      0      0      0   0.047   0.124   0.092   0.266     0.737
    3          inf         -inf   4.8678e+05  37652  18496   136      0      0     42      0   0.052   0.000   0.092   0.145     0.882
    4          inf         -inf   4.8820e+05  37652  18498   237      0      0      2      0   0.061   0.000   0.091   0.153     1.035
    5          inf         -inf   4.8824e+05  37727  18498   240     75      0      0      0   0.062   0.041   0.091   0.195     1.230
    6          inf         -inf   5.0369e+05  37727  18505   225      0      0      7      0   0.064   0.000   0.091   0.155     1.385
    7          inf         -inf   5.0370e+05  37823  18482   227     96      0      0     23   0.064   0.046   0.090   0.201     1.586
    8          inf         -inf   5.4388e+05  37823  18483   194      0      0      1      0   0.063   0.000   0.090   0.154     1.740
    9          inf         -inf   5.4388e+05  37855  18453   195     32      0      0     30   0.061   0.043   0.090   0.196     1.936
   10          inf         -inf   5.7440e+05  37855  18456   210      0      0      3      0   0.064   0.000   0.091   0.156     2.091
   11          inf         -inf   5.7440e+05  37900  18454   211     45      0      0      2   0.064   0.041   0.091   0.198     2.289
   12          inf         -inf   6.8765e+05  37900  18462   178      0      0      8      0   0.065   0.000   0.090   0.156     2.445
   13          inf         -inf   6.8765e+05  38046  18456   178    146      0      0      6   0.064   0.070   0.091   0.227     2.672
   14          inf         -inf   8.0287e+05  38046  18467   116      0      0     11      0   0.059   0.000   0.090   0.150     2.822
   15          inf         -inf   8.0292e+05  38131  18466   124     85      0      0      1   0.067   0.060   0.091   0.219     3.041
   16          inf         -inf   7.7682e+05  38131  18470   129      0      0      4      0   0.067   0.000   0.091   0.159     3.200
   17          inf         -inf   7.7686e+05  38247  18465   132    116      0      0      5   0.066   0.052   0.091   0.210     3.410
   18          inf         -inf   1.2151e+06  38247  18467    95      0      0      2      0   0.067   0.000   0.091   0.159     3.569
   19          inf         -inf   1.2151e+06  38294  18453    96     47      0      0     14   0.066   0.042   0.093   0.202     3.771
   20          inf         -inf   1.9710e+06  38294  18466    95      0      0     13      0   0.062   0.000   0.091   0.154     3.925
   21          inf         -inf   1.9710e+06  38363  18460    95     69      0      0      6   0.060   0.059   0.090   0.211     4.136
   22          inf         -inf   1.9202e+06  38363  18462    73      0      0      2      0   0.068   0.000   0.090   0.159     4.294
   23          inf  -2.9708e+06   1.9202e+06  39028  18457    73    665      0      0      5   0.068   0.748   0.091   0.909     5.203
   24          inf  -2.9708e+06   4.8509e+05  39028  18477     0      0      0     20      0   0.068   0.000   0.091   0.160     5.363
   25          inf  -2.9708e+06   4.8517e+05  39028  18478     2      0      0      1      0   0.073   0.000   0.090   0.165     5.528
   26          inf  -2.9708e+06   4.8517e+05  39042  18475     2     14      0      0      3   0.074   0.042   0.091   0.208     5.736
   27   4.8517e+05   4.8448e+05   4.8517e+05  39293  18472     0    251      0      0      3   0.073   0.719   0.090   0.884     6.620
   28   4.8517e+05   4.8448e+05   4.8503e+05  39293  18474     0      0      0      2      0   0.074   0.000   0.090   0.165     6.785
   29   4.8517e+05   4.8448e+05   4.8503e+05  39293  18475     0      0      0      1      0   0.074   0.000   0.091   0.166     6.951
   30   4.8503e+05   4.8448e+05   4.8503e+05  39294  18456     0      1      0      0     19   0.076   0.040   0.090   0.207     7.158
   31   4.8503e+05   4.8448e+05   4.8503e+05  39294  18459     0      0      0      3      0   0.070   0.000   0.090   0.161     7.318
   32   4.8503e+05   4.8501e+05   4.8503e+05  39294  18459     0    *25      0      0      0   0.073   0.731   0.091   0.894     8.213
CG optimal after 32 iterations. UB=485032.000322 LB=485007.798403 gap=2.420e+01 tol=4.850e+01  t_LP=2.412  t_PR=3.601  t_SP=2.911  t_Tot=8.955
[bounded-pricing] enabled=1 fired=55124 priced=76055 rate=72.5%

# === STDOUT (result CSV) ===
Setting parameter 'LpMethod' to 2
Setting parameter 'GPUMode' to 2
Setting parameter 'Presolve' to 0
Setting parameter 'Crossover' to 0
instance,formulation,iterations,columns,objective,lower_bound,optimal,time,time_lp,time_pricing,time_separation
data/intermodal/BUS-18424-0.txt.gz,tree,32,20906,485032.000322,485007.798403,1,9.292,2.412,3.601,2.911
