# cmd: /usr/bin/time -o /tmp/mcfcg_mem_t8ndnnqf.txt -f %M build/mcfcg_cli data/intermodal/BUS-7896-0.txt.gz --solver copt --copt-gpu-mode 2 --formulation tree --max-iters 10000 --strategy pricer-heavy --bounded-pricing --time-limit 1800.0
# outcome: ok
# returncode: 0
# peak_rss_kb: 807936
# peak_rss_source: measured
# === STDERR (CG iteration log + preamble) ===
Instance: 130395 vertices, 710935 arcs, 7883 commodities, 7883 sources
Solver: copt (gpu-mode 2), formulation: tree
Pricing threads: 32 (auto)
Slack mode: CommodityRows (struct=7883, capped_arcs=524037)
[lp-config] backend=copt version=8.0.1 method=barrier exec=GPU presolve=off crossover=off tol=0.0001 threads=n/a(GPU)
   It           UB           LB       LP_obj   #col   #row  #slk   +col   -col   +cut   -cut    t_LP    t_PR    t_SP   t_Tot     t_acc
    1          inf         -inf   2.0473e+05  15766   7960   475      0      0     77      0   0.264   0.000   0.050   0.314     0.314
    2          inf         -inf   2.0647e+05  16206   7960   631    440      0      0      0   0.037   0.049   0.052   0.139     0.453
    3          inf         -inf   2.1121e+05  16206   8031    48      0      0     71      0   0.042   0.000   0.049   0.092     0.545
    4          inf         -inf   2.1215e+05  16206   8035   112      0      0      4      0   0.047   0.000   0.049   0.096     0.642
    5          inf         -inf   2.1217e+05  16255   8035   112     49      0      0      0   0.046   0.023   0.048   0.117     0.759
    6          inf         -inf   2.2155e+05  16255   8036   111      0      0      1      0   0.044   0.000   0.051   0.095     0.854
    7          inf         -inf   2.2155e+05  16275   8011   111     20      0      0     25   0.044   0.022   0.049   0.116     0.971
    8          inf         -inf   2.4088e+05  16275   8013    82      0      0      2      0   0.048   0.000   0.049   0.097     1.068
    9          inf         -inf   2.4093e+05  16294   7967    86     19      0      0     46   0.051   0.027   0.050   0.128     1.196
   10          inf   1.3301e+04   2.5544e+05  16796   7967    80    502      0      0      0   0.052   0.209   0.050   0.311     1.508
   11          inf   1.3301e+04   2.1053e+05  16796   8008     0      0      0     41      0   0.047   0.000   0.049   0.096     1.604
   12          inf   1.3301e+04   2.1075e+05  16796   8019     3      0      0     11      0   0.056   0.000   0.049   0.105     1.709
   13          inf   1.3301e+04   2.1082e+05  16796   8020     5      0      0      1      0   0.053   0.000   0.054   0.108     1.817
   14          inf   1.3301e+04   2.1083e+05  16798   8006     6      2      0      0     14   0.056   0.027   0.057   0.142     1.959
   15          inf   1.9844e+05   2.1135e+05  17080   8005     5    282      0      0      1   0.055   0.218   0.056   0.330     2.289
   16          inf   1.9844e+05   2.1060e+05  17080   8013     0      0      0      8      0   0.053   0.000   0.049   0.102     2.391
   17   2.1060e+05   1.9844e+05   2.1060e+05  17085   7977     0      5      0      0     36   0.056   0.022   0.050   0.128     2.519
   18   2.1060e+05   1.9844e+05   2.1060e+05  17085   7980     0      0      0      3      0   0.050   0.000   0.049   0.099     2.618
   19   2.1060e+05   2.1051e+05   2.1060e+05  17154   7974     0     69      0      0      6   0.050   0.226   0.049   0.326     2.944
   20   2.1060e+05   2.1059e+05   2.1060e+05  17154   7974     0    *24      0      0      0   0.049   0.204   0.049   0.302     3.246
CG optimal after 20 iterations. UB=210595.000061 LB=210590.316884 gap=4.683e+00 tol=2.106e+01  t_LP=1.201  t_PR=1.260  t_SP=1.006  t_Tot=3.479
[bounded-pricing] enabled=1 fired=30979 priced=40274 rate=76.9%

# === STDOUT (result CSV) ===
Setting parameter 'LpMethod' to 2
Setting parameter 'GPUMode' to 2
Setting parameter 'Presolve' to 0
Setting parameter 'Crossover' to 0
instance,formulation,iterations,columns,objective,lower_bound,optimal,time,time_lp,time_pricing,time_separation
data/intermodal/BUS-7896-0.txt.gz,tree,20,9271,210595.000061,210590.316884,1,3.667,1.201,1.260,1.006
