# cmd: /usr/bin/time -o /tmp/mcfcg_mem_a3rd7dj3.txt -f %M build/mcfcg_cli data/intermodal/BUS-2632-0.txt.gz --solver copt --copt-gpu-mode 2 --formulation tree --max-iters 10000 --strategy pricer-heavy --bounded-pricing --time-limit 1800.0
# outcome: ok
# returncode: 0
# peak_rss_kb: 705012
# peak_rss_source: measured
# === STDERR (CG iteration log + preamble) ===
Instance: 119865 vertices, 397362 arcs, 2628 commodities, 2628 sources
Solver: copt (gpu-mode 2), formulation: tree
Pricing threads: 32 (auto)
Slack mode: CommodityRows (struct=2628, capped_arcs=210464)
[lp-config] backend=copt version=8.0.1 method=barrier exec=GPU presolve=off crossover=off tol=0.0001 threads=n/a(GPU)
   It           UB           LB       LP_obj   #col   #row  #slk   +col   -col   +cut   -cut    t_LP    t_PR    t_SP   t_Tot     t_acc
    1          inf         -inf   6.8906e+04   5256   2722   161      0      0     94      0   0.357   0.000   0.032   0.390     0.390
    2          inf         -inf   6.9679e+04   5424   2722   229    168      0      0      0   0.167   0.024   0.035   0.226     0.616
    3          inf         -inf   7.1144e+04   5424   2793    14      0      0     71      0   0.159   0.000   0.034   0.194     0.810
    4          inf         -inf   7.2231e+04   5551   2793    45    127      0      0      0   0.164   0.029   0.035   0.228     1.038
    5          inf         -inf   7.4178e+04   5551   2814    15      0      0     21      0   0.171   0.000   0.036   0.207     1.246
    6          inf         -inf   7.4293e+04   5551   2816    21      0      0      2      0   0.169   0.000   0.036   0.206     1.452
    7          inf         -inf   7.4301e+04   5557   2798    23      6      0      0     18   0.171   0.020   0.036   0.227     1.679
    8          inf         -inf   7.6376e+04   5557   2799    20      0      0      1      0   0.171   0.000   0.037   0.208     1.886
    9          inf         -inf   7.6377e+04   5565   2780    21      8      0      0     19   0.167   0.019   0.036   0.223     2.109
   10          inf         -inf   7.7485e+04   5565   2790    19      0      0     10      0   0.167   0.000   0.036   0.203     2.312
   11          inf         -inf   7.7514e+04   5576   2753    21     11      0      0     37   0.170   0.020   0.036   0.226     2.538
   12          inf         -inf   9.7671e+04   5576   2756    21      0      0      3      0   0.169   0.000   0.035   0.205     2.743
   13          inf         -inf   9.7676e+04   5586   2755    22     10      0      0      1   0.170   0.020   0.036   0.227     2.969
   14          inf         -inf   1.0438e+05   5586   2758    19      0      0      3      0   0.169   0.000   0.035   0.204     3.174
   15          inf  -1.9082e+04   1.0438e+05   5771   2756    19    185      0      0      2   0.169   0.095   0.036   0.301     3.475
   16          inf  -1.9082e+04   7.1050e+04   5771   2781     0      0      0     25      0   0.176   0.000   0.034   0.210     3.685
   17          inf  -1.9082e+04   7.1058e+04   5771   2786     0      0      0      5      0   0.180   0.000   0.035   0.215     3.900
   18   7.1058e+04  -1.9082e+04   7.1058e+04   5779   2782     0      8      0      0      4   0.178   0.020   0.035   0.232     4.132
   19   7.1056e+04   7.0895e+04   7.1056e+04   5841   2781     0     62      0      0      1   0.173   0.070   0.035   0.279     4.411
   20   7.1056e+04   7.0895e+04   7.1032e+04   5841   2788     0      0      0      7      0   0.171   0.000   0.033   0.205     4.616
   21   7.1032e+04   7.1002e+04   7.1032e+04   5863   2766     0     22      0      0     22   0.174   0.088   0.036   0.299     4.915
   22   7.1032e+04   7.1002e+04   7.1027e+04   5863   2773     0      0      0      7      0   0.170   0.000   0.032   0.203     5.118
   23   7.1027e+04   7.1002e+04   7.1027e+04   5865   2768     0      2      0      0      5   0.175   0.020   0.036   0.231     5.349
   24   7.1027e+04   7.1023e+04   7.1027e+04   5865   2768     0     *4      0      0      0   0.171   0.067   0.036   0.275     5.623
CG optimal after 24 iterations. UB=71026.500108 LB=71022.844422 gap=3.656e+00 tol=7.103e+00  t_LP=4.279  t_PR=0.572  t_SP=0.844  t_Tot=5.705
[bounded-pricing] enabled=1 cut=10409 priced=13650 rate=76.3%

# === STDOUT (result CSV) ===
Setting parameter 'LpMethod' to 2
Setting parameter 'GPUMode' to 2
Setting parameter 'Presolve' to 0
Setting parameter 'Crossover' to 0
instance,formulation,iterations,columns,objective,lower_bound,optimal,time,time_lp,time_pricing,time_separation
data/intermodal/BUS-2632-0.txt.gz,tree,24,3237,71026.500108,71022.844422,1,5.843,4.279,0.572,0.844
